Copyright 1986-2021 Xilinx, Inc. All Rights Reserved.
--------------------------------------------------------------------------------------------------------------------------------------------------------------------------------------------------------
| Tool Version : Vivado v.2021.1 (win64) Build 3247384 Thu Jun 10 19:36:33 MDT 2021
| Date         : normalized
| Host         : normalized
| Command      : report_timing_summary -delay_type max -max_paths 10 -file <output_dir>/css_sf7_sequential_detector_post_route_timing_summary.rpt
| Design       : css_sf7_sequential_detector
| Device       : 7z020-clg400
| Speed File   : -2  PRODUCTION 1.12 2019-11-22
--------------------------------------------------------------------------------------------------------------------------------------------------------------------------------------------------------

Timing Summary Report

------------------------------------------------------------------------------------------------
| Timer Settings
| --------------
------------------------------------------------------------------------------------------------

  Enable Multi Corner Analysis               :  Yes
  Enable Pessimism Removal                   :  Yes
  Pessimism Removal Resolution               :  Nearest Common Node
  Enable Input Delay Default Clock           :  No
  Enable Preset / Clear Arcs                 :  No
  Disable Flight Delays                      :  No
  Ignore I/O Paths                           :  No
  Timing Early Launch at Borrowing Latches   :  No
  Borrow Time for Max Delay Exceptions       :  Yes
  Merge Timing Exceptions                    :  Yes

  Corner  Analyze    Analyze
  Name    Max Paths  Min Paths
  ------  ---------  ---------
  Slow    Yes        Yes
  Fast    Yes        Yes


------------------------------------------------------------------------------------------------
| Report Methodology
| ------------------
------------------------------------------------------------------------------------------------

No report available as report_methodology has not been run prior. Run report_methodology on the current design for the summary of methodology violations.



check_timing report

Table of Contents
-----------------
1. checking no_clock (0)
2. checking constant_clock (0)
3. checking pulse_width_clock (0)
4. checking unconstrained_internal_endpoints (0)
5. checking no_input_delay (34)
6. checking no_output_delay (161)
7. checking multiple_clock (0)
8. checking generated_clocks (0)
9. checking loops (0)
10. checking partial_input_delay (0)
11. checking partial_output_delay (0)
12. checking latch_loops (0)

1. checking no_clock (0)
------------------------
 There are 0 register/latch pins with no clock.


2. checking constant_clock (0)
------------------------------
 There are 0 register/latch pins with constant_clock.


3. checking pulse_width_clock (0)
---------------------------------
 There are 0 register/latch pins which need pulse_width check


4. checking unconstrained_internal_endpoints (0)
------------------------------------------------
 There are 0 pins that are not constrained for maximum delay.

 There are 0 pins that are not constrained for maximum delay due to constant clock.


5. checking no_input_delay (34)
-------------------------------
 There are 34 input ports with no input delay specified. (HIGH)

 There are 0 input ports with no input delay but user has a false path constraint.


6. checking no_output_delay (161)
---------------------------------
 There are 161 ports with no output delay specified. (HIGH)

 There are 0 ports with no output delay but user has a false path constraint

 There are 0 ports with no output delay but with a timing clock defined on it or propagating through it


7. checking multiple_clock (0)
------------------------------
 There are 0 register/latch pins with multiple clocks.


8. checking generated_clocks (0)
--------------------------------
 There are 0 generated clocks that are not connected to a clock source.


9. checking loops (0)
---------------------
 There are 0 combinational loops in the design.


10. checking partial_input_delay (0)
------------------------------------
 There are 0 input ports with partial input delay specified.


11. checking partial_output_delay (0)
-------------------------------------
 There are 0 ports with partial output delay specified.


12. checking latch_loops (0)
----------------------------
 There are 0 combinational latch loops in the design through latch input



------------------------------------------------------------------------------------------------
| Design Timing Summary
| ---------------------
------------------------------------------------------------------------------------------------

    WNS(ns)      TNS(ns)  TNS Failing Endpoints  TNS Total Endpoints     WPWS(ns)     TPWS(ns)  TPWS Failing Endpoints  TPWS Total Endpoints
    -------      -------  ---------------------  -------------------     --------     --------  ----------------------  --------------------
      0.526        0.000                      0                 2142        3.870        0.000                       0                   513


All user specified timing constraints are met.


------------------------------------------------------------------------------------------------
| Clock Summary
| -------------
------------------------------------------------------------------------------------------------

Clock  Waveform(ns)       Period(ns)      Frequency(MHz)
-----  ------------       ----------      --------------
clk    {0.000 5.000}      10.000          100.000


------------------------------------------------------------------------------------------------
| Intra Clock Table
| -----------------
------------------------------------------------------------------------------------------------

Clock             WNS(ns)      TNS(ns)  TNS Failing Endpoints  TNS Total Endpoints     WPWS(ns)     TPWS(ns)  TPWS Failing Endpoints  TPWS Total Endpoints
-----             -------      -------  ---------------------  -------------------     --------     --------  ----------------------  --------------------
clk                 0.526        0.000                      0                 2142        3.870        0.000                       0                   513


------------------------------------------------------------------------------------------------
| Inter Clock Table
| -----------------
------------------------------------------------------------------------------------------------

From Clock    To Clock          WNS(ns)      TNS(ns)  TNS Failing Endpoints  TNS Total Endpoints
----------    --------          -------      -------  ---------------------  -------------------


------------------------------------------------------------------------------------------------
| Other Path Groups Table
| -----------------------
------------------------------------------------------------------------------------------------

Path Group    From Clock    To Clock          WNS(ns)      TNS(ns)  TNS Failing Endpoints  TNS Total Endpoints
----------    ----------    --------          -------      -------  ---------------------  -------------------


------------------------------------------------------------------------------------------------
| Timing Details
| --------------
------------------------------------------------------------------------------------------------


---------------------------------------------------------------------------------------------------
From Clock:  clk
  To Clock:  clk

Setup :            0  Failing Endpoints,  Worst Slack        0.526ns,  Total Violation        0.000ns
Hold  :           NA  Failing Endpoints,  Worst Slack           NA  ,  Total Violation           NA
PW    :            0  Failing Endpoints,  Worst Slack        3.870ns,  Total Violation        0.000ns
---------------------------------------------------------------------------------------------------


Max Delay Paths
--------------------------------------------------------------------------------------
Slack (MET) :             0.526ns  (required time - arrival time)
  Source:                 u_dft_core/sample_index_reg[0]/C
                            (rising edge-triggered cell FDRE clocked by clk  {rise@0.000ns fall@5.000ns period=10.000ns})
  Destination:            u_dft_core/term_pipe_re_reg[14]/D
                            (rising edge-triggered cell FDRE clocked by clk  {rise@0.000ns fall@5.000ns period=10.000ns})
  Path Group:             clk
  Path Type:              Setup (Max at Slow Process Corner)
  Requirement:            10.000ns  (clk rise@10.000ns - clk rise@0.000ns)
  Data Path Delay:        9.412ns  (logic 5.447ns (57.874%)  route 3.965ns (42.126%))
  Logic Levels:           5  (DSP48E1=2 LUT2=1 LUT3=1 RAMD64E=1)
  Clock Path Skew:        -0.057ns (DCD - SCD + CPR)
    Destination Clock Delay (DCD):    1.321ns = ( 11.321 - 10.000 )
    Source Clock Delay      (SCD):    1.475ns
    Clock Pessimism Removal (CPR):    0.097ns
  Clock Uncertainty:      0.035ns  ((TSJ^2 + TIJ^2)^1/2 + DJ) / 2 + PE
    Total System Jitter     (TSJ):    0.071ns
    Total Input Jitter      (TIJ):    0.000ns
    Discrete Jitter          (DJ):    0.000ns
    Phase Error              (PE):    0.000ns

    Location             Delay type                Incr(ns)  Path(ns)    Netlist Resource(s)
  -------------------------------------------------------------------    -------------------
                         (clock clk rise edge)        0.000     0.000 r
                                                      0.000     0.000 r  clk (IN)
                         net (fo=524, unset)          1.475     1.475    u_dft_core/clk
    SLICE_X9Y17          FDRE                                         r  u_dft_core/sample_index_reg[0]/C
  -------------------------------------------------------------------    -------------------
    SLICE_X9Y17          FDRE (Prop_fdre_C_Q)         0.379     1.854 r  u_dft_core/sample_index_reg[0]/Q
                         net (fo=73, routed)          1.211     3.065    u_symbol_buffer/mem_re_reg_64_127_15_15/ADDRA0
    SLICE_X6Y19          RAMD64E (Prop_ramd64e_RADR0_O)
                                                      0.105     3.170 r  u_symbol_buffer/mem_re_reg_64_127_15_15/RAMA/O
                         net (fo=1, routed)           0.656     3.826    u_symbol_buffer/mem_re_reg_64_127_15_15_n_0
    SLICE_X7Y18          LUT3 (Prop_lut3_I0_O)        0.105     3.931 r  u_symbol_buffer/product_ri_i_1/O
                         net (fo=30, routed)          1.141     5.072    u_dft_core/A[15]
    DSP48_X1Y4           DSP48E1 (Prop_dsp48e1_A[22]_P[31])
                                                      3.230     8.302 r  u_dft_core/product_rr/P[31]
                         net (fo=2, routed)           0.577     8.879    u_dft_core/product_rr__0[31]
    DSP48_X1Y5           DSP48E1 (Prop_dsp48e1_C[32]_P[29])
                                                      1.523    10.402 r  u_dft_core/full_term_re/P[29]
                         net (fo=1, routed)           0.380    10.782    u_dft_core/full_term_re_n_76
    SLICE_X21Y12         LUT2 (Prop_lut2_I1_O)        0.105    10.887 r  u_dft_core/term_pipe_re[14]_i_1/O
                         net (fo=1, routed)           0.000    10.887    u_dft_core/term_pipe_re[14]_i_1_n_0
    SLICE_X21Y12         FDRE                                         r  u_dft_core/term_pipe_re_reg[14]/D
  -------------------------------------------------------------------    -------------------

                         (clock clk rise edge)       10.000    10.000 r
                                                      0.000    10.000 r  clk (IN)
                         net (fo=524, unset)          1.321    11.321    u_dft_core/clk
    SLICE_X21Y12         FDRE                                         r  u_dft_core/term_pipe_re_reg[14]/C
                         clock pessimism              0.097    11.418
                         clock uncertainty           -0.035    11.383
    SLICE_X21Y12         FDRE (Setup_fdre_C_D)        0.030    11.413    u_dft_core/term_pipe_re_reg[14]
  -------------------------------------------------------------------
                         required time                         11.413
                         arrival time                         -10.887
  -------------------------------------------------------------------
                         slack                                  0.526

Slack (MET) :             0.526ns  (required time - arrival time)
  Source:                 u_dft_core/sample_index_reg[0]/C
                            (rising edge-triggered cell FDRE clocked by clk  {rise@0.000ns fall@5.000ns period=10.000ns})
  Destination:            u_dft_core/term_pipe_re_reg[9]/D
                            (rising edge-triggered cell FDRE clocked by clk  {rise@0.000ns fall@5.000ns period=10.000ns})
  Path Group:             clk
  Path Type:              Setup (Max at Slow Process Corner)
  Requirement:            10.000ns  (clk rise@10.000ns - clk rise@0.000ns)
  Data Path Delay:        9.412ns  (logic 5.447ns (57.874%)  route 3.965ns (42.126%))
  Logic Levels:           5  (DSP48E1=2 LUT2=1 LUT3=1 RAMD64E=1)
  Clock Path Skew:        -0.057ns (DCD - SCD + CPR)
    Destination Clock Delay (DCD):    1.321ns = ( 11.321 - 10.000 )
    Source Clock Delay      (SCD):    1.475ns
    Clock Pessimism Removal (CPR):    0.097ns
  Clock Uncertainty:      0.035ns  ((TSJ^2 + TIJ^2)^1/2 + DJ) / 2 + PE
    Total System Jitter     (TSJ):    0.071ns
    Total Input Jitter      (TIJ):    0.000ns
    Discrete Jitter          (DJ):    0.000ns
    Phase Error              (PE):    0.000ns

    Location             Delay type                Incr(ns)  Path(ns)    Netlist Resource(s)
  -------------------------------------------------------------------    -------------------
                         (clock clk rise edge)        0.000     0.000 r
                                                      0.000     0.000 r  clk (IN)
                         net (fo=524, unset)          1.475     1.475    u_dft_core/clk
    SLICE_X9Y17          FDRE                                         r  u_dft_core/sample_index_reg[0]/C
  -------------------------------------------------------------------    -------------------
    SLICE_X9Y17          FDRE (Prop_fdre_C_Q)         0.379     1.854 r  u_dft_core/sample_index_reg[0]/Q
                         net (fo=73, routed)          1.211     3.065    u_symbol_buffer/mem_re_reg_64_127_15_15/ADDRA0
    SLICE_X6Y19          RAMD64E (Prop_ramd64e_RADR0_O)
                                                      0.105     3.170 r  u_symbol_buffer/mem_re_reg_64_127_15_15/RAMA/O
                         net (fo=1, routed)           0.656     3.826    u_symbol_buffer/mem_re_reg_64_127_15_15_n_0
    SLICE_X7Y18          LUT3 (Prop_lut3_I0_O)        0.105     3.931 r  u_symbol_buffer/product_ri_i_1/O
                         net (fo=30, routed)          1.141     5.072    u_dft_core/A[15]
    DSP48_X1Y4           DSP48E1 (Prop_dsp48e1_A[22]_P[31])
                                                      3.230     8.302 r  u_dft_core/product_rr/P[31]
                         net (fo=2, routed)           0.577     8.879    u_dft_core/product_rr__0[31]
    DSP48_X1Y5           DSP48E1 (Prop_dsp48e1_C[32]_P[24])
                                                      1.523    10.402 r  u_dft_core/full_term_re/P[24]
                         net (fo=1, routed)           0.380    10.782    u_dft_core/full_term_re_n_81
    SLICE_X21Y11         LUT2 (Prop_lut2_I1_O)        0.105    10.887 r  u_dft_core/term_pipe_re[9]_i_1/O
                         net (fo=1, routed)           0.000    10.887    u_dft_core/term_pipe_re[9]_i_1_n_0
    SLICE_X21Y11         FDRE                                         r  u_dft_core/term_pipe_re_reg[9]/D
  -------------------------------------------------------------------    -------------------

                         (clock clk rise edge)       10.000    10.000 r
                                                      0.000    10.000 r  clk (IN)
                         net (fo=524, unset)          1.321    11.321    u_dft_core/clk
    SLICE_X21Y11         FDRE                                         r  u_dft_core/term_pipe_re_reg[9]/C
                         clock pessimism              0.097    11.418
                         clock uncertainty           -0.035    11.383
    SLICE_X21Y11         FDRE (Setup_fdre_C_D)        0.030    11.413    u_dft_core/term_pipe_re_reg[9]
  -------------------------------------------------------------------
                         required time                         11.413
                         arrival time                         -10.887
  -------------------------------------------------------------------
                         slack                                  0.526

Slack (MET) :             0.527ns  (required time - arrival time)
  Source:                 u_dft_core/sample_index_reg[0]/C
                            (rising edge-triggered cell FDRE clocked by clk  {rise@0.000ns fall@5.000ns period=10.000ns})
  Destination:            u_dft_core/term_pipe_re_reg[6]/D
                            (rising edge-triggered cell FDRE clocked by clk  {rise@0.000ns fall@5.000ns period=10.000ns})
  Path Group:             clk
  Path Type:              Setup (Max at Slow Process Corner)
  Requirement:            10.000ns  (clk rise@10.000ns - clk rise@0.000ns)
  Data Path Delay:        9.412ns  (logic 5.447ns (57.874%)  route 3.965ns (42.126%))
  Logic Levels:           5  (DSP48E1=2 LUT2=1 LUT3=1 RAMD64E=1)
  Clock Path Skew:        -0.056ns (DCD - SCD + CPR)
    Destination Clock Delay (DCD):    1.322ns = ( 11.322 - 10.000 )
    Source Clock Delay      (SCD):    1.475ns
    Clock Pessimism Removal (CPR):    0.097ns
  Clock Uncertainty:      0.035ns  ((TSJ^2 + TIJ^2)^1/2 + DJ) / 2 + PE
    Total System Jitter     (TSJ):    0.071ns
    Total Input Jitter      (TIJ):    0.000ns
    Discrete Jitter          (DJ):    0.000ns
    Phase Error              (PE):    0.000ns

    Location             Delay type                Incr(ns)  Path(ns)    Netlist Resource(s)
  -------------------------------------------------------------------    -------------------
                         (clock clk rise edge)        0.000     0.000 r
                                                      0.000     0.000 r  clk (IN)
                         net (fo=524, unset)          1.475     1.475    u_dft_core/clk
    SLICE_X9Y17          FDRE                                         r  u_dft_core/sample_index_reg[0]/C
  -------------------------------------------------------------------    -------------------
    SLICE_X9Y17          FDRE (Prop_fdre_C_Q)         0.379     1.854 r  u_dft_core/sample_index_reg[0]/Q
                         net (fo=73, routed)          1.211     3.065    u_symbol_buffer/mem_re_reg_64_127_15_15/ADDRA0
    SLICE_X6Y19          RAMD64E (Prop_ramd64e_RADR0_O)
                                                      0.105     3.170 r  u_symbol_buffer/mem_re_reg_64_127_15_15/RAMA/O
                         net (fo=1, routed)           0.656     3.826    u_symbol_buffer/mem_re_reg_64_127_15_15_n_0
    SLICE_X7Y18          LUT3 (Prop_lut3_I0_O)        0.105     3.931 r  u_symbol_buffer/product_ri_i_1/O
                         net (fo=30, routed)          1.141     5.072    u_dft_core/A[15]
    DSP48_X1Y4           DSP48E1 (Prop_dsp48e1_A[22]_P[31])
                                                      3.230     8.302 r  u_dft_core/product_rr/P[31]
                         net (fo=2, routed)           0.577     8.879    u_dft_core/product_rr__0[31]
    DSP48_X1Y5           DSP48E1 (Prop_dsp48e1_C[32]_P[21])
                                                      1.523    10.402 r  u_dft_core/full_term_re/P[21]
                         net (fo=1, routed)           0.380    10.782    u_dft_core/full_term_re_n_84
    SLICE_X21Y10         LUT2 (Prop_lut2_I1_O)        0.105    10.887 r  u_dft_core/term_pipe_re[6]_i_1/O
                         net (fo=1, routed)           0.000    10.887    u_dft_core/term_pipe_re[6]_i_1_n_0
    SLICE_X21Y10         FDRE                                         r  u_dft_core/term_pipe_re_reg[6]/D
  -------------------------------------------------------------------    -------------------

                         (clock clk rise edge)       10.000    10.000 r
                                                      0.000    10.000 r  clk (IN)
                         net (fo=524, unset)          1.322    11.322    u_dft_core/clk
    SLICE_X21Y10         FDRE                                         r  u_dft_core/term_pipe_re_reg[6]/C
                         clock pessimism              0.097    11.419
                         clock uncertainty           -0.035    11.384
    SLICE_X21Y10         FDRE (Setup_fdre_C_D)        0.030    11.414    u_dft_core/term_pipe_re_reg[6]
  -------------------------------------------------------------------
                         required time                         11.414
                         arrival time                         -10.887
  -------------------------------------------------------------------
                         slack                                  0.527

Slack (MET) :             0.528ns  (required time - arrival time)
  Source:                 u_dft_core/sample_index_reg[0]/C
                            (rising edge-triggered cell FDRE clocked by clk  {rise@0.000ns fall@5.000ns period=10.000ns})
  Destination:            u_dft_core/term_pipe_re_reg[11]/D
                            (rising edge-triggered cell FDRE clocked by clk  {rise@0.000ns fall@5.000ns period=10.000ns})
  Path Group:             clk
  Path Type:              Setup (Max at Slow Process Corner)
  Requirement:            10.000ns  (clk rise@10.000ns - clk rise@0.000ns)
  Data Path Delay:        9.413ns  (logic 5.447ns (57.868%)  route 3.966ns (42.132%))
  Logic Levels:           5  (DSP48E1=2 LUT2=1 LUT3=1 RAMD64E=1)
  Clock Path Skew:        -0.057ns (DCD - SCD + CPR)
    Destination Clock Delay (DCD):    1.321ns = ( 11.321 - 10.000 )
    Source Clock Delay      (SCD):    1.475ns
    Clock Pessimism Removal (CPR):    0.097ns
  Clock Uncertainty:      0.035ns  ((TSJ^2 + TIJ^2)^1/2 + DJ) / 2 + PE
    Total System Jitter     (TSJ):    0.071ns
    Total Input Jitter      (TIJ):    0.000ns
    Discrete Jitter          (DJ):    0.000ns
    Phase Error              (PE):    0.000ns

    Location             Delay type                Incr(ns)  Path(ns)    Netlist Resource(s)
  -------------------------------------------------------------------    -------------------
                         (clock clk rise edge)        0.000     0.000 r
                                                      0.000     0.000 r  clk (IN)
                         net (fo=524, unset)          1.475     1.475    u_dft_core/clk
    SLICE_X9Y17          FDRE                                         r  u_dft_core/sample_index_reg[0]/C
  -------------------------------------------------------------------    -------------------
    SLICE_X9Y17          FDRE (Prop_fdre_C_Q)         0.379     1.854 r  u_dft_core/sample_index_reg[0]/Q
                         net (fo=73, routed)          1.211     3.065    u_symbol_buffer/mem_re_reg_64_127_15_15/ADDRA0
    SLICE_X6Y19          RAMD64E (Prop_ramd64e_RADR0_O)
                                                      0.105     3.170 r  u_symbol_buffer/mem_re_reg_64_127_15_15/RAMA/O
                         net (fo=1, routed)           0.656     3.826    u_symbol_buffer/mem_re_reg_64_127_15_15_n_0
    SLICE_X7Y18          LUT3 (Prop_lut3_I0_O)        0.105     3.931 r  u_symbol_buffer/product_ri_i_1/O
                         net (fo=30, routed)          1.141     5.072    u_dft_core/A[15]
    DSP48_X1Y4           DSP48E1 (Prop_dsp48e1_A[22]_P[31])
                                                      3.230     8.302 r  u_dft_core/product_rr/P[31]
                         net (fo=2, routed)           0.577     8.879    u_dft_core/product_rr__0[31]
    DSP48_X1Y5           DSP48E1 (Prop_dsp48e1_C[32]_P[26])
                                                      1.523    10.402 r  u_dft_core/full_term_re/P[26]
                         net (fo=1, routed)           0.381    10.783    u_dft_core/full_term_re_n_79
    SLICE_X21Y11         LUT2 (Prop_lut2_I1_O)        0.105    10.888 r  u_dft_core/term_pipe_re[11]_i_1/O
                         net (fo=1, routed)           0.000    10.888    u_dft_core/term_pipe_re[11]_i_1_n_0
    SLICE_X21Y11         FDRE                                         r  u_dft_core/term_pipe_re_reg[11]/D
  -------------------------------------------------------------------    -------------------

                         (clock clk rise edge)       10.000    10.000 r
                                                      0.000    10.000 r  clk (IN)
                         net (fo=524, unset)          1.321    11.321    u_dft_core/clk
    SLICE_X21Y11         FDRE                                         r  u_dft_core/term_pipe_re_reg[11]/C
                         clock pessimism              0.097    11.418
                         clock uncertainty           -0.035    11.383
    SLICE_X21Y11         FDRE (Setup_fdre_C_D)        0.033    11.416    u_dft_core/term_pipe_re_reg[11]
  -------------------------------------------------------------------
                         required time                         11.416
                         arrival time                         -10.888
  -------------------------------------------------------------------
                         slack                                  0.528

Slack (MET) :             0.529ns  (required time - arrival time)
  Source:                 u_dft_core/sample_index_reg[0]/C
                            (rising edge-triggered cell FDRE clocked by clk  {rise@0.000ns fall@5.000ns period=10.000ns})
  Destination:            u_dft_core/term_pipe_re_reg[1]/D
                            (rising edge-triggered cell FDRE clocked by clk  {rise@0.000ns fall@5.000ns period=10.000ns})
  Path Group:             clk
  Path Type:              Setup (Max at Slow Process Corner)
  Requirement:            10.000ns  (clk rise@10.000ns - clk rise@0.000ns)
  Data Path Delay:        9.409ns  (logic 5.447ns (57.893%)  route 3.962ns (42.107%))
  Logic Levels:           5  (DSP48E1=2 LUT2=1 LUT3=1 RAMD64E=1)
  Clock Path Skew:        -0.059ns (DCD - SCD + CPR)
    Destination Clock Delay (DCD):    1.319ns = ( 11.319 - 10.000 )
    Source Clock Delay      (SCD):    1.475ns
    Clock Pessimism Removal (CPR):    0.097ns
  Clock Uncertainty:      0.035ns  ((TSJ^2 + TIJ^2)^1/2 + DJ) / 2 + PE
    Total System Jitter     (TSJ):    0.071ns
    Total Input Jitter      (TIJ):    0.000ns
    Discrete Jitter          (DJ):    0.000ns
    Phase Error              (PE):    0.000ns

    Location             Delay type                Incr(ns)  Path(ns)    Netlist Resource(s)
  -------------------------------------------------------------------    -------------------
                         (clock clk rise edge)        0.000     0.000 r
                                                      0.000     0.000 r  clk (IN)
                         net (fo=524, unset)          1.475     1.475    u_dft_core/clk
    SLICE_X9Y17          FDRE                                         r  u_dft_core/sample_index_reg[0]/C
  -------------------------------------------------------------------    -------------------
    SLICE_X9Y17          FDRE (Prop_fdre_C_Q)         0.379     1.854 r  u_dft_core/sample_index_reg[0]/Q
                         net (fo=73, routed)          1.211     3.065    u_symbol_buffer/mem_re_reg_64_127_15_15/ADDRA0
    SLICE_X6Y19          RAMD64E (Prop_ramd64e_RADR0_O)
                                                      0.105     3.170 r  u_symbol_buffer/mem_re_reg_64_127_15_15/RAMA/O
                         net (fo=1, routed)           0.656     3.826    u_symbol_buffer/mem_re_reg_64_127_15_15_n_0
    SLICE_X7Y18          LUT3 (Prop_lut3_I0_O)        0.105     3.931 r  u_symbol_buffer/product_ri_i_1/O
                         net (fo=30, routed)          1.141     5.072    u_dft_core/A[15]
    DSP48_X1Y4           DSP48E1 (Prop_dsp48e1_A[22]_P[31])
                                                      3.230     8.302 r  u_dft_core/product_rr/P[31]
                         net (fo=2, routed)           0.577     8.879    u_dft_core/product_rr__0[31]
    DSP48_X1Y5           DSP48E1 (Prop_dsp48e1_C[32]_P[16])
                                                      1.523    10.402 r  u_dft_core/full_term_re/P[16]
                         net (fo=1, routed)           0.377    10.779    u_dft_core/full_term_re_n_89
    SLICE_X21Y14         LUT2 (Prop_lut2_I1_O)        0.105    10.884 r  u_dft_core/term_pipe_re[1]_i_1/O
                         net (fo=1, routed)           0.000    10.884    u_dft_core/term_pipe_re[1]_i_1_n_0
    SLICE_X21Y14         FDRE                                         r  u_dft_core/term_pipe_re_reg[1]/D
  -------------------------------------------------------------------    -------------------

                         (clock clk rise edge)       10.000    10.000 r
                                                      0.000    10.000 r  clk (IN)
                         net (fo=524, unset)          1.319    11.319    u_dft_core/clk
    SLICE_X21Y14         FDRE                                         r  u_dft_core/term_pipe_re_reg[1]/C
                         clock pessimism              0.097    11.416
                         clock uncertainty           -0.035    11.381
    SLICE_X21Y14         FDRE (Setup_fdre_C_D)        0.032    11.413    u_dft_core/term_pipe_re_reg[1]
  -------------------------------------------------------------------
                         required time                         11.413
                         arrival time                         -10.884
  -------------------------------------------------------------------
                         slack                                  0.529

Slack (MET) :             0.529ns  (required time - arrival time)
  Source:                 u_dft_core/sample_index_reg[0]/C
                            (rising edge-triggered cell FDRE clocked by clk  {rise@0.000ns fall@5.000ns period=10.000ns})
  Destination:            u_dft_core/term_pipe_re_reg[4]/D
                            (rising edge-triggered cell FDRE clocked by clk  {rise@0.000ns fall@5.000ns period=10.000ns})
  Path Group:             clk
  Path Type:              Setup (Max at Slow Process Corner)
  Requirement:            10.000ns  (clk rise@10.000ns - clk rise@0.000ns)
  Data Path Delay:        9.409ns  (logic 5.447ns (57.893%)  route 3.962ns (42.107%))
  Logic Levels:           5  (DSP48E1=2 LUT2=1 LUT3=1 RAMD64E=1)
  Clock Path Skew:        -0.059ns (DCD - SCD + CPR)
    Destination Clock Delay (DCD):    1.319ns = ( 11.319 - 10.000 )
    Source Clock Delay      (SCD):    1.475ns
    Clock Pessimism Removal (CPR):    0.097ns
  Clock Uncertainty:      0.035ns  ((TSJ^2 + TIJ^2)^1/2 + DJ) / 2 + PE
    Total System Jitter     (TSJ):    0.071ns
    Total Input Jitter      (TIJ):    0.000ns
    Discrete Jitter          (DJ):    0.000ns
    Phase Error              (PE):    0.000ns

    Location             Delay type                Incr(ns)  Path(ns)    Netlist Resource(s)
  -------------------------------------------------------------------    -------------------
                         (clock clk rise edge)        0.000     0.000 r
                                                      0.000     0.000 r  clk (IN)
                         net (fo=524, unset)          1.475     1.475    u_dft_core/clk
    SLICE_X9Y17          FDRE                                         r  u_dft_core/sample_index_reg[0]/C
  -------------------------------------------------------------------    -------------------
    SLICE_X9Y17          FDRE (Prop_fdre_C_Q)         0.379     1.854 r  u_dft_core/sample_index_reg[0]/Q
                         net (fo=73, routed)          1.211     3.065    u_symbol_buffer/mem_re_reg_64_127_15_15/ADDRA0
    SLICE_X6Y19          RAMD64E (Prop_ramd64e_RADR0_O)
                                                      0.105     3.170 r  u_symbol_buffer/mem_re_reg_64_127_15_15/RAMA/O
                         net (fo=1, routed)           0.656     3.826    u_symbol_buffer/mem_re_reg_64_127_15_15_n_0
    SLICE_X7Y18          LUT3 (Prop_lut3_I0_O)        0.105     3.931 r  u_symbol_buffer/product_ri_i_1/O
                         net (fo=30, routed)          1.141     5.072    u_dft_core/A[15]
    DSP48_X1Y4           DSP48E1 (Prop_dsp48e1_A[22]_P[31])
                                                      3.230     8.302 r  u_dft_core/product_rr/P[31]
                         net (fo=2, routed)           0.577     8.879    u_dft_core/product_rr__0[31]
    DSP48_X1Y5           DSP48E1 (Prop_dsp48e1_C[32]_P[19])
                                                      1.523    10.402 r  u_dft_core/full_term_re/P[19]
                         net (fo=1, routed)           0.377    10.779    u_dft_core/full_term_re_n_86
    SLICE_X21Y14         LUT2 (Prop_lut2_I1_O)        0.105    10.884 r  u_dft_core/term_pipe_re[4]_i_1/O
                         net (fo=1, routed)           0.000    10.884    u_dft_core/term_pipe_re[4]_i_1_n_0
    SLICE_X21Y14         FDRE                                         r  u_dft_core/term_pipe_re_reg[4]/D
  -------------------------------------------------------------------    -------------------

                         (clock clk rise edge)       10.000    10.000 r
                                                      0.000    10.000 r  clk (IN)
                         net (fo=524, unset)          1.319    11.319    u_dft_core/clk
    SLICE_X21Y14         FDRE                                         r  u_dft_core/term_pipe_re_reg[4]/C
                         clock pessimism              0.097    11.416
                         clock uncertainty           -0.035    11.381
    SLICE_X21Y14         FDRE (Setup_fdre_C_D)        0.032    11.413    u_dft_core/term_pipe_re_reg[4]
  -------------------------------------------------------------------
                         required time                         11.413
                         arrival time                         -10.884
  -------------------------------------------------------------------
                         slack                                  0.529

Slack (MET) :             0.529ns  (required time - arrival time)
  Source:                 u_dft_core/sample_index_reg[0]/C
                            (rising edge-triggered cell FDRE clocked by clk  {rise@0.000ns fall@5.000ns period=10.000ns})
  Destination:            u_dft_core/term_pipe_re_reg[7]/D
                            (rising edge-triggered cell FDRE clocked by clk  {rise@0.000ns fall@5.000ns period=10.000ns})
  Path Group:             clk
  Path Type:              Setup (Max at Slow Process Corner)
  Requirement:            10.000ns  (clk rise@10.000ns - clk rise@0.000ns)
  Data Path Delay:        9.413ns  (logic 5.447ns (57.868%)  route 3.966ns (42.132%))
  Logic Levels:           5  (DSP48E1=2 LUT2=1 LUT3=1 RAMD64E=1)
  Clock Path Skew:        -0.056ns (DCD - SCD + CPR)
    Destination Clock Delay (DCD):    1.322ns = ( 11.322 - 10.000 )
    Source Clock Delay      (SCD):    1.475ns
    Clock Pessimism Removal (CPR):    0.097ns
  Clock Uncertainty:      0.035ns  ((TSJ^2 + TIJ^2)^1/2 + DJ) / 2 + PE
    Total System Jitter     (TSJ):    0.071ns
    Total Input Jitter      (TIJ):    0.000ns
    Discrete Jitter          (DJ):    0.000ns
    Phase Error              (PE):    0.000ns

    Location             Delay type                Incr(ns)  Path(ns)    Netlist Resource(s)
  -------------------------------------------------------------------    -------------------
                         (clock clk rise edge)        0.000     0.000 r
                                                      0.000     0.000 r  clk (IN)
                         net (fo=524, unset)          1.475     1.475    u_dft_core/clk
    SLICE_X9Y17          FDRE                                         r  u_dft_core/sample_index_reg[0]/C
  -------------------------------------------------------------------    -------------------
    SLICE_X9Y17          FDRE (Prop_fdre_C_Q)         0.379     1.854 r  u_dft_core/sample_index_reg[0]/Q
                         net (fo=73, routed)          1.211     3.065    u_symbol_buffer/mem_re_reg_64_127_15_15/ADDRA0
    SLICE_X6Y19          RAMD64E (Prop_ramd64e_RADR0_O)
                                                      0.105     3.170 r  u_symbol_buffer/mem_re_reg_64_127_15_15/RAMA/O
                         net (fo=1, routed)           0.656     3.826    u_symbol_buffer/mem_re_reg_64_127_15_15_n_0
    SLICE_X7Y18          LUT3 (Prop_lut3_I0_O)        0.105     3.931 r  u_symbol_buffer/product_ri_i_1/O
                         net (fo=30, routed)          1.141     5.072    u_dft_core/A[15]
    DSP48_X1Y4           DSP48E1 (Prop_dsp48e1_A[22]_P[31])
                                                      3.230     8.302 r  u_dft_core/product_rr/P[31]
                         net (fo=2, routed)           0.577     8.879    u_dft_core/product_rr__0[31]
    DSP48_X1Y5           DSP48E1 (Prop_dsp48e1_C[32]_P[22])
                                                      1.523    10.402 r  u_dft_core/full_term_re/P[22]
                         net (fo=1, routed)           0.381    10.783    u_dft_core/full_term_re_n_83
    SLICE_X21Y10         LUT2 (Prop_lut2_I1_O)        0.105    10.888 r  u_dft_core/term_pipe_re[7]_i_1/O
                         net (fo=1, routed)           0.000    10.888    u_dft_core/term_pipe_re[7]_i_1_n_0
    SLICE_X21Y10         FDRE                                         r  u_dft_core/term_pipe_re_reg[7]/D
  -------------------------------------------------------------------    -------------------

                         (clock clk rise edge)       10.000    10.000 r
                                                      0.000    10.000 r  clk (IN)
                         net (fo=524, unset)          1.322    11.322    u_dft_core/clk
    SLICE_X21Y10         FDRE                                         r  u_dft_core/term_pipe_re_reg[7]/C
                         clock pessimism              0.097    11.419
                         clock uncertainty           -0.035    11.384
    SLICE_X21Y10         FDRE (Setup_fdre_C_D)        0.033    11.417    u_dft_core/term_pipe_re_reg[7]
  -------------------------------------------------------------------
                         required time                         11.417
                         arrival time                         -10.888
  -------------------------------------------------------------------
                         slack                                  0.529

Slack (MET) :             0.530ns  (required time - arrival time)
  Source:                 u_dft_core/sample_index_reg[0]/C
                            (rising edge-triggered cell FDRE clocked by clk  {rise@0.000ns fall@5.000ns period=10.000ns})
  Destination:            u_dft_core/term_pipe_re_reg[0]/D
                            (rising edge-triggered cell FDRE clocked by clk  {rise@0.000ns fall@5.000ns period=10.000ns})
  Path Group:             clk
  Path Type:              Setup (Max at Slow Process Corner)
  Requirement:            10.000ns  (clk rise@10.000ns - clk rise@0.000ns)
  Data Path Delay:        9.409ns  (logic 5.447ns (57.893%)  route 3.962ns (42.107%))
  Logic Levels:           5  (DSP48E1=2 LUT2=1 LUT3=1 RAMD64E=1)
  Clock Path Skew:        -0.058ns (DCD - SCD + CPR)
    Destination Clock Delay (DCD):    1.320ns = ( 11.320 - 10.000 )
    Source Clock Delay      (SCD):    1.475ns
    Clock Pessimism Removal (CPR):    0.097ns
  Clock Uncertainty:      0.035ns  ((TSJ^2 + TIJ^2)^1/2 + DJ) / 2 + PE
    Total System Jitter     (TSJ):    0.071ns
    Total Input Jitter      (TIJ):    0.000ns
    Discrete Jitter          (DJ):    0.000ns
    Phase Error              (PE):    0.000ns

    Location             Delay type                Incr(ns)  Path(ns)    Netlist Resource(s)
  -------------------------------------------------------------------    -------------------
                         (clock clk rise edge)        0.000     0.000 r
                                                      0.000     0.000 r  clk (IN)
                         net (fo=524, unset)          1.475     1.475    u_dft_core/clk
    SLICE_X9Y17          FDRE                                         r  u_dft_core/sample_index_reg[0]/C
  -------------------------------------------------------------------    -------------------
    SLICE_X9Y17          FDRE (Prop_fdre_C_Q)         0.379     1.854 r  u_dft_core/sample_index_reg[0]/Q
                         net (fo=73, routed)          1.211     3.065    u_symbol_buffer/mem_re_reg_64_127_15_15/ADDRA0
    SLICE_X6Y19          RAMD64E (Prop_ramd64e_RADR0_O)
                                                      0.105     3.170 r  u_symbol_buffer/mem_re_reg_64_127_15_15/RAMA/O
                         net (fo=1, routed)           0.656     3.826    u_symbol_buffer/mem_re_reg_64_127_15_15_n_0
    SLICE_X7Y18          LUT3 (Prop_lut3_I0_O)        0.105     3.931 r  u_symbol_buffer/product_ri_i_1/O
                         net (fo=30, routed)          1.141     5.072    u_dft_core/A[15]
    DSP48_X1Y4           DSP48E1 (Prop_dsp48e1_A[22]_P[31])
                                                      3.230     8.302 r  u_dft_core/product_rr/P[31]
                         net (fo=2, routed)           0.577     8.879    u_dft_core/product_rr__0[31]
    DSP48_X1Y5           DSP48E1 (Prop_dsp48e1_C[32]_P[15])
                                                      1.523    10.402 r  u_dft_core/full_term_re/P[15]
                         net (fo=1, routed)           0.377    10.779    u_dft_core/full_term_re_n_90
    SLICE_X21Y13         LUT2 (Prop_lut2_I1_O)        0.105    10.884 r  u_dft_core/term_pipe_re[0]_i_1/O
                         net (fo=1, routed)           0.000    10.884    u_dft_core/term_pipe_re[0]_i_1_n_0
    SLICE_X21Y13         FDRE                                         r  u_dft_core/term_pipe_re_reg[0]/D
  -------------------------------------------------------------------    -------------------

                         (clock clk rise edge)       10.000    10.000 r
                                                      0.000    10.000 r  clk (IN)
                         net (fo=524, unset)          1.320    11.320    u_dft_core/clk
    SLICE_X21Y13         FDRE                                         r  u_dft_core/term_pipe_re_reg[0]/C
                         clock pessimism              0.097    11.417
                         clock uncertainty           -0.035    11.382
    SLICE_X21Y13         FDRE (Setup_fdre_C_D)        0.032    11.414    u_dft_core/term_pipe_re_reg[0]
  -------------------------------------------------------------------
                         required time                         11.414
                         arrival time                         -10.884
  -------------------------------------------------------------------
                         slack                                  0.530

Slack (MET) :             0.530ns  (required time - arrival time)
  Source:                 u_dft_core/sample_index_reg[0]/C
                            (rising edge-triggered cell FDRE clocked by clk  {rise@0.000ns fall@5.000ns period=10.000ns})
  Destination:            u_dft_core/term_pipe_re_reg[30]/D
                            (rising edge-triggered cell FDRE clocked by clk  {rise@0.000ns fall@5.000ns period=10.000ns})
  Path Group:             clk
  Path Type:              Setup (Max at Slow Process Corner)
  Requirement:            10.000ns  (clk rise@10.000ns - clk rise@0.000ns)
  Data Path Delay:        9.409ns  (logic 5.447ns (57.893%)  route 3.962ns (42.107%))
  Logic Levels:           5  (DSP48E1=2 LUT2=1 LUT3=1 RAMD64E=1)
  Clock Path Skew:        -0.058ns (DCD - SCD + CPR)
    Destination Clock Delay (DCD):    1.320ns = ( 11.320 - 10.000 )
    Source Clock Delay      (SCD):    1.475ns
    Clock Pessimism Removal (CPR):    0.097ns
  Clock Uncertainty:      0.035ns  ((TSJ^2 + TIJ^2)^1/2 + DJ) / 2 + PE
    Total System Jitter     (TSJ):    0.071ns
    Total Input Jitter      (TIJ):    0.000ns
    Discrete Jitter          (DJ):    0.000ns
    Phase Error              (PE):    0.000ns

    Location             Delay type                Incr(ns)  Path(ns)    Netlist Resource(s)
  -------------------------------------------------------------------    -------------------
                         (clock clk rise edge)        0.000     0.000 r
                                                      0.000     0.000 r  clk (IN)
                         net (fo=524, unset)          1.475     1.475    u_dft_core/clk
    SLICE_X9Y17          FDRE                                         r  u_dft_core/sample_index_reg[0]/C
  -------------------------------------------------------------------    -------------------
    SLICE_X9Y17          FDRE (Prop_fdre_C_Q)         0.379     1.854 r  u_dft_core/sample_index_reg[0]/Q
                         net (fo=73, routed)          1.211     3.065    u_symbol_buffer/mem_re_reg_64_127_15_15/ADDRA0
    SLICE_X6Y19          RAMD64E (Prop_ramd64e_RADR0_O)
                                                      0.105     3.170 r  u_symbol_buffer/mem_re_reg_64_127_15_15/RAMA/O
                         net (fo=1, routed)           0.656     3.826    u_symbol_buffer/mem_re_reg_64_127_15_15_n_0
    SLICE_X7Y18          LUT3 (Prop_lut3_I0_O)        0.105     3.931 r  u_symbol_buffer/product_ri_i_1/O
                         net (fo=30, routed)          1.141     5.072    u_dft_core/A[15]
    DSP48_X1Y4           DSP48E1 (Prop_dsp48e1_A[22]_P[31])
                                                      3.230     8.302 r  u_dft_core/product_rr/P[31]
                         net (fo=2, routed)           0.577     8.879    u_dft_core/product_rr__0[31]
    DSP48_X1Y5           DSP48E1 (Prop_dsp48e1_C[32]_P[32])
                                                      1.523    10.402 r  u_dft_core/full_term_re/P[32]
                         net (fo=1, routed)           0.377    10.779    u_dft_core/data00
    SLICE_X21Y13         LUT2 (Prop_lut2_I1_O)        0.105    10.884 r  u_dft_core/term_pipe_re[30]_i_1/O
                         net (fo=1, routed)           0.000    10.884    u_dft_core/term_pipe_re[30]_i_1_n_0
    SLICE_X21Y13         FDRE                                         r  u_dft_core/term_pipe_re_reg[30]/D
  -------------------------------------------------------------------    -------------------

                         (clock clk rise edge)       10.000    10.000 r
                                                      0.000    10.000 r  clk (IN)
                         net (fo=524, unset)          1.320    11.320    u_dft_core/clk
    SLICE_X21Y13         FDRE                                         r  u_dft_core/term_pipe_re_reg[30]/C
                         clock pessimism              0.097    11.417
                         clock uncertainty           -0.035    11.382
    SLICE_X21Y13         FDRE (Setup_fdre_C_D)        0.032    11.414    u_dft_core/term_pipe_re_reg[30]
  -------------------------------------------------------------------
                         required time                         11.414
                         arrival time                         -10.884
  -------------------------------------------------------------------
                         slack                                  0.530

Slack (MET) :             0.531ns  (required time - arrival time)
  Source:                 u_dft_core/sample_index_reg[0]/C
                            (rising edge-triggered cell FDRE clocked by clk  {rise@0.000ns fall@5.000ns period=10.000ns})
  Destination:            u_dft_core/term_pipe_re_reg[10]/D
                            (rising edge-triggered cell FDRE clocked by clk  {rise@0.000ns fall@5.000ns period=10.000ns})
  Path Group:             clk
  Path Type:              Setup (Max at Slow Process Corner)
  Requirement:            10.000ns  (clk rise@10.000ns - clk rise@0.000ns)
  Data Path Delay:        9.409ns  (logic 5.447ns (57.893%)  route 3.962ns (42.107%))
  Logic Levels:           5  (DSP48E1=2 LUT2=1 LUT3=1 RAMD64E=1)
  Clock Path Skew:        -0.057ns (DCD - SCD + CPR)
    Destination Clock Delay (DCD):    1.321ns = ( 11.321 - 10.000 )
    Source Clock Delay      (SCD):    1.475ns
    Clock Pessimism Removal (CPR):    0.097ns
  Clock Uncertainty:      0.035ns  ((TSJ^2 + TIJ^2)^1/2 + DJ) / 2 + PE
    Total System Jitter     (TSJ):    0.071ns
    Total Input Jitter      (TIJ):    0.000ns
    Discrete Jitter          (DJ):    0.000ns
    Phase Error              (PE):    0.000ns

    Location             Delay type                Incr(ns)  Path(ns)    Netlist Resource(s)
  -------------------------------------------------------------------    -------------------
                         (clock clk rise edge)        0.000     0.000 r
                                                      0.000     0.000 r  clk (IN)
                         net (fo=524, unset)          1.475     1.475    u_dft_core/clk
    SLICE_X9Y17          FDRE                                         r  u_dft_core/sample_index_reg[0]/C
  -------------------------------------------------------------------    -------------------
    SLICE_X9Y17          FDRE (Prop_fdre_C_Q)         0.379     1.854 r  u_dft_core/sample_index_reg[0]/Q
                         net (fo=73, routed)          1.211     3.065    u_symbol_buffer/mem_re_reg_64_127_15_15/ADDRA0
    SLICE_X6Y19          RAMD64E (Prop_ramd64e_RADR0_O)
                                                      0.105     3.170 r  u_symbol_buffer/mem_re_reg_64_127_15_15/RAMA/O
                         net (fo=1, routed)           0.656     3.826    u_symbol_buffer/mem_re_reg_64_127_15_15_n_0
    SLICE_X7Y18          LUT3 (Prop_lut3_I0_O)        0.105     3.931 r  u_symbol_buffer/product_ri_i_1/O
                         net (fo=30, routed)          1.141     5.072    u_dft_core/A[15]
    DSP48_X1Y4           DSP48E1 (Prop_dsp48e1_A[22]_P[31])
                                                      3.230     8.302 r  u_dft_core/product_rr/P[31]
                         net (fo=2, routed)           0.577     8.879    u_dft_core/product_rr__0[31]
    DSP48_X1Y5           DSP48E1 (Prop_dsp48e1_C[32]_P[25])
                                                      1.523    10.402 r  u_dft_core/full_term_re/P[25]
                         net (fo=1, routed)           0.377    10.779    u_dft_core/full_term_re_n_80
    SLICE_X21Y11         LUT2 (Prop_lut2_I1_O)        0.105    10.884 r  u_dft_core/term_pipe_re[10]_i_1/O
                         net (fo=1, routed)           0.000    10.884    u_dft_core/term_pipe_re[10]_i_1_n_0
    SLICE_X21Y11         FDRE                                         r  u_dft_core/term_pipe_re_reg[10]/D
  -------------------------------------------------------------------    -------------------

                         (clock clk rise edge)       10.000    10.000 r
                                                      0.000    10.000 r  clk (IN)
                         net (fo=524, unset)          1.321    11.321    u_dft_core/clk
    SLICE_X21Y11         FDRE                                         r  u_dft_core/term_pipe_re_reg[10]/C
                         clock pessimism              0.097    11.418
                         clock uncertainty           -0.035    11.383
    SLICE_X21Y11         FDRE (Setup_fdre_C_D)        0.032    11.415    u_dft_core/term_pipe_re_reg[10]
  -------------------------------------------------------------------
                         required time                         11.415
                         arrival time                         -10.884
  -------------------------------------------------------------------
                         slack                                  0.531





Pulse Width Checks
--------------------------------------------------------------------------------------
Clock Name:         clk
Waveform(ns):       { 0.000 5.000 }
Period(ns):         10.000
Sources:            { clk }

Check Type        Corner  Lib Pin             Reference Pin  Required(ns)  Actual(ns)  Slack(ns)  Location      Pin
Min Period        n/a     RAMB18E1/CLKARDCLK  n/a            2.170         10.000      7.830      RAMB18_X0Y8   input_index_reg_rep/CLKARDCLK
Min Period        n/a     RAMB18E1/CLKBWRCLK  n/a            2.170         10.000      7.830      RAMB18_X0Y8   input_index_reg_rep/CLKBWRCLK
Min Period        n/a     RAMB18E1/CLKARDCLK  n/a            2.170         10.000      7.830      RAMB18_X0Y4   u_dft_core/twiddle_index_reg_rep/CLKARDCLK
Min Period        n/a     RAMB18E1/CLKARDCLK  n/a            2.170         10.000      7.830      RAMB18_X0Y5   u_dft_core/twiddle_index_reg_rep__0/CLKARDCLK
Min Period        n/a     FDRE/C              n/a            1.000         10.000      9.000      SLICE_X5Y26   dechirp_overflow_count_reg[0]/C
Min Period        n/a     FDRE/C              n/a            1.000         10.000      9.000      SLICE_X5Y28   dechirp_overflow_count_reg[10]/C
Min Period        n/a     FDRE/C              n/a            1.000         10.000      9.000      SLICE_X5Y28   dechirp_overflow_count_reg[11]/C
Min Period        n/a     FDRE/C              n/a            1.000         10.000      9.000      SLICE_X5Y29   dechirp_overflow_count_reg[12]/C
Min Period        n/a     FDRE/C              n/a            1.000         10.000      9.000      SLICE_X5Y29   dechirp_overflow_count_reg[13]/C
Min Period        n/a     FDRE/C              n/a            1.000         10.000      9.000      SLICE_X5Y29   dechirp_overflow_count_reg[14]/C
Low Pulse Width   Slow    RAMD64E/CLK         n/a            1.130         5.000       3.870      SLICE_X14Y19  u_symbol_buffer/mem_im_reg_0_63_0_2/RAMA/CLK
Low Pulse Width   Fast    RAMD64E/CLK         n/a            1.130         5.000       3.870      SLICE_X14Y19  u_symbol_buffer/mem_im_reg_0_63_0_2/RAMA/CLK
Low Pulse Width   Slow    RAMD64E/CLK         n/a            1.130         5.000       3.870      SLICE_X14Y19  u_symbol_buffer/mem_im_reg_0_63_0_2/RAMB/CLK
Low Pulse Width   Fast    RAMD64E/CLK         n/a            1.130         5.000       3.870      SLICE_X14Y19  u_symbol_buffer/mem_im_reg_0_63_0_2/RAMB/CLK
Low Pulse Width   Slow    RAMD64E/CLK         n/a            1.130         5.000       3.870      SLICE_X14Y19  u_symbol_buffer/mem_im_reg_0_63_0_2/RAMC/CLK
Low Pulse Width   Fast    RAMD64E/CLK         n/a            1.130         5.000       3.870      SLICE_X14Y19  u_symbol_buffer/mem_im_reg_0_63_0_2/RAMC/CLK
Low Pulse Width   Slow    RAMD64E/CLK         n/a            1.130         5.000       3.870      SLICE_X14Y19  u_symbol_buffer/mem_im_reg_0_63_0_2/RAMD/CLK
Low Pulse Width   Fast    RAMD64E/CLK         n/a            1.130         5.000       3.870      SLICE_X14Y19  u_symbol_buffer/mem_im_reg_0_63_0_2/RAMD/CLK
Low Pulse Width   Slow    RAMD64E/CLK         n/a            1.130         5.000       3.870      SLICE_X10Y18  u_symbol_buffer/mem_im_reg_0_63_12_14/RAMA/CLK
Low Pulse Width   Fast    RAMD64E/CLK         n/a            1.130         5.000       3.870      SLICE_X10Y18  u_symbol_buffer/mem_im_reg_0_63_12_14/RAMA/CLK
High Pulse Width  Slow    RAMD64E/CLK         n/a            1.130         5.000       3.870      SLICE_X14Y19  u_symbol_buffer/mem_im_reg_0_63_0_2/RAMA/CLK
High Pulse Width  Fast    RAMD64E/CLK         n/a            1.130         5.000       3.870      SLICE_X14Y19  u_symbol_buffer/mem_im_reg_0_63_0_2/RAMA/CLK
High Pulse Width  Slow    RAMD64E/CLK         n/a            1.130         5.000       3.870      SLICE_X14Y19  u_symbol_buffer/mem_im_reg_0_63_0_2/RAMB/CLK
High Pulse Width  Fast    RAMD64E/CLK         n/a            1.130         5.000       3.870      SLICE_X14Y19  u_symbol_buffer/mem_im_reg_0_63_0_2/RAMB/CLK
High Pulse Width  Slow    RAMD64E/CLK         n/a            1.130         5.000       3.870      SLICE_X14Y19  u_symbol_buffer/mem_im_reg_0_63_0_2/RAMC/CLK
High Pulse Width  Fast    RAMD64E/CLK         n/a            1.130         5.000       3.870      SLICE_X14Y19  u_symbol_buffer/mem_im_reg_0_63_0_2/RAMC/CLK
High Pulse Width  Slow    RAMD64E/CLK         n/a            1.130         5.000       3.870      SLICE_X14Y19  u_symbol_buffer/mem_im_reg_0_63_0_2/RAMD/CLK
High Pulse Width  Fast    RAMD64E/CLK         n/a            1.130         5.000       3.870      SLICE_X14Y19  u_symbol_buffer/mem_im_reg_0_63_0_2/RAMD/CLK
High Pulse Width  Slow    RAMD64E/CLK         n/a            1.130         5.000       3.870      SLICE_X10Y18  u_symbol_buffer/mem_im_reg_0_63_12_14/RAMA/CLK
High Pulse Width  Fast    RAMD64E/CLK         n/a            1.130         5.000       3.870      SLICE_X10Y18  u_symbol_buffer/mem_im_reg_0_63_12_14/RAMA/CLK
