Copyright 1986-2021 Xilinx, Inc. All Rights Reserved.
-------------------------------------------------------------------------------------------------------------------------------------------------------------------------
| Tool Version : Vivado v.2021.1 (win64) Build 3247384 Thu Jun 10 19:36:33 MDT 2021
| Date         : normalized
| Host         : normalized
| Command      : report_timing_summary -delay_type max -max_paths 5 -file <output_dir>/mailbox_echo_timing_summary.rpt
| Design       : mailbox_echo_bd_wrapper
| Device       : 7z020-clg400
| Speed File   : -2  PRODUCTION 1.12 2019-11-22
-------------------------------------------------------------------------------------------------------------------------------------------------------------------------

Timing Summary Report

------------------------------------------------------------------------------------------------
| Timer Settings
| --------------
------------------------------------------------------------------------------------------------

  Enable Multi Corner Analysis               :  Yes
  Enable Pessimism Removal                   :  Yes
  Pessimism Removal Resolution               :  Nearest Common Node
  Enable Input Delay Default Clock           :  No
  Enable Preset / Clear Arcs                 :  No
  Disable Flight Delays                      :  No
  Ignore I/O Paths                           :  No
  Timing Early Launch at Borrowing Latches   :  No
  Borrow Time for Max Delay Exceptions       :  Yes
  Merge Timing Exceptions                    :  Yes

  Corner  Analyze    Analyze
  Name    Max Paths  Min Paths
  ------  ---------  ---------
  Slow    Yes        Yes
  Fast    Yes        Yes


------------------------------------------------------------------------------------------------
| Report Methodology
| ------------------
------------------------------------------------------------------------------------------------

No report available as report_methodology has not been run prior. Run report_methodology on the current design for the summary of methodology violations.



check_timing report

Table of Contents
-----------------
1. checking no_clock (0)
2. checking constant_clock (0)
3. checking pulse_width_clock (0)
4. checking unconstrained_internal_endpoints (0)
5. checking no_input_delay (0)
6. checking no_output_delay (0)
7. checking multiple_clock (0)
8. checking generated_clocks (0)
9. checking loops (0)
10. checking partial_input_delay (0)
11. checking partial_output_delay (0)
12. checking latch_loops (0)

1. checking no_clock (0)
------------------------
 There are 0 register/latch pins with no clock.


2. checking constant_clock (0)
------------------------------
 There are 0 register/latch pins with constant_clock.


3. checking pulse_width_clock (0)
---------------------------------
 There are 0 register/latch pins which need pulse_width check


4. checking unconstrained_internal_endpoints (0)
------------------------------------------------
 There are 0 pins that are not constrained for maximum delay.

 There are 0 pins that are not constrained for maximum delay due to constant clock.


5. checking no_input_delay (0)
------------------------------
 There are 0 input ports with no input delay specified.

 There are 0 input ports with no input delay but user has a false path constraint.


6. checking no_output_delay (0)
-------------------------------
 There are 0 ports with no output delay specified.

 There are 0 ports with no output delay but user has a false path constraint

 There are 0 ports with no output delay but with a timing clock defined on it or propagating through it


7. checking multiple_clock (0)
------------------------------
 There are 0 register/latch pins with multiple clocks.


8. checking generated_clocks (0)
--------------------------------
 There are 0 generated clocks that are not connected to a clock source.


9. checking loops (0)
---------------------
 There are 0 combinational loops in the design.


10. checking partial_input_delay (0)
------------------------------------
 There are 0 input ports with partial input delay specified.


11. checking partial_output_delay (0)
-------------------------------------
 There are 0 ports with partial output delay specified.


12. checking latch_loops (0)
----------------------------
 There are 0 combinational latch loops in the design through latch input



------------------------------------------------------------------------------------------------
| Design Timing Summary
| ---------------------
------------------------------------------------------------------------------------------------

    WNS(ns)      TNS(ns)  TNS Failing Endpoints  TNS Total Endpoints     WPWS(ns)     TPWS(ns)  TPWS Failing Endpoints  TPWS Total Endpoints
    -------      -------  ---------------------  -------------------     --------     --------  ----------------------  --------------------
      3.508        0.000                      0                 5040        4.146        0.000                       0                  1909


All user specified timing constraints are met.


------------------------------------------------------------------------------------------------
| Clock Summary
| -------------
------------------------------------------------------------------------------------------------

Clock       Waveform(ns)       Period(ns)      Frequency(MHz)
-----       ------------       ----------      --------------
clk_fpga_0  {0.000 5.000}      10.000          100.000


------------------------------------------------------------------------------------------------
| Intra Clock Table
| -----------------
------------------------------------------------------------------------------------------------

Clock             WNS(ns)      TNS(ns)  TNS Failing Endpoints  TNS Total Endpoints     WPWS(ns)     TPWS(ns)  TPWS Failing Endpoints  TPWS Total Endpoints
-----             -------      -------  ---------------------  -------------------     --------     --------  ----------------------  --------------------
clk_fpga_0          3.508        0.000                      0                 5040        4.146        0.000                       0                  1909


------------------------------------------------------------------------------------------------
| Inter Clock Table
| -----------------
------------------------------------------------------------------------------------------------

From Clock    To Clock          WNS(ns)      TNS(ns)  TNS Failing Endpoints  TNS Total Endpoints
----------    --------          -------      -------  ---------------------  -------------------


------------------------------------------------------------------------------------------------
| Other Path Groups Table
| -----------------------
------------------------------------------------------------------------------------------------

Path Group    From Clock    To Clock          WNS(ns)      TNS(ns)  TNS Failing Endpoints  TNS Total Endpoints
----------    ----------    --------          -------      -------  ---------------------  -------------------


------------------------------------------------------------------------------------------------
| Timing Details
| --------------
------------------------------------------------------------------------------------------------


---------------------------------------------------------------------------------------------------
From Clock:  clk_fpga_0
  To Clock:  clk_fpga_0

Setup :            0  Failing Endpoints,  Worst Slack        3.508ns,  Total Violation        0.000ns
Hold  :           NA  Failing Endpoints,  Worst Slack           NA  ,  Total Violation           NA
PW    :            0  Failing Endpoints,  Worst Slack        4.146ns,  Total Violation        0.000ns
---------------------------------------------------------------------------------------------------


Max Delay Paths
--------------------------------------------------------------------------------------
Slack (MET) :             3.508ns  (required time - arrival time)
  Source:                 mailbox_echo_bd_i/rst_ps7_0_100M/U0/ACTIVE_LOW_PR_OUT_DFF[0].FDRE_PER_N/C
                            (rising edge-triggered cell FDRE clocked by clk_fpga_0  {rise@0.000ns fall@5.000ns period=10.000ns})
  Destination:            mailbox_echo_bd_i/mailbox_0/inst/mailbox_i/tx_data_reg[11][22]/R
                            (rising edge-triggered cell FDRE clocked by clk_fpga_0  {rise@0.000ns fall@5.000ns period=10.000ns})
  Path Group:             clk_fpga_0
  Path Type:              Setup (Max at Slow Process Corner)
  Requirement:            10.000ns  (clk_fpga_0 rise@10.000ns - clk_fpga_0 rise@0.000ns)
  Data Path Delay:        5.761ns  (logic 0.556ns (9.650%)  route 5.205ns (90.350%))
  Logic Levels:           1  (LUT1=1)
  Clock Path Skew:        0.016ns (DCD - SCD + CPR)
    Destination Clock Delay (DCD):    2.370ns = ( 12.370 - 10.000 )
    Source Clock Delay      (SCD):    2.463ns
    Clock Pessimism Removal (CPR):    0.109ns
  Clock Uncertainty:      0.154ns  ((TSJ^2 + TIJ^2)^1/2 + DJ) / 2 + PE
    Total System Jitter     (TSJ):    0.071ns
    Total Input Jitter      (TIJ):    0.300ns
    Discrete Jitter          (DJ):    0.000ns
    Phase Error              (PE):    0.000ns

    Location             Delay type                Incr(ns)  Path(ns)    Netlist Resource(s)
  -------------------------------------------------------------------    -------------------
                         (clock clk_fpga_0 rise edge)
                                                      0.000     0.000 r
    PS7_X0Y0             PS7                          0.000     0.000 r  mailbox_echo_bd_i/processing_system7_0/inst/PS7_i/FCLKCLK[0]
                         net (fo=1, routed)           0.994     0.994    mailbox_echo_bd_i/processing_system7_0/inst/FCLK_CLK0
    BUFGCTRL_X0Y16       BUFG (Prop_bufg_I_O)         0.085     1.079 r  mailbox_echo_bd_i/processing_system7_0/inst/FCLK_CLK0_BUFG_inst/O
                         net (fo=1909, routed)        1.384     2.463    mailbox_echo_bd_i/rst_ps7_0_100M/U0/slowest_sync_clk
    SLICE_X38Y85         FDRE                                         r  mailbox_echo_bd_i/rst_ps7_0_100M/U0/ACTIVE_LOW_PR_OUT_DFF[0].FDRE_PER_N/C
  -------------------------------------------------------------------    -------------------
    SLICE_X38Y85         FDRE (Prop_fdre_C_Q)         0.433     2.896 f  mailbox_echo_bd_i/rst_ps7_0_100M/U0/ACTIVE_LOW_PR_OUT_DFF[0].FDRE_PER_N/Q
                         net (fo=11, routed)          1.362     4.258    mailbox_echo_bd_i/mailbox_0/inst/mailbox_i/s_axi_aresetn
    SLICE_X33Y93         LUT1 (Prop_lut1_I0_O)        0.123     4.381 r  mailbox_echo_bd_i/mailbox_0/inst/mailbox_i/s_axi_awready_i_1/O
                         net (fo=1228, routed)        3.844     8.224    mailbox_echo_bd_i/mailbox_0/inst/mailbox_i/s_axi_awready_i_1_n_0
    SLICE_X46Y108        FDRE                                         r  mailbox_echo_bd_i/mailbox_0/inst/mailbox_i/tx_data_reg[11][22]/R
  -------------------------------------------------------------------    -------------------

                         (clock clk_fpga_0 rise edge)
                                                     10.000    10.000 r
    PS7_X0Y0             PS7                          0.000    10.000 r  mailbox_echo_bd_i/processing_system7_0/inst/PS7_i/FCLKCLK[0]
                         net (fo=1, routed)           0.905    10.906    mailbox_echo_bd_i/processing_system7_0/inst/FCLK_CLK0
    BUFGCTRL_X0Y16       BUFG (Prop_bufg_I_O)         0.077    10.983 r  mailbox_echo_bd_i/processing_system7_0/inst/FCLK_CLK0_BUFG_inst/O
                         net (fo=1909, routed)        1.388    12.370    mailbox_echo_bd_i/mailbox_0/inst/mailbox_i/s_axi_aclk
    SLICE_X46Y108        FDRE                                         r  mailbox_echo_bd_i/mailbox_0/inst/mailbox_i/tx_data_reg[11][22]/C
                         clock pessimism              0.109    12.479
                         clock uncertainty           -0.154    12.325
    SLICE_X46Y108        FDRE (Setup_fdre_C_R)       -0.592    11.733    mailbox_echo_bd_i/mailbox_0/inst/mailbox_i/tx_data_reg[11][22]
  -------------------------------------------------------------------
                         required time                         11.733
                         arrival time                          -8.224
  -------------------------------------------------------------------
                         slack                                  3.508

Slack (MET) :             3.508ns  (required time - arrival time)
  Source:                 mailbox_echo_bd_i/rst_ps7_0_100M/U0/ACTIVE_LOW_PR_OUT_DFF[0].FDRE_PER_N/C
                            (rising edge-triggered cell FDRE clocked by clk_fpga_0  {rise@0.000ns fall@5.000ns period=10.000ns})
  Destination:            mailbox_echo_bd_i/mailbox_0/inst/mailbox_i/tx_data_reg[11][26]/R
                            (rising edge-triggered cell FDRE clocked by clk_fpga_0  {rise@0.000ns fall@5.000ns period=10.000ns})
  Path Group:             clk_fpga_0
  Path Type:              Setup (Max at Slow Process Corner)
  Requirement:            10.000ns  (clk_fpga_0 rise@10.000ns - clk_fpga_0 rise@0.000ns)
  Data Path Delay:        5.761ns  (logic 0.556ns (9.650%)  route 5.205ns (90.350%))
  Logic Levels:           1  (LUT1=1)
  Clock Path Skew:        0.016ns (DCD - SCD + CPR)
    Destination Clock Delay (DCD):    2.370ns = ( 12.370 - 10.000 )
    Source Clock Delay      (SCD):    2.463ns
    Clock Pessimism Removal (CPR):    0.109ns
  Clock Uncertainty:      0.154ns  ((TSJ^2 + TIJ^2)^1/2 + DJ) / 2 + PE
    Total System Jitter     (TSJ):    0.071ns
    Total Input Jitter      (TIJ):    0.300ns
    Discrete Jitter          (DJ):    0.000ns
    Phase Error              (PE):    0.000ns

    Location             Delay type                Incr(ns)  Path(ns)    Netlist Resource(s)
  -------------------------------------------------------------------    -------------------
                         (clock clk_fpga_0 rise edge)
                                                      0.000     0.000 r
    PS7_X0Y0             PS7                          0.000     0.000 r  mailbox_echo_bd_i/processing_system7_0/inst/PS7_i/FCLKCLK[0]
                         net (fo=1, routed)           0.994     0.994    mailbox_echo_bd_i/processing_system7_0/inst/FCLK_CLK0
    BUFGCTRL_X0Y16       BUFG (Prop_bufg_I_O)         0.085     1.079 r  mailbox_echo_bd_i/processing_system7_0/inst/FCLK_CLK0_BUFG_inst/O
                         net (fo=1909, routed)        1.384     2.463    mailbox_echo_bd_i/rst_ps7_0_100M/U0/slowest_sync_clk
    SLICE_X38Y85         FDRE                                         r  mailbox_echo_bd_i/rst_ps7_0_100M/U0/ACTIVE_LOW_PR_OUT_DFF[0].FDRE_PER_N/C
  -------------------------------------------------------------------    -------------------
    SLICE_X38Y85         FDRE (Prop_fdre_C_Q)         0.433     2.896 f  mailbox_echo_bd_i/rst_ps7_0_100M/U0/ACTIVE_LOW_PR_OUT_DFF[0].FDRE_PER_N/Q
                         net (fo=11, routed)          1.362     4.258    mailbox_echo_bd_i/mailbox_0/inst/mailbox_i/s_axi_aresetn
    SLICE_X33Y93         LUT1 (Prop_lut1_I0_O)        0.123     4.381 r  mailbox_echo_bd_i/mailbox_0/inst/mailbox_i/s_axi_awready_i_1/O
                         net (fo=1228, routed)        3.844     8.224    mailbox_echo_bd_i/mailbox_0/inst/mailbox_i/s_axi_awready_i_1_n_0
    SLICE_X46Y108        FDRE                                         r  mailbox_echo_bd_i/mailbox_0/inst/mailbox_i/tx_data_reg[11][26]/R
  -------------------------------------------------------------------    -------------------

                         (clock clk_fpga_0 rise edge)
                                                     10.000    10.000 r
    PS7_X0Y0             PS7                          0.000    10.000 r  mailbox_echo_bd_i/processing_system7_0/inst/PS7_i/FCLKCLK[0]
                         net (fo=1, routed)           0.905    10.906    mailbox_echo_bd_i/processing_system7_0/inst/FCLK_CLK0
    BUFGCTRL_X0Y16       BUFG (Prop_bufg_I_O)         0.077    10.983 r  mailbox_echo_bd_i/processing_system7_0/inst/FCLK_CLK0_BUFG_inst/O
                         net (fo=1909, routed)        1.388    12.370    mailbox_echo_bd_i/mailbox_0/inst/mailbox_i/s_axi_aclk
    SLICE_X46Y108        FDRE                                         r  mailbox_echo_bd_i/mailbox_0/inst/mailbox_i/tx_data_reg[11][26]/C
                         clock pessimism              0.109    12.479
                         clock uncertainty           -0.154    12.325
    SLICE_X46Y108        FDRE (Setup_fdre_C_R)       -0.592    11.733    mailbox_echo_bd_i/mailbox_0/inst/mailbox_i/tx_data_reg[11][26]
  -------------------------------------------------------------------
                         required time                         11.733
                         arrival time                          -8.224
  -------------------------------------------------------------------
                         slack                                  3.508

Slack (MET) :             3.508ns  (required time - arrival time)
  Source:                 mailbox_echo_bd_i/rst_ps7_0_100M/U0/ACTIVE_LOW_PR_OUT_DFF[0].FDRE_PER_N/C
                            (rising edge-triggered cell FDRE clocked by clk_fpga_0  {rise@0.000ns fall@5.000ns period=10.000ns})
  Destination:            mailbox_echo_bd_i/mailbox_0/inst/mailbox_i/tx_data_reg[11][27]/R
                            (rising edge-triggered cell FDRE clocked by clk_fpga_0  {rise@0.000ns fall@5.000ns period=10.000ns})
  Path Group:             clk_fpga_0
  Path Type:              Setup (Max at Slow Process Corner)
  Requirement:            10.000ns  (clk_fpga_0 rise@10.000ns - clk_fpga_0 rise@0.000ns)
  Data Path Delay:        5.761ns  (logic 0.556ns (9.650%)  route 5.205ns (90.350%))
  Logic Levels:           1  (LUT1=1)
  Clock Path Skew:        0.016ns (DCD - SCD + CPR)
    Destination Clock Delay (DCD):    2.370ns = ( 12.370 - 10.000 )
    Source Clock Delay      (SCD):    2.463ns
    Clock Pessimism Removal (CPR):    0.109ns
  Clock Uncertainty:      0.154ns  ((TSJ^2 + TIJ^2)^1/2 + DJ) / 2 + PE
    Total System Jitter     (TSJ):    0.071ns
    Total Input Jitter      (TIJ):    0.300ns
    Discrete Jitter          (DJ):    0.000ns
    Phase Error              (PE):    0.000ns

    Location             Delay type                Incr(ns)  Path(ns)    Netlist Resource(s)
  -------------------------------------------------------------------    -------------------
                         (clock clk_fpga_0 rise edge)
                                                      0.000     0.000 r
    PS7_X0Y0             PS7                          0.000     0.000 r  mailbox_echo_bd_i/processing_system7_0/inst/PS7_i/FCLKCLK[0]
                         net (fo=1, routed)           0.994     0.994    mailbox_echo_bd_i/processing_system7_0/inst/FCLK_CLK0
    BUFGCTRL_X0Y16       BUFG (Prop_bufg_I_O)         0.085     1.079 r  mailbox_echo_bd_i/processing_system7_0/inst/FCLK_CLK0_BUFG_inst/O
                         net (fo=1909, routed)        1.384     2.463    mailbox_echo_bd_i/rst_ps7_0_100M/U0/slowest_sync_clk
    SLICE_X38Y85         FDRE                                         r  mailbox_echo_bd_i/rst_ps7_0_100M/U0/ACTIVE_LOW_PR_OUT_DFF[0].FDRE_PER_N/C
  -------------------------------------------------------------------    -------------------
    SLICE_X38Y85         FDRE (Prop_fdre_C_Q)         0.433     2.896 f  mailbox_echo_bd_i/rst_ps7_0_100M/U0/ACTIVE_LOW_PR_OUT_DFF[0].FDRE_PER_N/Q
                         net (fo=11, routed)          1.362     4.258    mailbox_echo_bd_i/mailbox_0/inst/mailbox_i/s_axi_aresetn
    SLICE_X33Y93         LUT1 (Prop_lut1_I0_O)        0.123     4.381 r  mailbox_echo_bd_i/mailbox_0/inst/mailbox_i/s_axi_awready_i_1/O
                         net (fo=1228, routed)        3.844     8.224    mailbox_echo_bd_i/mailbox_0/inst/mailbox_i/s_axi_awready_i_1_n_0
    SLICE_X46Y108        FDRE                                         r  mailbox_echo_bd_i/mailbox_0/inst/mailbox_i/tx_data_reg[11][27]/R
  -------------------------------------------------------------------    -------------------

                         (clock clk_fpga_0 rise edge)
                                                     10.000    10.000 r
    PS7_X0Y0             PS7                          0.000    10.000 r  mailbox_echo_bd_i/processing_system7_0/inst/PS7_i/FCLKCLK[0]
                         net (fo=1, routed)           0.905    10.906    mailbox_echo_bd_i/processing_system7_0/inst/FCLK_CLK0
    BUFGCTRL_X0Y16       BUFG (Prop_bufg_I_O)         0.077    10.983 r  mailbox_echo_bd_i/processing_system7_0/inst/FCLK_CLK0_BUFG_inst/O
                         net (fo=1909, routed)        1.388    12.370    mailbox_echo_bd_i/mailbox_0/inst/mailbox_i/s_axi_aclk
    SLICE_X46Y108        FDRE                                         r  mailbox_echo_bd_i/mailbox_0/inst/mailbox_i/tx_data_reg[11][27]/C
                         clock pessimism              0.109    12.479
                         clock uncertainty           -0.154    12.325
    SLICE_X46Y108        FDRE (Setup_fdre_C_R)       -0.592    11.733    mailbox_echo_bd_i/mailbox_0/inst/mailbox_i/tx_data_reg[11][27]
  -------------------------------------------------------------------
                         required time                         11.733
                         arrival time                          -8.224
  -------------------------------------------------------------------
                         slack                                  3.508

Slack (MET) :             3.508ns  (required time - arrival time)
  Source:                 mailbox_echo_bd_i/rst_ps7_0_100M/U0/ACTIVE_LOW_PR_OUT_DFF[0].FDRE_PER_N/C
                            (rising edge-triggered cell FDRE clocked by clk_fpga_0  {rise@0.000ns fall@5.000ns period=10.000ns})
  Destination:            mailbox_echo_bd_i/mailbox_0/inst/mailbox_i/tx_data_reg[11][29]/R
                            (rising edge-triggered cell FDRE clocked by clk_fpga_0  {rise@0.000ns fall@5.000ns period=10.000ns})
  Path Group:             clk_fpga_0
  Path Type:              Setup (Max at Slow Process Corner)
  Requirement:            10.000ns  (clk_fpga_0 rise@10.000ns - clk_fpga_0 rise@0.000ns)
  Data Path Delay:        5.761ns  (logic 0.556ns (9.650%)  route 5.205ns (90.350%))
  Logic Levels:           1  (LUT1=1)
  Clock Path Skew:        0.016ns (DCD - SCD + CPR)
    Destination Clock Delay (DCD):    2.370ns = ( 12.370 - 10.000 )
    Source Clock Delay      (SCD):    2.463ns
    Clock Pessimism Removal (CPR):    0.109ns
  Clock Uncertainty:      0.154ns  ((TSJ^2 + TIJ^2)^1/2 + DJ) / 2 + PE
    Total System Jitter     (TSJ):    0.071ns
    Total Input Jitter      (TIJ):    0.300ns
    Discrete Jitter          (DJ):    0.000ns
    Phase Error              (PE):    0.000ns

    Location             Delay type                Incr(ns)  Path(ns)    Netlist Resource(s)
  -------------------------------------------------------------------    -------------------
                         (clock clk_fpga_0 rise edge)
                                                      0.000     0.000 r
    PS7_X0Y0             PS7                          0.000     0.000 r  mailbox_echo_bd_i/processing_system7_0/inst/PS7_i/FCLKCLK[0]
                         net (fo=1, routed)           0.994     0.994    mailbox_echo_bd_i/processing_system7_0/inst/FCLK_CLK0
    BUFGCTRL_X0Y16       BUFG (Prop_bufg_I_O)         0.085     1.079 r  mailbox_echo_bd_i/processing_system7_0/inst/FCLK_CLK0_BUFG_inst/O
                         net (fo=1909, routed)        1.384     2.463    mailbox_echo_bd_i/rst_ps7_0_100M/U0/slowest_sync_clk
    SLICE_X38Y85         FDRE                                         r  mailbox_echo_bd_i/rst_ps7_0_100M/U0/ACTIVE_LOW_PR_OUT_DFF[0].FDRE_PER_N/C
  -------------------------------------------------------------------    -------------------
    SLICE_X38Y85         FDRE (Prop_fdre_C_Q)         0.433     2.896 f  mailbox_echo_bd_i/rst_ps7_0_100M/U0/ACTIVE_LOW_PR_OUT_DFF[0].FDRE_PER_N/Q
                         net (fo=11, routed)          1.362     4.258    mailbox_echo_bd_i/mailbox_0/inst/mailbox_i/s_axi_aresetn
    SLICE_X33Y93         LUT1 (Prop_lut1_I0_O)        0.123     4.381 r  mailbox_echo_bd_i/mailbox_0/inst/mailbox_i/s_axi_awready_i_1/O
                         net (fo=1228, routed)        3.844     8.224    mailbox_echo_bd_i/mailbox_0/inst/mailbox_i/s_axi_awready_i_1_n_0
    SLICE_X46Y108        FDRE                                         r  mailbox_echo_bd_i/mailbox_0/inst/mailbox_i/tx_data_reg[11][29]/R
  -------------------------------------------------------------------    -------------------

                         (clock clk_fpga_0 rise edge)
                                                     10.000    10.000 r
    PS7_X0Y0             PS7                          0.000    10.000 r  mailbox_echo_bd_i/processing_system7_0/inst/PS7_i/FCLKCLK[0]
                         net (fo=1, routed)           0.905    10.906    mailbox_echo_bd_i/processing_system7_0/inst/FCLK_CLK0
    BUFGCTRL_X0Y16       BUFG (Prop_bufg_I_O)         0.077    10.983 r  mailbox_echo_bd_i/processing_system7_0/inst/FCLK_CLK0_BUFG_inst/O
                         net (fo=1909, routed)        1.388    12.370    mailbox_echo_bd_i/mailbox_0/inst/mailbox_i/s_axi_aclk
    SLICE_X46Y108        FDRE                                         r  mailbox_echo_bd_i/mailbox_0/inst/mailbox_i/tx_data_reg[11][29]/C
                         clock pessimism              0.109    12.479
                         clock uncertainty           -0.154    12.325
    SLICE_X46Y108        FDRE (Setup_fdre_C_R)       -0.592    11.733    mailbox_echo_bd_i/mailbox_0/inst/mailbox_i/tx_data_reg[11][29]
  -------------------------------------------------------------------
                         required time                         11.733
                         arrival time                          -8.224
  -------------------------------------------------------------------
                         slack                                  3.508

Slack (MET) :             3.579ns  (required time - arrival time)
  Source:                 mailbox_echo_bd_i/rst_ps7_0_100M/U0/ACTIVE_LOW_PR_OUT_DFF[0].FDRE_PER_N/C
                            (rising edge-triggered cell FDRE clocked by clk_fpga_0  {rise@0.000ns fall@5.000ns period=10.000ns})
  Destination:            mailbox_echo_bd_i/mailbox_0/inst/mailbox_i/tx_data_reg[4][22]/R
                            (rising edge-triggered cell FDRE clocked by clk_fpga_0  {rise@0.000ns fall@5.000ns period=10.000ns})
  Path Group:             clk_fpga_0
  Path Type:              Setup (Max at Slow Process Corner)
  Requirement:            10.000ns  (clk_fpga_0 rise@10.000ns - clk_fpga_0 rise@0.000ns)
  Data Path Delay:        5.761ns  (logic 0.556ns (9.650%)  route 5.205ns (90.350%))
  Logic Levels:           1  (LUT1=1)
  Clock Path Skew:        0.016ns (DCD - SCD + CPR)
    Destination Clock Delay (DCD):    2.370ns = ( 12.370 - 10.000 )
    Source Clock Delay      (SCD):    2.463ns
    Clock Pessimism Removal (CPR):    0.109ns
  Clock Uncertainty:      0.154ns  ((TSJ^2 + TIJ^2)^1/2 + DJ) / 2 + PE
    Total System Jitter     (TSJ):    0.071ns
    Total Input Jitter      (TIJ):    0.300ns
    Discrete Jitter          (DJ):    0.000ns
    Phase Error              (PE):    0.000ns

    Location             Delay type                Incr(ns)  Path(ns)    Netlist Resource(s)
  -------------------------------------------------------------------    -------------------
                         (clock clk_fpga_0 rise edge)
                                                      0.000     0.000 r
    PS7_X0Y0             PS7                          0.000     0.000 r  mailbox_echo_bd_i/processing_system7_0/inst/PS7_i/FCLKCLK[0]
                         net (fo=1, routed)           0.994     0.994    mailbox_echo_bd_i/processing_system7_0/inst/FCLK_CLK0
    BUFGCTRL_X0Y16       BUFG (Prop_bufg_I_O)         0.085     1.079 r  mailbox_echo_bd_i/processing_system7_0/inst/FCLK_CLK0_BUFG_inst/O
                         net (fo=1909, routed)        1.384     2.463    mailbox_echo_bd_i/rst_ps7_0_100M/U0/slowest_sync_clk
    SLICE_X38Y85         FDRE                                         r  mailbox_echo_bd_i/rst_ps7_0_100M/U0/ACTIVE_LOW_PR_OUT_DFF[0].FDRE_PER_N/C
  -------------------------------------------------------------------    -------------------
    SLICE_X38Y85         FDRE (Prop_fdre_C_Q)         0.433     2.896 f  mailbox_echo_bd_i/rst_ps7_0_100M/U0/ACTIVE_LOW_PR_OUT_DFF[0].FDRE_PER_N/Q
                         net (fo=11, routed)          1.362     4.258    mailbox_echo_bd_i/mailbox_0/inst/mailbox_i/s_axi_aresetn
    SLICE_X33Y93         LUT1 (Prop_lut1_I0_O)        0.123     4.381 r  mailbox_echo_bd_i/mailbox_0/inst/mailbox_i/s_axi_awready_i_1/O
                         net (fo=1228, routed)        3.844     8.224    mailbox_echo_bd_i/mailbox_0/inst/mailbox_i/s_axi_awready_i_1_n_0
    SLICE_X47Y108        FDRE                                         r  mailbox_echo_bd_i/mailbox_0/inst/mailbox_i/tx_data_reg[4][22]/R
  -------------------------------------------------------------------    -------------------

                         (clock clk_fpga_0 rise edge)
                                                     10.000    10.000 r
    PS7_X0Y0             PS7                          0.000    10.000 r  mailbox_echo_bd_i/processing_system7_0/inst/PS7_i/FCLKCLK[0]
                         net (fo=1, routed)           0.905    10.906    mailbox_echo_bd_i/processing_system7_0/inst/FCLK_CLK0
    BUFGCTRL_X0Y16       BUFG (Prop_bufg_I_O)         0.077    10.983 r  mailbox_echo_bd_i/processing_system7_0/inst/FCLK_CLK0_BUFG_inst/O
                         net (fo=1909, routed)        1.388    12.370    mailbox_echo_bd_i/mailbox_0/inst/mailbox_i/s_axi_aclk
    SLICE_X47Y108        FDRE                                         r  mailbox_echo_bd_i/mailbox_0/inst/mailbox_i/tx_data_reg[4][22]/C
                         clock pessimism              0.109    12.479
                         clock uncertainty           -0.154    12.325
    SLICE_X47Y108        FDRE (Setup_fdre_C_R)       -0.521    11.804    mailbox_echo_bd_i/mailbox_0/inst/mailbox_i/tx_data_reg[4][22]
  -------------------------------------------------------------------
                         required time                         11.804
                         arrival time                          -8.224
  -------------------------------------------------------------------
                         slack                                  3.579





Pulse Width Checks
--------------------------------------------------------------------------------------
Clock Name:         clk_fpga_0
Waveform(ns):       { 0.000 5.000 }
Period(ns):         10.000
Sources:            { mailbox_echo_bd_i/processing_system7_0/inst/PS7_i/FCLKCLK[0] }

Check Type        Corner  Lib Pin      Reference Pin  Required(ns)  Actual(ns)  Slack(ns)  Location        Pin
Min Period        n/a     BUFG/I       n/a            1.592         10.000      8.408      BUFGCTRL_X0Y16  mailbox_echo_bd_i/processing_system7_0/inst/FCLK_CLK0_BUFG_inst/I
Min Period        n/a     FDRE/C       n/a            1.000         10.000      9.000      SLICE_X34Y89    mailbox_echo_bd_i/mailbox_0/inst/mailbox_i/awaddr_latched_reg[0]/C
Min Period        n/a     FDRE/C       n/a            1.000         10.000      9.000      SLICE_X32Y91    mailbox_echo_bd_i/mailbox_0/inst/mailbox_i/awaddr_latched_reg[10]/C
Min Period        n/a     FDRE/C       n/a            1.000         10.000      9.000      SLICE_X34Y91    mailbox_echo_bd_i/mailbox_0/inst/mailbox_i/awaddr_latched_reg[11]/C
Min Period        n/a     FDRE/C       n/a            1.000         10.000      9.000      SLICE_X31Y94    mailbox_echo_bd_i/mailbox_0/inst/mailbox_i/awaddr_latched_reg[12]/C
Low Pulse Width   Slow    SRLC32E/CLK  n/a            0.854         5.000       4.146      SLICE_X34Y90    mailbox_echo_bd_i/ps7_0_axi_periph/s00_couplers/auto_pc/inst/gen_axilite.gen_b2s_conv.axilite_b2s/RD.r_channel_0/rd_data_fifo_0/memory_reg[31][0]_srl32/CLK
Low Pulse Width   Fast    SRLC32E/CLK  n/a            0.854         5.000       4.146      SLICE_X34Y90    mailbox_echo_bd_i/ps7_0_axi_periph/s00_couplers/auto_pc/inst/gen_axilite.gen_b2s_conv.axilite_b2s/RD.r_channel_0/rd_data_fifo_0/memory_reg[31][0]_srl32/CLK
Low Pulse Width   Slow    SRLC32E/CLK  n/a            0.854         5.000       4.146      SLICE_X38Y92    mailbox_echo_bd_i/ps7_0_axi_periph/s00_couplers/auto_pc/inst/gen_axilite.gen_b2s_conv.axilite_b2s/RD.r_channel_0/rd_data_fifo_0/memory_reg[31][10]_srl32/CLK
Low Pulse Width   Fast    SRLC32E/CLK  n/a            0.854         5.000       4.146      SLICE_X38Y92    mailbox_echo_bd_i/ps7_0_axi_periph/s00_couplers/auto_pc/inst/gen_axilite.gen_b2s_conv.axilite_b2s/RD.r_channel_0/rd_data_fifo_0/memory_reg[31][10]_srl32/CLK
Low Pulse Width   Slow    SRLC32E/CLK  n/a            0.854         5.000       4.146      SLICE_X34Y92    mailbox_echo_bd_i/ps7_0_axi_periph/s00_couplers/auto_pc/inst/gen_axilite.gen_b2s_conv.axilite_b2s/RD.r_channel_0/rd_data_fifo_0/memory_reg[31][11]_srl32/CLK
High Pulse Width  Slow    SRLC32E/CLK  n/a            0.854         5.000       4.146      SLICE_X34Y90    mailbox_echo_bd_i/ps7_0_axi_periph/s00_couplers/auto_pc/inst/gen_axilite.gen_b2s_conv.axilite_b2s/RD.r_channel_0/rd_data_fifo_0/memory_reg[31][0]_srl32/CLK
High Pulse Width  Fast    SRLC32E/CLK  n/a            0.854         5.000       4.146      SLICE_X34Y90    mailbox_echo_bd_i/ps7_0_axi_periph/s00_couplers/auto_pc/inst/gen_axilite.gen_b2s_conv.axilite_b2s/RD.r_channel_0/rd_data_fifo_0/memory_reg[31][0]_srl32/CLK
High Pulse Width  Slow    SRLC32E/CLK  n/a            0.854         5.000       4.146      SLICE_X38Y92    mailbox_echo_bd_i/ps7_0_axi_periph/s00_couplers/auto_pc/inst/gen_axilite.gen_b2s_conv.axilite_b2s/RD.r_channel_0/rd_data_fifo_0/memory_reg[31][10]_srl32/CLK
High Pulse Width  Fast    SRLC32E/CLK  n/a            0.854         5.000       4.146      SLICE_X38Y92    mailbox_echo_bd_i/ps7_0_axi_periph/s00_couplers/auto_pc/inst/gen_axilite.gen_b2s_conv.axilite_b2s/RD.r_channel_0/rd_data_fifo_0/memory_reg[31][10]_srl32/CLK
High Pulse Width  Slow    SRLC32E/CLK  n/a            0.854         5.000       4.146      SLICE_X34Y92    mailbox_echo_bd_i/ps7_0_axi_periph/s00_couplers/auto_pc/inst/gen_axilite.gen_b2s_conv.axilite_b2s/RD.r_channel_0/rd_data_fifo_0/memory_reg[31][11]_srl32/CLK
