Copyright 1986-2021 Xilinx, Inc. All Rights Reserved.
--------------------------------------------------------------------------------------------------------------------------------------------------------------------------------------------------------
| Tool Version : Vivado v.2021.1 (win64) Build 3247384 Thu Jun 10 19:36:33 MDT 2021
| Date         : normalized
| Host         : normalized
| Command      : report_timing_summary -delay_type max -max_paths 10 -file <output_dir>/css_sf7_axi_accelerator_post_route_timing_summary.rpt
| Design       : css_sf7_axi_accelerator
| Device       : 7z020-clg400
| Speed File   : -2  PRODUCTION 1.12 2019-11-22
--------------------------------------------------------------------------------------------------------------------------------------------------------------------------------------------------------

Timing Summary Report

------------------------------------------------------------------------------------------------
| Timer Settings
| --------------
------------------------------------------------------------------------------------------------

  Enable Multi Corner Analysis               :  Yes
  Enable Pessimism Removal                   :  Yes
  Pessimism Removal Resolution               :  Nearest Common Node
  Enable Input Delay Default Clock           :  No
  Enable Preset / Clear Arcs                 :  No
  Disable Flight Delays                      :  No
  Ignore I/O Paths                           :  No
  Timing Early Launch at Borrowing Latches   :  No
  Borrow Time for Max Delay Exceptions       :  Yes
  Merge Timing Exceptions                    :  Yes

  Corner  Analyze    Analyze
  Name    Max Paths  Min Paths
  ------  ---------  ---------
  Slow    Yes        Yes
  Fast    Yes        Yes


------------------------------------------------------------------------------------------------
| Report Methodology
| ------------------
------------------------------------------------------------------------------------------------

No report available as report_methodology has not been run prior. Run report_methodology on the current design for the summary of methodology violations.



check_timing report

Table of Contents
-----------------
1. checking no_clock (0)
2. checking constant_clock (0)
3. checking pulse_width_clock (0)
4. checking unconstrained_internal_endpoints (0)
5. checking no_input_delay (59)
6. checking no_output_delay (199)
7. checking multiple_clock (0)
8. checking generated_clocks (0)
9. checking loops (0)
10. checking partial_input_delay (0)
11. checking partial_output_delay (0)
12. checking latch_loops (0)

1. checking no_clock (0)
------------------------
 There are 0 register/latch pins with no clock.


2. checking constant_clock (0)
------------------------------
 There are 0 register/latch pins with constant_clock.


3. checking pulse_width_clock (0)
---------------------------------
 There are 0 register/latch pins which need pulse_width check


4. checking unconstrained_internal_endpoints (0)
------------------------------------------------
 There are 0 pins that are not constrained for maximum delay.

 There are 0 pins that are not constrained for maximum delay due to constant clock.


5. checking no_input_delay (59)
-------------------------------
 There are 59 input ports with no input delay specified. (HIGH)

 There are 0 input ports with no input delay but user has a false path constraint.


6. checking no_output_delay (199)
---------------------------------
 There are 199 ports with no output delay specified. (HIGH)

 There are 0 ports with no output delay but user has a false path constraint

 There are 0 ports with no output delay but with a timing clock defined on it or propagating through it


7. checking multiple_clock (0)
------------------------------
 There are 0 register/latch pins with multiple clocks.


8. checking generated_clocks (0)
--------------------------------
 There are 0 generated clocks that are not connected to a clock source.


9. checking loops (0)
---------------------
 There are 0 combinational loops in the design.


10. checking partial_input_delay (0)
------------------------------------
 There are 0 input ports with partial input delay specified.


11. checking partial_output_delay (0)
-------------------------------------
 There are 0 ports with partial output delay specified.


12. checking latch_loops (0)
----------------------------
 There are 0 combinational latch loops in the design through latch input



------------------------------------------------------------------------------------------------
| Design Timing Summary
| ---------------------
------------------------------------------------------------------------------------------------

    WNS(ns)      TNS(ns)  TNS Failing Endpoints  TNS Total Endpoints     WPWS(ns)     TPWS(ns)  TPWS Failing Endpoints  TPWS Total Endpoints
    -------      -------  ---------------------  -------------------     --------     --------  ----------------------  --------------------
      0.165        0.000                      0                 3018        3.870        0.000                       0                   959


All user specified timing constraints are met.


------------------------------------------------------------------------------------------------
| Clock Summary
| -------------
------------------------------------------------------------------------------------------------

Clock  Waveform(ns)       Period(ns)      Frequency(MHz)
-----  ------------       ----------      --------------
clk    {0.000 5.000}      10.000          100.000


------------------------------------------------------------------------------------------------
| Intra Clock Table
| -----------------
------------------------------------------------------------------------------------------------

Clock             WNS(ns)      TNS(ns)  TNS Failing Endpoints  TNS Total Endpoints     WPWS(ns)     TPWS(ns)  TPWS Failing Endpoints  TPWS Total Endpoints
-----             -------      -------  ---------------------  -------------------     --------     --------  ----------------------  --------------------
clk                 0.165        0.000                      0                 3018        3.870        0.000                       0                   959


------------------------------------------------------------------------------------------------
| Inter Clock Table
| -----------------
------------------------------------------------------------------------------------------------

From Clock    To Clock          WNS(ns)      TNS(ns)  TNS Failing Endpoints  TNS Total Endpoints
----------    --------          -------      -------  ---------------------  -------------------


------------------------------------------------------------------------------------------------
| Other Path Groups Table
| -----------------------
------------------------------------------------------------------------------------------------

Path Group    From Clock    To Clock          WNS(ns)      TNS(ns)  TNS Failing Endpoints  TNS Total Endpoints
----------    ----------    --------          -------      -------  ---------------------  -------------------


------------------------------------------------------------------------------------------------
| Timing Details
| --------------
------------------------------------------------------------------------------------------------


---------------------------------------------------------------------------------------------------
From Clock:  clk
  To Clock:  clk

Setup :            0  Failing Endpoints,  Worst Slack        0.165ns,  Total Violation        0.000ns
Hold  :           NA  Failing Endpoints,  Worst Slack           NA  ,  Total Violation           NA
PW    :            0  Failing Endpoints,  Worst Slack        3.870ns,  Total Violation        0.000ns
---------------------------------------------------------------------------------------------------


Max Delay Paths
--------------------------------------------------------------------------------------
Slack (MET) :             0.165ns  (required time - arrival time)
  Source:                 u_axis_detector/u_detector/u_dft_core/sample_index_reg[1]/C
                            (rising edge-triggered cell FDRE clocked by clk  {rise@0.000ns fall@5.000ns period=10.000ns})
  Destination:            u_axis_detector/u_detector/u_dft_core/term_pipe_re_reg[9]/D
                            (rising edge-triggered cell FDRE clocked by clk  {rise@0.000ns fall@5.000ns period=10.000ns})
  Path Group:             clk
  Path Type:              Setup (Max at Slow Process Corner)
  Requirement:            10.000ns  (clk rise@10.000ns - clk rise@0.000ns)
  Data Path Delay:        9.712ns  (logic 5.551ns (57.157%)  route 4.161ns (42.843%))
  Logic Levels:           5  (DSP48E1=2 LUT2=1 LUT3=1 RAMD64E=1)
  Clock Path Skew:        -0.120ns (DCD - SCD + CPR)
    Destination Clock Delay (DCD):    1.239ns = ( 11.239 - 10.000 )
    Source Clock Delay      (SCD):    1.456ns
    Clock Pessimism Removal (CPR):    0.097ns
  Clock Uncertainty:      0.035ns  ((TSJ^2 + TIJ^2)^1/2 + DJ) / 2 + PE
    Total System Jitter     (TSJ):    0.071ns
    Total Input Jitter      (TIJ):    0.000ns
    Discrete Jitter          (DJ):    0.000ns
    Phase Error              (PE):    0.000ns

    Location             Delay type                Incr(ns)  Path(ns)    Netlist Resource(s)
  -------------------------------------------------------------------    -------------------
                         (clock clk rise edge)        0.000     0.000 r
                                                      0.000     0.000 r  aclk (IN)
                         net (fo=970, unset)          1.456     1.456    u_axis_detector/u_detector/u_dft_core/aclk
    SLICE_X31Y26         FDRE                                         r  u_axis_detector/u_detector/u_dft_core/sample_index_reg[1]/C
  -------------------------------------------------------------------    -------------------
    SLICE_X31Y26         FDRE (Prop_fdre_C_Q)         0.348     1.804 r  u_axis_detector/u_detector/u_dft_core/sample_index_reg[1]/Q
                         net (fo=72, routed)          1.154     2.958    u_axis_detector/u_detector/u_symbol_buffer/mem_re_reg_64_127_3_5/ADDRC1
    SLICE_X34Y27         RAMD64E (Prop_ramd64e_RADR1_O)
                                                      0.240     3.198 r  u_axis_detector/u_detector/u_symbol_buffer/mem_re_reg_64_127_3_5/RAMC/O
                         net (fo=1, routed)           0.900     4.098    u_axis_detector/u_detector/u_symbol_buffer/mem_re_reg_64_127_3_5_n_2
    SLICE_X33Y25         LUT3 (Prop_lut3_I0_O)        0.105     4.203 r  u_axis_detector/u_detector/u_symbol_buffer/product_ri_i_11/O
                         net (fo=2, routed)           0.689     4.892    u_axis_detector/u_detector/u_dft_core/A[5]
    DSP48_X2Y8           DSP48E1 (Prop_dsp48e1_A[5]_P[25])
                                                      3.230     8.122 r  u_axis_detector/u_detector/u_dft_core/product_rr/P[25]
                         net (fo=1, routed)           0.900     9.022    u_axis_detector/u_detector/u_dft_core/product_rr__0[25]
    DSP48_X2Y10          DSP48E1 (Prop_dsp48e1_C[25]_P[24])
                                                      1.523    10.545 r  u_axis_detector/u_detector/u_dft_core/full_term_re/P[24]
                         net (fo=1, routed)           0.518    11.063    u_axis_detector/u_detector/u_dft_core/full_term_re_n_81
    SLICE_X35Y26         LUT2 (Prop_lut2_I1_O)        0.105    11.168 r  u_axis_detector/u_detector/u_dft_core/term_pipe_re[9]_i_1/O
                         net (fo=1, routed)           0.000    11.168    u_axis_detector/u_detector/u_dft_core/term_pipe_re[9]_i_1_n_0
    SLICE_X35Y26         FDRE                                         r  u_axis_detector/u_detector/u_dft_core/term_pipe_re_reg[9]/D
  -------------------------------------------------------------------    -------------------

                         (clock clk rise edge)       10.000    10.000 r
                                                      0.000    10.000 r  aclk (IN)
                         net (fo=970, unset)          1.239    11.239    u_axis_detector/u_detector/u_dft_core/aclk
    SLICE_X35Y26         FDRE                                         r  u_axis_detector/u_detector/u_dft_core/term_pipe_re_reg[9]/C
                         clock pessimism              0.097    11.336
                         clock uncertainty           -0.035    11.301
    SLICE_X35Y26         FDRE (Setup_fdre_C_D)        0.032    11.333    u_axis_detector/u_detector/u_dft_core/term_pipe_re_reg[9]
  -------------------------------------------------------------------
                         required time                         11.333
                         arrival time                         -11.168
  -------------------------------------------------------------------
                         slack                                  0.165

Slack (MET) :             0.187ns  (required time - arrival time)
  Source:                 u_axis_detector/u_detector/u_dft_core/sample_index_reg[1]/C
                            (rising edge-triggered cell FDRE clocked by clk  {rise@0.000ns fall@5.000ns period=10.000ns})
  Destination:            u_axis_detector/u_detector/u_dft_core/term_pipe_re_reg[11]/D
                            (rising edge-triggered cell FDRE clocked by clk  {rise@0.000ns fall@5.000ns period=10.000ns})
  Path Group:             clk
  Path Type:              Setup (Max at Slow Process Corner)
  Requirement:            10.000ns  (clk rise@10.000ns - clk rise@0.000ns)
  Data Path Delay:        9.691ns  (logic 5.551ns (57.279%)  route 4.140ns (42.721%))
  Logic Levels:           5  (DSP48E1=2 LUT2=1 LUT3=1 RAMD64E=1)
  Clock Path Skew:        -0.118ns (DCD - SCD + CPR)
    Destination Clock Delay (DCD):    1.241ns = ( 11.241 - 10.000 )
    Source Clock Delay      (SCD):    1.456ns
    Clock Pessimism Removal (CPR):    0.097ns
  Clock Uncertainty:      0.035ns  ((TSJ^2 + TIJ^2)^1/2 + DJ) / 2 + PE
    Total System Jitter     (TSJ):    0.071ns
    Total Input Jitter      (TIJ):    0.000ns
    Discrete Jitter          (DJ):    0.000ns
    Phase Error              (PE):    0.000ns

    Location             Delay type                Incr(ns)  Path(ns)    Netlist Resource(s)
  -------------------------------------------------------------------    -------------------
                         (clock clk rise edge)        0.000     0.000 r
                                                      0.000     0.000 r  aclk (IN)
                         net (fo=970, unset)          1.456     1.456    u_axis_detector/u_detector/u_dft_core/aclk
    SLICE_X31Y26         FDRE                                         r  u_axis_detector/u_detector/u_dft_core/sample_index_reg[1]/C
  -------------------------------------------------------------------    -------------------
    SLICE_X31Y26         FDRE (Prop_fdre_C_Q)         0.348     1.804 r  u_axis_detector/u_detector/u_dft_core/sample_index_reg[1]/Q
                         net (fo=72, routed)          1.154     2.958    u_axis_detector/u_detector/u_symbol_buffer/mem_re_reg_64_127_3_5/ADDRC1
    SLICE_X34Y27         RAMD64E (Prop_ramd64e_RADR1_O)
                                                      0.240     3.198 r  u_axis_detector/u_detector/u_symbol_buffer/mem_re_reg_64_127_3_5/RAMC/O
                         net (fo=1, routed)           0.900     4.098    u_axis_detector/u_detector/u_symbol_buffer/mem_re_reg_64_127_3_5_n_2
    SLICE_X33Y25         LUT3 (Prop_lut3_I0_O)        0.105     4.203 r  u_axis_detector/u_detector/u_symbol_buffer/product_ri_i_11/O
                         net (fo=2, routed)           0.689     4.892    u_axis_detector/u_detector/u_dft_core/A[5]
    DSP48_X2Y8           DSP48E1 (Prop_dsp48e1_A[5]_P[25])
                                                      3.230     8.122 r  u_axis_detector/u_detector/u_dft_core/product_rr/P[25]
                         net (fo=1, routed)           0.900     9.022    u_axis_detector/u_detector/u_dft_core/product_rr__0[25]
    DSP48_X2Y10          DSP48E1 (Prop_dsp48e1_C[25]_P[26])
                                                      1.523    10.545 r  u_axis_detector/u_detector/u_dft_core/full_term_re/P[26]
                         net (fo=1, routed)           0.497    11.042    u_axis_detector/u_detector/u_dft_core/full_term_re_n_79
    SLICE_X35Y28         LUT2 (Prop_lut2_I1_O)        0.105    11.147 r  u_axis_detector/u_detector/u_dft_core/term_pipe_re[11]_i_1/O
                         net (fo=1, routed)           0.000    11.147    u_axis_detector/u_detector/u_dft_core/term_pipe_re[11]_i_1_n_0
    SLICE_X35Y28         FDRE                                         r  u_axis_detector/u_detector/u_dft_core/term_pipe_re_reg[11]/D
  -------------------------------------------------------------------    -------------------

                         (clock clk rise edge)       10.000    10.000 r
                                                      0.000    10.000 r  aclk (IN)
                         net (fo=970, unset)          1.241    11.241    u_axis_detector/u_detector/u_dft_core/aclk
    SLICE_X35Y28         FDRE                                         r  u_axis_detector/u_detector/u_dft_core/term_pipe_re_reg[11]/C
                         clock pessimism              0.097    11.338
                         clock uncertainty           -0.035    11.303
    SLICE_X35Y28         FDRE (Setup_fdre_C_D)        0.032    11.335    u_axis_detector/u_detector/u_dft_core/term_pipe_re_reg[11]
  -------------------------------------------------------------------
                         required time                         11.335
                         arrival time                         -11.147
  -------------------------------------------------------------------
                         slack                                  0.187

Slack (MET) :             0.187ns  (required time - arrival time)
  Source:                 u_axis_detector/u_detector/u_dft_core/sample_index_reg[1]/C
                            (rising edge-triggered cell FDRE clocked by clk  {rise@0.000ns fall@5.000ns period=10.000ns})
  Destination:            u_axis_detector/u_detector/u_dft_core/term_pipe_re_reg[12]/D
                            (rising edge-triggered cell FDRE clocked by clk  {rise@0.000ns fall@5.000ns period=10.000ns})
  Path Group:             clk
  Path Type:              Setup (Max at Slow Process Corner)
  Requirement:            10.000ns  (clk rise@10.000ns - clk rise@0.000ns)
  Data Path Delay:        9.691ns  (logic 5.551ns (57.279%)  route 4.140ns (42.721%))
  Logic Levels:           5  (DSP48E1=2 LUT2=1 LUT3=1 RAMD64E=1)
  Clock Path Skew:        -0.118ns (DCD - SCD + CPR)
    Destination Clock Delay (DCD):    1.241ns = ( 11.241 - 10.000 )
    Source Clock Delay      (SCD):    1.456ns
    Clock Pessimism Removal (CPR):    0.097ns
  Clock Uncertainty:      0.035ns  ((TSJ^2 + TIJ^2)^1/2 + DJ) / 2 + PE
    Total System Jitter     (TSJ):    0.071ns
    Total Input Jitter      (TIJ):    0.000ns
    Discrete Jitter          (DJ):    0.000ns
    Phase Error              (PE):    0.000ns

    Location             Delay type                Incr(ns)  Path(ns)    Netlist Resource(s)
  -------------------------------------------------------------------    -------------------
                         (clock clk rise edge)        0.000     0.000 r
                                                      0.000     0.000 r  aclk (IN)
                         net (fo=970, unset)          1.456     1.456    u_axis_detector/u_detector/u_dft_core/aclk
    SLICE_X31Y26         FDRE                                         r  u_axis_detector/u_detector/u_dft_core/sample_index_reg[1]/C
  -------------------------------------------------------------------    -------------------
    SLICE_X31Y26         FDRE (Prop_fdre_C_Q)         0.348     1.804 r  u_axis_detector/u_detector/u_dft_core/sample_index_reg[1]/Q
                         net (fo=72, routed)          1.154     2.958    u_axis_detector/u_detector/u_symbol_buffer/mem_re_reg_64_127_3_5/ADDRC1
    SLICE_X34Y27         RAMD64E (Prop_ramd64e_RADR1_O)
                                                      0.240     3.198 r  u_axis_detector/u_detector/u_symbol_buffer/mem_re_reg_64_127_3_5/RAMC/O
                         net (fo=1, routed)           0.900     4.098    u_axis_detector/u_detector/u_symbol_buffer/mem_re_reg_64_127_3_5_n_2
    SLICE_X33Y25         LUT3 (Prop_lut3_I0_O)        0.105     4.203 r  u_axis_detector/u_detector/u_symbol_buffer/product_ri_i_11/O
                         net (fo=2, routed)           0.689     4.892    u_axis_detector/u_detector/u_dft_core/A[5]
    DSP48_X2Y8           DSP48E1 (Prop_dsp48e1_A[5]_P[25])
                                                      3.230     8.122 r  u_axis_detector/u_detector/u_dft_core/product_rr/P[25]
                         net (fo=1, routed)           0.900     9.022    u_axis_detector/u_detector/u_dft_core/product_rr__0[25]
    DSP48_X2Y10          DSP48E1 (Prop_dsp48e1_C[25]_P[27])
                                                      1.523    10.545 r  u_axis_detector/u_detector/u_dft_core/full_term_re/P[27]
                         net (fo=1, routed)           0.497    11.042    u_axis_detector/u_detector/u_dft_core/full_term_re_n_78
    SLICE_X35Y28         LUT2 (Prop_lut2_I1_O)        0.105    11.147 r  u_axis_detector/u_detector/u_dft_core/term_pipe_re[12]_i_1/O
                         net (fo=1, routed)           0.000    11.147    u_axis_detector/u_detector/u_dft_core/term_pipe_re[12]_i_1_n_0
    SLICE_X35Y28         FDRE                                         r  u_axis_detector/u_detector/u_dft_core/term_pipe_re_reg[12]/D
  -------------------------------------------------------------------    -------------------

                         (clock clk rise edge)       10.000    10.000 r
                                                      0.000    10.000 r  aclk (IN)
                         net (fo=970, unset)          1.241    11.241    u_axis_detector/u_detector/u_dft_core/aclk
    SLICE_X35Y28         FDRE                                         r  u_axis_detector/u_detector/u_dft_core/term_pipe_re_reg[12]/C
                         clock pessimism              0.097    11.338
                         clock uncertainty           -0.035    11.303
    SLICE_X35Y28         FDRE (Setup_fdre_C_D)        0.032    11.335    u_axis_detector/u_detector/u_dft_core/term_pipe_re_reg[12]
  -------------------------------------------------------------------
                         required time                         11.335
                         arrival time                         -11.147
  -------------------------------------------------------------------
                         slack                                  0.187

Slack (MET) :             0.193ns  (required time - arrival time)
  Source:                 u_axis_detector/u_detector/u_dft_core/sample_index_reg[1]/C
                            (rising edge-triggered cell FDRE clocked by clk  {rise@0.000ns fall@5.000ns period=10.000ns})
  Destination:            u_axis_detector/u_detector/u_dft_core/term_pipe_re_reg[5]/D
                            (rising edge-triggered cell FDRE clocked by clk  {rise@0.000ns fall@5.000ns period=10.000ns})
  Path Group:             clk
  Path Type:              Setup (Max at Slow Process Corner)
  Requirement:            10.000ns  (clk rise@10.000ns - clk rise@0.000ns)
  Data Path Delay:        9.683ns  (logic 5.551ns (57.328%)  route 4.132ns (42.672%))
  Logic Levels:           5  (DSP48E1=2 LUT2=1 LUT3=1 RAMD64E=1)
  Clock Path Skew:        -0.121ns (DCD - SCD + CPR)
    Destination Clock Delay (DCD):    1.238ns = ( 11.238 - 10.000 )
    Source Clock Delay      (SCD):    1.456ns
    Clock Pessimism Removal (CPR):    0.097ns
  Clock Uncertainty:      0.035ns  ((TSJ^2 + TIJ^2)^1/2 + DJ) / 2 + PE
    Total System Jitter     (TSJ):    0.071ns
    Total Input Jitter      (TIJ):    0.000ns
    Discrete Jitter          (DJ):    0.000ns
    Phase Error              (PE):    0.000ns

    Location             Delay type                Incr(ns)  Path(ns)    Netlist Resource(s)
  -------------------------------------------------------------------    -------------------
                         (clock clk rise edge)        0.000     0.000 r
                                                      0.000     0.000 r  aclk (IN)
                         net (fo=970, unset)          1.456     1.456    u_axis_detector/u_detector/u_dft_core/aclk
    SLICE_X31Y26         FDRE                                         r  u_axis_detector/u_detector/u_dft_core/sample_index_reg[1]/C
  -------------------------------------------------------------------    -------------------
    SLICE_X31Y26         FDRE (Prop_fdre_C_Q)         0.348     1.804 r  u_axis_detector/u_detector/u_dft_core/sample_index_reg[1]/Q
                         net (fo=72, routed)          1.154     2.958    u_axis_detector/u_detector/u_symbol_buffer/mem_re_reg_64_127_3_5/ADDRC1
    SLICE_X34Y27         RAMD64E (Prop_ramd64e_RADR1_O)
                                                      0.240     3.198 r  u_axis_detector/u_detector/u_symbol_buffer/mem_re_reg_64_127_3_5/RAMC/O
                         net (fo=1, routed)           0.900     4.098    u_axis_detector/u_detector/u_symbol_buffer/mem_re_reg_64_127_3_5_n_2
    SLICE_X33Y25         LUT3 (Prop_lut3_I0_O)        0.105     4.203 r  u_axis_detector/u_detector/u_symbol_buffer/product_ri_i_11/O
                         net (fo=2, routed)           0.689     4.892    u_axis_detector/u_detector/u_dft_core/A[5]
    DSP48_X2Y8           DSP48E1 (Prop_dsp48e1_A[5]_P[25])
                                                      3.230     8.122 r  u_axis_detector/u_detector/u_dft_core/product_rr/P[25]
                         net (fo=1, routed)           0.900     9.022    u_axis_detector/u_detector/u_dft_core/product_rr__0[25]
    DSP48_X2Y10          DSP48E1 (Prop_dsp48e1_C[25]_P[20])
                                                      1.523    10.545 r  u_axis_detector/u_detector/u_dft_core/full_term_re/P[20]
                         net (fo=1, routed)           0.489    11.034    u_axis_detector/u_detector/u_dft_core/full_term_re_n_85
    SLICE_X35Y25         LUT2 (Prop_lut2_I1_O)        0.105    11.139 r  u_axis_detector/u_detector/u_dft_core/term_pipe_re[5]_i_1/O
                         net (fo=1, routed)           0.000    11.139    u_axis_detector/u_detector/u_dft_core/term_pipe_re[5]_i_1_n_0
    SLICE_X35Y25         FDRE                                         r  u_axis_detector/u_detector/u_dft_core/term_pipe_re_reg[5]/D
  -------------------------------------------------------------------    -------------------

                         (clock clk rise edge)       10.000    10.000 r
                                                      0.000    10.000 r  aclk (IN)
                         net (fo=970, unset)          1.238    11.238    u_axis_detector/u_detector/u_dft_core/aclk
    SLICE_X35Y25         FDRE                                         r  u_axis_detector/u_detector/u_dft_core/term_pipe_re_reg[5]/C
                         clock pessimism              0.097    11.335
                         clock uncertainty           -0.035    11.300
    SLICE_X35Y25         FDRE (Setup_fdre_C_D)        0.032    11.332    u_axis_detector/u_detector/u_dft_core/term_pipe_re_reg[5]
  -------------------------------------------------------------------
                         required time                         11.332
                         arrival time                         -11.139
  -------------------------------------------------------------------
                         slack                                  0.193

Slack (MET) :             0.193ns  (required time - arrival time)
  Source:                 u_axis_detector/u_detector/u_dft_core/sample_index_reg[1]/C
                            (rising edge-triggered cell FDRE clocked by clk  {rise@0.000ns fall@5.000ns period=10.000ns})
  Destination:            u_axis_detector/u_detector/u_dft_core/term_pipe_re_reg[15]/D
                            (rising edge-triggered cell FDRE clocked by clk  {rise@0.000ns fall@5.000ns period=10.000ns})
  Path Group:             clk
  Path Type:              Setup (Max at Slow Process Corner)
  Requirement:            10.000ns  (clk rise@10.000ns - clk rise@0.000ns)
  Data Path Delay:        9.687ns  (logic 5.551ns (57.302%)  route 4.136ns (42.698%))
  Logic Levels:           5  (DSP48E1=2 LUT2=1 LUT3=1 RAMD64E=1)
  Clock Path Skew:        -0.116ns (DCD - SCD + CPR)
    Destination Clock Delay (DCD):    1.243ns = ( 11.243 - 10.000 )
    Source Clock Delay      (SCD):    1.456ns
    Clock Pessimism Removal (CPR):    0.097ns
  Clock Uncertainty:      0.035ns  ((TSJ^2 + TIJ^2)^1/2 + DJ) / 2 + PE
    Total System Jitter     (TSJ):    0.071ns
    Total Input Jitter      (TIJ):    0.000ns
    Discrete Jitter          (DJ):    0.000ns
    Phase Error              (PE):    0.000ns

    Location             Delay type                Incr(ns)  Path(ns)    Netlist Resource(s)
  -------------------------------------------------------------------    -------------------
                         (clock clk rise edge)        0.000     0.000 r
                                                      0.000     0.000 r  aclk (IN)
                         net (fo=970, unset)          1.456     1.456    u_axis_detector/u_detector/u_dft_core/aclk
    SLICE_X31Y26         FDRE                                         r  u_axis_detector/u_detector/u_dft_core/sample_index_reg[1]/C
  -------------------------------------------------------------------    -------------------
    SLICE_X31Y26         FDRE (Prop_fdre_C_Q)         0.348     1.804 r  u_axis_detector/u_detector/u_dft_core/sample_index_reg[1]/Q
                         net (fo=72, routed)          1.154     2.958    u_axis_detector/u_detector/u_symbol_buffer/mem_re_reg_64_127_3_5/ADDRC1
    SLICE_X34Y27         RAMD64E (Prop_ramd64e_RADR1_O)
                                                      0.240     3.198 r  u_axis_detector/u_detector/u_symbol_buffer/mem_re_reg_64_127_3_5/RAMC/O
                         net (fo=1, routed)           0.900     4.098    u_axis_detector/u_detector/u_symbol_buffer/mem_re_reg_64_127_3_5_n_2
    SLICE_X33Y25         LUT3 (Prop_lut3_I0_O)        0.105     4.203 r  u_axis_detector/u_detector/u_symbol_buffer/product_ri_i_11/O
                         net (fo=2, routed)           0.689     4.892    u_axis_detector/u_detector/u_dft_core/A[5]
    DSP48_X2Y8           DSP48E1 (Prop_dsp48e1_A[5]_P[25])
                                                      3.230     8.122 r  u_axis_detector/u_detector/u_dft_core/product_rr/P[25]
                         net (fo=1, routed)           0.900     9.022    u_axis_detector/u_detector/u_dft_core/product_rr__0[25]
    DSP48_X2Y10          DSP48E1 (Prop_dsp48e1_C[25]_P[30])
                                                      1.523    10.545 r  u_axis_detector/u_detector/u_dft_core/full_term_re/P[30]
                         net (fo=1, routed)           0.493    11.038    u_axis_detector/u_detector/u_dft_core/full_term_re_n_75
    SLICE_X35Y29         LUT2 (Prop_lut2_I1_O)        0.105    11.143 r  u_axis_detector/u_detector/u_dft_core/term_pipe_re[15]_i_1/O
                         net (fo=1, routed)           0.000    11.143    u_axis_detector/u_detector/u_dft_core/term_pipe_re[15]_i_1_n_0
    SLICE_X35Y29         FDRE                                         r  u_axis_detector/u_detector/u_dft_core/term_pipe_re_reg[15]/D
  -------------------------------------------------------------------    -------------------

                         (clock clk rise edge)       10.000    10.000 r
                                                      0.000    10.000 r  aclk (IN)
                         net (fo=970, unset)          1.243    11.243    u_axis_detector/u_detector/u_dft_core/aclk
    SLICE_X35Y29         FDRE                                         r  u_axis_detector/u_detector/u_dft_core/term_pipe_re_reg[15]/C
                         clock pessimism              0.097    11.340
                         clock uncertainty           -0.035    11.305
    SLICE_X35Y29         FDRE (Setup_fdre_C_D)        0.032    11.337    u_axis_detector/u_detector/u_dft_core/term_pipe_re_reg[15]
  -------------------------------------------------------------------
                         required time                         11.337
                         arrival time                         -11.143
  -------------------------------------------------------------------
                         slack                                  0.193

Slack (MET) :             0.194ns  (required time - arrival time)
  Source:                 u_axis_detector/u_detector/u_dft_core/sample_index_reg[1]/C
                            (rising edge-triggered cell FDRE clocked by clk  {rise@0.000ns fall@5.000ns period=10.000ns})
  Destination:            u_axis_detector/u_detector/u_dft_core/term_pipe_re_reg[0]/D
                            (rising edge-triggered cell FDRE clocked by clk  {rise@0.000ns fall@5.000ns period=10.000ns})
  Path Group:             clk
  Path Type:              Setup (Max at Slow Process Corner)
  Requirement:            10.000ns  (clk rise@10.000ns - clk rise@0.000ns)
  Data Path Delay:        9.683ns  (logic 5.551ns (57.328%)  route 4.132ns (42.672%))
  Logic Levels:           5  (DSP48E1=2 LUT2=1 LUT3=1 RAMD64E=1)
  Clock Path Skew:        -0.118ns (DCD - SCD + CPR)
    Destination Clock Delay (DCD):    1.241ns = ( 11.241 - 10.000 )
    Source Clock Delay      (SCD):    1.456ns
    Clock Pessimism Removal (CPR):    0.097ns
  Clock Uncertainty:      0.035ns  ((TSJ^2 + TIJ^2)^1/2 + DJ) / 2 + PE
    Total System Jitter     (TSJ):    0.071ns
    Total Input Jitter      (TIJ):    0.000ns
    Discrete Jitter          (DJ):    0.000ns
    Phase Error              (PE):    0.000ns

    Location             Delay type                Incr(ns)  Path(ns)    Netlist Resource(s)
  -------------------------------------------------------------------    -------------------
                         (clock clk rise edge)        0.000     0.000 r
                                                      0.000     0.000 r  aclk (IN)
                         net (fo=970, unset)          1.456     1.456    u_axis_detector/u_detector/u_dft_core/aclk
    SLICE_X31Y26         FDRE                                         r  u_axis_detector/u_detector/u_dft_core/sample_index_reg[1]/C
  -------------------------------------------------------------------    -------------------
    SLICE_X31Y26         FDRE (Prop_fdre_C_Q)         0.348     1.804 r  u_axis_detector/u_detector/u_dft_core/sample_index_reg[1]/Q
                         net (fo=72, routed)          1.154     2.958    u_axis_detector/u_detector/u_symbol_buffer/mem_re_reg_64_127_3_5/ADDRC1
    SLICE_X34Y27         RAMD64E (Prop_ramd64e_RADR1_O)
                                                      0.240     3.198 r  u_axis_detector/u_detector/u_symbol_buffer/mem_re_reg_64_127_3_5/RAMC/O
                         net (fo=1, routed)           0.900     4.098    u_axis_detector/u_detector/u_symbol_buffer/mem_re_reg_64_127_3_5_n_2
    SLICE_X33Y25         LUT3 (Prop_lut3_I0_O)        0.105     4.203 r  u_axis_detector/u_detector/u_symbol_buffer/product_ri_i_11/O
                         net (fo=2, routed)           0.689     4.892    u_axis_detector/u_detector/u_dft_core/A[5]
    DSP48_X2Y8           DSP48E1 (Prop_dsp48e1_A[5]_P[25])
                                                      3.230     8.122 r  u_axis_detector/u_detector/u_dft_core/product_rr/P[25]
                         net (fo=1, routed)           0.900     9.022    u_axis_detector/u_detector/u_dft_core/product_rr__0[25]
    DSP48_X2Y10          DSP48E1 (Prop_dsp48e1_C[25]_P[15])
                                                      1.523    10.545 r  u_axis_detector/u_detector/u_dft_core/full_term_re/P[15]
                         net (fo=1, routed)           0.489    11.034    u_axis_detector/u_detector/u_dft_core/full_term_re_n_90
    SLICE_X35Y28         LUT2 (Prop_lut2_I1_O)        0.105    11.139 r  u_axis_detector/u_detector/u_dft_core/term_pipe_re[0]_i_1/O
                         net (fo=1, routed)           0.000    11.139    u_axis_detector/u_detector/u_dft_core/term_pipe_re[0]_i_1_n_0
    SLICE_X35Y28         FDRE                                         r  u_axis_detector/u_detector/u_dft_core/term_pipe_re_reg[0]/D
  -------------------------------------------------------------------    -------------------

                         (clock clk rise edge)       10.000    10.000 r
                                                      0.000    10.000 r  aclk (IN)
                         net (fo=970, unset)          1.241    11.241    u_axis_detector/u_detector/u_dft_core/aclk
    SLICE_X35Y28         FDRE                                         r  u_axis_detector/u_detector/u_dft_core/term_pipe_re_reg[0]/C
                         clock pessimism              0.097    11.338
                         clock uncertainty           -0.035    11.303
    SLICE_X35Y28         FDRE (Setup_fdre_C_D)        0.030    11.333    u_axis_detector/u_detector/u_dft_core/term_pipe_re_reg[0]
  -------------------------------------------------------------------
                         required time                         11.333
                         arrival time                         -11.139
  -------------------------------------------------------------------
                         slack                                  0.194

Slack (MET) :             0.195ns  (required time - arrival time)
  Source:                 u_axis_detector/u_detector/u_dft_core/sample_index_reg[1]/C
                            (rising edge-triggered cell FDRE clocked by clk  {rise@0.000ns fall@5.000ns period=10.000ns})
  Destination:            u_axis_detector/u_detector/u_dft_core/term_pipe_re_reg[1]/D
                            (rising edge-triggered cell FDRE clocked by clk  {rise@0.000ns fall@5.000ns period=10.000ns})
  Path Group:             clk
  Path Type:              Setup (Max at Slow Process Corner)
  Requirement:            10.000ns  (clk rise@10.000ns - clk rise@0.000ns)
  Data Path Delay:        9.687ns  (logic 5.551ns (57.304%)  route 4.136ns (42.696%))
  Logic Levels:           5  (DSP48E1=2 LUT2=1 LUT3=1 RAMD64E=1)
  Clock Path Skew:        -0.116ns (DCD - SCD + CPR)
    Destination Clock Delay (DCD):    1.243ns = ( 11.243 - 10.000 )
    Source Clock Delay      (SCD):    1.456ns
    Clock Pessimism Removal (CPR):    0.097ns
  Clock Uncertainty:      0.035ns  ((TSJ^2 + TIJ^2)^1/2 + DJ) / 2 + PE
    Total System Jitter     (TSJ):    0.071ns
    Total Input Jitter      (TIJ):    0.000ns
    Discrete Jitter          (DJ):    0.000ns
    Phase Error              (PE):    0.000ns

    Location             Delay type                Incr(ns)  Path(ns)    Netlist Resource(s)
  -------------------------------------------------------------------    -------------------
                         (clock clk rise edge)        0.000     0.000 r
                                                      0.000     0.000 r  aclk (IN)
                         net (fo=970, unset)          1.456     1.456    u_axis_detector/u_detector/u_dft_core/aclk
    SLICE_X31Y26         FDRE                                         r  u_axis_detector/u_detector/u_dft_core/sample_index_reg[1]/C
  -------------------------------------------------------------------    -------------------
    SLICE_X31Y26         FDRE (Prop_fdre_C_Q)         0.348     1.804 r  u_axis_detector/u_detector/u_dft_core/sample_index_reg[1]/Q
                         net (fo=72, routed)          1.154     2.958    u_axis_detector/u_detector/u_symbol_buffer/mem_re_reg_64_127_3_5/ADDRC1
    SLICE_X34Y27         RAMD64E (Prop_ramd64e_RADR1_O)
                                                      0.240     3.198 r  u_axis_detector/u_detector/u_symbol_buffer/mem_re_reg_64_127_3_5/RAMC/O
                         net (fo=1, routed)           0.900     4.098    u_axis_detector/u_detector/u_symbol_buffer/mem_re_reg_64_127_3_5_n_2
    SLICE_X33Y25         LUT3 (Prop_lut3_I0_O)        0.105     4.203 r  u_axis_detector/u_detector/u_symbol_buffer/product_ri_i_11/O
                         net (fo=2, routed)           0.689     4.892    u_axis_detector/u_detector/u_dft_core/A[5]
    DSP48_X2Y8           DSP48E1 (Prop_dsp48e1_A[5]_P[25])
                                                      3.230     8.122 r  u_axis_detector/u_detector/u_dft_core/product_rr/P[25]
                         net (fo=1, routed)           0.900     9.022    u_axis_detector/u_detector/u_dft_core/product_rr__0[25]
    DSP48_X2Y10          DSP48E1 (Prop_dsp48e1_C[25]_P[16])
                                                      1.523    10.545 r  u_axis_detector/u_detector/u_dft_core/full_term_re/P[16]
                         net (fo=1, routed)           0.493    11.038    u_axis_detector/u_detector/u_dft_core/full_term_re_n_89
    SLICE_X35Y29         LUT2 (Prop_lut2_I1_O)        0.105    11.143 r  u_axis_detector/u_detector/u_dft_core/term_pipe_re[1]_i_1/O
                         net (fo=1, routed)           0.000    11.143    u_axis_detector/u_detector/u_dft_core/term_pipe_re[1]_i_1_n_0
    SLICE_X35Y29         FDRE                                         r  u_axis_detector/u_detector/u_dft_core/term_pipe_re_reg[1]/D
  -------------------------------------------------------------------    -------------------

                         (clock clk rise edge)       10.000    10.000 r
                                                      0.000    10.000 r  aclk (IN)
                         net (fo=970, unset)          1.243    11.243    u_axis_detector/u_detector/u_dft_core/aclk
    SLICE_X35Y29         FDRE                                         r  u_axis_detector/u_detector/u_dft_core/term_pipe_re_reg[1]/C
                         clock pessimism              0.097    11.340
                         clock uncertainty           -0.035    11.305
    SLICE_X35Y29         FDRE (Setup_fdre_C_D)        0.033    11.338    u_axis_detector/u_detector/u_dft_core/term_pipe_re_reg[1]
  -------------------------------------------------------------------
                         required time                         11.338
                         arrival time                         -11.143
  -------------------------------------------------------------------
                         slack                                  0.195

Slack (MET) :             0.202ns  (required time - arrival time)
  Source:                 u_axis_detector/u_detector/u_dft_core/sample_index_reg[1]/C
                            (rising edge-triggered cell FDRE clocked by clk  {rise@0.000ns fall@5.000ns period=10.000ns})
  Destination:            u_axis_detector/u_detector/u_dft_core/term_pipe_im_reg[9]/D
                            (rising edge-triggered cell FDRE clocked by clk  {rise@0.000ns fall@5.000ns period=10.000ns})
  Path Group:             clk
  Path Type:              Setup (Max at Slow Process Corner)
  Requirement:            10.000ns  (clk rise@10.000ns - clk rise@0.000ns)
  Data Path Delay:        9.673ns  (logic 5.551ns (57.388%)  route 4.122ns (42.612%))
  Logic Levels:           5  (DSP48E1=2 LUT2=1 LUT3=1 RAMD64E=1)
  Clock Path Skew:        -0.120ns (DCD - SCD + CPR)
    Destination Clock Delay (DCD):    1.239ns = ( 11.239 - 10.000 )
    Source Clock Delay      (SCD):    1.456ns
    Clock Pessimism Removal (CPR):    0.097ns
  Clock Uncertainty:      0.035ns  ((TSJ^2 + TIJ^2)^1/2 + DJ) / 2 + PE
    Total System Jitter     (TSJ):    0.071ns
    Total Input Jitter      (TIJ):    0.000ns
    Discrete Jitter          (DJ):    0.000ns
    Phase Error              (PE):    0.000ns

    Location             Delay type                Incr(ns)  Path(ns)    Netlist Resource(s)
  -------------------------------------------------------------------    -------------------
                         (clock clk rise edge)        0.000     0.000 r
                                                      0.000     0.000 r  aclk (IN)
                         net (fo=970, unset)          1.456     1.456    u_axis_detector/u_detector/u_dft_core/aclk
    SLICE_X31Y26         FDRE                                         r  u_axis_detector/u_detector/u_dft_core/sample_index_reg[1]/C
  -------------------------------------------------------------------    -------------------
    SLICE_X31Y26         FDRE (Prop_fdre_C_Q)         0.348     1.804 r  u_axis_detector/u_detector/u_dft_core/sample_index_reg[1]/Q
                         net (fo=72, routed)          1.154     2.958    u_axis_detector/u_detector/u_symbol_buffer/mem_re_reg_64_127_3_5/ADDRC1
    SLICE_X34Y27         RAMD64E (Prop_ramd64e_RADR1_O)
                                                      0.240     3.198 r  u_axis_detector/u_detector/u_symbol_buffer/mem_re_reg_64_127_3_5/RAMC/O
                         net (fo=1, routed)           0.900     4.098    u_axis_detector/u_detector/u_symbol_buffer/mem_re_reg_64_127_3_5_n_2
    SLICE_X33Y25         LUT3 (Prop_lut3_I0_O)        0.105     4.203 r  u_axis_detector/u_detector/u_symbol_buffer/product_ri_i_11/O
                         net (fo=2, routed)           0.689     4.892    u_axis_detector/u_detector/u_dft_core/A[5]
    DSP48_X2Y9           DSP48E1 (Prop_dsp48e1_A[5]_P[27])
                                                      3.230     8.122 r  u_axis_detector/u_detector/u_dft_core/product_ri/P[27]
                         net (fo=1, routed)           0.871     8.993    u_axis_detector/u_detector/u_dft_core/product_ri__0[27]
    DSP48_X2Y11          DSP48E1 (Prop_dsp48e1_C[27]_P[24])
                                                      1.523    10.516 r  u_axis_detector/u_detector/u_dft_core/full_term_im/P[24]
                         net (fo=1, routed)           0.508    11.024    u_axis_detector/u_detector/u_dft_core/full_term_im__0[24]
    SLICE_X33Y26         LUT2 (Prop_lut2_I1_O)        0.105    11.129 r  u_axis_detector/u_detector/u_dft_core/term_pipe_im[9]_i_1/O
                         net (fo=1, routed)           0.000    11.129    u_axis_detector/u_detector/u_dft_core/term_pipe_im[9]
    SLICE_X33Y26         FDRE                                         r  u_axis_detector/u_detector/u_dft_core/term_pipe_im_reg[9]/D
  -------------------------------------------------------------------    -------------------

                         (clock clk rise edge)       10.000    10.000 r
                                                      0.000    10.000 r  aclk (IN)
                         net (fo=970, unset)          1.239    11.239    u_axis_detector/u_detector/u_dft_core/aclk
    SLICE_X33Y26         FDRE                                         r  u_axis_detector/u_detector/u_dft_core/term_pipe_im_reg[9]/C
                         clock pessimism              0.097    11.336
                         clock uncertainty           -0.035    11.301
    SLICE_X33Y26         FDRE (Setup_fdre_C_D)        0.030    11.331    u_axis_detector/u_detector/u_dft_core/term_pipe_im_reg[9]
  -------------------------------------------------------------------
                         required time                         11.331
                         arrival time                         -11.129
  -------------------------------------------------------------------
                         slack                                  0.202

Slack (MET) :             0.203ns  (required time - arrival time)
  Source:                 u_axis_detector/u_detector/u_dft_core/sample_index_reg[1]/C
                            (rising edge-triggered cell FDRE clocked by clk  {rise@0.000ns fall@5.000ns period=10.000ns})
  Destination:            u_axis_detector/u_detector/u_dft_core/term_pipe_im_reg[7]/D
                            (rising edge-triggered cell FDRE clocked by clk  {rise@0.000ns fall@5.000ns period=10.000ns})
  Path Group:             clk
  Path Type:              Setup (Max at Slow Process Corner)
  Requirement:            10.000ns  (clk rise@10.000ns - clk rise@0.000ns)
  Data Path Delay:        9.716ns  (logic 5.551ns (57.130%)  route 4.165ns (42.870%))
  Logic Levels:           5  (DSP48E1=2 LUT2=1 LUT3=1 RAMD64E=1)
  Clock Path Skew:        -0.121ns (DCD - SCD + CPR)
    Destination Clock Delay (DCD):    1.238ns = ( 11.238 - 10.000 )
    Source Clock Delay      (SCD):    1.456ns
    Clock Pessimism Removal (CPR):    0.097ns
  Clock Uncertainty:      0.035ns  ((TSJ^2 + TIJ^2)^1/2 + DJ) / 2 + PE
    Total System Jitter     (TSJ):    0.071ns
    Total Input Jitter      (TIJ):    0.000ns
    Discrete Jitter          (DJ):    0.000ns
    Phase Error              (PE):    0.000ns

    Location             Delay type                Incr(ns)  Path(ns)    Netlist Resource(s)
  -------------------------------------------------------------------    -------------------
                         (clock clk rise edge)        0.000     0.000 r
                                                      0.000     0.000 r  aclk (IN)
                         net (fo=970, unset)          1.456     1.456    u_axis_detector/u_detector/u_dft_core/aclk
    SLICE_X31Y26         FDRE                                         r  u_axis_detector/u_detector/u_dft_core/sample_index_reg[1]/C
  -------------------------------------------------------------------    -------------------
    SLICE_X31Y26         FDRE (Prop_fdre_C_Q)         0.348     1.804 r  u_axis_detector/u_detector/u_dft_core/sample_index_reg[1]/Q
                         net (fo=72, routed)          1.154     2.958    u_axis_detector/u_detector/u_symbol_buffer/mem_re_reg_64_127_3_5/ADDRC1
    SLICE_X34Y27         RAMD64E (Prop_ramd64e_RADR1_O)
                                                      0.240     3.198 r  u_axis_detector/u_detector/u_symbol_buffer/mem_re_reg_64_127_3_5/RAMC/O
                         net (fo=1, routed)           0.900     4.098    u_axis_detector/u_detector/u_symbol_buffer/mem_re_reg_64_127_3_5_n_2
    SLICE_X33Y25         LUT3 (Prop_lut3_I0_O)        0.105     4.203 r  u_axis_detector/u_detector/u_symbol_buffer/product_ri_i_11/O
                         net (fo=2, routed)           0.689     4.892    u_axis_detector/u_detector/u_dft_core/A[5]
    DSP48_X2Y9           DSP48E1 (Prop_dsp48e1_A[5]_P[27])
                                                      3.230     8.122 r  u_axis_detector/u_detector/u_dft_core/product_ri/P[27]
                         net (fo=1, routed)           0.871     8.993    u_axis_detector/u_detector/u_dft_core/product_ri__0[27]
    DSP48_X2Y11          DSP48E1 (Prop_dsp48e1_C[27]_P[22])
                                                      1.523    10.516 r  u_axis_detector/u_detector/u_dft_core/full_term_im/P[22]
                         net (fo=1, routed)           0.552    11.067    u_axis_detector/u_detector/u_dft_core/full_term_im__0[22]
    SLICE_X36Y25         LUT2 (Prop_lut2_I1_O)        0.105    11.172 r  u_axis_detector/u_detector/u_dft_core/term_pipe_im[7]_i_1/O
                         net (fo=1, routed)           0.000    11.172    u_axis_detector/u_detector/u_dft_core/term_pipe_im[7]
    SLICE_X36Y25         FDRE                                         r  u_axis_detector/u_detector/u_dft_core/term_pipe_im_reg[7]/D
  -------------------------------------------------------------------    -------------------

                         (clock clk rise edge)       10.000    10.000 r
                                                      0.000    10.000 r  aclk (IN)
                         net (fo=970, unset)          1.238    11.238    u_axis_detector/u_detector/u_dft_core/aclk
    SLICE_X36Y25         FDRE                                         r  u_axis_detector/u_detector/u_dft_core/term_pipe_im_reg[7]/C
                         clock pessimism              0.097    11.335
                         clock uncertainty           -0.035    11.300
    SLICE_X36Y25         FDRE (Setup_fdre_C_D)        0.076    11.376    u_axis_detector/u_detector/u_dft_core/term_pipe_im_reg[7]
  -------------------------------------------------------------------
                         required time                         11.376
                         arrival time                         -11.172
  -------------------------------------------------------------------
                         slack                                  0.203

Slack (MET) :             0.204ns  (required time - arrival time)
  Source:                 u_axis_detector/u_detector/u_dft_core/sample_index_reg[1]/C
                            (rising edge-triggered cell FDRE clocked by clk  {rise@0.000ns fall@5.000ns period=10.000ns})
  Destination:            u_axis_detector/u_detector/u_dft_core/term_pipe_im_reg[30]/D
                            (rising edge-triggered cell FDRE clocked by clk  {rise@0.000ns fall@5.000ns period=10.000ns})
  Path Group:             clk
  Path Type:              Setup (Max at Slow Process Corner)
  Requirement:            10.000ns  (clk rise@10.000ns - clk rise@0.000ns)
  Data Path Delay:        9.673ns  (logic 5.551ns (57.388%)  route 4.122ns (42.612%))
  Logic Levels:           5  (DSP48E1=2 LUT2=1 LUT3=1 RAMD64E=1)
  Clock Path Skew:        -0.118ns (DCD - SCD + CPR)
    Destination Clock Delay (DCD):    1.241ns = ( 11.241 - 10.000 )
    Source Clock Delay      (SCD):    1.456ns
    Clock Pessimism Removal (CPR):    0.097ns
  Clock Uncertainty:      0.035ns  ((TSJ^2 + TIJ^2)^1/2 + DJ) / 2 + PE
    Total System Jitter     (TSJ):    0.071ns
    Total Input Jitter      (TIJ):    0.000ns
    Discrete Jitter          (DJ):    0.000ns
    Phase Error              (PE):    0.000ns

    Location             Delay type                Incr(ns)  Path(ns)    Netlist Resource(s)
  -------------------------------------------------------------------    -------------------
                         (clock clk rise edge)        0.000     0.000 r
                                                      0.000     0.000 r  aclk (IN)
                         net (fo=970, unset)          1.456     1.456    u_axis_detector/u_detector/u_dft_core/aclk
    SLICE_X31Y26         FDRE                                         r  u_axis_detector/u_detector/u_dft_core/sample_index_reg[1]/C
  -------------------------------------------------------------------    -------------------
    SLICE_X31Y26         FDRE (Prop_fdre_C_Q)         0.348     1.804 r  u_axis_detector/u_detector/u_dft_core/sample_index_reg[1]/Q
                         net (fo=72, routed)          1.154     2.958    u_axis_detector/u_detector/u_symbol_buffer/mem_re_reg_64_127_3_5/ADDRC1
    SLICE_X34Y27         RAMD64E (Prop_ramd64e_RADR1_O)
                                                      0.240     3.198 r  u_axis_detector/u_detector/u_symbol_buffer/mem_re_reg_64_127_3_5/RAMC/O
                         net (fo=1, routed)           0.900     4.098    u_axis_detector/u_detector/u_symbol_buffer/mem_re_reg_64_127_3_5_n_2
    SLICE_X33Y25         LUT3 (Prop_lut3_I0_O)        0.105     4.203 r  u_axis_detector/u_detector/u_symbol_buffer/product_ri_i_11/O
                         net (fo=2, routed)           0.689     4.892    u_axis_detector/u_detector/u_dft_core/A[5]
    DSP48_X2Y9           DSP48E1 (Prop_dsp48e1_A[5]_P[27])
                                                      3.230     8.122 r  u_axis_detector/u_detector/u_dft_core/product_ri/P[27]
                         net (fo=1, routed)           0.871     8.993    u_axis_detector/u_detector/u_dft_core/product_ri__0[27]
    DSP48_X2Y11          DSP48E1 (Prop_dsp48e1_C[27]_P[32])
                                                      1.523    10.516 r  u_axis_detector/u_detector/u_dft_core/full_term_im/P[32]
                         net (fo=1, routed)           0.508    11.024    u_axis_detector/u_detector/u_dft_core/full_term_im__0[32]
    SLICE_X33Y28         LUT2 (Prop_lut2_I1_O)        0.105    11.129 r  u_axis_detector/u_detector/u_dft_core/term_pipe_im[30]_i_1/O
                         net (fo=1, routed)           0.000    11.129    u_axis_detector/u_detector/u_dft_core/term_pipe_im[30]
    SLICE_X33Y28         FDRE                                         r  u_axis_detector/u_detector/u_dft_core/term_pipe_im_reg[30]/D
  -------------------------------------------------------------------    -------------------

                         (clock clk rise edge)       10.000    10.000 r
                                                      0.000    10.000 r  aclk (IN)
                         net (fo=970, unset)          1.241    11.241    u_axis_detector/u_detector/u_dft_core/aclk
    SLICE_X33Y28         FDRE                                         r  u_axis_detector/u_detector/u_dft_core/term_pipe_im_reg[30]/C
                         clock pessimism              0.097    11.338
                         clock uncertainty           -0.035    11.303
    SLICE_X33Y28         FDRE (Setup_fdre_C_D)        0.030    11.333    u_axis_detector/u_detector/u_dft_core/term_pipe_im_reg[30]
  -------------------------------------------------------------------
                         required time                         11.333
                         arrival time                         -11.129
  -------------------------------------------------------------------
                         slack                                  0.204





Pulse Width Checks
--------------------------------------------------------------------------------------
Clock Name:         clk
Waveform(ns):       { 0.000 5.000 }
Period(ns):         10.000
Sources:            { aclk }

Check Type        Corner  Lib Pin             Reference Pin  Required(ns)  Actual(ns)  Slack(ns)  Location      Pin
Min Period        n/a     RAMB18E1/CLKARDCLK  n/a            2.170         10.000      7.830      RAMB18_X0Y12  u_detector/input_index_reg_rep/CLKARDCLK
Min Period        n/a     RAMB18E1/CLKBWRCLK  n/a            2.170         10.000      7.830      RAMB18_X0Y12  u_detector/input_index_reg_rep/CLKBWRCLK
Min Period        n/a     RAMB18E1/CLKARDCLK  n/a            2.170         10.000      7.830      RAMB18_X2Y10  u_axis_detector/u_detector/u_dft_core/twiddle_index_reg_rep/CLKARDCLK
Min Period        n/a     RAMB18E1/CLKARDCLK  n/a            2.170         10.000      7.830      RAMB18_X2Y11  u_axis_detector/u_detector/u_dft_core/twiddle_index_reg_rep__0/CLKARDCLK
Min Period        n/a     FDRE/C              n/a            1.000         10.000      9.000      SLICE_X44Y35  awaddr_latched_reg[0]/C
Min Period        n/a     FDRE/C              n/a            1.000         10.000      9.000      SLICE_X44Y35  awaddr_latched_reg[1]/C
Min Period        n/a     FDRE/C              n/a            1.000         10.000      9.000      SLICE_X44Y35  awaddr_latched_reg[2]/C
Min Period        n/a     FDRE/C              n/a            1.000         10.000      9.000      SLICE_X44Y35  awaddr_latched_reg[3]/C
Min Period        n/a     FDRE/C              n/a            1.000         10.000      9.000      SLICE_X44Y35  awaddr_latched_reg[4]/C
Min Period        n/a     FDRE/C              n/a            1.000         10.000      9.000      SLICE_X44Y35  awaddr_latched_reg[5]/C
Low Pulse Width   Slow    RAMD64E/CLK         n/a            1.130         5.000       3.870      SLICE_X34Y29  u_axis_detector/u_detector/u_symbol_buffer/mem_im_reg_0_63_0_2/RAMA/CLK
Low Pulse Width   Fast    RAMD64E/CLK         n/a            1.130         5.000       3.870      SLICE_X34Y29  u_axis_detector/u_detector/u_symbol_buffer/mem_im_reg_0_63_0_2/RAMA/CLK
Low Pulse Width   Slow    RAMD64E/CLK         n/a            1.130         5.000       3.870      SLICE_X34Y29  u_axis_detector/u_detector/u_symbol_buffer/mem_im_reg_0_63_0_2/RAMB/CLK
Low Pulse Width   Fast    RAMD64E/CLK         n/a            1.130         5.000       3.870      SLICE_X34Y29  u_axis_detector/u_detector/u_symbol_buffer/mem_im_reg_0_63_0_2/RAMB/CLK
Low Pulse Width   Slow    RAMD64E/CLK         n/a            1.130         5.000       3.870      SLICE_X34Y29  u_axis_detector/u_detector/u_symbol_buffer/mem_im_reg_0_63_0_2/RAMC/CLK
Low Pulse Width   Fast    RAMD64E/CLK         n/a            1.130         5.000       3.870      SLICE_X34Y29  u_axis_detector/u_detector/u_symbol_buffer/mem_im_reg_0_63_0_2/RAMC/CLK
Low Pulse Width   Slow    RAMD64E/CLK         n/a            1.130         5.000       3.870      SLICE_X34Y29  u_axis_detector/u_detector/u_symbol_buffer/mem_im_reg_0_63_0_2/RAMD/CLK
Low Pulse Width   Fast    RAMD64E/CLK         n/a            1.130         5.000       3.870      SLICE_X34Y29  u_axis_detector/u_detector/u_symbol_buffer/mem_im_reg_0_63_0_2/RAMD/CLK
Low Pulse Width   Slow    RAMD64E/CLK         n/a            1.130         5.000       3.870      SLICE_X30Y30  u_axis_detector/u_detector/u_symbol_buffer/mem_im_reg_0_63_12_14/RAMA/CLK
Low Pulse Width   Fast    RAMD64E/CLK         n/a            1.130         5.000       3.870      SLICE_X30Y30  u_axis_detector/u_detector/u_symbol_buffer/mem_im_reg_0_63_12_14/RAMA/CLK
High Pulse Width  Slow    RAMD64E/CLK         n/a            1.130         5.000       3.870      SLICE_X34Y29  u_axis_detector/u_detector/u_symbol_buffer/mem_im_reg_0_63_0_2/RAMA/CLK
High Pulse Width  Fast    RAMD64E/CLK         n/a            1.130         5.000       3.870      SLICE_X34Y29  u_axis_detector/u_detector/u_symbol_buffer/mem_im_reg_0_63_0_2/RAMA/CLK
High Pulse Width  Slow    RAMD64E/CLK         n/a            1.130         5.000       3.870      SLICE_X34Y29  u_axis_detector/u_detector/u_symbol_buffer/mem_im_reg_0_63_0_2/RAMB/CLK
High Pulse Width  Fast    RAMD64E/CLK         n/a            1.130         5.000       3.870      SLICE_X34Y29  u_axis_detector/u_detector/u_symbol_buffer/mem_im_reg_0_63_0_2/RAMB/CLK
High Pulse Width  Slow    RAMD64E/CLK         n/a            1.130         5.000       3.870      SLICE_X34Y29  u_axis_detector/u_detector/u_symbol_buffer/mem_im_reg_0_63_0_2/RAMC/CLK
High Pulse Width  Fast    RAMD64E/CLK         n/a            1.130         5.000       3.870      SLICE_X34Y29  u_axis_detector/u_detector/u_symbol_buffer/mem_im_reg_0_63_0_2/RAMC/CLK
High Pulse Width  Slow    RAMD64E/CLK         n/a            1.130         5.000       3.870      SLICE_X34Y29  u_axis_detector/u_detector/u_symbol_buffer/mem_im_reg_0_63_0_2/RAMD/CLK
High Pulse Width  Fast    RAMD64E/CLK         n/a            1.130         5.000       3.870      SLICE_X34Y29  u_axis_detector/u_detector/u_symbol_buffer/mem_im_reg_0_63_0_2/RAMD/CLK
High Pulse Width  Slow    RAMD64E/CLK         n/a            1.130         5.000       3.870      SLICE_X30Y30  u_axis_detector/u_detector/u_symbol_buffer/mem_im_reg_0_63_12_14/RAMA/CLK
High Pulse Width  Fast    RAMD64E/CLK         n/a            1.130         5.000       3.870      SLICE_X30Y30  u_axis_detector/u_detector/u_symbol_buffer/mem_im_reg_0_63_12_14/RAMA/CLK
