Copyright 1986-2021 Xilinx, Inc. All Rights Reserved.
------------------------------------------------------------------------------------------------------------------------------------------------------------------------------------------------------------
| Tool Version : Vivado v.2021.1 (win64) Build 3247384 Thu Jun 10 19:36:33 MDT 2021
| Date         : normalized
| Host         : normalized
| Command      : report_timing_summary -delay_type max -max_paths 10 -file <output_dir>/css_sf7_axi_accelerator_post_synthesis_timing_summary.rpt
| Design       : css_sf7_axi_accelerator
| Device       : 7z020-clg400
| Speed File   : -2  PRODUCTION 1.12 2019-11-22
------------------------------------------------------------------------------------------------------------------------------------------------------------------------------------------------------------

Timing Summary Report

------------------------------------------------------------------------------------------------
| Timer Settings
| --------------
------------------------------------------------------------------------------------------------

  Enable Multi Corner Analysis               :  Yes
  Enable Pessimism Removal                   :  Yes
  Pessimism Removal Resolution               :  Nearest Common Node
  Enable Input Delay Default Clock           :  No
  Enable Preset / Clear Arcs                 :  No
  Disable Flight Delays                      :  No
  Ignore I/O Paths                           :  No
  Timing Early Launch at Borrowing Latches   :  No
  Borrow Time for Max Delay Exceptions       :  Yes
  Merge Timing Exceptions                    :  Yes

  Corner  Analyze    Analyze
  Name    Max Paths  Min Paths
  ------  ---------  ---------
  Slow    Yes        Yes
  Fast    Yes        Yes


------------------------------------------------------------------------------------------------
| Report Methodology
| ------------------
------------------------------------------------------------------------------------------------

No report available as report_methodology has not been run prior. Run report_methodology on the current design for the summary of methodology violations.



check_timing report

Table of Contents
-----------------
1. checking no_clock (0)
2. checking constant_clock (0)
3. checking pulse_width_clock (0)
4. checking unconstrained_internal_endpoints (0)
5. checking no_input_delay (59)
6. checking no_output_delay (199)
7. checking multiple_clock (0)
8. checking generated_clocks (0)
9. checking loops (0)
10. checking partial_input_delay (0)
11. checking partial_output_delay (0)
12. checking latch_loops (0)

1. checking no_clock (0)
------------------------
 There are 0 register/latch pins with no clock.


2. checking constant_clock (0)
------------------------------
 There are 0 register/latch pins with constant_clock.


3. checking pulse_width_clock (0)
---------------------------------
 There are 0 register/latch pins which need pulse_width check


4. checking unconstrained_internal_endpoints (0)
------------------------------------------------
 There are 0 pins that are not constrained for maximum delay.

 There are 0 pins that are not constrained for maximum delay due to constant clock.


5. checking no_input_delay (59)
-------------------------------
 There are 59 input ports with no input delay specified. (HIGH)

 There are 0 input ports with no input delay but user has a false path constraint.


6. checking no_output_delay (199)
---------------------------------
 There are 199 ports with no output delay specified. (HIGH)

 There are 0 ports with no output delay but user has a false path constraint

 There are 0 ports with no output delay but with a timing clock defined on it or propagating through it


7. checking multiple_clock (0)
------------------------------
 There are 0 register/latch pins with multiple clocks.


8. checking generated_clocks (0)
--------------------------------
 There are 0 generated clocks that are not connected to a clock source.


9. checking loops (0)
---------------------
 There are 0 combinational loops in the design.


10. checking partial_input_delay (0)
------------------------------------
 There are 0 input ports with partial input delay specified.


11. checking partial_output_delay (0)
-------------------------------------
 There are 0 ports with partial output delay specified.


12. checking latch_loops (0)
----------------------------
 There are 0 combinational latch loops in the design through latch input



------------------------------------------------------------------------------------------------
| Design Timing Summary
| ---------------------
------------------------------------------------------------------------------------------------

    WNS(ns)      TNS(ns)  TNS Failing Endpoints  TNS Total Endpoints     WPWS(ns)     TPWS(ns)  TPWS Failing Endpoints  TPWS Total Endpoints
    -------      -------  ---------------------  -------------------     --------     --------  ----------------------  --------------------
      1.006        0.000                      0                 3018        3.870        0.000                       0                   959


All user specified timing constraints are met.


------------------------------------------------------------------------------------------------
| Clock Summary
| -------------
------------------------------------------------------------------------------------------------

Clock  Waveform(ns)       Period(ns)      Frequency(MHz)
-----  ------------       ----------      --------------
clk    {0.000 5.000}      10.000          100.000


------------------------------------------------------------------------------------------------
| Intra Clock Table
| -----------------
------------------------------------------------------------------------------------------------

Clock             WNS(ns)      TNS(ns)  TNS Failing Endpoints  TNS Total Endpoints     WPWS(ns)     TPWS(ns)  TPWS Failing Endpoints  TPWS Total Endpoints
-----             -------      -------  ---------------------  -------------------     --------     --------  ----------------------  --------------------
clk                 1.006        0.000                      0                 3018        3.870        0.000                       0                   959


------------------------------------------------------------------------------------------------
| Inter Clock Table
| -----------------
------------------------------------------------------------------------------------------------

From Clock    To Clock          WNS(ns)      TNS(ns)  TNS Failing Endpoints  TNS Total Endpoints
----------    --------          -------      -------  ---------------------  -------------------


------------------------------------------------------------------------------------------------
| Other Path Groups Table
| -----------------------
------------------------------------------------------------------------------------------------

Path Group    From Clock    To Clock          WNS(ns)      TNS(ns)  TNS Failing Endpoints  TNS Total Endpoints
----------    ----------    --------          -------      -------  ---------------------  -------------------


------------------------------------------------------------------------------------------------
| Timing Details
| --------------
------------------------------------------------------------------------------------------------


---------------------------------------------------------------------------------------------------
From Clock:  clk
  To Clock:  clk

Setup :            0  Failing Endpoints,  Worst Slack        1.006ns,  Total Violation        0.000ns
Hold  :           NA  Failing Endpoints,  Worst Slack           NA  ,  Total Violation           NA
PW    :            0  Failing Endpoints,  Worst Slack        3.870ns,  Total Violation        0.000ns
---------------------------------------------------------------------------------------------------


Max Delay Paths
--------------------------------------------------------------------------------------
Slack (MET) :             1.006ns  (required time - arrival time)
  Source:                 u_axis_detector/u_detector/u_dft_core/sample_index_reg[0]/C
                            (rising edge-triggered cell FDRE clocked by clk  {rise@0.000ns fall@5.000ns period=10.000ns})
  Destination:            u_axis_detector/u_detector/u_dft_core/term_pipe_im_reg[0]/D
                            (rising edge-triggered cell FDRE clocked by clk  {rise@0.000ns fall@5.000ns period=10.000ns})
  Path Group:             clk
  Path Type:              Setup (Max at Slow Process Corner)
  Requirement:            10.000ns  (clk rise@10.000ns - clk rise@0.000ns)
  Data Path Delay:        8.888ns  (logic 5.498ns (61.861%)  route 3.390ns (38.139%))
  Logic Levels:           5  (DSP48E1=2 LUT2=1 LUT3=1 RAMD64E=1)
  Clock Path Skew:        -0.039ns (DCD - SCD + CPR)
    Destination Clock Delay (DCD):    0.748ns = ( 10.748 - 10.000 )
    Source Clock Delay      (SCD):    0.787ns
    Clock Pessimism Removal (CPR):    0.000ns
  Clock Uncertainty:      0.035ns  ((TSJ^2 + TIJ^2)^1/2 + DJ) / 2 + PE
    Total System Jitter     (TSJ):    0.071ns
    Total Input Jitter      (TIJ):    0.000ns
    Discrete Jitter          (DJ):    0.000ns
    Phase Error              (PE):    0.000ns

    Location             Delay type                Incr(ns)  Path(ns)    Netlist Resource(s)
  -------------------------------------------------------------------    -------------------
                         (clock clk rise edge)        0.000     0.000 r
                                                      0.000     0.000 r  aclk (IN)
                         net (fo=970, unset)          0.787     0.787    u_axis_detector/u_detector/u_dft_core/aclk
                         FDRE                                         r  u_axis_detector/u_detector/u_dft_core/sample_index_reg[0]/C
  -------------------------------------------------------------------    -------------------
                         FDRE (Prop_fdre_C_Q)         0.303     1.090 r  u_axis_detector/u_detector/u_dft_core/sample_index_reg[0]/Q
                         net (fo=73, unplaced)        0.871     1.961    u_axis_detector/u_detector/u_symbol_buffer/mem_re_reg_64_127_15_15/ADDRA0
                         RAMD64E (Prop_ramd64e_RADR0_O)
                                                      0.232     2.193 r  u_axis_detector/u_detector/u_symbol_buffer/mem_re_reg_64_127_15_15/RAMA/O
                         net (fo=1, unplaced)         0.582     2.775    u_axis_detector/u_detector/u_symbol_buffer/mem_re_reg_64_127_15_15_n_0
                         LUT3 (Prop_lut3_I0_O)        0.105     2.880 r  u_axis_detector/u_detector/u_symbol_buffer/product_ri_i_1/O
                         net (fo=30, unplaced)        0.646     3.526    u_axis_detector/u_detector/u_dft_core/A[15]
                         DSP48E1 (Prop_dsp48e1_A[29]_P[31])
                                                      3.230     6.756 r  u_axis_detector/u_detector/u_dft_core/product_ri/P[31]
                         net (fo=2, unplaced)         0.646     7.401    u_axis_detector/u_detector/u_dft_core/product_ri__0[31]
                         DSP48E1 (Prop_dsp48e1_C[32]_P[15])
                                                      1.523     8.924 r  u_axis_detector/u_detector/u_dft_core/full_term_im/P[15]
                         net (fo=1, unplaced)         0.646     9.570    u_axis_detector/u_detector/u_dft_core/full_term_im__0[15]
                         LUT2 (Prop_lut2_I1_O)        0.105     9.675 r  u_axis_detector/u_detector/u_dft_core/term_pipe_im[0]_i_1/O
                         net (fo=1, unplaced)         0.000     9.675    u_axis_detector/u_detector/u_dft_core/term_pipe_im[0]
                         FDRE                                         r  u_axis_detector/u_detector/u_dft_core/term_pipe_im_reg[0]/D
  -------------------------------------------------------------------    -------------------

                         (clock clk rise edge)       10.000    10.000 r
                                                      0.000    10.000 r  aclk (IN)
                         net (fo=970, unset)          0.748    10.748    u_axis_detector/u_detector/u_dft_core/aclk
                         FDRE                                         r  u_axis_detector/u_detector/u_dft_core/term_pipe_im_reg[0]/C
                         clock pessimism              0.000    10.748
                         clock uncertainty           -0.035    10.712
                         FDRE (Setup_fdre_C_D)       -0.032    10.680    u_axis_detector/u_detector/u_dft_core/term_pipe_im_reg[0]
  -------------------------------------------------------------------
                         required time                         10.680
                         arrival time                          -9.675
  -------------------------------------------------------------------
                         slack                                  1.006

Slack (MET) :             1.006ns  (required time - arrival time)
  Source:                 u_axis_detector/u_detector/u_dft_core/sample_index_reg[0]/C
                            (rising edge-triggered cell FDRE clocked by clk  {rise@0.000ns fall@5.000ns period=10.000ns})
  Destination:            u_axis_detector/u_detector/u_dft_core/term_pipe_im_reg[10]/D
                            (rising edge-triggered cell FDRE clocked by clk  {rise@0.000ns fall@5.000ns period=10.000ns})
  Path Group:             clk
  Path Type:              Setup (Max at Slow Process Corner)
  Requirement:            10.000ns  (clk rise@10.000ns - clk rise@0.000ns)
  Data Path Delay:        8.888ns  (logic 5.498ns (61.861%)  route 3.390ns (38.139%))
  Logic Levels:           5  (DSP48E1=2 LUT2=1 LUT3=1 RAMD64E=1)
  Clock Path Skew:        -0.039ns (DCD - SCD + CPR)
    Destination Clock Delay (DCD):    0.748ns = ( 10.748 - 10.000 )
    Source Clock Delay      (SCD):    0.787ns
    Clock Pessimism Removal (CPR):    0.000ns
  Clock Uncertainty:      0.035ns  ((TSJ^2 + TIJ^2)^1/2 + DJ) / 2 + PE
    Total System Jitter     (TSJ):    0.071ns
    Total Input Jitter      (TIJ):    0.000ns
    Discrete Jitter          (DJ):    0.000ns
    Phase Error              (PE):    0.000ns

    Location             Delay type                Incr(ns)  Path(ns)    Netlist Resource(s)
  -------------------------------------------------------------------    -------------------
                         (clock clk rise edge)        0.000     0.000 r
                                                      0.000     0.000 r  aclk (IN)
                         net (fo=970, unset)          0.787     0.787    u_axis_detector/u_detector/u_dft_core/aclk
                         FDRE                                         r  u_axis_detector/u_detector/u_dft_core/sample_index_reg[0]/C
  -------------------------------------------------------------------    -------------------
                         FDRE (Prop_fdre_C_Q)         0.303     1.090 r  u_axis_detector/u_detector/u_dft_core/sample_index_reg[0]/Q
                         net (fo=73, unplaced)        0.871     1.961    u_axis_detector/u_detector/u_symbol_buffer/mem_re_reg_64_127_15_15/ADDRA0
                         RAMD64E (Prop_ramd64e_RADR0_O)
                                                      0.232     2.193 r  u_axis_detector/u_detector/u_symbol_buffer/mem_re_reg_64_127_15_15/RAMA/O
                         net (fo=1, unplaced)         0.582     2.775    u_axis_detector/u_detector/u_symbol_buffer/mem_re_reg_64_127_15_15_n_0
                         LUT3 (Prop_lut3_I0_O)        0.105     2.880 r  u_axis_detector/u_detector/u_symbol_buffer/product_ri_i_1/O
                         net (fo=30, unplaced)        0.646     3.526    u_axis_detector/u_detector/u_dft_core/A[15]
                         DSP48E1 (Prop_dsp48e1_A[29]_P[31])
                                                      3.230     6.756 r  u_axis_detector/u_detector/u_dft_core/product_ri/P[31]
                         net (fo=2, unplaced)         0.646     7.401    u_axis_detector/u_detector/u_dft_core/product_ri__0[31]
                         DSP48E1 (Prop_dsp48e1_C[32]_P[25])
                                                      1.523     8.924 r  u_axis_detector/u_detector/u_dft_core/full_term_im/P[25]
                         net (fo=1, unplaced)         0.646     9.570    u_axis_detector/u_detector/u_dft_core/full_term_im__0[25]
                         LUT2 (Prop_lut2_I1_O)        0.105     9.675 r  u_axis_detector/u_detector/u_dft_core/term_pipe_im[10]_i_1/O
                         net (fo=1, unplaced)         0.000     9.675    u_axis_detector/u_detector/u_dft_core/term_pipe_im[10]
                         FDRE                                         r  u_axis_detector/u_detector/u_dft_core/term_pipe_im_reg[10]/D
  -------------------------------------------------------------------    -------------------

                         (clock clk rise edge)       10.000    10.000 r
                                                      0.000    10.000 r  aclk (IN)
                         net (fo=970, unset)          0.748    10.748    u_axis_detector/u_detector/u_dft_core/aclk
                         FDRE                                         r  u_axis_detector/u_detector/u_dft_core/term_pipe_im_reg[10]/C
                         clock pessimism              0.000    10.748
                         clock uncertainty           -0.035    10.712
                         FDRE (Setup_fdre_C_D)       -0.032    10.680    u_axis_detector/u_detector/u_dft_core/term_pipe_im_reg[10]
  -------------------------------------------------------------------
                         required time                         10.680
                         arrival time                          -9.675
  -------------------------------------------------------------------
                         slack                                  1.006

Slack (MET) :             1.006ns  (required time - arrival time)
  Source:                 u_axis_detector/u_detector/u_dft_core/sample_index_reg[0]/C
                            (rising edge-triggered cell FDRE clocked by clk  {rise@0.000ns fall@5.000ns period=10.000ns})
  Destination:            u_axis_detector/u_detector/u_dft_core/term_pipe_im_reg[11]/D
                            (rising edge-triggered cell FDRE clocked by clk  {rise@0.000ns fall@5.000ns period=10.000ns})
  Path Group:             clk
  Path Type:              Setup (Max at Slow Process Corner)
  Requirement:            10.000ns  (clk rise@10.000ns - clk rise@0.000ns)
  Data Path Delay:        8.888ns  (logic 5.498ns (61.861%)  route 3.390ns (38.139%))
  Logic Levels:           5  (DSP48E1=2 LUT2=1 LUT3=1 RAMD64E=1)
  Clock Path Skew:        -0.039ns (DCD - SCD + CPR)
    Destination Clock Delay (DCD):    0.748ns = ( 10.748 - 10.000 )
    Source Clock Delay      (SCD):    0.787ns
    Clock Pessimism Removal (CPR):    0.000ns
  Clock Uncertainty:      0.035ns  ((TSJ^2 + TIJ^2)^1/2 + DJ) / 2 + PE
    Total System Jitter     (TSJ):    0.071ns
    Total Input Jitter      (TIJ):    0.000ns
    Discrete Jitter          (DJ):    0.000ns
    Phase Error              (PE):    0.000ns

    Location             Delay type                Incr(ns)  Path(ns)    Netlist Resource(s)
  -------------------------------------------------------------------    -------------------
                         (clock clk rise edge)        0.000     0.000 r
                                                      0.000     0.000 r  aclk (IN)
                         net (fo=970, unset)          0.787     0.787    u_axis_detector/u_detector/u_dft_core/aclk
                         FDRE                                         r  u_axis_detector/u_detector/u_dft_core/sample_index_reg[0]/C
  -------------------------------------------------------------------    -------------------
                         FDRE (Prop_fdre_C_Q)         0.303     1.090 r  u_axis_detector/u_detector/u_dft_core/sample_index_reg[0]/Q
                         net (fo=73, unplaced)        0.871     1.961    u_axis_detector/u_detector/u_symbol_buffer/mem_re_reg_64_127_15_15/ADDRA0
                         RAMD64E (Prop_ramd64e_RADR0_O)
                                                      0.232     2.193 r  u_axis_detector/u_detector/u_symbol_buffer/mem_re_reg_64_127_15_15/RAMA/O
                         net (fo=1, unplaced)         0.582     2.775    u_axis_detector/u_detector/u_symbol_buffer/mem_re_reg_64_127_15_15_n_0
                         LUT3 (Prop_lut3_I0_O)        0.105     2.880 r  u_axis_detector/u_detector/u_symbol_buffer/product_ri_i_1/O
                         net (fo=30, unplaced)        0.646     3.526    u_axis_detector/u_detector/u_dft_core/A[15]
                         DSP48E1 (Prop_dsp48e1_A[29]_P[31])
                                                      3.230     6.756 r  u_axis_detector/u_detector/u_dft_core/product_ri/P[31]
                         net (fo=2, unplaced)         0.646     7.401    u_axis_detector/u_detector/u_dft_core/product_ri__0[31]
                         DSP48E1 (Prop_dsp48e1_C[32]_P[26])
                                                      1.523     8.924 r  u_axis_detector/u_detector/u_dft_core/full_term_im/P[26]
                         net (fo=1, unplaced)         0.646     9.570    u_axis_detector/u_detector/u_dft_core/full_term_im__0[26]
                         LUT2 (Prop_lut2_I1_O)        0.105     9.675 r  u_axis_detector/u_detector/u_dft_core/term_pipe_im[11]_i_1/O
                         net (fo=1, unplaced)         0.000     9.675    u_axis_detector/u_detector/u_dft_core/term_pipe_im[11]
                         FDRE                                         r  u_axis_detector/u_detector/u_dft_core/term_pipe_im_reg[11]/D
  -------------------------------------------------------------------    -------------------

                         (clock clk rise edge)       10.000    10.000 r
                                                      0.000    10.000 r  aclk (IN)
                         net (fo=970, unset)          0.748    10.748    u_axis_detector/u_detector/u_dft_core/aclk
                         FDRE                                         r  u_axis_detector/u_detector/u_dft_core/term_pipe_im_reg[11]/C
                         clock pessimism              0.000    10.748
                         clock uncertainty           -0.035    10.712
                         FDRE (Setup_fdre_C_D)       -0.032    10.680    u_axis_detector/u_detector/u_dft_core/term_pipe_im_reg[11]
  -------------------------------------------------------------------
                         required time                         10.680
                         arrival time                          -9.675
  -------------------------------------------------------------------
                         slack                                  1.006

Slack (MET) :             1.006ns  (required time - arrival time)
  Source:                 u_axis_detector/u_detector/u_dft_core/sample_index_reg[0]/C
                            (rising edge-triggered cell FDRE clocked by clk  {rise@0.000ns fall@5.000ns period=10.000ns})
  Destination:            u_axis_detector/u_detector/u_dft_core/term_pipe_im_reg[12]/D
                            (rising edge-triggered cell FDRE clocked by clk  {rise@0.000ns fall@5.000ns period=10.000ns})
  Path Group:             clk
  Path Type:              Setup (Max at Slow Process Corner)
  Requirement:            10.000ns  (clk rise@10.000ns - clk rise@0.000ns)
  Data Path Delay:        8.888ns  (logic 5.498ns (61.861%)  route 3.390ns (38.139%))
  Logic Levels:           5  (DSP48E1=2 LUT2=1 LUT3=1 RAMD64E=1)
  Clock Path Skew:        -0.039ns (DCD - SCD + CPR)
    Destination Clock Delay (DCD):    0.748ns = ( 10.748 - 10.000 )
    Source Clock Delay      (SCD):    0.787ns
    Clock Pessimism Removal (CPR):    0.000ns
  Clock Uncertainty:      0.035ns  ((TSJ^2 + TIJ^2)^1/2 + DJ) / 2 + PE
    Total System Jitter     (TSJ):    0.071ns
    Total Input Jitter      (TIJ):    0.000ns
    Discrete Jitter          (DJ):    0.000ns
    Phase Error              (PE):    0.000ns

    Location             Delay type                Incr(ns)  Path(ns)    Netlist Resource(s)
  -------------------------------------------------------------------    -------------------
                         (clock clk rise edge)        0.000     0.000 r
                                                      0.000     0.000 r  aclk (IN)
                         net (fo=970, unset)          0.787     0.787    u_axis_detector/u_detector/u_dft_core/aclk
                         FDRE                                         r  u_axis_detector/u_detector/u_dft_core/sample_index_reg[0]/C
  -------------------------------------------------------------------    -------------------
                         FDRE (Prop_fdre_C_Q)         0.303     1.090 r  u_axis_detector/u_detector/u_dft_core/sample_index_reg[0]/Q
                         net (fo=73, unplaced)        0.871     1.961    u_axis_detector/u_detector/u_symbol_buffer/mem_re_reg_64_127_15_15/ADDRA0
                         RAMD64E (Prop_ramd64e_RADR0_O)
                                                      0.232     2.193 r  u_axis_detector/u_detector/u_symbol_buffer/mem_re_reg_64_127_15_15/RAMA/O
                         net (fo=1, unplaced)         0.582     2.775    u_axis_detector/u_detector/u_symbol_buffer/mem_re_reg_64_127_15_15_n_0
                         LUT3 (Prop_lut3_I0_O)        0.105     2.880 r  u_axis_detector/u_detector/u_symbol_buffer/product_ri_i_1/O
                         net (fo=30, unplaced)        0.646     3.526    u_axis_detector/u_detector/u_dft_core/A[15]
                         DSP48E1 (Prop_dsp48e1_A[29]_P[31])
                                                      3.230     6.756 r  u_axis_detector/u_detector/u_dft_core/product_ri/P[31]
                         net (fo=2, unplaced)         0.646     7.401    u_axis_detector/u_detector/u_dft_core/product_ri__0[31]
                         DSP48E1 (Prop_dsp48e1_C[32]_P[27])
                                                      1.523     8.924 r  u_axis_detector/u_detector/u_dft_core/full_term_im/P[27]
                         net (fo=1, unplaced)         0.646     9.570    u_axis_detector/u_detector/u_dft_core/full_term_im__0[27]
                         LUT2 (Prop_lut2_I1_O)        0.105     9.675 r  u_axis_detector/u_detector/u_dft_core/term_pipe_im[12]_i_1/O
                         net (fo=1, unplaced)         0.000     9.675    u_axis_detector/u_detector/u_dft_core/term_pipe_im[12]
                         FDRE                                         r  u_axis_detector/u_detector/u_dft_core/term_pipe_im_reg[12]/D
  -------------------------------------------------------------------    -------------------

                         (clock clk rise edge)       10.000    10.000 r
                                                      0.000    10.000 r  aclk (IN)
                         net (fo=970, unset)          0.748    10.748    u_axis_detector/u_detector/u_dft_core/aclk
                         FDRE                                         r  u_axis_detector/u_detector/u_dft_core/term_pipe_im_reg[12]/C
                         clock pessimism              0.000    10.748
                         clock uncertainty           -0.035    10.712
                         FDRE (Setup_fdre_C_D)       -0.032    10.680    u_axis_detector/u_detector/u_dft_core/term_pipe_im_reg[12]
  -------------------------------------------------------------------
                         required time                         10.680
                         arrival time                          -9.675
  -------------------------------------------------------------------
                         slack                                  1.006

Slack (MET) :             1.006ns  (required time - arrival time)
  Source:                 u_axis_detector/u_detector/u_dft_core/sample_index_reg[0]/C
                            (rising edge-triggered cell FDRE clocked by clk  {rise@0.000ns fall@5.000ns period=10.000ns})
  Destination:            u_axis_detector/u_detector/u_dft_core/term_pipe_im_reg[13]/D
                            (rising edge-triggered cell FDRE clocked by clk  {rise@0.000ns fall@5.000ns period=10.000ns})
  Path Group:             clk
  Path Type:              Setup (Max at Slow Process Corner)
  Requirement:            10.000ns  (clk rise@10.000ns - clk rise@0.000ns)
  Data Path Delay:        8.888ns  (logic 5.498ns (61.861%)  route 3.390ns (38.139%))
  Logic Levels:           5  (DSP48E1=2 LUT2=1 LUT3=1 RAMD64E=1)
  Clock Path Skew:        -0.039ns (DCD - SCD + CPR)
    Destination Clock Delay (DCD):    0.748ns = ( 10.748 - 10.000 )
    Source Clock Delay      (SCD):    0.787ns
    Clock Pessimism Removal (CPR):    0.000ns
  Clock Uncertainty:      0.035ns  ((TSJ^2 + TIJ^2)^1/2 + DJ) / 2 + PE
    Total System Jitter     (TSJ):    0.071ns
    Total Input Jitter      (TIJ):    0.000ns
    Discrete Jitter          (DJ):    0.000ns
    Phase Error              (PE):    0.000ns

    Location             Delay type                Incr(ns)  Path(ns)    Netlist Resource(s)
  -------------------------------------------------------------------    -------------------
                         (clock clk rise edge)        0.000     0.000 r
                                                      0.000     0.000 r  aclk (IN)
                         net (fo=970, unset)          0.787     0.787    u_axis_detector/u_detector/u_dft_core/aclk
                         FDRE                                         r  u_axis_detector/u_detector/u_dft_core/sample_index_reg[0]/C
  -------------------------------------------------------------------    -------------------
                         FDRE (Prop_fdre_C_Q)         0.303     1.090 r  u_axis_detector/u_detector/u_dft_core/sample_index_reg[0]/Q
                         net (fo=73, unplaced)        0.871     1.961    u_axis_detector/u_detector/u_symbol_buffer/mem_re_reg_64_127_15_15/ADDRA0
                         RAMD64E (Prop_ramd64e_RADR0_O)
                                                      0.232     2.193 r  u_axis_detector/u_detector/u_symbol_buffer/mem_re_reg_64_127_15_15/RAMA/O
                         net (fo=1, unplaced)         0.582     2.775    u_axis_detector/u_detector/u_symbol_buffer/mem_re_reg_64_127_15_15_n_0
                         LUT3 (Prop_lut3_I0_O)        0.105     2.880 r  u_axis_detector/u_detector/u_symbol_buffer/product_ri_i_1/O
                         net (fo=30, unplaced)        0.646     3.526    u_axis_detector/u_detector/u_dft_core/A[15]
                         DSP48E1 (Prop_dsp48e1_A[29]_P[31])
                                                      3.230     6.756 r  u_axis_detector/u_detector/u_dft_core/product_ri/P[31]
                         net (fo=2, unplaced)         0.646     7.401    u_axis_detector/u_detector/u_dft_core/product_ri__0[31]
                         DSP48E1 (Prop_dsp48e1_C[32]_P[28])
                                                      1.523     8.924 r  u_axis_detector/u_detector/u_dft_core/full_term_im/P[28]
                         net (fo=1, unplaced)         0.646     9.570    u_axis_detector/u_detector/u_dft_core/full_term_im__0[28]
                         LUT2 (Prop_lut2_I1_O)        0.105     9.675 r  u_axis_detector/u_detector/u_dft_core/term_pipe_im[13]_i_1/O
                         net (fo=1, unplaced)         0.000     9.675    u_axis_detector/u_detector/u_dft_core/term_pipe_im[13]
                         FDRE                                         r  u_axis_detector/u_detector/u_dft_core/term_pipe_im_reg[13]/D
  -------------------------------------------------------------------    -------------------

                         (clock clk rise edge)       10.000    10.000 r
                                                      0.000    10.000 r  aclk (IN)
                         net (fo=970, unset)          0.748    10.748    u_axis_detector/u_detector/u_dft_core/aclk
                         FDRE                                         r  u_axis_detector/u_detector/u_dft_core/term_pipe_im_reg[13]/C
                         clock pessimism              0.000    10.748
                         clock uncertainty           -0.035    10.712
                         FDRE (Setup_fdre_C_D)       -0.032    10.680    u_axis_detector/u_detector/u_dft_core/term_pipe_im_reg[13]
  -------------------------------------------------------------------
                         required time                         10.680
                         arrival time                          -9.675
  -------------------------------------------------------------------
                         slack                                  1.006

Slack (MET) :             1.006ns  (required time - arrival time)
  Source:                 u_axis_detector/u_detector/u_dft_core/sample_index_reg[0]/C
                            (rising edge-triggered cell FDRE clocked by clk  {rise@0.000ns fall@5.000ns period=10.000ns})
  Destination:            u_axis_detector/u_detector/u_dft_core/term_pipe_im_reg[14]/D
                            (rising edge-triggered cell FDRE clocked by clk  {rise@0.000ns fall@5.000ns period=10.000ns})
  Path Group:             clk
  Path Type:              Setup (Max at Slow Process Corner)
  Requirement:            10.000ns  (clk rise@10.000ns - clk rise@0.000ns)
  Data Path Delay:        8.888ns  (logic 5.498ns (61.861%)  route 3.390ns (38.139%))
  Logic Levels:           5  (DSP48E1=2 LUT2=1 LUT3=1 RAMD64E=1)
  Clock Path Skew:        -0.039ns (DCD - SCD + CPR)
    Destination Clock Delay (DCD):    0.748ns = ( 10.748 - 10.000 )
    Source Clock Delay      (SCD):    0.787ns
    Clock Pessimism Removal (CPR):    0.000ns
  Clock Uncertainty:      0.035ns  ((TSJ^2 + TIJ^2)^1/2 + DJ) / 2 + PE
    Total System Jitter     (TSJ):    0.071ns
    Total Input Jitter      (TIJ):    0.000ns
    Discrete Jitter          (DJ):    0.000ns
    Phase Error              (PE):    0.000ns

    Location             Delay type                Incr(ns)  Path(ns)    Netlist Resource(s)
  -------------------------------------------------------------------    -------------------
                         (clock clk rise edge)        0.000     0.000 r
                                                      0.000     0.000 r  aclk (IN)
                         net (fo=970, unset)          0.787     0.787    u_axis_detector/u_detector/u_dft_core/aclk
                         FDRE                                         r  u_axis_detector/u_detector/u_dft_core/sample_index_reg[0]/C
  -------------------------------------------------------------------    -------------------
                         FDRE (Prop_fdre_C_Q)         0.303     1.090 r  u_axis_detector/u_detector/u_dft_core/sample_index_reg[0]/Q
                         net (fo=73, unplaced)        0.871     1.961    u_axis_detector/u_detector/u_symbol_buffer/mem_re_reg_64_127_15_15/ADDRA0
                         RAMD64E (Prop_ramd64e_RADR0_O)
                                                      0.232     2.193 r  u_axis_detector/u_detector/u_symbol_buffer/mem_re_reg_64_127_15_15/RAMA/O
                         net (fo=1, unplaced)         0.582     2.775    u_axis_detector/u_detector/u_symbol_buffer/mem_re_reg_64_127_15_15_n_0
                         LUT3 (Prop_lut3_I0_O)        0.105     2.880 r  u_axis_detector/u_detector/u_symbol_buffer/product_ri_i_1/O
                         net (fo=30, unplaced)        0.646     3.526    u_axis_detector/u_detector/u_dft_core/A[15]
                         DSP48E1 (Prop_dsp48e1_A[29]_P[31])
                                                      3.230     6.756 r  u_axis_detector/u_detector/u_dft_core/product_ri/P[31]
                         net (fo=2, unplaced)         0.646     7.401    u_axis_detector/u_detector/u_dft_core/product_ri__0[31]
                         DSP48E1 (Prop_dsp48e1_C[32]_P[29])
                                                      1.523     8.924 r  u_axis_detector/u_detector/u_dft_core/full_term_im/P[29]
                         net (fo=1, unplaced)         0.646     9.570    u_axis_detector/u_detector/u_dft_core/full_term_im__0[29]
                         LUT2 (Prop_lut2_I1_O)        0.105     9.675 r  u_axis_detector/u_detector/u_dft_core/term_pipe_im[14]_i_1/O
                         net (fo=1, unplaced)         0.000     9.675    u_axis_detector/u_detector/u_dft_core/term_pipe_im[14]
                         FDRE                                         r  u_axis_detector/u_detector/u_dft_core/term_pipe_im_reg[14]/D
  -------------------------------------------------------------------    -------------------

                         (clock clk rise edge)       10.000    10.000 r
                                                      0.000    10.000 r  aclk (IN)
                         net (fo=970, unset)          0.748    10.748    u_axis_detector/u_detector/u_dft_core/aclk
                         FDRE                                         r  u_axis_detector/u_detector/u_dft_core/term_pipe_im_reg[14]/C
                         clock pessimism              0.000    10.748
                         clock uncertainty           -0.035    10.712
                         FDRE (Setup_fdre_C_D)       -0.032    10.680    u_axis_detector/u_detector/u_dft_core/term_pipe_im_reg[14]
  -------------------------------------------------------------------
                         required time                         10.680
                         arrival time                          -9.675
  -------------------------------------------------------------------
                         slack                                  1.006

Slack (MET) :             1.006ns  (required time - arrival time)
  Source:                 u_axis_detector/u_detector/u_dft_core/sample_index_reg[0]/C
                            (rising edge-triggered cell FDRE clocked by clk  {rise@0.000ns fall@5.000ns period=10.000ns})
  Destination:            u_axis_detector/u_detector/u_dft_core/term_pipe_im_reg[15]/D
                            (rising edge-triggered cell FDRE clocked by clk  {rise@0.000ns fall@5.000ns period=10.000ns})
  Path Group:             clk
  Path Type:              Setup (Max at Slow Process Corner)
  Requirement:            10.000ns  (clk rise@10.000ns - clk rise@0.000ns)
  Data Path Delay:        8.888ns  (logic 5.498ns (61.861%)  route 3.390ns (38.139%))
  Logic Levels:           5  (DSP48E1=2 LUT2=1 LUT3=1 RAMD64E=1)
  Clock Path Skew:        -0.039ns (DCD - SCD + CPR)
    Destination Clock Delay (DCD):    0.748ns = ( 10.748 - 10.000 )
    Source Clock Delay      (SCD):    0.787ns
    Clock Pessimism Removal (CPR):    0.000ns
  Clock Uncertainty:      0.035ns  ((TSJ^2 + TIJ^2)^1/2 + DJ) / 2 + PE
    Total System Jitter     (TSJ):    0.071ns
    Total Input Jitter      (TIJ):    0.000ns
    Discrete Jitter          (DJ):    0.000ns
    Phase Error              (PE):    0.000ns

    Location             Delay type                Incr(ns)  Path(ns)    Netlist Resource(s)
  -------------------------------------------------------------------    -------------------
                         (clock clk rise edge)        0.000     0.000 r
                                                      0.000     0.000 r  aclk (IN)
                         net (fo=970, unset)          0.787     0.787    u_axis_detector/u_detector/u_dft_core/aclk
                         FDRE                                         r  u_axis_detector/u_detector/u_dft_core/sample_index_reg[0]/C
  -------------------------------------------------------------------    -------------------
                         FDRE (Prop_fdre_C_Q)         0.303     1.090 r  u_axis_detector/u_detector/u_dft_core/sample_index_reg[0]/Q
                         net (fo=73, unplaced)        0.871     1.961    u_axis_detector/u_detector/u_symbol_buffer/mem_re_reg_64_127_15_15/ADDRA0
                         RAMD64E (Prop_ramd64e_RADR0_O)
                                                      0.232     2.193 r  u_axis_detector/u_detector/u_symbol_buffer/mem_re_reg_64_127_15_15/RAMA/O
                         net (fo=1, unplaced)         0.582     2.775    u_axis_detector/u_detector/u_symbol_buffer/mem_re_reg_64_127_15_15_n_0
                         LUT3 (Prop_lut3_I0_O)        0.105     2.880 r  u_axis_detector/u_detector/u_symbol_buffer/product_ri_i_1/O
                         net (fo=30, unplaced)        0.646     3.526    u_axis_detector/u_detector/u_dft_core/A[15]
                         DSP48E1 (Prop_dsp48e1_A[29]_P[31])
                                                      3.230     6.756 r  u_axis_detector/u_detector/u_dft_core/product_ri/P[31]
                         net (fo=2, unplaced)         0.646     7.401    u_axis_detector/u_detector/u_dft_core/product_ri__0[31]
                         DSP48E1 (Prop_dsp48e1_C[32]_P[30])
                                                      1.523     8.924 r  u_axis_detector/u_detector/u_dft_core/full_term_im/P[30]
                         net (fo=1, unplaced)         0.646     9.570    u_axis_detector/u_detector/u_dft_core/full_term_im__0[30]
                         LUT2 (Prop_lut2_I1_O)        0.105     9.675 r  u_axis_detector/u_detector/u_dft_core/term_pipe_im[15]_i_1/O
                         net (fo=1, unplaced)         0.000     9.675    u_axis_detector/u_detector/u_dft_core/term_pipe_im[15]
                         FDRE                                         r  u_axis_detector/u_detector/u_dft_core/term_pipe_im_reg[15]/D
  -------------------------------------------------------------------    -------------------

                         (clock clk rise edge)       10.000    10.000 r
                                                      0.000    10.000 r  aclk (IN)
                         net (fo=970, unset)          0.748    10.748    u_axis_detector/u_detector/u_dft_core/aclk
                         FDRE                                         r  u_axis_detector/u_detector/u_dft_core/term_pipe_im_reg[15]/C
                         clock pessimism              0.000    10.748
                         clock uncertainty           -0.035    10.712
                         FDRE (Setup_fdre_C_D)       -0.032    10.680    u_axis_detector/u_detector/u_dft_core/term_pipe_im_reg[15]
  -------------------------------------------------------------------
                         required time                         10.680
                         arrival time                          -9.675
  -------------------------------------------------------------------
                         slack                                  1.006

Slack (MET) :             1.006ns  (required time - arrival time)
  Source:                 u_axis_detector/u_detector/u_dft_core/sample_index_reg[0]/C
                            (rising edge-triggered cell FDRE clocked by clk  {rise@0.000ns fall@5.000ns period=10.000ns})
  Destination:            u_axis_detector/u_detector/u_dft_core/term_pipe_im_reg[16]/D
                            (rising edge-triggered cell FDRE clocked by clk  {rise@0.000ns fall@5.000ns period=10.000ns})
  Path Group:             clk
  Path Type:              Setup (Max at Slow Process Corner)
  Requirement:            10.000ns  (clk rise@10.000ns - clk rise@0.000ns)
  Data Path Delay:        8.888ns  (logic 5.498ns (61.861%)  route 3.390ns (38.139%))
  Logic Levels:           5  (DSP48E1=2 LUT2=1 LUT3=1 RAMD64E=1)
  Clock Path Skew:        -0.039ns (DCD - SCD + CPR)
    Destination Clock Delay (DCD):    0.748ns = ( 10.748 - 10.000 )
    Source Clock Delay      (SCD):    0.787ns
    Clock Pessimism Removal (CPR):    0.000ns
  Clock Uncertainty:      0.035ns  ((TSJ^2 + TIJ^2)^1/2 + DJ) / 2 + PE
    Total System Jitter     (TSJ):    0.071ns
    Total Input Jitter      (TIJ):    0.000ns
    Discrete Jitter          (DJ):    0.000ns
    Phase Error              (PE):    0.000ns

    Location             Delay type                Incr(ns)  Path(ns)    Netlist Resource(s)
  -------------------------------------------------------------------    -------------------
                         (clock clk rise edge)        0.000     0.000 r
                                                      0.000     0.000 r  aclk (IN)
                         net (fo=970, unset)          0.787     0.787    u_axis_detector/u_detector/u_dft_core/aclk
                         FDRE                                         r  u_axis_detector/u_detector/u_dft_core/sample_index_reg[0]/C
  -------------------------------------------------------------------    -------------------
                         FDRE (Prop_fdre_C_Q)         0.303     1.090 r  u_axis_detector/u_detector/u_dft_core/sample_index_reg[0]/Q
                         net (fo=73, unplaced)        0.871     1.961    u_axis_detector/u_detector/u_symbol_buffer/mem_re_reg_64_127_15_15/ADDRA0
                         RAMD64E (Prop_ramd64e_RADR0_O)
                                                      0.232     2.193 r  u_axis_detector/u_detector/u_symbol_buffer/mem_re_reg_64_127_15_15/RAMA/O
                         net (fo=1, unplaced)         0.582     2.775    u_axis_detector/u_detector/u_symbol_buffer/mem_re_reg_64_127_15_15_n_0
                         LUT3 (Prop_lut3_I0_O)        0.105     2.880 r  u_axis_detector/u_detector/u_symbol_buffer/product_ri_i_1/O
                         net (fo=30, unplaced)        0.646     3.526    u_axis_detector/u_detector/u_dft_core/A[15]
                         DSP48E1 (Prop_dsp48e1_A[29]_P[31])
                                                      3.230     6.756 r  u_axis_detector/u_detector/u_dft_core/product_ri/P[31]
                         net (fo=2, unplaced)         0.646     7.401    u_axis_detector/u_detector/u_dft_core/product_ri__0[31]
                         DSP48E1 (Prop_dsp48e1_C[32]_P[31])
                                                      1.523     8.924 r  u_axis_detector/u_detector/u_dft_core/full_term_im/P[31]
                         net (fo=1, unplaced)         0.646     9.570    u_axis_detector/u_detector/u_dft_core/full_term_im__0[31]
                         LUT2 (Prop_lut2_I1_O)        0.105     9.675 r  u_axis_detector/u_detector/u_dft_core/term_pipe_im[16]_i_1/O
                         net (fo=1, unplaced)         0.000     9.675    u_axis_detector/u_detector/u_dft_core/term_pipe_im[16]
                         FDRE                                         r  u_axis_detector/u_detector/u_dft_core/term_pipe_im_reg[16]/D
  -------------------------------------------------------------------    -------------------

                         (clock clk rise edge)       10.000    10.000 r
                                                      0.000    10.000 r  aclk (IN)
                         net (fo=970, unset)          0.748    10.748    u_axis_detector/u_detector/u_dft_core/aclk
                         FDRE                                         r  u_axis_detector/u_detector/u_dft_core/term_pipe_im_reg[16]/C
                         clock pessimism              0.000    10.748
                         clock uncertainty           -0.035    10.712
                         FDRE (Setup_fdre_C_D)       -0.032    10.680    u_axis_detector/u_detector/u_dft_core/term_pipe_im_reg[16]
  -------------------------------------------------------------------
                         required time                         10.680
                         arrival time                          -9.675
  -------------------------------------------------------------------
                         slack                                  1.006

Slack (MET) :             1.006ns  (required time - arrival time)
  Source:                 u_axis_detector/u_detector/u_dft_core/sample_index_reg[0]/C
                            (rising edge-triggered cell FDRE clocked by clk  {rise@0.000ns fall@5.000ns period=10.000ns})
  Destination:            u_axis_detector/u_detector/u_dft_core/term_pipe_im_reg[1]/D
                            (rising edge-triggered cell FDRE clocked by clk  {rise@0.000ns fall@5.000ns period=10.000ns})
  Path Group:             clk
  Path Type:              Setup (Max at Slow Process Corner)
  Requirement:            10.000ns  (clk rise@10.000ns - clk rise@0.000ns)
  Data Path Delay:        8.888ns  (logic 5.498ns (61.861%)  route 3.390ns (38.139%))
  Logic Levels:           5  (DSP48E1=2 LUT2=1 LUT3=1 RAMD64E=1)
  Clock Path Skew:        -0.039ns (DCD - SCD + CPR)
    Destination Clock Delay (DCD):    0.748ns = ( 10.748 - 10.000 )
    Source Clock Delay      (SCD):    0.787ns
    Clock Pessimism Removal (CPR):    0.000ns
  Clock Uncertainty:      0.035ns  ((TSJ^2 + TIJ^2)^1/2 + DJ) / 2 + PE
    Total System Jitter     (TSJ):    0.071ns
    Total Input Jitter      (TIJ):    0.000ns
    Discrete Jitter          (DJ):    0.000ns
    Phase Error              (PE):    0.000ns

    Location             Delay type                Incr(ns)  Path(ns)    Netlist Resource(s)
  -------------------------------------------------------------------    -------------------
                         (clock clk rise edge)        0.000     0.000 r
                                                      0.000     0.000 r  aclk (IN)
                         net (fo=970, unset)          0.787     0.787    u_axis_detector/u_detector/u_dft_core/aclk
                         FDRE                                         r  u_axis_detector/u_detector/u_dft_core/sample_index_reg[0]/C
  -------------------------------------------------------------------    -------------------
                         FDRE (Prop_fdre_C_Q)         0.303     1.090 r  u_axis_detector/u_detector/u_dft_core/sample_index_reg[0]/Q
                         net (fo=73, unplaced)        0.871     1.961    u_axis_detector/u_detector/u_symbol_buffer/mem_re_reg_64_127_15_15/ADDRA0
                         RAMD64E (Prop_ramd64e_RADR0_O)
                                                      0.232     2.193 r  u_axis_detector/u_detector/u_symbol_buffer/mem_re_reg_64_127_15_15/RAMA/O
                         net (fo=1, unplaced)         0.582     2.775    u_axis_detector/u_detector/u_symbol_buffer/mem_re_reg_64_127_15_15_n_0
                         LUT3 (Prop_lut3_I0_O)        0.105     2.880 r  u_axis_detector/u_detector/u_symbol_buffer/product_ri_i_1/O
                         net (fo=30, unplaced)        0.646     3.526    u_axis_detector/u_detector/u_dft_core/A[15]
                         DSP48E1 (Prop_dsp48e1_A[29]_P[31])
                                                      3.230     6.756 r  u_axis_detector/u_detector/u_dft_core/product_ri/P[31]
                         net (fo=2, unplaced)         0.646     7.401    u_axis_detector/u_detector/u_dft_core/product_ri__0[31]
                         DSP48E1 (Prop_dsp48e1_C[32]_P[16])
                                                      1.523     8.924 r  u_axis_detector/u_detector/u_dft_core/full_term_im/P[16]
                         net (fo=1, unplaced)         0.646     9.570    u_axis_detector/u_detector/u_dft_core/full_term_im__0[16]
                         LUT2 (Prop_lut2_I1_O)        0.105     9.675 r  u_axis_detector/u_detector/u_dft_core/term_pipe_im[1]_i_1/O
                         net (fo=1, unplaced)         0.000     9.675    u_axis_detector/u_detector/u_dft_core/term_pipe_im[1]
                         FDRE                                         r  u_axis_detector/u_detector/u_dft_core/term_pipe_im_reg[1]/D
  -------------------------------------------------------------------    -------------------

                         (clock clk rise edge)       10.000    10.000 r
                                                      0.000    10.000 r  aclk (IN)
                         net (fo=970, unset)          0.748    10.748    u_axis_detector/u_detector/u_dft_core/aclk
                         FDRE                                         r  u_axis_detector/u_detector/u_dft_core/term_pipe_im_reg[1]/C
                         clock pessimism              0.000    10.748
                         clock uncertainty           -0.035    10.712
                         FDRE (Setup_fdre_C_D)       -0.032    10.680    u_axis_detector/u_detector/u_dft_core/term_pipe_im_reg[1]
  -------------------------------------------------------------------
                         required time                         10.680
                         arrival time                          -9.675
  -------------------------------------------------------------------
                         slack                                  1.006

Slack (MET) :             1.006ns  (required time - arrival time)
  Source:                 u_axis_detector/u_detector/u_dft_core/sample_index_reg[0]/C
                            (rising edge-triggered cell FDRE clocked by clk  {rise@0.000ns fall@5.000ns period=10.000ns})
  Destination:            u_axis_detector/u_detector/u_dft_core/term_pipe_im_reg[2]/D
                            (rising edge-triggered cell FDRE clocked by clk  {rise@0.000ns fall@5.000ns period=10.000ns})
  Path Group:             clk
  Path Type:              Setup (Max at Slow Process Corner)
  Requirement:            10.000ns  (clk rise@10.000ns - clk rise@0.000ns)
  Data Path Delay:        8.888ns  (logic 5.498ns (61.861%)  route 3.390ns (38.139%))
  Logic Levels:           5  (DSP48E1=2 LUT2=1 LUT3=1 RAMD64E=1)
  Clock Path Skew:        -0.039ns (DCD - SCD + CPR)
    Destination Clock Delay (DCD):    0.748ns = ( 10.748 - 10.000 )
    Source Clock Delay      (SCD):    0.787ns
    Clock Pessimism Removal (CPR):    0.000ns
  Clock Uncertainty:      0.035ns  ((TSJ^2 + TIJ^2)^1/2 + DJ) / 2 + PE
    Total System Jitter     (TSJ):    0.071ns
    Total Input Jitter      (TIJ):    0.000ns
    Discrete Jitter          (DJ):    0.000ns
    Phase Error              (PE):    0.000ns

    Location             Delay type                Incr(ns)  Path(ns)    Netlist Resource(s)
  -------------------------------------------------------------------    -------------------
                         (clock clk rise edge)        0.000     0.000 r
                                                      0.000     0.000 r  aclk (IN)
                         net (fo=970, unset)          0.787     0.787    u_axis_detector/u_detector/u_dft_core/aclk
                         FDRE                                         r  u_axis_detector/u_detector/u_dft_core/sample_index_reg[0]/C
  -------------------------------------------------------------------    -------------------
                         FDRE (Prop_fdre_C_Q)         0.303     1.090 r  u_axis_detector/u_detector/u_dft_core/sample_index_reg[0]/Q
                         net (fo=73, unplaced)        0.871     1.961    u_axis_detector/u_detector/u_symbol_buffer/mem_re_reg_64_127_15_15/ADDRA0
                         RAMD64E (Prop_ramd64e_RADR0_O)
                                                      0.232     2.193 r  u_axis_detector/u_detector/u_symbol_buffer/mem_re_reg_64_127_15_15/RAMA/O
                         net (fo=1, unplaced)         0.582     2.775    u_axis_detector/u_detector/u_symbol_buffer/mem_re_reg_64_127_15_15_n_0
                         LUT3 (Prop_lut3_I0_O)        0.105     2.880 r  u_axis_detector/u_detector/u_symbol_buffer/product_ri_i_1/O
                         net (fo=30, unplaced)        0.646     3.526    u_axis_detector/u_detector/u_dft_core/A[15]
                         DSP48E1 (Prop_dsp48e1_A[29]_P[31])
                                                      3.230     6.756 r  u_axis_detector/u_detector/u_dft_core/product_ri/P[31]
                         net (fo=2, unplaced)         0.646     7.401    u_axis_detector/u_detector/u_dft_core/product_ri__0[31]
                         DSP48E1 (Prop_dsp48e1_C[32]_P[17])
                                                      1.523     8.924 r  u_axis_detector/u_detector/u_dft_core/full_term_im/P[17]
                         net (fo=1, unplaced)         0.646     9.570    u_axis_detector/u_detector/u_dft_core/full_term_im__0[17]
                         LUT2 (Prop_lut2_I1_O)        0.105     9.675 r  u_axis_detector/u_detector/u_dft_core/term_pipe_im[2]_i_1/O
                         net (fo=1, unplaced)         0.000     9.675    u_axis_detector/u_detector/u_dft_core/term_pipe_im[2]
                         FDRE                                         r  u_axis_detector/u_detector/u_dft_core/term_pipe_im_reg[2]/D
  -------------------------------------------------------------------    -------------------

                         (clock clk rise edge)       10.000    10.000 r
                                                      0.000    10.000 r  aclk (IN)
                         net (fo=970, unset)          0.748    10.748    u_axis_detector/u_detector/u_dft_core/aclk
                         FDRE                                         r  u_axis_detector/u_detector/u_dft_core/term_pipe_im_reg[2]/C
                         clock pessimism              0.000    10.748
                         clock uncertainty           -0.035    10.712
                         FDRE (Setup_fdre_C_D)       -0.032    10.680    u_axis_detector/u_detector/u_dft_core/term_pipe_im_reg[2]
  -------------------------------------------------------------------
                         required time                         10.680
                         arrival time                          -9.675
  -------------------------------------------------------------------
                         slack                                  1.006





Pulse Width Checks
--------------------------------------------------------------------------------------
Clock Name:         clk
Waveform(ns):       { 0.000 5.000 }
Period(ns):         10.000
Sources:            { aclk }

Check Type        Corner  Lib Pin             Reference Pin  Required(ns)  Actual(ns)  Slack(ns)  Location  Pin
Min Period        n/a     RAMB18E1/CLKARDCLK  n/a            2.170         10.000      7.830                u_detector/input_index_reg_rep/CLKARDCLK
Min Period        n/a     RAMB18E1/CLKBWRCLK  n/a            2.170         10.000      7.830                u_detector/input_index_reg_rep/CLKBWRCLK
Min Period        n/a     RAMB18E1/CLKARDCLK  n/a            2.170         10.000      7.830                u_axis_detector/u_detector/u_dft_core/twiddle_index_reg_rep/CLKARDCLK
Min Period        n/a     RAMB18E1/CLKARDCLK  n/a            2.170         10.000      7.830                u_axis_detector/u_detector/u_dft_core/twiddle_index_reg_rep__0/CLKARDCLK
Min Period        n/a     FDRE/C              n/a            1.000         10.000      9.000                awaddr_latched_reg[0]/C
Min Period        n/a     FDRE/C              n/a            1.000         10.000      9.000                awaddr_latched_reg[1]/C
Min Period        n/a     FDRE/C              n/a            1.000         10.000      9.000                awaddr_latched_reg[2]/C
Min Period        n/a     FDRE/C              n/a            1.000         10.000      9.000                awaddr_latched_reg[3]/C
Min Period        n/a     FDRE/C              n/a            1.000         10.000      9.000                awaddr_latched_reg[4]/C
Min Period        n/a     FDRE/C              n/a            1.000         10.000      9.000                awaddr_latched_reg[5]/C
Low Pulse Width   Slow    RAMD64E/CLK         n/a            1.130         5.000       3.870                u_axis_detector/u_detector/u_symbol_buffer/mem_im_reg_0_63_0_2/RAMA/CLK
Low Pulse Width   Fast    RAMD64E/CLK         n/a            1.130         5.000       3.870                u_axis_detector/u_detector/u_symbol_buffer/mem_im_reg_0_63_0_2/RAMA/CLK
Low Pulse Width   Slow    RAMD64E/CLK         n/a            1.130         5.000       3.870                u_axis_detector/u_detector/u_symbol_buffer/mem_im_reg_0_63_0_2/RAMB/CLK
Low Pulse Width   Fast    RAMD64E/CLK         n/a            1.130         5.000       3.870                u_axis_detector/u_detector/u_symbol_buffer/mem_im_reg_0_63_0_2/RAMB/CLK
Low Pulse Width   Slow    RAMD64E/CLK         n/a            1.130         5.000       3.870                u_axis_detector/u_detector/u_symbol_buffer/mem_im_reg_0_63_0_2/RAMC/CLK
Low Pulse Width   Fast    RAMD64E/CLK         n/a            1.130         5.000       3.870                u_axis_detector/u_detector/u_symbol_buffer/mem_im_reg_0_63_0_2/RAMC/CLK
Low Pulse Width   Slow    RAMD64E/CLK         n/a            1.130         5.000       3.870                u_axis_detector/u_detector/u_symbol_buffer/mem_im_reg_0_63_0_2/RAMD/CLK
Low Pulse Width   Fast    RAMD64E/CLK         n/a            1.130         5.000       3.870                u_axis_detector/u_detector/u_symbol_buffer/mem_im_reg_0_63_0_2/RAMD/CLK
Low Pulse Width   Slow    RAMD64E/CLK         n/a            1.130         5.000       3.870                u_axis_detector/u_detector/u_symbol_buffer/mem_im_reg_0_63_12_14/RAMA/CLK
Low Pulse Width   Fast    RAMD64E/CLK         n/a            1.130         5.000       3.870                u_axis_detector/u_detector/u_symbol_buffer/mem_im_reg_0_63_12_14/RAMA/CLK
High Pulse Width  Slow    RAMD64E/CLK         n/a            1.130         5.000       3.870                u_axis_detector/u_detector/u_symbol_buffer/mem_im_reg_0_63_0_2/RAMA/CLK
High Pulse Width  Fast    RAMD64E/CLK         n/a            1.130         5.000       3.870                u_axis_detector/u_detector/u_symbol_buffer/mem_im_reg_0_63_0_2/RAMA/CLK
High Pulse Width  Slow    RAMD64E/CLK         n/a            1.130         5.000       3.870                u_axis_detector/u_detector/u_symbol_buffer/mem_im_reg_0_63_0_2/RAMB/CLK
High Pulse Width  Fast    RAMD64E/CLK         n/a            1.130         5.000       3.870                u_axis_detector/u_detector/u_symbol_buffer/mem_im_reg_0_63_0_2/RAMB/CLK
High Pulse Width  Slow    RAMD64E/CLK         n/a            1.130         5.000       3.870                u_axis_detector/u_detector/u_symbol_buffer/mem_im_reg_0_63_0_2/RAMC/CLK
High Pulse Width  Fast    RAMD64E/CLK         n/a            1.130         5.000       3.870                u_axis_detector/u_detector/u_symbol_buffer/mem_im_reg_0_63_0_2/RAMC/CLK
High Pulse Width  Slow    RAMD64E/CLK         n/a            1.130         5.000       3.870                u_axis_detector/u_detector/u_symbol_buffer/mem_im_reg_0_63_0_2/RAMD/CLK
High Pulse Width  Fast    RAMD64E/CLK         n/a            1.130         5.000       3.870                u_axis_detector/u_detector/u_symbol_buffer/mem_im_reg_0_63_0_2/RAMD/CLK
High Pulse Width  Slow    RAMD64E/CLK         n/a            1.130         5.000       3.870                u_axis_detector/u_detector/u_symbol_buffer/mem_im_reg_0_63_12_14/RAMA/CLK
High Pulse Width  Fast    RAMD64E/CLK         n/a            1.130         5.000       3.870                u_axis_detector/u_detector/u_symbol_buffer/mem_im_reg_0_63_12_14/RAMA/CLK
