Copyright 1986-2021 Xilinx, Inc. All Rights Reserved.
----------------------------------------------------------------------------------------------------------------------------------------------------
| Tool Version : Vivado v.2021.1 (win64) Build 3247384 Thu Jun 10 19:36:33 MDT 2021
| Date         : normalized
| Host         : normalized
| Command      : report_drc -file <output_dir>/css_sf7_axi_accelerator_post_route_drc.rpt
| Design       : css_sf7_axi_accelerator
| Device       : xc7z020clg400-2
| Speed File   : -2
| Design State : Fully Routed
----------------------------------------------------------------------------------------------------------------------------------------------------

Report DRC

Table of Contents
-----------------
1. REPORT SUMMARY
2. REPORT DETAILS

1. REPORT SUMMARY
-----------------
            Netlist: css_sf7_axi_accelerator
          Floorplan: design_1
      Design limits: <entire design considered>
           Ruledeck: default
             Max violations: <unlimited>
             Violations found: 46
+-----------+----------+------------------------+------------+
| Rule      | Severity | Description            | Violations |
+-----------+----------+------------------------+------------+
| DPIP-1    | Warning  | Input pipelining       | 12         |
| DPOP-1    | Warning  | PREG Output pipelining | 16         |
| DPOP-2    | Warning  | MREG Output pipelining | 16         |
| RTSTAT-10 | Warning  | No routable loads      | 1          |
| ZPS7-1    | Warning  | PS7 block required     | 1          |
+-----------+----------+------------------------+------------+

2. REPORT DETAILS
-----------------
DPIP-1#1 Warning
Input pipelining
DSP u_axis_detector/u_detector/u_dechirp_frontend/u_dechirp/full_im input u_axis_detector/u_detector/u_dechirp_frontend/u_dechirp/full_im/C[47:0] is not pipelined. Pipelining DSP48 input will improve performance.
Related violations: <none>

DPIP-1#2 Warning
Input pipelining
DSP u_axis_detector/u_detector/u_dechirp_frontend/u_dechirp/full_re input u_axis_detector/u_detector/u_dechirp_frontend/u_dechirp/full_re/C[47:0] is not pipelined. Pipelining DSP48 input will improve performance.
Related violations: <none>

DPIP-1#3 Warning
Input pipelining
DSP u_axis_detector/u_detector/u_dft_core/full_term_im input u_axis_detector/u_detector/u_dft_core/full_term_im/A[29:0] is not pipelined. Pipelining DSP48 input will improve performance.
Related violations: <none>

DPIP-1#4 Warning
Input pipelining
DSP u_axis_detector/u_detector/u_dft_core/full_term_im input u_axis_detector/u_detector/u_dft_core/full_term_im/B[17:0] is not pipelined. Pipelining DSP48 input will improve performance.
Related violations: <none>

DPIP-1#5 Warning
Input pipelining
DSP u_axis_detector/u_detector/u_dft_core/full_term_im input u_axis_detector/u_detector/u_dft_core/full_term_im/C[47:0] is not pipelined. Pipelining DSP48 input will improve performance.
Related violations: <none>

DPIP-1#6 Warning
Input pipelining
DSP u_axis_detector/u_detector/u_dft_core/full_term_re input u_axis_detector/u_detector/u_dft_core/full_term_re/A[29:0] is not pipelined. Pipelining DSP48 input will improve performance.
Related violations: <none>

DPIP-1#7 Warning
Input pipelining
DSP u_axis_detector/u_detector/u_dft_core/full_term_re input u_axis_detector/u_detector/u_dft_core/full_term_re/B[17:0] is not pipelined. Pipelining DSP48 input will improve performance.
Related violations: <none>

DPIP-1#8 Warning
Input pipelining
DSP u_axis_detector/u_detector/u_dft_core/full_term_re input u_axis_detector/u_detector/u_dft_core/full_term_re/C[47:0] is not pipelined. Pipelining DSP48 input will improve performance.
Related violations: <none>

DPIP-1#9 Warning
Input pipelining
DSP u_axis_detector/u_detector/u_dft_core/product_ri input u_axis_detector/u_detector/u_dft_core/product_ri/A[29:0] is not pipelined. Pipelining DSP48 input will improve performance.
Related violations: <none>

DPIP-1#10 Warning
Input pipelining
DSP u_axis_detector/u_detector/u_dft_core/product_ri input u_axis_detector/u_detector/u_dft_core/product_ri/B[17:0] is not pipelined. Pipelining DSP48 input will improve performance.
Related violations: <none>

DPIP-1#11 Warning
Input pipelining
DSP u_axis_detector/u_detector/u_dft_core/product_rr input u_axis_detector/u_detector/u_dft_core/product_rr/A[29:0] is not pipelined. Pipelining DSP48 input will improve performance.
Related violations: <none>

DPIP-1#12 Warning
Input pipelining
DSP u_axis_detector/u_detector/u_dft_core/product_rr input u_axis_detector/u_detector/u_dft_core/product_rr/B[17:0] is not pipelined. Pipelining DSP48 input will improve performance.
Related violations: <none>

DPOP-1#1 Warning
PREG Output pipelining
DSP u_axis_detector/u_detector/u_dechirp_frontend/u_dechirp/full_im output u_axis_detector/u_detector/u_dechirp_frontend/u_dechirp/full_im/P[47:0] is not pipelined (PREG=0). Pipelining the DSP48 output will improve performance and often saves power so it is suggested whenever possible to fully pipeline this function.  If this DSP48 function was inferred, it is suggested to describe an additional register stage after this function.  If the DSP48 was instantiated in the design, it is suggested to set the PREG attribute to 1.
Related violations: <none>

DPOP-1#2 Warning
PREG Output pipelining
DSP u_axis_detector/u_detector/u_dechirp_frontend/u_dechirp/full_re output u_axis_detector/u_detector/u_dechirp_frontend/u_dechirp/full_re/P[47:0] is not pipelined (PREG=0). Pipelining the DSP48 output will improve performance and often saves power so it is suggested whenever possible to fully pipeline this function.  If this DSP48 function was inferred, it is suggested to describe an additional register stage after this function.  If the DSP48 was instantiated in the design, it is suggested to set the PREG attribute to 1.
Related violations: <none>

DPOP-1#3 Warning
PREG Output pipelining
DSP u_axis_detector/u_detector/u_dechirp_frontend/u_dechirp/product_ir output u_axis_detector/u_detector/u_dechirp_frontend/u_dechirp/product_ir/P[47:0] is not pipelined (PREG=0). Pipelining the DSP48 output will improve performance and often saves power so it is suggested whenever possible to fully pipeline this function.  If this DSP48 function was inferred, it is suggested to describe an additional register stage after this function.  If the DSP48 was instantiated in the design, it is suggested to set the PREG attribute to 1.
Related violations: <none>

DPOP-1#4 Warning
PREG Output pipelining
DSP u_axis_detector/u_detector/u_dechirp_frontend/u_dechirp/product_rr output u_axis_detector/u_detector/u_dechirp_frontend/u_dechirp/product_rr/P[47:0] is not pipelined (PREG=0). Pipelining the DSP48 output will improve performance and often saves power so it is suggested whenever possible to fully pipeline this function.  If this DSP48 function was inferred, it is suggested to describe an additional register stage after this function.  If the DSP48 was instantiated in the design, it is suggested to set the PREG attribute to 1.
Related violations: <none>

DPOP-1#5 Warning
PREG Output pipelining
DSP u_axis_detector/u_detector/u_dft_core/accumulator_im_squared output u_axis_detector/u_detector/u_dft_core/accumulator_im_squared/P[47:0] is not pipelined (PREG=0). Pipelining the DSP48 output will improve performance and often saves power so it is suggested whenever possible to fully pipeline this function.  If this DSP48 function was inferred, it is suggested to describe an additional register stage after this function.  If the DSP48 was instantiated in the design, it is suggested to set the PREG attribute to 1.
Related violations: <none>

DPOP-1#6 Warning
PREG Output pipelining
DSP u_axis_detector/u_detector/u_dft_core/accumulator_im_squared__0 output u_axis_detector/u_detector/u_dft_core/accumulator_im_squared__0/P[47:0] is not pipelined (PREG=0). Pipelining the DSP48 output will improve performance and often saves power so it is suggested whenever possible to fully pipeline this function.  If this DSP48 function was inferred, it is suggested to describe an additional register stage after this function.  If the DSP48 was instantiated in the design, it is suggested to set the PREG attribute to 1.
Related violations: <none>

DPOP-1#7 Warning
PREG Output pipelining
DSP u_axis_detector/u_detector/u_dft_core/accumulator_im_squared__1 output u_axis_detector/u_detector/u_dft_core/accumulator_im_squared__1/P[47:0] is not pipelined (PREG=0). Pipelining the DSP48 output will improve performance and often saves power so it is suggested whenever possible to fully pipeline this function.  If this DSP48 function was inferred, it is suggested to describe an additional register stage after this function.  If the DSP48 was instantiated in the design, it is suggested to set the PREG attribute to 1.
Related violations: <none>

DPOP-1#8 Warning
PREG Output pipelining
DSP u_axis_detector/u_detector/u_dft_core/accumulator_im_squared__2 output u_axis_detector/u_detector/u_dft_core/accumulator_im_squared__2/P[47:0] is not pipelined (PREG=0). Pipelining the DSP48 output will improve performance and often saves power so it is suggested whenever possible to fully pipeline this function.  If this DSP48 function was inferred, it is suggested to describe an additional register stage after this function.  If the DSP48 was instantiated in the design, it is suggested to set the PREG attribute to 1.
Related violations: <none>

DPOP-1#9 Warning
PREG Output pipelining
DSP u_axis_detector/u_detector/u_dft_core/accumulator_re_squared output u_axis_detector/u_detector/u_dft_core/accumulator_re_squared/P[47:0] is not pipelined (PREG=0). Pipelining the DSP48 output will improve performance and often saves power so it is suggested whenever possible to fully pipeline this function.  If this DSP48 function was inferred, it is suggested to describe an additional register stage after this function.  If the DSP48 was instantiated in the design, it is suggested to set the PREG attribute to 1.
Related violations: <none>

DPOP-1#10 Warning
PREG Output pipelining
DSP u_axis_detector/u_detector/u_dft_core/accumulator_re_squared__0 output u_axis_detector/u_detector/u_dft_core/accumulator_re_squared__0/P[47:0] is not pipelined (PREG=0). Pipelining the DSP48 output will improve performance and often saves power so it is suggested whenever possible to fully pipeline this function.  If this DSP48 function was inferred, it is suggested to describe an additional register stage after this function.  If the DSP48 was instantiated in the design, it is suggested to set the PREG attribute to 1.
Related violations: <none>

DPOP-1#11 Warning
PREG Output pipelining
DSP u_axis_detector/u_detector/u_dft_core/accumulator_re_squared__1 output u_axis_detector/u_detector/u_dft_core/accumulator_re_squared__1/P[47:0] is not pipelined (PREG=0). Pipelining the DSP48 output will improve performance and often saves power so it is suggested whenever possible to fully pipeline this function.  If this DSP48 function was inferred, it is suggested to describe an additional register stage after this function.  If the DSP48 was instantiated in the design, it is suggested to set the PREG attribute to 1.
Related violations: <none>

DPOP-1#12 Warning
PREG Output pipelining
DSP u_axis_detector/u_detector/u_dft_core/accumulator_re_squared__2 output u_axis_detector/u_detector/u_dft_core/accumulator_re_squared__2/P[47:0] is not pipelined (PREG=0). Pipelining the DSP48 output will improve performance and often saves power so it is suggested whenever possible to fully pipeline this function.  If this DSP48 function was inferred, it is suggested to describe an additional register stage after this function.  If the DSP48 was instantiated in the design, it is suggested to set the PREG attribute to 1.
Related violations: <none>

DPOP-1#13 Warning
PREG Output pipelining
DSP u_axis_detector/u_detector/u_dft_core/full_term_im output u_axis_detector/u_detector/u_dft_core/full_term_im/P[47:0] is not pipelined (PREG=0). Pipelining the DSP48 output will improve performance and often saves power so it is suggested whenever possible to fully pipeline this function.  If this DSP48 function was inferred, it is suggested to describe an additional register stage after this function.  If the DSP48 was instantiated in the design, it is suggested to set the PREG attribute to 1.
Related violations: <none>

DPOP-1#14 Warning
PREG Output pipelining
DSP u_axis_detector/u_detector/u_dft_core/full_term_re output u_axis_detector/u_detector/u_dft_core/full_term_re/P[47:0] is not pipelined (PREG=0). Pipelining the DSP48 output will improve performance and often saves power so it is suggested whenever possible to fully pipeline this function.  If this DSP48 function was inferred, it is suggested to describe an additional register stage after this function.  If the DSP48 was instantiated in the design, it is suggested to set the PREG attribute to 1.
Related violations: <none>

DPOP-1#15 Warning
PREG Output pipelining
DSP u_axis_detector/u_detector/u_dft_core/product_ri output u_axis_detector/u_detector/u_dft_core/product_ri/P[47:0] is not pipelined (PREG=0). Pipelining the DSP48 output will improve performance and often saves power so it is suggested whenever possible to fully pipeline this function.  If this DSP48 function was inferred, it is suggested to describe an additional register stage after this function.  If the DSP48 was instantiated in the design, it is suggested to set the PREG attribute to 1.
Related violations: <none>

DPOP-1#16 Warning
PREG Output pipelining
DSP u_axis_detector/u_detector/u_dft_core/product_rr output u_axis_detector/u_detector/u_dft_core/product_rr/P[47:0] is not pipelined (PREG=0). Pipelining the DSP48 output will improve performance and often saves power so it is suggested whenever possible to fully pipeline this function.  If this DSP48 function was inferred, it is suggested to describe an additional register stage after this function.  If the DSP48 was instantiated in the design, it is suggested to set the PREG attribute to 1.
Related violations: <none>

DPOP-2#1 Warning
MREG Output pipelining
DSP u_axis_detector/u_detector/u_dechirp_frontend/u_dechirp/full_im multiplier stage u_axis_detector/u_detector/u_dechirp_frontend/u_dechirp/full_im/P[47:0] is not pipelined (MREG=0). Pipelining the multiplier function will improve performance and will save significant power so it is suggested whenever possible to fully pipeline this function.  If this multiplier was inferred, it is suggested to describe an additional register stage after this function.  If there is no registered adder/accumulator following the multiply function, two pipeline stages are suggested to allow both the MREG and PREG registers to be used.  If the DSP48 was instantiated in the design, it is suggested to set both the MREG and PREG attributes to 1 when performing multiply functions.
Related violations: <none>

DPOP-2#2 Warning
MREG Output pipelining
DSP u_axis_detector/u_detector/u_dechirp_frontend/u_dechirp/full_re multiplier stage u_axis_detector/u_detector/u_dechirp_frontend/u_dechirp/full_re/P[47:0] is not pipelined (MREG=0). Pipelining the multiplier function will improve performance and will save significant power so it is suggested whenever possible to fully pipeline this function.  If this multiplier was inferred, it is suggested to describe an additional register stage after this function.  If there is no registered adder/accumulator following the multiply function, two pipeline stages are suggested to allow both the MREG and PREG registers to be used.  If the DSP48 was instantiated in the design, it is suggested to set both the MREG and PREG attributes to 1 when performing multiply functions.
Related violations: <none>

DPOP-2#3 Warning
MREG Output pipelining
DSP u_axis_detector/u_detector/u_dechirp_frontend/u_dechirp/product_ir multiplier stage u_axis_detector/u_detector/u_dechirp_frontend/u_dechirp/product_ir/P[47:0] is not pipelined (MREG=0). Pipelining the multiplier function will improve performance and will save significant power so it is suggested whenever possible to fully pipeline this function.  If this multiplier was inferred, it is suggested to describe an additional register stage after this function.  If there is no registered adder/accumulator following the multiply function, two pipeline stages are suggested to allow both the MREG and PREG registers to be used.  If the DSP48 was instantiated in the design, it is suggested to set both the MREG and PREG attributes to 1 when performing multiply functions.
Related violations: <none>

DPOP-2#4 Warning
MREG Output pipelining
DSP u_axis_detector/u_detector/u_dechirp_frontend/u_dechirp/product_rr multiplier stage u_axis_detector/u_detector/u_dechirp_frontend/u_dechirp/product_rr/P[47:0] is not pipelined (MREG=0). Pipelining the multiplier function will improve performance and will save significant power so it is suggested whenever possible to fully pipeline this function.  If this multiplier was inferred, it is suggested to describe an additional register stage after this function.  If there is no registered adder/accumulator following the multiply function, two pipeline stages are suggested to allow both the MREG and PREG registers to be used.  If the DSP48 was instantiated in the design, it is suggested to set both the MREG and PREG attributes to 1 when performing multiply functions.
Related violations: <none>

DPOP-2#5 Warning
MREG Output pipelining
DSP u_axis_detector/u_detector/u_dft_core/accumulator_im_squared multiplier stage u_axis_detector/u_detector/u_dft_core/accumulator_im_squared/P[47:0] is not pipelined (MREG=0). Pipelining the multiplier function will improve performance and will save significant power so it is suggested whenever possible to fully pipeline this function.  If this multiplier was inferred, it is suggested to describe an additional register stage after this function.  If there is no registered adder/accumulator following the multiply function, two pipeline stages are suggested to allow both the MREG and PREG registers to be used.  If the DSP48 was instantiated in the design, it is suggested to set both the MREG and PREG attributes to 1 when performing multiply functions.
Related violations: <none>

DPOP-2#6 Warning
MREG Output pipelining
DSP u_axis_detector/u_detector/u_dft_core/accumulator_im_squared__0 multiplier stage u_axis_detector/u_detector/u_dft_core/accumulator_im_squared__0/P[47:0] is not pipelined (MREG=0). Pipelining the multiplier function will improve performance and will save significant power so it is suggested whenever possible to fully pipeline this function.  If this multiplier was inferred, it is suggested to describe an additional register stage after this function.  If there is no registered adder/accumulator following the multiply function, two pipeline stages are suggested to allow both the MREG and PREG registers to be used.  If the DSP48 was instantiated in the design, it is suggested to set both the MREG and PREG attributes to 1 when performing multiply functions.
Related violations: <none>

DPOP-2#7 Warning
MREG Output pipelining
DSP u_axis_detector/u_detector/u_dft_core/accumulator_im_squared__1 multiplier stage u_axis_detector/u_detector/u_dft_core/accumulator_im_squared__1/P[47:0] is not pipelined (MREG=0). Pipelining the multiplier function will improve performance and will save significant power so it is suggested whenever possible to fully pipeline this function.  If this multiplier was inferred, it is suggested to describe an additional register stage after this function.  If there is no registered adder/accumulator following the multiply function, two pipeline stages are suggested to allow both the MREG and PREG registers to be used.  If the DSP48 was instantiated in the design, it is suggested to set both the MREG and PREG attributes to 1 when performing multiply functions.
Related violations: <none>

DPOP-2#8 Warning
MREG Output pipelining
DSP u_axis_detector/u_detector/u_dft_core/accumulator_im_squared__2 multiplier stage u_axis_detector/u_detector/u_dft_core/accumulator_im_squared__2/P[47:0] is not pipelined (MREG=0). Pipelining the multiplier function will improve performance and will save significant power so it is suggested whenever possible to fully pipeline this function.  If this multiplier was inferred, it is suggested to describe an additional register stage after this function.  If there is no registered adder/accumulator following the multiply function, two pipeline stages are suggested to allow both the MREG and PREG registers to be used.  If the DSP48 was instantiated in the design, it is suggested to set both the MREG and PREG attributes to 1 when performing multiply functions.
Related violations: <none>

DPOP-2#9 Warning
MREG Output pipelining
DSP u_axis_detector/u_detector/u_dft_core/accumulator_re_squared multiplier stage u_axis_detector/u_detector/u_dft_core/accumulator_re_squared/P[47:0] is not pipelined (MREG=0). Pipelining the multiplier function will improve performance and will save significant power so it is suggested whenever possible to fully pipeline this function.  If this multiplier was inferred, it is suggested to describe an additional register stage after this function.  If there is no registered adder/accumulator following the multiply function, two pipeline stages are suggested to allow both the MREG and PREG registers to be used.  If the DSP48 was instantiated in the design, it is suggested to set both the MREG and PREG attributes to 1 when performing multiply functions.
Related violations: <none>

DPOP-2#10 Warning
MREG Output pipelining
DSP u_axis_detector/u_detector/u_dft_core/accumulator_re_squared__0 multiplier stage u_axis_detector/u_detector/u_dft_core/accumulator_re_squared__0/P[47:0] is not pipelined (MREG=0). Pipelining the multiplier function will improve performance and will save significant power so it is suggested whenever possible to fully pipeline this function.  If this multiplier was inferred, it is suggested to describe an additional register stage after this function.  If there is no registered adder/accumulator following the multiply function, two pipeline stages are suggested to allow both the MREG and PREG registers to be used.  If the DSP48 was instantiated in the design, it is suggested to set both the MREG and PREG attributes to 1 when performing multiply functions.
Related violations: <none>

DPOP-2#11 Warning
MREG Output pipelining
DSP u_axis_detector/u_detector/u_dft_core/accumulator_re_squared__1 multiplier stage u_axis_detector/u_detector/u_dft_core/accumulator_re_squared__1/P[47:0] is not pipelined (MREG=0). Pipelining the multiplier function will improve performance and will save significant power so it is suggested whenever possible to fully pipeline this function.  If this multiplier was inferred, it is suggested to describe an additional register stage after this function.  If there is no registered adder/accumulator following the multiply function, two pipeline stages are suggested to allow both the MREG and PREG registers to be used.  If the DSP48 was instantiated in the design, it is suggested to set both the MREG and PREG attributes to 1 when performing multiply functions.
Related violations: <none>

DPOP-2#12 Warning
MREG Output pipelining
DSP u_axis_detector/u_detector/u_dft_core/accumulator_re_squared__2 multiplier stage u_axis_detector/u_detector/u_dft_core/accumulator_re_squared__2/P[47:0] is not pipelined (MREG=0). Pipelining the multiplier function will improve performance and will save significant power so it is suggested whenever possible to fully pipeline this function.  If this multiplier was inferred, it is suggested to describe an additional register stage after this function.  If there is no registered adder/accumulator following the multiply function, two pipeline stages are suggested to allow both the MREG and PREG registers to be used.  If the DSP48 was instantiated in the design, it is suggested to set both the MREG and PREG attributes to 1 when performing multiply functions.
Related violations: <none>

DPOP-2#13 Warning
MREG Output pipelining
DSP u_axis_detector/u_detector/u_dft_core/full_term_im multiplier stage u_axis_detector/u_detector/u_dft_core/full_term_im/P[47:0] is not pipelined (MREG=0). Pipelining the multiplier function will improve performance and will save significant power so it is suggested whenever possible to fully pipeline this function.  If this multiplier was inferred, it is suggested to describe an additional register stage after this function.  If there is no registered adder/accumulator following the multiply function, two pipeline stages are suggested to allow both the MREG and PREG registers to be used.  If the DSP48 was instantiated in the design, it is suggested to set both the MREG and PREG attributes to 1 when performing multiply functions.
Related violations: <none>

DPOP-2#14 Warning
MREG Output pipelining
DSP u_axis_detector/u_detector/u_dft_core/full_term_re multiplier stage u_axis_detector/u_detector/u_dft_core/full_term_re/P[47:0] is not pipelined (MREG=0). Pipelining the multiplier function will improve performance and will save significant power so it is suggested whenever possible to fully pipeline this function.  If this multiplier was inferred, it is suggested to describe an additional register stage after this function.  If there is no registered adder/accumulator following the multiply function, two pipeline stages are suggested to allow both the MREG and PREG registers to be used.  If the DSP48 was instantiated in the design, it is suggested to set both the MREG and PREG attributes to 1 when performing multiply functions.
Related violations: <none>

DPOP-2#15 Warning
MREG Output pipelining
DSP u_axis_detector/u_detector/u_dft_core/product_ri multiplier stage u_axis_detector/u_detector/u_dft_core/product_ri/P[47:0] is not pipelined (MREG=0). Pipelining the multiplier function will improve performance and will save significant power so it is suggested whenever possible to fully pipeline this function.  If this multiplier was inferred, it is suggested to describe an additional register stage after this function.  If there is no registered adder/accumulator following the multiply function, two pipeline stages are suggested to allow both the MREG and PREG registers to be used.  If the DSP48 was instantiated in the design, it is suggested to set both the MREG and PREG attributes to 1 when performing multiply functions.
Related violations: <none>

DPOP-2#16 Warning
MREG Output pipelining
DSP u_axis_detector/u_detector/u_dft_core/product_rr multiplier stage u_axis_detector/u_detector/u_dft_core/product_rr/P[47:0] is not pipelined (MREG=0). Pipelining the multiplier function will improve performance and will save significant power so it is suggested whenever possible to fully pipeline this function.  If this multiplier was inferred, it is suggested to describe an additional register stage after this function.  If there is no registered adder/accumulator following the multiply function, two pipeline stages are suggested to allow both the MREG and PREG registers to be used.  If the DSP48 was instantiated in the design, it is suggested to set both the MREG and PREG attributes to 1 when performing multiply functions.
Related violations: <none>

RTSTAT-10#1 Warning
No routable loads
33 net(s) have no routable loads. The problem bus(es) and/or net(s) are irq, s_axi_rdata[31:0].
Related violations: <none>

ZPS7-1#1 Warning
PS7 block required
The PS7 cell must be used in this Zynq design in order to enable correct default configuration.
Related violations: <none>
