Copyright 1986-2021 Xilinx, Inc. All Rights Reserved.
---------------------------------------------------------------------------------------------------------------------------------------------------------------------------------------------------------------------
| Tool Version : Vivado v.2021.1 (win64) Build 3247384 Thu Jun 10 19:36:33 MDT 2021
| Date         : normalized
| Host         : normalized
| Command      : report_utilization -hierarchical -hierarchical_depth 4 -file <output_dir>/css_sf7_axi_accelerator_post_route_utilization_hierarchical.rpt
| Design       : css_sf7_axi_accelerator
| Device       : 7z020clg400-2
| Design State : Routed
---------------------------------------------------------------------------------------------------------------------------------------------------------------------------------------------------------------------

Utilization Design Information

Table of Contents
-----------------
1. Utilization by Hierarchy

1. Utilization by Hierarchy
---------------------------

+------------------------------+-----------------------------+------------+------------+---------+------+-----+--------+--------+------------+
|           Instance           |            Module           | Total LUTs | Logic LUTs | LUTRAMs | SRLs | FFs | RAMB36 | RAMB18 | DSP Blocks |
+------------------------------+-----------------------------+------------+------------+---------+------+-----+--------+--------+------------+
| css_sf7_axi_accelerator      |                       (top) |        787 |        699 |      88 |    0 | 867 |      0 |      3 |         16 |
|   (css_sf7_axi_accelerator)  |                       (top) |        123 |        123 |       0 |    0 | 278 |      0 |      1 |          0 |
|   u_axis_detector            |       css_sf7_axis_detector |        664 |        576 |      88 |    0 | 589 |      0 |      2 |         16 |
|     (u_axis_detector)        |       css_sf7_axis_detector |         29 |         29 |       0 |    0 | 168 |      0 |      0 |          0 |
|     u_detector               | css_sf7_sequential_detector |        635 |        547 |      88 |    0 | 421 |      0 |      2 |         16 |
|       (u_detector)           | css_sf7_sequential_detector |         12 |         12 |       0 |    0 |  23 |      0 |      0 |          0 |
|       u_dechirp_frontend     |    css_sf7_dechirp_frontend |         59 |         59 |       0 |    0 |  35 |      0 |      0 |          4 |
|         (u_dechirp_frontend) |    css_sf7_dechirp_frontend |          0 |          0 |       0 |    0 |   1 |      0 |      0 |          0 |
|         u_dechirp            |             css_dechirp_mul |         59 |         59 |       0 |    0 |  34 |      0 |      0 |          4 |
|       u_dft_core             |             css_dft128_core |        394 |        394 |       0 |    0 | 201 |      0 |      2 |         12 |
|       u_peak_detector        |           css_peak_detector |        107 |        107 |       0 |    0 | 145 |      0 |      0 |          0 |
|       u_symbol_buffer        |           css_symbol_buffer |        130 |         42 |      88 |    0 |  17 |      0 |      0 |          0 |
+------------------------------+-----------------------------+------------+------------+---------+------+-----+--------+--------+------------+
* Note: The sum of lower-level cells may be larger than their parent cells total, due to cross-hierarchy LUT combining
