Copyright 1986-2021 Xilinx, Inc. All Rights Reserved.
-------------------------------------------------------------------------------------------------------------------------------------------------------------------------------------------------
| Tool Version : Vivado v.2021.1 (win64) Build 3247384 Thu Jun 10 19:36:33 MDT 2021
| Date         : normalized
| Host         : normalized
| Command      : report_timing_summary -delay_type max -max_paths 10 -file <output_dir>/axis_iq_passthrough_post_route_timing_summary.rpt
| Design       : axis_iq_passthrough
| Device       : 7z020-clg400
| Speed File   : -2  PRODUCTION 1.12 2019-11-22
-------------------------------------------------------------------------------------------------------------------------------------------------------------------------------------------------

Timing Summary Report

------------------------------------------------------------------------------------------------
| Timer Settings
| --------------
------------------------------------------------------------------------------------------------

  Enable Multi Corner Analysis               :  Yes
  Enable Pessimism Removal                   :  Yes
  Pessimism Removal Resolution               :  Nearest Common Node
  Enable Input Delay Default Clock           :  No
  Enable Preset / Clear Arcs                 :  No
  Disable Flight Delays                      :  No
  Ignore I/O Paths                           :  No
  Timing Early Launch at Borrowing Latches   :  No
  Borrow Time for Max Delay Exceptions       :  Yes
  Merge Timing Exceptions                    :  Yes

  Corner  Analyze    Analyze
  Name    Max Paths  Min Paths
  ------  ---------  ---------
  Slow    Yes        Yes
  Fast    Yes        Yes


------------------------------------------------------------------------------------------------
| Report Methodology
| ------------------
------------------------------------------------------------------------------------------------

No report available as report_methodology has not been run prior. Run report_methodology on the current design for the summary of methodology violations.



check_timing report

Table of Contents
-----------------
1. checking no_clock (0)
2. checking constant_clock (0)
3. checking pulse_width_clock (0)
4. checking unconstrained_internal_endpoints (0)
5. checking no_input_delay (0)
6. checking no_output_delay (0)
7. checking multiple_clock (0)
8. checking generated_clocks (0)
9. checking loops (0)
10. checking partial_input_delay (0)
11. checking partial_output_delay (0)
12. checking latch_loops (0)

1. checking no_clock (0)
------------------------
 There are 0 register/latch pins with no clock.


2. checking constant_clock (0)
------------------------------
 There are 0 register/latch pins with constant_clock.


3. checking pulse_width_clock (0)
---------------------------------
 There are 0 register/latch pins which need pulse_width check


4. checking unconstrained_internal_endpoints (0)
------------------------------------------------
 There are 0 pins that are not constrained for maximum delay.

 There are 0 pins that are not constrained for maximum delay due to constant clock.


5. checking no_input_delay (0)
------------------------------
 There are 0 input ports with no input delay specified.

 There are 0 input ports with no input delay but user has a false path constraint.


6. checking no_output_delay (0)
-------------------------------
 There are 0 ports with no output delay specified.

 There are 0 ports with no output delay but user has a false path constraint

 There are 0 ports with no output delay but with a timing clock defined on it or propagating through it


7. checking multiple_clock (0)
------------------------------
 There are 0 register/latch pins with multiple clocks.


8. checking generated_clocks (0)
--------------------------------
 There are 0 generated clocks that are not connected to a clock source.


9. checking loops (0)
---------------------
 There are 0 combinational loops in the design.


10. checking partial_input_delay (0)
------------------------------------
 There are 0 input ports with partial input delay specified.


11. checking partial_output_delay (0)
-------------------------------------
 There are 0 ports with partial output delay specified.


12. checking latch_loops (0)
----------------------------
 There are 0 combinational latch loops in the design through latch input



------------------------------------------------------------------------------------------------
| Design Timing Summary
| ---------------------
------------------------------------------------------------------------------------------------

    WNS(ns)      TNS(ns)  TNS Failing Endpoints  TNS Total Endpoints     WPWS(ns)     TPWS(ns)  TPWS Failing Endpoints  TPWS Total Endpoints
    -------      -------  ---------------------  -------------------     --------     --------  ----------------------  --------------------
      6.539        0.000                      0                  133        4.500        0.000                       0                    34


All user specified timing constraints are met.


------------------------------------------------------------------------------------------------
| Clock Summary
| -------------
------------------------------------------------------------------------------------------------

Clock  Waveform(ns)       Period(ns)      Frequency(MHz)
-----  ------------       ----------      --------------
clk    {0.000 5.000}      10.000          100.000


------------------------------------------------------------------------------------------------
| Intra Clock Table
| -----------------
------------------------------------------------------------------------------------------------

Clock             WNS(ns)      TNS(ns)  TNS Failing Endpoints  TNS Total Endpoints     WPWS(ns)     TPWS(ns)  TPWS Failing Endpoints  TPWS Total Endpoints
-----             -------      -------  ---------------------  -------------------     --------     --------  ----------------------  --------------------
clk                 6.539        0.000                      0                  133        4.500        0.000                       0                    34


------------------------------------------------------------------------------------------------
| Inter Clock Table
| -----------------
------------------------------------------------------------------------------------------------

From Clock    To Clock          WNS(ns)      TNS(ns)  TNS Failing Endpoints  TNS Total Endpoints
----------    --------          -------      -------  ---------------------  -------------------


------------------------------------------------------------------------------------------------
| Other Path Groups Table
| -----------------------
------------------------------------------------------------------------------------------------

Path Group    From Clock    To Clock          WNS(ns)      TNS(ns)  TNS Failing Endpoints  TNS Total Endpoints
----------    ----------    --------          -------      -------  ---------------------  -------------------


------------------------------------------------------------------------------------------------
| Timing Details
| --------------
------------------------------------------------------------------------------------------------


---------------------------------------------------------------------------------------------------
From Clock:  clk
  To Clock:  clk

Setup :            0  Failing Endpoints,  Worst Slack        6.539ns,  Total Violation        0.000ns
Hold  :           NA  Failing Endpoints,  Worst Slack           NA  ,  Total Violation           NA
PW    :            0  Failing Endpoints,  Worst Slack        4.500ns,  Total Violation        0.000ns
---------------------------------------------------------------------------------------------------


Max Delay Paths
--------------------------------------------------------------------------------------
Slack (MET) :             6.539ns  (required time - arrival time)
  Source:                 m_axis_tvalid_reg/C
                            (rising edge-triggered cell FDRE clocked by clk  {rise@0.000ns fall@5.000ns period=10.000ns})
  Destination:            s_axis_tready
                            (output port clocked by clk  {rise@0.000ns fall@5.000ns period=10.000ns})
  Path Group:             clk
  Path Type:              Max at Slow Process Corner
  Requirement:            10.000ns  (clk rise@10.000ns - clk rise@0.000ns)
  Data Path Delay:        1.955ns  (logic 0.484ns (24.753%)  route 1.471ns (75.247%))
  Logic Levels:           1  (LUT2=1)
  Output Delay:           0.000ns
  Clock Path Skew:        -1.470ns (DCD - SCD + CPR)
    Destination Clock Delay (DCD):    0.000ns = ( 10.000 - 10.000 )
    Source Clock Delay      (SCD):    1.470ns
    Clock Pessimism Removal (CPR):    0.000ns
  Clock Uncertainty:      0.035ns  ((TSJ^2 + TIJ^2)^1/2 + DJ) / 2 + PE
    Total System Jitter     (TSJ):    0.071ns
    Total Input Jitter      (TIJ):    0.000ns
    Discrete Jitter          (DJ):    0.000ns
    Phase Error              (PE):    0.000ns

    Location             Delay type                Incr(ns)  Path(ns)    Netlist Resource(s)
  -------------------------------------------------------------------    -------------------
                         (clock clk rise edge)        0.000     0.000 r
                                                      0.000     0.000 r  aclk (IN)
                         net (fo=33, unset)           1.470     1.470    aclk
    SLICE_X29Y38         FDRE                                         r  m_axis_tvalid_reg/C
  -------------------------------------------------------------------    -------------------
    SLICE_X29Y38         FDRE (Prop_fdre_C_Q)         0.379     1.849 f  m_axis_tvalid_reg/Q
                         net (fo=4, routed)           0.684     2.533    m_axis_tvalid
    SLICE_X28Y38         LUT2 (Prop_lut2_I1_O)        0.105     2.638 r  s_axis_tready_INST_0/O
                         net (fo=0)                   0.787     3.425    s_axis_tready
                                                                      r  s_axis_tready (OUT)
  -------------------------------------------------------------------    -------------------

                         (clock clk rise edge)       10.000    10.000 r
                         clock pessimism              0.000    10.000
                         clock uncertainty           -0.035     9.965
                         output delay                -0.000     9.965
  -------------------------------------------------------------------
                         required time                          9.965
                         arrival time                          -3.425
  -------------------------------------------------------------------
                         slack                                  6.539

Slack (MET) :             7.234ns  (required time - arrival time)
  Source:                 m_axis_tvalid_reg/C
                            (rising edge-triggered cell FDRE clocked by clk  {rise@0.000ns fall@5.000ns period=10.000ns})
  Destination:            m_axis_tdata_reg[21]/CE
                            (rising edge-triggered cell FDRE clocked by clk  {rise@0.000ns fall@5.000ns period=10.000ns})
  Path Group:             clk
  Path Type:              Setup (Max at Slow Process Corner)
  Requirement:            10.000ns  (clk rise@10.000ns - clk rise@0.000ns)
  Data Path Delay:        2.373ns  (logic 0.498ns (20.982%)  route 1.875ns (79.018%))
  Logic Levels:           1  (LUT3=1)
  Clock Path Skew:        -0.027ns (DCD - SCD + CPR)
    Destination Clock Delay (DCD):    1.314ns = ( 11.314 - 10.000 )
    Source Clock Delay      (SCD):    1.470ns
    Clock Pessimism Removal (CPR):    0.129ns
  Clock Uncertainty:      0.035ns  ((TSJ^2 + TIJ^2)^1/2 + DJ) / 2 + PE
    Total System Jitter     (TSJ):    0.071ns
    Total Input Jitter      (TIJ):    0.000ns
    Discrete Jitter          (DJ):    0.000ns
    Phase Error              (PE):    0.000ns

    Location             Delay type                Incr(ns)  Path(ns)    Netlist Resource(s)
  -------------------------------------------------------------------    -------------------
                         (clock clk rise edge)        0.000     0.000 r
                                                      0.000     0.000 r  aclk (IN)
                         net (fo=33, unset)           1.470     1.470    aclk
    SLICE_X29Y38         FDRE                                         r  m_axis_tvalid_reg/C
  -------------------------------------------------------------------    -------------------
    SLICE_X29Y38         FDRE (Prop_fdre_C_Q)         0.379     1.849 f  m_axis_tvalid_reg/Q
                         net (fo=4, routed)           0.684     2.533    m_axis_tvalid
    SLICE_X28Y38         LUT3 (Prop_lut3_I0_O)        0.119     2.652 r  m_axis_tdata[31]_i_2/O
                         net (fo=32, routed)          1.191     3.843    m_axis_tdata[31]_i_2_n_0
    SLICE_X31Y37         FDRE                                         r  m_axis_tdata_reg[21]/CE
  -------------------------------------------------------------------    -------------------

                         (clock clk rise edge)       10.000    10.000 r
                                                      0.000    10.000 r  aclk (IN)
                         net (fo=33, unset)           1.314    11.314    aclk
    SLICE_X31Y37         FDRE                                         r  m_axis_tdata_reg[21]/C
                         clock pessimism              0.129    11.443
                         clock uncertainty           -0.035    11.408
    SLICE_X31Y37         FDRE (Setup_fdre_C_CE)      -0.330    11.078    m_axis_tdata_reg[21]
  -------------------------------------------------------------------
                         required time                         11.078
                         arrival time                          -3.843
  -------------------------------------------------------------------
                         slack                                  7.234

Slack (MET) :             7.234ns  (required time - arrival time)
  Source:                 m_axis_tvalid_reg/C
                            (rising edge-triggered cell FDRE clocked by clk  {rise@0.000ns fall@5.000ns period=10.000ns})
  Destination:            m_axis_tdata_reg[22]/CE
                            (rising edge-triggered cell FDRE clocked by clk  {rise@0.000ns fall@5.000ns period=10.000ns})
  Path Group:             clk
  Path Type:              Setup (Max at Slow Process Corner)
  Requirement:            10.000ns  (clk rise@10.000ns - clk rise@0.000ns)
  Data Path Delay:        2.373ns  (logic 0.498ns (20.982%)  route 1.875ns (79.018%))
  Logic Levels:           1  (LUT3=1)
  Clock Path Skew:        -0.027ns (DCD - SCD + CPR)
    Destination Clock Delay (DCD):    1.314ns = ( 11.314 - 10.000 )
    Source Clock Delay      (SCD):    1.470ns
    Clock Pessimism Removal (CPR):    0.129ns
  Clock Uncertainty:      0.035ns  ((TSJ^2 + TIJ^2)^1/2 + DJ) / 2 + PE
    Total System Jitter     (TSJ):    0.071ns
    Total Input Jitter      (TIJ):    0.000ns
    Discrete Jitter          (DJ):    0.000ns
    Phase Error              (PE):    0.000ns

    Location             Delay type                Incr(ns)  Path(ns)    Netlist Resource(s)
  -------------------------------------------------------------------    -------------------
                         (clock clk rise edge)        0.000     0.000 r
                                                      0.000     0.000 r  aclk (IN)
                         net (fo=33, unset)           1.470     1.470    aclk
    SLICE_X29Y38         FDRE                                         r  m_axis_tvalid_reg/C
  -------------------------------------------------------------------    -------------------
    SLICE_X29Y38         FDRE (Prop_fdre_C_Q)         0.379     1.849 f  m_axis_tvalid_reg/Q
                         net (fo=4, routed)           0.684     2.533    m_axis_tvalid
    SLICE_X28Y38         LUT3 (Prop_lut3_I0_O)        0.119     2.652 r  m_axis_tdata[31]_i_2/O
                         net (fo=32, routed)          1.191     3.843    m_axis_tdata[31]_i_2_n_0
    SLICE_X31Y37         FDRE                                         r  m_axis_tdata_reg[22]/CE
  -------------------------------------------------------------------    -------------------

                         (clock clk rise edge)       10.000    10.000 r
                                                      0.000    10.000 r  aclk (IN)
                         net (fo=33, unset)           1.314    11.314    aclk
    SLICE_X31Y37         FDRE                                         r  m_axis_tdata_reg[22]/C
                         clock pessimism              0.129    11.443
                         clock uncertainty           -0.035    11.408
    SLICE_X31Y37         FDRE (Setup_fdre_C_CE)      -0.330    11.078    m_axis_tdata_reg[22]
  -------------------------------------------------------------------
                         required time                         11.078
                         arrival time                          -3.843
  -------------------------------------------------------------------
                         slack                                  7.234

Slack (MET) :             7.234ns  (required time - arrival time)
  Source:                 m_axis_tvalid_reg/C
                            (rising edge-triggered cell FDRE clocked by clk  {rise@0.000ns fall@5.000ns period=10.000ns})
  Destination:            m_axis_tdata_reg[23]/CE
                            (rising edge-triggered cell FDRE clocked by clk  {rise@0.000ns fall@5.000ns period=10.000ns})
  Path Group:             clk
  Path Type:              Setup (Max at Slow Process Corner)
  Requirement:            10.000ns  (clk rise@10.000ns - clk rise@0.000ns)
  Data Path Delay:        2.373ns  (logic 0.498ns (20.982%)  route 1.875ns (79.018%))
  Logic Levels:           1  (LUT3=1)
  Clock Path Skew:        -0.027ns (DCD - SCD + CPR)
    Destination Clock Delay (DCD):    1.314ns = ( 11.314 - 10.000 )
    Source Clock Delay      (SCD):    1.470ns
    Clock Pessimism Removal (CPR):    0.129ns
  Clock Uncertainty:      0.035ns  ((TSJ^2 + TIJ^2)^1/2 + DJ) / 2 + PE
    Total System Jitter     (TSJ):    0.071ns
    Total Input Jitter      (TIJ):    0.000ns
    Discrete Jitter          (DJ):    0.000ns
    Phase Error              (PE):    0.000ns

    Location             Delay type                Incr(ns)  Path(ns)    Netlist Resource(s)
  -------------------------------------------------------------------    -------------------
                         (clock clk rise edge)        0.000     0.000 r
                                                      0.000     0.000 r  aclk (IN)
                         net (fo=33, unset)           1.470     1.470    aclk
    SLICE_X29Y38         FDRE                                         r  m_axis_tvalid_reg/C
  -------------------------------------------------------------------    -------------------
    SLICE_X29Y38         FDRE (Prop_fdre_C_Q)         0.379     1.849 f  m_axis_tvalid_reg/Q
                         net (fo=4, routed)           0.684     2.533    m_axis_tvalid
    SLICE_X28Y38         LUT3 (Prop_lut3_I0_O)        0.119     2.652 r  m_axis_tdata[31]_i_2/O
                         net (fo=32, routed)          1.191     3.843    m_axis_tdata[31]_i_2_n_0
    SLICE_X31Y37         FDRE                                         r  m_axis_tdata_reg[23]/CE
  -------------------------------------------------------------------    -------------------

                         (clock clk rise edge)       10.000    10.000 r
                                                      0.000    10.000 r  aclk (IN)
                         net (fo=33, unset)           1.314    11.314    aclk
    SLICE_X31Y37         FDRE                                         r  m_axis_tdata_reg[23]/C
                         clock pessimism              0.129    11.443
                         clock uncertainty           -0.035    11.408
    SLICE_X31Y37         FDRE (Setup_fdre_C_CE)      -0.330    11.078    m_axis_tdata_reg[23]
  -------------------------------------------------------------------
                         required time                         11.078
                         arrival time                          -3.843
  -------------------------------------------------------------------
                         slack                                  7.234

Slack (MET) :             7.234ns  (required time - arrival time)
  Source:                 m_axis_tvalid_reg/C
                            (rising edge-triggered cell FDRE clocked by clk  {rise@0.000ns fall@5.000ns period=10.000ns})
  Destination:            m_axis_tdata_reg[28]/CE
                            (rising edge-triggered cell FDRE clocked by clk  {rise@0.000ns fall@5.000ns period=10.000ns})
  Path Group:             clk
  Path Type:              Setup (Max at Slow Process Corner)
  Requirement:            10.000ns  (clk rise@10.000ns - clk rise@0.000ns)
  Data Path Delay:        2.373ns  (logic 0.498ns (20.982%)  route 1.875ns (79.018%))
  Logic Levels:           1  (LUT3=1)
  Clock Path Skew:        -0.027ns (DCD - SCD + CPR)
    Destination Clock Delay (DCD):    1.314ns = ( 11.314 - 10.000 )
    Source Clock Delay      (SCD):    1.470ns
    Clock Pessimism Removal (CPR):    0.129ns
  Clock Uncertainty:      0.035ns  ((TSJ^2 + TIJ^2)^1/2 + DJ) / 2 + PE
    Total System Jitter     (TSJ):    0.071ns
    Total Input Jitter      (TIJ):    0.000ns
    Discrete Jitter          (DJ):    0.000ns
    Phase Error              (PE):    0.000ns

    Location             Delay type                Incr(ns)  Path(ns)    Netlist Resource(s)
  -------------------------------------------------------------------    -------------------
                         (clock clk rise edge)        0.000     0.000 r
                                                      0.000     0.000 r  aclk (IN)
                         net (fo=33, unset)           1.470     1.470    aclk
    SLICE_X29Y38         FDRE                                         r  m_axis_tvalid_reg/C
  -------------------------------------------------------------------    -------------------
    SLICE_X29Y38         FDRE (Prop_fdre_C_Q)         0.379     1.849 f  m_axis_tvalid_reg/Q
                         net (fo=4, routed)           0.684     2.533    m_axis_tvalid
    SLICE_X28Y38         LUT3 (Prop_lut3_I0_O)        0.119     2.652 r  m_axis_tdata[31]_i_2/O
                         net (fo=32, routed)          1.191     3.843    m_axis_tdata[31]_i_2_n_0
    SLICE_X31Y37         FDRE                                         r  m_axis_tdata_reg[28]/CE
  -------------------------------------------------------------------    -------------------

                         (clock clk rise edge)       10.000    10.000 r
                                                      0.000    10.000 r  aclk (IN)
                         net (fo=33, unset)           1.314    11.314    aclk
    SLICE_X31Y37         FDRE                                         r  m_axis_tdata_reg[28]/C
                         clock pessimism              0.129    11.443
                         clock uncertainty           -0.035    11.408
    SLICE_X31Y37         FDRE (Setup_fdre_C_CE)      -0.330    11.078    m_axis_tdata_reg[28]
  -------------------------------------------------------------------
                         required time                         11.078
                         arrival time                          -3.843
  -------------------------------------------------------------------
                         slack                                  7.234

Slack (MET) :             7.268ns  (required time - arrival time)
  Source:                 m_axis_tvalid_reg/C
                            (rising edge-triggered cell FDRE clocked by clk  {rise@0.000ns fall@5.000ns period=10.000ns})
  Destination:            m_axis_tdata_reg[5]/CE
                            (rising edge-triggered cell FDRE clocked by clk  {rise@0.000ns fall@5.000ns period=10.000ns})
  Path Group:             clk
  Path Type:              Setup (Max at Slow Process Corner)
  Requirement:            10.000ns  (clk rise@10.000ns - clk rise@0.000ns)
  Data Path Delay:        2.340ns  (logic 0.498ns (21.285%)  route 1.842ns (78.715%))
  Logic Levels:           1  (LUT3=1)
  Clock Path Skew:        -0.027ns (DCD - SCD + CPR)
    Destination Clock Delay (DCD):    1.314ns = ( 11.314 - 10.000 )
    Source Clock Delay      (SCD):    1.470ns
    Clock Pessimism Removal (CPR):    0.129ns
  Clock Uncertainty:      0.035ns  ((TSJ^2 + TIJ^2)^1/2 + DJ) / 2 + PE
    Total System Jitter     (TSJ):    0.071ns
    Total Input Jitter      (TIJ):    0.000ns
    Discrete Jitter          (DJ):    0.000ns
    Phase Error              (PE):    0.000ns

    Location             Delay type                Incr(ns)  Path(ns)    Netlist Resource(s)
  -------------------------------------------------------------------    -------------------
                         (clock clk rise edge)        0.000     0.000 r
                                                      0.000     0.000 r  aclk (IN)
                         net (fo=33, unset)           1.470     1.470    aclk
    SLICE_X29Y38         FDRE                                         r  m_axis_tvalid_reg/C
  -------------------------------------------------------------------    -------------------
    SLICE_X29Y38         FDRE (Prop_fdre_C_Q)         0.379     1.849 f  m_axis_tvalid_reg/Q
                         net (fo=4, routed)           0.684     2.533    m_axis_tvalid
    SLICE_X28Y38         LUT3 (Prop_lut3_I0_O)        0.119     2.652 r  m_axis_tdata[31]_i_2/O
                         net (fo=32, routed)          1.157     3.810    m_axis_tdata[31]_i_2_n_0
    SLICE_X28Y37         FDRE                                         r  m_axis_tdata_reg[5]/CE
  -------------------------------------------------------------------    -------------------

                         (clock clk rise edge)       10.000    10.000 r
                                                      0.000    10.000 r  aclk (IN)
                         net (fo=33, unset)           1.314    11.314    aclk
    SLICE_X28Y37         FDRE                                         r  m_axis_tdata_reg[5]/C
                         clock pessimism              0.129    11.443
                         clock uncertainty           -0.035    11.408
    SLICE_X28Y37         FDRE (Setup_fdre_C_CE)      -0.330    11.078    m_axis_tdata_reg[5]
  -------------------------------------------------------------------
                         required time                         11.078
                         arrival time                          -3.810
  -------------------------------------------------------------------
                         slack                                  7.268

Slack (MET) :             7.275ns  (required time - arrival time)
  Source:                 m_axis_tdata_reg[11]/C
                            (rising edge-triggered cell FDRE clocked by clk  {rise@0.000ns fall@5.000ns period=10.000ns})
  Destination:            m_axis_tdata[11]
                            (output port clocked by clk  {rise@0.000ns fall@5.000ns period=10.000ns})
  Path Group:             clk
  Path Type:              Max at Slow Process Corner
  Requirement:            10.000ns  (clk rise@10.000ns - clk rise@0.000ns)
  Data Path Delay:        1.220ns  (logic 0.433ns (35.492%)  route 0.787ns (64.508%))
  Logic Levels:           0
  Output Delay:           0.000ns
  Clock Path Skew:        -1.470ns (DCD - SCD + CPR)
    Destination Clock Delay (DCD):    0.000ns = ( 10.000 - 10.000 )
    Source Clock Delay      (SCD):    1.470ns
    Clock Pessimism Removal (CPR):    0.000ns
  Clock Uncertainty:      0.035ns  ((TSJ^2 + TIJ^2)^1/2 + DJ) / 2 + PE
    Total System Jitter     (TSJ):    0.071ns
    Total Input Jitter      (TIJ):    0.000ns
    Discrete Jitter          (DJ):    0.000ns
    Phase Error              (PE):    0.000ns

    Location             Delay type                Incr(ns)  Path(ns)    Netlist Resource(s)
  -------------------------------------------------------------------    -------------------
                         (clock clk rise edge)        0.000     0.000 r
                                                      0.000     0.000 r  aclk (IN)
                         net (fo=33, unset)           1.470     1.470    aclk
    SLICE_X30Y38         FDRE                                         r  m_axis_tdata_reg[11]/C
  -------------------------------------------------------------------    -------------------
    SLICE_X30Y38         FDRE (Prop_fdre_C_Q)         0.433     1.903 r  m_axis_tdata_reg[11]/Q
                         net (fo=0)                   0.787     2.690    m_axis_tdata[11]
                                                                      r  m_axis_tdata[11] (OUT)
  -------------------------------------------------------------------    -------------------

                         (clock clk rise edge)       10.000    10.000 r
                         clock pessimism              0.000    10.000
                         clock uncertainty           -0.035     9.965
                         output delay                -0.000     9.965
  -------------------------------------------------------------------
                         required time                          9.965
                         arrival time                          -2.690
  -------------------------------------------------------------------
                         slack                                  7.275

Slack (MET) :             7.275ns  (required time - arrival time)
  Source:                 m_axis_tdata_reg[13]/C
                            (rising edge-triggered cell FDRE clocked by clk  {rise@0.000ns fall@5.000ns period=10.000ns})
  Destination:            m_axis_tdata[13]
                            (output port clocked by clk  {rise@0.000ns fall@5.000ns period=10.000ns})
  Path Group:             clk
  Path Type:              Max at Slow Process Corner
  Requirement:            10.000ns  (clk rise@10.000ns - clk rise@0.000ns)
  Data Path Delay:        1.220ns  (logic 0.433ns (35.492%)  route 0.787ns (64.508%))
  Logic Levels:           0
  Output Delay:           0.000ns
  Clock Path Skew:        -1.470ns (DCD - SCD + CPR)
    Destination Clock Delay (DCD):    0.000ns = ( 10.000 - 10.000 )
    Source Clock Delay      (SCD):    1.470ns
    Clock Pessimism Removal (CPR):    0.000ns
  Clock Uncertainty:      0.035ns  ((TSJ^2 + TIJ^2)^1/2 + DJ) / 2 + PE
    Total System Jitter     (TSJ):    0.071ns
    Total Input Jitter      (TIJ):    0.000ns
    Discrete Jitter          (DJ):    0.000ns
    Phase Error              (PE):    0.000ns

    Location             Delay type                Incr(ns)  Path(ns)    Netlist Resource(s)
  -------------------------------------------------------------------    -------------------
                         (clock clk rise edge)        0.000     0.000 r
                                                      0.000     0.000 r  aclk (IN)
                         net (fo=33, unset)           1.470     1.470    aclk
    SLICE_X30Y38         FDRE                                         r  m_axis_tdata_reg[13]/C
  -------------------------------------------------------------------    -------------------
    SLICE_X30Y38         FDRE (Prop_fdre_C_Q)         0.433     1.903 r  m_axis_tdata_reg[13]/Q
                         net (fo=0)                   0.787     2.690    m_axis_tdata[13]
                                                                      r  m_axis_tdata[13] (OUT)
  -------------------------------------------------------------------    -------------------

                         (clock clk rise edge)       10.000    10.000 r
                         clock pessimism              0.000    10.000
                         clock uncertainty           -0.035     9.965
                         output delay                -0.000     9.965
  -------------------------------------------------------------------
                         required time                          9.965
                         arrival time                          -2.690
  -------------------------------------------------------------------
                         slack                                  7.275

Slack (MET) :             7.275ns  (required time - arrival time)
  Source:                 m_axis_tdata_reg[15]/C
                            (rising edge-triggered cell FDRE clocked by clk  {rise@0.000ns fall@5.000ns period=10.000ns})
  Destination:            m_axis_tdata[15]
                            (output port clocked by clk  {rise@0.000ns fall@5.000ns period=10.000ns})
  Path Group:             clk
  Path Type:              Max at Slow Process Corner
  Requirement:            10.000ns  (clk rise@10.000ns - clk rise@0.000ns)
  Data Path Delay:        1.220ns  (logic 0.433ns (35.492%)  route 0.787ns (64.508%))
  Logic Levels:           0
  Output Delay:           0.000ns
  Clock Path Skew:        -1.470ns (DCD - SCD + CPR)
    Destination Clock Delay (DCD):    0.000ns = ( 10.000 - 10.000 )
    Source Clock Delay      (SCD):    1.470ns
    Clock Pessimism Removal (CPR):    0.000ns
  Clock Uncertainty:      0.035ns  ((TSJ^2 + TIJ^2)^1/2 + DJ) / 2 + PE
    Total System Jitter     (TSJ):    0.071ns
    Total Input Jitter      (TIJ):    0.000ns
    Discrete Jitter          (DJ):    0.000ns
    Phase Error              (PE):    0.000ns

    Location             Delay type                Incr(ns)  Path(ns)    Netlist Resource(s)
  -------------------------------------------------------------------    -------------------
                         (clock clk rise edge)        0.000     0.000 r
                                                      0.000     0.000 r  aclk (IN)
                         net (fo=33, unset)           1.470     1.470    aclk
    SLICE_X30Y38         FDRE                                         r  m_axis_tdata_reg[15]/C
  -------------------------------------------------------------------    -------------------
    SLICE_X30Y38         FDRE (Prop_fdre_C_Q)         0.433     1.903 r  m_axis_tdata_reg[15]/Q
                         net (fo=0)                   0.787     2.690    m_axis_tdata[15]
                                                                      r  m_axis_tdata[15] (OUT)
  -------------------------------------------------------------------    -------------------

                         (clock clk rise edge)       10.000    10.000 r
                         clock pessimism              0.000    10.000
                         clock uncertainty           -0.035     9.965
                         output delay                -0.000     9.965
  -------------------------------------------------------------------
                         required time                          9.965
                         arrival time                          -2.690
  -------------------------------------------------------------------
                         slack                                  7.275

Slack (MET) :             7.275ns  (required time - arrival time)
  Source:                 m_axis_tdata_reg[16]/C
                            (rising edge-triggered cell FDRE clocked by clk  {rise@0.000ns fall@5.000ns period=10.000ns})
  Destination:            m_axis_tdata[16]
                            (output port clocked by clk  {rise@0.000ns fall@5.000ns period=10.000ns})
  Path Group:             clk
  Path Type:              Max at Slow Process Corner
  Requirement:            10.000ns  (clk rise@10.000ns - clk rise@0.000ns)
  Data Path Delay:        1.220ns  (logic 0.433ns (35.492%)  route 0.787ns (64.508%))
  Logic Levels:           0
  Output Delay:           0.000ns
  Clock Path Skew:        -1.470ns (DCD - SCD + CPR)
    Destination Clock Delay (DCD):    0.000ns = ( 10.000 - 10.000 )
    Source Clock Delay      (SCD):    1.470ns
    Clock Pessimism Removal (CPR):    0.000ns
  Clock Uncertainty:      0.035ns  ((TSJ^2 + TIJ^2)^1/2 + DJ) / 2 + PE
    Total System Jitter     (TSJ):    0.071ns
    Total Input Jitter      (TIJ):    0.000ns
    Discrete Jitter          (DJ):    0.000ns
    Phase Error              (PE):    0.000ns

    Location             Delay type                Incr(ns)  Path(ns)    Netlist Resource(s)
  -------------------------------------------------------------------    -------------------
                         (clock clk rise edge)        0.000     0.000 r
                                                      0.000     0.000 r  aclk (IN)
                         net (fo=33, unset)           1.470     1.470    aclk
    SLICE_X30Y38         FDRE                                         r  m_axis_tdata_reg[16]/C
  -------------------------------------------------------------------    -------------------
    SLICE_X30Y38         FDRE (Prop_fdre_C_Q)         0.433     1.903 r  m_axis_tdata_reg[16]/Q
                         net (fo=0)                   0.787     2.690    m_axis_tdata[16]
                                                                      r  m_axis_tdata[16] (OUT)
  -------------------------------------------------------------------    -------------------

                         (clock clk rise edge)       10.000    10.000 r
                         clock pessimism              0.000    10.000
                         clock uncertainty           -0.035     9.965
                         output delay                -0.000     9.965
  -------------------------------------------------------------------
                         required time                          9.965
                         arrival time                          -2.690
  -------------------------------------------------------------------
                         slack                                  7.275





Pulse Width Checks
--------------------------------------------------------------------------------------
Clock Name:         clk
Waveform(ns):       { 0.000 5.000 }
Period(ns):         10.000
Sources:            { aclk }

Check Type        Corner  Lib Pin  Reference Pin  Required(ns)  Actual(ns)  Slack(ns)  Location      Pin
Min Period        n/a     FDRE/C   n/a            1.000         10.000      9.000      SLICE_X28Y38  m_axis_tdata_reg[0]/C
Min Period        n/a     FDRE/C   n/a            1.000         10.000      9.000      SLICE_X28Y38  m_axis_tdata_reg[10]/C
Min Period        n/a     FDRE/C   n/a            1.000         10.000      9.000      SLICE_X30Y38  m_axis_tdata_reg[11]/C
Min Period        n/a     FDRE/C   n/a            1.000         10.000      9.000      SLICE_X28Y38  m_axis_tdata_reg[12]/C
Min Period        n/a     FDRE/C   n/a            1.000         10.000      9.000      SLICE_X30Y38  m_axis_tdata_reg[13]/C
Min Period        n/a     FDRE/C   n/a            1.000         10.000      9.000      SLICE_X28Y38  m_axis_tdata_reg[14]/C
Min Period        n/a     FDRE/C   n/a            1.000         10.000      9.000      SLICE_X30Y38  m_axis_tdata_reg[15]/C
Min Period        n/a     FDRE/C   n/a            1.000         10.000      9.000      SLICE_X30Y38  m_axis_tdata_reg[16]/C
Min Period        n/a     FDRE/C   n/a            1.000         10.000      9.000      SLICE_X30Y38  m_axis_tdata_reg[17]/C
Min Period        n/a     FDRE/C   n/a            1.000         10.000      9.000      SLICE_X28Y38  m_axis_tdata_reg[18]/C
Low Pulse Width   Slow    FDRE/C   n/a            0.500         5.000       4.500      SLICE_X28Y38  m_axis_tdata_reg[0]/C
Low Pulse Width   Fast    FDRE/C   n/a            0.500         5.000       4.500      SLICE_X28Y38  m_axis_tdata_reg[0]/C
Low Pulse Width   Slow    FDRE/C   n/a            0.500         5.000       4.500      SLICE_X28Y38  m_axis_tdata_reg[10]/C
Low Pulse Width   Fast    FDRE/C   n/a            0.500         5.000       4.500      SLICE_X28Y38  m_axis_tdata_reg[10]/C
Low Pulse Width   Slow    FDRE/C   n/a            0.500         5.000       4.500      SLICE_X30Y38  m_axis_tdata_reg[11]/C
Low Pulse Width   Fast    FDRE/C   n/a            0.500         5.000       4.500      SLICE_X30Y38  m_axis_tdata_reg[11]/C
Low Pulse Width   Slow    FDRE/C   n/a            0.500         5.000       4.500      SLICE_X28Y38  m_axis_tdata_reg[12]/C
Low Pulse Width   Fast    FDRE/C   n/a            0.500         5.000       4.500      SLICE_X28Y38  m_axis_tdata_reg[12]/C
Low Pulse Width   Slow    FDRE/C   n/a            0.500         5.000       4.500      SLICE_X30Y38  m_axis_tdata_reg[13]/C
Low Pulse Width   Fast    FDRE/C   n/a            0.500         5.000       4.500      SLICE_X30Y38  m_axis_tdata_reg[13]/C
High Pulse Width  Slow    FDRE/C   n/a            0.500         5.000       4.500      SLICE_X28Y38  m_axis_tdata_reg[0]/C
High Pulse Width  Fast    FDRE/C   n/a            0.500         5.000       4.500      SLICE_X28Y38  m_axis_tdata_reg[0]/C
High Pulse Width  Slow    FDRE/C   n/a            0.500         5.000       4.500      SLICE_X28Y38  m_axis_tdata_reg[10]/C
High Pulse Width  Fast    FDRE/C   n/a            0.500         5.000       4.500      SLICE_X28Y38  m_axis_tdata_reg[10]/C
High Pulse Width  Slow    FDRE/C   n/a            0.500         5.000       4.500      SLICE_X30Y38  m_axis_tdata_reg[11]/C
High Pulse Width  Fast    FDRE/C   n/a            0.500         5.000       4.500      SLICE_X30Y38  m_axis_tdata_reg[11]/C
High Pulse Width  Slow    FDRE/C   n/a            0.500         5.000       4.500      SLICE_X28Y38  m_axis_tdata_reg[12]/C
High Pulse Width  Fast    FDRE/C   n/a            0.500         5.000       4.500      SLICE_X28Y38  m_axis_tdata_reg[12]/C
High Pulse Width  Slow    FDRE/C   n/a            0.500         5.000       4.500      SLICE_X30Y38  m_axis_tdata_reg[13]/C
High Pulse Width  Fast    FDRE/C   n/a            0.500         5.000       4.500      SLICE_X30Y38  m_axis_tdata_reg[13]/C
