Copyright 1986-2021 Xilinx, Inc. All Rights Reserved.
-------------------------------------------------------------------------------------------------------------------------------------------
| Tool Version : Vivado v.2021.1 (win64) Build 3247384 Thu Jun 10 19:36:33 MDT 2021
| Date         : normalized
| Host         : normalized
| Command      : report_drc -file <output_dir>/bpsk_zynq_ber_top_post_route_drc.rpt
| Design       : bpsk_zynq_ber_top
| Device       : xc7z020clg400-2
| Speed File   : -2
| Design State : Fully Routed
-------------------------------------------------------------------------------------------------------------------------------------------

Report DRC

Table of Contents
-----------------
1. REPORT SUMMARY
2. REPORT DETAILS

1. REPORT SUMMARY
-----------------
            Netlist: bpsk_zynq_ber_top
          Floorplan: design_1
      Design limits: <entire design considered>
           Ruledeck: default
             Max violations: <unlimited>
             Violations found: 249
+--------+----------+------------------------+------------+
| Rule   | Severity | Description            | Violations |
+--------+----------+------------------------+------------+
| DPIP-1 | Warning  | Input pipelining       | 184        |
| DPOP-2 | Warning  | MREG Output pipelining | 64         |
| ZPS7-1 | Warning  | PS7 block required     | 1          |
+--------+----------+------------------------+------------+

2. REPORT DETAILS
-----------------
DPIP-1#1 Warning
Input pipelining
DSP rx_chain_i/matched_filter_i/matched_filter_i/sum1_i_reg[0] input rx_chain_i/matched_filter_i/matched_filter_i/sum1_i_reg[0]/C[47:0] is not pipelined. Pipelining DSP48 input will improve performance.
Related violations: <none>

DPIP-1#2 Warning
Input pipelining
DSP rx_chain_i/matched_filter_i/matched_filter_i/sum1_i_reg[10] input rx_chain_i/matched_filter_i/matched_filter_i/sum1_i_reg[10]/C[47:0] is not pipelined. Pipelining DSP48 input will improve performance.
Related violations: <none>

DPIP-1#3 Warning
Input pipelining
DSP rx_chain_i/matched_filter_i/matched_filter_i/sum1_i_reg[11] input rx_chain_i/matched_filter_i/matched_filter_i/sum1_i_reg[11]/C[47:0] is not pipelined. Pipelining DSP48 input will improve performance.
Related violations: <none>

DPIP-1#4 Warning
Input pipelining
DSP rx_chain_i/matched_filter_i/matched_filter_i/sum1_i_reg[12] input rx_chain_i/matched_filter_i/matched_filter_i/sum1_i_reg[12]/C[47:0] is not pipelined. Pipelining DSP48 input will improve performance.
Related violations: <none>

DPIP-1#5 Warning
Input pipelining
DSP rx_chain_i/matched_filter_i/matched_filter_i/sum1_i_reg[13] input rx_chain_i/matched_filter_i/matched_filter_i/sum1_i_reg[13]/C[47:0] is not pipelined. Pipelining DSP48 input will improve performance.
Related violations: <none>

DPIP-1#6 Warning
Input pipelining
DSP rx_chain_i/matched_filter_i/matched_filter_i/sum1_i_reg[14] input rx_chain_i/matched_filter_i/matched_filter_i/sum1_i_reg[14]/C[47:0] is not pipelined. Pipelining DSP48 input will improve performance.
Related violations: <none>

DPIP-1#7 Warning
Input pipelining
DSP rx_chain_i/matched_filter_i/matched_filter_i/sum1_i_reg[15] input rx_chain_i/matched_filter_i/matched_filter_i/sum1_i_reg[15]/C[47:0] is not pipelined. Pipelining DSP48 input will improve performance.
Related violations: <none>

DPIP-1#8 Warning
Input pipelining
DSP rx_chain_i/matched_filter_i/matched_filter_i/sum1_i_reg[1] input rx_chain_i/matched_filter_i/matched_filter_i/sum1_i_reg[1]/C[47:0] is not pipelined. Pipelining DSP48 input will improve performance.
Related violations: <none>

DPIP-1#9 Warning
Input pipelining
DSP rx_chain_i/matched_filter_i/matched_filter_i/sum1_i_reg[2] input rx_chain_i/matched_filter_i/matched_filter_i/sum1_i_reg[2]/C[47:0] is not pipelined. Pipelining DSP48 input will improve performance.
Related violations: <none>

DPIP-1#10 Warning
Input pipelining
DSP rx_chain_i/matched_filter_i/matched_filter_i/sum1_i_reg[3] input rx_chain_i/matched_filter_i/matched_filter_i/sum1_i_reg[3]/C[47:0] is not pipelined. Pipelining DSP48 input will improve performance.
Related violations: <none>

DPIP-1#11 Warning
Input pipelining
DSP rx_chain_i/matched_filter_i/matched_filter_i/sum1_i_reg[4] input rx_chain_i/matched_filter_i/matched_filter_i/sum1_i_reg[4]/C[47:0] is not pipelined. Pipelining DSP48 input will improve performance.
Related violations: <none>

DPIP-1#12 Warning
Input pipelining
DSP rx_chain_i/matched_filter_i/matched_filter_i/sum1_i_reg[5] input rx_chain_i/matched_filter_i/matched_filter_i/sum1_i_reg[5]/C[47:0] is not pipelined. Pipelining DSP48 input will improve performance.
Related violations: <none>

DPIP-1#13 Warning
Input pipelining
DSP rx_chain_i/matched_filter_i/matched_filter_i/sum1_i_reg[6] input rx_chain_i/matched_filter_i/matched_filter_i/sum1_i_reg[6]/C[47:0] is not pipelined. Pipelining DSP48 input will improve performance.
Related violations: <none>

DPIP-1#14 Warning
Input pipelining
DSP rx_chain_i/matched_filter_i/matched_filter_i/sum1_i_reg[7] input rx_chain_i/matched_filter_i/matched_filter_i/sum1_i_reg[7]/C[47:0] is not pipelined. Pipelining DSP48 input will improve performance.
Related violations: <none>

DPIP-1#15 Warning
Input pipelining
DSP rx_chain_i/matched_filter_i/matched_filter_i/sum1_i_reg[8] input rx_chain_i/matched_filter_i/matched_filter_i/sum1_i_reg[8]/C[47:0] is not pipelined. Pipelining DSP48 input will improve performance.
Related violations: <none>

DPIP-1#16 Warning
Input pipelining
DSP rx_chain_i/matched_filter_i/matched_filter_i/sum1_i_reg[9] input rx_chain_i/matched_filter_i/matched_filter_i/sum1_i_reg[9]/C[47:0] is not pipelined. Pipelining DSP48 input will improve performance.
Related violations: <none>

DPIP-1#17 Warning
Input pipelining
DSP rx_chain_i/matched_filter_i/matched_filter_i/sum1_q_reg[0] input rx_chain_i/matched_filter_i/matched_filter_i/sum1_q_reg[0]/C[47:0] is not pipelined. Pipelining DSP48 input will improve performance.
Related violations: <none>

DPIP-1#18 Warning
Input pipelining
DSP rx_chain_i/matched_filter_i/matched_filter_i/sum1_q_reg[10] input rx_chain_i/matched_filter_i/matched_filter_i/sum1_q_reg[10]/C[47:0] is not pipelined. Pipelining DSP48 input will improve performance.
Related violations: <none>

DPIP-1#19 Warning
Input pipelining
DSP rx_chain_i/matched_filter_i/matched_filter_i/sum1_q_reg[11] input rx_chain_i/matched_filter_i/matched_filter_i/sum1_q_reg[11]/C[47:0] is not pipelined. Pipelining DSP48 input will improve performance.
Related violations: <none>

DPIP-1#20 Warning
Input pipelining
DSP rx_chain_i/matched_filter_i/matched_filter_i/sum1_q_reg[12] input rx_chain_i/matched_filter_i/matched_filter_i/sum1_q_reg[12]/C[47:0] is not pipelined. Pipelining DSP48 input will improve performance.
Related violations: <none>

DPIP-1#21 Warning
Input pipelining
DSP rx_chain_i/matched_filter_i/matched_filter_i/sum1_q_reg[13] input rx_chain_i/matched_filter_i/matched_filter_i/sum1_q_reg[13]/C[47:0] is not pipelined. Pipelining DSP48 input will improve performance.
Related violations: <none>

DPIP-1#22 Warning
Input pipelining
DSP rx_chain_i/matched_filter_i/matched_filter_i/sum1_q_reg[14] input rx_chain_i/matched_filter_i/matched_filter_i/sum1_q_reg[14]/C[47:0] is not pipelined. Pipelining DSP48 input will improve performance.
Related violations: <none>

DPIP-1#23 Warning
Input pipelining
DSP rx_chain_i/matched_filter_i/matched_filter_i/sum1_q_reg[15] input rx_chain_i/matched_filter_i/matched_filter_i/sum1_q_reg[15]/C[47:0] is not pipelined. Pipelining DSP48 input will improve performance.
Related violations: <none>

DPIP-1#24 Warning
Input pipelining
DSP rx_chain_i/matched_filter_i/matched_filter_i/sum1_q_reg[1] input rx_chain_i/matched_filter_i/matched_filter_i/sum1_q_reg[1]/C[47:0] is not pipelined. Pipelining DSP48 input will improve performance.
Related violations: <none>

DPIP-1#25 Warning
Input pipelining
DSP rx_chain_i/matched_filter_i/matched_filter_i/sum1_q_reg[2] input rx_chain_i/matched_filter_i/matched_filter_i/sum1_q_reg[2]/C[47:0] is not pipelined. Pipelining DSP48 input will improve performance.
Related violations: <none>

DPIP-1#26 Warning
Input pipelining
DSP rx_chain_i/matched_filter_i/matched_filter_i/sum1_q_reg[3] input rx_chain_i/matched_filter_i/matched_filter_i/sum1_q_reg[3]/C[47:0] is not pipelined. Pipelining DSP48 input will improve performance.
Related violations: <none>

DPIP-1#27 Warning
Input pipelining
DSP rx_chain_i/matched_filter_i/matched_filter_i/sum1_q_reg[4] input rx_chain_i/matched_filter_i/matched_filter_i/sum1_q_reg[4]/C[47:0] is not pipelined. Pipelining DSP48 input will improve performance.
Related violations: <none>

DPIP-1#28 Warning
Input pipelining
DSP rx_chain_i/matched_filter_i/matched_filter_i/sum1_q_reg[5] input rx_chain_i/matched_filter_i/matched_filter_i/sum1_q_reg[5]/C[47:0] is not pipelined. Pipelining DSP48 input will improve performance.
Related violations: <none>

DPIP-1#29 Warning
Input pipelining
DSP rx_chain_i/matched_filter_i/matched_filter_i/sum1_q_reg[6] input rx_chain_i/matched_filter_i/matched_filter_i/sum1_q_reg[6]/C[47:0] is not pipelined. Pipelining DSP48 input will improve performance.
Related violations: <none>

DPIP-1#30 Warning
Input pipelining
DSP rx_chain_i/matched_filter_i/matched_filter_i/sum1_q_reg[7] input rx_chain_i/matched_filter_i/matched_filter_i/sum1_q_reg[7]/C[47:0] is not pipelined. Pipelining DSP48 input will improve performance.
Related violations: <none>

DPIP-1#31 Warning
Input pipelining
DSP rx_chain_i/matched_filter_i/matched_filter_i/sum1_q_reg[8] input rx_chain_i/matched_filter_i/matched_filter_i/sum1_q_reg[8]/C[47:0] is not pipelined. Pipelining DSP48 input will improve performance.
Related violations: <none>

DPIP-1#32 Warning
Input pipelining
DSP rx_chain_i/matched_filter_i/matched_filter_i/sum1_q_reg[9] input rx_chain_i/matched_filter_i/matched_filter_i/sum1_q_reg[9]/C[47:0] is not pipelined. Pipelining DSP48 input will improve performance.
Related violations: <none>

DPIP-1#33 Warning
Input pipelining
DSP rx_chain_i/matched_filter_i/matched_filter_i/sum2_i_reg[0] input rx_chain_i/matched_filter_i/matched_filter_i/sum2_i_reg[0]/A[29:0] is not pipelined. Pipelining DSP48 input will improve performance.
Related violations: <none>

DPIP-1#34 Warning
Input pipelining
DSP rx_chain_i/matched_filter_i/matched_filter_i/sum2_i_reg[0] input rx_chain_i/matched_filter_i/matched_filter_i/sum2_i_reg[0]/B[17:0] is not pipelined. Pipelining DSP48 input will improve performance.
Related violations: <none>

DPIP-1#35 Warning
Input pipelining
DSP rx_chain_i/matched_filter_i/matched_filter_i/sum2_i_reg[1] input rx_chain_i/matched_filter_i/matched_filter_i/sum2_i_reg[1]/A[29:0] is not pipelined. Pipelining DSP48 input will improve performance.
Related violations: <none>

DPIP-1#36 Warning
Input pipelining
DSP rx_chain_i/matched_filter_i/matched_filter_i/sum2_i_reg[1] input rx_chain_i/matched_filter_i/matched_filter_i/sum2_i_reg[1]/B[17:0] is not pipelined. Pipelining DSP48 input will improve performance.
Related violations: <none>

DPIP-1#37 Warning
Input pipelining
DSP rx_chain_i/matched_filter_i/matched_filter_i/sum2_i_reg[2] input rx_chain_i/matched_filter_i/matched_filter_i/sum2_i_reg[2]/A[29:0] is not pipelined. Pipelining DSP48 input will improve performance.
Related violations: <none>

DPIP-1#38 Warning
Input pipelining
DSP rx_chain_i/matched_filter_i/matched_filter_i/sum2_i_reg[2] input rx_chain_i/matched_filter_i/matched_filter_i/sum2_i_reg[2]/B[17:0] is not pipelined. Pipelining DSP48 input will improve performance.
Related violations: <none>

DPIP-1#39 Warning
Input pipelining
DSP rx_chain_i/matched_filter_i/matched_filter_i/sum2_i_reg[3] input rx_chain_i/matched_filter_i/matched_filter_i/sum2_i_reg[3]/A[29:0] is not pipelined. Pipelining DSP48 input will improve performance.
Related violations: <none>

DPIP-1#40 Warning
Input pipelining
DSP rx_chain_i/matched_filter_i/matched_filter_i/sum2_i_reg[3] input rx_chain_i/matched_filter_i/matched_filter_i/sum2_i_reg[3]/B[17:0] is not pipelined. Pipelining DSP48 input will improve performance.
Related violations: <none>

DPIP-1#41 Warning
Input pipelining
DSP rx_chain_i/matched_filter_i/matched_filter_i/sum2_i_reg[4] input rx_chain_i/matched_filter_i/matched_filter_i/sum2_i_reg[4]/A[29:0] is not pipelined. Pipelining DSP48 input will improve performance.
Related violations: <none>

DPIP-1#42 Warning
Input pipelining
DSP rx_chain_i/matched_filter_i/matched_filter_i/sum2_i_reg[4] input rx_chain_i/matched_filter_i/matched_filter_i/sum2_i_reg[4]/B[17:0] is not pipelined. Pipelining DSP48 input will improve performance.
Related violations: <none>

DPIP-1#43 Warning
Input pipelining
DSP rx_chain_i/matched_filter_i/matched_filter_i/sum2_i_reg[5] input rx_chain_i/matched_filter_i/matched_filter_i/sum2_i_reg[5]/A[29:0] is not pipelined. Pipelining DSP48 input will improve performance.
Related violations: <none>

DPIP-1#44 Warning
Input pipelining
DSP rx_chain_i/matched_filter_i/matched_filter_i/sum2_i_reg[5] input rx_chain_i/matched_filter_i/matched_filter_i/sum2_i_reg[5]/B[17:0] is not pipelined. Pipelining DSP48 input will improve performance.
Related violations: <none>

DPIP-1#45 Warning
Input pipelining
DSP rx_chain_i/matched_filter_i/matched_filter_i/sum2_i_reg[6] input rx_chain_i/matched_filter_i/matched_filter_i/sum2_i_reg[6]/A[29:0] is not pipelined. Pipelining DSP48 input will improve performance.
Related violations: <none>

DPIP-1#46 Warning
Input pipelining
DSP rx_chain_i/matched_filter_i/matched_filter_i/sum2_i_reg[6] input rx_chain_i/matched_filter_i/matched_filter_i/sum2_i_reg[6]/B[17:0] is not pipelined. Pipelining DSP48 input will improve performance.
Related violations: <none>

DPIP-1#47 Warning
Input pipelining
DSP rx_chain_i/matched_filter_i/matched_filter_i/sum2_i_reg[7] input rx_chain_i/matched_filter_i/matched_filter_i/sum2_i_reg[7]/A[29:0] is not pipelined. Pipelining DSP48 input will improve performance.
Related violations: <none>

DPIP-1#48 Warning
Input pipelining
DSP rx_chain_i/matched_filter_i/matched_filter_i/sum2_i_reg[7] input rx_chain_i/matched_filter_i/matched_filter_i/sum2_i_reg[7]/B[17:0] is not pipelined. Pipelining DSP48 input will improve performance.
Related violations: <none>

DPIP-1#49 Warning
Input pipelining
DSP rx_chain_i/matched_filter_i/matched_filter_i/sum2_q_reg[0] input rx_chain_i/matched_filter_i/matched_filter_i/sum2_q_reg[0]/A[29:0] is not pipelined. Pipelining DSP48 input will improve performance.
Related violations: <none>

DPIP-1#50 Warning
Input pipelining
DSP rx_chain_i/matched_filter_i/matched_filter_i/sum2_q_reg[0] input rx_chain_i/matched_filter_i/matched_filter_i/sum2_q_reg[0]/B[17:0] is not pipelined. Pipelining DSP48 input will improve performance.
Related violations: <none>

DPIP-1#51 Warning
Input pipelining
DSP rx_chain_i/matched_filter_i/matched_filter_i/sum2_q_reg[1] input rx_chain_i/matched_filter_i/matched_filter_i/sum2_q_reg[1]/A[29:0] is not pipelined. Pipelining DSP48 input will improve performance.
Related violations: <none>

DPIP-1#52 Warning
Input pipelining
DSP rx_chain_i/matched_filter_i/matched_filter_i/sum2_q_reg[1] input rx_chain_i/matched_filter_i/matched_filter_i/sum2_q_reg[1]/B[17:0] is not pipelined. Pipelining DSP48 input will improve performance.
Related violations: <none>

DPIP-1#53 Warning
Input pipelining
DSP rx_chain_i/matched_filter_i/matched_filter_i/sum2_q_reg[2] input rx_chain_i/matched_filter_i/matched_filter_i/sum2_q_reg[2]/A[29:0] is not pipelined. Pipelining DSP48 input will improve performance.
Related violations: <none>

DPIP-1#54 Warning
Input pipelining
DSP rx_chain_i/matched_filter_i/matched_filter_i/sum2_q_reg[2] input rx_chain_i/matched_filter_i/matched_filter_i/sum2_q_reg[2]/B[17:0] is not pipelined. Pipelining DSP48 input will improve performance.
Related violations: <none>

DPIP-1#55 Warning
Input pipelining
DSP rx_chain_i/matched_filter_i/matched_filter_i/sum2_q_reg[3] input rx_chain_i/matched_filter_i/matched_filter_i/sum2_q_reg[3]/A[29:0] is not pipelined. Pipelining DSP48 input will improve performance.
Related violations: <none>

DPIP-1#56 Warning
Input pipelining
DSP rx_chain_i/matched_filter_i/matched_filter_i/sum2_q_reg[3] input rx_chain_i/matched_filter_i/matched_filter_i/sum2_q_reg[3]/B[17:0] is not pipelined. Pipelining DSP48 input will improve performance.
Related violations: <none>

DPIP-1#57 Warning
Input pipelining
DSP rx_chain_i/matched_filter_i/matched_filter_i/sum2_q_reg[4] input rx_chain_i/matched_filter_i/matched_filter_i/sum2_q_reg[4]/A[29:0] is not pipelined. Pipelining DSP48 input will improve performance.
Related violations: <none>

DPIP-1#58 Warning
Input pipelining
DSP rx_chain_i/matched_filter_i/matched_filter_i/sum2_q_reg[4] input rx_chain_i/matched_filter_i/matched_filter_i/sum2_q_reg[4]/B[17:0] is not pipelined. Pipelining DSP48 input will improve performance.
Related violations: <none>

DPIP-1#59 Warning
Input pipelining
DSP rx_chain_i/matched_filter_i/matched_filter_i/sum2_q_reg[5] input rx_chain_i/matched_filter_i/matched_filter_i/sum2_q_reg[5]/A[29:0] is not pipelined. Pipelining DSP48 input will improve performance.
Related violations: <none>

DPIP-1#60 Warning
Input pipelining
DSP rx_chain_i/matched_filter_i/matched_filter_i/sum2_q_reg[5] input rx_chain_i/matched_filter_i/matched_filter_i/sum2_q_reg[5]/B[17:0] is not pipelined. Pipelining DSP48 input will improve performance.
Related violations: <none>

DPIP-1#61 Warning
Input pipelining
DSP rx_chain_i/matched_filter_i/matched_filter_i/sum2_q_reg[6] input rx_chain_i/matched_filter_i/matched_filter_i/sum2_q_reg[6]/A[29:0] is not pipelined. Pipelining DSP48 input will improve performance.
Related violations: <none>

DPIP-1#62 Warning
Input pipelining
DSP rx_chain_i/matched_filter_i/matched_filter_i/sum2_q_reg[6] input rx_chain_i/matched_filter_i/matched_filter_i/sum2_q_reg[6]/B[17:0] is not pipelined. Pipelining DSP48 input will improve performance.
Related violations: <none>

DPIP-1#63 Warning
Input pipelining
DSP rx_chain_i/matched_filter_i/matched_filter_i/sum2_q_reg[7] input rx_chain_i/matched_filter_i/matched_filter_i/sum2_q_reg[7]/A[29:0] is not pipelined. Pipelining DSP48 input will improve performance.
Related violations: <none>

DPIP-1#64 Warning
Input pipelining
DSP rx_chain_i/matched_filter_i/matched_filter_i/sum2_q_reg[7] input rx_chain_i/matched_filter_i/matched_filter_i/sum2_q_reg[7]/B[17:0] is not pipelined. Pipelining DSP48 input will improve performance.
Related violations: <none>

DPIP-1#65 Warning
Input pipelining
DSP rx_chain_i/matched_filter_i/matched_filter_i/sum3_i_reg[0] input rx_chain_i/matched_filter_i/matched_filter_i/sum3_i_reg[0]/A[29:0] is not pipelined. Pipelining DSP48 input will improve performance.
Related violations: <none>

DPIP-1#66 Warning
Input pipelining
DSP rx_chain_i/matched_filter_i/matched_filter_i/sum3_i_reg[0] input rx_chain_i/matched_filter_i/matched_filter_i/sum3_i_reg[0]/B[17:0] is not pipelined. Pipelining DSP48 input will improve performance.
Related violations: <none>

DPIP-1#67 Warning
Input pipelining
DSP rx_chain_i/matched_filter_i/matched_filter_i/sum3_i_reg[1] input rx_chain_i/matched_filter_i/matched_filter_i/sum3_i_reg[1]/A[29:0] is not pipelined. Pipelining DSP48 input will improve performance.
Related violations: <none>

DPIP-1#68 Warning
Input pipelining
DSP rx_chain_i/matched_filter_i/matched_filter_i/sum3_i_reg[1] input rx_chain_i/matched_filter_i/matched_filter_i/sum3_i_reg[1]/B[17:0] is not pipelined. Pipelining DSP48 input will improve performance.
Related violations: <none>

DPIP-1#69 Warning
Input pipelining
DSP rx_chain_i/matched_filter_i/matched_filter_i/sum3_i_reg[2] input rx_chain_i/matched_filter_i/matched_filter_i/sum3_i_reg[2]/A[29:0] is not pipelined. Pipelining DSP48 input will improve performance.
Related violations: <none>

DPIP-1#70 Warning
Input pipelining
DSP rx_chain_i/matched_filter_i/matched_filter_i/sum3_i_reg[2] input rx_chain_i/matched_filter_i/matched_filter_i/sum3_i_reg[2]/B[17:0] is not pipelined. Pipelining DSP48 input will improve performance.
Related violations: <none>

DPIP-1#71 Warning
Input pipelining
DSP rx_chain_i/matched_filter_i/matched_filter_i/sum3_i_reg[3] input rx_chain_i/matched_filter_i/matched_filter_i/sum3_i_reg[3]/A[29:0] is not pipelined. Pipelining DSP48 input will improve performance.
Related violations: <none>

DPIP-1#72 Warning
Input pipelining
DSP rx_chain_i/matched_filter_i/matched_filter_i/sum3_i_reg[3] input rx_chain_i/matched_filter_i/matched_filter_i/sum3_i_reg[3]/B[17:0] is not pipelined. Pipelining DSP48 input will improve performance.
Related violations: <none>

DPIP-1#73 Warning
Input pipelining
DSP rx_chain_i/matched_filter_i/matched_filter_i/sum3_q_reg[0] input rx_chain_i/matched_filter_i/matched_filter_i/sum3_q_reg[0]/A[29:0] is not pipelined. Pipelining DSP48 input will improve performance.
Related violations: <none>

DPIP-1#74 Warning
Input pipelining
DSP rx_chain_i/matched_filter_i/matched_filter_i/sum3_q_reg[0] input rx_chain_i/matched_filter_i/matched_filter_i/sum3_q_reg[0]/B[17:0] is not pipelined. Pipelining DSP48 input will improve performance.
Related violations: <none>

DPIP-1#75 Warning
Input pipelining
DSP rx_chain_i/matched_filter_i/matched_filter_i/sum3_q_reg[1] input rx_chain_i/matched_filter_i/matched_filter_i/sum3_q_reg[1]/A[29:0] is not pipelined. Pipelining DSP48 input will improve performance.
Related violations: <none>

DPIP-1#76 Warning
Input pipelining
DSP rx_chain_i/matched_filter_i/matched_filter_i/sum3_q_reg[1] input rx_chain_i/matched_filter_i/matched_filter_i/sum3_q_reg[1]/B[17:0] is not pipelined. Pipelining DSP48 input will improve performance.
Related violations: <none>

DPIP-1#77 Warning
Input pipelining
DSP rx_chain_i/matched_filter_i/matched_filter_i/sum3_q_reg[2] input rx_chain_i/matched_filter_i/matched_filter_i/sum3_q_reg[2]/A[29:0] is not pipelined. Pipelining DSP48 input will improve performance.
Related violations: <none>

DPIP-1#78 Warning
Input pipelining
DSP rx_chain_i/matched_filter_i/matched_filter_i/sum3_q_reg[2] input rx_chain_i/matched_filter_i/matched_filter_i/sum3_q_reg[2]/B[17:0] is not pipelined. Pipelining DSP48 input will improve performance.
Related violations: <none>

DPIP-1#79 Warning
Input pipelining
DSP rx_chain_i/matched_filter_i/matched_filter_i/sum3_q_reg[3] input rx_chain_i/matched_filter_i/matched_filter_i/sum3_q_reg[3]/A[29:0] is not pipelined. Pipelining DSP48 input will improve performance.
Related violations: <none>

DPIP-1#80 Warning
Input pipelining
DSP rx_chain_i/matched_filter_i/matched_filter_i/sum3_q_reg[3] input rx_chain_i/matched_filter_i/matched_filter_i/sum3_q_reg[3]/B[17:0] is not pipelined. Pipelining DSP48 input will improve performance.
Related violations: <none>

DPIP-1#81 Warning
Input pipelining
DSP rx_chain_i/matched_filter_i/matched_filter_i/sum4_i_reg[0] input rx_chain_i/matched_filter_i/matched_filter_i/sum4_i_reg[0]/A[29:0] is not pipelined. Pipelining DSP48 input will improve performance.
Related violations: <none>

DPIP-1#82 Warning
Input pipelining
DSP rx_chain_i/matched_filter_i/matched_filter_i/sum4_i_reg[0] input rx_chain_i/matched_filter_i/matched_filter_i/sum4_i_reg[0]/B[17:0] is not pipelined. Pipelining DSP48 input will improve performance.
Related violations: <none>

DPIP-1#83 Warning
Input pipelining
DSP rx_chain_i/matched_filter_i/matched_filter_i/sum4_i_reg[1] input rx_chain_i/matched_filter_i/matched_filter_i/sum4_i_reg[1]/A[29:0] is not pipelined. Pipelining DSP48 input will improve performance.
Related violations: <none>

DPIP-1#84 Warning
Input pipelining
DSP rx_chain_i/matched_filter_i/matched_filter_i/sum4_i_reg[1] input rx_chain_i/matched_filter_i/matched_filter_i/sum4_i_reg[1]/B[17:0] is not pipelined. Pipelining DSP48 input will improve performance.
Related violations: <none>

DPIP-1#85 Warning
Input pipelining
DSP rx_chain_i/matched_filter_i/matched_filter_i/sum4_q_reg[0] input rx_chain_i/matched_filter_i/matched_filter_i/sum4_q_reg[0]/A[29:0] is not pipelined. Pipelining DSP48 input will improve performance.
Related violations: <none>

DPIP-1#86 Warning
Input pipelining
DSP rx_chain_i/matched_filter_i/matched_filter_i/sum4_q_reg[0] input rx_chain_i/matched_filter_i/matched_filter_i/sum4_q_reg[0]/B[17:0] is not pipelined. Pipelining DSP48 input will improve performance.
Related violations: <none>

DPIP-1#87 Warning
Input pipelining
DSP rx_chain_i/matched_filter_i/matched_filter_i/sum4_q_reg[1] input rx_chain_i/matched_filter_i/matched_filter_i/sum4_q_reg[1]/A[29:0] is not pipelined. Pipelining DSP48 input will improve performance.
Related violations: <none>

DPIP-1#88 Warning
Input pipelining
DSP rx_chain_i/matched_filter_i/matched_filter_i/sum4_q_reg[1] input rx_chain_i/matched_filter_i/matched_filter_i/sum4_q_reg[1]/B[17:0] is not pipelined. Pipelining DSP48 input will improve performance.
Related violations: <none>

DPIP-1#89 Warning
Input pipelining
DSP rx_chain_i/matched_filter_i/matched_filter_i/sum5_i_reg[0] input rx_chain_i/matched_filter_i/matched_filter_i/sum5_i_reg[0]/A[29:0] is not pipelined. Pipelining DSP48 input will improve performance.
Related violations: <none>

DPIP-1#90 Warning
Input pipelining
DSP rx_chain_i/matched_filter_i/matched_filter_i/sum5_i_reg[0] input rx_chain_i/matched_filter_i/matched_filter_i/sum5_i_reg[0]/B[17:0] is not pipelined. Pipelining DSP48 input will improve performance.
Related violations: <none>

DPIP-1#91 Warning
Input pipelining
DSP rx_chain_i/matched_filter_i/matched_filter_i/sum5_q_reg[0] input rx_chain_i/matched_filter_i/matched_filter_i/sum5_q_reg[0]/A[29:0] is not pipelined. Pipelining DSP48 input will improve performance.
Related violations: <none>

DPIP-1#92 Warning
Input pipelining
DSP rx_chain_i/matched_filter_i/matched_filter_i/sum5_q_reg[0] input rx_chain_i/matched_filter_i/matched_filter_i/sum5_q_reg[0]/B[17:0] is not pipelined. Pipelining DSP48 input will improve performance.
Related violations: <none>

DPIP-1#93 Warning
Input pipelining
DSP tx_chain_i/tx_fir_i/sum1_i_reg[0] input tx_chain_i/tx_fir_i/sum1_i_reg[0]/C[47:0] is not pipelined. Pipelining DSP48 input will improve performance.
Related violations: <none>

DPIP-1#94 Warning
Input pipelining
DSP tx_chain_i/tx_fir_i/sum1_i_reg[10] input tx_chain_i/tx_fir_i/sum1_i_reg[10]/C[47:0] is not pipelined. Pipelining DSP48 input will improve performance.
Related violations: <none>

DPIP-1#95 Warning
Input pipelining
DSP tx_chain_i/tx_fir_i/sum1_i_reg[11] input tx_chain_i/tx_fir_i/sum1_i_reg[11]/C[47:0] is not pipelined. Pipelining DSP48 input will improve performance.
Related violations: <none>

DPIP-1#96 Warning
Input pipelining
DSP tx_chain_i/tx_fir_i/sum1_i_reg[12] input tx_chain_i/tx_fir_i/sum1_i_reg[12]/C[47:0] is not pipelined. Pipelining DSP48 input will improve performance.
Related violations: <none>

DPIP-1#97 Warning
Input pipelining
DSP tx_chain_i/tx_fir_i/sum1_i_reg[13] input tx_chain_i/tx_fir_i/sum1_i_reg[13]/C[47:0] is not pipelined. Pipelining DSP48 input will improve performance.
Related violations: <none>

DPIP-1#98 Warning
Input pipelining
DSP tx_chain_i/tx_fir_i/sum1_i_reg[14] input tx_chain_i/tx_fir_i/sum1_i_reg[14]/C[47:0] is not pipelined. Pipelining DSP48 input will improve performance.
Related violations: <none>

DPIP-1#99 Warning
Input pipelining
DSP tx_chain_i/tx_fir_i/sum1_i_reg[15] input tx_chain_i/tx_fir_i/sum1_i_reg[15]/C[47:0] is not pipelined. Pipelining DSP48 input will improve performance.
Related violations: <none>

DPIP-1#100 Warning
Input pipelining
DSP tx_chain_i/tx_fir_i/sum1_i_reg[1] input tx_chain_i/tx_fir_i/sum1_i_reg[1]/C[47:0] is not pipelined. Pipelining DSP48 input will improve performance.
Related violations: <none>

DPIP-1#101 Warning
Input pipelining
DSP tx_chain_i/tx_fir_i/sum1_i_reg[2] input tx_chain_i/tx_fir_i/sum1_i_reg[2]/C[47:0] is not pipelined. Pipelining DSP48 input will improve performance.
Related violations: <none>

DPIP-1#102 Warning
Input pipelining
DSP tx_chain_i/tx_fir_i/sum1_i_reg[3] input tx_chain_i/tx_fir_i/sum1_i_reg[3]/C[47:0] is not pipelined. Pipelining DSP48 input will improve performance.
Related violations: <none>

DPIP-1#103 Warning
Input pipelining
DSP tx_chain_i/tx_fir_i/sum1_i_reg[4] input tx_chain_i/tx_fir_i/sum1_i_reg[4]/C[47:0] is not pipelined. Pipelining DSP48 input will improve performance.
Related violations: <none>

DPIP-1#104 Warning
Input pipelining
DSP tx_chain_i/tx_fir_i/sum1_i_reg[5] input tx_chain_i/tx_fir_i/sum1_i_reg[5]/C[47:0] is not pipelined. Pipelining DSP48 input will improve performance.
Related violations: <none>

DPIP-1#105 Warning
Input pipelining
DSP tx_chain_i/tx_fir_i/sum1_i_reg[6] input tx_chain_i/tx_fir_i/sum1_i_reg[6]/C[47:0] is not pipelined. Pipelining DSP48 input will improve performance.
Related violations: <none>

DPIP-1#106 Warning
Input pipelining
DSP tx_chain_i/tx_fir_i/sum1_i_reg[7] input tx_chain_i/tx_fir_i/sum1_i_reg[7]/C[47:0] is not pipelined. Pipelining DSP48 input will improve performance.
Related violations: <none>

DPIP-1#107 Warning
Input pipelining
DSP tx_chain_i/tx_fir_i/sum1_i_reg[8] input tx_chain_i/tx_fir_i/sum1_i_reg[8]/C[47:0] is not pipelined. Pipelining DSP48 input will improve performance.
Related violations: <none>

DPIP-1#108 Warning
Input pipelining
DSP tx_chain_i/tx_fir_i/sum1_i_reg[9] input tx_chain_i/tx_fir_i/sum1_i_reg[9]/C[47:0] is not pipelined. Pipelining DSP48 input will improve performance.
Related violations: <none>

DPIP-1#109 Warning
Input pipelining
DSP tx_chain_i/tx_fir_i/sum1_q_reg[0] input tx_chain_i/tx_fir_i/sum1_q_reg[0]/C[47:0] is not pipelined. Pipelining DSP48 input will improve performance.
Related violations: <none>

DPIP-1#110 Warning
Input pipelining
DSP tx_chain_i/tx_fir_i/sum1_q_reg[10] input tx_chain_i/tx_fir_i/sum1_q_reg[10]/C[47:0] is not pipelined. Pipelining DSP48 input will improve performance.
Related violations: <none>

DPIP-1#111 Warning
Input pipelining
DSP tx_chain_i/tx_fir_i/sum1_q_reg[11] input tx_chain_i/tx_fir_i/sum1_q_reg[11]/C[47:0] is not pipelined. Pipelining DSP48 input will improve performance.
Related violations: <none>

DPIP-1#112 Warning
Input pipelining
DSP tx_chain_i/tx_fir_i/sum1_q_reg[12] input tx_chain_i/tx_fir_i/sum1_q_reg[12]/C[47:0] is not pipelined. Pipelining DSP48 input will improve performance.
Related violations: <none>

DPIP-1#113 Warning
Input pipelining
DSP tx_chain_i/tx_fir_i/sum1_q_reg[13] input tx_chain_i/tx_fir_i/sum1_q_reg[13]/C[47:0] is not pipelined. Pipelining DSP48 input will improve performance.
Related violations: <none>

DPIP-1#114 Warning
Input pipelining
DSP tx_chain_i/tx_fir_i/sum1_q_reg[14] input tx_chain_i/tx_fir_i/sum1_q_reg[14]/C[47:0] is not pipelined. Pipelining DSP48 input will improve performance.
Related violations: <none>

DPIP-1#115 Warning
Input pipelining
DSP tx_chain_i/tx_fir_i/sum1_q_reg[15] input tx_chain_i/tx_fir_i/sum1_q_reg[15]/C[47:0] is not pipelined. Pipelining DSP48 input will improve performance.
Related violations: <none>

DPIP-1#116 Warning
Input pipelining
DSP tx_chain_i/tx_fir_i/sum1_q_reg[1] input tx_chain_i/tx_fir_i/sum1_q_reg[1]/C[47:0] is not pipelined. Pipelining DSP48 input will improve performance.
Related violations: <none>

DPIP-1#117 Warning
Input pipelining
DSP tx_chain_i/tx_fir_i/sum1_q_reg[2] input tx_chain_i/tx_fir_i/sum1_q_reg[2]/C[47:0] is not pipelined. Pipelining DSP48 input will improve performance.
Related violations: <none>

DPIP-1#118 Warning
Input pipelining
DSP tx_chain_i/tx_fir_i/sum1_q_reg[3] input tx_chain_i/tx_fir_i/sum1_q_reg[3]/C[47:0] is not pipelined. Pipelining DSP48 input will improve performance.
Related violations: <none>

DPIP-1#119 Warning
Input pipelining
DSP tx_chain_i/tx_fir_i/sum1_q_reg[4] input tx_chain_i/tx_fir_i/sum1_q_reg[4]/C[47:0] is not pipelined. Pipelining DSP48 input will improve performance.
Related violations: <none>

DPIP-1#120 Warning
Input pipelining
DSP tx_chain_i/tx_fir_i/sum1_q_reg[5] input tx_chain_i/tx_fir_i/sum1_q_reg[5]/C[47:0] is not pipelined. Pipelining DSP48 input will improve performance.
Related violations: <none>

DPIP-1#121 Warning
Input pipelining
DSP tx_chain_i/tx_fir_i/sum1_q_reg[6] input tx_chain_i/tx_fir_i/sum1_q_reg[6]/C[47:0] is not pipelined. Pipelining DSP48 input will improve performance.
Related violations: <none>

DPIP-1#122 Warning
Input pipelining
DSP tx_chain_i/tx_fir_i/sum1_q_reg[7] input tx_chain_i/tx_fir_i/sum1_q_reg[7]/C[47:0] is not pipelined. Pipelining DSP48 input will improve performance.
Related violations: <none>

DPIP-1#123 Warning
Input pipelining
DSP tx_chain_i/tx_fir_i/sum1_q_reg[8] input tx_chain_i/tx_fir_i/sum1_q_reg[8]/C[47:0] is not pipelined. Pipelining DSP48 input will improve performance.
Related violations: <none>

DPIP-1#124 Warning
Input pipelining
DSP tx_chain_i/tx_fir_i/sum1_q_reg[9] input tx_chain_i/tx_fir_i/sum1_q_reg[9]/C[47:0] is not pipelined. Pipelining DSP48 input will improve performance.
Related violations: <none>

DPIP-1#125 Warning
Input pipelining
DSP tx_chain_i/tx_fir_i/sum2_i_reg[0] input tx_chain_i/tx_fir_i/sum2_i_reg[0]/A[29:0] is not pipelined. Pipelining DSP48 input will improve performance.
Related violations: <none>

DPIP-1#126 Warning
Input pipelining
DSP tx_chain_i/tx_fir_i/sum2_i_reg[0] input tx_chain_i/tx_fir_i/sum2_i_reg[0]/B[17:0] is not pipelined. Pipelining DSP48 input will improve performance.
Related violations: <none>

DPIP-1#127 Warning
Input pipelining
DSP tx_chain_i/tx_fir_i/sum2_i_reg[1] input tx_chain_i/tx_fir_i/sum2_i_reg[1]/A[29:0] is not pipelined. Pipelining DSP48 input will improve performance.
Related violations: <none>

DPIP-1#128 Warning
Input pipelining
DSP tx_chain_i/tx_fir_i/sum2_i_reg[1] input tx_chain_i/tx_fir_i/sum2_i_reg[1]/B[17:0] is not pipelined. Pipelining DSP48 input will improve performance.
Related violations: <none>

DPIP-1#129 Warning
Input pipelining
DSP tx_chain_i/tx_fir_i/sum2_i_reg[2] input tx_chain_i/tx_fir_i/sum2_i_reg[2]/A[29:0] is not pipelined. Pipelining DSP48 input will improve performance.
Related violations: <none>

DPIP-1#130 Warning
Input pipelining
DSP tx_chain_i/tx_fir_i/sum2_i_reg[2] input tx_chain_i/tx_fir_i/sum2_i_reg[2]/B[17:0] is not pipelined. Pipelining DSP48 input will improve performance.
Related violations: <none>

DPIP-1#131 Warning
Input pipelining
DSP tx_chain_i/tx_fir_i/sum2_i_reg[3] input tx_chain_i/tx_fir_i/sum2_i_reg[3]/A[29:0] is not pipelined. Pipelining DSP48 input will improve performance.
Related violations: <none>

DPIP-1#132 Warning
Input pipelining
DSP tx_chain_i/tx_fir_i/sum2_i_reg[3] input tx_chain_i/tx_fir_i/sum2_i_reg[3]/B[17:0] is not pipelined. Pipelining DSP48 input will improve performance.
Related violations: <none>

DPIP-1#133 Warning
Input pipelining
DSP tx_chain_i/tx_fir_i/sum2_i_reg[4] input tx_chain_i/tx_fir_i/sum2_i_reg[4]/A[29:0] is not pipelined. Pipelining DSP48 input will improve performance.
Related violations: <none>

DPIP-1#134 Warning
Input pipelining
DSP tx_chain_i/tx_fir_i/sum2_i_reg[4] input tx_chain_i/tx_fir_i/sum2_i_reg[4]/B[17:0] is not pipelined. Pipelining DSP48 input will improve performance.
Related violations: <none>

DPIP-1#135 Warning
Input pipelining
DSP tx_chain_i/tx_fir_i/sum2_i_reg[5] input tx_chain_i/tx_fir_i/sum2_i_reg[5]/A[29:0] is not pipelined. Pipelining DSP48 input will improve performance.
Related violations: <none>

DPIP-1#136 Warning
Input pipelining
DSP tx_chain_i/tx_fir_i/sum2_i_reg[5] input tx_chain_i/tx_fir_i/sum2_i_reg[5]/B[17:0] is not pipelined. Pipelining DSP48 input will improve performance.
Related violations: <none>

DPIP-1#137 Warning
Input pipelining
DSP tx_chain_i/tx_fir_i/sum2_i_reg[6] input tx_chain_i/tx_fir_i/sum2_i_reg[6]/A[29:0] is not pipelined. Pipelining DSP48 input will improve performance.
Related violations: <none>

DPIP-1#138 Warning
Input pipelining
DSP tx_chain_i/tx_fir_i/sum2_i_reg[6] input tx_chain_i/tx_fir_i/sum2_i_reg[6]/B[17:0] is not pipelined. Pipelining DSP48 input will improve performance.
Related violations: <none>

DPIP-1#139 Warning
Input pipelining
DSP tx_chain_i/tx_fir_i/sum2_i_reg[7] input tx_chain_i/tx_fir_i/sum2_i_reg[7]/A[29:0] is not pipelined. Pipelining DSP48 input will improve performance.
Related violations: <none>

DPIP-1#140 Warning
Input pipelining
DSP tx_chain_i/tx_fir_i/sum2_i_reg[7] input tx_chain_i/tx_fir_i/sum2_i_reg[7]/B[17:0] is not pipelined. Pipelining DSP48 input will improve performance.
Related violations: <none>

DPIP-1#141 Warning
Input pipelining
DSP tx_chain_i/tx_fir_i/sum2_q_reg[0] input tx_chain_i/tx_fir_i/sum2_q_reg[0]/A[29:0] is not pipelined. Pipelining DSP48 input will improve performance.
Related violations: <none>

DPIP-1#142 Warning
Input pipelining
DSP tx_chain_i/tx_fir_i/sum2_q_reg[0] input tx_chain_i/tx_fir_i/sum2_q_reg[0]/B[17:0] is not pipelined. Pipelining DSP48 input will improve performance.
Related violations: <none>

DPIP-1#143 Warning
Input pipelining
DSP tx_chain_i/tx_fir_i/sum2_q_reg[1] input tx_chain_i/tx_fir_i/sum2_q_reg[1]/A[29:0] is not pipelined. Pipelining DSP48 input will improve performance.
Related violations: <none>

DPIP-1#144 Warning
Input pipelining
DSP tx_chain_i/tx_fir_i/sum2_q_reg[1] input tx_chain_i/tx_fir_i/sum2_q_reg[1]/B[17:0] is not pipelined. Pipelining DSP48 input will improve performance.
Related violations: <none>

DPIP-1#145 Warning
Input pipelining
DSP tx_chain_i/tx_fir_i/sum2_q_reg[2] input tx_chain_i/tx_fir_i/sum2_q_reg[2]/A[29:0] is not pipelined. Pipelining DSP48 input will improve performance.
Related violations: <none>

DPIP-1#146 Warning
Input pipelining
DSP tx_chain_i/tx_fir_i/sum2_q_reg[2] input tx_chain_i/tx_fir_i/sum2_q_reg[2]/B[17:0] is not pipelined. Pipelining DSP48 input will improve performance.
Related violations: <none>

DPIP-1#147 Warning
Input pipelining
DSP tx_chain_i/tx_fir_i/sum2_q_reg[3] input tx_chain_i/tx_fir_i/sum2_q_reg[3]/A[29:0] is not pipelined. Pipelining DSP48 input will improve performance.
Related violations: <none>

DPIP-1#148 Warning
Input pipelining
DSP tx_chain_i/tx_fir_i/sum2_q_reg[3] input tx_chain_i/tx_fir_i/sum2_q_reg[3]/B[17:0] is not pipelined. Pipelining DSP48 input will improve performance.
Related violations: <none>

DPIP-1#149 Warning
Input pipelining
DSP tx_chain_i/tx_fir_i/sum2_q_reg[4] input tx_chain_i/tx_fir_i/sum2_q_reg[4]/A[29:0] is not pipelined. Pipelining DSP48 input will improve performance.
Related violations: <none>

DPIP-1#150 Warning
Input pipelining
DSP tx_chain_i/tx_fir_i/sum2_q_reg[4] input tx_chain_i/tx_fir_i/sum2_q_reg[4]/B[17:0] is not pipelined. Pipelining DSP48 input will improve performance.
Related violations: <none>

DPIP-1#151 Warning
Input pipelining
DSP tx_chain_i/tx_fir_i/sum2_q_reg[5] input tx_chain_i/tx_fir_i/sum2_q_reg[5]/A[29:0] is not pipelined. Pipelining DSP48 input will improve performance.
Related violations: <none>

DPIP-1#152 Warning
Input pipelining
DSP tx_chain_i/tx_fir_i/sum2_q_reg[5] input tx_chain_i/tx_fir_i/sum2_q_reg[5]/B[17:0] is not pipelined. Pipelining DSP48 input will improve performance.
Related violations: <none>

DPIP-1#153 Warning
Input pipelining
DSP tx_chain_i/tx_fir_i/sum2_q_reg[6] input tx_chain_i/tx_fir_i/sum2_q_reg[6]/A[29:0] is not pipelined. Pipelining DSP48 input will improve performance.
Related violations: <none>

DPIP-1#154 Warning
Input pipelining
DSP tx_chain_i/tx_fir_i/sum2_q_reg[6] input tx_chain_i/tx_fir_i/sum2_q_reg[6]/B[17:0] is not pipelined. Pipelining DSP48 input will improve performance.
Related violations: <none>

DPIP-1#155 Warning
Input pipelining
DSP tx_chain_i/tx_fir_i/sum2_q_reg[7] input tx_chain_i/tx_fir_i/sum2_q_reg[7]/A[29:0] is not pipelined. Pipelining DSP48 input will improve performance.
Related violations: <none>

DPIP-1#156 Warning
Input pipelining
DSP tx_chain_i/tx_fir_i/sum2_q_reg[7] input tx_chain_i/tx_fir_i/sum2_q_reg[7]/B[17:0] is not pipelined. Pipelining DSP48 input will improve performance.
Related violations: <none>

DPIP-1#157 Warning
Input pipelining
DSP tx_chain_i/tx_fir_i/sum3_i_reg[0] input tx_chain_i/tx_fir_i/sum3_i_reg[0]/A[29:0] is not pipelined. Pipelining DSP48 input will improve performance.
Related violations: <none>

DPIP-1#158 Warning
Input pipelining
DSP tx_chain_i/tx_fir_i/sum3_i_reg[0] input tx_chain_i/tx_fir_i/sum3_i_reg[0]/B[17:0] is not pipelined. Pipelining DSP48 input will improve performance.
Related violations: <none>

DPIP-1#159 Warning
Input pipelining
DSP tx_chain_i/tx_fir_i/sum3_i_reg[1] input tx_chain_i/tx_fir_i/sum3_i_reg[1]/A[29:0] is not pipelined. Pipelining DSP48 input will improve performance.
Related violations: <none>

DPIP-1#160 Warning
Input pipelining
DSP tx_chain_i/tx_fir_i/sum3_i_reg[1] input tx_chain_i/tx_fir_i/sum3_i_reg[1]/B[17:0] is not pipelined. Pipelining DSP48 input will improve performance.
Related violations: <none>

DPIP-1#161 Warning
Input pipelining
DSP tx_chain_i/tx_fir_i/sum3_i_reg[2] input tx_chain_i/tx_fir_i/sum3_i_reg[2]/A[29:0] is not pipelined. Pipelining DSP48 input will improve performance.
Related violations: <none>

DPIP-1#162 Warning
Input pipelining
DSP tx_chain_i/tx_fir_i/sum3_i_reg[2] input tx_chain_i/tx_fir_i/sum3_i_reg[2]/B[17:0] is not pipelined. Pipelining DSP48 input will improve performance.
Related violations: <none>

DPIP-1#163 Warning
Input pipelining
DSP tx_chain_i/tx_fir_i/sum3_i_reg[3] input tx_chain_i/tx_fir_i/sum3_i_reg[3]/A[29:0] is not pipelined. Pipelining DSP48 input will improve performance.
Related violations: <none>

DPIP-1#164 Warning
Input pipelining
DSP tx_chain_i/tx_fir_i/sum3_i_reg[3] input tx_chain_i/tx_fir_i/sum3_i_reg[3]/B[17:0] is not pipelined. Pipelining DSP48 input will improve performance.
Related violations: <none>

DPIP-1#165 Warning
Input pipelining
DSP tx_chain_i/tx_fir_i/sum3_q_reg[0] input tx_chain_i/tx_fir_i/sum3_q_reg[0]/A[29:0] is not pipelined. Pipelining DSP48 input will improve performance.
Related violations: <none>

DPIP-1#166 Warning
Input pipelining
DSP tx_chain_i/tx_fir_i/sum3_q_reg[0] input tx_chain_i/tx_fir_i/sum3_q_reg[0]/B[17:0] is not pipelined. Pipelining DSP48 input will improve performance.
Related violations: <none>

DPIP-1#167 Warning
Input pipelining
DSP tx_chain_i/tx_fir_i/sum3_q_reg[1] input tx_chain_i/tx_fir_i/sum3_q_reg[1]/A[29:0] is not pipelined. Pipelining DSP48 input will improve performance.
Related violations: <none>

DPIP-1#168 Warning
Input pipelining
DSP tx_chain_i/tx_fir_i/sum3_q_reg[1] input tx_chain_i/tx_fir_i/sum3_q_reg[1]/B[17:0] is not pipelined. Pipelining DSP48 input will improve performance.
Related violations: <none>

DPIP-1#169 Warning
Input pipelining
DSP tx_chain_i/tx_fir_i/sum3_q_reg[2] input tx_chain_i/tx_fir_i/sum3_q_reg[2]/A[29:0] is not pipelined. Pipelining DSP48 input will improve performance.
Related violations: <none>

DPIP-1#170 Warning
Input pipelining
DSP tx_chain_i/tx_fir_i/sum3_q_reg[2] input tx_chain_i/tx_fir_i/sum3_q_reg[2]/B[17:0] is not pipelined. Pipelining DSP48 input will improve performance.
Related violations: <none>

DPIP-1#171 Warning
Input pipelining
DSP tx_chain_i/tx_fir_i/sum3_q_reg[3] input tx_chain_i/tx_fir_i/sum3_q_reg[3]/A[29:0] is not pipelined. Pipelining DSP48 input will improve performance.
Related violations: <none>

DPIP-1#172 Warning
Input pipelining
DSP tx_chain_i/tx_fir_i/sum3_q_reg[3] input tx_chain_i/tx_fir_i/sum3_q_reg[3]/B[17:0] is not pipelined. Pipelining DSP48 input will improve performance.
Related violations: <none>

DPIP-1#173 Warning
Input pipelining
DSP tx_chain_i/tx_fir_i/sum4_i_reg[0] input tx_chain_i/tx_fir_i/sum4_i_reg[0]/A[29:0] is not pipelined. Pipelining DSP48 input will improve performance.
Related violations: <none>

DPIP-1#174 Warning
Input pipelining
DSP tx_chain_i/tx_fir_i/sum4_i_reg[0] input tx_chain_i/tx_fir_i/sum4_i_reg[0]/B[17:0] is not pipelined. Pipelining DSP48 input will improve performance.
Related violations: <none>

DPIP-1#175 Warning
Input pipelining
DSP tx_chain_i/tx_fir_i/sum4_i_reg[1] input tx_chain_i/tx_fir_i/sum4_i_reg[1]/A[29:0] is not pipelined. Pipelining DSP48 input will improve performance.
Related violations: <none>

DPIP-1#176 Warning
Input pipelining
DSP tx_chain_i/tx_fir_i/sum4_i_reg[1] input tx_chain_i/tx_fir_i/sum4_i_reg[1]/B[17:0] is not pipelined. Pipelining DSP48 input will improve performance.
Related violations: <none>

DPIP-1#177 Warning
Input pipelining
DSP tx_chain_i/tx_fir_i/sum4_q_reg[0] input tx_chain_i/tx_fir_i/sum4_q_reg[0]/A[29:0] is not pipelined. Pipelining DSP48 input will improve performance.
Related violations: <none>

DPIP-1#178 Warning
Input pipelining
DSP tx_chain_i/tx_fir_i/sum4_q_reg[0] input tx_chain_i/tx_fir_i/sum4_q_reg[0]/B[17:0] is not pipelined. Pipelining DSP48 input will improve performance.
Related violations: <none>

DPIP-1#179 Warning
Input pipelining
DSP tx_chain_i/tx_fir_i/sum4_q_reg[1] input tx_chain_i/tx_fir_i/sum4_q_reg[1]/A[29:0] is not pipelined. Pipelining DSP48 input will improve performance.
Related violations: <none>

DPIP-1#180 Warning
Input pipelining
DSP tx_chain_i/tx_fir_i/sum4_q_reg[1] input tx_chain_i/tx_fir_i/sum4_q_reg[1]/B[17:0] is not pipelined. Pipelining DSP48 input will improve performance.
Related violations: <none>

DPIP-1#181 Warning
Input pipelining
DSP tx_chain_i/tx_fir_i/sum5_i_reg[0] input tx_chain_i/tx_fir_i/sum5_i_reg[0]/A[29:0] is not pipelined. Pipelining DSP48 input will improve performance.
Related violations: <none>

DPIP-1#182 Warning
Input pipelining
DSP tx_chain_i/tx_fir_i/sum5_i_reg[0] input tx_chain_i/tx_fir_i/sum5_i_reg[0]/B[17:0] is not pipelined. Pipelining DSP48 input will improve performance.
Related violations: <none>

DPIP-1#183 Warning
Input pipelining
DSP tx_chain_i/tx_fir_i/sum5_q_reg[0] input tx_chain_i/tx_fir_i/sum5_q_reg[0]/A[29:0] is not pipelined. Pipelining DSP48 input will improve performance.
Related violations: <none>

DPIP-1#184 Warning
Input pipelining
DSP tx_chain_i/tx_fir_i/sum5_q_reg[0] input tx_chain_i/tx_fir_i/sum5_q_reg[0]/B[17:0] is not pipelined. Pipelining DSP48 input will improve performance.
Related violations: <none>

DPOP-2#1 Warning
MREG Output pipelining
DSP rx_chain_i/matched_filter_i/matched_filter_i/prod_i_reg[0] multiplier stage rx_chain_i/matched_filter_i/matched_filter_i/prod_i_reg[0]/P[47:0] is not pipelined (MREG=0). Pipelining the multiplier function will improve performance and will save significant power so it is suggested whenever possible to fully pipeline this function.  If this multiplier was inferred, it is suggested to describe an additional register stage after this function.  If there is no registered adder/accumulator following the multiply function, two pipeline stages are suggested to allow both the MREG and PREG registers to be used.  If the DSP48 was instantiated in the design, it is suggested to set both the MREG and PREG attributes to 1 when performing multiply functions.
Related violations: <none>

DPOP-2#2 Warning
MREG Output pipelining
DSP rx_chain_i/matched_filter_i/matched_filter_i/prod_i_reg[10] multiplier stage rx_chain_i/matched_filter_i/matched_filter_i/prod_i_reg[10]/P[47:0] is not pipelined (MREG=0). Pipelining the multiplier function will improve performance and will save significant power so it is suggested whenever possible to fully pipeline this function.  If this multiplier was inferred, it is suggested to describe an additional register stage after this function.  If there is no registered adder/accumulator following the multiply function, two pipeline stages are suggested to allow both the MREG and PREG registers to be used.  If the DSP48 was instantiated in the design, it is suggested to set both the MREG and PREG attributes to 1 when performing multiply functions.
Related violations: <none>

DPOP-2#3 Warning
MREG Output pipelining
DSP rx_chain_i/matched_filter_i/matched_filter_i/prod_i_reg[12] multiplier stage rx_chain_i/matched_filter_i/matched_filter_i/prod_i_reg[12]/P[47:0] is not pipelined (MREG=0). Pipelining the multiplier function will improve performance and will save significant power so it is suggested whenever possible to fully pipeline this function.  If this multiplier was inferred, it is suggested to describe an additional register stage after this function.  If there is no registered adder/accumulator following the multiply function, two pipeline stages are suggested to allow both the MREG and PREG registers to be used.  If the DSP48 was instantiated in the design, it is suggested to set both the MREG and PREG attributes to 1 when performing multiply functions.
Related violations: <none>

DPOP-2#4 Warning
MREG Output pipelining
DSP rx_chain_i/matched_filter_i/matched_filter_i/prod_i_reg[14] multiplier stage rx_chain_i/matched_filter_i/matched_filter_i/prod_i_reg[14]/P[47:0] is not pipelined (MREG=0). Pipelining the multiplier function will improve performance and will save significant power so it is suggested whenever possible to fully pipeline this function.  If this multiplier was inferred, it is suggested to describe an additional register stage after this function.  If there is no registered adder/accumulator following the multiply function, two pipeline stages are suggested to allow both the MREG and PREG registers to be used.  If the DSP48 was instantiated in the design, it is suggested to set both the MREG and PREG attributes to 1 when performing multiply functions.
Related violations: <none>

DPOP-2#5 Warning
MREG Output pipelining
DSP rx_chain_i/matched_filter_i/matched_filter_i/prod_i_reg[16] multiplier stage rx_chain_i/matched_filter_i/matched_filter_i/prod_i_reg[16]/P[47:0] is not pipelined (MREG=0). Pipelining the multiplier function will improve performance and will save significant power so it is suggested whenever possible to fully pipeline this function.  If this multiplier was inferred, it is suggested to describe an additional register stage after this function.  If there is no registered adder/accumulator following the multiply function, two pipeline stages are suggested to allow both the MREG and PREG registers to be used.  If the DSP48 was instantiated in the design, it is suggested to set both the MREG and PREG attributes to 1 when performing multiply functions.
Related violations: <none>

DPOP-2#6 Warning
MREG Output pipelining
DSP rx_chain_i/matched_filter_i/matched_filter_i/prod_i_reg[18] multiplier stage rx_chain_i/matched_filter_i/matched_filter_i/prod_i_reg[18]/P[47:0] is not pipelined (MREG=0). Pipelining the multiplier function will improve performance and will save significant power so it is suggested whenever possible to fully pipeline this function.  If this multiplier was inferred, it is suggested to describe an additional register stage after this function.  If there is no registered adder/accumulator following the multiply function, two pipeline stages are suggested to allow both the MREG and PREG registers to be used.  If the DSP48 was instantiated in the design, it is suggested to set both the MREG and PREG attributes to 1 when performing multiply functions.
Related violations: <none>

DPOP-2#7 Warning
MREG Output pipelining
DSP rx_chain_i/matched_filter_i/matched_filter_i/prod_i_reg[20] multiplier stage rx_chain_i/matched_filter_i/matched_filter_i/prod_i_reg[20]/P[47:0] is not pipelined (MREG=0). Pipelining the multiplier function will improve performance and will save significant power so it is suggested whenever possible to fully pipeline this function.  If this multiplier was inferred, it is suggested to describe an additional register stage after this function.  If there is no registered adder/accumulator following the multiply function, two pipeline stages are suggested to allow both the MREG and PREG registers to be used.  If the DSP48 was instantiated in the design, it is suggested to set both the MREG and PREG attributes to 1 when performing multiply functions.
Related violations: <none>

DPOP-2#8 Warning
MREG Output pipelining
DSP rx_chain_i/matched_filter_i/matched_filter_i/prod_i_reg[22] multiplier stage rx_chain_i/matched_filter_i/matched_filter_i/prod_i_reg[22]/P[47:0] is not pipelined (MREG=0). Pipelining the multiplier function will improve performance and will save significant power so it is suggested whenever possible to fully pipeline this function.  If this multiplier was inferred, it is suggested to describe an additional register stage after this function.  If there is no registered adder/accumulator following the multiply function, two pipeline stages are suggested to allow both the MREG and PREG registers to be used.  If the DSP48 was instantiated in the design, it is suggested to set both the MREG and PREG attributes to 1 when performing multiply functions.
Related violations: <none>

DPOP-2#9 Warning
MREG Output pipelining
DSP rx_chain_i/matched_filter_i/matched_filter_i/prod_i_reg[24] multiplier stage rx_chain_i/matched_filter_i/matched_filter_i/prod_i_reg[24]/P[47:0] is not pipelined (MREG=0). Pipelining the multiplier function will improve performance and will save significant power so it is suggested whenever possible to fully pipeline this function.  If this multiplier was inferred, it is suggested to describe an additional register stage after this function.  If there is no registered adder/accumulator following the multiply function, two pipeline stages are suggested to allow both the MREG and PREG registers to be used.  If the DSP48 was instantiated in the design, it is suggested to set both the MREG and PREG attributes to 1 when performing multiply functions.
Related violations: <none>

DPOP-2#10 Warning
MREG Output pipelining
DSP rx_chain_i/matched_filter_i/matched_filter_i/prod_i_reg[26] multiplier stage rx_chain_i/matched_filter_i/matched_filter_i/prod_i_reg[26]/P[47:0] is not pipelined (MREG=0). Pipelining the multiplier function will improve performance and will save significant power so it is suggested whenever possible to fully pipeline this function.  If this multiplier was inferred, it is suggested to describe an additional register stage after this function.  If there is no registered adder/accumulator following the multiply function, two pipeline stages are suggested to allow both the MREG and PREG registers to be used.  If the DSP48 was instantiated in the design, it is suggested to set both the MREG and PREG attributes to 1 when performing multiply functions.
Related violations: <none>

DPOP-2#11 Warning
MREG Output pipelining
DSP rx_chain_i/matched_filter_i/matched_filter_i/prod_i_reg[28] multiplier stage rx_chain_i/matched_filter_i/matched_filter_i/prod_i_reg[28]/P[47:0] is not pipelined (MREG=0). Pipelining the multiplier function will improve performance and will save significant power so it is suggested whenever possible to fully pipeline this function.  If this multiplier was inferred, it is suggested to describe an additional register stage after this function.  If there is no registered adder/accumulator following the multiply function, two pipeline stages are suggested to allow both the MREG and PREG registers to be used.  If the DSP48 was instantiated in the design, it is suggested to set both the MREG and PREG attributes to 1 when performing multiply functions.
Related violations: <none>

DPOP-2#12 Warning
MREG Output pipelining
DSP rx_chain_i/matched_filter_i/matched_filter_i/prod_i_reg[2] multiplier stage rx_chain_i/matched_filter_i/matched_filter_i/prod_i_reg[2]/P[47:0] is not pipelined (MREG=0). Pipelining the multiplier function will improve performance and will save significant power so it is suggested whenever possible to fully pipeline this function.  If this multiplier was inferred, it is suggested to describe an additional register stage after this function.  If there is no registered adder/accumulator following the multiply function, two pipeline stages are suggested to allow both the MREG and PREG registers to be used.  If the DSP48 was instantiated in the design, it is suggested to set both the MREG and PREG attributes to 1 when performing multiply functions.
Related violations: <none>

DPOP-2#13 Warning
MREG Output pipelining
DSP rx_chain_i/matched_filter_i/matched_filter_i/prod_i_reg[30] multiplier stage rx_chain_i/matched_filter_i/matched_filter_i/prod_i_reg[30]/P[47:0] is not pipelined (MREG=0). Pipelining the multiplier function will improve performance and will save significant power so it is suggested whenever possible to fully pipeline this function.  If this multiplier was inferred, it is suggested to describe an additional register stage after this function.  If there is no registered adder/accumulator following the multiply function, two pipeline stages are suggested to allow both the MREG and PREG registers to be used.  If the DSP48 was instantiated in the design, it is suggested to set both the MREG and PREG attributes to 1 when performing multiply functions.
Related violations: <none>

DPOP-2#14 Warning
MREG Output pipelining
DSP rx_chain_i/matched_filter_i/matched_filter_i/prod_i_reg[4] multiplier stage rx_chain_i/matched_filter_i/matched_filter_i/prod_i_reg[4]/P[47:0] is not pipelined (MREG=0). Pipelining the multiplier function will improve performance and will save significant power so it is suggested whenever possible to fully pipeline this function.  If this multiplier was inferred, it is suggested to describe an additional register stage after this function.  If there is no registered adder/accumulator following the multiply function, two pipeline stages are suggested to allow both the MREG and PREG registers to be used.  If the DSP48 was instantiated in the design, it is suggested to set both the MREG and PREG attributes to 1 when performing multiply functions.
Related violations: <none>

DPOP-2#15 Warning
MREG Output pipelining
DSP rx_chain_i/matched_filter_i/matched_filter_i/prod_i_reg[6] multiplier stage rx_chain_i/matched_filter_i/matched_filter_i/prod_i_reg[6]/P[47:0] is not pipelined (MREG=0). Pipelining the multiplier function will improve performance and will save significant power so it is suggested whenever possible to fully pipeline this function.  If this multiplier was inferred, it is suggested to describe an additional register stage after this function.  If there is no registered adder/accumulator following the multiply function, two pipeline stages are suggested to allow both the MREG and PREG registers to be used.  If the DSP48 was instantiated in the design, it is suggested to set both the MREG and PREG attributes to 1 when performing multiply functions.
Related violations: <none>

DPOP-2#16 Warning
MREG Output pipelining
DSP rx_chain_i/matched_filter_i/matched_filter_i/prod_i_reg[8] multiplier stage rx_chain_i/matched_filter_i/matched_filter_i/prod_i_reg[8]/P[47:0] is not pipelined (MREG=0). Pipelining the multiplier function will improve performance and will save significant power so it is suggested whenever possible to fully pipeline this function.  If this multiplier was inferred, it is suggested to describe an additional register stage after this function.  If there is no registered adder/accumulator following the multiply function, two pipeline stages are suggested to allow both the MREG and PREG registers to be used.  If the DSP48 was instantiated in the design, it is suggested to set both the MREG and PREG attributes to 1 when performing multiply functions.
Related violations: <none>

DPOP-2#17 Warning
MREG Output pipelining
DSP rx_chain_i/matched_filter_i/matched_filter_i/prod_q_reg[0] multiplier stage rx_chain_i/matched_filter_i/matched_filter_i/prod_q_reg[0]/P[47:0] is not pipelined (MREG=0). Pipelining the multiplier function will improve performance and will save significant power so it is suggested whenever possible to fully pipeline this function.  If this multiplier was inferred, it is suggested to describe an additional register stage after this function.  If there is no registered adder/accumulator following the multiply function, two pipeline stages are suggested to allow both the MREG and PREG registers to be used.  If the DSP48 was instantiated in the design, it is suggested to set both the MREG and PREG attributes to 1 when performing multiply functions.
Related violations: <none>

DPOP-2#18 Warning
MREG Output pipelining
DSP rx_chain_i/matched_filter_i/matched_filter_i/prod_q_reg[10] multiplier stage rx_chain_i/matched_filter_i/matched_filter_i/prod_q_reg[10]/P[47:0] is not pipelined (MREG=0). Pipelining the multiplier function will improve performance and will save significant power so it is suggested whenever possible to fully pipeline this function.  If this multiplier was inferred, it is suggested to describe an additional register stage after this function.  If there is no registered adder/accumulator following the multiply function, two pipeline stages are suggested to allow both the MREG and PREG registers to be used.  If the DSP48 was instantiated in the design, it is suggested to set both the MREG and PREG attributes to 1 when performing multiply functions.
Related violations: <none>

DPOP-2#19 Warning
MREG Output pipelining
DSP rx_chain_i/matched_filter_i/matched_filter_i/prod_q_reg[12] multiplier stage rx_chain_i/matched_filter_i/matched_filter_i/prod_q_reg[12]/P[47:0] is not pipelined (MREG=0). Pipelining the multiplier function will improve performance and will save significant power so it is suggested whenever possible to fully pipeline this function.  If this multiplier was inferred, it is suggested to describe an additional register stage after this function.  If there is no registered adder/accumulator following the multiply function, two pipeline stages are suggested to allow both the MREG and PREG registers to be used.  If the DSP48 was instantiated in the design, it is suggested to set both the MREG and PREG attributes to 1 when performing multiply functions.
Related violations: <none>

DPOP-2#20 Warning
MREG Output pipelining
DSP rx_chain_i/matched_filter_i/matched_filter_i/prod_q_reg[14] multiplier stage rx_chain_i/matched_filter_i/matched_filter_i/prod_q_reg[14]/P[47:0] is not pipelined (MREG=0). Pipelining the multiplier function will improve performance and will save significant power so it is suggested whenever possible to fully pipeline this function.  If this multiplier was inferred, it is suggested to describe an additional register stage after this function.  If there is no registered adder/accumulator following the multiply function, two pipeline stages are suggested to allow both the MREG and PREG registers to be used.  If the DSP48 was instantiated in the design, it is suggested to set both the MREG and PREG attributes to 1 when performing multiply functions.
Related violations: <none>

DPOP-2#21 Warning
MREG Output pipelining
DSP rx_chain_i/matched_filter_i/matched_filter_i/prod_q_reg[16] multiplier stage rx_chain_i/matched_filter_i/matched_filter_i/prod_q_reg[16]/P[47:0] is not pipelined (MREG=0). Pipelining the multiplier function will improve performance and will save significant power so it is suggested whenever possible to fully pipeline this function.  If this multiplier was inferred, it is suggested to describe an additional register stage after this function.  If there is no registered adder/accumulator following the multiply function, two pipeline stages are suggested to allow both the MREG and PREG registers to be used.  If the DSP48 was instantiated in the design, it is suggested to set both the MREG and PREG attributes to 1 when performing multiply functions.
Related violations: <none>

DPOP-2#22 Warning
MREG Output pipelining
DSP rx_chain_i/matched_filter_i/matched_filter_i/prod_q_reg[18] multiplier stage rx_chain_i/matched_filter_i/matched_filter_i/prod_q_reg[18]/P[47:0] is not pipelined (MREG=0). Pipelining the multiplier function will improve performance and will save significant power so it is suggested whenever possible to fully pipeline this function.  If this multiplier was inferred, it is suggested to describe an additional register stage after this function.  If there is no registered adder/accumulator following the multiply function, two pipeline stages are suggested to allow both the MREG and PREG registers to be used.  If the DSP48 was instantiated in the design, it is suggested to set both the MREG and PREG attributes to 1 when performing multiply functions.
Related violations: <none>

DPOP-2#23 Warning
MREG Output pipelining
DSP rx_chain_i/matched_filter_i/matched_filter_i/prod_q_reg[20] multiplier stage rx_chain_i/matched_filter_i/matched_filter_i/prod_q_reg[20]/P[47:0] is not pipelined (MREG=0). Pipelining the multiplier function will improve performance and will save significant power so it is suggested whenever possible to fully pipeline this function.  If this multiplier was inferred, it is suggested to describe an additional register stage after this function.  If there is no registered adder/accumulator following the multiply function, two pipeline stages are suggested to allow both the MREG and PREG registers to be used.  If the DSP48 was instantiated in the design, it is suggested to set both the MREG and PREG attributes to 1 when performing multiply functions.
Related violations: <none>

DPOP-2#24 Warning
MREG Output pipelining
DSP rx_chain_i/matched_filter_i/matched_filter_i/prod_q_reg[22] multiplier stage rx_chain_i/matched_filter_i/matched_filter_i/prod_q_reg[22]/P[47:0] is not pipelined (MREG=0). Pipelining the multiplier function will improve performance and will save significant power so it is suggested whenever possible to fully pipeline this function.  If this multiplier was inferred, it is suggested to describe an additional register stage after this function.  If there is no registered adder/accumulator following the multiply function, two pipeline stages are suggested to allow both the MREG and PREG registers to be used.  If the DSP48 was instantiated in the design, it is suggested to set both the MREG and PREG attributes to 1 when performing multiply functions.
Related violations: <none>

DPOP-2#25 Warning
MREG Output pipelining
DSP rx_chain_i/matched_filter_i/matched_filter_i/prod_q_reg[24] multiplier stage rx_chain_i/matched_filter_i/matched_filter_i/prod_q_reg[24]/P[47:0] is not pipelined (MREG=0). Pipelining the multiplier function will improve performance and will save significant power so it is suggested whenever possible to fully pipeline this function.  If this multiplier was inferred, it is suggested to describe an additional register stage after this function.  If there is no registered adder/accumulator following the multiply function, two pipeline stages are suggested to allow both the MREG and PREG registers to be used.  If the DSP48 was instantiated in the design, it is suggested to set both the MREG and PREG attributes to 1 when performing multiply functions.
Related violations: <none>

DPOP-2#26 Warning
MREG Output pipelining
DSP rx_chain_i/matched_filter_i/matched_filter_i/prod_q_reg[26] multiplier stage rx_chain_i/matched_filter_i/matched_filter_i/prod_q_reg[26]/P[47:0] is not pipelined (MREG=0). Pipelining the multiplier function will improve performance and will save significant power so it is suggested whenever possible to fully pipeline this function.  If this multiplier was inferred, it is suggested to describe an additional register stage after this function.  If there is no registered adder/accumulator following the multiply function, two pipeline stages are suggested to allow both the MREG and PREG registers to be used.  If the DSP48 was instantiated in the design, it is suggested to set both the MREG and PREG attributes to 1 when performing multiply functions.
Related violations: <none>

DPOP-2#27 Warning
MREG Output pipelining
DSP rx_chain_i/matched_filter_i/matched_filter_i/prod_q_reg[28] multiplier stage rx_chain_i/matched_filter_i/matched_filter_i/prod_q_reg[28]/P[47:0] is not pipelined (MREG=0). Pipelining the multiplier function will improve performance and will save significant power so it is suggested whenever possible to fully pipeline this function.  If this multiplier was inferred, it is suggested to describe an additional register stage after this function.  If there is no registered adder/accumulator following the multiply function, two pipeline stages are suggested to allow both the MREG and PREG registers to be used.  If the DSP48 was instantiated in the design, it is suggested to set both the MREG and PREG attributes to 1 when performing multiply functions.
Related violations: <none>

DPOP-2#28 Warning
MREG Output pipelining
DSP rx_chain_i/matched_filter_i/matched_filter_i/prod_q_reg[2] multiplier stage rx_chain_i/matched_filter_i/matched_filter_i/prod_q_reg[2]/P[47:0] is not pipelined (MREG=0). Pipelining the multiplier function will improve performance and will save significant power so it is suggested whenever possible to fully pipeline this function.  If this multiplier was inferred, it is suggested to describe an additional register stage after this function.  If there is no registered adder/accumulator following the multiply function, two pipeline stages are suggested to allow both the MREG and PREG registers to be used.  If the DSP48 was instantiated in the design, it is suggested to set both the MREG and PREG attributes to 1 when performing multiply functions.
Related violations: <none>

DPOP-2#29 Warning
MREG Output pipelining
DSP rx_chain_i/matched_filter_i/matched_filter_i/prod_q_reg[30] multiplier stage rx_chain_i/matched_filter_i/matched_filter_i/prod_q_reg[30]/P[47:0] is not pipelined (MREG=0). Pipelining the multiplier function will improve performance and will save significant power so it is suggested whenever possible to fully pipeline this function.  If this multiplier was inferred, it is suggested to describe an additional register stage after this function.  If there is no registered adder/accumulator following the multiply function, two pipeline stages are suggested to allow both the MREG and PREG registers to be used.  If the DSP48 was instantiated in the design, it is suggested to set both the MREG and PREG attributes to 1 when performing multiply functions.
Related violations: <none>

DPOP-2#30 Warning
MREG Output pipelining
DSP rx_chain_i/matched_filter_i/matched_filter_i/prod_q_reg[4] multiplier stage rx_chain_i/matched_filter_i/matched_filter_i/prod_q_reg[4]/P[47:0] is not pipelined (MREG=0). Pipelining the multiplier function will improve performance and will save significant power so it is suggested whenever possible to fully pipeline this function.  If this multiplier was inferred, it is suggested to describe an additional register stage after this function.  If there is no registered adder/accumulator following the multiply function, two pipeline stages are suggested to allow both the MREG and PREG registers to be used.  If the DSP48 was instantiated in the design, it is suggested to set both the MREG and PREG attributes to 1 when performing multiply functions.
Related violations: <none>

DPOP-2#31 Warning
MREG Output pipelining
DSP rx_chain_i/matched_filter_i/matched_filter_i/prod_q_reg[6] multiplier stage rx_chain_i/matched_filter_i/matched_filter_i/prod_q_reg[6]/P[47:0] is not pipelined (MREG=0). Pipelining the multiplier function will improve performance and will save significant power so it is suggested whenever possible to fully pipeline this function.  If this multiplier was inferred, it is suggested to describe an additional register stage after this function.  If there is no registered adder/accumulator following the multiply function, two pipeline stages are suggested to allow both the MREG and PREG registers to be used.  If the DSP48 was instantiated in the design, it is suggested to set both the MREG and PREG attributes to 1 when performing multiply functions.
Related violations: <none>

DPOP-2#32 Warning
MREG Output pipelining
DSP rx_chain_i/matched_filter_i/matched_filter_i/prod_q_reg[8] multiplier stage rx_chain_i/matched_filter_i/matched_filter_i/prod_q_reg[8]/P[47:0] is not pipelined (MREG=0). Pipelining the multiplier function will improve performance and will save significant power so it is suggested whenever possible to fully pipeline this function.  If this multiplier was inferred, it is suggested to describe an additional register stage after this function.  If there is no registered adder/accumulator following the multiply function, two pipeline stages are suggested to allow both the MREG and PREG registers to be used.  If the DSP48 was instantiated in the design, it is suggested to set both the MREG and PREG attributes to 1 when performing multiply functions.
Related violations: <none>

DPOP-2#33 Warning
MREG Output pipelining
DSP tx_chain_i/tx_fir_i/prod_i_reg[0] multiplier stage tx_chain_i/tx_fir_i/prod_i_reg[0]/P[47:0] is not pipelined (MREG=0). Pipelining the multiplier function will improve performance and will save significant power so it is suggested whenever possible to fully pipeline this function.  If this multiplier was inferred, it is suggested to describe an additional register stage after this function.  If there is no registered adder/accumulator following the multiply function, two pipeline stages are suggested to allow both the MREG and PREG registers to be used.  If the DSP48 was instantiated in the design, it is suggested to set both the MREG and PREG attributes to 1 when performing multiply functions.
Related violations: <none>

DPOP-2#34 Warning
MREG Output pipelining
DSP tx_chain_i/tx_fir_i/prod_i_reg[10] multiplier stage tx_chain_i/tx_fir_i/prod_i_reg[10]/P[47:0] is not pipelined (MREG=0). Pipelining the multiplier function will improve performance and will save significant power so it is suggested whenever possible to fully pipeline this function.  If this multiplier was inferred, it is suggested to describe an additional register stage after this function.  If there is no registered adder/accumulator following the multiply function, two pipeline stages are suggested to allow both the MREG and PREG registers to be used.  If the DSP48 was instantiated in the design, it is suggested to set both the MREG and PREG attributes to 1 when performing multiply functions.
Related violations: <none>

DPOP-2#35 Warning
MREG Output pipelining
DSP tx_chain_i/tx_fir_i/prod_i_reg[12] multiplier stage tx_chain_i/tx_fir_i/prod_i_reg[12]/P[47:0] is not pipelined (MREG=0). Pipelining the multiplier function will improve performance and will save significant power so it is suggested whenever possible to fully pipeline this function.  If this multiplier was inferred, it is suggested to describe an additional register stage after this function.  If there is no registered adder/accumulator following the multiply function, two pipeline stages are suggested to allow both the MREG and PREG registers to be used.  If the DSP48 was instantiated in the design, it is suggested to set both the MREG and PREG attributes to 1 when performing multiply functions.
Related violations: <none>

DPOP-2#36 Warning
MREG Output pipelining
DSP tx_chain_i/tx_fir_i/prod_i_reg[14] multiplier stage tx_chain_i/tx_fir_i/prod_i_reg[14]/P[47:0] is not pipelined (MREG=0). Pipelining the multiplier function will improve performance and will save significant power so it is suggested whenever possible to fully pipeline this function.  If this multiplier was inferred, it is suggested to describe an additional register stage after this function.  If there is no registered adder/accumulator following the multiply function, two pipeline stages are suggested to allow both the MREG and PREG registers to be used.  If the DSP48 was instantiated in the design, it is suggested to set both the MREG and PREG attributes to 1 when performing multiply functions.
Related violations: <none>

DPOP-2#37 Warning
MREG Output pipelining
DSP tx_chain_i/tx_fir_i/prod_i_reg[16] multiplier stage tx_chain_i/tx_fir_i/prod_i_reg[16]/P[47:0] is not pipelined (MREG=0). Pipelining the multiplier function will improve performance and will save significant power so it is suggested whenever possible to fully pipeline this function.  If this multiplier was inferred, it is suggested to describe an additional register stage after this function.  If there is no registered adder/accumulator following the multiply function, two pipeline stages are suggested to allow both the MREG and PREG registers to be used.  If the DSP48 was instantiated in the design, it is suggested to set both the MREG and PREG attributes to 1 when performing multiply functions.
Related violations: <none>

DPOP-2#38 Warning
MREG Output pipelining
DSP tx_chain_i/tx_fir_i/prod_i_reg[18] multiplier stage tx_chain_i/tx_fir_i/prod_i_reg[18]/P[47:0] is not pipelined (MREG=0). Pipelining the multiplier function will improve performance and will save significant power so it is suggested whenever possible to fully pipeline this function.  If this multiplier was inferred, it is suggested to describe an additional register stage after this function.  If there is no registered adder/accumulator following the multiply function, two pipeline stages are suggested to allow both the MREG and PREG registers to be used.  If the DSP48 was instantiated in the design, it is suggested to set both the MREG and PREG attributes to 1 when performing multiply functions.
Related violations: <none>

DPOP-2#39 Warning
MREG Output pipelining
DSP tx_chain_i/tx_fir_i/prod_i_reg[20] multiplier stage tx_chain_i/tx_fir_i/prod_i_reg[20]/P[47:0] is not pipelined (MREG=0). Pipelining the multiplier function will improve performance and will save significant power so it is suggested whenever possible to fully pipeline this function.  If this multiplier was inferred, it is suggested to describe an additional register stage after this function.  If there is no registered adder/accumulator following the multiply function, two pipeline stages are suggested to allow both the MREG and PREG registers to be used.  If the DSP48 was instantiated in the design, it is suggested to set both the MREG and PREG attributes to 1 when performing multiply functions.
Related violations: <none>

DPOP-2#40 Warning
MREG Output pipelining
DSP tx_chain_i/tx_fir_i/prod_i_reg[22] multiplier stage tx_chain_i/tx_fir_i/prod_i_reg[22]/P[47:0] is not pipelined (MREG=0). Pipelining the multiplier function will improve performance and will save significant power so it is suggested whenever possible to fully pipeline this function.  If this multiplier was inferred, it is suggested to describe an additional register stage after this function.  If there is no registered adder/accumulator following the multiply function, two pipeline stages are suggested to allow both the MREG and PREG registers to be used.  If the DSP48 was instantiated in the design, it is suggested to set both the MREG and PREG attributes to 1 when performing multiply functions.
Related violations: <none>

DPOP-2#41 Warning
MREG Output pipelining
DSP tx_chain_i/tx_fir_i/prod_i_reg[24] multiplier stage tx_chain_i/tx_fir_i/prod_i_reg[24]/P[47:0] is not pipelined (MREG=0). Pipelining the multiplier function will improve performance and will save significant power so it is suggested whenever possible to fully pipeline this function.  If this multiplier was inferred, it is suggested to describe an additional register stage after this function.  If there is no registered adder/accumulator following the multiply function, two pipeline stages are suggested to allow both the MREG and PREG registers to be used.  If the DSP48 was instantiated in the design, it is suggested to set both the MREG and PREG attributes to 1 when performing multiply functions.
Related violations: <none>

DPOP-2#42 Warning
MREG Output pipelining
DSP tx_chain_i/tx_fir_i/prod_i_reg[26] multiplier stage tx_chain_i/tx_fir_i/prod_i_reg[26]/P[47:0] is not pipelined (MREG=0). Pipelining the multiplier function will improve performance and will save significant power so it is suggested whenever possible to fully pipeline this function.  If this multiplier was inferred, it is suggested to describe an additional register stage after this function.  If there is no registered adder/accumulator following the multiply function, two pipeline stages are suggested to allow both the MREG and PREG registers to be used.  If the DSP48 was instantiated in the design, it is suggested to set both the MREG and PREG attributes to 1 when performing multiply functions.
Related violations: <none>

DPOP-2#43 Warning
MREG Output pipelining
DSP tx_chain_i/tx_fir_i/prod_i_reg[28] multiplier stage tx_chain_i/tx_fir_i/prod_i_reg[28]/P[47:0] is not pipelined (MREG=0). Pipelining the multiplier function will improve performance and will save significant power so it is suggested whenever possible to fully pipeline this function.  If this multiplier was inferred, it is suggested to describe an additional register stage after this function.  If there is no registered adder/accumulator following the multiply function, two pipeline stages are suggested to allow both the MREG and PREG registers to be used.  If the DSP48 was instantiated in the design, it is suggested to set both the MREG and PREG attributes to 1 when performing multiply functions.
Related violations: <none>

DPOP-2#44 Warning
MREG Output pipelining
DSP tx_chain_i/tx_fir_i/prod_i_reg[2] multiplier stage tx_chain_i/tx_fir_i/prod_i_reg[2]/P[47:0] is not pipelined (MREG=0). Pipelining the multiplier function will improve performance and will save significant power so it is suggested whenever possible to fully pipeline this function.  If this multiplier was inferred, it is suggested to describe an additional register stage after this function.  If there is no registered adder/accumulator following the multiply function, two pipeline stages are suggested to allow both the MREG and PREG registers to be used.  If the DSP48 was instantiated in the design, it is suggested to set both the MREG and PREG attributes to 1 when performing multiply functions.
Related violations: <none>

DPOP-2#45 Warning
MREG Output pipelining
DSP tx_chain_i/tx_fir_i/prod_i_reg[30] multiplier stage tx_chain_i/tx_fir_i/prod_i_reg[30]/P[47:0] is not pipelined (MREG=0). Pipelining the multiplier function will improve performance and will save significant power so it is suggested whenever possible to fully pipeline this function.  If this multiplier was inferred, it is suggested to describe an additional register stage after this function.  If there is no registered adder/accumulator following the multiply function, two pipeline stages are suggested to allow both the MREG and PREG registers to be used.  If the DSP48 was instantiated in the design, it is suggested to set both the MREG and PREG attributes to 1 when performing multiply functions.
Related violations: <none>

DPOP-2#46 Warning
MREG Output pipelining
DSP tx_chain_i/tx_fir_i/prod_i_reg[4] multiplier stage tx_chain_i/tx_fir_i/prod_i_reg[4]/P[47:0] is not pipelined (MREG=0). Pipelining the multiplier function will improve performance and will save significant power so it is suggested whenever possible to fully pipeline this function.  If this multiplier was inferred, it is suggested to describe an additional register stage after this function.  If there is no registered adder/accumulator following the multiply function, two pipeline stages are suggested to allow both the MREG and PREG registers to be used.  If the DSP48 was instantiated in the design, it is suggested to set both the MREG and PREG attributes to 1 when performing multiply functions.
Related violations: <none>

DPOP-2#47 Warning
MREG Output pipelining
DSP tx_chain_i/tx_fir_i/prod_i_reg[6] multiplier stage tx_chain_i/tx_fir_i/prod_i_reg[6]/P[47:0] is not pipelined (MREG=0). Pipelining the multiplier function will improve performance and will save significant power so it is suggested whenever possible to fully pipeline this function.  If this multiplier was inferred, it is suggested to describe an additional register stage after this function.  If there is no registered adder/accumulator following the multiply function, two pipeline stages are suggested to allow both the MREG and PREG registers to be used.  If the DSP48 was instantiated in the design, it is suggested to set both the MREG and PREG attributes to 1 when performing multiply functions.
Related violations: <none>

DPOP-2#48 Warning
MREG Output pipelining
DSP tx_chain_i/tx_fir_i/prod_i_reg[8] multiplier stage tx_chain_i/tx_fir_i/prod_i_reg[8]/P[47:0] is not pipelined (MREG=0). Pipelining the multiplier function will improve performance and will save significant power so it is suggested whenever possible to fully pipeline this function.  If this multiplier was inferred, it is suggested to describe an additional register stage after this function.  If there is no registered adder/accumulator following the multiply function, two pipeline stages are suggested to allow both the MREG and PREG registers to be used.  If the DSP48 was instantiated in the design, it is suggested to set both the MREG and PREG attributes to 1 when performing multiply functions.
Related violations: <none>

DPOP-2#49 Warning
MREG Output pipelining
DSP tx_chain_i/tx_fir_i/prod_q_reg[0] multiplier stage tx_chain_i/tx_fir_i/prod_q_reg[0]/P[47:0] is not pipelined (MREG=0). Pipelining the multiplier function will improve performance and will save significant power so it is suggested whenever possible to fully pipeline this function.  If this multiplier was inferred, it is suggested to describe an additional register stage after this function.  If there is no registered adder/accumulator following the multiply function, two pipeline stages are suggested to allow both the MREG and PREG registers to be used.  If the DSP48 was instantiated in the design, it is suggested to set both the MREG and PREG attributes to 1 when performing multiply functions.
Related violations: <none>

DPOP-2#50 Warning
MREG Output pipelining
DSP tx_chain_i/tx_fir_i/prod_q_reg[10] multiplier stage tx_chain_i/tx_fir_i/prod_q_reg[10]/P[47:0] is not pipelined (MREG=0). Pipelining the multiplier function will improve performance and will save significant power so it is suggested whenever possible to fully pipeline this function.  If this multiplier was inferred, it is suggested to describe an additional register stage after this function.  If there is no registered adder/accumulator following the multiply function, two pipeline stages are suggested to allow both the MREG and PREG registers to be used.  If the DSP48 was instantiated in the design, it is suggested to set both the MREG and PREG attributes to 1 when performing multiply functions.
Related violations: <none>

DPOP-2#51 Warning
MREG Output pipelining
DSP tx_chain_i/tx_fir_i/prod_q_reg[12] multiplier stage tx_chain_i/tx_fir_i/prod_q_reg[12]/P[47:0] is not pipelined (MREG=0). Pipelining the multiplier function will improve performance and will save significant power so it is suggested whenever possible to fully pipeline this function.  If this multiplier was inferred, it is suggested to describe an additional register stage after this function.  If there is no registered adder/accumulator following the multiply function, two pipeline stages are suggested to allow both the MREG and PREG registers to be used.  If the DSP48 was instantiated in the design, it is suggested to set both the MREG and PREG attributes to 1 when performing multiply functions.
Related violations: <none>

DPOP-2#52 Warning
MREG Output pipelining
DSP tx_chain_i/tx_fir_i/prod_q_reg[14] multiplier stage tx_chain_i/tx_fir_i/prod_q_reg[14]/P[47:0] is not pipelined (MREG=0). Pipelining the multiplier function will improve performance and will save significant power so it is suggested whenever possible to fully pipeline this function.  If this multiplier was inferred, it is suggested to describe an additional register stage after this function.  If there is no registered adder/accumulator following the multiply function, two pipeline stages are suggested to allow both the MREG and PREG registers to be used.  If the DSP48 was instantiated in the design, it is suggested to set both the MREG and PREG attributes to 1 when performing multiply functions.
Related violations: <none>

DPOP-2#53 Warning
MREG Output pipelining
DSP tx_chain_i/tx_fir_i/prod_q_reg[16] multiplier stage tx_chain_i/tx_fir_i/prod_q_reg[16]/P[47:0] is not pipelined (MREG=0). Pipelining the multiplier function will improve performance and will save significant power so it is suggested whenever possible to fully pipeline this function.  If this multiplier was inferred, it is suggested to describe an additional register stage after this function.  If there is no registered adder/accumulator following the multiply function, two pipeline stages are suggested to allow both the MREG and PREG registers to be used.  If the DSP48 was instantiated in the design, it is suggested to set both the MREG and PREG attributes to 1 when performing multiply functions.
Related violations: <none>

DPOP-2#54 Warning
MREG Output pipelining
DSP tx_chain_i/tx_fir_i/prod_q_reg[18] multiplier stage tx_chain_i/tx_fir_i/prod_q_reg[18]/P[47:0] is not pipelined (MREG=0). Pipelining the multiplier function will improve performance and will save significant power so it is suggested whenever possible to fully pipeline this function.  If this multiplier was inferred, it is suggested to describe an additional register stage after this function.  If there is no registered adder/accumulator following the multiply function, two pipeline stages are suggested to allow both the MREG and PREG registers to be used.  If the DSP48 was instantiated in the design, it is suggested to set both the MREG and PREG attributes to 1 when performing multiply functions.
Related violations: <none>

DPOP-2#55 Warning
MREG Output pipelining
DSP tx_chain_i/tx_fir_i/prod_q_reg[20] multiplier stage tx_chain_i/tx_fir_i/prod_q_reg[20]/P[47:0] is not pipelined (MREG=0). Pipelining the multiplier function will improve performance and will save significant power so it is suggested whenever possible to fully pipeline this function.  If this multiplier was inferred, it is suggested to describe an additional register stage after this function.  If there is no registered adder/accumulator following the multiply function, two pipeline stages are suggested to allow both the MREG and PREG registers to be used.  If the DSP48 was instantiated in the design, it is suggested to set both the MREG and PREG attributes to 1 when performing multiply functions.
Related violations: <none>

DPOP-2#56 Warning
MREG Output pipelining
DSP tx_chain_i/tx_fir_i/prod_q_reg[22] multiplier stage tx_chain_i/tx_fir_i/prod_q_reg[22]/P[47:0] is not pipelined (MREG=0). Pipelining the multiplier function will improve performance and will save significant power so it is suggested whenever possible to fully pipeline this function.  If this multiplier was inferred, it is suggested to describe an additional register stage after this function.  If there is no registered adder/accumulator following the multiply function, two pipeline stages are suggested to allow both the MREG and PREG registers to be used.  If the DSP48 was instantiated in the design, it is suggested to set both the MREG and PREG attributes to 1 when performing multiply functions.
Related violations: <none>

DPOP-2#57 Warning
MREG Output pipelining
DSP tx_chain_i/tx_fir_i/prod_q_reg[24] multiplier stage tx_chain_i/tx_fir_i/prod_q_reg[24]/P[47:0] is not pipelined (MREG=0). Pipelining the multiplier function will improve performance and will save significant power so it is suggested whenever possible to fully pipeline this function.  If this multiplier was inferred, it is suggested to describe an additional register stage after this function.  If there is no registered adder/accumulator following the multiply function, two pipeline stages are suggested to allow both the MREG and PREG registers to be used.  If the DSP48 was instantiated in the design, it is suggested to set both the MREG and PREG attributes to 1 when performing multiply functions.
Related violations: <none>

DPOP-2#58 Warning
MREG Output pipelining
DSP tx_chain_i/tx_fir_i/prod_q_reg[26] multiplier stage tx_chain_i/tx_fir_i/prod_q_reg[26]/P[47:0] is not pipelined (MREG=0). Pipelining the multiplier function will improve performance and will save significant power so it is suggested whenever possible to fully pipeline this function.  If this multiplier was inferred, it is suggested to describe an additional register stage after this function.  If there is no registered adder/accumulator following the multiply function, two pipeline stages are suggested to allow both the MREG and PREG registers to be used.  If the DSP48 was instantiated in the design, it is suggested to set both the MREG and PREG attributes to 1 when performing multiply functions.
Related violations: <none>

DPOP-2#59 Warning
MREG Output pipelining
DSP tx_chain_i/tx_fir_i/prod_q_reg[28] multiplier stage tx_chain_i/tx_fir_i/prod_q_reg[28]/P[47:0] is not pipelined (MREG=0). Pipelining the multiplier function will improve performance and will save significant power so it is suggested whenever possible to fully pipeline this function.  If this multiplier was inferred, it is suggested to describe an additional register stage after this function.  If there is no registered adder/accumulator following the multiply function, two pipeline stages are suggested to allow both the MREG and PREG registers to be used.  If the DSP48 was instantiated in the design, it is suggested to set both the MREG and PREG attributes to 1 when performing multiply functions.
Related violations: <none>

DPOP-2#60 Warning
MREG Output pipelining
DSP tx_chain_i/tx_fir_i/prod_q_reg[2] multiplier stage tx_chain_i/tx_fir_i/prod_q_reg[2]/P[47:0] is not pipelined (MREG=0). Pipelining the multiplier function will improve performance and will save significant power so it is suggested whenever possible to fully pipeline this function.  If this multiplier was inferred, it is suggested to describe an additional register stage after this function.  If there is no registered adder/accumulator following the multiply function, two pipeline stages are suggested to allow both the MREG and PREG registers to be used.  If the DSP48 was instantiated in the design, it is suggested to set both the MREG and PREG attributes to 1 when performing multiply functions.
Related violations: <none>

DPOP-2#61 Warning
MREG Output pipelining
DSP tx_chain_i/tx_fir_i/prod_q_reg[30] multiplier stage tx_chain_i/tx_fir_i/prod_q_reg[30]/P[47:0] is not pipelined (MREG=0). Pipelining the multiplier function will improve performance and will save significant power so it is suggested whenever possible to fully pipeline this function.  If this multiplier was inferred, it is suggested to describe an additional register stage after this function.  If there is no registered adder/accumulator following the multiply function, two pipeline stages are suggested to allow both the MREG and PREG registers to be used.  If the DSP48 was instantiated in the design, it is suggested to set both the MREG and PREG attributes to 1 when performing multiply functions.
Related violations: <none>

DPOP-2#62 Warning
MREG Output pipelining
DSP tx_chain_i/tx_fir_i/prod_q_reg[4] multiplier stage tx_chain_i/tx_fir_i/prod_q_reg[4]/P[47:0] is not pipelined (MREG=0). Pipelining the multiplier function will improve performance and will save significant power so it is suggested whenever possible to fully pipeline this function.  If this multiplier was inferred, it is suggested to describe an additional register stage after this function.  If there is no registered adder/accumulator following the multiply function, two pipeline stages are suggested to allow both the MREG and PREG registers to be used.  If the DSP48 was instantiated in the design, it is suggested to set both the MREG and PREG attributes to 1 when performing multiply functions.
Related violations: <none>

DPOP-2#63 Warning
MREG Output pipelining
DSP tx_chain_i/tx_fir_i/prod_q_reg[6] multiplier stage tx_chain_i/tx_fir_i/prod_q_reg[6]/P[47:0] is not pipelined (MREG=0). Pipelining the multiplier function will improve performance and will save significant power so it is suggested whenever possible to fully pipeline this function.  If this multiplier was inferred, it is suggested to describe an additional register stage after this function.  If there is no registered adder/accumulator following the multiply function, two pipeline stages are suggested to allow both the MREG and PREG registers to be used.  If the DSP48 was instantiated in the design, it is suggested to set both the MREG and PREG attributes to 1 when performing multiply functions.
Related violations: <none>

DPOP-2#64 Warning
MREG Output pipelining
DSP tx_chain_i/tx_fir_i/prod_q_reg[8] multiplier stage tx_chain_i/tx_fir_i/prod_q_reg[8]/P[47:0] is not pipelined (MREG=0). Pipelining the multiplier function will improve performance and will save significant power so it is suggested whenever possible to fully pipeline this function.  If this multiplier was inferred, it is suggested to describe an additional register stage after this function.  If there is no registered adder/accumulator following the multiply function, two pipeline stages are suggested to allow both the MREG and PREG registers to be used.  If the DSP48 was instantiated in the design, it is suggested to set both the MREG and PREG attributes to 1 when performing multiply functions.
Related violations: <none>

ZPS7-1#1 Warning
PS7 block required
The PS7 cell must be used in this Zynq design in order to enable correct default configuration.
Related violations: <none>
