Copyright 1986-2021 Xilinx, Inc. All Rights Reserved.
---------------------------------------------------------------------------------------------------------------------------------------------------------------------------------------------------
| Tool Version : Vivado v.2021.1 (win64) Build 3247384 Thu Jun 10 19:36:33 MDT 2021
| Date         : normalized
| Host         : normalized
| Command      : report_timing_summary -delay_type max -max_paths 10 -file <output_dir>/bpsk_zynq_ber_top_post_synthesis_timing_summary.rpt
| Design       : bpsk_zynq_ber_top
| Device       : 7z020-clg400
| Speed File   : -2  PRODUCTION 1.12 2019-11-22
---------------------------------------------------------------------------------------------------------------------------------------------------------------------------------------------------

Timing Summary Report

------------------------------------------------------------------------------------------------
| Timer Settings
| --------------
------------------------------------------------------------------------------------------------

  Enable Multi Corner Analysis               :  Yes
  Enable Pessimism Removal                   :  Yes
  Pessimism Removal Resolution               :  Nearest Common Node
  Enable Input Delay Default Clock           :  No
  Enable Preset / Clear Arcs                 :  No
  Disable Flight Delays                      :  No
  Ignore I/O Paths                           :  No
  Timing Early Launch at Borrowing Latches   :  No
  Borrow Time for Max Delay Exceptions       :  Yes
  Merge Timing Exceptions                    :  Yes

  Corner  Analyze    Analyze
  Name    Max Paths  Min Paths
  ------  ---------  ---------
  Slow    Yes        Yes
  Fast    Yes        Yes


------------------------------------------------------------------------------------------------
| Report Methodology
| ------------------
------------------------------------------------------------------------------------------------

No report available as report_methodology has not been run prior. Run report_methodology on the current design for the summary of methodology violations.



check_timing report

Table of Contents
-----------------
1. checking no_clock (0)
2. checking constant_clock (0)
3. checking pulse_width_clock (0)
4. checking unconstrained_internal_endpoints (0)
5. checking no_input_delay (0)
6. checking no_output_delay (0)
7. checking multiple_clock (0)
8. checking generated_clocks (0)
9. checking loops (0)
10. checking partial_input_delay (0)
11. checking partial_output_delay (0)
12. checking latch_loops (0)

1. checking no_clock (0)
------------------------
 There are 0 register/latch pins with no clock.


2. checking constant_clock (0)
------------------------------
 There are 0 register/latch pins with constant_clock.


3. checking pulse_width_clock (0)
---------------------------------
 There are 0 register/latch pins which need pulse_width check


4. checking unconstrained_internal_endpoints (0)
------------------------------------------------
 There are 0 pins that are not constrained for maximum delay.

 There are 0 pins that are not constrained for maximum delay due to constant clock.


5. checking no_input_delay (0)
------------------------------
 There are 0 input ports with no input delay specified.

 There are 0 input ports with no input delay but user has a false path constraint.


6. checking no_output_delay (0)
-------------------------------
 There are 0 ports with no output delay specified.

 There are 0 ports with no output delay but user has a false path constraint

 There are 0 ports with no output delay but with a timing clock defined on it or propagating through it


7. checking multiple_clock (0)
------------------------------
 There are 0 register/latch pins with multiple clocks.


8. checking generated_clocks (0)
--------------------------------
 There are 0 generated clocks that are not connected to a clock source.


9. checking loops (0)
---------------------
 There are 0 combinational loops in the design.


10. checking partial_input_delay (0)
------------------------------------
 There are 0 input ports with partial input delay specified.


11. checking partial_output_delay (0)
-------------------------------------
 There are 0 ports with partial output delay specified.


12. checking latch_loops (0)
----------------------------
 There are 0 combinational latch loops in the design through latch input



------------------------------------------------------------------------------------------------
| Design Timing Summary
| ---------------------
------------------------------------------------------------------------------------------------

    WNS(ns)      TNS(ns)  TNS Failing Endpoints  TNS Total Endpoints     WPWS(ns)     TPWS(ns)  TPWS Failing Endpoints  TPWS Total Endpoints
    -------      -------  ---------------------  -------------------     --------     --------  ----------------------  --------------------
      3.890        0.000                      0                23535        4.500        0.000                       0                  3266


All user specified timing constraints are met.


------------------------------------------------------------------------------------------------
| Clock Summary
| -------------
------------------------------------------------------------------------------------------------

Clock  Waveform(ns)       Period(ns)      Frequency(MHz)
-----  ------------       ----------      --------------
clk    {0.000 5.000}      10.000          100.000


------------------------------------------------------------------------------------------------
| Intra Clock Table
| -----------------
------------------------------------------------------------------------------------------------

Clock             WNS(ns)      TNS(ns)  TNS Failing Endpoints  TNS Total Endpoints     WPWS(ns)     TPWS(ns)  TPWS Failing Endpoints  TPWS Total Endpoints
-----             -------      -------  ---------------------  -------------------     --------     --------  ----------------------  --------------------
clk                 3.890        0.000                      0                23535        4.500        0.000                       0                  3266


------------------------------------------------------------------------------------------------
| Inter Clock Table
| -----------------
------------------------------------------------------------------------------------------------

From Clock    To Clock          WNS(ns)      TNS(ns)  TNS Failing Endpoints  TNS Total Endpoints
----------    --------          -------      -------  ---------------------  -------------------


------------------------------------------------------------------------------------------------
| Other Path Groups Table
| -----------------------
------------------------------------------------------------------------------------------------

Path Group    From Clock    To Clock          WNS(ns)      TNS(ns)  TNS Failing Endpoints  TNS Total Endpoints
----------    ----------    --------          -------      -------  ---------------------  -------------------


------------------------------------------------------------------------------------------------
| Timing Details
| --------------
------------------------------------------------------------------------------------------------


---------------------------------------------------------------------------------------------------
From Clock:  clk
  To Clock:  clk

Setup :            0  Failing Endpoints,  Worst Slack        3.890ns,  Total Violation        0.000ns
Hold  :           NA  Failing Endpoints,  Worst Slack           NA  ,  Total Violation           NA
PW    :            0  Failing Endpoints,  Worst Slack        4.500ns,  Total Violation        0.000ns
---------------------------------------------------------------------------------------------------


Max Delay Paths
--------------------------------------------------------------------------------------
Slack (MET) :             3.890ns  (required time - arrival time)
  Source:                 ber_counter_i/acq_index_reg[4]/C
                            (rising edge-triggered cell FDRE clocked by clk  {rise@0.000ns fall@5.000ns period=10.000ns})
  Destination:            ber_counter_i/lock_preamble_limit_reg_reg[3]/S
                            (rising edge-triggered cell FDSE clocked by clk  {rise@0.000ns fall@5.000ns period=10.000ns})
  Path Group:             clk
  Path Type:              Setup (Max at Slow Process Corner)
  Requirement:            10.000ns  (clk rise@10.000ns - clk rise@0.000ns)
  Data Path Delay:        5.508ns  (logic 2.327ns (42.248%)  route 3.181ns (57.752%))
  Logic Levels:           9  (CARRY4=5 LUT4=1 LUT5=2 LUT6=1)
  Clock Path Skew:        -0.039ns (DCD - SCD + CPR)
    Destination Clock Delay (DCD):    0.748ns = ( 10.748 - 10.000 )
    Source Clock Delay      (SCD):    0.787ns
    Clock Pessimism Removal (CPR):    0.000ns
  Clock Uncertainty:      0.035ns  ((TSJ^2 + TIJ^2)^1/2 + DJ) / 2 + PE
    Total System Jitter     (TSJ):    0.071ns
    Total Input Jitter      (TIJ):    0.000ns
    Discrete Jitter          (DJ):    0.000ns
    Phase Error              (PE):    0.000ns

    Location             Delay type                Incr(ns)  Path(ns)    Netlist Resource(s)
  -------------------------------------------------------------------    -------------------
                         (clock clk rise edge)        0.000     0.000 r
                                                      0.000     0.000 r  clk (IN)
                         net (fo=3265, unset)         0.787     0.787    ber_counter_i/clk
                         FDRE                                         r  ber_counter_i/acq_index_reg[4]/C
  -------------------------------------------------------------------    -------------------
                         FDRE (Prop_fdre_C_Q)         0.303     1.090 r  ber_counter_i/acq_index_reg[4]/Q
                         net (fo=7, unplaced)         0.853     1.943    ber_counter_i/acq_index_reg_n_0_[4]
                         CARRY4 (Prop_carry4_S[3]_CO[3])
                                                      0.546     2.489 r  ber_counter_i/busy2_inferred__0/i__carry/CO[3]
                         net (fo=1, unplaced)         0.008     2.497    ber_counter_i/busy2_inferred__0/i__carry_n_0
                         CARRY4 (Prop_carry4_CI_CO[3])
                                                      0.100     2.597 r  ber_counter_i/busy2_inferred__0/i__carry__0/CO[3]
                         net (fo=1, unplaced)         0.000     2.597    ber_counter_i/busy2_inferred__0/i__carry__0_n_0
                         CARRY4 (Prop_carry4_CI_O[0])
                                                      0.189     2.786 r  ber_counter_i/busy2_inferred__0/i__carry__1/O[0]
                         net (fo=2, unplaced)         0.610     3.396    ber_counter_i/busy2[9]
                         LUT4 (Prop_lut4_I0_O)        0.238     3.634 r  ber_counter_i/i__carry_i_1__10/O
                         net (fo=1, unplaced)         0.000     3.634    ber_counter_i/i__carry_i_1__10_n_0
                         CARRY4 (Prop_carry4_S[3]_CO[3])
                                                      0.314     3.948 r  ber_counter_i/busy1_inferred__0/i__carry/CO[3]
                         net (fo=1, unplaced)         0.008     3.956    ber_counter_i/busy1_inferred__0/i__carry_n_0
                         CARRY4 (Prop_carry4_CI_CO[1])
                                                      0.150     4.106 r  ber_counter_i/busy1_inferred__0/i__carry__0/CO[1]
                         net (fo=5, unplaced)         0.268     4.374    ber_counter_i/busy1_inferred__0/i__carry__0_n_2
                         LUT5 (Prop_lut5_I0_O)        0.277     4.651 r  ber_counter_i/lock_preamble_limit_reg[15]_i_4/O
                         net (fo=1, unplaced)         0.328     4.979    ber_counter_i/lock_preamble_limit_reg[15]_i_4_n_0
                         LUT6 (Prop_lut6_I1_O)        0.105     5.084 r  ber_counter_i/lock_preamble_limit_reg[15]_i_1/O
                         net (fo=24, unplaced)        0.411     5.495    ber_counter_i/lock_preamble_limit_reg[15]_i_1_n_0
                         LUT5 (Prop_lut5_I4_O)        0.105     5.600 r  ber_counter_i/lock_preamble_limit_reg[3]_i_1/O
                         net (fo=14, unplaced)        0.695     6.295    ber_counter_i/lock_preamble_limit_reg[3]_i_1_n_0
                         FDSE                                         r  ber_counter_i/lock_preamble_limit_reg_reg[3]/S
  -------------------------------------------------------------------    -------------------

                         (clock clk rise edge)       10.000    10.000 r
                                                      0.000    10.000 r  clk (IN)
                         net (fo=3265, unset)         0.748    10.748    ber_counter_i/clk
                         FDSE                                         r  ber_counter_i/lock_preamble_limit_reg_reg[3]/C
                         clock pessimism              0.000    10.748
                         clock uncertainty           -0.035    10.712
                         FDSE (Setup_fdse_C_S)       -0.527    10.185    ber_counter_i/lock_preamble_limit_reg_reg[3]
  -------------------------------------------------------------------
                         required time                         10.185
                         arrival time                          -6.295
  -------------------------------------------------------------------
                         slack                                  3.890

Slack (MET) :             3.890ns  (required time - arrival time)
  Source:                 ber_counter_i/acq_index_reg[4]/C
                            (rising edge-triggered cell FDRE clocked by clk  {rise@0.000ns fall@5.000ns period=10.000ns})
  Destination:            ber_counter_i/preamble_limit_reg_reg[10]/S
                            (rising edge-triggered cell FDSE clocked by clk  {rise@0.000ns fall@5.000ns period=10.000ns})
  Path Group:             clk
  Path Type:              Setup (Max at Slow Process Corner)
  Requirement:            10.000ns  (clk rise@10.000ns - clk rise@0.000ns)
  Data Path Delay:        5.508ns  (logic 2.327ns (42.248%)  route 3.181ns (57.752%))
  Logic Levels:           9  (CARRY4=5 LUT4=1 LUT5=2 LUT6=1)
  Clock Path Skew:        -0.039ns (DCD - SCD + CPR)
    Destination Clock Delay (DCD):    0.748ns = ( 10.748 - 10.000 )
    Source Clock Delay      (SCD):    0.787ns
    Clock Pessimism Removal (CPR):    0.000ns
  Clock Uncertainty:      0.035ns  ((TSJ^2 + TIJ^2)^1/2 + DJ) / 2 + PE
    Total System Jitter     (TSJ):    0.071ns
    Total Input Jitter      (TIJ):    0.000ns
    Discrete Jitter          (DJ):    0.000ns
    Phase Error              (PE):    0.000ns

    Location             Delay type                Incr(ns)  Path(ns)    Netlist Resource(s)
  -------------------------------------------------------------------    -------------------
                         (clock clk rise edge)        0.000     0.000 r
                                                      0.000     0.000 r  clk (IN)
                         net (fo=3265, unset)         0.787     0.787    ber_counter_i/clk
                         FDRE                                         r  ber_counter_i/acq_index_reg[4]/C
  -------------------------------------------------------------------    -------------------
                         FDRE (Prop_fdre_C_Q)         0.303     1.090 r  ber_counter_i/acq_index_reg[4]/Q
                         net (fo=7, unplaced)         0.853     1.943    ber_counter_i/acq_index_reg_n_0_[4]
                         CARRY4 (Prop_carry4_S[3]_CO[3])
                                                      0.546     2.489 r  ber_counter_i/busy2_inferred__0/i__carry/CO[3]
                         net (fo=1, unplaced)         0.008     2.497    ber_counter_i/busy2_inferred__0/i__carry_n_0
                         CARRY4 (Prop_carry4_CI_CO[3])
                                                      0.100     2.597 r  ber_counter_i/busy2_inferred__0/i__carry__0/CO[3]
                         net (fo=1, unplaced)         0.000     2.597    ber_counter_i/busy2_inferred__0/i__carry__0_n_0
                         CARRY4 (Prop_carry4_CI_O[0])
                                                      0.189     2.786 r  ber_counter_i/busy2_inferred__0/i__carry__1/O[0]
                         net (fo=2, unplaced)         0.610     3.396    ber_counter_i/busy2[9]
                         LUT4 (Prop_lut4_I0_O)        0.238     3.634 r  ber_counter_i/i__carry_i_1__10/O
                         net (fo=1, unplaced)         0.000     3.634    ber_counter_i/i__carry_i_1__10_n_0
                         CARRY4 (Prop_carry4_S[3]_CO[3])
                                                      0.314     3.948 r  ber_counter_i/busy1_inferred__0/i__carry/CO[3]
                         net (fo=1, unplaced)         0.008     3.956    ber_counter_i/busy1_inferred__0/i__carry_n_0
                         CARRY4 (Prop_carry4_CI_CO[1])
                                                      0.150     4.106 r  ber_counter_i/busy1_inferred__0/i__carry__0/CO[1]
                         net (fo=5, unplaced)         0.268     4.374    ber_counter_i/busy1_inferred__0/i__carry__0_n_2
                         LUT5 (Prop_lut5_I0_O)        0.277     4.651 r  ber_counter_i/lock_preamble_limit_reg[15]_i_4/O
                         net (fo=1, unplaced)         0.328     4.979    ber_counter_i/lock_preamble_limit_reg[15]_i_4_n_0
                         LUT6 (Prop_lut6_I1_O)        0.105     5.084 r  ber_counter_i/lock_preamble_limit_reg[15]_i_1/O
                         net (fo=24, unplaced)        0.411     5.495    ber_counter_i/lock_preamble_limit_reg[15]_i_1_n_0
                         LUT5 (Prop_lut5_I4_O)        0.105     5.600 r  ber_counter_i/lock_preamble_limit_reg[3]_i_1/O
                         net (fo=14, unplaced)        0.695     6.295    ber_counter_i/lock_preamble_limit_reg[3]_i_1_n_0
                         FDSE                                         r  ber_counter_i/preamble_limit_reg_reg[10]/S
  -------------------------------------------------------------------    -------------------

                         (clock clk rise edge)       10.000    10.000 r
                                                      0.000    10.000 r  clk (IN)
                         net (fo=3265, unset)         0.748    10.748    ber_counter_i/clk
                         FDSE                                         r  ber_counter_i/preamble_limit_reg_reg[10]/C
                         clock pessimism              0.000    10.748
                         clock uncertainty           -0.035    10.712
                         FDSE (Setup_fdse_C_S)       -0.527    10.185    ber_counter_i/preamble_limit_reg_reg[10]
  -------------------------------------------------------------------
                         required time                         10.185
                         arrival time                          -6.295
  -------------------------------------------------------------------
                         slack                                  3.890

Slack (MET) :             3.890ns  (required time - arrival time)
  Source:                 ber_counter_i/acq_index_reg[4]/C
                            (rising edge-triggered cell FDRE clocked by clk  {rise@0.000ns fall@5.000ns period=10.000ns})
  Destination:            ber_counter_i/preamble_limit_reg_reg[11]/S
                            (rising edge-triggered cell FDSE clocked by clk  {rise@0.000ns fall@5.000ns period=10.000ns})
  Path Group:             clk
  Path Type:              Setup (Max at Slow Process Corner)
  Requirement:            10.000ns  (clk rise@10.000ns - clk rise@0.000ns)
  Data Path Delay:        5.508ns  (logic 2.327ns (42.248%)  route 3.181ns (57.752%))
  Logic Levels:           9  (CARRY4=5 LUT4=1 LUT5=2 LUT6=1)
  Clock Path Skew:        -0.039ns (DCD - SCD + CPR)
    Destination Clock Delay (DCD):    0.748ns = ( 10.748 - 10.000 )
    Source Clock Delay      (SCD):    0.787ns
    Clock Pessimism Removal (CPR):    0.000ns
  Clock Uncertainty:      0.035ns  ((TSJ^2 + TIJ^2)^1/2 + DJ) / 2 + PE
    Total System Jitter     (TSJ):    0.071ns
    Total Input Jitter      (TIJ):    0.000ns
    Discrete Jitter          (DJ):    0.000ns
    Phase Error              (PE):    0.000ns

    Location             Delay type                Incr(ns)  Path(ns)    Netlist Resource(s)
  -------------------------------------------------------------------    -------------------
                         (clock clk rise edge)        0.000     0.000 r
                                                      0.000     0.000 r  clk (IN)
                         net (fo=3265, unset)         0.787     0.787    ber_counter_i/clk
                         FDRE                                         r  ber_counter_i/acq_index_reg[4]/C
  -------------------------------------------------------------------    -------------------
                         FDRE (Prop_fdre_C_Q)         0.303     1.090 r  ber_counter_i/acq_index_reg[4]/Q
                         net (fo=7, unplaced)         0.853     1.943    ber_counter_i/acq_index_reg_n_0_[4]
                         CARRY4 (Prop_carry4_S[3]_CO[3])
                                                      0.546     2.489 r  ber_counter_i/busy2_inferred__0/i__carry/CO[3]
                         net (fo=1, unplaced)         0.008     2.497    ber_counter_i/busy2_inferred__0/i__carry_n_0
                         CARRY4 (Prop_carry4_CI_CO[3])
                                                      0.100     2.597 r  ber_counter_i/busy2_inferred__0/i__carry__0/CO[3]
                         net (fo=1, unplaced)         0.000     2.597    ber_counter_i/busy2_inferred__0/i__carry__0_n_0
                         CARRY4 (Prop_carry4_CI_O[0])
                                                      0.189     2.786 r  ber_counter_i/busy2_inferred__0/i__carry__1/O[0]
                         net (fo=2, unplaced)         0.610     3.396    ber_counter_i/busy2[9]
                         LUT4 (Prop_lut4_I0_O)        0.238     3.634 r  ber_counter_i/i__carry_i_1__10/O
                         net (fo=1, unplaced)         0.000     3.634    ber_counter_i/i__carry_i_1__10_n_0
                         CARRY4 (Prop_carry4_S[3]_CO[3])
                                                      0.314     3.948 r  ber_counter_i/busy1_inferred__0/i__carry/CO[3]
                         net (fo=1, unplaced)         0.008     3.956    ber_counter_i/busy1_inferred__0/i__carry_n_0
                         CARRY4 (Prop_carry4_CI_CO[1])
                                                      0.150     4.106 r  ber_counter_i/busy1_inferred__0/i__carry__0/CO[1]
                         net (fo=5, unplaced)         0.268     4.374    ber_counter_i/busy1_inferred__0/i__carry__0_n_2
                         LUT5 (Prop_lut5_I0_O)        0.277     4.651 r  ber_counter_i/lock_preamble_limit_reg[15]_i_4/O
                         net (fo=1, unplaced)         0.328     4.979    ber_counter_i/lock_preamble_limit_reg[15]_i_4_n_0
                         LUT6 (Prop_lut6_I1_O)        0.105     5.084 r  ber_counter_i/lock_preamble_limit_reg[15]_i_1/O
                         net (fo=24, unplaced)        0.411     5.495    ber_counter_i/lock_preamble_limit_reg[15]_i_1_n_0
                         LUT5 (Prop_lut5_I4_O)        0.105     5.600 r  ber_counter_i/lock_preamble_limit_reg[3]_i_1/O
                         net (fo=14, unplaced)        0.695     6.295    ber_counter_i/lock_preamble_limit_reg[3]_i_1_n_0
                         FDSE                                         r  ber_counter_i/preamble_limit_reg_reg[11]/S
  -------------------------------------------------------------------    -------------------

                         (clock clk rise edge)       10.000    10.000 r
                                                      0.000    10.000 r  clk (IN)
                         net (fo=3265, unset)         0.748    10.748    ber_counter_i/clk
                         FDSE                                         r  ber_counter_i/preamble_limit_reg_reg[11]/C
                         clock pessimism              0.000    10.748
                         clock uncertainty           -0.035    10.712
                         FDSE (Setup_fdse_C_S)       -0.527    10.185    ber_counter_i/preamble_limit_reg_reg[11]
  -------------------------------------------------------------------
                         required time                         10.185
                         arrival time                          -6.295
  -------------------------------------------------------------------
                         slack                                  3.890

Slack (MET) :             3.890ns  (required time - arrival time)
  Source:                 ber_counter_i/acq_index_reg[4]/C
                            (rising edge-triggered cell FDRE clocked by clk  {rise@0.000ns fall@5.000ns period=10.000ns})
  Destination:            ber_counter_i/preamble_limit_reg_reg[12]/S
                            (rising edge-triggered cell FDSE clocked by clk  {rise@0.000ns fall@5.000ns period=10.000ns})
  Path Group:             clk
  Path Type:              Setup (Max at Slow Process Corner)
  Requirement:            10.000ns  (clk rise@10.000ns - clk rise@0.000ns)
  Data Path Delay:        5.508ns  (logic 2.327ns (42.248%)  route 3.181ns (57.752%))
  Logic Levels:           9  (CARRY4=5 LUT4=1 LUT5=2 LUT6=1)
  Clock Path Skew:        -0.039ns (DCD - SCD + CPR)
    Destination Clock Delay (DCD):    0.748ns = ( 10.748 - 10.000 )
    Source Clock Delay      (SCD):    0.787ns
    Clock Pessimism Removal (CPR):    0.000ns
  Clock Uncertainty:      0.035ns  ((TSJ^2 + TIJ^2)^1/2 + DJ) / 2 + PE
    Total System Jitter     (TSJ):    0.071ns
    Total Input Jitter      (TIJ):    0.000ns
    Discrete Jitter          (DJ):    0.000ns
    Phase Error              (PE):    0.000ns

    Location             Delay type                Incr(ns)  Path(ns)    Netlist Resource(s)
  -------------------------------------------------------------------    -------------------
                         (clock clk rise edge)        0.000     0.000 r
                                                      0.000     0.000 r  clk (IN)
                         net (fo=3265, unset)         0.787     0.787    ber_counter_i/clk
                         FDRE                                         r  ber_counter_i/acq_index_reg[4]/C
  -------------------------------------------------------------------    -------------------
                         FDRE (Prop_fdre_C_Q)         0.303     1.090 r  ber_counter_i/acq_index_reg[4]/Q
                         net (fo=7, unplaced)         0.853     1.943    ber_counter_i/acq_index_reg_n_0_[4]
                         CARRY4 (Prop_carry4_S[3]_CO[3])
                                                      0.546     2.489 r  ber_counter_i/busy2_inferred__0/i__carry/CO[3]
                         net (fo=1, unplaced)         0.008     2.497    ber_counter_i/busy2_inferred__0/i__carry_n_0
                         CARRY4 (Prop_carry4_CI_CO[3])
                                                      0.100     2.597 r  ber_counter_i/busy2_inferred__0/i__carry__0/CO[3]
                         net (fo=1, unplaced)         0.000     2.597    ber_counter_i/busy2_inferred__0/i__carry__0_n_0
                         CARRY4 (Prop_carry4_CI_O[0])
                                                      0.189     2.786 r  ber_counter_i/busy2_inferred__0/i__carry__1/O[0]
                         net (fo=2, unplaced)         0.610     3.396    ber_counter_i/busy2[9]
                         LUT4 (Prop_lut4_I0_O)        0.238     3.634 r  ber_counter_i/i__carry_i_1__10/O
                         net (fo=1, unplaced)         0.000     3.634    ber_counter_i/i__carry_i_1__10_n_0
                         CARRY4 (Prop_carry4_S[3]_CO[3])
                                                      0.314     3.948 r  ber_counter_i/busy1_inferred__0/i__carry/CO[3]
                         net (fo=1, unplaced)         0.008     3.956    ber_counter_i/busy1_inferred__0/i__carry_n_0
                         CARRY4 (Prop_carry4_CI_CO[1])
                                                      0.150     4.106 r  ber_counter_i/busy1_inferred__0/i__carry__0/CO[1]
                         net (fo=5, unplaced)         0.268     4.374    ber_counter_i/busy1_inferred__0/i__carry__0_n_2
                         LUT5 (Prop_lut5_I0_O)        0.277     4.651 r  ber_counter_i/lock_preamble_limit_reg[15]_i_4/O
                         net (fo=1, unplaced)         0.328     4.979    ber_counter_i/lock_preamble_limit_reg[15]_i_4_n_0
                         LUT6 (Prop_lut6_I1_O)        0.105     5.084 r  ber_counter_i/lock_preamble_limit_reg[15]_i_1/O
                         net (fo=24, unplaced)        0.411     5.495    ber_counter_i/lock_preamble_limit_reg[15]_i_1_n_0
                         LUT5 (Prop_lut5_I4_O)        0.105     5.600 r  ber_counter_i/lock_preamble_limit_reg[3]_i_1/O
                         net (fo=14, unplaced)        0.695     6.295    ber_counter_i/lock_preamble_limit_reg[3]_i_1_n_0
                         FDSE                                         r  ber_counter_i/preamble_limit_reg_reg[12]/S
  -------------------------------------------------------------------    -------------------

                         (clock clk rise edge)       10.000    10.000 r
                                                      0.000    10.000 r  clk (IN)
                         net (fo=3265, unset)         0.748    10.748    ber_counter_i/clk
                         FDSE                                         r  ber_counter_i/preamble_limit_reg_reg[12]/C
                         clock pessimism              0.000    10.748
                         clock uncertainty           -0.035    10.712
                         FDSE (Setup_fdse_C_S)       -0.527    10.185    ber_counter_i/preamble_limit_reg_reg[12]
  -------------------------------------------------------------------
                         required time                         10.185
                         arrival time                          -6.295
  -------------------------------------------------------------------
                         slack                                  3.890

Slack (MET) :             3.890ns  (required time - arrival time)
  Source:                 ber_counter_i/acq_index_reg[4]/C
                            (rising edge-triggered cell FDRE clocked by clk  {rise@0.000ns fall@5.000ns period=10.000ns})
  Destination:            ber_counter_i/preamble_limit_reg_reg[13]/S
                            (rising edge-triggered cell FDSE clocked by clk  {rise@0.000ns fall@5.000ns period=10.000ns})
  Path Group:             clk
  Path Type:              Setup (Max at Slow Process Corner)
  Requirement:            10.000ns  (clk rise@10.000ns - clk rise@0.000ns)
  Data Path Delay:        5.508ns  (logic 2.327ns (42.248%)  route 3.181ns (57.752%))
  Logic Levels:           9  (CARRY4=5 LUT4=1 LUT5=2 LUT6=1)
  Clock Path Skew:        -0.039ns (DCD - SCD + CPR)
    Destination Clock Delay (DCD):    0.748ns = ( 10.748 - 10.000 )
    Source Clock Delay      (SCD):    0.787ns
    Clock Pessimism Removal (CPR):    0.000ns
  Clock Uncertainty:      0.035ns  ((TSJ^2 + TIJ^2)^1/2 + DJ) / 2 + PE
    Total System Jitter     (TSJ):    0.071ns
    Total Input Jitter      (TIJ):    0.000ns
    Discrete Jitter          (DJ):    0.000ns
    Phase Error              (PE):    0.000ns

    Location             Delay type                Incr(ns)  Path(ns)    Netlist Resource(s)
  -------------------------------------------------------------------    -------------------
                         (clock clk rise edge)        0.000     0.000 r
                                                      0.000     0.000 r  clk (IN)
                         net (fo=3265, unset)         0.787     0.787    ber_counter_i/clk
                         FDRE                                         r  ber_counter_i/acq_index_reg[4]/C
  -------------------------------------------------------------------    -------------------
                         FDRE (Prop_fdre_C_Q)         0.303     1.090 r  ber_counter_i/acq_index_reg[4]/Q
                         net (fo=7, unplaced)         0.853     1.943    ber_counter_i/acq_index_reg_n_0_[4]
                         CARRY4 (Prop_carry4_S[3]_CO[3])
                                                      0.546     2.489 r  ber_counter_i/busy2_inferred__0/i__carry/CO[3]
                         net (fo=1, unplaced)         0.008     2.497    ber_counter_i/busy2_inferred__0/i__carry_n_0
                         CARRY4 (Prop_carry4_CI_CO[3])
                                                      0.100     2.597 r  ber_counter_i/busy2_inferred__0/i__carry__0/CO[3]
                         net (fo=1, unplaced)         0.000     2.597    ber_counter_i/busy2_inferred__0/i__carry__0_n_0
                         CARRY4 (Prop_carry4_CI_O[0])
                                                      0.189     2.786 r  ber_counter_i/busy2_inferred__0/i__carry__1/O[0]
                         net (fo=2, unplaced)         0.610     3.396    ber_counter_i/busy2[9]
                         LUT4 (Prop_lut4_I0_O)        0.238     3.634 r  ber_counter_i/i__carry_i_1__10/O
                         net (fo=1, unplaced)         0.000     3.634    ber_counter_i/i__carry_i_1__10_n_0
                         CARRY4 (Prop_carry4_S[3]_CO[3])
                                                      0.314     3.948 r  ber_counter_i/busy1_inferred__0/i__carry/CO[3]
                         net (fo=1, unplaced)         0.008     3.956    ber_counter_i/busy1_inferred__0/i__carry_n_0
                         CARRY4 (Prop_carry4_CI_CO[1])
                                                      0.150     4.106 r  ber_counter_i/busy1_inferred__0/i__carry__0/CO[1]
                         net (fo=5, unplaced)         0.268     4.374    ber_counter_i/busy1_inferred__0/i__carry__0_n_2
                         LUT5 (Prop_lut5_I0_O)        0.277     4.651 r  ber_counter_i/lock_preamble_limit_reg[15]_i_4/O
                         net (fo=1, unplaced)         0.328     4.979    ber_counter_i/lock_preamble_limit_reg[15]_i_4_n_0
                         LUT6 (Prop_lut6_I1_O)        0.105     5.084 r  ber_counter_i/lock_preamble_limit_reg[15]_i_1/O
                         net (fo=24, unplaced)        0.411     5.495    ber_counter_i/lock_preamble_limit_reg[15]_i_1_n_0
                         LUT5 (Prop_lut5_I4_O)        0.105     5.600 r  ber_counter_i/lock_preamble_limit_reg[3]_i_1/O
                         net (fo=14, unplaced)        0.695     6.295    ber_counter_i/lock_preamble_limit_reg[3]_i_1_n_0
                         FDSE                                         r  ber_counter_i/preamble_limit_reg_reg[13]/S
  -------------------------------------------------------------------    -------------------

                         (clock clk rise edge)       10.000    10.000 r
                                                      0.000    10.000 r  clk (IN)
                         net (fo=3265, unset)         0.748    10.748    ber_counter_i/clk
                         FDSE                                         r  ber_counter_i/preamble_limit_reg_reg[13]/C
                         clock pessimism              0.000    10.748
                         clock uncertainty           -0.035    10.712
                         FDSE (Setup_fdse_C_S)       -0.527    10.185    ber_counter_i/preamble_limit_reg_reg[13]
  -------------------------------------------------------------------
                         required time                         10.185
                         arrival time                          -6.295
  -------------------------------------------------------------------
                         slack                                  3.890

Slack (MET) :             3.890ns  (required time - arrival time)
  Source:                 ber_counter_i/acq_index_reg[4]/C
                            (rising edge-triggered cell FDRE clocked by clk  {rise@0.000ns fall@5.000ns period=10.000ns})
  Destination:            ber_counter_i/preamble_limit_reg_reg[14]/S
                            (rising edge-triggered cell FDSE clocked by clk  {rise@0.000ns fall@5.000ns period=10.000ns})
  Path Group:             clk
  Path Type:              Setup (Max at Slow Process Corner)
  Requirement:            10.000ns  (clk rise@10.000ns - clk rise@0.000ns)
  Data Path Delay:        5.508ns  (logic 2.327ns (42.248%)  route 3.181ns (57.752%))
  Logic Levels:           9  (CARRY4=5 LUT4=1 LUT5=2 LUT6=1)
  Clock Path Skew:        -0.039ns (DCD - SCD + CPR)
    Destination Clock Delay (DCD):    0.748ns = ( 10.748 - 10.000 )
    Source Clock Delay      (SCD):    0.787ns
    Clock Pessimism Removal (CPR):    0.000ns
  Clock Uncertainty:      0.035ns  ((TSJ^2 + TIJ^2)^1/2 + DJ) / 2 + PE
    Total System Jitter     (TSJ):    0.071ns
    Total Input Jitter      (TIJ):    0.000ns
    Discrete Jitter          (DJ):    0.000ns
    Phase Error              (PE):    0.000ns

    Location             Delay type                Incr(ns)  Path(ns)    Netlist Resource(s)
  -------------------------------------------------------------------    -------------------
                         (clock clk rise edge)        0.000     0.000 r
                                                      0.000     0.000 r  clk (IN)
                         net (fo=3265, unset)         0.787     0.787    ber_counter_i/clk
                         FDRE                                         r  ber_counter_i/acq_index_reg[4]/C
  -------------------------------------------------------------------    -------------------
                         FDRE (Prop_fdre_C_Q)         0.303     1.090 r  ber_counter_i/acq_index_reg[4]/Q
                         net (fo=7, unplaced)         0.853     1.943    ber_counter_i/acq_index_reg_n_0_[4]
                         CARRY4 (Prop_carry4_S[3]_CO[3])
                                                      0.546     2.489 r  ber_counter_i/busy2_inferred__0/i__carry/CO[3]
                         net (fo=1, unplaced)         0.008     2.497    ber_counter_i/busy2_inferred__0/i__carry_n_0
                         CARRY4 (Prop_carry4_CI_CO[3])
                                                      0.100     2.597 r  ber_counter_i/busy2_inferred__0/i__carry__0/CO[3]
                         net (fo=1, unplaced)         0.000     2.597    ber_counter_i/busy2_inferred__0/i__carry__0_n_0
                         CARRY4 (Prop_carry4_CI_O[0])
                                                      0.189     2.786 r  ber_counter_i/busy2_inferred__0/i__carry__1/O[0]
                         net (fo=2, unplaced)         0.610     3.396    ber_counter_i/busy2[9]
                         LUT4 (Prop_lut4_I0_O)        0.238     3.634 r  ber_counter_i/i__carry_i_1__10/O
                         net (fo=1, unplaced)         0.000     3.634    ber_counter_i/i__carry_i_1__10_n_0
                         CARRY4 (Prop_carry4_S[3]_CO[3])
                                                      0.314     3.948 r  ber_counter_i/busy1_inferred__0/i__carry/CO[3]
                         net (fo=1, unplaced)         0.008     3.956    ber_counter_i/busy1_inferred__0/i__carry_n_0
                         CARRY4 (Prop_carry4_CI_CO[1])
                                                      0.150     4.106 r  ber_counter_i/busy1_inferred__0/i__carry__0/CO[1]
                         net (fo=5, unplaced)         0.268     4.374    ber_counter_i/busy1_inferred__0/i__carry__0_n_2
                         LUT5 (Prop_lut5_I0_O)        0.277     4.651 r  ber_counter_i/lock_preamble_limit_reg[15]_i_4/O
                         net (fo=1, unplaced)         0.328     4.979    ber_counter_i/lock_preamble_limit_reg[15]_i_4_n_0
                         LUT6 (Prop_lut6_I1_O)        0.105     5.084 r  ber_counter_i/lock_preamble_limit_reg[15]_i_1/O
                         net (fo=24, unplaced)        0.411     5.495    ber_counter_i/lock_preamble_limit_reg[15]_i_1_n_0
                         LUT5 (Prop_lut5_I4_O)        0.105     5.600 r  ber_counter_i/lock_preamble_limit_reg[3]_i_1/O
                         net (fo=14, unplaced)        0.695     6.295    ber_counter_i/lock_preamble_limit_reg[3]_i_1_n_0
                         FDSE                                         r  ber_counter_i/preamble_limit_reg_reg[14]/S
  -------------------------------------------------------------------    -------------------

                         (clock clk rise edge)       10.000    10.000 r
                                                      0.000    10.000 r  clk (IN)
                         net (fo=3265, unset)         0.748    10.748    ber_counter_i/clk
                         FDSE                                         r  ber_counter_i/preamble_limit_reg_reg[14]/C
                         clock pessimism              0.000    10.748
                         clock uncertainty           -0.035    10.712
                         FDSE (Setup_fdse_C_S)       -0.527    10.185    ber_counter_i/preamble_limit_reg_reg[14]
  -------------------------------------------------------------------
                         required time                         10.185
                         arrival time                          -6.295
  -------------------------------------------------------------------
                         slack                                  3.890

Slack (MET) :             3.890ns  (required time - arrival time)
  Source:                 ber_counter_i/acq_index_reg[4]/C
                            (rising edge-triggered cell FDRE clocked by clk  {rise@0.000ns fall@5.000ns period=10.000ns})
  Destination:            ber_counter_i/preamble_limit_reg_reg[15]/S
                            (rising edge-triggered cell FDSE clocked by clk  {rise@0.000ns fall@5.000ns period=10.000ns})
  Path Group:             clk
  Path Type:              Setup (Max at Slow Process Corner)
  Requirement:            10.000ns  (clk rise@10.000ns - clk rise@0.000ns)
  Data Path Delay:        5.508ns  (logic 2.327ns (42.248%)  route 3.181ns (57.752%))
  Logic Levels:           9  (CARRY4=5 LUT4=1 LUT5=2 LUT6=1)
  Clock Path Skew:        -0.039ns (DCD - SCD + CPR)
    Destination Clock Delay (DCD):    0.748ns = ( 10.748 - 10.000 )
    Source Clock Delay      (SCD):    0.787ns
    Clock Pessimism Removal (CPR):    0.000ns
  Clock Uncertainty:      0.035ns  ((TSJ^2 + TIJ^2)^1/2 + DJ) / 2 + PE
    Total System Jitter     (TSJ):    0.071ns
    Total Input Jitter      (TIJ):    0.000ns
    Discrete Jitter          (DJ):    0.000ns
    Phase Error              (PE):    0.000ns

    Location             Delay type                Incr(ns)  Path(ns)    Netlist Resource(s)
  -------------------------------------------------------------------    -------------------
                         (clock clk rise edge)        0.000     0.000 r
                                                      0.000     0.000 r  clk (IN)
                         net (fo=3265, unset)         0.787     0.787    ber_counter_i/clk
                         FDRE                                         r  ber_counter_i/acq_index_reg[4]/C
  -------------------------------------------------------------------    -------------------
                         FDRE (Prop_fdre_C_Q)         0.303     1.090 r  ber_counter_i/acq_index_reg[4]/Q
                         net (fo=7, unplaced)         0.853     1.943    ber_counter_i/acq_index_reg_n_0_[4]
                         CARRY4 (Prop_carry4_S[3]_CO[3])
                                                      0.546     2.489 r  ber_counter_i/busy2_inferred__0/i__carry/CO[3]
                         net (fo=1, unplaced)         0.008     2.497    ber_counter_i/busy2_inferred__0/i__carry_n_0
                         CARRY4 (Prop_carry4_CI_CO[3])
                                                      0.100     2.597 r  ber_counter_i/busy2_inferred__0/i__carry__0/CO[3]
                         net (fo=1, unplaced)         0.000     2.597    ber_counter_i/busy2_inferred__0/i__carry__0_n_0
                         CARRY4 (Prop_carry4_CI_O[0])
                                                      0.189     2.786 r  ber_counter_i/busy2_inferred__0/i__carry__1/O[0]
                         net (fo=2, unplaced)         0.610     3.396    ber_counter_i/busy2[9]
                         LUT4 (Prop_lut4_I0_O)        0.238     3.634 r  ber_counter_i/i__carry_i_1__10/O
                         net (fo=1, unplaced)         0.000     3.634    ber_counter_i/i__carry_i_1__10_n_0
                         CARRY4 (Prop_carry4_S[3]_CO[3])
                                                      0.314     3.948 r  ber_counter_i/busy1_inferred__0/i__carry/CO[3]
                         net (fo=1, unplaced)         0.008     3.956    ber_counter_i/busy1_inferred__0/i__carry_n_0
                         CARRY4 (Prop_carry4_CI_CO[1])
                                                      0.150     4.106 r  ber_counter_i/busy1_inferred__0/i__carry__0/CO[1]
                         net (fo=5, unplaced)         0.268     4.374    ber_counter_i/busy1_inferred__0/i__carry__0_n_2
                         LUT5 (Prop_lut5_I0_O)        0.277     4.651 r  ber_counter_i/lock_preamble_limit_reg[15]_i_4/O
                         net (fo=1, unplaced)         0.328     4.979    ber_counter_i/lock_preamble_limit_reg[15]_i_4_n_0
                         LUT6 (Prop_lut6_I1_O)        0.105     5.084 r  ber_counter_i/lock_preamble_limit_reg[15]_i_1/O
                         net (fo=24, unplaced)        0.411     5.495    ber_counter_i/lock_preamble_limit_reg[15]_i_1_n_0
                         LUT5 (Prop_lut5_I4_O)        0.105     5.600 r  ber_counter_i/lock_preamble_limit_reg[3]_i_1/O
                         net (fo=14, unplaced)        0.695     6.295    ber_counter_i/lock_preamble_limit_reg[3]_i_1_n_0
                         FDSE                                         r  ber_counter_i/preamble_limit_reg_reg[15]/S
  -------------------------------------------------------------------    -------------------

                         (clock clk rise edge)       10.000    10.000 r
                                                      0.000    10.000 r  clk (IN)
                         net (fo=3265, unset)         0.748    10.748    ber_counter_i/clk
                         FDSE                                         r  ber_counter_i/preamble_limit_reg_reg[15]/C
                         clock pessimism              0.000    10.748
                         clock uncertainty           -0.035    10.712
                         FDSE (Setup_fdse_C_S)       -0.527    10.185    ber_counter_i/preamble_limit_reg_reg[15]
  -------------------------------------------------------------------
                         required time                         10.185
                         arrival time                          -6.295
  -------------------------------------------------------------------
                         slack                                  3.890

Slack (MET) :             3.890ns  (required time - arrival time)
  Source:                 ber_counter_i/acq_index_reg[4]/C
                            (rising edge-triggered cell FDRE clocked by clk  {rise@0.000ns fall@5.000ns period=10.000ns})
  Destination:            ber_counter_i/preamble_limit_reg_reg[3]/S
                            (rising edge-triggered cell FDSE clocked by clk  {rise@0.000ns fall@5.000ns period=10.000ns})
  Path Group:             clk
  Path Type:              Setup (Max at Slow Process Corner)
  Requirement:            10.000ns  (clk rise@10.000ns - clk rise@0.000ns)
  Data Path Delay:        5.508ns  (logic 2.327ns (42.248%)  route 3.181ns (57.752%))
  Logic Levels:           9  (CARRY4=5 LUT4=1 LUT5=2 LUT6=1)
  Clock Path Skew:        -0.039ns (DCD - SCD + CPR)
    Destination Clock Delay (DCD):    0.748ns = ( 10.748 - 10.000 )
    Source Clock Delay      (SCD):    0.787ns
    Clock Pessimism Removal (CPR):    0.000ns
  Clock Uncertainty:      0.035ns  ((TSJ^2 + TIJ^2)^1/2 + DJ) / 2 + PE
    Total System Jitter     (TSJ):    0.071ns
    Total Input Jitter      (TIJ):    0.000ns
    Discrete Jitter          (DJ):    0.000ns
    Phase Error              (PE):    0.000ns

    Location             Delay type                Incr(ns)  Path(ns)    Netlist Resource(s)
  -------------------------------------------------------------------    -------------------
                         (clock clk rise edge)        0.000     0.000 r
                                                      0.000     0.000 r  clk (IN)
                         net (fo=3265, unset)         0.787     0.787    ber_counter_i/clk
                         FDRE                                         r  ber_counter_i/acq_index_reg[4]/C
  -------------------------------------------------------------------    -------------------
                         FDRE (Prop_fdre_C_Q)         0.303     1.090 r  ber_counter_i/acq_index_reg[4]/Q
                         net (fo=7, unplaced)         0.853     1.943    ber_counter_i/acq_index_reg_n_0_[4]
                         CARRY4 (Prop_carry4_S[3]_CO[3])
                                                      0.546     2.489 r  ber_counter_i/busy2_inferred__0/i__carry/CO[3]
                         net (fo=1, unplaced)         0.008     2.497    ber_counter_i/busy2_inferred__0/i__carry_n_0
                         CARRY4 (Prop_carry4_CI_CO[3])
                                                      0.100     2.597 r  ber_counter_i/busy2_inferred__0/i__carry__0/CO[3]
                         net (fo=1, unplaced)         0.000     2.597    ber_counter_i/busy2_inferred__0/i__carry__0_n_0
                         CARRY4 (Prop_carry4_CI_O[0])
                                                      0.189     2.786 r  ber_counter_i/busy2_inferred__0/i__carry__1/O[0]
                         net (fo=2, unplaced)         0.610     3.396    ber_counter_i/busy2[9]
                         LUT4 (Prop_lut4_I0_O)        0.238     3.634 r  ber_counter_i/i__carry_i_1__10/O
                         net (fo=1, unplaced)         0.000     3.634    ber_counter_i/i__carry_i_1__10_n_0
                         CARRY4 (Prop_carry4_S[3]_CO[3])
                                                      0.314     3.948 r  ber_counter_i/busy1_inferred__0/i__carry/CO[3]
                         net (fo=1, unplaced)         0.008     3.956    ber_counter_i/busy1_inferred__0/i__carry_n_0
                         CARRY4 (Prop_carry4_CI_CO[1])
                                                      0.150     4.106 r  ber_counter_i/busy1_inferred__0/i__carry__0/CO[1]
                         net (fo=5, unplaced)         0.268     4.374    ber_counter_i/busy1_inferred__0/i__carry__0_n_2
                         LUT5 (Prop_lut5_I0_O)        0.277     4.651 r  ber_counter_i/lock_preamble_limit_reg[15]_i_4/O
                         net (fo=1, unplaced)         0.328     4.979    ber_counter_i/lock_preamble_limit_reg[15]_i_4_n_0
                         LUT6 (Prop_lut6_I1_O)        0.105     5.084 r  ber_counter_i/lock_preamble_limit_reg[15]_i_1/O
                         net (fo=24, unplaced)        0.411     5.495    ber_counter_i/lock_preamble_limit_reg[15]_i_1_n_0
                         LUT5 (Prop_lut5_I4_O)        0.105     5.600 r  ber_counter_i/lock_preamble_limit_reg[3]_i_1/O
                         net (fo=14, unplaced)        0.695     6.295    ber_counter_i/lock_preamble_limit_reg[3]_i_1_n_0
                         FDSE                                         r  ber_counter_i/preamble_limit_reg_reg[3]/S
  -------------------------------------------------------------------    -------------------

                         (clock clk rise edge)       10.000    10.000 r
                                                      0.000    10.000 r  clk (IN)
                         net (fo=3265, unset)         0.748    10.748    ber_counter_i/clk
                         FDSE                                         r  ber_counter_i/preamble_limit_reg_reg[3]/C
                         clock pessimism              0.000    10.748
                         clock uncertainty           -0.035    10.712
                         FDSE (Setup_fdse_C_S)       -0.527    10.185    ber_counter_i/preamble_limit_reg_reg[3]
  -------------------------------------------------------------------
                         required time                         10.185
                         arrival time                          -6.295
  -------------------------------------------------------------------
                         slack                                  3.890

Slack (MET) :             3.890ns  (required time - arrival time)
  Source:                 ber_counter_i/acq_index_reg[4]/C
                            (rising edge-triggered cell FDRE clocked by clk  {rise@0.000ns fall@5.000ns period=10.000ns})
  Destination:            ber_counter_i/preamble_limit_reg_reg[4]/S
                            (rising edge-triggered cell FDSE clocked by clk  {rise@0.000ns fall@5.000ns period=10.000ns})
  Path Group:             clk
  Path Type:              Setup (Max at Slow Process Corner)
  Requirement:            10.000ns  (clk rise@10.000ns - clk rise@0.000ns)
  Data Path Delay:        5.508ns  (logic 2.327ns (42.248%)  route 3.181ns (57.752%))
  Logic Levels:           9  (CARRY4=5 LUT4=1 LUT5=2 LUT6=1)
  Clock Path Skew:        -0.039ns (DCD - SCD + CPR)
    Destination Clock Delay (DCD):    0.748ns = ( 10.748 - 10.000 )
    Source Clock Delay      (SCD):    0.787ns
    Clock Pessimism Removal (CPR):    0.000ns
  Clock Uncertainty:      0.035ns  ((TSJ^2 + TIJ^2)^1/2 + DJ) / 2 + PE
    Total System Jitter     (TSJ):    0.071ns
    Total Input Jitter      (TIJ):    0.000ns
    Discrete Jitter          (DJ):    0.000ns
    Phase Error              (PE):    0.000ns

    Location             Delay type                Incr(ns)  Path(ns)    Netlist Resource(s)
  -------------------------------------------------------------------    -------------------
                         (clock clk rise edge)        0.000     0.000 r
                                                      0.000     0.000 r  clk (IN)
                         net (fo=3265, unset)         0.787     0.787    ber_counter_i/clk
                         FDRE                                         r  ber_counter_i/acq_index_reg[4]/C
  -------------------------------------------------------------------    -------------------
                         FDRE (Prop_fdre_C_Q)         0.303     1.090 r  ber_counter_i/acq_index_reg[4]/Q
                         net (fo=7, unplaced)         0.853     1.943    ber_counter_i/acq_index_reg_n_0_[4]
                         CARRY4 (Prop_carry4_S[3]_CO[3])
                                                      0.546     2.489 r  ber_counter_i/busy2_inferred__0/i__carry/CO[3]
                         net (fo=1, unplaced)         0.008     2.497    ber_counter_i/busy2_inferred__0/i__carry_n_0
                         CARRY4 (Prop_carry4_CI_CO[3])
                                                      0.100     2.597 r  ber_counter_i/busy2_inferred__0/i__carry__0/CO[3]
                         net (fo=1, unplaced)         0.000     2.597    ber_counter_i/busy2_inferred__0/i__carry__0_n_0
                         CARRY4 (Prop_carry4_CI_O[0])
                                                      0.189     2.786 r  ber_counter_i/busy2_inferred__0/i__carry__1/O[0]
                         net (fo=2, unplaced)         0.610     3.396    ber_counter_i/busy2[9]
                         LUT4 (Prop_lut4_I0_O)        0.238     3.634 r  ber_counter_i/i__carry_i_1__10/O
                         net (fo=1, unplaced)         0.000     3.634    ber_counter_i/i__carry_i_1__10_n_0
                         CARRY4 (Prop_carry4_S[3]_CO[3])
                                                      0.314     3.948 r  ber_counter_i/busy1_inferred__0/i__carry/CO[3]
                         net (fo=1, unplaced)         0.008     3.956    ber_counter_i/busy1_inferred__0/i__carry_n_0
                         CARRY4 (Prop_carry4_CI_CO[1])
                                                      0.150     4.106 r  ber_counter_i/busy1_inferred__0/i__carry__0/CO[1]
                         net (fo=5, unplaced)         0.268     4.374    ber_counter_i/busy1_inferred__0/i__carry__0_n_2
                         LUT5 (Prop_lut5_I0_O)        0.277     4.651 r  ber_counter_i/lock_preamble_limit_reg[15]_i_4/O
                         net (fo=1, unplaced)         0.328     4.979    ber_counter_i/lock_preamble_limit_reg[15]_i_4_n_0
                         LUT6 (Prop_lut6_I1_O)        0.105     5.084 r  ber_counter_i/lock_preamble_limit_reg[15]_i_1/O
                         net (fo=24, unplaced)        0.411     5.495    ber_counter_i/lock_preamble_limit_reg[15]_i_1_n_0
                         LUT5 (Prop_lut5_I4_O)        0.105     5.600 r  ber_counter_i/lock_preamble_limit_reg[3]_i_1/O
                         net (fo=14, unplaced)        0.695     6.295    ber_counter_i/lock_preamble_limit_reg[3]_i_1_n_0
                         FDSE                                         r  ber_counter_i/preamble_limit_reg_reg[4]/S
  -------------------------------------------------------------------    -------------------

                         (clock clk rise edge)       10.000    10.000 r
                                                      0.000    10.000 r  clk (IN)
                         net (fo=3265, unset)         0.748    10.748    ber_counter_i/clk
                         FDSE                                         r  ber_counter_i/preamble_limit_reg_reg[4]/C
                         clock pessimism              0.000    10.748
                         clock uncertainty           -0.035    10.712
                         FDSE (Setup_fdse_C_S)       -0.527    10.185    ber_counter_i/preamble_limit_reg_reg[4]
  -------------------------------------------------------------------
                         required time                         10.185
                         arrival time                          -6.295
  -------------------------------------------------------------------
                         slack                                  3.890

Slack (MET) :             3.890ns  (required time - arrival time)
  Source:                 ber_counter_i/acq_index_reg[4]/C
                            (rising edge-triggered cell FDRE clocked by clk  {rise@0.000ns fall@5.000ns period=10.000ns})
  Destination:            ber_counter_i/preamble_limit_reg_reg[5]/S
                            (rising edge-triggered cell FDSE clocked by clk  {rise@0.000ns fall@5.000ns period=10.000ns})
  Path Group:             clk
  Path Type:              Setup (Max at Slow Process Corner)
  Requirement:            10.000ns  (clk rise@10.000ns - clk rise@0.000ns)
  Data Path Delay:        5.508ns  (logic 2.327ns (42.248%)  route 3.181ns (57.752%))
  Logic Levels:           9  (CARRY4=5 LUT4=1 LUT5=2 LUT6=1)
  Clock Path Skew:        -0.039ns (DCD - SCD + CPR)
    Destination Clock Delay (DCD):    0.748ns = ( 10.748 - 10.000 )
    Source Clock Delay      (SCD):    0.787ns
    Clock Pessimism Removal (CPR):    0.000ns
  Clock Uncertainty:      0.035ns  ((TSJ^2 + TIJ^2)^1/2 + DJ) / 2 + PE
    Total System Jitter     (TSJ):    0.071ns
    Total Input Jitter      (TIJ):    0.000ns
    Discrete Jitter          (DJ):    0.000ns
    Phase Error              (PE):    0.000ns

    Location             Delay type                Incr(ns)  Path(ns)    Netlist Resource(s)
  -------------------------------------------------------------------    -------------------
                         (clock clk rise edge)        0.000     0.000 r
                                                      0.000     0.000 r  clk (IN)
                         net (fo=3265, unset)         0.787     0.787    ber_counter_i/clk
                         FDRE                                         r  ber_counter_i/acq_index_reg[4]/C
  -------------------------------------------------------------------    -------------------
                         FDRE (Prop_fdre_C_Q)         0.303     1.090 r  ber_counter_i/acq_index_reg[4]/Q
                         net (fo=7, unplaced)         0.853     1.943    ber_counter_i/acq_index_reg_n_0_[4]
                         CARRY4 (Prop_carry4_S[3]_CO[3])
                                                      0.546     2.489 r  ber_counter_i/busy2_inferred__0/i__carry/CO[3]
                         net (fo=1, unplaced)         0.008     2.497    ber_counter_i/busy2_inferred__0/i__carry_n_0
                         CARRY4 (Prop_carry4_CI_CO[3])
                                                      0.100     2.597 r  ber_counter_i/busy2_inferred__0/i__carry__0/CO[3]
                         net (fo=1, unplaced)         0.000     2.597    ber_counter_i/busy2_inferred__0/i__carry__0_n_0
                         CARRY4 (Prop_carry4_CI_O[0])
                                                      0.189     2.786 r  ber_counter_i/busy2_inferred__0/i__carry__1/O[0]
                         net (fo=2, unplaced)         0.610     3.396    ber_counter_i/busy2[9]
                         LUT4 (Prop_lut4_I0_O)        0.238     3.634 r  ber_counter_i/i__carry_i_1__10/O
                         net (fo=1, unplaced)         0.000     3.634    ber_counter_i/i__carry_i_1__10_n_0
                         CARRY4 (Prop_carry4_S[3]_CO[3])
                                                      0.314     3.948 r  ber_counter_i/busy1_inferred__0/i__carry/CO[3]
                         net (fo=1, unplaced)         0.008     3.956    ber_counter_i/busy1_inferred__0/i__carry_n_0
                         CARRY4 (Prop_carry4_CI_CO[1])
                                                      0.150     4.106 r  ber_counter_i/busy1_inferred__0/i__carry__0/CO[1]
                         net (fo=5, unplaced)         0.268     4.374    ber_counter_i/busy1_inferred__0/i__carry__0_n_2
                         LUT5 (Prop_lut5_I0_O)        0.277     4.651 r  ber_counter_i/lock_preamble_limit_reg[15]_i_4/O
                         net (fo=1, unplaced)         0.328     4.979    ber_counter_i/lock_preamble_limit_reg[15]_i_4_n_0
                         LUT6 (Prop_lut6_I1_O)        0.105     5.084 r  ber_counter_i/lock_preamble_limit_reg[15]_i_1/O
                         net (fo=24, unplaced)        0.411     5.495    ber_counter_i/lock_preamble_limit_reg[15]_i_1_n_0
                         LUT5 (Prop_lut5_I4_O)        0.105     5.600 r  ber_counter_i/lock_preamble_limit_reg[3]_i_1/O
                         net (fo=14, unplaced)        0.695     6.295    ber_counter_i/lock_preamble_limit_reg[3]_i_1_n_0
                         FDSE                                         r  ber_counter_i/preamble_limit_reg_reg[5]/S
  -------------------------------------------------------------------    -------------------

                         (clock clk rise edge)       10.000    10.000 r
                                                      0.000    10.000 r  clk (IN)
                         net (fo=3265, unset)         0.748    10.748    ber_counter_i/clk
                         FDSE                                         r  ber_counter_i/preamble_limit_reg_reg[5]/C
                         clock pessimism              0.000    10.748
                         clock uncertainty           -0.035    10.712
                         FDSE (Setup_fdse_C_S)       -0.527    10.185    ber_counter_i/preamble_limit_reg_reg[5]
  -------------------------------------------------------------------
                         required time                         10.185
                         arrival time                          -6.295
  -------------------------------------------------------------------
                         slack                                  3.890





Pulse Width Checks
--------------------------------------------------------------------------------------
Clock Name:         clk
Waveform(ns):       { 0.000 5.000 }
Period(ns):         10.000
Sources:            { clk }

Check Type        Corner  Lib Pin      Reference Pin  Required(ns)  Actual(ns)  Slack(ns)  Location  Pin
Min Period        n/a     DSP48E1/CLK  n/a            2.997         10.000      7.003                rx_chain_i/matched_filter_i/matched_filter_i/prod_i_reg[0]/CLK
Min Period        n/a     DSP48E1/CLK  n/a            2.997         10.000      7.003                rx_chain_i/matched_filter_i/matched_filter_i/prod_i_reg[10]/CLK
Min Period        n/a     DSP48E1/CLK  n/a            2.997         10.000      7.003                rx_chain_i/matched_filter_i/matched_filter_i/prod_i_reg[12]/CLK
Min Period        n/a     DSP48E1/CLK  n/a            2.997         10.000      7.003                rx_chain_i/matched_filter_i/matched_filter_i/prod_i_reg[14]/CLK
Min Period        n/a     DSP48E1/CLK  n/a            2.997         10.000      7.003                rx_chain_i/matched_filter_i/matched_filter_i/prod_i_reg[16]/CLK
Min Period        n/a     DSP48E1/CLK  n/a            2.997         10.000      7.003                rx_chain_i/matched_filter_i/matched_filter_i/prod_i_reg[18]/CLK
Min Period        n/a     DSP48E1/CLK  n/a            2.997         10.000      7.003                rx_chain_i/matched_filter_i/matched_filter_i/prod_i_reg[20]/CLK
Min Period        n/a     DSP48E1/CLK  n/a            2.997         10.000      7.003                rx_chain_i/matched_filter_i/matched_filter_i/prod_i_reg[22]/CLK
Min Period        n/a     DSP48E1/CLK  n/a            2.997         10.000      7.003                rx_chain_i/matched_filter_i/matched_filter_i/prod_i_reg[24]/CLK
Min Period        n/a     DSP48E1/CLK  n/a            2.997         10.000      7.003                rx_chain_i/matched_filter_i/matched_filter_i/prod_i_reg[26]/CLK
Low Pulse Width   Slow    FDRE/C       n/a            0.500         5.000       4.500                ber_complete_latched_reg/C
Low Pulse Width   Fast    FDRE/C       n/a            0.500         5.000       4.500                ber_complete_latched_reg/C
Low Pulse Width   Slow    FDRE/C       n/a            0.500         5.000       4.500                done_reg/C
Low Pulse Width   Fast    FDRE/C       n/a            0.500         5.000       4.500                done_reg/C
Low Pulse Width   Slow    FDRE/C       n/a            0.500         5.000       4.500                rx_idle_counter_reg[0]/C
Low Pulse Width   Fast    FDRE/C       n/a            0.500         5.000       4.500                rx_idle_counter_reg[0]/C
Low Pulse Width   Slow    FDRE/C       n/a            0.500         5.000       4.500                rx_idle_counter_reg[10]/C
Low Pulse Width   Fast    FDRE/C       n/a            0.500         5.000       4.500                rx_idle_counter_reg[10]/C
Low Pulse Width   Slow    FDRE/C       n/a            0.500         5.000       4.500                rx_idle_counter_reg[11]/C
Low Pulse Width   Fast    FDRE/C       n/a            0.500         5.000       4.500                rx_idle_counter_reg[11]/C
High Pulse Width  Slow    FDRE/C       n/a            0.500         5.000       4.500                ber_complete_latched_reg/C
High Pulse Width  Fast    FDRE/C       n/a            0.500         5.000       4.500                ber_complete_latched_reg/C
High Pulse Width  Slow    FDRE/C       n/a            0.500         5.000       4.500                done_reg/C
High Pulse Width  Fast    FDRE/C       n/a            0.500         5.000       4.500                done_reg/C
High Pulse Width  Slow    FDRE/C       n/a            0.500         5.000       4.500                rx_idle_counter_reg[0]/C
High Pulse Width  Fast    FDRE/C       n/a            0.500         5.000       4.500                rx_idle_counter_reg[0]/C
High Pulse Width  Slow    FDRE/C       n/a            0.500         5.000       4.500                rx_idle_counter_reg[10]/C
High Pulse Width  Fast    FDRE/C       n/a            0.500         5.000       4.500                rx_idle_counter_reg[10]/C
High Pulse Width  Slow    FDRE/C       n/a            0.500         5.000       4.500                rx_idle_counter_reg[11]/C
High Pulse Width  Fast    FDRE/C       n/a            0.500         5.000       4.500                rx_idle_counter_reg[11]/C
