Copyright 1986-2021 Xilinx, Inc. All Rights Reserved.
---------------------------------------------------------------------------------------------------------------------------------------------------------------------------------------------------------
| Tool Version : Vivado v.2021.1 (win64) Build 3247384 Thu Jun 10 19:36:33 MDT 2021
| Date         : normalized
| Host         : normalized
| Command      : report_timing_summary -delay_type max -max_paths 10 -file <output_dir>/bpsk_symbol_timing_recovery_post_route_timing_summary.rpt
| Design       : bpsk_symbol_timing_recovery
| Device       : 7z020-clg400
| Speed File   : -2  PRODUCTION 1.12 2019-11-22
---------------------------------------------------------------------------------------------------------------------------------------------------------------------------------------------------------

Timing Summary Report

------------------------------------------------------------------------------------------------
| Timer Settings
| --------------
------------------------------------------------------------------------------------------------

  Enable Multi Corner Analysis               :  Yes
  Enable Pessimism Removal                   :  Yes
  Pessimism Removal Resolution               :  Nearest Common Node
  Enable Input Delay Default Clock           :  No
  Enable Preset / Clear Arcs                 :  No
  Disable Flight Delays                      :  No
  Ignore I/O Paths                           :  No
  Timing Early Launch at Borrowing Latches   :  No
  Borrow Time for Max Delay Exceptions       :  Yes
  Merge Timing Exceptions                    :  Yes

  Corner  Analyze    Analyze
  Name    Max Paths  Min Paths
  ------  ---------  ---------
  Slow    Yes        Yes
  Fast    Yes        Yes


------------------------------------------------------------------------------------------------
| Report Methodology
| ------------------
------------------------------------------------------------------------------------------------

No report available as report_methodology has not been run prior. Run report_methodology on the current design for the summary of methodology violations.



check_timing report

Table of Contents
-----------------
1. checking no_clock (0)
2. checking constant_clock (0)
3. checking pulse_width_clock (0)
4. checking unconstrained_internal_endpoints (0)
5. checking no_input_delay (0)
6. checking no_output_delay (0)
7. checking multiple_clock (0)
8. checking generated_clocks (0)
9. checking loops (0)
10. checking partial_input_delay (0)
11. checking partial_output_delay (0)
12. checking latch_loops (0)

1. checking no_clock (0)
------------------------
 There are 0 register/latch pins with no clock.


2. checking constant_clock (0)
------------------------------
 There are 0 register/latch pins with constant_clock.


3. checking pulse_width_clock (0)
---------------------------------
 There are 0 register/latch pins which need pulse_width check


4. checking unconstrained_internal_endpoints (0)
------------------------------------------------
 There are 0 pins that are not constrained for maximum delay.

 There are 0 pins that are not constrained for maximum delay due to constant clock.


5. checking no_input_delay (0)
------------------------------
 There are 0 input ports with no input delay specified.

 There are 0 input ports with no input delay but user has a false path constraint.


6. checking no_output_delay (0)
-------------------------------
 There are 0 ports with no output delay specified.

 There are 0 ports with no output delay but user has a false path constraint

 There are 0 ports with no output delay but with a timing clock defined on it or propagating through it


7. checking multiple_clock (0)
------------------------------
 There are 0 register/latch pins with multiple clocks.


8. checking generated_clocks (0)
--------------------------------
 There are 0 generated clocks that are not connected to a clock source.


9. checking loops (0)
---------------------
 There are 0 combinational loops in the design.


10. checking partial_input_delay (0)
------------------------------------
 There are 0 input ports with partial input delay specified.


11. checking partial_output_delay (0)
-------------------------------------
 There are 0 ports with partial output delay specified.


12. checking latch_loops (0)
----------------------------
 There are 0 combinational latch loops in the design through latch input



------------------------------------------------------------------------------------------------
| Design Timing Summary
| ---------------------
------------------------------------------------------------------------------------------------

    WNS(ns)      TNS(ns)  TNS Failing Endpoints  TNS Total Endpoints     WPWS(ns)     TPWS(ns)  TPWS Failing Endpoints  TPWS Total Endpoints
    -------      -------  ---------------------  -------------------     --------     --------  ----------------------  --------------------
      0.335        0.000                      0                 2038        4.500        0.000                       0                   661


All user specified timing constraints are met.


------------------------------------------------------------------------------------------------
| Clock Summary
| -------------
------------------------------------------------------------------------------------------------

Clock  Waveform(ns)       Period(ns)      Frequency(MHz)
-----  ------------       ----------      --------------
clk    {0.000 5.000}      10.000          100.000


------------------------------------------------------------------------------------------------
| Intra Clock Table
| -----------------
------------------------------------------------------------------------------------------------

Clock             WNS(ns)      TNS(ns)  TNS Failing Endpoints  TNS Total Endpoints     WPWS(ns)     TPWS(ns)  TPWS Failing Endpoints  TPWS Total Endpoints
-----             -------      -------  ---------------------  -------------------     --------     --------  ----------------------  --------------------
clk                 0.335        0.000                      0                 2038        4.500        0.000                       0                   661


------------------------------------------------------------------------------------------------
| Inter Clock Table
| -----------------
------------------------------------------------------------------------------------------------

From Clock    To Clock          WNS(ns)      TNS(ns)  TNS Failing Endpoints  TNS Total Endpoints
----------    --------          -------      -------  ---------------------  -------------------


------------------------------------------------------------------------------------------------
| Other Path Groups Table
| -----------------------
------------------------------------------------------------------------------------------------

Path Group    From Clock    To Clock          WNS(ns)      TNS(ns)  TNS Failing Endpoints  TNS Total Endpoints
----------    ----------    --------          -------      -------  ---------------------  -------------------


------------------------------------------------------------------------------------------------
| Timing Details
| --------------
------------------------------------------------------------------------------------------------


---------------------------------------------------------------------------------------------------
From Clock:  clk
  To Clock:  clk

Setup :            0  Failing Endpoints,  Worst Slack        0.335ns,  Total Violation        0.000ns
Hold  :           NA  Failing Endpoints,  Worst Slack           NA  ,  Total Violation           NA
PW    :            0  Failing Endpoints,  Worst Slack        4.500ns,  Total Violation        0.000ns
---------------------------------------------------------------------------------------------------


Max Delay Paths
--------------------------------------------------------------------------------------
Slack (MET) :             0.335ns  (required time - arrival time)
  Source:                 s2_x_prev_i_reg[5]/C
                            (rising edge-triggered cell FDRE clocked by clk  {rise@0.000ns fall@5.000ns period=10.000ns})
  Destination:            nco_reg[25]/D
                            (rising edge-triggered cell FDRE clocked by clk  {rise@0.000ns fall@5.000ns period=10.000ns})
  Path Group:             clk
  Path Type:              Setup (Max at Slow Process Corner)
  Requirement:            10.000ns  (clk rise@10.000ns - clk rise@0.000ns)
  Data Path Delay:        9.493ns  (logic 5.333ns (56.179%)  route 4.160ns (43.821%))
  Logic Levels:           20  (CARRY4=14 LUT2=2 LUT4=2 LUT6=2)
  Clock Path Skew:        -0.169ns (DCD - SCD + CPR)
    Destination Clock Delay (DCD):    1.236ns = ( 11.236 - 10.000 )
    Source Clock Delay      (SCD):    1.405ns
    Clock Pessimism Removal (CPR):    0.000ns
  Clock Uncertainty:      0.035ns  ((TSJ^2 + TIJ^2)^1/2 + DJ) / 2 + PE
    Total System Jitter     (TSJ):    0.071ns
    Total Input Jitter      (TIJ):    0.000ns
    Discrete Jitter          (DJ):    0.000ns
    Phase Error              (PE):    0.000ns

    Location             Delay type                Incr(ns)  Path(ns)    Netlist Resource(s)
  -------------------------------------------------------------------    -------------------
                         (clock clk rise edge)        0.000     0.000 r
                                                      0.000     0.000 r  clk (IN)
                         net (fo=660, unset)          1.405     1.405    clk
    SLICE_X38Y38         FDRE                                         r  s2_x_prev_i_reg[5]/C
  -------------------------------------------------------------------    -------------------
    SLICE_X38Y38         FDRE (Prop_fdre_C_Q)         0.433     1.838 r  s2_x_prev_i_reg[5]/Q
                         net (fo=2, routed)           0.590     2.428    s2_x_prev_i[5]
    SLICE_X39Y39         LUT2 (Prop_lut2_I0_O)        0.105     2.533 r  out_i[7]_i_5/O
                         net (fo=1, routed)           0.000     2.533    out_i[7]_i_5_n_0
    SLICE_X39Y39         CARRY4 (Prop_carry4_S[1]_CO[3])
                                                      0.457     2.990 r  out_i_reg[7]_i_2/CO[3]
                         net (fo=1, routed)           0.000     2.990    out_i_reg[7]_i_2_n_0
    SLICE_X39Y40         CARRY4 (Prop_carry4_CI_CO[3])
                                                      0.098     3.088 r  out_i_reg[11]_i_2/CO[3]
                         net (fo=1, routed)           0.000     3.088    out_i_reg[11]_i_2_n_0
    SLICE_X39Y41         CARRY4 (Prop_carry4_CI_CO[3])
                                                      0.098     3.186 r  out_i_reg[15]_i_4/CO[3]
                         net (fo=1, routed)           0.000     3.186    out_i_reg[15]_i_4_n_0
    SLICE_X39Y42         CARRY4 (Prop_carry4_CI_O[1])
                                                      0.265     3.451 f  out_i_reg[15]_i_7/O[1]
                         net (fo=4, routed)           0.596     4.047    out_i_reg[15]_i_7_n_6
    SLICE_X40Y40         LUT2 (Prop_lut2_I0_O)        0.250     4.297 r  out_i[15]_i_30/O
                         net (fo=1, routed)           0.000     4.297    out_i[15]_i_30_n_0
    SLICE_X40Y40         CARRY4 (Prop_carry4_S[1]_CO[3])
                                                      0.457     4.754 r  out_i_reg[15]_i_15/CO[3]
                         net (fo=1, routed)           0.000     4.754    out_i_reg[15]_i_15_n_0
    SLICE_X40Y41         CARRY4 (Prop_carry4_CI_CO[3])
                                                      0.098     4.852 r  out_i_reg[15]_i_6/CO[3]
                         net (fo=1, routed)           0.000     4.852    out_i_reg[15]_i_6_n_0
    SLICE_X40Y42         CARRY4 (Prop_carry4_CI_CO[0])
                                                      0.216     5.068 r  out_i_reg[15]_i_2/CO[0]
                         net (fo=79, routed)          0.697     5.765    y_i1
    SLICE_X38Y41         LUT4 (Prop_lut4_I2_O)        0.309     6.074 r  integ[3]_i_79/O
                         net (fo=1, routed)           0.000     6.074    integ[3]_i_79_n_0
    SLICE_X38Y41         CARRY4 (Prop_carry4_S[1]_CO[3])
                                                      0.444     6.518 r  integ_reg[3]_i_55/CO[3]
                         net (fo=1, routed)           0.000     6.518    integ_reg[3]_i_55_n_0
    SLICE_X38Y42         CARRY4 (Prop_carry4_CI_CO[3])
                                                      0.100     6.618 r  integ_reg[3]_i_38/CO[3]
                         net (fo=1, routed)           0.000     6.618    integ_reg[3]_i_38_n_0
    SLICE_X38Y43         CARRY4 (Prop_carry4_CI_CO[3])
                                                      0.100     6.718 r  integ_reg[3]_i_25/CO[3]
                         net (fo=1, routed)           0.000     6.718    integ_reg[3]_i_25_n_0
    SLICE_X38Y44         CARRY4 (Prop_carry4_CI_CO[3])
                                                      0.100     6.818 r  integ_reg[3]_i_12/CO[3]
                         net (fo=1, routed)           0.000     6.818    integ_reg[3]_i_12_n_0
    SLICE_X38Y45         CARRY4 (Prop_carry4_CI_CO[0])
                                                      0.207     7.025 r  integ_reg[3]_i_3/CO[0]
                         net (fo=19, routed)          0.521     7.546    integ_reg[3]_i_3_n_3
    SLICE_X40Y45         CARRY4 (Prop_carry4_S[1]_CO[3])
                                                      0.754     8.300 r  integ_reg[3]_i_13/CO[3]
                         net (fo=1, routed)           0.000     8.300    integ_reg[3]_i_13_n_0
    SLICE_X40Y46         CARRY4 (Prop_carry4_CI_CO[2])
                                                      0.190     8.490 r  integ_reg[3]_i_4/CO[2]
                         net (fo=4, routed)           0.531     9.022    sgn_dy1
    SLICE_X41Y48         LUT4 (Prop_lut4_I3_O)        0.280     9.302 r  integ[23]_i_4/O
                         net (fo=105, routed)         0.785    10.086    integ[23]_i_4_n_0
    SLICE_X41Y53         LUT6 (Prop_lut6_I1_O)        0.267    10.353 r  nco[25]_i_3/O
                         net (fo=1, routed)           0.439    10.793    nco[25]_i_3_n_0
    SLICE_X39Y54         LUT6 (Prop_lut6_I4_O)        0.105    10.898 r  nco[25]_i_1/O
                         net (fo=1, routed)           0.000    10.898    nco[25]_i_1_n_0
    SLICE_X39Y54         FDRE                                         r  nco_reg[25]/D
  -------------------------------------------------------------------    -------------------

                         (clock clk rise edge)       10.000    10.000 r
                                                      0.000    10.000 r  clk (IN)
                         net (fo=660, unset)          1.236    11.236    clk
    SLICE_X39Y54         FDRE                                         r  nco_reg[25]/C
                         clock pessimism              0.000    11.236
                         clock uncertainty           -0.035    11.201
    SLICE_X39Y54         FDRE (Setup_fdre_C_D)        0.032    11.233    nco_reg[25]
  -------------------------------------------------------------------
                         required time                         11.233
                         arrival time                         -10.898
  -------------------------------------------------------------------
                         slack                                  0.335

Slack (MET) :             0.355ns  (required time - arrival time)
  Source:                 s2_x_prev_i_reg[5]/C
                            (rising edge-triggered cell FDRE clocked by clk  {rise@0.000ns fall@5.000ns period=10.000ns})
  Destination:            nco_reg[20]/D
                            (rising edge-triggered cell FDRE clocked by clk  {rise@0.000ns fall@5.000ns period=10.000ns})
  Path Group:             clk
  Path Type:              Setup (Max at Slow Process Corner)
  Requirement:            10.000ns  (clk rise@10.000ns - clk rise@0.000ns)
  Data Path Delay:        9.471ns  (logic 5.152ns (54.397%)  route 4.319ns (45.603%))
  Logic Levels:           20  (CARRY4=14 LUT2=2 LUT4=2 LUT6=2)
  Clock Path Skew:        -0.170ns (DCD - SCD + CPR)
    Destination Clock Delay (DCD):    1.235ns = ( 11.235 - 10.000 )
    Source Clock Delay      (SCD):    1.405ns
    Clock Pessimism Removal (CPR):    0.000ns
  Clock Uncertainty:      0.035ns  ((TSJ^2 + TIJ^2)^1/2 + DJ) / 2 + PE
    Total System Jitter     (TSJ):    0.071ns
    Total Input Jitter      (TIJ):    0.000ns
    Discrete Jitter          (DJ):    0.000ns
    Phase Error              (PE):    0.000ns

    Location             Delay type                Incr(ns)  Path(ns)    Netlist Resource(s)
  -------------------------------------------------------------------    -------------------
                         (clock clk rise edge)        0.000     0.000 r
                                                      0.000     0.000 r  clk (IN)
                         net (fo=660, unset)          1.405     1.405    clk
    SLICE_X38Y38         FDRE                                         r  s2_x_prev_i_reg[5]/C
  -------------------------------------------------------------------    -------------------
    SLICE_X38Y38         FDRE (Prop_fdre_C_Q)         0.433     1.838 r  s2_x_prev_i_reg[5]/Q
                         net (fo=2, routed)           0.590     2.428    s2_x_prev_i[5]
    SLICE_X39Y39         LUT2 (Prop_lut2_I0_O)        0.105     2.533 r  out_i[7]_i_5/O
                         net (fo=1, routed)           0.000     2.533    out_i[7]_i_5_n_0
    SLICE_X39Y39         CARRY4 (Prop_carry4_S[1]_CO[3])
                                                      0.457     2.990 r  out_i_reg[7]_i_2/CO[3]
                         net (fo=1, routed)           0.000     2.990    out_i_reg[7]_i_2_n_0
    SLICE_X39Y40         CARRY4 (Prop_carry4_CI_CO[3])
                                                      0.098     3.088 r  out_i_reg[11]_i_2/CO[3]
                         net (fo=1, routed)           0.000     3.088    out_i_reg[11]_i_2_n_0
    SLICE_X39Y41         CARRY4 (Prop_carry4_CI_CO[3])
                                                      0.098     3.186 r  out_i_reg[15]_i_4/CO[3]
                         net (fo=1, routed)           0.000     3.186    out_i_reg[15]_i_4_n_0
    SLICE_X39Y42         CARRY4 (Prop_carry4_CI_O[1])
                                                      0.265     3.451 f  out_i_reg[15]_i_7/O[1]
                         net (fo=4, routed)           0.596     4.047    out_i_reg[15]_i_7_n_6
    SLICE_X40Y40         LUT2 (Prop_lut2_I0_O)        0.250     4.297 r  out_i[15]_i_30/O
                         net (fo=1, routed)           0.000     4.297    out_i[15]_i_30_n_0
    SLICE_X40Y40         CARRY4 (Prop_carry4_S[1]_CO[3])
                                                      0.457     4.754 r  out_i_reg[15]_i_15/CO[3]
                         net (fo=1, routed)           0.000     4.754    out_i_reg[15]_i_15_n_0
    SLICE_X40Y41         CARRY4 (Prop_carry4_CI_CO[3])
                                                      0.098     4.852 r  out_i_reg[15]_i_6/CO[3]
                         net (fo=1, routed)           0.000     4.852    out_i_reg[15]_i_6_n_0
    SLICE_X40Y42         CARRY4 (Prop_carry4_CI_CO[0])
                                                      0.216     5.068 r  out_i_reg[15]_i_2/CO[0]
                         net (fo=79, routed)          0.697     5.765    y_i1
    SLICE_X38Y41         LUT4 (Prop_lut4_I2_O)        0.309     6.074 r  integ[3]_i_79/O
                         net (fo=1, routed)           0.000     6.074    integ[3]_i_79_n_0
    SLICE_X38Y41         CARRY4 (Prop_carry4_S[1]_CO[3])
                                                      0.444     6.518 r  integ_reg[3]_i_55/CO[3]
                         net (fo=1, routed)           0.000     6.518    integ_reg[3]_i_55_n_0
    SLICE_X38Y42         CARRY4 (Prop_carry4_CI_CO[3])
                                                      0.100     6.618 r  integ_reg[3]_i_38/CO[3]
                         net (fo=1, routed)           0.000     6.618    integ_reg[3]_i_38_n_0
    SLICE_X38Y43         CARRY4 (Prop_carry4_CI_CO[3])
                                                      0.100     6.718 r  integ_reg[3]_i_25/CO[3]
                         net (fo=1, routed)           0.000     6.718    integ_reg[3]_i_25_n_0
    SLICE_X38Y44         CARRY4 (Prop_carry4_CI_CO[3])
                                                      0.100     6.818 r  integ_reg[3]_i_12/CO[3]
                         net (fo=1, routed)           0.000     6.818    integ_reg[3]_i_12_n_0
    SLICE_X38Y45         CARRY4 (Prop_carry4_CI_CO[0])
                                                      0.207     7.025 r  integ_reg[3]_i_3/CO[0]
                         net (fo=19, routed)          0.521     7.546    integ_reg[3]_i_3_n_3
    SLICE_X40Y45         CARRY4 (Prop_carry4_S[1]_CO[3])
                                                      0.754     8.300 r  integ_reg[3]_i_13/CO[3]
                         net (fo=1, routed)           0.000     8.300    integ_reg[3]_i_13_n_0
    SLICE_X40Y46         CARRY4 (Prop_carry4_CI_CO[2])
                                                      0.190     8.490 r  integ_reg[3]_i_4/CO[2]
                         net (fo=4, routed)           0.531     9.022    sgn_dy1
    SLICE_X41Y48         LUT4 (Prop_lut4_I0_O)        0.261     9.283 r  integ[23]_i_3/O
                         net (fo=104, routed)         0.786    10.069    integ[23]_i_3_n_0
    SLICE_X40Y51         LUT6 (Prop_lut6_I1_O)        0.105    10.174 r  nco[20]_i_3/O
                         net (fo=1, routed)           0.597    10.771    nco[20]_i_3_n_0
    SLICE_X41Y55         LUT6 (Prop_lut6_I4_O)        0.105    10.876 r  nco[20]_i_1/O
                         net (fo=1, routed)           0.000    10.876    nco[20]_i_1_n_0
    SLICE_X41Y55         FDRE                                         r  nco_reg[20]/D
  -------------------------------------------------------------------    -------------------

                         (clock clk rise edge)       10.000    10.000 r
                                                      0.000    10.000 r  clk (IN)
                         net (fo=660, unset)          1.235    11.235    clk
    SLICE_X41Y55         FDRE                                         r  nco_reg[20]/C
                         clock pessimism              0.000    11.235
                         clock uncertainty           -0.035    11.200
    SLICE_X41Y55         FDRE (Setup_fdre_C_D)        0.032    11.232    nco_reg[20]
  -------------------------------------------------------------------
                         required time                         11.232
                         arrival time                         -10.876
  -------------------------------------------------------------------
                         slack                                  0.355

Slack (MET) :             0.372ns  (required time - arrival time)
  Source:                 s2_x_prev_i_reg[5]/C
                            (rising edge-triggered cell FDRE clocked by clk  {rise@0.000ns fall@5.000ns period=10.000ns})
  Destination:            nco_reg[22]/D
                            (rising edge-triggered cell FDRE clocked by clk  {rise@0.000ns fall@5.000ns period=10.000ns})
  Path Group:             clk
  Path Type:              Setup (Max at Slow Process Corner)
  Requirement:            10.000ns  (clk rise@10.000ns - clk rise@0.000ns)
  Data Path Delay:        9.455ns  (logic 5.333ns (56.404%)  route 4.122ns (43.596%))
  Logic Levels:           20  (CARRY4=14 LUT2=2 LUT4=2 LUT6=2)
  Clock Path Skew:        -0.171ns (DCD - SCD + CPR)
    Destination Clock Delay (DCD):    1.234ns = ( 11.234 - 10.000 )
    Source Clock Delay      (SCD):    1.405ns
    Clock Pessimism Removal (CPR):    0.000ns
  Clock Uncertainty:      0.035ns  ((TSJ^2 + TIJ^2)^1/2 + DJ) / 2 + PE
    Total System Jitter     (TSJ):    0.071ns
    Total Input Jitter      (TIJ):    0.000ns
    Discrete Jitter          (DJ):    0.000ns
    Phase Error              (PE):    0.000ns

    Location             Delay type                Incr(ns)  Path(ns)    Netlist Resource(s)
  -------------------------------------------------------------------    -------------------
                         (clock clk rise edge)        0.000     0.000 r
                                                      0.000     0.000 r  clk (IN)
                         net (fo=660, unset)          1.405     1.405    clk
    SLICE_X38Y38         FDRE                                         r  s2_x_prev_i_reg[5]/C
  -------------------------------------------------------------------    -------------------
    SLICE_X38Y38         FDRE (Prop_fdre_C_Q)         0.433     1.838 r  s2_x_prev_i_reg[5]/Q
                         net (fo=2, routed)           0.590     2.428    s2_x_prev_i[5]
    SLICE_X39Y39         LUT2 (Prop_lut2_I0_O)        0.105     2.533 r  out_i[7]_i_5/O
                         net (fo=1, routed)           0.000     2.533    out_i[7]_i_5_n_0
    SLICE_X39Y39         CARRY4 (Prop_carry4_S[1]_CO[3])
                                                      0.457     2.990 r  out_i_reg[7]_i_2/CO[3]
                         net (fo=1, routed)           0.000     2.990    out_i_reg[7]_i_2_n_0
    SLICE_X39Y40         CARRY4 (Prop_carry4_CI_CO[3])
                                                      0.098     3.088 r  out_i_reg[11]_i_2/CO[3]
                         net (fo=1, routed)           0.000     3.088    out_i_reg[11]_i_2_n_0
    SLICE_X39Y41         CARRY4 (Prop_carry4_CI_CO[3])
                                                      0.098     3.186 r  out_i_reg[15]_i_4/CO[3]
                         net (fo=1, routed)           0.000     3.186    out_i_reg[15]_i_4_n_0
    SLICE_X39Y42         CARRY4 (Prop_carry4_CI_O[1])
                                                      0.265     3.451 f  out_i_reg[15]_i_7/O[1]
                         net (fo=4, routed)           0.596     4.047    out_i_reg[15]_i_7_n_6
    SLICE_X40Y40         LUT2 (Prop_lut2_I0_O)        0.250     4.297 r  out_i[15]_i_30/O
                         net (fo=1, routed)           0.000     4.297    out_i[15]_i_30_n_0
    SLICE_X40Y40         CARRY4 (Prop_carry4_S[1]_CO[3])
                                                      0.457     4.754 r  out_i_reg[15]_i_15/CO[3]
                         net (fo=1, routed)           0.000     4.754    out_i_reg[15]_i_15_n_0
    SLICE_X40Y41         CARRY4 (Prop_carry4_CI_CO[3])
                                                      0.098     4.852 r  out_i_reg[15]_i_6/CO[3]
                         net (fo=1, routed)           0.000     4.852    out_i_reg[15]_i_6_n_0
    SLICE_X40Y42         CARRY4 (Prop_carry4_CI_CO[0])
                                                      0.216     5.068 r  out_i_reg[15]_i_2/CO[0]
                         net (fo=79, routed)          0.697     5.765    y_i1
    SLICE_X38Y41         LUT4 (Prop_lut4_I2_O)        0.309     6.074 r  integ[3]_i_79/O
                         net (fo=1, routed)           0.000     6.074    integ[3]_i_79_n_0
    SLICE_X38Y41         CARRY4 (Prop_carry4_S[1]_CO[3])
                                                      0.444     6.518 r  integ_reg[3]_i_55/CO[3]
                         net (fo=1, routed)           0.000     6.518    integ_reg[3]_i_55_n_0
    SLICE_X38Y42         CARRY4 (Prop_carry4_CI_CO[3])
                                                      0.100     6.618 r  integ_reg[3]_i_38/CO[3]
                         net (fo=1, routed)           0.000     6.618    integ_reg[3]_i_38_n_0
    SLICE_X38Y43         CARRY4 (Prop_carry4_CI_CO[3])
                                                      0.100     6.718 r  integ_reg[3]_i_25/CO[3]
                         net (fo=1, routed)           0.000     6.718    integ_reg[3]_i_25_n_0
    SLICE_X38Y44         CARRY4 (Prop_carry4_CI_CO[3])
                                                      0.100     6.818 r  integ_reg[3]_i_12/CO[3]
                         net (fo=1, routed)           0.000     6.818    integ_reg[3]_i_12_n_0
    SLICE_X38Y45         CARRY4 (Prop_carry4_CI_CO[0])
                                                      0.207     7.025 r  integ_reg[3]_i_3/CO[0]
                         net (fo=19, routed)          0.521     7.546    integ_reg[3]_i_3_n_3
    SLICE_X40Y45         CARRY4 (Prop_carry4_S[1]_CO[3])
                                                      0.754     8.300 r  integ_reg[3]_i_13/CO[3]
                         net (fo=1, routed)           0.000     8.300    integ_reg[3]_i_13_n_0
    SLICE_X40Y46         CARRY4 (Prop_carry4_CI_CO[2])
                                                      0.190     8.490 r  integ_reg[3]_i_4/CO[2]
                         net (fo=4, routed)           0.531     9.022    sgn_dy1
    SLICE_X41Y48         LUT4 (Prop_lut4_I3_O)        0.280     9.302 r  integ[23]_i_4/O
                         net (fo=105, routed)         0.766    10.067    integ[23]_i_4_n_0
    SLICE_X40Y53         LUT6 (Prop_lut6_I3_O)        0.267    10.334 r  nco[22]_i_2/O
                         net (fo=1, routed)           0.421    10.755    nco[22]_i_2_n_0
    SLICE_X44Y53         LUT6 (Prop_lut6_I0_O)        0.105    10.860 r  nco[22]_i_1/O
                         net (fo=1, routed)           0.000    10.860    nco[22]_i_1_n_0
    SLICE_X44Y53         FDRE                                         r  nco_reg[22]/D
  -------------------------------------------------------------------    -------------------

                         (clock clk rise edge)       10.000    10.000 r
                                                      0.000    10.000 r  clk (IN)
                         net (fo=660, unset)          1.234    11.234    clk
    SLICE_X44Y53         FDRE                                         r  nco_reg[22]/C
                         clock pessimism              0.000    11.234
                         clock uncertainty           -0.035    11.199
    SLICE_X44Y53         FDRE (Setup_fdre_C_D)        0.033    11.232    nco_reg[22]
  -------------------------------------------------------------------
                         required time                         11.232
                         arrival time                         -10.860
  -------------------------------------------------------------------
                         slack                                  0.372

Slack (MET) :             0.372ns  (required time - arrival time)
  Source:                 s2_x_prev_i_reg[5]/C
                            (rising edge-triggered cell FDRE clocked by clk  {rise@0.000ns fall@5.000ns period=10.000ns})
  Destination:            nco_reg[19]/D
                            (rising edge-triggered cell FDRE clocked by clk  {rise@0.000ns fall@5.000ns period=10.000ns})
  Path Group:             clk
  Path Type:              Setup (Max at Slow Process Corner)
  Requirement:            10.000ns  (clk rise@10.000ns - clk rise@0.000ns)
  Data Path Delay:        9.456ns  (logic 5.333ns (56.399%)  route 4.123ns (43.601%))
  Logic Levels:           20  (CARRY4=14 LUT2=2 LUT4=2 LUT6=2)
  Clock Path Skew:        -0.170ns (DCD - SCD + CPR)
    Destination Clock Delay (DCD):    1.235ns = ( 11.235 - 10.000 )
    Source Clock Delay      (SCD):    1.405ns
    Clock Pessimism Removal (CPR):    0.000ns
  Clock Uncertainty:      0.035ns  ((TSJ^2 + TIJ^2)^1/2 + DJ) / 2 + PE
    Total System Jitter     (TSJ):    0.071ns
    Total Input Jitter      (TIJ):    0.000ns
    Discrete Jitter          (DJ):    0.000ns
    Phase Error              (PE):    0.000ns

    Location             Delay type                Incr(ns)  Path(ns)    Netlist Resource(s)
  -------------------------------------------------------------------    -------------------
                         (clock clk rise edge)        0.000     0.000 r
                                                      0.000     0.000 r  clk (IN)
                         net (fo=660, unset)          1.405     1.405    clk
    SLICE_X38Y38         FDRE                                         r  s2_x_prev_i_reg[5]/C
  -------------------------------------------------------------------    -------------------
    SLICE_X38Y38         FDRE (Prop_fdre_C_Q)         0.433     1.838 r  s2_x_prev_i_reg[5]/Q
                         net (fo=2, routed)           0.590     2.428    s2_x_prev_i[5]
    SLICE_X39Y39         LUT2 (Prop_lut2_I0_O)        0.105     2.533 r  out_i[7]_i_5/O
                         net (fo=1, routed)           0.000     2.533    out_i[7]_i_5_n_0
    SLICE_X39Y39         CARRY4 (Prop_carry4_S[1]_CO[3])
                                                      0.457     2.990 r  out_i_reg[7]_i_2/CO[3]
                         net (fo=1, routed)           0.000     2.990    out_i_reg[7]_i_2_n_0
    SLICE_X39Y40         CARRY4 (Prop_carry4_CI_CO[3])
                                                      0.098     3.088 r  out_i_reg[11]_i_2/CO[3]
                         net (fo=1, routed)           0.000     3.088    out_i_reg[11]_i_2_n_0
    SLICE_X39Y41         CARRY4 (Prop_carry4_CI_CO[3])
                                                      0.098     3.186 r  out_i_reg[15]_i_4/CO[3]
                         net (fo=1, routed)           0.000     3.186    out_i_reg[15]_i_4_n_0
    SLICE_X39Y42         CARRY4 (Prop_carry4_CI_O[1])
                                                      0.265     3.451 f  out_i_reg[15]_i_7/O[1]
                         net (fo=4, routed)           0.596     4.047    out_i_reg[15]_i_7_n_6
    SLICE_X40Y40         LUT2 (Prop_lut2_I0_O)        0.250     4.297 r  out_i[15]_i_30/O
                         net (fo=1, routed)           0.000     4.297    out_i[15]_i_30_n_0
    SLICE_X40Y40         CARRY4 (Prop_carry4_S[1]_CO[3])
                                                      0.457     4.754 r  out_i_reg[15]_i_15/CO[3]
                         net (fo=1, routed)           0.000     4.754    out_i_reg[15]_i_15_n_0
    SLICE_X40Y41         CARRY4 (Prop_carry4_CI_CO[3])
                                                      0.098     4.852 r  out_i_reg[15]_i_6/CO[3]
                         net (fo=1, routed)           0.000     4.852    out_i_reg[15]_i_6_n_0
    SLICE_X40Y42         CARRY4 (Prop_carry4_CI_CO[0])
                                                      0.216     5.068 r  out_i_reg[15]_i_2/CO[0]
                         net (fo=79, routed)          0.697     5.765    y_i1
    SLICE_X38Y41         LUT4 (Prop_lut4_I2_O)        0.309     6.074 r  integ[3]_i_79/O
                         net (fo=1, routed)           0.000     6.074    integ[3]_i_79_n_0
    SLICE_X38Y41         CARRY4 (Prop_carry4_S[1]_CO[3])
                                                      0.444     6.518 r  integ_reg[3]_i_55/CO[3]
                         net (fo=1, routed)           0.000     6.518    integ_reg[3]_i_55_n_0
    SLICE_X38Y42         CARRY4 (Prop_carry4_CI_CO[3])
                                                      0.100     6.618 r  integ_reg[3]_i_38/CO[3]
                         net (fo=1, routed)           0.000     6.618    integ_reg[3]_i_38_n_0
    SLICE_X38Y43         CARRY4 (Prop_carry4_CI_CO[3])
                                                      0.100     6.718 r  integ_reg[3]_i_25/CO[3]
                         net (fo=1, routed)           0.000     6.718    integ_reg[3]_i_25_n_0
    SLICE_X38Y44         CARRY4 (Prop_carry4_CI_CO[3])
                                                      0.100     6.818 r  integ_reg[3]_i_12/CO[3]
                         net (fo=1, routed)           0.000     6.818    integ_reg[3]_i_12_n_0
    SLICE_X38Y45         CARRY4 (Prop_carry4_CI_CO[0])
                                                      0.207     7.025 r  integ_reg[3]_i_3/CO[0]
                         net (fo=19, routed)          0.521     7.546    integ_reg[3]_i_3_n_3
    SLICE_X40Y45         CARRY4 (Prop_carry4_S[1]_CO[3])
                                                      0.754     8.300 r  integ_reg[3]_i_13/CO[3]
                         net (fo=1, routed)           0.000     8.300    integ_reg[3]_i_13_n_0
    SLICE_X40Y46         CARRY4 (Prop_carry4_CI_CO[2])
                                                      0.190     8.490 r  integ_reg[3]_i_4/CO[2]
                         net (fo=4, routed)           0.531     9.022    sgn_dy1
    SLICE_X41Y48         LUT4 (Prop_lut4_I3_O)        0.280     9.302 r  integ[23]_i_4/O
                         net (fo=105, routed)         0.722    10.024    integ[23]_i_4_n_0
    SLICE_X38Y50         LUT6 (Prop_lut6_I3_O)        0.267    10.291 r  nco[19]_i_2/O
                         net (fo=1, routed)           0.465    10.756    nco[19]_i_2_n_0
    SLICE_X40Y52         LUT6 (Prop_lut6_I0_O)        0.105    10.861 r  nco[19]_i_1/O
                         net (fo=1, routed)           0.000    10.861    nco[19]_i_1_n_0
    SLICE_X40Y52         FDRE                                         r  nco_reg[19]/D
  -------------------------------------------------------------------    -------------------

                         (clock clk rise edge)       10.000    10.000 r
                                                      0.000    10.000 r  clk (IN)
                         net (fo=660, unset)          1.235    11.235    clk
    SLICE_X40Y52         FDRE                                         r  nco_reg[19]/C
                         clock pessimism              0.000    11.235
                         clock uncertainty           -0.035    11.200
    SLICE_X40Y52         FDRE (Setup_fdre_C_D)        0.033    11.233    nco_reg[19]
  -------------------------------------------------------------------
                         required time                         11.233
                         arrival time                         -10.861
  -------------------------------------------------------------------
                         slack                                  0.372

Slack (MET) :             0.375ns  (required time - arrival time)
  Source:                 s2_x_prev_i_reg[5]/C
                            (rising edge-triggered cell FDRE clocked by clk  {rise@0.000ns fall@5.000ns period=10.000ns})
  Destination:            nco_reg[30]/D
                            (rising edge-triggered cell FDRE clocked by clk  {rise@0.000ns fall@5.000ns period=10.000ns})
  Path Group:             clk
  Path Type:              Setup (Max at Slow Process Corner)
  Requirement:            10.000ns  (clk rise@10.000ns - clk rise@0.000ns)
  Data Path Delay:        9.453ns  (logic 5.152ns (54.504%)  route 4.301ns (45.496%))
  Logic Levels:           20  (CARRY4=14 LUT2=2 LUT4=2 LUT6=2)
  Clock Path Skew:        -0.169ns (DCD - SCD + CPR)
    Destination Clock Delay (DCD):    1.236ns = ( 11.236 - 10.000 )
    Source Clock Delay      (SCD):    1.405ns
    Clock Pessimism Removal (CPR):    0.000ns
  Clock Uncertainty:      0.035ns  ((TSJ^2 + TIJ^2)^1/2 + DJ) / 2 + PE
    Total System Jitter     (TSJ):    0.071ns
    Total Input Jitter      (TIJ):    0.000ns
    Discrete Jitter          (DJ):    0.000ns
    Phase Error              (PE):    0.000ns

    Location             Delay type                Incr(ns)  Path(ns)    Netlist Resource(s)
  -------------------------------------------------------------------    -------------------
                         (clock clk rise edge)        0.000     0.000 r
                                                      0.000     0.000 r  clk (IN)
                         net (fo=660, unset)          1.405     1.405    clk
    SLICE_X38Y38         FDRE                                         r  s2_x_prev_i_reg[5]/C
  -------------------------------------------------------------------    -------------------
    SLICE_X38Y38         FDRE (Prop_fdre_C_Q)         0.433     1.838 r  s2_x_prev_i_reg[5]/Q
                         net (fo=2, routed)           0.590     2.428    s2_x_prev_i[5]
    SLICE_X39Y39         LUT2 (Prop_lut2_I0_O)        0.105     2.533 r  out_i[7]_i_5/O
                         net (fo=1, routed)           0.000     2.533    out_i[7]_i_5_n_0
    SLICE_X39Y39         CARRY4 (Prop_carry4_S[1]_CO[3])
                                                      0.457     2.990 r  out_i_reg[7]_i_2/CO[3]
                         net (fo=1, routed)           0.000     2.990    out_i_reg[7]_i_2_n_0
    SLICE_X39Y40         CARRY4 (Prop_carry4_CI_CO[3])
                                                      0.098     3.088 r  out_i_reg[11]_i_2/CO[3]
                         net (fo=1, routed)           0.000     3.088    out_i_reg[11]_i_2_n_0
    SLICE_X39Y41         CARRY4 (Prop_carry4_CI_CO[3])
                                                      0.098     3.186 r  out_i_reg[15]_i_4/CO[3]
                         net (fo=1, routed)           0.000     3.186    out_i_reg[15]_i_4_n_0
    SLICE_X39Y42         CARRY4 (Prop_carry4_CI_O[1])
                                                      0.265     3.451 f  out_i_reg[15]_i_7/O[1]
                         net (fo=4, routed)           0.596     4.047    out_i_reg[15]_i_7_n_6
    SLICE_X40Y40         LUT2 (Prop_lut2_I0_O)        0.250     4.297 r  out_i[15]_i_30/O
                         net (fo=1, routed)           0.000     4.297    out_i[15]_i_30_n_0
    SLICE_X40Y40         CARRY4 (Prop_carry4_S[1]_CO[3])
                                                      0.457     4.754 r  out_i_reg[15]_i_15/CO[3]
                         net (fo=1, routed)           0.000     4.754    out_i_reg[15]_i_15_n_0
    SLICE_X40Y41         CARRY4 (Prop_carry4_CI_CO[3])
                                                      0.098     4.852 r  out_i_reg[15]_i_6/CO[3]
                         net (fo=1, routed)           0.000     4.852    out_i_reg[15]_i_6_n_0
    SLICE_X40Y42         CARRY4 (Prop_carry4_CI_CO[0])
                                                      0.216     5.068 r  out_i_reg[15]_i_2/CO[0]
                         net (fo=79, routed)          0.697     5.765    y_i1
    SLICE_X38Y41         LUT4 (Prop_lut4_I2_O)        0.309     6.074 r  integ[3]_i_79/O
                         net (fo=1, routed)           0.000     6.074    integ[3]_i_79_n_0
    SLICE_X38Y41         CARRY4 (Prop_carry4_S[1]_CO[3])
                                                      0.444     6.518 r  integ_reg[3]_i_55/CO[3]
                         net (fo=1, routed)           0.000     6.518    integ_reg[3]_i_55_n_0
    SLICE_X38Y42         CARRY4 (Prop_carry4_CI_CO[3])
                                                      0.100     6.618 r  integ_reg[3]_i_38/CO[3]
                         net (fo=1, routed)           0.000     6.618    integ_reg[3]_i_38_n_0
    SLICE_X38Y43         CARRY4 (Prop_carry4_CI_CO[3])
                                                      0.100     6.718 r  integ_reg[3]_i_25/CO[3]
                         net (fo=1, routed)           0.000     6.718    integ_reg[3]_i_25_n_0
    SLICE_X38Y44         CARRY4 (Prop_carry4_CI_CO[3])
                                                      0.100     6.818 r  integ_reg[3]_i_12/CO[3]
                         net (fo=1, routed)           0.000     6.818    integ_reg[3]_i_12_n_0
    SLICE_X38Y45         CARRY4 (Prop_carry4_CI_CO[0])
                                                      0.207     7.025 r  integ_reg[3]_i_3/CO[0]
                         net (fo=19, routed)          0.521     7.546    integ_reg[3]_i_3_n_3
    SLICE_X40Y45         CARRY4 (Prop_carry4_S[1]_CO[3])
                                                      0.754     8.300 r  integ_reg[3]_i_13/CO[3]
                         net (fo=1, routed)           0.000     8.300    integ_reg[3]_i_13_n_0
    SLICE_X40Y46         CARRY4 (Prop_carry4_CI_CO[2])
                                                      0.190     8.490 r  integ_reg[3]_i_4/CO[2]
                         net (fo=4, routed)           0.531     9.022    sgn_dy1
    SLICE_X41Y48         LUT4 (Prop_lut4_I0_O)        0.261     9.283 r  integ[23]_i_3/O
                         net (fo=104, routed)         0.900    10.183    integ[23]_i_3_n_0
    SLICE_X36Y54         LUT6 (Prop_lut6_I1_O)        0.105    10.288 r  nco[30]_i_2/O
                         net (fo=1, routed)           0.464    10.753    nco[30]_i_2_n_0
    SLICE_X37Y54         LUT6 (Prop_lut6_I0_O)        0.105    10.858 r  nco[30]_i_1/O
                         net (fo=1, routed)           0.000    10.858    nco[30]_i_1_n_0
    SLICE_X37Y54         FDRE                                         r  nco_reg[30]/D
  -------------------------------------------------------------------    -------------------

                         (clock clk rise edge)       10.000    10.000 r
                                                      0.000    10.000 r  clk (IN)
                         net (fo=660, unset)          1.236    11.236    clk
    SLICE_X37Y54         FDRE                                         r  nco_reg[30]/C
                         clock pessimism              0.000    11.236
                         clock uncertainty           -0.035    11.201
    SLICE_X37Y54         FDRE (Setup_fdre_C_D)        0.032    11.233    nco_reg[30]
  -------------------------------------------------------------------
                         required time                         11.233
                         arrival time                         -10.858
  -------------------------------------------------------------------
                         slack                                  0.375

Slack (MET) :             0.377ns  (required time - arrival time)
  Source:                 s2_x_prev_i_reg[5]/C
                            (rising edge-triggered cell FDRE clocked by clk  {rise@0.000ns fall@5.000ns period=10.000ns})
  Destination:            nco_reg[24]/D
                            (rising edge-triggered cell FDRE clocked by clk  {rise@0.000ns fall@5.000ns period=10.000ns})
  Path Group:             clk
  Path Type:              Setup (Max at Slow Process Corner)
  Requirement:            10.000ns  (clk rise@10.000ns - clk rise@0.000ns)
  Data Path Delay:        9.450ns  (logic 5.333ns (56.435%)  route 4.117ns (43.565%))
  Logic Levels:           20  (CARRY4=14 LUT2=2 LUT4=2 LUT6=2)
  Clock Path Skew:        -0.171ns (DCD - SCD + CPR)
    Destination Clock Delay (DCD):    1.234ns = ( 11.234 - 10.000 )
    Source Clock Delay      (SCD):    1.405ns
    Clock Pessimism Removal (CPR):    0.000ns
  Clock Uncertainty:      0.035ns  ((TSJ^2 + TIJ^2)^1/2 + DJ) / 2 + PE
    Total System Jitter     (TSJ):    0.071ns
    Total Input Jitter      (TIJ):    0.000ns
    Discrete Jitter          (DJ):    0.000ns
    Phase Error              (PE):    0.000ns

    Location             Delay type                Incr(ns)  Path(ns)    Netlist Resource(s)
  -------------------------------------------------------------------    -------------------
                         (clock clk rise edge)        0.000     0.000 r
                                                      0.000     0.000 r  clk (IN)
                         net (fo=660, unset)          1.405     1.405    clk
    SLICE_X38Y38         FDRE                                         r  s2_x_prev_i_reg[5]/C
  -------------------------------------------------------------------    -------------------
    SLICE_X38Y38         FDRE (Prop_fdre_C_Q)         0.433     1.838 r  s2_x_prev_i_reg[5]/Q
                         net (fo=2, routed)           0.590     2.428    s2_x_prev_i[5]
    SLICE_X39Y39         LUT2 (Prop_lut2_I0_O)        0.105     2.533 r  out_i[7]_i_5/O
                         net (fo=1, routed)           0.000     2.533    out_i[7]_i_5_n_0
    SLICE_X39Y39         CARRY4 (Prop_carry4_S[1]_CO[3])
                                                      0.457     2.990 r  out_i_reg[7]_i_2/CO[3]
                         net (fo=1, routed)           0.000     2.990    out_i_reg[7]_i_2_n_0
    SLICE_X39Y40         CARRY4 (Prop_carry4_CI_CO[3])
                                                      0.098     3.088 r  out_i_reg[11]_i_2/CO[3]
                         net (fo=1, routed)           0.000     3.088    out_i_reg[11]_i_2_n_0
    SLICE_X39Y41         CARRY4 (Prop_carry4_CI_CO[3])
                                                      0.098     3.186 r  out_i_reg[15]_i_4/CO[3]
                         net (fo=1, routed)           0.000     3.186    out_i_reg[15]_i_4_n_0
    SLICE_X39Y42         CARRY4 (Prop_carry4_CI_O[1])
                                                      0.265     3.451 f  out_i_reg[15]_i_7/O[1]
                         net (fo=4, routed)           0.596     4.047    out_i_reg[15]_i_7_n_6
    SLICE_X40Y40         LUT2 (Prop_lut2_I0_O)        0.250     4.297 r  out_i[15]_i_30/O
                         net (fo=1, routed)           0.000     4.297    out_i[15]_i_30_n_0
    SLICE_X40Y40         CARRY4 (Prop_carry4_S[1]_CO[3])
                                                      0.457     4.754 r  out_i_reg[15]_i_15/CO[3]
                         net (fo=1, routed)           0.000     4.754    out_i_reg[15]_i_15_n_0
    SLICE_X40Y41         CARRY4 (Prop_carry4_CI_CO[3])
                                                      0.098     4.852 r  out_i_reg[15]_i_6/CO[3]
                         net (fo=1, routed)           0.000     4.852    out_i_reg[15]_i_6_n_0
    SLICE_X40Y42         CARRY4 (Prop_carry4_CI_CO[0])
                                                      0.216     5.068 r  out_i_reg[15]_i_2/CO[0]
                         net (fo=79, routed)          0.697     5.765    y_i1
    SLICE_X38Y41         LUT4 (Prop_lut4_I2_O)        0.309     6.074 r  integ[3]_i_79/O
                         net (fo=1, routed)           0.000     6.074    integ[3]_i_79_n_0
    SLICE_X38Y41         CARRY4 (Prop_carry4_S[1]_CO[3])
                                                      0.444     6.518 r  integ_reg[3]_i_55/CO[3]
                         net (fo=1, routed)           0.000     6.518    integ_reg[3]_i_55_n_0
    SLICE_X38Y42         CARRY4 (Prop_carry4_CI_CO[3])
                                                      0.100     6.618 r  integ_reg[3]_i_38/CO[3]
                         net (fo=1, routed)           0.000     6.618    integ_reg[3]_i_38_n_0
    SLICE_X38Y43         CARRY4 (Prop_carry4_CI_CO[3])
                                                      0.100     6.718 r  integ_reg[3]_i_25/CO[3]
                         net (fo=1, routed)           0.000     6.718    integ_reg[3]_i_25_n_0
    SLICE_X38Y44         CARRY4 (Prop_carry4_CI_CO[3])
                                                      0.100     6.818 r  integ_reg[3]_i_12/CO[3]
                         net (fo=1, routed)           0.000     6.818    integ_reg[3]_i_12_n_0
    SLICE_X38Y45         CARRY4 (Prop_carry4_CI_CO[0])
                                                      0.207     7.025 r  integ_reg[3]_i_3/CO[0]
                         net (fo=19, routed)          0.521     7.546    integ_reg[3]_i_3_n_3
    SLICE_X40Y45         CARRY4 (Prop_carry4_S[1]_CO[3])
                                                      0.754     8.300 r  integ_reg[3]_i_13/CO[3]
                         net (fo=1, routed)           0.000     8.300    integ_reg[3]_i_13_n_0
    SLICE_X40Y46         CARRY4 (Prop_carry4_CI_CO[2])
                                                      0.190     8.490 r  integ_reg[3]_i_4/CO[2]
                         net (fo=4, routed)           0.531     9.022    sgn_dy1
    SLICE_X41Y48         LUT4 (Prop_lut4_I3_O)        0.280     9.302 r  integ[23]_i_4/O
                         net (fo=105, routed)         0.807    10.109    integ[23]_i_4_n_0
    SLICE_X45Y56         LUT6 (Prop_lut6_I1_O)        0.267    10.376 r  nco[24]_i_3/O
                         net (fo=1, routed)           0.374    10.750    nco[24]_i_3_n_0
    SLICE_X45Y56         LUT6 (Prop_lut6_I4_O)        0.105    10.855 r  nco[24]_i_1/O
                         net (fo=1, routed)           0.000    10.855    nco[24]_i_1_n_0
    SLICE_X45Y56         FDRE                                         r  nco_reg[24]/D
  -------------------------------------------------------------------    -------------------

                         (clock clk rise edge)       10.000    10.000 r
                                                      0.000    10.000 r  clk (IN)
                         net (fo=660, unset)          1.234    11.234    clk
    SLICE_X45Y56         FDRE                                         r  nco_reg[24]/C
                         clock pessimism              0.000    11.234
                         clock uncertainty           -0.035    11.199
    SLICE_X45Y56         FDRE (Setup_fdre_C_D)        0.033    11.232    nco_reg[24]
  -------------------------------------------------------------------
                         required time                         11.232
                         arrival time                         -10.855
  -------------------------------------------------------------------
                         slack                                  0.377

Slack (MET) :             0.379ns  (required time - arrival time)
  Source:                 s2_x_prev_i_reg[5]/C
                            (rising edge-triggered cell FDRE clocked by clk  {rise@0.000ns fall@5.000ns period=10.000ns})
  Destination:            nco_reg[21]/D
                            (rising edge-triggered cell FDRE clocked by clk  {rise@0.000ns fall@5.000ns period=10.000ns})
  Path Group:             clk
  Path Type:              Setup (Max at Slow Process Corner)
  Requirement:            10.000ns  (clk rise@10.000ns - clk rise@0.000ns)
  Data Path Delay:        9.449ns  (logic 5.333ns (56.438%)  route 4.116ns (43.562%))
  Logic Levels:           20  (CARRY4=14 LUT2=2 LUT4=2 LUT6=2)
  Clock Path Skew:        -0.169ns (DCD - SCD + CPR)
    Destination Clock Delay (DCD):    1.236ns = ( 11.236 - 10.000 )
    Source Clock Delay      (SCD):    1.405ns
    Clock Pessimism Removal (CPR):    0.000ns
  Clock Uncertainty:      0.035ns  ((TSJ^2 + TIJ^2)^1/2 + DJ) / 2 + PE
    Total System Jitter     (TSJ):    0.071ns
    Total Input Jitter      (TIJ):    0.000ns
    Discrete Jitter          (DJ):    0.000ns
    Phase Error              (PE):    0.000ns

    Location             Delay type                Incr(ns)  Path(ns)    Netlist Resource(s)
  -------------------------------------------------------------------    -------------------
                         (clock clk rise edge)        0.000     0.000 r
                                                      0.000     0.000 r  clk (IN)
                         net (fo=660, unset)          1.405     1.405    clk
    SLICE_X38Y38         FDRE                                         r  s2_x_prev_i_reg[5]/C
  -------------------------------------------------------------------    -------------------
    SLICE_X38Y38         FDRE (Prop_fdre_C_Q)         0.433     1.838 r  s2_x_prev_i_reg[5]/Q
                         net (fo=2, routed)           0.590     2.428    s2_x_prev_i[5]
    SLICE_X39Y39         LUT2 (Prop_lut2_I0_O)        0.105     2.533 r  out_i[7]_i_5/O
                         net (fo=1, routed)           0.000     2.533    out_i[7]_i_5_n_0
    SLICE_X39Y39         CARRY4 (Prop_carry4_S[1]_CO[3])
                                                      0.457     2.990 r  out_i_reg[7]_i_2/CO[3]
                         net (fo=1, routed)           0.000     2.990    out_i_reg[7]_i_2_n_0
    SLICE_X39Y40         CARRY4 (Prop_carry4_CI_CO[3])
                                                      0.098     3.088 r  out_i_reg[11]_i_2/CO[3]
                         net (fo=1, routed)           0.000     3.088    out_i_reg[11]_i_2_n_0
    SLICE_X39Y41         CARRY4 (Prop_carry4_CI_CO[3])
                                                      0.098     3.186 r  out_i_reg[15]_i_4/CO[3]
                         net (fo=1, routed)           0.000     3.186    out_i_reg[15]_i_4_n_0
    SLICE_X39Y42         CARRY4 (Prop_carry4_CI_O[1])
                                                      0.265     3.451 f  out_i_reg[15]_i_7/O[1]
                         net (fo=4, routed)           0.596     4.047    out_i_reg[15]_i_7_n_6
    SLICE_X40Y40         LUT2 (Prop_lut2_I0_O)        0.250     4.297 r  out_i[15]_i_30/O
                         net (fo=1, routed)           0.000     4.297    out_i[15]_i_30_n_0
    SLICE_X40Y40         CARRY4 (Prop_carry4_S[1]_CO[3])
                                                      0.457     4.754 r  out_i_reg[15]_i_15/CO[3]
                         net (fo=1, routed)           0.000     4.754    out_i_reg[15]_i_15_n_0
    SLICE_X40Y41         CARRY4 (Prop_carry4_CI_CO[3])
                                                      0.098     4.852 r  out_i_reg[15]_i_6/CO[3]
                         net (fo=1, routed)           0.000     4.852    out_i_reg[15]_i_6_n_0
    SLICE_X40Y42         CARRY4 (Prop_carry4_CI_CO[0])
                                                      0.216     5.068 r  out_i_reg[15]_i_2/CO[0]
                         net (fo=79, routed)          0.697     5.765    y_i1
    SLICE_X38Y41         LUT4 (Prop_lut4_I2_O)        0.309     6.074 r  integ[3]_i_79/O
                         net (fo=1, routed)           0.000     6.074    integ[3]_i_79_n_0
    SLICE_X38Y41         CARRY4 (Prop_carry4_S[1]_CO[3])
                                                      0.444     6.518 r  integ_reg[3]_i_55/CO[3]
                         net (fo=1, routed)           0.000     6.518    integ_reg[3]_i_55_n_0
    SLICE_X38Y42         CARRY4 (Prop_carry4_CI_CO[3])
                                                      0.100     6.618 r  integ_reg[3]_i_38/CO[3]
                         net (fo=1, routed)           0.000     6.618    integ_reg[3]_i_38_n_0
    SLICE_X38Y43         CARRY4 (Prop_carry4_CI_CO[3])
                                                      0.100     6.718 r  integ_reg[3]_i_25/CO[3]
                         net (fo=1, routed)           0.000     6.718    integ_reg[3]_i_25_n_0
    SLICE_X38Y44         CARRY4 (Prop_carry4_CI_CO[3])
                                                      0.100     6.818 r  integ_reg[3]_i_12/CO[3]
                         net (fo=1, routed)           0.000     6.818    integ_reg[3]_i_12_n_0
    SLICE_X38Y45         CARRY4 (Prop_carry4_CI_CO[0])
                                                      0.207     7.025 r  integ_reg[3]_i_3/CO[0]
                         net (fo=19, routed)          0.521     7.546    integ_reg[3]_i_3_n_3
    SLICE_X40Y45         CARRY4 (Prop_carry4_S[1]_CO[3])
                                                      0.754     8.300 r  integ_reg[3]_i_13/CO[3]
                         net (fo=1, routed)           0.000     8.300    integ_reg[3]_i_13_n_0
    SLICE_X40Y46         CARRY4 (Prop_carry4_CI_CO[2])
                                                      0.190     8.490 r  integ_reg[3]_i_4/CO[2]
                         net (fo=4, routed)           0.531     9.022    sgn_dy1
    SLICE_X41Y48         LUT4 (Prop_lut4_I3_O)        0.280     9.302 r  integ[23]_i_4/O
                         net (fo=105, routed)         0.745    10.047    integ[23]_i_4_n_0
    SLICE_X40Y51         LUT6 (Prop_lut6_I3_O)        0.267    10.314 r  nco[21]_i_2/O
                         net (fo=1, routed)           0.435    10.749    nco[21]_i_2_n_0
    SLICE_X37Y52         LUT6 (Prop_lut6_I0_O)        0.105    10.854 r  nco[21]_i_1/O
                         net (fo=1, routed)           0.000    10.854    nco[21]_i_1_n_0
    SLICE_X37Y52         FDRE                                         r  nco_reg[21]/D
  -------------------------------------------------------------------    -------------------

                         (clock clk rise edge)       10.000    10.000 r
                                                      0.000    10.000 r  clk (IN)
                         net (fo=660, unset)          1.236    11.236    clk
    SLICE_X37Y52         FDRE                                         r  nco_reg[21]/C
                         clock pessimism              0.000    11.236
                         clock uncertainty           -0.035    11.201
    SLICE_X37Y52         FDRE (Setup_fdre_C_D)        0.033    11.234    nco_reg[21]
  -------------------------------------------------------------------
                         required time                         11.234
                         arrival time                         -10.854
  -------------------------------------------------------------------
                         slack                                  0.379

Slack (MET) :             0.409ns  (required time - arrival time)
  Source:                 s2_x_prev_i_reg[5]/C
                            (rising edge-triggered cell FDRE clocked by clk  {rise@0.000ns fall@5.000ns period=10.000ns})
  Destination:            nco_reg[26]/D
                            (rising edge-triggered cell FDRE clocked by clk  {rise@0.000ns fall@5.000ns period=10.000ns})
  Path Group:             clk
  Path Type:              Setup (Max at Slow Process Corner)
  Requirement:            10.000ns  (clk rise@10.000ns - clk rise@0.000ns)
  Data Path Delay:        9.420ns  (logic 5.333ns (56.616%)  route 4.087ns (43.384%))
  Logic Levels:           20  (CARRY4=14 LUT2=2 LUT4=2 LUT6=2)
  Clock Path Skew:        -0.169ns (DCD - SCD + CPR)
    Destination Clock Delay (DCD):    1.236ns = ( 11.236 - 10.000 )
    Source Clock Delay      (SCD):    1.405ns
    Clock Pessimism Removal (CPR):    0.000ns
  Clock Uncertainty:      0.035ns  ((TSJ^2 + TIJ^2)^1/2 + DJ) / 2 + PE
    Total System Jitter     (TSJ):    0.071ns
    Total Input Jitter      (TIJ):    0.000ns
    Discrete Jitter          (DJ):    0.000ns
    Phase Error              (PE):    0.000ns

    Location             Delay type                Incr(ns)  Path(ns)    Netlist Resource(s)
  -------------------------------------------------------------------    -------------------
                         (clock clk rise edge)        0.000     0.000 r
                                                      0.000     0.000 r  clk (IN)
                         net (fo=660, unset)          1.405     1.405    clk
    SLICE_X38Y38         FDRE                                         r  s2_x_prev_i_reg[5]/C
  -------------------------------------------------------------------    -------------------
    SLICE_X38Y38         FDRE (Prop_fdre_C_Q)         0.433     1.838 r  s2_x_prev_i_reg[5]/Q
                         net (fo=2, routed)           0.590     2.428    s2_x_prev_i[5]
    SLICE_X39Y39         LUT2 (Prop_lut2_I0_O)        0.105     2.533 r  out_i[7]_i_5/O
                         net (fo=1, routed)           0.000     2.533    out_i[7]_i_5_n_0
    SLICE_X39Y39         CARRY4 (Prop_carry4_S[1]_CO[3])
                                                      0.457     2.990 r  out_i_reg[7]_i_2/CO[3]
                         net (fo=1, routed)           0.000     2.990    out_i_reg[7]_i_2_n_0
    SLICE_X39Y40         CARRY4 (Prop_carry4_CI_CO[3])
                                                      0.098     3.088 r  out_i_reg[11]_i_2/CO[3]
                         net (fo=1, routed)           0.000     3.088    out_i_reg[11]_i_2_n_0
    SLICE_X39Y41         CARRY4 (Prop_carry4_CI_CO[3])
                                                      0.098     3.186 r  out_i_reg[15]_i_4/CO[3]
                         net (fo=1, routed)           0.000     3.186    out_i_reg[15]_i_4_n_0
    SLICE_X39Y42         CARRY4 (Prop_carry4_CI_O[1])
                                                      0.265     3.451 f  out_i_reg[15]_i_7/O[1]
                         net (fo=4, routed)           0.596     4.047    out_i_reg[15]_i_7_n_6
    SLICE_X40Y40         LUT2 (Prop_lut2_I0_O)        0.250     4.297 r  out_i[15]_i_30/O
                         net (fo=1, routed)           0.000     4.297    out_i[15]_i_30_n_0
    SLICE_X40Y40         CARRY4 (Prop_carry4_S[1]_CO[3])
                                                      0.457     4.754 r  out_i_reg[15]_i_15/CO[3]
                         net (fo=1, routed)           0.000     4.754    out_i_reg[15]_i_15_n_0
    SLICE_X40Y41         CARRY4 (Prop_carry4_CI_CO[3])
                                                      0.098     4.852 r  out_i_reg[15]_i_6/CO[3]
                         net (fo=1, routed)           0.000     4.852    out_i_reg[15]_i_6_n_0
    SLICE_X40Y42         CARRY4 (Prop_carry4_CI_CO[0])
                                                      0.216     5.068 r  out_i_reg[15]_i_2/CO[0]
                         net (fo=79, routed)          0.697     5.765    y_i1
    SLICE_X38Y41         LUT4 (Prop_lut4_I2_O)        0.309     6.074 r  integ[3]_i_79/O
                         net (fo=1, routed)           0.000     6.074    integ[3]_i_79_n_0
    SLICE_X38Y41         CARRY4 (Prop_carry4_S[1]_CO[3])
                                                      0.444     6.518 r  integ_reg[3]_i_55/CO[3]
                         net (fo=1, routed)           0.000     6.518    integ_reg[3]_i_55_n_0
    SLICE_X38Y42         CARRY4 (Prop_carry4_CI_CO[3])
                                                      0.100     6.618 r  integ_reg[3]_i_38/CO[3]
                         net (fo=1, routed)           0.000     6.618    integ_reg[3]_i_38_n_0
    SLICE_X38Y43         CARRY4 (Prop_carry4_CI_CO[3])
                                                      0.100     6.718 r  integ_reg[3]_i_25/CO[3]
                         net (fo=1, routed)           0.000     6.718    integ_reg[3]_i_25_n_0
    SLICE_X38Y44         CARRY4 (Prop_carry4_CI_CO[3])
                                                      0.100     6.818 r  integ_reg[3]_i_12/CO[3]
                         net (fo=1, routed)           0.000     6.818    integ_reg[3]_i_12_n_0
    SLICE_X38Y45         CARRY4 (Prop_carry4_CI_CO[0])
                                                      0.207     7.025 r  integ_reg[3]_i_3/CO[0]
                         net (fo=19, routed)          0.521     7.546    integ_reg[3]_i_3_n_3
    SLICE_X40Y45         CARRY4 (Prop_carry4_S[1]_CO[3])
                                                      0.754     8.300 r  integ_reg[3]_i_13/CO[3]
                         net (fo=1, routed)           0.000     8.300    integ_reg[3]_i_13_n_0
    SLICE_X40Y46         CARRY4 (Prop_carry4_CI_CO[2])
                                                      0.190     8.490 r  integ_reg[3]_i_4/CO[2]
                         net (fo=4, routed)           0.531     9.022    sgn_dy1
    SLICE_X41Y48         LUT4 (Prop_lut4_I3_O)        0.280     9.302 r  integ[23]_i_4/O
                         net (fo=105, routed)         0.781    10.083    integ[23]_i_4_n_0
    SLICE_X39Y54         LUT6 (Prop_lut6_I1_O)        0.267    10.350 r  nco[26]_i_2/O
                         net (fo=1, routed)           0.370    10.720    nco[26]_i_2_n_0
    SLICE_X37Y55         LUT6 (Prop_lut6_I0_O)        0.105    10.825 r  nco[26]_i_1/O
                         net (fo=1, routed)           0.000    10.825    nco[26]_i_1_n_0
    SLICE_X37Y55         FDRE                                         r  nco_reg[26]/D
  -------------------------------------------------------------------    -------------------

                         (clock clk rise edge)       10.000    10.000 r
                                                      0.000    10.000 r  clk (IN)
                         net (fo=660, unset)          1.236    11.236    clk
    SLICE_X37Y55         FDRE                                         r  nco_reg[26]/C
                         clock pessimism              0.000    11.236
                         clock uncertainty           -0.035    11.201
    SLICE_X37Y55         FDRE (Setup_fdre_C_D)        0.033    11.234    nco_reg[26]
  -------------------------------------------------------------------
                         required time                         11.234
                         arrival time                         -10.825
  -------------------------------------------------------------------
                         slack                                  0.409

Slack (MET) :             0.458ns  (required time - arrival time)
  Source:                 s2_x_prev_i_reg[5]/C
                            (rising edge-triggered cell FDRE clocked by clk  {rise@0.000ns fall@5.000ns period=10.000ns})
  Destination:            nco_reg[29]/D
                            (rising edge-triggered cell FDRE clocked by clk  {rise@0.000ns fall@5.000ns period=10.000ns})
  Path Group:             clk
  Path Type:              Setup (Max at Slow Process Corner)
  Requirement:            10.000ns  (clk rise@10.000ns - clk rise@0.000ns)
  Data Path Delay:        9.369ns  (logic 5.333ns (56.920%)  route 4.036ns (43.080%))
  Logic Levels:           20  (CARRY4=14 LUT2=2 LUT4=2 LUT6=2)
  Clock Path Skew:        -0.170ns (DCD - SCD + CPR)
    Destination Clock Delay (DCD):    1.235ns = ( 11.235 - 10.000 )
    Source Clock Delay      (SCD):    1.405ns
    Clock Pessimism Removal (CPR):    0.000ns
  Clock Uncertainty:      0.035ns  ((TSJ^2 + TIJ^2)^1/2 + DJ) / 2 + PE
    Total System Jitter     (TSJ):    0.071ns
    Total Input Jitter      (TIJ):    0.000ns
    Discrete Jitter          (DJ):    0.000ns
    Phase Error              (PE):    0.000ns

    Location             Delay type                Incr(ns)  Path(ns)    Netlist Resource(s)
  -------------------------------------------------------------------    -------------------
                         (clock clk rise edge)        0.000     0.000 r
                                                      0.000     0.000 r  clk (IN)
                         net (fo=660, unset)          1.405     1.405    clk
    SLICE_X38Y38         FDRE                                         r  s2_x_prev_i_reg[5]/C
  -------------------------------------------------------------------    -------------------
    SLICE_X38Y38         FDRE (Prop_fdre_C_Q)         0.433     1.838 r  s2_x_prev_i_reg[5]/Q
                         net (fo=2, routed)           0.590     2.428    s2_x_prev_i[5]
    SLICE_X39Y39         LUT2 (Prop_lut2_I0_O)        0.105     2.533 r  out_i[7]_i_5/O
                         net (fo=1, routed)           0.000     2.533    out_i[7]_i_5_n_0
    SLICE_X39Y39         CARRY4 (Prop_carry4_S[1]_CO[3])
                                                      0.457     2.990 r  out_i_reg[7]_i_2/CO[3]
                         net (fo=1, routed)           0.000     2.990    out_i_reg[7]_i_2_n_0
    SLICE_X39Y40         CARRY4 (Prop_carry4_CI_CO[3])
                                                      0.098     3.088 r  out_i_reg[11]_i_2/CO[3]
                         net (fo=1, routed)           0.000     3.088    out_i_reg[11]_i_2_n_0
    SLICE_X39Y41         CARRY4 (Prop_carry4_CI_CO[3])
                                                      0.098     3.186 r  out_i_reg[15]_i_4/CO[3]
                         net (fo=1, routed)           0.000     3.186    out_i_reg[15]_i_4_n_0
    SLICE_X39Y42         CARRY4 (Prop_carry4_CI_O[1])
                                                      0.265     3.451 f  out_i_reg[15]_i_7/O[1]
                         net (fo=4, routed)           0.596     4.047    out_i_reg[15]_i_7_n_6
    SLICE_X40Y40         LUT2 (Prop_lut2_I0_O)        0.250     4.297 r  out_i[15]_i_30/O
                         net (fo=1, routed)           0.000     4.297    out_i[15]_i_30_n_0
    SLICE_X40Y40         CARRY4 (Prop_carry4_S[1]_CO[3])
                                                      0.457     4.754 r  out_i_reg[15]_i_15/CO[3]
                         net (fo=1, routed)           0.000     4.754    out_i_reg[15]_i_15_n_0
    SLICE_X40Y41         CARRY4 (Prop_carry4_CI_CO[3])
                                                      0.098     4.852 r  out_i_reg[15]_i_6/CO[3]
                         net (fo=1, routed)           0.000     4.852    out_i_reg[15]_i_6_n_0
    SLICE_X40Y42         CARRY4 (Prop_carry4_CI_CO[0])
                                                      0.216     5.068 r  out_i_reg[15]_i_2/CO[0]
                         net (fo=79, routed)          0.697     5.765    y_i1
    SLICE_X38Y41         LUT4 (Prop_lut4_I2_O)        0.309     6.074 r  integ[3]_i_79/O
                         net (fo=1, routed)           0.000     6.074    integ[3]_i_79_n_0
    SLICE_X38Y41         CARRY4 (Prop_carry4_S[1]_CO[3])
                                                      0.444     6.518 r  integ_reg[3]_i_55/CO[3]
                         net (fo=1, routed)           0.000     6.518    integ_reg[3]_i_55_n_0
    SLICE_X38Y42         CARRY4 (Prop_carry4_CI_CO[3])
                                                      0.100     6.618 r  integ_reg[3]_i_38/CO[3]
                         net (fo=1, routed)           0.000     6.618    integ_reg[3]_i_38_n_0
    SLICE_X38Y43         CARRY4 (Prop_carry4_CI_CO[3])
                                                      0.100     6.718 r  integ_reg[3]_i_25/CO[3]
                         net (fo=1, routed)           0.000     6.718    integ_reg[3]_i_25_n_0
    SLICE_X38Y44         CARRY4 (Prop_carry4_CI_CO[3])
                                                      0.100     6.818 r  integ_reg[3]_i_12/CO[3]
                         net (fo=1, routed)           0.000     6.818    integ_reg[3]_i_12_n_0
    SLICE_X38Y45         CARRY4 (Prop_carry4_CI_CO[0])
                                                      0.207     7.025 r  integ_reg[3]_i_3/CO[0]
                         net (fo=19, routed)          0.521     7.546    integ_reg[3]_i_3_n_3
    SLICE_X40Y45         CARRY4 (Prop_carry4_S[1]_CO[3])
                                                      0.754     8.300 r  integ_reg[3]_i_13/CO[3]
                         net (fo=1, routed)           0.000     8.300    integ_reg[3]_i_13_n_0
    SLICE_X40Y46         CARRY4 (Prop_carry4_CI_CO[2])
                                                      0.190     8.490 r  integ_reg[3]_i_4/CO[2]
                         net (fo=4, routed)           0.531     9.022    sgn_dy1
    SLICE_X41Y48         LUT4 (Prop_lut4_I3_O)        0.280     9.302 r  integ[23]_i_4/O
                         net (fo=105, routed)         0.786    10.087    integ[23]_i_4_n_0
    SLICE_X41Y53         LUT6 (Prop_lut6_I3_O)        0.267    10.354 r  nco[29]_i_2/O
                         net (fo=1, routed)           0.315    10.669    nco[29]_i_2_n_0
    SLICE_X43Y53         LUT6 (Prop_lut6_I0_O)        0.105    10.774 r  nco[29]_i_1/O
                         net (fo=1, routed)           0.000    10.774    nco[29]_i_1_n_0
    SLICE_X43Y53         FDRE                                         r  nco_reg[29]/D
  -------------------------------------------------------------------    -------------------

                         (clock clk rise edge)       10.000    10.000 r
                                                      0.000    10.000 r  clk (IN)
                         net (fo=660, unset)          1.235    11.235    clk
    SLICE_X43Y53         FDRE                                         r  nco_reg[29]/C
                         clock pessimism              0.000    11.235
                         clock uncertainty           -0.035    11.200
    SLICE_X43Y53         FDRE (Setup_fdre_C_D)        0.033    11.233    nco_reg[29]
  -------------------------------------------------------------------
                         required time                         11.233
                         arrival time                         -10.774
  -------------------------------------------------------------------
                         slack                                  0.458

Slack (MET) :             0.461ns  (required time - arrival time)
  Source:                 s2_x_prev_i_reg[5]/C
                            (rising edge-triggered cell FDRE clocked by clk  {rise@0.000ns fall@5.000ns period=10.000ns})
  Destination:            nco_reg[31]/D
                            (rising edge-triggered cell FDRE clocked by clk  {rise@0.000ns fall@5.000ns period=10.000ns})
  Path Group:             clk
  Path Type:              Setup (Max at Slow Process Corner)
  Requirement:            10.000ns  (clk rise@10.000ns - clk rise@0.000ns)
  Data Path Delay:        9.365ns  (logic 5.333ns (56.944%)  route 4.032ns (43.056%))
  Logic Levels:           20  (CARRY4=14 LUT2=2 LUT4=2 LUT6=2)
  Clock Path Skew:        -0.170ns (DCD - SCD + CPR)
    Destination Clock Delay (DCD):    1.235ns = ( 11.235 - 10.000 )
    Source Clock Delay      (SCD):    1.405ns
    Clock Pessimism Removal (CPR):    0.000ns
  Clock Uncertainty:      0.035ns  ((TSJ^2 + TIJ^2)^1/2 + DJ) / 2 + PE
    Total System Jitter     (TSJ):    0.071ns
    Total Input Jitter      (TIJ):    0.000ns
    Discrete Jitter          (DJ):    0.000ns
    Phase Error              (PE):    0.000ns

    Location             Delay type                Incr(ns)  Path(ns)    Netlist Resource(s)
  -------------------------------------------------------------------    -------------------
                         (clock clk rise edge)        0.000     0.000 r
                                                      0.000     0.000 r  clk (IN)
                         net (fo=660, unset)          1.405     1.405    clk
    SLICE_X38Y38         FDRE                                         r  s2_x_prev_i_reg[5]/C
  -------------------------------------------------------------------    -------------------
    SLICE_X38Y38         FDRE (Prop_fdre_C_Q)         0.433     1.838 r  s2_x_prev_i_reg[5]/Q
                         net (fo=2, routed)           0.590     2.428    s2_x_prev_i[5]
    SLICE_X39Y39         LUT2 (Prop_lut2_I0_O)        0.105     2.533 r  out_i[7]_i_5/O
                         net (fo=1, routed)           0.000     2.533    out_i[7]_i_5_n_0
    SLICE_X39Y39         CARRY4 (Prop_carry4_S[1]_CO[3])
                                                      0.457     2.990 r  out_i_reg[7]_i_2/CO[3]
                         net (fo=1, routed)           0.000     2.990    out_i_reg[7]_i_2_n_0
    SLICE_X39Y40         CARRY4 (Prop_carry4_CI_CO[3])
                                                      0.098     3.088 r  out_i_reg[11]_i_2/CO[3]
                         net (fo=1, routed)           0.000     3.088    out_i_reg[11]_i_2_n_0
    SLICE_X39Y41         CARRY4 (Prop_carry4_CI_CO[3])
                                                      0.098     3.186 r  out_i_reg[15]_i_4/CO[3]
                         net (fo=1, routed)           0.000     3.186    out_i_reg[15]_i_4_n_0
    SLICE_X39Y42         CARRY4 (Prop_carry4_CI_O[1])
                                                      0.265     3.451 f  out_i_reg[15]_i_7/O[1]
                         net (fo=4, routed)           0.596     4.047    out_i_reg[15]_i_7_n_6
    SLICE_X40Y40         LUT2 (Prop_lut2_I0_O)        0.250     4.297 r  out_i[15]_i_30/O
                         net (fo=1, routed)           0.000     4.297    out_i[15]_i_30_n_0
    SLICE_X40Y40         CARRY4 (Prop_carry4_S[1]_CO[3])
                                                      0.457     4.754 r  out_i_reg[15]_i_15/CO[3]
                         net (fo=1, routed)           0.000     4.754    out_i_reg[15]_i_15_n_0
    SLICE_X40Y41         CARRY4 (Prop_carry4_CI_CO[3])
                                                      0.098     4.852 r  out_i_reg[15]_i_6/CO[3]
                         net (fo=1, routed)           0.000     4.852    out_i_reg[15]_i_6_n_0
    SLICE_X40Y42         CARRY4 (Prop_carry4_CI_CO[0])
                                                      0.216     5.068 r  out_i_reg[15]_i_2/CO[0]
                         net (fo=79, routed)          0.697     5.765    y_i1
    SLICE_X38Y41         LUT4 (Prop_lut4_I2_O)        0.309     6.074 r  integ[3]_i_79/O
                         net (fo=1, routed)           0.000     6.074    integ[3]_i_79_n_0
    SLICE_X38Y41         CARRY4 (Prop_carry4_S[1]_CO[3])
                                                      0.444     6.518 r  integ_reg[3]_i_55/CO[3]
                         net (fo=1, routed)           0.000     6.518    integ_reg[3]_i_55_n_0
    SLICE_X38Y42         CARRY4 (Prop_carry4_CI_CO[3])
                                                      0.100     6.618 r  integ_reg[3]_i_38/CO[3]
                         net (fo=1, routed)           0.000     6.618    integ_reg[3]_i_38_n_0
    SLICE_X38Y43         CARRY4 (Prop_carry4_CI_CO[3])
                                                      0.100     6.718 r  integ_reg[3]_i_25/CO[3]
                         net (fo=1, routed)           0.000     6.718    integ_reg[3]_i_25_n_0
    SLICE_X38Y44         CARRY4 (Prop_carry4_CI_CO[3])
                                                      0.100     6.818 r  integ_reg[3]_i_12/CO[3]
                         net (fo=1, routed)           0.000     6.818    integ_reg[3]_i_12_n_0
    SLICE_X38Y45         CARRY4 (Prop_carry4_CI_CO[0])
                                                      0.207     7.025 r  integ_reg[3]_i_3/CO[0]
                         net (fo=19, routed)          0.521     7.546    integ_reg[3]_i_3_n_3
    SLICE_X40Y45         CARRY4 (Prop_carry4_S[1]_CO[3])
                                                      0.754     8.300 r  integ_reg[3]_i_13/CO[3]
                         net (fo=1, routed)           0.000     8.300    integ_reg[3]_i_13_n_0
    SLICE_X40Y46         CARRY4 (Prop_carry4_CI_CO[2])
                                                      0.190     8.490 r  integ_reg[3]_i_4/CO[2]
                         net (fo=4, routed)           0.531     9.022    sgn_dy1
    SLICE_X41Y48         LUT4 (Prop_lut4_I3_O)        0.280     9.302 r  integ[23]_i_4/O
                         net (fo=105, routed)         0.718    10.020    integ[23]_i_4_n_0
    SLICE_X40Y53         LUT6 (Prop_lut6_I1_O)        0.267    10.287 r  nco[31]_i_5/O
                         net (fo=1, routed)           0.379    10.665    nco[31]_i_5_n_0
    SLICE_X40Y53         LUT6 (Prop_lut6_I4_O)        0.105    10.770 r  nco[31]_i_2/O
                         net (fo=1, routed)           0.000    10.770    nco[31]_i_2_n_0
    SLICE_X40Y53         FDRE                                         r  nco_reg[31]/D
  -------------------------------------------------------------------    -------------------

                         (clock clk rise edge)       10.000    10.000 r
                                                      0.000    10.000 r  clk (IN)
                         net (fo=660, unset)          1.235    11.235    clk
    SLICE_X40Y53         FDRE                                         r  nco_reg[31]/C
                         clock pessimism              0.000    11.235
                         clock uncertainty           -0.035    11.200
    SLICE_X40Y53         FDRE (Setup_fdre_C_D)        0.032    11.232    nco_reg[31]
  -------------------------------------------------------------------
                         required time                         11.232
                         arrival time                         -10.770
  -------------------------------------------------------------------
                         slack                                  0.461





Pulse Width Checks
--------------------------------------------------------------------------------------
Clock Name:         clk
Waveform(ns):       { 0.000 5.000 }
Period(ns):         10.000
Sources:            { clk }

Check Type        Corner  Lib Pin      Reference Pin  Required(ns)  Actual(ns)  Slack(ns)  Location      Pin
Min Period        n/a     DSP48E1/CLK  n/a            2.997         10.000      7.003      DSP48_X2Y17   s2_mu_dq_reg/CLK
Min Period        n/a     DSP48E1/CLK  n/a            1.816         10.000      8.184      DSP48_X2Y16   s2_mu_di_reg/CLK
Min Period        n/a     FDRE/C       n/a            1.000         10.000      9.000      SLICE_X47Y50  c_integ_m_reg[10]/C
Min Period        n/a     FDRE/C       n/a            1.000         10.000      9.000      SLICE_X47Y51  c_integ_m_reg[11]/C
Min Period        n/a     FDRE/C       n/a            1.000         10.000      9.000      SLICE_X47Y51  c_integ_m_reg[12]/C
Min Period        n/a     FDRE/C       n/a            1.000         10.000      9.000      SLICE_X47Y51  c_integ_m_reg[13]/C
Min Period        n/a     FDRE/C       n/a            1.000         10.000      9.000      SLICE_X47Y51  c_integ_m_reg[14]/C
Min Period        n/a     FDRE/C       n/a            1.000         10.000      9.000      SLICE_X47Y52  c_integ_m_reg[15]/C
Min Period        n/a     FDRE/C       n/a            1.000         10.000      9.000      SLICE_X47Y52  c_integ_m_reg[16]/C
Min Period        n/a     FDRE/C       n/a            1.000         10.000      9.000      SLICE_X47Y52  c_integ_m_reg[17]/C
Low Pulse Width   Slow    FDRE/C       n/a            0.500         5.000       4.500      SLICE_X47Y50  c_integ_m_reg[10]/C
Low Pulse Width   Fast    FDRE/C       n/a            0.500         5.000       4.500      SLICE_X47Y50  c_integ_m_reg[10]/C
Low Pulse Width   Slow    FDRE/C       n/a            0.500         5.000       4.500      SLICE_X47Y51  c_integ_m_reg[11]/C
Low Pulse Width   Fast    FDRE/C       n/a            0.500         5.000       4.500      SLICE_X47Y51  c_integ_m_reg[11]/C
Low Pulse Width   Slow    FDRE/C       n/a            0.500         5.000       4.500      SLICE_X47Y51  c_integ_m_reg[12]/C
Low Pulse Width   Fast    FDRE/C       n/a            0.500         5.000       4.500      SLICE_X47Y51  c_integ_m_reg[12]/C
Low Pulse Width   Slow    FDRE/C       n/a            0.500         5.000       4.500      SLICE_X47Y51  c_integ_m_reg[13]/C
Low Pulse Width   Fast    FDRE/C       n/a            0.500         5.000       4.500      SLICE_X47Y51  c_integ_m_reg[13]/C
Low Pulse Width   Slow    FDRE/C       n/a            0.500         5.000       4.500      SLICE_X47Y51  c_integ_m_reg[14]/C
Low Pulse Width   Fast    FDRE/C       n/a            0.500         5.000       4.500      SLICE_X47Y51  c_integ_m_reg[14]/C
High Pulse Width  Slow    FDRE/C       n/a            0.500         5.000       4.500      SLICE_X47Y50  c_integ_m_reg[10]/C
High Pulse Width  Fast    FDRE/C       n/a            0.500         5.000       4.500      SLICE_X47Y50  c_integ_m_reg[10]/C
High Pulse Width  Slow    FDRE/C       n/a            0.500         5.000       4.500      SLICE_X47Y51  c_integ_m_reg[11]/C
High Pulse Width  Fast    FDRE/C       n/a            0.500         5.000       4.500      SLICE_X47Y51  c_integ_m_reg[11]/C
High Pulse Width  Slow    FDRE/C       n/a            0.500         5.000       4.500      SLICE_X47Y51  c_integ_m_reg[12]/C
High Pulse Width  Fast    FDRE/C       n/a            0.500         5.000       4.500      SLICE_X47Y51  c_integ_m_reg[12]/C
High Pulse Width  Slow    FDRE/C       n/a            0.500         5.000       4.500      SLICE_X47Y51  c_integ_m_reg[13]/C
High Pulse Width  Fast    FDRE/C       n/a            0.500         5.000       4.500      SLICE_X47Y51  c_integ_m_reg[13]/C
High Pulse Width  Slow    FDRE/C       n/a            0.500         5.000       4.500      SLICE_X47Y51  c_integ_m_reg[14]/C
High Pulse Width  Fast    FDRE/C       n/a            0.500         5.000       4.500      SLICE_X47Y51  c_integ_m_reg[14]/C
