Copyright 1986-2021 Xilinx, Inc. All Rights Reserved.
---------------------------------------------------------------------------------------------------------------------------------------------------------------------------------------------
| Tool Version : Vivado v.2021.1 (win64) Build 3247384 Thu Jun 10 19:36:33 MDT 2021
| Date         : normalized
| Host         : normalized
| Command      : report_timing_summary -delay_type max -max_paths 10 -file <output_dir>/bpsk_rrc_tx_fir_post_route_timing_summary.rpt
| Design       : bpsk_rrc_tx_fir
| Device       : 7z020-clg400
| Speed File   : -2  PRODUCTION 1.12 2019-11-22
---------------------------------------------------------------------------------------------------------------------------------------------------------------------------------------------

Timing Summary Report

------------------------------------------------------------------------------------------------
| Timer Settings
| --------------
------------------------------------------------------------------------------------------------

  Enable Multi Corner Analysis               :  Yes
  Enable Pessimism Removal                   :  Yes
  Pessimism Removal Resolution               :  Nearest Common Node
  Enable Input Delay Default Clock           :  No
  Enable Preset / Clear Arcs                 :  No
  Disable Flight Delays                      :  No
  Ignore I/O Paths                           :  No
  Timing Early Launch at Borrowing Latches   :  No
  Borrow Time for Max Delay Exceptions       :  Yes
  Merge Timing Exceptions                    :  Yes

  Corner  Analyze    Analyze
  Name    Max Paths  Min Paths
  ------  ---------  ---------
  Slow    Yes        Yes
  Fast    Yes        Yes


------------------------------------------------------------------------------------------------
| Report Methodology
| ------------------
------------------------------------------------------------------------------------------------

No report available as report_methodology has not been run prior. Run report_methodology on the current design for the summary of methodology violations.



check_timing report

Table of Contents
-----------------
1. checking no_clock (0)
2. checking constant_clock (0)
3. checking pulse_width_clock (0)
4. checking unconstrained_internal_endpoints (0)
5. checking no_input_delay (0)
6. checking no_output_delay (0)
7. checking multiple_clock (0)
8. checking generated_clocks (0)
9. checking loops (0)
10. checking partial_input_delay (0)
11. checking partial_output_delay (0)
12. checking latch_loops (0)

1. checking no_clock (0)
------------------------
 There are 0 register/latch pins with no clock.


2. checking constant_clock (0)
------------------------------
 There are 0 register/latch pins with constant_clock.


3. checking pulse_width_clock (0)
---------------------------------
 There are 0 register/latch pins which need pulse_width check


4. checking unconstrained_internal_endpoints (0)
------------------------------------------------
 There are 0 pins that are not constrained for maximum delay.

 There are 0 pins that are not constrained for maximum delay due to constant clock.


5. checking no_input_delay (0)
------------------------------
 There are 0 input ports with no input delay specified.

 There are 0 input ports with no input delay but user has a false path constraint.


6. checking no_output_delay (0)
-------------------------------
 There are 0 ports with no output delay specified.

 There are 0 ports with no output delay but user has a false path constraint

 There are 0 ports with no output delay but with a timing clock defined on it or propagating through it


7. checking multiple_clock (0)
------------------------------
 There are 0 register/latch pins with multiple clocks.


8. checking generated_clocks (0)
--------------------------------
 There are 0 generated clocks that are not connected to a clock source.


9. checking loops (0)
---------------------
 There are 0 combinational loops in the design.


10. checking partial_input_delay (0)
------------------------------------
 There are 0 input ports with partial input delay specified.


11. checking partial_output_delay (0)
-------------------------------------
 There are 0 ports with partial output delay specified.


12. checking latch_loops (0)
----------------------------
 There are 0 combinational latch loops in the design through latch input



------------------------------------------------------------------------------------------------
| Design Timing Summary
| ---------------------
------------------------------------------------------------------------------------------------

    WNS(ns)      TNS(ns)  TNS Failing Endpoints  TNS Total Endpoints     WPWS(ns)     TPWS(ns)  TPWS Failing Endpoints  TPWS Total Endpoints
    -------      -------  ---------------------  -------------------     --------     --------  ----------------------  --------------------
      3.038        0.000                      0                14843        4.500        0.000                       0                  2362


All user specified timing constraints are met.


------------------------------------------------------------------------------------------------
| Clock Summary
| -------------
------------------------------------------------------------------------------------------------

Clock  Waveform(ns)       Period(ns)      Frequency(MHz)
-----  ------------       ----------      --------------
clk    {0.000 5.000}      10.000          100.000


------------------------------------------------------------------------------------------------
| Intra Clock Table
| -----------------
------------------------------------------------------------------------------------------------

Clock             WNS(ns)      TNS(ns)  TNS Failing Endpoints  TNS Total Endpoints     WPWS(ns)     TPWS(ns)  TPWS Failing Endpoints  TPWS Total Endpoints
-----             -------      -------  ---------------------  -------------------     --------     --------  ----------------------  --------------------
clk                 3.038        0.000                      0                14843        4.500        0.000                       0                  2362


------------------------------------------------------------------------------------------------
| Inter Clock Table
| -----------------
------------------------------------------------------------------------------------------------

From Clock    To Clock          WNS(ns)      TNS(ns)  TNS Failing Endpoints  TNS Total Endpoints
----------    --------          -------      -------  ---------------------  -------------------


------------------------------------------------------------------------------------------------
| Other Path Groups Table
| -----------------------
------------------------------------------------------------------------------------------------

Path Group    From Clock    To Clock          WNS(ns)      TNS(ns)  TNS Failing Endpoints  TNS Total Endpoints
----------    ----------    --------          -------      -------  ---------------------  -------------------


------------------------------------------------------------------------------------------------
| Timing Details
| --------------
------------------------------------------------------------------------------------------------


---------------------------------------------------------------------------------------------------
From Clock:  clk
  To Clock:  clk

Setup :            0  Failing Endpoints,  Worst Slack        3.038ns,  Total Violation        0.000ns
Hold  :           NA  Failing Endpoints,  Worst Slack           NA  ,  Total Violation           NA
PW    :            0  Failing Endpoints,  Worst Slack        4.500ns,  Total Violation        0.000ns
---------------------------------------------------------------------------------------------------


Max Delay Paths
--------------------------------------------------------------------------------------
Slack (MET) :             3.038ns  (required time - arrival time)
  Source:                 stage0_valid_reg/C
                            (rising edge-triggered cell FDRE clocked by clk  {rise@0.000ns fall@5.000ns period=10.000ns})
  Destination:            sum1_i_reg[12]/CEP
                            (rising edge-triggered cell DSP48E1 clocked by clk  {rise@0.000ns fall@5.000ns period=10.000ns})
  Path Group:             clk
  Path Type:              Setup (Max at Slow Process Corner)
  Requirement:            10.000ns  (clk rise@10.000ns - clk rise@0.000ns)
  Data Path Delay:        6.397ns  (logic 0.433ns (6.769%)  route 5.964ns (93.231%))
  Logic Levels:           0
  Clock Path Skew:        -0.103ns (DCD - SCD + CPR)
    Destination Clock Delay (DCD):    1.406ns = ( 11.406 - 10.000 )
    Source Clock Delay      (SCD):    1.521ns
    Clock Pessimism Removal (CPR):    0.012ns
  Clock Uncertainty:      0.035ns  ((TSJ^2 + TIJ^2)^1/2 + DJ) / 2 + PE
    Total System Jitter     (TSJ):    0.071ns
    Total Input Jitter      (TIJ):    0.000ns
    Discrete Jitter          (DJ):    0.000ns
    Phase Error              (PE):    0.000ns

    Location             Delay type                Incr(ns)  Path(ns)    Netlist Resource(s)
  -------------------------------------------------------------------    -------------------
                         (clock clk rise edge)        0.000     0.000 r
                                                      0.000     0.000 r  clk (IN)
                         net (fo=2361, unset)         1.521     1.521    clk
    SLICE_X96Y41         FDRE                                         r  stage0_valid_reg/C
  -------------------------------------------------------------------    -------------------
    SLICE_X96Y41         FDRE (Prop_fdre_C_Q)         0.433     1.954 r  stage0_valid_reg/Q
                         net (fo=35, routed)          5.964     7.918    stage0_valid
    DSP48_X1Y0           DSP48E1                                      r  sum1_i_reg[12]/CEP
  -------------------------------------------------------------------    -------------------

                         (clock clk rise edge)       10.000    10.000 r
                                                      0.000    10.000 r  clk (IN)
                         net (fo=2361, unset)         1.406    11.406    clk
    DSP48_X1Y0           DSP48E1                                      r  sum1_i_reg[12]/CLK
                         clock pessimism              0.012    11.418
                         clock uncertainty           -0.035    11.382
    DSP48_X1Y0           DSP48E1 (Setup_dsp48e1_CLK_CEP)
                                                     -0.426    10.956    sum1_i_reg[12]
  -------------------------------------------------------------------
                         required time                         10.956
                         arrival time                          -7.918
  -------------------------------------------------------------------
                         slack                                  3.038

Slack (MET) :             3.061ns  (required time - arrival time)
  Source:                 stage0_valid_reg/C
                            (rising edge-triggered cell FDRE clocked by clk  {rise@0.000ns fall@5.000ns period=10.000ns})
  Destination:            sum1_i_reg[10]/CEP
                            (rising edge-triggered cell DSP48E1 clocked by clk  {rise@0.000ns fall@5.000ns period=10.000ns})
  Path Group:             clk
  Path Type:              Setup (Max at Slow Process Corner)
  Requirement:            10.000ns  (clk rise@10.000ns - clk rise@0.000ns)
  Data Path Delay:        6.375ns  (logic 0.433ns (6.792%)  route 5.942ns (93.208%))
  Logic Levels:           0
  Clock Path Skew:        -0.102ns (DCD - SCD + CPR)
    Destination Clock Delay (DCD):    1.407ns = ( 11.407 - 10.000 )
    Source Clock Delay      (SCD):    1.521ns
    Clock Pessimism Removal (CPR):    0.012ns
  Clock Uncertainty:      0.035ns  ((TSJ^2 + TIJ^2)^1/2 + DJ) / 2 + PE
    Total System Jitter     (TSJ):    0.071ns
    Total Input Jitter      (TIJ):    0.000ns
    Discrete Jitter          (DJ):    0.000ns
    Phase Error              (PE):    0.000ns

    Location             Delay type                Incr(ns)  Path(ns)    Netlist Resource(s)
  -------------------------------------------------------------------    -------------------
                         (clock clk rise edge)        0.000     0.000 r
                                                      0.000     0.000 r  clk (IN)
                         net (fo=2361, unset)         1.521     1.521    clk
    SLICE_X96Y41         FDRE                                         r  stage0_valid_reg/C
  -------------------------------------------------------------------    -------------------
    SLICE_X96Y41         FDRE (Prop_fdre_C_Q)         0.433     1.954 r  stage0_valid_reg/Q
                         net (fo=35, routed)          5.942     7.896    stage0_valid
    DSP48_X0Y4           DSP48E1                                      r  sum1_i_reg[10]/CEP
  -------------------------------------------------------------------    -------------------

                         (clock clk rise edge)       10.000    10.000 r
                                                      0.000    10.000 r  clk (IN)
                         net (fo=2361, unset)         1.407    11.407    clk
    DSP48_X0Y4           DSP48E1                                      r  sum1_i_reg[10]/CLK
                         clock pessimism              0.012    11.419
                         clock uncertainty           -0.035    11.383
    DSP48_X0Y4           DSP48E1 (Setup_dsp48e1_CLK_CEP)
                                                     -0.426    10.957    sum1_i_reg[10]
  -------------------------------------------------------------------
                         required time                         10.957
                         arrival time                          -7.896
  -------------------------------------------------------------------
                         slack                                  3.061

Slack (MET) :             3.169ns  (required time - arrival time)
  Source:                 stage0_valid_reg/C
                            (rising edge-triggered cell FDRE clocked by clk  {rise@0.000ns fall@5.000ns period=10.000ns})
  Destination:            sum1_i_reg[13]/CEP
                            (rising edge-triggered cell DSP48E1 clocked by clk  {rise@0.000ns fall@5.000ns period=10.000ns})
  Path Group:             clk
  Path Type:              Setup (Max at Slow Process Corner)
  Requirement:            10.000ns  (clk rise@10.000ns - clk rise@0.000ns)
  Data Path Delay:        6.266ns  (logic 0.433ns (6.910%)  route 5.833ns (93.090%))
  Logic Levels:           0
  Clock Path Skew:        -0.103ns (DCD - SCD + CPR)
    Destination Clock Delay (DCD):    1.406ns = ( 11.406 - 10.000 )
    Source Clock Delay      (SCD):    1.521ns
    Clock Pessimism Removal (CPR):    0.012ns
  Clock Uncertainty:      0.035ns  ((TSJ^2 + TIJ^2)^1/2 + DJ) / 2 + PE
    Total System Jitter     (TSJ):    0.071ns
    Total Input Jitter      (TIJ):    0.000ns
    Discrete Jitter          (DJ):    0.000ns
    Phase Error              (PE):    0.000ns

    Location             Delay type                Incr(ns)  Path(ns)    Netlist Resource(s)
  -------------------------------------------------------------------    -------------------
                         (clock clk rise edge)        0.000     0.000 r
                                                      0.000     0.000 r  clk (IN)
                         net (fo=2361, unset)         1.521     1.521    clk
    SLICE_X96Y41         FDRE                                         r  stage0_valid_reg/C
  -------------------------------------------------------------------    -------------------
    SLICE_X96Y41         FDRE (Prop_fdre_C_Q)         0.433     1.954 r  stage0_valid_reg/Q
                         net (fo=35, routed)          5.833     7.787    stage0_valid
    DSP48_X1Y2           DSP48E1                                      r  sum1_i_reg[13]/CEP
  -------------------------------------------------------------------    -------------------

                         (clock clk rise edge)       10.000    10.000 r
                                                      0.000    10.000 r  clk (IN)
                         net (fo=2361, unset)         1.406    11.406    clk
    DSP48_X1Y2           DSP48E1                                      r  sum1_i_reg[13]/CLK
                         clock pessimism              0.012    11.418
                         clock uncertainty           -0.035    11.382
    DSP48_X1Y2           DSP48E1 (Setup_dsp48e1_CLK_CEP)
                                                     -0.426    10.956    sum1_i_reg[13]
  -------------------------------------------------------------------
                         required time                         10.956
                         arrival time                          -7.787
  -------------------------------------------------------------------
                         slack                                  3.169

Slack (MET) :             3.458ns  (required time - arrival time)
  Source:                 stage0_valid_reg/C
                            (rising edge-triggered cell FDRE clocked by clk  {rise@0.000ns fall@5.000ns period=10.000ns})
  Destination:            sum1_i_reg[11]/CEP
                            (rising edge-triggered cell DSP48E1 clocked by clk  {rise@0.000ns fall@5.000ns period=10.000ns})
  Path Group:             clk
  Path Type:              Setup (Max at Slow Process Corner)
  Requirement:            10.000ns  (clk rise@10.000ns - clk rise@0.000ns)
  Data Path Delay:        5.974ns  (logic 0.433ns (7.248%)  route 5.541ns (92.752%))
  Logic Levels:           0
  Clock Path Skew:        -0.106ns (DCD - SCD + CPR)
    Destination Clock Delay (DCD):    1.403ns = ( 11.403 - 10.000 )
    Source Clock Delay      (SCD):    1.521ns
    Clock Pessimism Removal (CPR):    0.012ns
  Clock Uncertainty:      0.035ns  ((TSJ^2 + TIJ^2)^1/2 + DJ) / 2 + PE
    Total System Jitter     (TSJ):    0.071ns
    Total Input Jitter      (TIJ):    0.000ns
    Discrete Jitter          (DJ):    0.000ns
    Phase Error              (PE):    0.000ns

    Location             Delay type                Incr(ns)  Path(ns)    Netlist Resource(s)
  -------------------------------------------------------------------    -------------------
                         (clock clk rise edge)        0.000     0.000 r
                                                      0.000     0.000 r  clk (IN)
                         net (fo=2361, unset)         1.521     1.521    clk
    SLICE_X96Y41         FDRE                                         r  stage0_valid_reg/C
  -------------------------------------------------------------------    -------------------
    SLICE_X96Y41         FDRE (Prop_fdre_C_Q)         0.433     1.954 r  stage0_valid_reg/Q
                         net (fo=35, routed)          5.541     7.495    stage0_valid
    DSP48_X1Y4           DSP48E1                                      r  sum1_i_reg[11]/CEP
  -------------------------------------------------------------------    -------------------

                         (clock clk rise edge)       10.000    10.000 r
                                                      0.000    10.000 r  clk (IN)
                         net (fo=2361, unset)         1.403    11.403    clk
    DSP48_X1Y4           DSP48E1                                      r  sum1_i_reg[11]/CLK
                         clock pessimism              0.012    11.415
                         clock uncertainty           -0.035    11.379
    DSP48_X1Y4           DSP48E1 (Setup_dsp48e1_CLK_CEP)
                                                     -0.426    10.953    sum1_i_reg[11]
  -------------------------------------------------------------------
                         required time                         10.953
                         arrival time                          -7.495
  -------------------------------------------------------------------
                         slack                                  3.458

Slack (MET) :             3.603ns  (required time - arrival time)
  Source:                 stage0_valid_reg/C
                            (rising edge-triggered cell FDRE clocked by clk  {rise@0.000ns fall@5.000ns period=10.000ns})
  Destination:            sum1_i_reg[14]/CEP
                            (rising edge-triggered cell DSP48E1 clocked by clk  {rise@0.000ns fall@5.000ns period=10.000ns})
  Path Group:             clk
  Path Type:              Setup (Max at Slow Process Corner)
  Requirement:            10.000ns  (clk rise@10.000ns - clk rise@0.000ns)
  Data Path Delay:        5.824ns  (logic 0.433ns (7.435%)  route 5.391ns (92.565%))
  Logic Levels:           0
  Clock Path Skew:        -0.111ns (DCD - SCD + CPR)
    Destination Clock Delay (DCD):    1.398ns = ( 11.398 - 10.000 )
    Source Clock Delay      (SCD):    1.521ns
    Clock Pessimism Removal (CPR):    0.012ns
  Clock Uncertainty:      0.035ns  ((TSJ^2 + TIJ^2)^1/2 + DJ) / 2 + PE
    Total System Jitter     (TSJ):    0.071ns
    Total Input Jitter      (TIJ):    0.000ns
    Discrete Jitter          (DJ):    0.000ns
    Phase Error              (PE):    0.000ns

    Location             Delay type                Incr(ns)  Path(ns)    Netlist Resource(s)
  -------------------------------------------------------------------    -------------------
                         (clock clk rise edge)        0.000     0.000 r
                                                      0.000     0.000 r  clk (IN)
                         net (fo=2361, unset)         1.521     1.521    clk
    SLICE_X96Y41         FDRE                                         r  stage0_valid_reg/C
  -------------------------------------------------------------------    -------------------
    SLICE_X96Y41         FDRE (Prop_fdre_C_Q)         0.433     1.954 r  stage0_valid_reg/Q
                         net (fo=35, routed)          5.391     7.345    stage0_valid
    DSP48_X1Y7           DSP48E1                                      r  sum1_i_reg[14]/CEP
  -------------------------------------------------------------------    -------------------

                         (clock clk rise edge)       10.000    10.000 r
                                                      0.000    10.000 r  clk (IN)
                         net (fo=2361, unset)         1.398    11.398    clk
    DSP48_X1Y7           DSP48E1                                      r  sum1_i_reg[14]/CLK
                         clock pessimism              0.012    11.410
                         clock uncertainty           -0.035    11.374
    DSP48_X1Y7           DSP48E1 (Setup_dsp48e1_CLK_CEP)
                                                     -0.426    10.948    sum1_i_reg[14]
  -------------------------------------------------------------------
                         required time                         10.948
                         arrival time                          -7.345
  -------------------------------------------------------------------
                         slack                                  3.603

Slack (MET) :             3.891ns  (required time - arrival time)
  Source:                 stage0_valid_reg/C
                            (rising edge-triggered cell FDRE clocked by clk  {rise@0.000ns fall@5.000ns period=10.000ns})
  Destination:            sum1_i_reg[16]/CEP
                            (rising edge-triggered cell DSP48E1 clocked by clk  {rise@0.000ns fall@5.000ns period=10.000ns})
  Path Group:             clk
  Path Type:              Setup (Max at Slow Process Corner)
  Requirement:            10.000ns  (clk rise@10.000ns - clk rise@0.000ns)
  Data Path Delay:        5.532ns  (logic 0.433ns (7.827%)  route 5.099ns (92.173%))
  Logic Levels:           0
  Clock Path Skew:        -0.115ns (DCD - SCD + CPR)
    Destination Clock Delay (DCD):    1.394ns = ( 11.394 - 10.000 )
    Source Clock Delay      (SCD):    1.521ns
    Clock Pessimism Removal (CPR):    0.012ns
  Clock Uncertainty:      0.035ns  ((TSJ^2 + TIJ^2)^1/2 + DJ) / 2 + PE
    Total System Jitter     (TSJ):    0.071ns
    Total Input Jitter      (TIJ):    0.000ns
    Discrete Jitter          (DJ):    0.000ns
    Phase Error              (PE):    0.000ns

    Location             Delay type                Incr(ns)  Path(ns)    Netlist Resource(s)
  -------------------------------------------------------------------    -------------------
                         (clock clk rise edge)        0.000     0.000 r
                                                      0.000     0.000 r  clk (IN)
                         net (fo=2361, unset)         1.521     1.521    clk
    SLICE_X96Y41         FDRE                                         r  stage0_valid_reg/C
  -------------------------------------------------------------------    -------------------
    SLICE_X96Y41         FDRE (Prop_fdre_C_Q)         0.433     1.954 r  stage0_valid_reg/Q
                         net (fo=35, routed)          5.099     7.053    stage0_valid
    DSP48_X1Y8           DSP48E1                                      r  sum1_i_reg[16]/CEP
  -------------------------------------------------------------------    -------------------

                         (clock clk rise edge)       10.000    10.000 r
                                                      0.000    10.000 r  clk (IN)
                         net (fo=2361, unset)         1.394    11.394    clk
    DSP48_X1Y8           DSP48E1                                      r  sum1_i_reg[16]/CLK
                         clock pessimism              0.012    11.406
                         clock uncertainty           -0.035    11.370
    DSP48_X1Y8           DSP48E1 (Setup_dsp48e1_CLK_CEP)
                                                     -0.426    10.944    sum1_i_reg[16]
  -------------------------------------------------------------------
                         required time                         10.944
                         arrival time                          -7.053
  -------------------------------------------------------------------
                         slack                                  3.891

Slack (MET) :             3.892ns  (required time - arrival time)
  Source:                 sum6_i_reg[0][18]/C
                            (rising edge-triggered cell FDRE clocked by clk  {rise@0.000ns fall@5.000ns period=10.000ns})
  Destination:            out_i_reg[3]/D
                            (rising edge-triggered cell FDRE clocked by clk  {rise@0.000ns fall@5.000ns period=10.000ns})
  Path Group:             clk
  Path Type:              Setup (Max at Slow Process Corner)
  Requirement:            10.000ns  (clk rise@10.000ns - clk rise@0.000ns)
  Data Path Delay:        6.094ns  (logic 2.920ns (47.917%)  route 3.174ns (52.083%))
  Logic Levels:           10  (CARRY4=9 LUT3=1)
  Clock Path Skew:        -0.055ns (DCD - SCD + CPR)
    Destination Clock Delay (DCD):    1.238ns = ( 11.238 - 10.000 )
    Source Clock Delay      (SCD):    1.390ns
    Clock Pessimism Removal (CPR):    0.097ns
  Clock Uncertainty:      0.035ns  ((TSJ^2 + TIJ^2)^1/2 + DJ) / 2 + PE
    Total System Jitter     (TSJ):    0.071ns
    Total Input Jitter      (TIJ):    0.000ns
    Discrete Jitter          (DJ):    0.000ns
    Phase Error              (PE):    0.000ns

    Location             Delay type                Incr(ns)  Path(ns)    Netlist Resource(s)
  -------------------------------------------------------------------    -------------------
                         (clock clk rise edge)        0.000     0.000 r
                                                      0.000     0.000 r  clk (IN)
                         net (fo=2361, unset)         1.390     1.390    clk
    SLICE_X34Y24         FDRE                                         r  sum6_i_reg[0][18]/C
  -------------------------------------------------------------------    -------------------
    SLICE_X34Y24         FDRE (Prop_fdre_C_Q)         0.433     1.823 r  sum6_i_reg[0][18]/Q
                         net (fo=1, routed)           0.683     2.506    sum6_i_reg[0][18]
    SLICE_X35Y24         CARRY4 (Prop_carry4_S[1]_CO[3])
                                                      0.562     3.068 r  out_i_reg[5]_i_2/CO[3]
                         net (fo=1, routed)           0.008     3.076    out_i_reg[5]_i_2_n_0
    SLICE_X35Y25         CARRY4 (Prop_carry4_CI_CO[3])
                                                      0.098     3.174 r  out_i_reg[9]_i_2/CO[3]
                         net (fo=1, routed)           0.000     3.174    out_i_reg[9]_i_2_n_0
    SLICE_X35Y26         CARRY4 (Prop_carry4_CI_CO[3])
                                                      0.098     3.272 r  out_i_reg[13]_i_2/CO[3]
                         net (fo=1, routed)           0.000     3.272    out_i_reg[13]_i_2_n_0
    SLICE_X35Y27         CARRY4 (Prop_carry4_CI_CO[3])
                                                      0.098     3.370 r  out_i_reg[15]_i_2/CO[3]
                         net (fo=1, routed)           0.000     3.370    out_i_reg[15]_i_2_n_0
    SLICE_X35Y28         CARRY4 (Prop_carry4_CI_CO[3])
                                                      0.098     3.468 r  out_i_reg[15]_i_14/CO[3]
                         net (fo=1, routed)           0.000     3.468    out_i_reg[15]_i_14_n_0
    SLICE_X35Y29         CARRY4 (Prop_carry4_CI_O[2])
                                                      0.200     3.668 r  out_i_reg[15]_i_6/O[2]
                         net (fo=30, routed)          1.127     4.795    p_0_in0
    SLICE_X31Y28         CARRY4 (Prop_carry4_S[1]_CO[3])
                                                      0.710     5.505 r  out_i_reg[15]_i_9/CO[3]
                         net (fo=1, routed)           0.000     5.505    out_i_reg[15]_i_9_n_0
    SLICE_X31Y29         CARRY4 (Prop_carry4_CI_CO[3])
                                                      0.098     5.603 r  out_i_reg[15]_i_5/CO[3]
                         net (fo=1, routed)           0.000     5.603    out_i_reg[15]_i_5_n_0
    SLICE_X31Y30         CARRY4 (Prop_carry4_CI_CO[0])
                                                      0.216     5.819 f  out_i_reg[15]_i_3/CO[0]
                         net (fo=16, routed)          1.356     7.175    sat_q151
    SLICE_X32Y25         LUT3 (Prop_lut3_I1_O)        0.309     7.484 r  out_i[3]_i_1/O
                         net (fo=1, routed)           0.000     7.484    sat_q15_return[3]
    SLICE_X32Y25         FDRE                                         r  out_i_reg[3]/D
  -------------------------------------------------------------------    -------------------

                         (clock clk rise edge)       10.000    10.000 r
                                                      0.000    10.000 r  clk (IN)
                         net (fo=2361, unset)         1.238    11.238    clk
    SLICE_X32Y25         FDRE                                         r  out_i_reg[3]/C
                         clock pessimism              0.097    11.335
                         clock uncertainty           -0.035    11.300
    SLICE_X32Y25         FDRE (Setup_fdre_C_D)        0.076    11.376    out_i_reg[3]
  -------------------------------------------------------------------
                         required time                         11.376
                         arrival time                          -7.484
  -------------------------------------------------------------------
                         slack                                  3.892

Slack (MET) :             3.907ns  (required time - arrival time)
  Source:                 stage0_valid_reg/C
                            (rising edge-triggered cell FDRE clocked by clk  {rise@0.000ns fall@5.000ns period=10.000ns})
  Destination:            sum1_i_reg[9]/CEP
                            (rising edge-triggered cell DSP48E1 clocked by clk  {rise@0.000ns fall@5.000ns period=10.000ns})
  Path Group:             clk
  Path Type:              Setup (Max at Slow Process Corner)
  Requirement:            10.000ns  (clk rise@10.000ns - clk rise@0.000ns)
  Data Path Delay:        5.520ns  (logic 0.433ns (7.844%)  route 5.087ns (92.156%))
  Logic Levels:           0
  Clock Path Skew:        -0.111ns (DCD - SCD + CPR)
    Destination Clock Delay (DCD):    1.398ns = ( 11.398 - 10.000 )
    Source Clock Delay      (SCD):    1.521ns
    Clock Pessimism Removal (CPR):    0.012ns
  Clock Uncertainty:      0.035ns  ((TSJ^2 + TIJ^2)^1/2 + DJ) / 2 + PE
    Total System Jitter     (TSJ):    0.071ns
    Total Input Jitter      (TIJ):    0.000ns
    Discrete Jitter          (DJ):    0.000ns
    Phase Error              (PE):    0.000ns

    Location             Delay type                Incr(ns)  Path(ns)    Netlist Resource(s)
  -------------------------------------------------------------------    -------------------
                         (clock clk rise edge)        0.000     0.000 r
                                                      0.000     0.000 r  clk (IN)
                         net (fo=2361, unset)         1.521     1.521    clk
    SLICE_X96Y41         FDRE                                         r  stage0_valid_reg/C
  -------------------------------------------------------------------    -------------------
    SLICE_X96Y41         FDRE (Prop_fdre_C_Q)         0.433     1.954 r  stage0_valid_reg/Q
                         net (fo=35, routed)          5.087     7.041    stage0_valid
    DSP48_X0Y8           DSP48E1                                      r  sum1_i_reg[9]/CEP
  -------------------------------------------------------------------    -------------------

                         (clock clk rise edge)       10.000    10.000 r
                                                      0.000    10.000 r  clk (IN)
                         net (fo=2361, unset)         1.398    11.398    clk
    DSP48_X0Y8           DSP48E1                                      r  sum1_i_reg[9]/CLK
                         clock pessimism              0.012    11.410
                         clock uncertainty           -0.035    11.374
    DSP48_X0Y8           DSP48E1 (Setup_dsp48e1_CLK_CEP)
                                                     -0.426    10.948    sum1_i_reg[9]
  -------------------------------------------------------------------
                         required time                         10.948
                         arrival time                          -7.041
  -------------------------------------------------------------------
                         slack                                  3.907

Slack (MET) :             3.911ns  (required time - arrival time)
  Source:                 sum6_i_reg[0][18]/C
                            (rising edge-triggered cell FDRE clocked by clk  {rise@0.000ns fall@5.000ns period=10.000ns})
  Destination:            out_i_reg[4]/D
                            (rising edge-triggered cell FDRE clocked by clk  {rise@0.000ns fall@5.000ns period=10.000ns})
  Path Group:             clk
  Path Type:              Setup (Max at Slow Process Corner)
  Requirement:            10.000ns  (clk rise@10.000ns - clk rise@0.000ns)
  Data Path Delay:        6.105ns  (logic 2.931ns (48.011%)  route 3.174ns (51.989%))
  Logic Levels:           10  (CARRY4=9 LUT3=1)
  Clock Path Skew:        -0.055ns (DCD - SCD + CPR)
    Destination Clock Delay (DCD):    1.238ns = ( 11.238 - 10.000 )
    Source Clock Delay      (SCD):    1.390ns
    Clock Pessimism Removal (CPR):    0.097ns
  Clock Uncertainty:      0.035ns  ((TSJ^2 + TIJ^2)^1/2 + DJ) / 2 + PE
    Total System Jitter     (TSJ):    0.071ns
    Total Input Jitter      (TIJ):    0.000ns
    Discrete Jitter          (DJ):    0.000ns
    Phase Error              (PE):    0.000ns

    Location             Delay type                Incr(ns)  Path(ns)    Netlist Resource(s)
  -------------------------------------------------------------------    -------------------
                         (clock clk rise edge)        0.000     0.000 r
                                                      0.000     0.000 r  clk (IN)
                         net (fo=2361, unset)         1.390     1.390    clk
    SLICE_X34Y24         FDRE                                         r  sum6_i_reg[0][18]/C
  -------------------------------------------------------------------    -------------------
    SLICE_X34Y24         FDRE (Prop_fdre_C_Q)         0.433     1.823 r  sum6_i_reg[0][18]/Q
                         net (fo=1, routed)           0.683     2.506    sum6_i_reg[0][18]
    SLICE_X35Y24         CARRY4 (Prop_carry4_S[1]_CO[3])
                                                      0.562     3.068 r  out_i_reg[5]_i_2/CO[3]
                         net (fo=1, routed)           0.008     3.076    out_i_reg[5]_i_2_n_0
    SLICE_X35Y25         CARRY4 (Prop_carry4_CI_CO[3])
                                                      0.098     3.174 r  out_i_reg[9]_i_2/CO[3]
                         net (fo=1, routed)           0.000     3.174    out_i_reg[9]_i_2_n_0
    SLICE_X35Y26         CARRY4 (Prop_carry4_CI_CO[3])
                                                      0.098     3.272 r  out_i_reg[13]_i_2/CO[3]
                         net (fo=1, routed)           0.000     3.272    out_i_reg[13]_i_2_n_0
    SLICE_X35Y27         CARRY4 (Prop_carry4_CI_CO[3])
                                                      0.098     3.370 r  out_i_reg[15]_i_2/CO[3]
                         net (fo=1, routed)           0.000     3.370    out_i_reg[15]_i_2_n_0
    SLICE_X35Y28         CARRY4 (Prop_carry4_CI_CO[3])
                                                      0.098     3.468 r  out_i_reg[15]_i_14/CO[3]
                         net (fo=1, routed)           0.000     3.468    out_i_reg[15]_i_14_n_0
    SLICE_X35Y29         CARRY4 (Prop_carry4_CI_O[2])
                                                      0.200     3.668 r  out_i_reg[15]_i_6/O[2]
                         net (fo=30, routed)          1.127     4.795    p_0_in0
    SLICE_X31Y28         CARRY4 (Prop_carry4_S[1]_CO[3])
                                                      0.710     5.505 r  out_i_reg[15]_i_9/CO[3]
                         net (fo=1, routed)           0.000     5.505    out_i_reg[15]_i_9_n_0
    SLICE_X31Y29         CARRY4 (Prop_carry4_CI_CO[3])
                                                      0.098     5.603 r  out_i_reg[15]_i_5/CO[3]
                         net (fo=1, routed)           0.000     5.603    out_i_reg[15]_i_5_n_0
    SLICE_X31Y30         CARRY4 (Prop_carry4_CI_CO[0])
                                                      0.216     5.819 f  out_i_reg[15]_i_3/CO[0]
                         net (fo=16, routed)          1.356     7.175    sat_q151
    SLICE_X32Y25         LUT3 (Prop_lut3_I1_O)        0.320     7.495 r  out_i[4]_i_1/O
                         net (fo=1, routed)           0.000     7.495    sat_q15_return[4]
    SLICE_X32Y25         FDRE                                         r  out_i_reg[4]/D
  -------------------------------------------------------------------    -------------------

                         (clock clk rise edge)       10.000    10.000 r
                                                      0.000    10.000 r  clk (IN)
                         net (fo=2361, unset)         1.238    11.238    clk
    SLICE_X32Y25         FDRE                                         r  out_i_reg[4]/C
                         clock pessimism              0.097    11.335
                         clock uncertainty           -0.035    11.300
    SLICE_X32Y25         FDRE (Setup_fdre_C_D)        0.106    11.406    out_i_reg[4]
  -------------------------------------------------------------------
                         required time                         11.406
                         arrival time                          -7.495
  -------------------------------------------------------------------
                         slack                                  3.911

Slack (MET) :             4.013ns  (required time - arrival time)
  Source:                 sum6_i_reg[0][18]/C
                            (rising edge-triggered cell FDRE clocked by clk  {rise@0.000ns fall@5.000ns period=10.000ns})
  Destination:            out_i_reg[1]/D
                            (rising edge-triggered cell FDRE clocked by clk  {rise@0.000ns fall@5.000ns period=10.000ns})
  Path Group:             clk
  Path Type:              Setup (Max at Slow Process Corner)
  Requirement:            10.000ns  (clk rise@10.000ns - clk rise@0.000ns)
  Data Path Delay:        5.969ns  (logic 2.920ns (48.920%)  route 3.049ns (51.080%))
  Logic Levels:           10  (CARRY4=9 LUT3=1)
  Clock Path Skew:        -0.055ns (DCD - SCD + CPR)
    Destination Clock Delay (DCD):    1.238ns = ( 11.238 - 10.000 )
    Source Clock Delay      (SCD):    1.390ns
    Clock Pessimism Removal (CPR):    0.097ns
  Clock Uncertainty:      0.035ns  ((TSJ^2 + TIJ^2)^1/2 + DJ) / 2 + PE
    Total System Jitter     (TSJ):    0.071ns
    Total Input Jitter      (TIJ):    0.000ns
    Discrete Jitter          (DJ):    0.000ns
    Phase Error              (PE):    0.000ns

    Location             Delay type                Incr(ns)  Path(ns)    Netlist Resource(s)
  -------------------------------------------------------------------    -------------------
                         (clock clk rise edge)        0.000     0.000 r
                                                      0.000     0.000 r  clk (IN)
                         net (fo=2361, unset)         1.390     1.390    clk
    SLICE_X34Y24         FDRE                                         r  sum6_i_reg[0][18]/C
  -------------------------------------------------------------------    -------------------
    SLICE_X34Y24         FDRE (Prop_fdre_C_Q)         0.433     1.823 r  sum6_i_reg[0][18]/Q
                         net (fo=1, routed)           0.683     2.506    sum6_i_reg[0][18]
    SLICE_X35Y24         CARRY4 (Prop_carry4_S[1]_CO[3])
                                                      0.562     3.068 r  out_i_reg[5]_i_2/CO[3]
                         net (fo=1, routed)           0.008     3.076    out_i_reg[5]_i_2_n_0
    SLICE_X35Y25         CARRY4 (Prop_carry4_CI_CO[3])
                                                      0.098     3.174 r  out_i_reg[9]_i_2/CO[3]
                         net (fo=1, routed)           0.000     3.174    out_i_reg[9]_i_2_n_0
    SLICE_X35Y26         CARRY4 (Prop_carry4_CI_CO[3])
                                                      0.098     3.272 r  out_i_reg[13]_i_2/CO[3]
                         net (fo=1, routed)           0.000     3.272    out_i_reg[13]_i_2_n_0
    SLICE_X35Y27         CARRY4 (Prop_carry4_CI_CO[3])
                                                      0.098     3.370 r  out_i_reg[15]_i_2/CO[3]
                         net (fo=1, routed)           0.000     3.370    out_i_reg[15]_i_2_n_0
    SLICE_X35Y28         CARRY4 (Prop_carry4_CI_CO[3])
                                                      0.098     3.468 r  out_i_reg[15]_i_14/CO[3]
                         net (fo=1, routed)           0.000     3.468    out_i_reg[15]_i_14_n_0
    SLICE_X35Y29         CARRY4 (Prop_carry4_CI_O[2])
                                                      0.200     3.668 r  out_i_reg[15]_i_6/O[2]
                         net (fo=30, routed)          1.127     4.795    p_0_in0
    SLICE_X31Y28         CARRY4 (Prop_carry4_S[1]_CO[3])
                                                      0.710     5.505 r  out_i_reg[15]_i_9/CO[3]
                         net (fo=1, routed)           0.000     5.505    out_i_reg[15]_i_9_n_0
    SLICE_X31Y29         CARRY4 (Prop_carry4_CI_CO[3])
                                                      0.098     5.603 r  out_i_reg[15]_i_5/CO[3]
                         net (fo=1, routed)           0.000     5.603    out_i_reg[15]_i_5_n_0
    SLICE_X31Y30         CARRY4 (Prop_carry4_CI_CO[0])
                                                      0.216     5.819 f  out_i_reg[15]_i_3/CO[0]
                         net (fo=16, routed)          1.231     7.050    sat_q151
    SLICE_X32Y25         LUT3 (Prop_lut3_I1_O)        0.309     7.359 r  out_i[1]_i_1/O
                         net (fo=1, routed)           0.000     7.359    sat_q15_return[1]
    SLICE_X32Y25         FDRE                                         r  out_i_reg[1]/D
  -------------------------------------------------------------------    -------------------

                         (clock clk rise edge)       10.000    10.000 r
                                                      0.000    10.000 r  clk (IN)
                         net (fo=2361, unset)         1.238    11.238    clk
    SLICE_X32Y25         FDRE                                         r  out_i_reg[1]/C
                         clock pessimism              0.097    11.335
                         clock uncertainty           -0.035    11.300
    SLICE_X32Y25         FDRE (Setup_fdre_C_D)        0.072    11.372    out_i_reg[1]
  -------------------------------------------------------------------
                         required time                         11.372
                         arrival time                          -7.359
  -------------------------------------------------------------------
                         slack                                  4.013





Pulse Width Checks
--------------------------------------------------------------------------------------
Clock Name:         clk
Waveform(ns):       { 0.000 5.000 }
Period(ns):         10.000
Sources:            { clk }

Check Type        Corner  Lib Pin      Reference Pin  Required(ns)  Actual(ns)  Slack(ns)  Location      Pin
Min Period        n/a     DSP48E1/CLK  n/a            2.997         10.000      7.003      DSP48_X0Y14   prod_i_reg[0]/CLK
Min Period        n/a     DSP48E1/CLK  n/a            2.997         10.000      7.003      DSP48_X2Y18   prod_i_reg[10]/CLK
Min Period        n/a     DSP48E1/CLK  n/a            2.997         10.000      7.003      DSP48_X2Y15   prod_i_reg[12]/CLK
Min Period        n/a     DSP48E1/CLK  n/a            2.997         10.000      7.003      DSP48_X0Y15   prod_i_reg[14]/CLK
Min Period        n/a     DSP48E1/CLK  n/a            2.997         10.000      7.003      DSP48_X0Y11   prod_i_reg[16]/CLK
Min Period        n/a     DSP48E1/CLK  n/a            2.997         10.000      7.003      DSP48_X0Y6    prod_i_reg[18]/CLK
Min Period        n/a     DSP48E1/CLK  n/a            2.997         10.000      7.003      DSP48_X0Y3    prod_i_reg[20]/CLK
Min Period        n/a     DSP48E1/CLK  n/a            2.997         10.000      7.003      DSP48_X0Y5    prod_i_reg[22]/CLK
Min Period        n/a     DSP48E1/CLK  n/a            2.997         10.000      7.003      DSP48_X1Y1    prod_i_reg[24]/CLK
Min Period        n/a     DSP48E1/CLK  n/a            2.997         10.000      7.003      DSP48_X0Y2    prod_i_reg[26]/CLK
Low Pulse Width   Slow    FDRE/C       n/a            0.500         5.000       4.500      SLICE_X22Y15  center_i_reg[0]/C
Low Pulse Width   Fast    FDRE/C       n/a            0.500         5.000       4.500      SLICE_X22Y15  center_i_reg[0]/C
Low Pulse Width   Slow    FDRE/C       n/a            0.500         5.000       4.500      SLICE_X24Y17  center_i_reg[10]/C
Low Pulse Width   Fast    FDRE/C       n/a            0.500         5.000       4.500      SLICE_X24Y17  center_i_reg[10]/C
Low Pulse Width   Slow    FDRE/C       n/a            0.500         5.000       4.500      SLICE_X21Y17  center_i_reg[11]/C
Low Pulse Width   Fast    FDRE/C       n/a            0.500         5.000       4.500      SLICE_X21Y17  center_i_reg[11]/C
Low Pulse Width   Slow    FDRE/C       n/a            0.500         5.000       4.500      SLICE_X20Y18  center_i_reg[12]/C
Low Pulse Width   Fast    FDRE/C       n/a            0.500         5.000       4.500      SLICE_X20Y18  center_i_reg[12]/C
Low Pulse Width   Slow    FDRE/C       n/a            0.500         5.000       4.500      SLICE_X21Y18  center_i_reg[13]/C
Low Pulse Width   Fast    FDRE/C       n/a            0.500         5.000       4.500      SLICE_X21Y18  center_i_reg[13]/C
High Pulse Width  Slow    FDRE/C       n/a            0.500         5.000       4.500      SLICE_X22Y15  center_i_reg[0]/C
High Pulse Width  Fast    FDRE/C       n/a            0.500         5.000       4.500      SLICE_X22Y15  center_i_reg[0]/C
High Pulse Width  Slow    FDRE/C       n/a            0.500         5.000       4.500      SLICE_X24Y17  center_i_reg[10]/C
High Pulse Width  Fast    FDRE/C       n/a            0.500         5.000       4.500      SLICE_X24Y17  center_i_reg[10]/C
High Pulse Width  Slow    FDRE/C       n/a            0.500         5.000       4.500      SLICE_X21Y17  center_i_reg[11]/C
High Pulse Width  Fast    FDRE/C       n/a            0.500         5.000       4.500      SLICE_X21Y17  center_i_reg[11]/C
High Pulse Width  Slow    FDRE/C       n/a            0.500         5.000       4.500      SLICE_X20Y18  center_i_reg[12]/C
High Pulse Width  Fast    FDRE/C       n/a            0.500         5.000       4.500      SLICE_X20Y18  center_i_reg[12]/C
High Pulse Width  Slow    FDRE/C       n/a            0.500         5.000       4.500      SLICE_X21Y18  center_i_reg[13]/C
High Pulse Width  Fast    FDRE/C       n/a            0.500         5.000       4.500      SLICE_X21Y18  center_i_reg[13]/C
