Copyright 1986-2021 Xilinx, Inc. All Rights Reserved.
--------------------------------------------------------------------------------------------------------------------------------------------------------------------------------------------------------
| Tool Version : Vivado v.2021.1 (win64) Build 3247384 Thu Jun 10 19:36:33 MDT 2021
| Date         : normalized
| Host         : normalized
| Command      : report_timing_summary -delay_type max -max_paths 10 -file <output_dir>/bpsk_zynq_ber_axi_lite_post_synthesis_timing_summary.rpt
| Design       : bpsk_zynq_ber_axi_lite
| Device       : 7z020-clg400
| Speed File   : -2  PRODUCTION 1.12 2019-11-22
--------------------------------------------------------------------------------------------------------------------------------------------------------------------------------------------------------

Timing Summary Report

------------------------------------------------------------------------------------------------
| Timer Settings
| --------------
------------------------------------------------------------------------------------------------

  Enable Multi Corner Analysis               :  Yes
  Enable Pessimism Removal                   :  Yes
  Pessimism Removal Resolution               :  Nearest Common Node
  Enable Input Delay Default Clock           :  No
  Enable Preset / Clear Arcs                 :  No
  Disable Flight Delays                      :  No
  Ignore I/O Paths                           :  No
  Timing Early Launch at Borrowing Latches   :  No
  Borrow Time for Max Delay Exceptions       :  Yes
  Merge Timing Exceptions                    :  Yes

  Corner  Analyze    Analyze
  Name    Max Paths  Min Paths
  ------  ---------  ---------
  Slow    Yes        Yes
  Fast    Yes        Yes


------------------------------------------------------------------------------------------------
| Report Methodology
| ------------------
------------------------------------------------------------------------------------------------

No report available as report_methodology has not been run prior. Run report_methodology on the current design for the summary of methodology violations.



check_timing report

Table of Contents
-----------------
1. checking no_clock (0)
2. checking constant_clock (0)
3. checking pulse_width_clock (0)
4. checking unconstrained_internal_endpoints (0)
5. checking no_input_delay (0)
6. checking no_output_delay (0)
7. checking multiple_clock (0)
8. checking generated_clocks (0)
9. checking loops (0)
10. checking partial_input_delay (0)
11. checking partial_output_delay (0)
12. checking latch_loops (0)

1. checking no_clock (0)
------------------------
 There are 0 register/latch pins with no clock.


2. checking constant_clock (0)
------------------------------
 There are 0 register/latch pins with constant_clock.


3. checking pulse_width_clock (0)
---------------------------------
 There are 0 register/latch pins which need pulse_width check


4. checking unconstrained_internal_endpoints (0)
------------------------------------------------
 There are 0 pins that are not constrained for maximum delay.

 There are 0 pins that are not constrained for maximum delay due to constant clock.


5. checking no_input_delay (0)
------------------------------
 There are 0 input ports with no input delay specified.

 There are 0 input ports with no input delay but user has a false path constraint.


6. checking no_output_delay (0)
-------------------------------
 There are 0 ports with no output delay specified.

 There are 0 ports with no output delay but user has a false path constraint

 There are 0 ports with no output delay but with a timing clock defined on it or propagating through it


7. checking multiple_clock (0)
------------------------------
 There are 0 register/latch pins with multiple clocks.


8. checking generated_clocks (0)
--------------------------------
 There are 0 generated clocks that are not connected to a clock source.


9. checking loops (0)
---------------------
 There are 0 combinational loops in the design.


10. checking partial_input_delay (0)
------------------------------------
 There are 0 input ports with partial input delay specified.


11. checking partial_output_delay (0)
-------------------------------------
 There are 0 ports with partial output delay specified.


12. checking latch_loops (0)
----------------------------
 There are 0 combinational latch loops in the design through latch input



------------------------------------------------------------------------------------------------
| Design Timing Summary
| ---------------------
------------------------------------------------------------------------------------------------

    WNS(ns)      TNS(ns)  TNS Failing Endpoints  TNS Total Endpoints     WPWS(ns)     TPWS(ns)  TPWS Failing Endpoints  TPWS Total Endpoints
    -------      -------  ---------------------  -------------------     --------     --------  ----------------------  --------------------
      4.307        0.000                      0                16260        4.500        0.000                       0                  2139


All user specified timing constraints are met.


------------------------------------------------------------------------------------------------
| Clock Summary
| -------------
------------------------------------------------------------------------------------------------

Clock  Waveform(ns)       Period(ns)      Frequency(MHz)
-----  ------------       ----------      --------------
clk    {0.000 5.000}      10.000          100.000


------------------------------------------------------------------------------------------------
| Intra Clock Table
| -----------------
------------------------------------------------------------------------------------------------

Clock             WNS(ns)      TNS(ns)  TNS Failing Endpoints  TNS Total Endpoints     WPWS(ns)     TPWS(ns)  TPWS Failing Endpoints  TPWS Total Endpoints
-----             -------      -------  ---------------------  -------------------     --------     --------  ----------------------  --------------------
clk                 4.307        0.000                      0                16260        4.500        0.000                       0                  2139


------------------------------------------------------------------------------------------------
| Inter Clock Table
| -----------------
------------------------------------------------------------------------------------------------

From Clock    To Clock          WNS(ns)      TNS(ns)  TNS Failing Endpoints  TNS Total Endpoints
----------    --------          -------      -------  ---------------------  -------------------


------------------------------------------------------------------------------------------------
| Other Path Groups Table
| -----------------------
------------------------------------------------------------------------------------------------

Path Group    From Clock    To Clock          WNS(ns)      TNS(ns)  TNS Failing Endpoints  TNS Total Endpoints
----------    ----------    --------          -------      -------  ---------------------  -------------------


------------------------------------------------------------------------------------------------
| Timing Details
| --------------
------------------------------------------------------------------------------------------------


---------------------------------------------------------------------------------------------------
From Clock:  clk
  To Clock:  clk

Setup :            0  Failing Endpoints,  Worst Slack        4.307ns,  Total Violation        0.000ns
Hold  :           NA  Failing Endpoints,  Worst Slack           NA  ,  Total Violation           NA
PW    :            0  Failing Endpoints,  Worst Slack        4.500ns,  Total Violation        0.000ns
---------------------------------------------------------------------------------------------------


Max Delay Paths
--------------------------------------------------------------------------------------
Slack (MET) :             4.307ns  (required time - arrival time)
  Source:                 core_i/ber_counter_i/acq_index_reg[4]/C
                            (rising edge-triggered cell FDRE clocked by clk  {rise@0.000ns fall@5.000ns period=10.000ns})
  Destination:            core_i/ber_counter_i/total_errors_reg[0]/R
                            (rising edge-triggered cell FDRE clocked by clk  {rise@0.000ns fall@5.000ns period=10.000ns})
  Path Group:             clk
  Path Type:              Setup (Max at Slow Process Corner)
  Requirement:            10.000ns  (clk rise@10.000ns - clk rise@0.000ns)
  Data Path Delay:        5.091ns  (logic 2.253ns (44.255%)  route 2.838ns (55.745%))
  Logic Levels:           8  (CARRY4=5 LUT4=2 LUT6=1)
  Clock Path Skew:        -0.039ns (DCD - SCD + CPR)
    Destination Clock Delay (DCD):    0.748ns = ( 10.748 - 10.000 )
    Source Clock Delay      (SCD):    0.787ns
    Clock Pessimism Removal (CPR):    0.000ns
  Clock Uncertainty:      0.035ns  ((TSJ^2 + TIJ^2)^1/2 + DJ) / 2 + PE
    Total System Jitter     (TSJ):    0.071ns
    Total Input Jitter      (TIJ):    0.000ns
    Discrete Jitter          (DJ):    0.000ns
    Phase Error              (PE):    0.000ns

    Location             Delay type                Incr(ns)  Path(ns)    Netlist Resource(s)
  -------------------------------------------------------------------    -------------------
                         (clock clk rise edge)        0.000     0.000 r
                                                      0.000     0.000 r  s_axi_aclk (IN)
                         net (fo=2138, unset)         0.787     0.787    core_i/ber_counter_i/s_axi_aclk
                         FDRE                                         r  core_i/ber_counter_i/acq_index_reg[4]/C
  -------------------------------------------------------------------    -------------------
                         FDRE (Prop_fdre_C_Q)         0.303     1.090 r  core_i/ber_counter_i/acq_index_reg[4]/Q
                         net (fo=7, unplaced)         0.853     1.943    core_i/ber_counter_i/acq_index_reg_n_0_[4]
                         CARRY4 (Prop_carry4_S[3]_CO[3])
                                                      0.546     2.489 r  core_i/ber_counter_i/busy2_inferred__0/i__carry/CO[3]
                         net (fo=1, unplaced)         0.008     2.497    core_i/ber_counter_i/busy2_inferred__0/i__carry_n_0
                         CARRY4 (Prop_carry4_CI_CO[3])
                                                      0.100     2.597 r  core_i/ber_counter_i/busy2_inferred__0/i__carry__0/CO[3]
                         net (fo=1, unplaced)         0.000     2.597    core_i/ber_counter_i/busy2_inferred__0/i__carry__0_n_0
                         CARRY4 (Prop_carry4_CI_O[2])
                                                      0.214     2.811 r  core_i/ber_counter_i/busy2_inferred__0/i__carry__1/O[2]
                         net (fo=2, unplaced)         0.595     3.406    core_i/ber_counter_i/busy2[11]
                         LUT4 (Prop_lut4_I0_O)        0.244     3.650 r  core_i/ber_counter_i/i__carry_i_1__9/O
                         net (fo=1, unplaced)         0.000     3.650    core_i/ber_counter_i/i__carry_i_1__9_n_0
                         CARRY4 (Prop_carry4_S[3]_CO[3])
                                                      0.314     3.964 r  core_i/ber_counter_i/busy1_inferred__0/i__carry/CO[3]
                         net (fo=1, unplaced)         0.008     3.972    core_i/ber_counter_i/busy1_inferred__0/i__carry_n_0
                         CARRY4 (Prop_carry4_CI_CO[1])
                                                      0.150     4.122 r  core_i/ber_counter_i/busy1_inferred__0/i__carry__0/CO[1]
                         net (fo=6, unplaced)         0.272     4.394    core_i/ber_counter_i/busy1_inferred__0/i__carry__0_n_2
                         LUT6 (Prop_lut6_I5_O)        0.277     4.671 r  core_i/ber_counter_i/received_bits[15]_i_2/O
                         net (fo=18, unplaced)        0.404     5.075    core_i/ber_counter_i/received_bits[15]_i_2_n_0
                         LUT4 (Prop_lut4_I3_O)        0.105     5.180 r  core_i/ber_counter_i/total_errors[15]_i_1/O
                         net (fo=16, unplaced)        0.698     5.878    core_i/ber_counter_i/total_errors[15]_i_1_n_0
                         FDRE                                         r  core_i/ber_counter_i/total_errors_reg[0]/R
  -------------------------------------------------------------------    -------------------

                         (clock clk rise edge)       10.000    10.000 r
                                                      0.000    10.000 r  s_axi_aclk (IN)
                         net (fo=2138, unset)         0.748    10.748    core_i/ber_counter_i/s_axi_aclk
                         FDRE                                         r  core_i/ber_counter_i/total_errors_reg[0]/C
                         clock pessimism              0.000    10.748
                         clock uncertainty           -0.035    10.712
                         FDRE (Setup_fdre_C_R)       -0.527    10.185    core_i/ber_counter_i/total_errors_reg[0]
  -------------------------------------------------------------------
                         required time                         10.185
                         arrival time                          -5.878
  -------------------------------------------------------------------
                         slack                                  4.307

Slack (MET) :             4.307ns  (required time - arrival time)
  Source:                 core_i/ber_counter_i/acq_index_reg[4]/C
                            (rising edge-triggered cell FDRE clocked by clk  {rise@0.000ns fall@5.000ns period=10.000ns})
  Destination:            core_i/ber_counter_i/total_errors_reg[10]/R
                            (rising edge-triggered cell FDRE clocked by clk  {rise@0.000ns fall@5.000ns period=10.000ns})
  Path Group:             clk
  Path Type:              Setup (Max at Slow Process Corner)
  Requirement:            10.000ns  (clk rise@10.000ns - clk rise@0.000ns)
  Data Path Delay:        5.091ns  (logic 2.253ns (44.255%)  route 2.838ns (55.745%))
  Logic Levels:           8  (CARRY4=5 LUT4=2 LUT6=1)
  Clock Path Skew:        -0.039ns (DCD - SCD + CPR)
    Destination Clock Delay (DCD):    0.748ns = ( 10.748 - 10.000 )
    Source Clock Delay      (SCD):    0.787ns
    Clock Pessimism Removal (CPR):    0.000ns
  Clock Uncertainty:      0.035ns  ((TSJ^2 + TIJ^2)^1/2 + DJ) / 2 + PE
    Total System Jitter     (TSJ):    0.071ns
    Total Input Jitter      (TIJ):    0.000ns
    Discrete Jitter          (DJ):    0.000ns
    Phase Error              (PE):    0.000ns

    Location             Delay type                Incr(ns)  Path(ns)    Netlist Resource(s)
  -------------------------------------------------------------------    -------------------
                         (clock clk rise edge)        0.000     0.000 r
                                                      0.000     0.000 r  s_axi_aclk (IN)
                         net (fo=2138, unset)         0.787     0.787    core_i/ber_counter_i/s_axi_aclk
                         FDRE                                         r  core_i/ber_counter_i/acq_index_reg[4]/C
  -------------------------------------------------------------------    -------------------
                         FDRE (Prop_fdre_C_Q)         0.303     1.090 r  core_i/ber_counter_i/acq_index_reg[4]/Q
                         net (fo=7, unplaced)         0.853     1.943    core_i/ber_counter_i/acq_index_reg_n_0_[4]
                         CARRY4 (Prop_carry4_S[3]_CO[3])
                                                      0.546     2.489 r  core_i/ber_counter_i/busy2_inferred__0/i__carry/CO[3]
                         net (fo=1, unplaced)         0.008     2.497    core_i/ber_counter_i/busy2_inferred__0/i__carry_n_0
                         CARRY4 (Prop_carry4_CI_CO[3])
                                                      0.100     2.597 r  core_i/ber_counter_i/busy2_inferred__0/i__carry__0/CO[3]
                         net (fo=1, unplaced)         0.000     2.597    core_i/ber_counter_i/busy2_inferred__0/i__carry__0_n_0
                         CARRY4 (Prop_carry4_CI_O[2])
                                                      0.214     2.811 r  core_i/ber_counter_i/busy2_inferred__0/i__carry__1/O[2]
                         net (fo=2, unplaced)         0.595     3.406    core_i/ber_counter_i/busy2[11]
                         LUT4 (Prop_lut4_I0_O)        0.244     3.650 r  core_i/ber_counter_i/i__carry_i_1__9/O
                         net (fo=1, unplaced)         0.000     3.650    core_i/ber_counter_i/i__carry_i_1__9_n_0
                         CARRY4 (Prop_carry4_S[3]_CO[3])
                                                      0.314     3.964 r  core_i/ber_counter_i/busy1_inferred__0/i__carry/CO[3]
                         net (fo=1, unplaced)         0.008     3.972    core_i/ber_counter_i/busy1_inferred__0/i__carry_n_0
                         CARRY4 (Prop_carry4_CI_CO[1])
                                                      0.150     4.122 r  core_i/ber_counter_i/busy1_inferred__0/i__carry__0/CO[1]
                         net (fo=6, unplaced)         0.272     4.394    core_i/ber_counter_i/busy1_inferred__0/i__carry__0_n_2
                         LUT6 (Prop_lut6_I5_O)        0.277     4.671 r  core_i/ber_counter_i/received_bits[15]_i_2/O
                         net (fo=18, unplaced)        0.404     5.075    core_i/ber_counter_i/received_bits[15]_i_2_n_0
                         LUT4 (Prop_lut4_I3_O)        0.105     5.180 r  core_i/ber_counter_i/total_errors[15]_i_1/O
                         net (fo=16, unplaced)        0.698     5.878    core_i/ber_counter_i/total_errors[15]_i_1_n_0
                         FDRE                                         r  core_i/ber_counter_i/total_errors_reg[10]/R
  -------------------------------------------------------------------    -------------------

                         (clock clk rise edge)       10.000    10.000 r
                                                      0.000    10.000 r  s_axi_aclk (IN)
                         net (fo=2138, unset)         0.748    10.748    core_i/ber_counter_i/s_axi_aclk
                         FDRE                                         r  core_i/ber_counter_i/total_errors_reg[10]/C
                         clock pessimism              0.000    10.748
                         clock uncertainty           -0.035    10.712
                         FDRE (Setup_fdre_C_R)       -0.527    10.185    core_i/ber_counter_i/total_errors_reg[10]
  -------------------------------------------------------------------
                         required time                         10.185
                         arrival time                          -5.878
  -------------------------------------------------------------------
                         slack                                  4.307

Slack (MET) :             4.307ns  (required time - arrival time)
  Source:                 core_i/ber_counter_i/acq_index_reg[4]/C
                            (rising edge-triggered cell FDRE clocked by clk  {rise@0.000ns fall@5.000ns period=10.000ns})
  Destination:            core_i/ber_counter_i/total_errors_reg[11]/R
                            (rising edge-triggered cell FDRE clocked by clk  {rise@0.000ns fall@5.000ns period=10.000ns})
  Path Group:             clk
  Path Type:              Setup (Max at Slow Process Corner)
  Requirement:            10.000ns  (clk rise@10.000ns - clk rise@0.000ns)
  Data Path Delay:        5.091ns  (logic 2.253ns (44.255%)  route 2.838ns (55.745%))
  Logic Levels:           8  (CARRY4=5 LUT4=2 LUT6=1)
  Clock Path Skew:        -0.039ns (DCD - SCD + CPR)
    Destination Clock Delay (DCD):    0.748ns = ( 10.748 - 10.000 )
    Source Clock Delay      (SCD):    0.787ns
    Clock Pessimism Removal (CPR):    0.000ns
  Clock Uncertainty:      0.035ns  ((TSJ^2 + TIJ^2)^1/2 + DJ) / 2 + PE
    Total System Jitter     (TSJ):    0.071ns
    Total Input Jitter      (TIJ):    0.000ns
    Discrete Jitter          (DJ):    0.000ns
    Phase Error              (PE):    0.000ns

    Location             Delay type                Incr(ns)  Path(ns)    Netlist Resource(s)
  -------------------------------------------------------------------    -------------------
                         (clock clk rise edge)        0.000     0.000 r
                                                      0.000     0.000 r  s_axi_aclk (IN)
                         net (fo=2138, unset)         0.787     0.787    core_i/ber_counter_i/s_axi_aclk
                         FDRE                                         r  core_i/ber_counter_i/acq_index_reg[4]/C
  -------------------------------------------------------------------    -------------------
                         FDRE (Prop_fdre_C_Q)         0.303     1.090 r  core_i/ber_counter_i/acq_index_reg[4]/Q
                         net (fo=7, unplaced)         0.853     1.943    core_i/ber_counter_i/acq_index_reg_n_0_[4]
                         CARRY4 (Prop_carry4_S[3]_CO[3])
                                                      0.546     2.489 r  core_i/ber_counter_i/busy2_inferred__0/i__carry/CO[3]
                         net (fo=1, unplaced)         0.008     2.497    core_i/ber_counter_i/busy2_inferred__0/i__carry_n_0
                         CARRY4 (Prop_carry4_CI_CO[3])
                                                      0.100     2.597 r  core_i/ber_counter_i/busy2_inferred__0/i__carry__0/CO[3]
                         net (fo=1, unplaced)         0.000     2.597    core_i/ber_counter_i/busy2_inferred__0/i__carry__0_n_0
                         CARRY4 (Prop_carry4_CI_O[2])
                                                      0.214     2.811 r  core_i/ber_counter_i/busy2_inferred__0/i__carry__1/O[2]
                         net (fo=2, unplaced)         0.595     3.406    core_i/ber_counter_i/busy2[11]
                         LUT4 (Prop_lut4_I0_O)        0.244     3.650 r  core_i/ber_counter_i/i__carry_i_1__9/O
                         net (fo=1, unplaced)         0.000     3.650    core_i/ber_counter_i/i__carry_i_1__9_n_0
                         CARRY4 (Prop_carry4_S[3]_CO[3])
                                                      0.314     3.964 r  core_i/ber_counter_i/busy1_inferred__0/i__carry/CO[3]
                         net (fo=1, unplaced)         0.008     3.972    core_i/ber_counter_i/busy1_inferred__0/i__carry_n_0
                         CARRY4 (Prop_carry4_CI_CO[1])
                                                      0.150     4.122 r  core_i/ber_counter_i/busy1_inferred__0/i__carry__0/CO[1]
                         net (fo=6, unplaced)         0.272     4.394    core_i/ber_counter_i/busy1_inferred__0/i__carry__0_n_2
                         LUT6 (Prop_lut6_I5_O)        0.277     4.671 r  core_i/ber_counter_i/received_bits[15]_i_2/O
                         net (fo=18, unplaced)        0.404     5.075    core_i/ber_counter_i/received_bits[15]_i_2_n_0
                         LUT4 (Prop_lut4_I3_O)        0.105     5.180 r  core_i/ber_counter_i/total_errors[15]_i_1/O
                         net (fo=16, unplaced)        0.698     5.878    core_i/ber_counter_i/total_errors[15]_i_1_n_0
                         FDRE                                         r  core_i/ber_counter_i/total_errors_reg[11]/R
  -------------------------------------------------------------------    -------------------

                         (clock clk rise edge)       10.000    10.000 r
                                                      0.000    10.000 r  s_axi_aclk (IN)
                         net (fo=2138, unset)         0.748    10.748    core_i/ber_counter_i/s_axi_aclk
                         FDRE                                         r  core_i/ber_counter_i/total_errors_reg[11]/C
                         clock pessimism              0.000    10.748
                         clock uncertainty           -0.035    10.712
                         FDRE (Setup_fdre_C_R)       -0.527    10.185    core_i/ber_counter_i/total_errors_reg[11]
  -------------------------------------------------------------------
                         required time                         10.185
                         arrival time                          -5.878
  -------------------------------------------------------------------
                         slack                                  4.307

Slack (MET) :             4.307ns  (required time - arrival time)
  Source:                 core_i/ber_counter_i/acq_index_reg[4]/C
                            (rising edge-triggered cell FDRE clocked by clk  {rise@0.000ns fall@5.000ns period=10.000ns})
  Destination:            core_i/ber_counter_i/total_errors_reg[12]/R
                            (rising edge-triggered cell FDRE clocked by clk  {rise@0.000ns fall@5.000ns period=10.000ns})
  Path Group:             clk
  Path Type:              Setup (Max at Slow Process Corner)
  Requirement:            10.000ns  (clk rise@10.000ns - clk rise@0.000ns)
  Data Path Delay:        5.091ns  (logic 2.253ns (44.255%)  route 2.838ns (55.745%))
  Logic Levels:           8  (CARRY4=5 LUT4=2 LUT6=1)
  Clock Path Skew:        -0.039ns (DCD - SCD + CPR)
    Destination Clock Delay (DCD):    0.748ns = ( 10.748 - 10.000 )
    Source Clock Delay      (SCD):    0.787ns
    Clock Pessimism Removal (CPR):    0.000ns
  Clock Uncertainty:      0.035ns  ((TSJ^2 + TIJ^2)^1/2 + DJ) / 2 + PE
    Total System Jitter     (TSJ):    0.071ns
    Total Input Jitter      (TIJ):    0.000ns
    Discrete Jitter          (DJ):    0.000ns
    Phase Error              (PE):    0.000ns

    Location             Delay type                Incr(ns)  Path(ns)    Netlist Resource(s)
  -------------------------------------------------------------------    -------------------
                         (clock clk rise edge)        0.000     0.000 r
                                                      0.000     0.000 r  s_axi_aclk (IN)
                         net (fo=2138, unset)         0.787     0.787    core_i/ber_counter_i/s_axi_aclk
                         FDRE                                         r  core_i/ber_counter_i/acq_index_reg[4]/C
  -------------------------------------------------------------------    -------------------
                         FDRE (Prop_fdre_C_Q)         0.303     1.090 r  core_i/ber_counter_i/acq_index_reg[4]/Q
                         net (fo=7, unplaced)         0.853     1.943    core_i/ber_counter_i/acq_index_reg_n_0_[4]
                         CARRY4 (Prop_carry4_S[3]_CO[3])
                                                      0.546     2.489 r  core_i/ber_counter_i/busy2_inferred__0/i__carry/CO[3]
                         net (fo=1, unplaced)         0.008     2.497    core_i/ber_counter_i/busy2_inferred__0/i__carry_n_0
                         CARRY4 (Prop_carry4_CI_CO[3])
                                                      0.100     2.597 r  core_i/ber_counter_i/busy2_inferred__0/i__carry__0/CO[3]
                         net (fo=1, unplaced)         0.000     2.597    core_i/ber_counter_i/busy2_inferred__0/i__carry__0_n_0
                         CARRY4 (Prop_carry4_CI_O[2])
                                                      0.214     2.811 r  core_i/ber_counter_i/busy2_inferred__0/i__carry__1/O[2]
                         net (fo=2, unplaced)         0.595     3.406    core_i/ber_counter_i/busy2[11]
                         LUT4 (Prop_lut4_I0_O)        0.244     3.650 r  core_i/ber_counter_i/i__carry_i_1__9/O
                         net (fo=1, unplaced)         0.000     3.650    core_i/ber_counter_i/i__carry_i_1__9_n_0
                         CARRY4 (Prop_carry4_S[3]_CO[3])
                                                      0.314     3.964 r  core_i/ber_counter_i/busy1_inferred__0/i__carry/CO[3]
                         net (fo=1, unplaced)         0.008     3.972    core_i/ber_counter_i/busy1_inferred__0/i__carry_n_0
                         CARRY4 (Prop_carry4_CI_CO[1])
                                                      0.150     4.122 r  core_i/ber_counter_i/busy1_inferred__0/i__carry__0/CO[1]
                         net (fo=6, unplaced)         0.272     4.394    core_i/ber_counter_i/busy1_inferred__0/i__carry__0_n_2
                         LUT6 (Prop_lut6_I5_O)        0.277     4.671 r  core_i/ber_counter_i/received_bits[15]_i_2/O
                         net (fo=18, unplaced)        0.404     5.075    core_i/ber_counter_i/received_bits[15]_i_2_n_0
                         LUT4 (Prop_lut4_I3_O)        0.105     5.180 r  core_i/ber_counter_i/total_errors[15]_i_1/O
                         net (fo=16, unplaced)        0.698     5.878    core_i/ber_counter_i/total_errors[15]_i_1_n_0
                         FDRE                                         r  core_i/ber_counter_i/total_errors_reg[12]/R
  -------------------------------------------------------------------    -------------------

                         (clock clk rise edge)       10.000    10.000 r
                                                      0.000    10.000 r  s_axi_aclk (IN)
                         net (fo=2138, unset)         0.748    10.748    core_i/ber_counter_i/s_axi_aclk
                         FDRE                                         r  core_i/ber_counter_i/total_errors_reg[12]/C
                         clock pessimism              0.000    10.748
                         clock uncertainty           -0.035    10.712
                         FDRE (Setup_fdre_C_R)       -0.527    10.185    core_i/ber_counter_i/total_errors_reg[12]
  -------------------------------------------------------------------
                         required time                         10.185
                         arrival time                          -5.878
  -------------------------------------------------------------------
                         slack                                  4.307

Slack (MET) :             4.307ns  (required time - arrival time)
  Source:                 core_i/ber_counter_i/acq_index_reg[4]/C
                            (rising edge-triggered cell FDRE clocked by clk  {rise@0.000ns fall@5.000ns period=10.000ns})
  Destination:            core_i/ber_counter_i/total_errors_reg[13]/R
                            (rising edge-triggered cell FDRE clocked by clk  {rise@0.000ns fall@5.000ns period=10.000ns})
  Path Group:             clk
  Path Type:              Setup (Max at Slow Process Corner)
  Requirement:            10.000ns  (clk rise@10.000ns - clk rise@0.000ns)
  Data Path Delay:        5.091ns  (logic 2.253ns (44.255%)  route 2.838ns (55.745%))
  Logic Levels:           8  (CARRY4=5 LUT4=2 LUT6=1)
  Clock Path Skew:        -0.039ns (DCD - SCD + CPR)
    Destination Clock Delay (DCD):    0.748ns = ( 10.748 - 10.000 )
    Source Clock Delay      (SCD):    0.787ns
    Clock Pessimism Removal (CPR):    0.000ns
  Clock Uncertainty:      0.035ns  ((TSJ^2 + TIJ^2)^1/2 + DJ) / 2 + PE
    Total System Jitter     (TSJ):    0.071ns
    Total Input Jitter      (TIJ):    0.000ns
    Discrete Jitter          (DJ):    0.000ns
    Phase Error              (PE):    0.000ns

    Location             Delay type                Incr(ns)  Path(ns)    Netlist Resource(s)
  -------------------------------------------------------------------    -------------------
                         (clock clk rise edge)        0.000     0.000 r
                                                      0.000     0.000 r  s_axi_aclk (IN)
                         net (fo=2138, unset)         0.787     0.787    core_i/ber_counter_i/s_axi_aclk
                         FDRE                                         r  core_i/ber_counter_i/acq_index_reg[4]/C
  -------------------------------------------------------------------    -------------------
                         FDRE (Prop_fdre_C_Q)         0.303     1.090 r  core_i/ber_counter_i/acq_index_reg[4]/Q
                         net (fo=7, unplaced)         0.853     1.943    core_i/ber_counter_i/acq_index_reg_n_0_[4]
                         CARRY4 (Prop_carry4_S[3]_CO[3])
                                                      0.546     2.489 r  core_i/ber_counter_i/busy2_inferred__0/i__carry/CO[3]
                         net (fo=1, unplaced)         0.008     2.497    core_i/ber_counter_i/busy2_inferred__0/i__carry_n_0
                         CARRY4 (Prop_carry4_CI_CO[3])
                                                      0.100     2.597 r  core_i/ber_counter_i/busy2_inferred__0/i__carry__0/CO[3]
                         net (fo=1, unplaced)         0.000     2.597    core_i/ber_counter_i/busy2_inferred__0/i__carry__0_n_0
                         CARRY4 (Prop_carry4_CI_O[2])
                                                      0.214     2.811 r  core_i/ber_counter_i/busy2_inferred__0/i__carry__1/O[2]
                         net (fo=2, unplaced)         0.595     3.406    core_i/ber_counter_i/busy2[11]
                         LUT4 (Prop_lut4_I0_O)        0.244     3.650 r  core_i/ber_counter_i/i__carry_i_1__9/O
                         net (fo=1, unplaced)         0.000     3.650    core_i/ber_counter_i/i__carry_i_1__9_n_0
                         CARRY4 (Prop_carry4_S[3]_CO[3])
                                                      0.314     3.964 r  core_i/ber_counter_i/busy1_inferred__0/i__carry/CO[3]
                         net (fo=1, unplaced)         0.008     3.972    core_i/ber_counter_i/busy1_inferred__0/i__carry_n_0
                         CARRY4 (Prop_carry4_CI_CO[1])
                                                      0.150     4.122 r  core_i/ber_counter_i/busy1_inferred__0/i__carry__0/CO[1]
                         net (fo=6, unplaced)         0.272     4.394    core_i/ber_counter_i/busy1_inferred__0/i__carry__0_n_2
                         LUT6 (Prop_lut6_I5_O)        0.277     4.671 r  core_i/ber_counter_i/received_bits[15]_i_2/O
                         net (fo=18, unplaced)        0.404     5.075    core_i/ber_counter_i/received_bits[15]_i_2_n_0
                         LUT4 (Prop_lut4_I3_O)        0.105     5.180 r  core_i/ber_counter_i/total_errors[15]_i_1/O
                         net (fo=16, unplaced)        0.698     5.878    core_i/ber_counter_i/total_errors[15]_i_1_n_0
                         FDRE                                         r  core_i/ber_counter_i/total_errors_reg[13]/R
  -------------------------------------------------------------------    -------------------

                         (clock clk rise edge)       10.000    10.000 r
                                                      0.000    10.000 r  s_axi_aclk (IN)
                         net (fo=2138, unset)         0.748    10.748    core_i/ber_counter_i/s_axi_aclk
                         FDRE                                         r  core_i/ber_counter_i/total_errors_reg[13]/C
                         clock pessimism              0.000    10.748
                         clock uncertainty           -0.035    10.712
                         FDRE (Setup_fdre_C_R)       -0.527    10.185    core_i/ber_counter_i/total_errors_reg[13]
  -------------------------------------------------------------------
                         required time                         10.185
                         arrival time                          -5.878
  -------------------------------------------------------------------
                         slack                                  4.307

Slack (MET) :             4.307ns  (required time - arrival time)
  Source:                 core_i/ber_counter_i/acq_index_reg[4]/C
                            (rising edge-triggered cell FDRE clocked by clk  {rise@0.000ns fall@5.000ns period=10.000ns})
  Destination:            core_i/ber_counter_i/total_errors_reg[14]/R
                            (rising edge-triggered cell FDRE clocked by clk  {rise@0.000ns fall@5.000ns period=10.000ns})
  Path Group:             clk
  Path Type:              Setup (Max at Slow Process Corner)
  Requirement:            10.000ns  (clk rise@10.000ns - clk rise@0.000ns)
  Data Path Delay:        5.091ns  (logic 2.253ns (44.255%)  route 2.838ns (55.745%))
  Logic Levels:           8  (CARRY4=5 LUT4=2 LUT6=1)
  Clock Path Skew:        -0.039ns (DCD - SCD + CPR)
    Destination Clock Delay (DCD):    0.748ns = ( 10.748 - 10.000 )
    Source Clock Delay      (SCD):    0.787ns
    Clock Pessimism Removal (CPR):    0.000ns
  Clock Uncertainty:      0.035ns  ((TSJ^2 + TIJ^2)^1/2 + DJ) / 2 + PE
    Total System Jitter     (TSJ):    0.071ns
    Total Input Jitter      (TIJ):    0.000ns
    Discrete Jitter          (DJ):    0.000ns
    Phase Error              (PE):    0.000ns

    Location             Delay type                Incr(ns)  Path(ns)    Netlist Resource(s)
  -------------------------------------------------------------------    -------------------
                         (clock clk rise edge)        0.000     0.000 r
                                                      0.000     0.000 r  s_axi_aclk (IN)
                         net (fo=2138, unset)         0.787     0.787    core_i/ber_counter_i/s_axi_aclk
                         FDRE                                         r  core_i/ber_counter_i/acq_index_reg[4]/C
  -------------------------------------------------------------------    -------------------
                         FDRE (Prop_fdre_C_Q)         0.303     1.090 r  core_i/ber_counter_i/acq_index_reg[4]/Q
                         net (fo=7, unplaced)         0.853     1.943    core_i/ber_counter_i/acq_index_reg_n_0_[4]
                         CARRY4 (Prop_carry4_S[3]_CO[3])
                                                      0.546     2.489 r  core_i/ber_counter_i/busy2_inferred__0/i__carry/CO[3]
                         net (fo=1, unplaced)         0.008     2.497    core_i/ber_counter_i/busy2_inferred__0/i__carry_n_0
                         CARRY4 (Prop_carry4_CI_CO[3])
                                                      0.100     2.597 r  core_i/ber_counter_i/busy2_inferred__0/i__carry__0/CO[3]
                         net (fo=1, unplaced)         0.000     2.597    core_i/ber_counter_i/busy2_inferred__0/i__carry__0_n_0
                         CARRY4 (Prop_carry4_CI_O[2])
                                                      0.214     2.811 r  core_i/ber_counter_i/busy2_inferred__0/i__carry__1/O[2]
                         net (fo=2, unplaced)         0.595     3.406    core_i/ber_counter_i/busy2[11]
                         LUT4 (Prop_lut4_I0_O)        0.244     3.650 r  core_i/ber_counter_i/i__carry_i_1__9/O
                         net (fo=1, unplaced)         0.000     3.650    core_i/ber_counter_i/i__carry_i_1__9_n_0
                         CARRY4 (Prop_carry4_S[3]_CO[3])
                                                      0.314     3.964 r  core_i/ber_counter_i/busy1_inferred__0/i__carry/CO[3]
                         net (fo=1, unplaced)         0.008     3.972    core_i/ber_counter_i/busy1_inferred__0/i__carry_n_0
                         CARRY4 (Prop_carry4_CI_CO[1])
                                                      0.150     4.122 r  core_i/ber_counter_i/busy1_inferred__0/i__carry__0/CO[1]
                         net (fo=6, unplaced)         0.272     4.394    core_i/ber_counter_i/busy1_inferred__0/i__carry__0_n_2
                         LUT6 (Prop_lut6_I5_O)        0.277     4.671 r  core_i/ber_counter_i/received_bits[15]_i_2/O
                         net (fo=18, unplaced)        0.404     5.075    core_i/ber_counter_i/received_bits[15]_i_2_n_0
                         LUT4 (Prop_lut4_I3_O)        0.105     5.180 r  core_i/ber_counter_i/total_errors[15]_i_1/O
                         net (fo=16, unplaced)        0.698     5.878    core_i/ber_counter_i/total_errors[15]_i_1_n_0
                         FDRE                                         r  core_i/ber_counter_i/total_errors_reg[14]/R
  -------------------------------------------------------------------    -------------------

                         (clock clk rise edge)       10.000    10.000 r
                                                      0.000    10.000 r  s_axi_aclk (IN)
                         net (fo=2138, unset)         0.748    10.748    core_i/ber_counter_i/s_axi_aclk
                         FDRE                                         r  core_i/ber_counter_i/total_errors_reg[14]/C
                         clock pessimism              0.000    10.748
                         clock uncertainty           -0.035    10.712
                         FDRE (Setup_fdre_C_R)       -0.527    10.185    core_i/ber_counter_i/total_errors_reg[14]
  -------------------------------------------------------------------
                         required time                         10.185
                         arrival time                          -5.878
  -------------------------------------------------------------------
                         slack                                  4.307

Slack (MET) :             4.307ns  (required time - arrival time)
  Source:                 core_i/ber_counter_i/acq_index_reg[4]/C
                            (rising edge-triggered cell FDRE clocked by clk  {rise@0.000ns fall@5.000ns period=10.000ns})
  Destination:            core_i/ber_counter_i/total_errors_reg[15]/R
                            (rising edge-triggered cell FDRE clocked by clk  {rise@0.000ns fall@5.000ns period=10.000ns})
  Path Group:             clk
  Path Type:              Setup (Max at Slow Process Corner)
  Requirement:            10.000ns  (clk rise@10.000ns - clk rise@0.000ns)
  Data Path Delay:        5.091ns  (logic 2.253ns (44.255%)  route 2.838ns (55.745%))
  Logic Levels:           8  (CARRY4=5 LUT4=2 LUT6=1)
  Clock Path Skew:        -0.039ns (DCD - SCD + CPR)
    Destination Clock Delay (DCD):    0.748ns = ( 10.748 - 10.000 )
    Source Clock Delay      (SCD):    0.787ns
    Clock Pessimism Removal (CPR):    0.000ns
  Clock Uncertainty:      0.035ns  ((TSJ^2 + TIJ^2)^1/2 + DJ) / 2 + PE
    Total System Jitter     (TSJ):    0.071ns
    Total Input Jitter      (TIJ):    0.000ns
    Discrete Jitter          (DJ):    0.000ns
    Phase Error              (PE):    0.000ns

    Location             Delay type                Incr(ns)  Path(ns)    Netlist Resource(s)
  -------------------------------------------------------------------    -------------------
                         (clock clk rise edge)        0.000     0.000 r
                                                      0.000     0.000 r  s_axi_aclk (IN)
                         net (fo=2138, unset)         0.787     0.787    core_i/ber_counter_i/s_axi_aclk
                         FDRE                                         r  core_i/ber_counter_i/acq_index_reg[4]/C
  -------------------------------------------------------------------    -------------------
                         FDRE (Prop_fdre_C_Q)         0.303     1.090 r  core_i/ber_counter_i/acq_index_reg[4]/Q
                         net (fo=7, unplaced)         0.853     1.943    core_i/ber_counter_i/acq_index_reg_n_0_[4]
                         CARRY4 (Prop_carry4_S[3]_CO[3])
                                                      0.546     2.489 r  core_i/ber_counter_i/busy2_inferred__0/i__carry/CO[3]
                         net (fo=1, unplaced)         0.008     2.497    core_i/ber_counter_i/busy2_inferred__0/i__carry_n_0
                         CARRY4 (Prop_carry4_CI_CO[3])
                                                      0.100     2.597 r  core_i/ber_counter_i/busy2_inferred__0/i__carry__0/CO[3]
                         net (fo=1, unplaced)         0.000     2.597    core_i/ber_counter_i/busy2_inferred__0/i__carry__0_n_0
                         CARRY4 (Prop_carry4_CI_O[2])
                                                      0.214     2.811 r  core_i/ber_counter_i/busy2_inferred__0/i__carry__1/O[2]
                         net (fo=2, unplaced)         0.595     3.406    core_i/ber_counter_i/busy2[11]
                         LUT4 (Prop_lut4_I0_O)        0.244     3.650 r  core_i/ber_counter_i/i__carry_i_1__9/O
                         net (fo=1, unplaced)         0.000     3.650    core_i/ber_counter_i/i__carry_i_1__9_n_0
                         CARRY4 (Prop_carry4_S[3]_CO[3])
                                                      0.314     3.964 r  core_i/ber_counter_i/busy1_inferred__0/i__carry/CO[3]
                         net (fo=1, unplaced)         0.008     3.972    core_i/ber_counter_i/busy1_inferred__0/i__carry_n_0
                         CARRY4 (Prop_carry4_CI_CO[1])
                                                      0.150     4.122 r  core_i/ber_counter_i/busy1_inferred__0/i__carry__0/CO[1]
                         net (fo=6, unplaced)         0.272     4.394    core_i/ber_counter_i/busy1_inferred__0/i__carry__0_n_2
                         LUT6 (Prop_lut6_I5_O)        0.277     4.671 r  core_i/ber_counter_i/received_bits[15]_i_2/O
                         net (fo=18, unplaced)        0.404     5.075    core_i/ber_counter_i/received_bits[15]_i_2_n_0
                         LUT4 (Prop_lut4_I3_O)        0.105     5.180 r  core_i/ber_counter_i/total_errors[15]_i_1/O
                         net (fo=16, unplaced)        0.698     5.878    core_i/ber_counter_i/total_errors[15]_i_1_n_0
                         FDRE                                         r  core_i/ber_counter_i/total_errors_reg[15]/R
  -------------------------------------------------------------------    -------------------

                         (clock clk rise edge)       10.000    10.000 r
                                                      0.000    10.000 r  s_axi_aclk (IN)
                         net (fo=2138, unset)         0.748    10.748    core_i/ber_counter_i/s_axi_aclk
                         FDRE                                         r  core_i/ber_counter_i/total_errors_reg[15]/C
                         clock pessimism              0.000    10.748
                         clock uncertainty           -0.035    10.712
                         FDRE (Setup_fdre_C_R)       -0.527    10.185    core_i/ber_counter_i/total_errors_reg[15]
  -------------------------------------------------------------------
                         required time                         10.185
                         arrival time                          -5.878
  -------------------------------------------------------------------
                         slack                                  4.307

Slack (MET) :             4.307ns  (required time - arrival time)
  Source:                 core_i/ber_counter_i/acq_index_reg[4]/C
                            (rising edge-triggered cell FDRE clocked by clk  {rise@0.000ns fall@5.000ns period=10.000ns})
  Destination:            core_i/ber_counter_i/total_errors_reg[1]/R
                            (rising edge-triggered cell FDRE clocked by clk  {rise@0.000ns fall@5.000ns period=10.000ns})
  Path Group:             clk
  Path Type:              Setup (Max at Slow Process Corner)
  Requirement:            10.000ns  (clk rise@10.000ns - clk rise@0.000ns)
  Data Path Delay:        5.091ns  (logic 2.253ns (44.255%)  route 2.838ns (55.745%))
  Logic Levels:           8  (CARRY4=5 LUT4=2 LUT6=1)
  Clock Path Skew:        -0.039ns (DCD - SCD + CPR)
    Destination Clock Delay (DCD):    0.748ns = ( 10.748 - 10.000 )
    Source Clock Delay      (SCD):    0.787ns
    Clock Pessimism Removal (CPR):    0.000ns
  Clock Uncertainty:      0.035ns  ((TSJ^2 + TIJ^2)^1/2 + DJ) / 2 + PE
    Total System Jitter     (TSJ):    0.071ns
    Total Input Jitter      (TIJ):    0.000ns
    Discrete Jitter          (DJ):    0.000ns
    Phase Error              (PE):    0.000ns

    Location             Delay type                Incr(ns)  Path(ns)    Netlist Resource(s)
  -------------------------------------------------------------------    -------------------
                         (clock clk rise edge)        0.000     0.000 r
                                                      0.000     0.000 r  s_axi_aclk (IN)
                         net (fo=2138, unset)         0.787     0.787    core_i/ber_counter_i/s_axi_aclk
                         FDRE                                         r  core_i/ber_counter_i/acq_index_reg[4]/C
  -------------------------------------------------------------------    -------------------
                         FDRE (Prop_fdre_C_Q)         0.303     1.090 r  core_i/ber_counter_i/acq_index_reg[4]/Q
                         net (fo=7, unplaced)         0.853     1.943    core_i/ber_counter_i/acq_index_reg_n_0_[4]
                         CARRY4 (Prop_carry4_S[3]_CO[3])
                                                      0.546     2.489 r  core_i/ber_counter_i/busy2_inferred__0/i__carry/CO[3]
                         net (fo=1, unplaced)         0.008     2.497    core_i/ber_counter_i/busy2_inferred__0/i__carry_n_0
                         CARRY4 (Prop_carry4_CI_CO[3])
                                                      0.100     2.597 r  core_i/ber_counter_i/busy2_inferred__0/i__carry__0/CO[3]
                         net (fo=1, unplaced)         0.000     2.597    core_i/ber_counter_i/busy2_inferred__0/i__carry__0_n_0
                         CARRY4 (Prop_carry4_CI_O[2])
                                                      0.214     2.811 r  core_i/ber_counter_i/busy2_inferred__0/i__carry__1/O[2]
                         net (fo=2, unplaced)         0.595     3.406    core_i/ber_counter_i/busy2[11]
                         LUT4 (Prop_lut4_I0_O)        0.244     3.650 r  core_i/ber_counter_i/i__carry_i_1__9/O
                         net (fo=1, unplaced)         0.000     3.650    core_i/ber_counter_i/i__carry_i_1__9_n_0
                         CARRY4 (Prop_carry4_S[3]_CO[3])
                                                      0.314     3.964 r  core_i/ber_counter_i/busy1_inferred__0/i__carry/CO[3]
                         net (fo=1, unplaced)         0.008     3.972    core_i/ber_counter_i/busy1_inferred__0/i__carry_n_0
                         CARRY4 (Prop_carry4_CI_CO[1])
                                                      0.150     4.122 r  core_i/ber_counter_i/busy1_inferred__0/i__carry__0/CO[1]
                         net (fo=6, unplaced)         0.272     4.394    core_i/ber_counter_i/busy1_inferred__0/i__carry__0_n_2
                         LUT6 (Prop_lut6_I5_O)        0.277     4.671 r  core_i/ber_counter_i/received_bits[15]_i_2/O
                         net (fo=18, unplaced)        0.404     5.075    core_i/ber_counter_i/received_bits[15]_i_2_n_0
                         LUT4 (Prop_lut4_I3_O)        0.105     5.180 r  core_i/ber_counter_i/total_errors[15]_i_1/O
                         net (fo=16, unplaced)        0.698     5.878    core_i/ber_counter_i/total_errors[15]_i_1_n_0
                         FDRE                                         r  core_i/ber_counter_i/total_errors_reg[1]/R
  -------------------------------------------------------------------    -------------------

                         (clock clk rise edge)       10.000    10.000 r
                                                      0.000    10.000 r  s_axi_aclk (IN)
                         net (fo=2138, unset)         0.748    10.748    core_i/ber_counter_i/s_axi_aclk
                         FDRE                                         r  core_i/ber_counter_i/total_errors_reg[1]/C
                         clock pessimism              0.000    10.748
                         clock uncertainty           -0.035    10.712
                         FDRE (Setup_fdre_C_R)       -0.527    10.185    core_i/ber_counter_i/total_errors_reg[1]
  -------------------------------------------------------------------
                         required time                         10.185
                         arrival time                          -5.878
  -------------------------------------------------------------------
                         slack                                  4.307

Slack (MET) :             4.307ns  (required time - arrival time)
  Source:                 core_i/ber_counter_i/acq_index_reg[4]/C
                            (rising edge-triggered cell FDRE clocked by clk  {rise@0.000ns fall@5.000ns period=10.000ns})
  Destination:            core_i/ber_counter_i/total_errors_reg[2]/R
                            (rising edge-triggered cell FDRE clocked by clk  {rise@0.000ns fall@5.000ns period=10.000ns})
  Path Group:             clk
  Path Type:              Setup (Max at Slow Process Corner)
  Requirement:            10.000ns  (clk rise@10.000ns - clk rise@0.000ns)
  Data Path Delay:        5.091ns  (logic 2.253ns (44.255%)  route 2.838ns (55.745%))
  Logic Levels:           8  (CARRY4=5 LUT4=2 LUT6=1)
  Clock Path Skew:        -0.039ns (DCD - SCD + CPR)
    Destination Clock Delay (DCD):    0.748ns = ( 10.748 - 10.000 )
    Source Clock Delay      (SCD):    0.787ns
    Clock Pessimism Removal (CPR):    0.000ns
  Clock Uncertainty:      0.035ns  ((TSJ^2 + TIJ^2)^1/2 + DJ) / 2 + PE
    Total System Jitter     (TSJ):    0.071ns
    Total Input Jitter      (TIJ):    0.000ns
    Discrete Jitter          (DJ):    0.000ns
    Phase Error              (PE):    0.000ns

    Location             Delay type                Incr(ns)  Path(ns)    Netlist Resource(s)
  -------------------------------------------------------------------    -------------------
                         (clock clk rise edge)        0.000     0.000 r
                                                      0.000     0.000 r  s_axi_aclk (IN)
                         net (fo=2138, unset)         0.787     0.787    core_i/ber_counter_i/s_axi_aclk
                         FDRE                                         r  core_i/ber_counter_i/acq_index_reg[4]/C
  -------------------------------------------------------------------    -------------------
                         FDRE (Prop_fdre_C_Q)         0.303     1.090 r  core_i/ber_counter_i/acq_index_reg[4]/Q
                         net (fo=7, unplaced)         0.853     1.943    core_i/ber_counter_i/acq_index_reg_n_0_[4]
                         CARRY4 (Prop_carry4_S[3]_CO[3])
                                                      0.546     2.489 r  core_i/ber_counter_i/busy2_inferred__0/i__carry/CO[3]
                         net (fo=1, unplaced)         0.008     2.497    core_i/ber_counter_i/busy2_inferred__0/i__carry_n_0
                         CARRY4 (Prop_carry4_CI_CO[3])
                                                      0.100     2.597 r  core_i/ber_counter_i/busy2_inferred__0/i__carry__0/CO[3]
                         net (fo=1, unplaced)         0.000     2.597    core_i/ber_counter_i/busy2_inferred__0/i__carry__0_n_0
                         CARRY4 (Prop_carry4_CI_O[2])
                                                      0.214     2.811 r  core_i/ber_counter_i/busy2_inferred__0/i__carry__1/O[2]
                         net (fo=2, unplaced)         0.595     3.406    core_i/ber_counter_i/busy2[11]
                         LUT4 (Prop_lut4_I0_O)        0.244     3.650 r  core_i/ber_counter_i/i__carry_i_1__9/O
                         net (fo=1, unplaced)         0.000     3.650    core_i/ber_counter_i/i__carry_i_1__9_n_0
                         CARRY4 (Prop_carry4_S[3]_CO[3])
                                                      0.314     3.964 r  core_i/ber_counter_i/busy1_inferred__0/i__carry/CO[3]
                         net (fo=1, unplaced)         0.008     3.972    core_i/ber_counter_i/busy1_inferred__0/i__carry_n_0
                         CARRY4 (Prop_carry4_CI_CO[1])
                                                      0.150     4.122 r  core_i/ber_counter_i/busy1_inferred__0/i__carry__0/CO[1]
                         net (fo=6, unplaced)         0.272     4.394    core_i/ber_counter_i/busy1_inferred__0/i__carry__0_n_2
                         LUT6 (Prop_lut6_I5_O)        0.277     4.671 r  core_i/ber_counter_i/received_bits[15]_i_2/O
                         net (fo=18, unplaced)        0.404     5.075    core_i/ber_counter_i/received_bits[15]_i_2_n_0
                         LUT4 (Prop_lut4_I3_O)        0.105     5.180 r  core_i/ber_counter_i/total_errors[15]_i_1/O
                         net (fo=16, unplaced)        0.698     5.878    core_i/ber_counter_i/total_errors[15]_i_1_n_0
                         FDRE                                         r  core_i/ber_counter_i/total_errors_reg[2]/R
  -------------------------------------------------------------------    -------------------

                         (clock clk rise edge)       10.000    10.000 r
                                                      0.000    10.000 r  s_axi_aclk (IN)
                         net (fo=2138, unset)         0.748    10.748    core_i/ber_counter_i/s_axi_aclk
                         FDRE                                         r  core_i/ber_counter_i/total_errors_reg[2]/C
                         clock pessimism              0.000    10.748
                         clock uncertainty           -0.035    10.712
                         FDRE (Setup_fdre_C_R)       -0.527    10.185    core_i/ber_counter_i/total_errors_reg[2]
  -------------------------------------------------------------------
                         required time                         10.185
                         arrival time                          -5.878
  -------------------------------------------------------------------
                         slack                                  4.307

Slack (MET) :             4.307ns  (required time - arrival time)
  Source:                 core_i/ber_counter_i/acq_index_reg[4]/C
                            (rising edge-triggered cell FDRE clocked by clk  {rise@0.000ns fall@5.000ns period=10.000ns})
  Destination:            core_i/ber_counter_i/total_errors_reg[3]/R
                            (rising edge-triggered cell FDRE clocked by clk  {rise@0.000ns fall@5.000ns period=10.000ns})
  Path Group:             clk
  Path Type:              Setup (Max at Slow Process Corner)
  Requirement:            10.000ns  (clk rise@10.000ns - clk rise@0.000ns)
  Data Path Delay:        5.091ns  (logic 2.253ns (44.255%)  route 2.838ns (55.745%))
  Logic Levels:           8  (CARRY4=5 LUT4=2 LUT6=1)
  Clock Path Skew:        -0.039ns (DCD - SCD + CPR)
    Destination Clock Delay (DCD):    0.748ns = ( 10.748 - 10.000 )
    Source Clock Delay      (SCD):    0.787ns
    Clock Pessimism Removal (CPR):    0.000ns
  Clock Uncertainty:      0.035ns  ((TSJ^2 + TIJ^2)^1/2 + DJ) / 2 + PE
    Total System Jitter     (TSJ):    0.071ns
    Total Input Jitter      (TIJ):    0.000ns
    Discrete Jitter          (DJ):    0.000ns
    Phase Error              (PE):    0.000ns

    Location             Delay type                Incr(ns)  Path(ns)    Netlist Resource(s)
  -------------------------------------------------------------------    -------------------
                         (clock clk rise edge)        0.000     0.000 r
                                                      0.000     0.000 r  s_axi_aclk (IN)
                         net (fo=2138, unset)         0.787     0.787    core_i/ber_counter_i/s_axi_aclk
                         FDRE                                         r  core_i/ber_counter_i/acq_index_reg[4]/C
  -------------------------------------------------------------------    -------------------
                         FDRE (Prop_fdre_C_Q)         0.303     1.090 r  core_i/ber_counter_i/acq_index_reg[4]/Q
                         net (fo=7, unplaced)         0.853     1.943    core_i/ber_counter_i/acq_index_reg_n_0_[4]
                         CARRY4 (Prop_carry4_S[3]_CO[3])
                                                      0.546     2.489 r  core_i/ber_counter_i/busy2_inferred__0/i__carry/CO[3]
                         net (fo=1, unplaced)         0.008     2.497    core_i/ber_counter_i/busy2_inferred__0/i__carry_n_0
                         CARRY4 (Prop_carry4_CI_CO[3])
                                                      0.100     2.597 r  core_i/ber_counter_i/busy2_inferred__0/i__carry__0/CO[3]
                         net (fo=1, unplaced)         0.000     2.597    core_i/ber_counter_i/busy2_inferred__0/i__carry__0_n_0
                         CARRY4 (Prop_carry4_CI_O[2])
                                                      0.214     2.811 r  core_i/ber_counter_i/busy2_inferred__0/i__carry__1/O[2]
                         net (fo=2, unplaced)         0.595     3.406    core_i/ber_counter_i/busy2[11]
                         LUT4 (Prop_lut4_I0_O)        0.244     3.650 r  core_i/ber_counter_i/i__carry_i_1__9/O
                         net (fo=1, unplaced)         0.000     3.650    core_i/ber_counter_i/i__carry_i_1__9_n_0
                         CARRY4 (Prop_carry4_S[3]_CO[3])
                                                      0.314     3.964 r  core_i/ber_counter_i/busy1_inferred__0/i__carry/CO[3]
                         net (fo=1, unplaced)         0.008     3.972    core_i/ber_counter_i/busy1_inferred__0/i__carry_n_0
                         CARRY4 (Prop_carry4_CI_CO[1])
                                                      0.150     4.122 r  core_i/ber_counter_i/busy1_inferred__0/i__carry__0/CO[1]
                         net (fo=6, unplaced)         0.272     4.394    core_i/ber_counter_i/busy1_inferred__0/i__carry__0_n_2
                         LUT6 (Prop_lut6_I5_O)        0.277     4.671 r  core_i/ber_counter_i/received_bits[15]_i_2/O
                         net (fo=18, unplaced)        0.404     5.075    core_i/ber_counter_i/received_bits[15]_i_2_n_0
                         LUT4 (Prop_lut4_I3_O)        0.105     5.180 r  core_i/ber_counter_i/total_errors[15]_i_1/O
                         net (fo=16, unplaced)        0.698     5.878    core_i/ber_counter_i/total_errors[15]_i_1_n_0
                         FDRE                                         r  core_i/ber_counter_i/total_errors_reg[3]/R
  -------------------------------------------------------------------    -------------------

                         (clock clk rise edge)       10.000    10.000 r
                                                      0.000    10.000 r  s_axi_aclk (IN)
                         net (fo=2138, unset)         0.748    10.748    core_i/ber_counter_i/s_axi_aclk
                         FDRE                                         r  core_i/ber_counter_i/total_errors_reg[3]/C
                         clock pessimism              0.000    10.748
                         clock uncertainty           -0.035    10.712
                         FDRE (Setup_fdre_C_R)       -0.527    10.185    core_i/ber_counter_i/total_errors_reg[3]
  -------------------------------------------------------------------
                         required time                         10.185
                         arrival time                          -5.878
  -------------------------------------------------------------------
                         slack                                  4.307





Pulse Width Checks
--------------------------------------------------------------------------------------
Clock Name:         clk
Waveform(ns):       { 0.000 5.000 }
Period(ns):         10.000
Sources:            { s_axi_aclk }

Check Type        Corner  Lib Pin      Reference Pin  Required(ns)  Actual(ns)  Slack(ns)  Location  Pin
Min Period        n/a     DSP48E1/CLK  n/a            2.997         10.000      7.003                core_i/rx_chain_i/matched_filter_i/matched_filter_i/prod_i_reg[0]/CLK
Min Period        n/a     DSP48E1/CLK  n/a            2.997         10.000      7.003                core_i/rx_chain_i/matched_filter_i/matched_filter_i/prod_i_reg[10]/CLK
Min Period        n/a     DSP48E1/CLK  n/a            2.997         10.000      7.003                core_i/rx_chain_i/matched_filter_i/matched_filter_i/prod_i_reg[12]/CLK
Min Period        n/a     DSP48E1/CLK  n/a            2.997         10.000      7.003                core_i/rx_chain_i/matched_filter_i/matched_filter_i/prod_i_reg[14]/CLK
Min Period        n/a     DSP48E1/CLK  n/a            2.997         10.000      7.003                core_i/rx_chain_i/matched_filter_i/matched_filter_i/prod_i_reg[16]/CLK
Min Period        n/a     DSP48E1/CLK  n/a            2.997         10.000      7.003                core_i/rx_chain_i/matched_filter_i/matched_filter_i/prod_i_reg[18]/CLK
Min Period        n/a     DSP48E1/CLK  n/a            2.997         10.000      7.003                core_i/rx_chain_i/matched_filter_i/matched_filter_i/prod_i_reg[20]/CLK
Min Period        n/a     DSP48E1/CLK  n/a            2.997         10.000      7.003                core_i/rx_chain_i/matched_filter_i/matched_filter_i/prod_i_reg[22]/CLK
Min Period        n/a     DSP48E1/CLK  n/a            2.997         10.000      7.003                core_i/rx_chain_i/matched_filter_i/matched_filter_i/prod_i_reg[24]/CLK
Min Period        n/a     DSP48E1/CLK  n/a            2.997         10.000      7.003                core_i/rx_chain_i/matched_filter_i/matched_filter_i/prod_i_reg[26]/CLK
Low Pulse Width   Slow    FDRE/C       n/a            0.500         5.000       4.500                awaddr_latched_reg[0]/C
Low Pulse Width   Fast    FDRE/C       n/a            0.500         5.000       4.500                awaddr_latched_reg[0]/C
Low Pulse Width   Slow    FDRE/C       n/a            0.500         5.000       4.500                awaddr_latched_reg[1]/C
Low Pulse Width   Fast    FDRE/C       n/a            0.500         5.000       4.500                awaddr_latched_reg[1]/C
Low Pulse Width   Slow    FDRE/C       n/a            0.500         5.000       4.500                awaddr_latched_reg[2]/C
Low Pulse Width   Fast    FDRE/C       n/a            0.500         5.000       4.500                awaddr_latched_reg[2]/C
Low Pulse Width   Slow    FDRE/C       n/a            0.500         5.000       4.500                awaddr_latched_reg[3]/C
Low Pulse Width   Fast    FDRE/C       n/a            0.500         5.000       4.500                awaddr_latched_reg[3]/C
Low Pulse Width   Slow    FDRE/C       n/a            0.500         5.000       4.500                awaddr_latched_reg[4]/C
Low Pulse Width   Fast    FDRE/C       n/a            0.500         5.000       4.500                awaddr_latched_reg[4]/C
High Pulse Width  Slow    FDRE/C       n/a            0.500         5.000       4.500                awaddr_latched_reg[0]/C
High Pulse Width  Fast    FDRE/C       n/a            0.500         5.000       4.500                awaddr_latched_reg[0]/C
High Pulse Width  Slow    FDRE/C       n/a            0.500         5.000       4.500                awaddr_latched_reg[1]/C
High Pulse Width  Fast    FDRE/C       n/a            0.500         5.000       4.500                awaddr_latched_reg[1]/C
High Pulse Width  Slow    FDRE/C       n/a            0.500         5.000       4.500                awaddr_latched_reg[2]/C
High Pulse Width  Fast    FDRE/C       n/a            0.500         5.000       4.500                awaddr_latched_reg[2]/C
High Pulse Width  Slow    FDRE/C       n/a            0.500         5.000       4.500                awaddr_latched_reg[3]/C
High Pulse Width  Fast    FDRE/C       n/a            0.500         5.000       4.500                awaddr_latched_reg[3]/C
High Pulse Width  Slow    FDRE/C       n/a            0.500         5.000       4.500                awaddr_latched_reg[4]/C
High Pulse Width  Fast    FDRE/C       n/a            0.500         5.000       4.500                awaddr_latched_reg[4]/C
