Copyright 1986-2021 Xilinx, Inc. All Rights Reserved.
---------------------------------------------------------------------------------------------------------------------------------------------------------------------------------------------------
| Tool Version : Vivado v.2021.1 (win64) Build 3247384 Thu Jun 10 19:36:33 MDT 2021
| Date         : normalized
| Host         : normalized
| Command      : report_timing_summary -delay_type max -max_paths 10 -file <output_dir>/bpsk_frame_bit_source_post_route_timing_summary.rpt
| Design       : bpsk_frame_bit_source
| Device       : 7z020-clg400
| Speed File   : -2  PRODUCTION 1.12 2019-11-22
---------------------------------------------------------------------------------------------------------------------------------------------------------------------------------------------------

Timing Summary Report

------------------------------------------------------------------------------------------------
| Timer Settings
| --------------
------------------------------------------------------------------------------------------------

  Enable Multi Corner Analysis               :  Yes
  Enable Pessimism Removal                   :  Yes
  Pessimism Removal Resolution               :  Nearest Common Node
  Enable Input Delay Default Clock           :  No
  Enable Preset / Clear Arcs                 :  No
  Disable Flight Delays                      :  No
  Ignore I/O Paths                           :  No
  Timing Early Launch at Borrowing Latches   :  No
  Borrow Time for Max Delay Exceptions       :  Yes
  Merge Timing Exceptions                    :  Yes

  Corner  Analyze    Analyze
  Name    Max Paths  Min Paths
  ------  ---------  ---------
  Slow    Yes        Yes
  Fast    Yes        Yes


------------------------------------------------------------------------------------------------
| Report Methodology
| ------------------
------------------------------------------------------------------------------------------------

No report available as report_methodology has not been run prior. Run report_methodology on the current design for the summary of methodology violations.



check_timing report

Table of Contents
-----------------
1. checking no_clock (0)
2. checking constant_clock (0)
3. checking pulse_width_clock (0)
4. checking unconstrained_internal_endpoints (0)
5. checking no_input_delay (0)
6. checking no_output_delay (0)
7. checking multiple_clock (0)
8. checking generated_clocks (0)
9. checking loops (0)
10. checking partial_input_delay (0)
11. checking partial_output_delay (0)
12. checking latch_loops (0)

1. checking no_clock (0)
------------------------
 There are 0 register/latch pins with no clock.


2. checking constant_clock (0)
------------------------------
 There are 0 register/latch pins with constant_clock.


3. checking pulse_width_clock (0)
---------------------------------
 There are 0 register/latch pins which need pulse_width check


4. checking unconstrained_internal_endpoints (0)
------------------------------------------------
 There are 0 pins that are not constrained for maximum delay.

 There are 0 pins that are not constrained for maximum delay due to constant clock.


5. checking no_input_delay (0)
------------------------------
 There are 0 input ports with no input delay specified.

 There are 0 input ports with no input delay but user has a false path constraint.


6. checking no_output_delay (0)
-------------------------------
 There are 0 ports with no output delay specified.

 There are 0 ports with no output delay but user has a false path constraint

 There are 0 ports with no output delay but with a timing clock defined on it or propagating through it


7. checking multiple_clock (0)
------------------------------
 There are 0 register/latch pins with multiple clocks.


8. checking generated_clocks (0)
--------------------------------
 There are 0 generated clocks that are not connected to a clock source.


9. checking loops (0)
---------------------
 There are 0 combinational loops in the design.


10. checking partial_input_delay (0)
------------------------------------
 There are 0 input ports with partial input delay specified.


11. checking partial_output_delay (0)
-------------------------------------
 There are 0 ports with partial output delay specified.


12. checking latch_loops (0)
----------------------------
 There are 0 combinational latch loops in the design through latch input



------------------------------------------------------------------------------------------------
| Design Timing Summary
| ---------------------
------------------------------------------------------------------------------------------------

    WNS(ns)      TNS(ns)  TNS Failing Endpoints  TNS Total Endpoints     WPWS(ns)     TPWS(ns)  TPWS Failing Endpoints  TPWS Total Endpoints
    -------      -------  ---------------------  -------------------     --------     --------  ----------------------  --------------------
      5.225        0.000                      0                   55        4.500        0.000                       0                    18


All user specified timing constraints are met.


------------------------------------------------------------------------------------------------
| Clock Summary
| -------------
------------------------------------------------------------------------------------------------

Clock  Waveform(ns)       Period(ns)      Frequency(MHz)
-----  ------------       ----------      --------------
clk    {0.000 5.000}      10.000          100.000


------------------------------------------------------------------------------------------------
| Intra Clock Table
| -----------------
------------------------------------------------------------------------------------------------

Clock             WNS(ns)      TNS(ns)  TNS Failing Endpoints  TNS Total Endpoints     WPWS(ns)     TPWS(ns)  TPWS Failing Endpoints  TPWS Total Endpoints
-----             -------      -------  ---------------------  -------------------     --------     --------  ----------------------  --------------------
clk                 5.225        0.000                      0                   55        4.500        0.000                       0                    18


------------------------------------------------------------------------------------------------
| Inter Clock Table
| -----------------
------------------------------------------------------------------------------------------------

From Clock    To Clock          WNS(ns)      TNS(ns)  TNS Failing Endpoints  TNS Total Endpoints
----------    --------          -------      -------  ---------------------  -------------------


------------------------------------------------------------------------------------------------
| Other Path Groups Table
| -----------------------
------------------------------------------------------------------------------------------------

Path Group    From Clock    To Clock          WNS(ns)      TNS(ns)  TNS Failing Endpoints  TNS Total Endpoints
----------    ----------    --------          -------      -------  ---------------------  -------------------


------------------------------------------------------------------------------------------------
| Timing Details
| --------------
------------------------------------------------------------------------------------------------


---------------------------------------------------------------------------------------------------
From Clock:  clk
  To Clock:  clk

Setup :            0  Failing Endpoints,  Worst Slack        5.225ns,  Total Violation        0.000ns
Hold  :           NA  Failing Endpoints,  Worst Slack           NA  ,  Total Violation           NA
PW    :            0  Failing Endpoints,  Worst Slack        4.500ns,  Total Violation        0.000ns
---------------------------------------------------------------------------------------------------


Max Delay Paths
--------------------------------------------------------------------------------------
Slack (MET) :             5.225ns  (required time - arrival time)
  Source:                 bit_index_reg[0]/C
                            (rising edge-triggered cell FDRE clocked by clk  {rise@0.000ns fall@5.000ns period=10.000ns})
  Destination:            out_last
                            (output port clocked by clk  {rise@0.000ns fall@5.000ns period=10.000ns})
  Path Group:             clk
  Path Type:              Max at Slow Process Corner
  Requirement:            10.000ns  (clk rise@10.000ns - clk rise@0.000ns)
  Data Path Delay:        3.331ns  (logic 1.331ns (39.956%)  route 2.000ns (60.044%))
  Logic Levels:           4  (CARRY4=2 LUT2=1 LUT6=1)
  Output Delay:           0.000ns
  Clock Path Skew:        -1.409ns (DCD - SCD + CPR)
    Destination Clock Delay (DCD):    0.000ns = ( 10.000 - 10.000 )
    Source Clock Delay      (SCD):    1.409ns
    Clock Pessimism Removal (CPR):    0.000ns
  Clock Uncertainty:      0.035ns  ((TSJ^2 + TIJ^2)^1/2 + DJ) / 2 + PE
    Total System Jitter     (TSJ):    0.071ns
    Total Input Jitter      (TIJ):    0.000ns
    Discrete Jitter          (DJ):    0.000ns
    Phase Error              (PE):    0.000ns

    Location             Delay type                Incr(ns)  Path(ns)    Netlist Resource(s)
  -------------------------------------------------------------------    -------------------
                         (clock clk rise edge)        0.000     0.000 r
                                                      0.000     0.000 r  clk (IN)
                         net (fo=17, unset)           1.409     1.409    clk
    SLICE_X27Y74         FDRE                                         r  bit_index_reg[0]/C
  -------------------------------------------------------------------    -------------------
    SLICE_X27Y74         FDRE (Prop_fdre_C_Q)         0.379     1.788 r  bit_index_reg[0]/Q
                         net (fo=7, routed)           0.824     2.612    bit_index_reg[0]
    SLICE_X28Y76         LUT6 (Prop_lut6_I0_O)        0.105     2.717 r  out_last_INST_0_i_8/O
                         net (fo=1, routed)           0.000     2.717    out_last_INST_0_i_8_n_0
    SLICE_X28Y76         CARRY4 (Prop_carry4_S[0]_CO[3])
                                                      0.440     3.157 r  out_last_INST_0_i_2/CO[3]
                         net (fo=1, routed)           0.000     3.157    out_last_INST_0_i_2_n_0
    SLICE_X28Y77         CARRY4 (Prop_carry4_CI_CO[1])
                                                      0.132     3.289 r  out_last_INST_0_i_1/CO[1]
                         net (fo=4, routed)           0.389     3.678    bit_index0
    SLICE_X26Y76         LUT2 (Prop_lut2_I1_O)        0.275     3.953 r  out_last_INST_0/O
                         net (fo=0)                   0.787     4.740    out_last
                                                                      r  out_last (OUT)
  -------------------------------------------------------------------    -------------------

                         (clock clk rise edge)       10.000    10.000 r
                         clock pessimism              0.000    10.000
                         clock uncertainty           -0.035     9.965
                         output delay                -0.000     9.965
  -------------------------------------------------------------------
                         required time                          9.965
                         arrival time                          -4.740
  -------------------------------------------------------------------
                         slack                                  5.225

Slack (MET) :             5.392ns  (required time - arrival time)
  Source:                 bit_index_reg[0]/C
                            (rising edge-triggered cell FDRE clocked by clk  {rise@0.000ns fall@5.000ns period=10.000ns})
  Destination:            out_bit
                            (output port clocked by clk  {rise@0.000ns fall@5.000ns period=10.000ns})
  Path Group:             clk
  Path Type:              Max at Slow Process Corner
  Requirement:            10.000ns  (clk rise@10.000ns - clk rise@0.000ns)
  Data Path Delay:        3.164ns  (logic 0.918ns (29.018%)  route 2.246ns (70.982%))
  Logic Levels:           3  (LUT6=2 MUXF7=1)
  Output Delay:           0.000ns
  Clock Path Skew:        -1.409ns (DCD - SCD + CPR)
    Destination Clock Delay (DCD):    0.000ns = ( 10.000 - 10.000 )
    Source Clock Delay      (SCD):    1.409ns
    Clock Pessimism Removal (CPR):    0.000ns
  Clock Uncertainty:      0.035ns  ((TSJ^2 + TIJ^2)^1/2 + DJ) / 2 + PE
    Total System Jitter     (TSJ):    0.071ns
    Total Input Jitter      (TIJ):    0.000ns
    Discrete Jitter          (DJ):    0.000ns
    Phase Error              (PE):    0.000ns

    Location             Delay type                Incr(ns)  Path(ns)    Netlist Resource(s)
  -------------------------------------------------------------------    -------------------
                         (clock clk rise edge)        0.000     0.000 r
                                                      0.000     0.000 r  clk (IN)
                         net (fo=17, unset)           1.409     1.409    clk
    SLICE_X27Y74         FDRE                                         r  bit_index_reg[0]/C
  -------------------------------------------------------------------    -------------------
    SLICE_X27Y74         FDRE (Prop_fdre_C_Q)         0.379     1.788 r  bit_index_reg[0]/Q
                         net (fo=7, routed)           0.912     2.700    bit_index_reg[0]
    SLICE_X29Y75         LUT6 (Prop_lut6_I0_O)        0.105     2.805 r  g3_b0/O
                         net (fo=1, routed)           0.000     2.805    g3_b0_n_0
    SLICE_X29Y75         MUXF7 (Prop_muxf7_I1_O)      0.182     2.987 r  out_bit_INST_0_i_1/O
                         net (fo=1, routed)           0.546     3.534    out_bit_INST_0_i_1_n_0
    SLICE_X28Y75         LUT6 (Prop_lut6_I3_O)        0.252     3.786 r  out_bit_INST_0/O
                         net (fo=0)                   0.787     4.573    out_bit
                                                                      r  out_bit (OUT)
  -------------------------------------------------------------------    -------------------

                         (clock clk rise edge)       10.000    10.000 r
                         clock pessimism              0.000    10.000
                         clock uncertainty           -0.035     9.965
                         output delay                -0.000     9.965
  -------------------------------------------------------------------
                         required time                          9.965
                         arrival time                          -4.573
  -------------------------------------------------------------------
                         slack                                  5.392

Slack (MET) :             5.659ns  (required time - arrival time)
  Source:                 frame_bit_count[2]
                            (input port clocked by clk  {rise@0.000ns fall@5.000ns period=10.000ns})
  Destination:            bit_index_reg[10]/R
                            (rising edge-triggered cell FDRE clocked by clk  {rise@0.000ns fall@5.000ns period=10.000ns})
  Path Group:             clk
  Path Type:              Setup (Max at Slow Process Corner)
  Requirement:            10.000ns  (clk rise@10.000ns - clk rise@0.000ns)
  Data Path Delay:        5.212ns  (logic 1.906ns (36.569%)  route 3.306ns (63.431%))
  Logic Levels:           8  (CARRY4=5 LUT1=1 LUT5=1 LUT6=1)
  Input Delay:            0.000ns
  Clock Path Skew:        1.258ns (DCD - SCD + CPR)
    Destination Clock Delay (DCD):    1.258ns = ( 11.258 - 10.000 )
    Source Clock Delay      (SCD):    0.000ns
    Clock Pessimism Removal (CPR):    0.000ns
  Clock Uncertainty:      0.035ns  ((TSJ^2 + TIJ^2)^1/2 + DJ) / 2 + PE
    Total System Jitter     (TSJ):    0.071ns
    Total Input Jitter      (TIJ):    0.000ns
    Discrete Jitter          (DJ):    0.000ns
    Phase Error              (PE):    0.000ns

    Location             Delay type                Incr(ns)  Path(ns)    Netlist Resource(s)
  -------------------------------------------------------------------    -------------------
                         (clock clk rise edge)        0.000     0.000 r
                         input delay                  0.000     0.000
                                                      0.000     0.000 f  frame_bit_count[2] (IN)
                         net (fo=2, unset)            0.787     0.787    frame_bit_count[2]
    SLICE_X26Y77         LUT1 (Prop_lut1_I0_O)        0.105     0.892 r  out_last_INST_0_i_26/O
                         net (fo=1, routed)           0.000     0.892    out_last_INST_0_i_26_n_0
    SLICE_X26Y77         CARRY4 (Prop_carry4_S[1]_CO[3])
                                                      0.444     1.336 r  out_last_INST_0_i_12/CO[3]
                         net (fo=1, routed)           0.000     1.336    out_last_INST_0_i_12_n_0
    SLICE_X26Y78         CARRY4 (Prop_carry4_CI_CO[3])
                                                      0.100     1.436 r  out_last_INST_0_i_11/CO[3]
                         net (fo=1, routed)           0.000     1.436    out_last_INST_0_i_11_n_0
    SLICE_X26Y79         CARRY4 (Prop_carry4_CI_CO[3])
                                                      0.100     1.536 r  out_last_INST_0_i_10/CO[3]
                         net (fo=1, routed)           0.000     1.536    out_last_INST_0_i_10_n_0
    SLICE_X26Y80         CARRY4 (Prop_carry4_CI_O[1])
                                                      0.257     1.793 r  out_last_INST_0_i_9/O[1]
                         net (fo=1, routed)           0.814     2.607    out_last_INST_0_i_9_n_6
    SLICE_X28Y77         LUT6 (Prop_lut6_I2_O)        0.245     2.852 r  out_last_INST_0_i_4/O
                         net (fo=1, routed)           0.000     2.852    out_last_INST_0_i_4_n_0
    SLICE_X28Y77         CARRY4 (Prop_carry4_S[0]_CO[1])
                                                      0.380     3.232 r  out_last_INST_0_i_1/CO[1]
                         net (fo=4, routed)           0.493     3.725    bit_index0
    SLICE_X26Y76         LUT5 (Prop_lut5_I3_O)        0.275     4.000 r  bit_index[0]_i_1/O
                         net (fo=16, routed)          1.212     5.212    bit_index[0]_i_1_n_0
    SLICE_X27Y76         FDRE                                         r  bit_index_reg[10]/R
  -------------------------------------------------------------------    -------------------

                         (clock clk rise edge)       10.000    10.000 r
                                                      0.000    10.000 r  clk (IN)
                         net (fo=17, unset)           1.258    11.258    clk
    SLICE_X27Y76         FDRE                                         r  bit_index_reg[10]/C
                         clock pessimism              0.000    11.258
                         clock uncertainty           -0.035    11.223
    SLICE_X27Y76         FDRE (Setup_fdre_C_R)       -0.352    10.871    bit_index_reg[10]
  -------------------------------------------------------------------
                         required time                         10.871
                         arrival time                          -5.212
  -------------------------------------------------------------------
                         slack                                  5.659

Slack (MET) :             5.659ns  (required time - arrival time)
  Source:                 frame_bit_count[2]
                            (input port clocked by clk  {rise@0.000ns fall@5.000ns period=10.000ns})
  Destination:            bit_index_reg[11]/R
                            (rising edge-triggered cell FDRE clocked by clk  {rise@0.000ns fall@5.000ns period=10.000ns})
  Path Group:             clk
  Path Type:              Setup (Max at Slow Process Corner)
  Requirement:            10.000ns  (clk rise@10.000ns - clk rise@0.000ns)
  Data Path Delay:        5.212ns  (logic 1.906ns (36.569%)  route 3.306ns (63.431%))
  Logic Levels:           8  (CARRY4=5 LUT1=1 LUT5=1 LUT6=1)
  Input Delay:            0.000ns
  Clock Path Skew:        1.258ns (DCD - SCD + CPR)
    Destination Clock Delay (DCD):    1.258ns = ( 11.258 - 10.000 )
    Source Clock Delay      (SCD):    0.000ns
    Clock Pessimism Removal (CPR):    0.000ns
  Clock Uncertainty:      0.035ns  ((TSJ^2 + TIJ^2)^1/2 + DJ) / 2 + PE
    Total System Jitter     (TSJ):    0.071ns
    Total Input Jitter      (TIJ):    0.000ns
    Discrete Jitter          (DJ):    0.000ns
    Phase Error              (PE):    0.000ns

    Location             Delay type                Incr(ns)  Path(ns)    Netlist Resource(s)
  -------------------------------------------------------------------    -------------------
                         (clock clk rise edge)        0.000     0.000 r
                         input delay                  0.000     0.000
                                                      0.000     0.000 f  frame_bit_count[2] (IN)
                         net (fo=2, unset)            0.787     0.787    frame_bit_count[2]
    SLICE_X26Y77         LUT1 (Prop_lut1_I0_O)        0.105     0.892 r  out_last_INST_0_i_26/O
                         net (fo=1, routed)           0.000     0.892    out_last_INST_0_i_26_n_0
    SLICE_X26Y77         CARRY4 (Prop_carry4_S[1]_CO[3])
                                                      0.444     1.336 r  out_last_INST_0_i_12/CO[3]
                         net (fo=1, routed)           0.000     1.336    out_last_INST_0_i_12_n_0
    SLICE_X26Y78         CARRY4 (Prop_carry4_CI_CO[3])
                                                      0.100     1.436 r  out_last_INST_0_i_11/CO[3]
                         net (fo=1, routed)           0.000     1.436    out_last_INST_0_i_11_n_0
    SLICE_X26Y79         CARRY4 (Prop_carry4_CI_CO[3])
                                                      0.100     1.536 r  out_last_INST_0_i_10/CO[3]
                         net (fo=1, routed)           0.000     1.536    out_last_INST_0_i_10_n_0
    SLICE_X26Y80         CARRY4 (Prop_carry4_CI_O[1])
                                                      0.257     1.793 r  out_last_INST_0_i_9/O[1]
                         net (fo=1, routed)           0.814     2.607    out_last_INST_0_i_9_n_6
    SLICE_X28Y77         LUT6 (Prop_lut6_I2_O)        0.245     2.852 r  out_last_INST_0_i_4/O
                         net (fo=1, routed)           0.000     2.852    out_last_INST_0_i_4_n_0
    SLICE_X28Y77         CARRY4 (Prop_carry4_S[0]_CO[1])
                                                      0.380     3.232 r  out_last_INST_0_i_1/CO[1]
                         net (fo=4, routed)           0.493     3.725    bit_index0
    SLICE_X26Y76         LUT5 (Prop_lut5_I3_O)        0.275     4.000 r  bit_index[0]_i_1/O
                         net (fo=16, routed)          1.212     5.212    bit_index[0]_i_1_n_0
    SLICE_X27Y76         FDRE                                         r  bit_index_reg[11]/R
  -------------------------------------------------------------------    -------------------

                         (clock clk rise edge)       10.000    10.000 r
                                                      0.000    10.000 r  clk (IN)
                         net (fo=17, unset)           1.258    11.258    clk
    SLICE_X27Y76         FDRE                                         r  bit_index_reg[11]/C
                         clock pessimism              0.000    11.258
                         clock uncertainty           -0.035    11.223
    SLICE_X27Y76         FDRE (Setup_fdre_C_R)       -0.352    10.871    bit_index_reg[11]
  -------------------------------------------------------------------
                         required time                         10.871
                         arrival time                          -5.212
  -------------------------------------------------------------------
                         slack                                  5.659

Slack (MET) :             5.659ns  (required time - arrival time)
  Source:                 frame_bit_count[2]
                            (input port clocked by clk  {rise@0.000ns fall@5.000ns period=10.000ns})
  Destination:            bit_index_reg[8]/R
                            (rising edge-triggered cell FDRE clocked by clk  {rise@0.000ns fall@5.000ns period=10.000ns})
  Path Group:             clk
  Path Type:              Setup (Max at Slow Process Corner)
  Requirement:            10.000ns  (clk rise@10.000ns - clk rise@0.000ns)
  Data Path Delay:        5.212ns  (logic 1.906ns (36.569%)  route 3.306ns (63.431%))
  Logic Levels:           8  (CARRY4=5 LUT1=1 LUT5=1 LUT6=1)
  Input Delay:            0.000ns
  Clock Path Skew:        1.258ns (DCD - SCD + CPR)
    Destination Clock Delay (DCD):    1.258ns = ( 11.258 - 10.000 )
    Source Clock Delay      (SCD):    0.000ns
    Clock Pessimism Removal (CPR):    0.000ns
  Clock Uncertainty:      0.035ns  ((TSJ^2 + TIJ^2)^1/2 + DJ) / 2 + PE
    Total System Jitter     (TSJ):    0.071ns
    Total Input Jitter      (TIJ):    0.000ns
    Discrete Jitter          (DJ):    0.000ns
    Phase Error              (PE):    0.000ns

    Location             Delay type                Incr(ns)  Path(ns)    Netlist Resource(s)
  -------------------------------------------------------------------    -------------------
                         (clock clk rise edge)        0.000     0.000 r
                         input delay                  0.000     0.000
                                                      0.000     0.000 f  frame_bit_count[2] (IN)
                         net (fo=2, unset)            0.787     0.787    frame_bit_count[2]
    SLICE_X26Y77         LUT1 (Prop_lut1_I0_O)        0.105     0.892 r  out_last_INST_0_i_26/O
                         net (fo=1, routed)           0.000     0.892    out_last_INST_0_i_26_n_0
    SLICE_X26Y77         CARRY4 (Prop_carry4_S[1]_CO[3])
                                                      0.444     1.336 r  out_last_INST_0_i_12/CO[3]
                         net (fo=1, routed)           0.000     1.336    out_last_INST_0_i_12_n_0
    SLICE_X26Y78         CARRY4 (Prop_carry4_CI_CO[3])
                                                      0.100     1.436 r  out_last_INST_0_i_11/CO[3]
                         net (fo=1, routed)           0.000     1.436    out_last_INST_0_i_11_n_0
    SLICE_X26Y79         CARRY4 (Prop_carry4_CI_CO[3])
                                                      0.100     1.536 r  out_last_INST_0_i_10/CO[3]
                         net (fo=1, routed)           0.000     1.536    out_last_INST_0_i_10_n_0
    SLICE_X26Y80         CARRY4 (Prop_carry4_CI_O[1])
                                                      0.257     1.793 r  out_last_INST_0_i_9/O[1]
                         net (fo=1, routed)           0.814     2.607    out_last_INST_0_i_9_n_6
    SLICE_X28Y77         LUT6 (Prop_lut6_I2_O)        0.245     2.852 r  out_last_INST_0_i_4/O
                         net (fo=1, routed)           0.000     2.852    out_last_INST_0_i_4_n_0
    SLICE_X28Y77         CARRY4 (Prop_carry4_S[0]_CO[1])
                                                      0.380     3.232 r  out_last_INST_0_i_1/CO[1]
                         net (fo=4, routed)           0.493     3.725    bit_index0
    SLICE_X26Y76         LUT5 (Prop_lut5_I3_O)        0.275     4.000 r  bit_index[0]_i_1/O
                         net (fo=16, routed)          1.212     5.212    bit_index[0]_i_1_n_0
    SLICE_X27Y76         FDRE                                         r  bit_index_reg[8]/R
  -------------------------------------------------------------------    -------------------

                         (clock clk rise edge)       10.000    10.000 r
                                                      0.000    10.000 r  clk (IN)
                         net (fo=17, unset)           1.258    11.258    clk
    SLICE_X27Y76         FDRE                                         r  bit_index_reg[8]/C
                         clock pessimism              0.000    11.258
                         clock uncertainty           -0.035    11.223
    SLICE_X27Y76         FDRE (Setup_fdre_C_R)       -0.352    10.871    bit_index_reg[8]
  -------------------------------------------------------------------
                         required time                         10.871
                         arrival time                          -5.212
  -------------------------------------------------------------------
                         slack                                  5.659

Slack (MET) :             5.659ns  (required time - arrival time)
  Source:                 frame_bit_count[2]
                            (input port clocked by clk  {rise@0.000ns fall@5.000ns period=10.000ns})
  Destination:            bit_index_reg[9]/R
                            (rising edge-triggered cell FDRE clocked by clk  {rise@0.000ns fall@5.000ns period=10.000ns})
  Path Group:             clk
  Path Type:              Setup (Max at Slow Process Corner)
  Requirement:            10.000ns  (clk rise@10.000ns - clk rise@0.000ns)
  Data Path Delay:        5.212ns  (logic 1.906ns (36.569%)  route 3.306ns (63.431%))
  Logic Levels:           8  (CARRY4=5 LUT1=1 LUT5=1 LUT6=1)
  Input Delay:            0.000ns
  Clock Path Skew:        1.258ns (DCD - SCD + CPR)
    Destination Clock Delay (DCD):    1.258ns = ( 11.258 - 10.000 )
    Source Clock Delay      (SCD):    0.000ns
    Clock Pessimism Removal (CPR):    0.000ns
  Clock Uncertainty:      0.035ns  ((TSJ^2 + TIJ^2)^1/2 + DJ) / 2 + PE
    Total System Jitter     (TSJ):    0.071ns
    Total Input Jitter      (TIJ):    0.000ns
    Discrete Jitter          (DJ):    0.000ns
    Phase Error              (PE):    0.000ns

    Location             Delay type                Incr(ns)  Path(ns)    Netlist Resource(s)
  -------------------------------------------------------------------    -------------------
                         (clock clk rise edge)        0.000     0.000 r
                         input delay                  0.000     0.000
                                                      0.000     0.000 f  frame_bit_count[2] (IN)
                         net (fo=2, unset)            0.787     0.787    frame_bit_count[2]
    SLICE_X26Y77         LUT1 (Prop_lut1_I0_O)        0.105     0.892 r  out_last_INST_0_i_26/O
                         net (fo=1, routed)           0.000     0.892    out_last_INST_0_i_26_n_0
    SLICE_X26Y77         CARRY4 (Prop_carry4_S[1]_CO[3])
                                                      0.444     1.336 r  out_last_INST_0_i_12/CO[3]
                         net (fo=1, routed)           0.000     1.336    out_last_INST_0_i_12_n_0
    SLICE_X26Y78         CARRY4 (Prop_carry4_CI_CO[3])
                                                      0.100     1.436 r  out_last_INST_0_i_11/CO[3]
                         net (fo=1, routed)           0.000     1.436    out_last_INST_0_i_11_n_0
    SLICE_X26Y79         CARRY4 (Prop_carry4_CI_CO[3])
                                                      0.100     1.536 r  out_last_INST_0_i_10/CO[3]
                         net (fo=1, routed)           0.000     1.536    out_last_INST_0_i_10_n_0
    SLICE_X26Y80         CARRY4 (Prop_carry4_CI_O[1])
                                                      0.257     1.793 r  out_last_INST_0_i_9/O[1]
                         net (fo=1, routed)           0.814     2.607    out_last_INST_0_i_9_n_6
    SLICE_X28Y77         LUT6 (Prop_lut6_I2_O)        0.245     2.852 r  out_last_INST_0_i_4/O
                         net (fo=1, routed)           0.000     2.852    out_last_INST_0_i_4_n_0
    SLICE_X28Y77         CARRY4 (Prop_carry4_S[0]_CO[1])
                                                      0.380     3.232 r  out_last_INST_0_i_1/CO[1]
                         net (fo=4, routed)           0.493     3.725    bit_index0
    SLICE_X26Y76         LUT5 (Prop_lut5_I3_O)        0.275     4.000 r  bit_index[0]_i_1/O
                         net (fo=16, routed)          1.212     5.212    bit_index[0]_i_1_n_0
    SLICE_X27Y76         FDRE                                         r  bit_index_reg[9]/R
  -------------------------------------------------------------------    -------------------

                         (clock clk rise edge)       10.000    10.000 r
                                                      0.000    10.000 r  clk (IN)
                         net (fo=17, unset)           1.258    11.258    clk
    SLICE_X27Y76         FDRE                                         r  bit_index_reg[9]/C
                         clock pessimism              0.000    11.258
                         clock uncertainty           -0.035    11.223
    SLICE_X27Y76         FDRE (Setup_fdre_C_R)       -0.352    10.871    bit_index_reg[9]
  -------------------------------------------------------------------
                         required time                         10.871
                         arrival time                          -5.212
  -------------------------------------------------------------------
                         slack                                  5.659

Slack (MET) :             5.719ns  (required time - arrival time)
  Source:                 frame_bit_count[2]
                            (input port clocked by clk  {rise@0.000ns fall@5.000ns period=10.000ns})
  Destination:            bit_index_reg[0]/R
                            (rising edge-triggered cell FDRE clocked by clk  {rise@0.000ns fall@5.000ns period=10.000ns})
  Path Group:             clk
  Path Type:              Setup (Max at Slow Process Corner)
  Requirement:            10.000ns  (clk rise@10.000ns - clk rise@0.000ns)
  Data Path Delay:        5.151ns  (logic 1.906ns (37.002%)  route 3.245ns (62.998%))
  Logic Levels:           8  (CARRY4=5 LUT1=1 LUT5=1 LUT6=1)
  Input Delay:            0.000ns
  Clock Path Skew:        1.257ns (DCD - SCD + CPR)
    Destination Clock Delay (DCD):    1.257ns = ( 11.257 - 10.000 )
    Source Clock Delay      (SCD):    0.000ns
    Clock Pessimism Removal (CPR):    0.000ns
  Clock Uncertainty:      0.035ns  ((TSJ^2 + TIJ^2)^1/2 + DJ) / 2 + PE
    Total System Jitter     (TSJ):    0.071ns
    Total Input Jitter      (TIJ):    0.000ns
    Discrete Jitter          (DJ):    0.000ns
    Phase Error              (PE):    0.000ns

    Location             Delay type                Incr(ns)  Path(ns)    Netlist Resource(s)
  -------------------------------------------------------------------    -------------------
                         (clock clk rise edge)        0.000     0.000 r
                         input delay                  0.000     0.000
                                                      0.000     0.000 f  frame_bit_count[2] (IN)
                         net (fo=2, unset)            0.787     0.787    frame_bit_count[2]
    SLICE_X26Y77         LUT1 (Prop_lut1_I0_O)        0.105     0.892 r  out_last_INST_0_i_26/O
                         net (fo=1, routed)           0.000     0.892    out_last_INST_0_i_26_n_0
    SLICE_X26Y77         CARRY4 (Prop_carry4_S[1]_CO[3])
                                                      0.444     1.336 r  out_last_INST_0_i_12/CO[3]
                         net (fo=1, routed)           0.000     1.336    out_last_INST_0_i_12_n_0
    SLICE_X26Y78         CARRY4 (Prop_carry4_CI_CO[3])
                                                      0.100     1.436 r  out_last_INST_0_i_11/CO[3]
                         net (fo=1, routed)           0.000     1.436    out_last_INST_0_i_11_n_0
    SLICE_X26Y79         CARRY4 (Prop_carry4_CI_CO[3])
                                                      0.100     1.536 r  out_last_INST_0_i_10/CO[3]
                         net (fo=1, routed)           0.000     1.536    out_last_INST_0_i_10_n_0
    SLICE_X26Y80         CARRY4 (Prop_carry4_CI_O[1])
                                                      0.257     1.793 r  out_last_INST_0_i_9/O[1]
                         net (fo=1, routed)           0.814     2.607    out_last_INST_0_i_9_n_6
    SLICE_X28Y77         LUT6 (Prop_lut6_I2_O)        0.245     2.852 r  out_last_INST_0_i_4/O
                         net (fo=1, routed)           0.000     2.852    out_last_INST_0_i_4_n_0
    SLICE_X28Y77         CARRY4 (Prop_carry4_S[0]_CO[1])
                                                      0.380     3.232 r  out_last_INST_0_i_1/CO[1]
                         net (fo=4, routed)           0.493     3.725    bit_index0
    SLICE_X26Y76         LUT5 (Prop_lut5_I3_O)        0.275     4.000 r  bit_index[0]_i_1/O
                         net (fo=16, routed)          1.151     5.151    bit_index[0]_i_1_n_0
    SLICE_X27Y74         FDRE                                         r  bit_index_reg[0]/R
  -------------------------------------------------------------------    -------------------

                         (clock clk rise edge)       10.000    10.000 r
                                                      0.000    10.000 r  clk (IN)
                         net (fo=17, unset)           1.257    11.257    clk
    SLICE_X27Y74         FDRE                                         r  bit_index_reg[0]/C
                         clock pessimism              0.000    11.257
                         clock uncertainty           -0.035    11.222
    SLICE_X27Y74         FDRE (Setup_fdre_C_R)       -0.352    10.870    bit_index_reg[0]
  -------------------------------------------------------------------
                         required time                         10.870
                         arrival time                          -5.151
  -------------------------------------------------------------------
                         slack                                  5.719

Slack (MET) :             5.719ns  (required time - arrival time)
  Source:                 frame_bit_count[2]
                            (input port clocked by clk  {rise@0.000ns fall@5.000ns period=10.000ns})
  Destination:            bit_index_reg[1]/R
                            (rising edge-triggered cell FDRE clocked by clk  {rise@0.000ns fall@5.000ns period=10.000ns})
  Path Group:             clk
  Path Type:              Setup (Max at Slow Process Corner)
  Requirement:            10.000ns  (clk rise@10.000ns - clk rise@0.000ns)
  Data Path Delay:        5.151ns  (logic 1.906ns (37.002%)  route 3.245ns (62.998%))
  Logic Levels:           8  (CARRY4=5 LUT1=1 LUT5=1 LUT6=1)
  Input Delay:            0.000ns
  Clock Path Skew:        1.257ns (DCD - SCD + CPR)
    Destination Clock Delay (DCD):    1.257ns = ( 11.257 - 10.000 )
    Source Clock Delay      (SCD):    0.000ns
    Clock Pessimism Removal (CPR):    0.000ns
  Clock Uncertainty:      0.035ns  ((TSJ^2 + TIJ^2)^1/2 + DJ) / 2 + PE
    Total System Jitter     (TSJ):    0.071ns
    Total Input Jitter      (TIJ):    0.000ns
    Discrete Jitter          (DJ):    0.000ns
    Phase Error              (PE):    0.000ns

    Location             Delay type                Incr(ns)  Path(ns)    Netlist Resource(s)
  -------------------------------------------------------------------    -------------------
                         (clock clk rise edge)        0.000     0.000 r
                         input delay                  0.000     0.000
                                                      0.000     0.000 f  frame_bit_count[2] (IN)
                         net (fo=2, unset)            0.787     0.787    frame_bit_count[2]
    SLICE_X26Y77         LUT1 (Prop_lut1_I0_O)        0.105     0.892 r  out_last_INST_0_i_26/O
                         net (fo=1, routed)           0.000     0.892    out_last_INST_0_i_26_n_0
    SLICE_X26Y77         CARRY4 (Prop_carry4_S[1]_CO[3])
                                                      0.444     1.336 r  out_last_INST_0_i_12/CO[3]
                         net (fo=1, routed)           0.000     1.336    out_last_INST_0_i_12_n_0
    SLICE_X26Y78         CARRY4 (Prop_carry4_CI_CO[3])
                                                      0.100     1.436 r  out_last_INST_0_i_11/CO[3]
                         net (fo=1, routed)           0.000     1.436    out_last_INST_0_i_11_n_0
    SLICE_X26Y79         CARRY4 (Prop_carry4_CI_CO[3])
                                                      0.100     1.536 r  out_last_INST_0_i_10/CO[3]
                         net (fo=1, routed)           0.000     1.536    out_last_INST_0_i_10_n_0
    SLICE_X26Y80         CARRY4 (Prop_carry4_CI_O[1])
                                                      0.257     1.793 r  out_last_INST_0_i_9/O[1]
                         net (fo=1, routed)           0.814     2.607    out_last_INST_0_i_9_n_6
    SLICE_X28Y77         LUT6 (Prop_lut6_I2_O)        0.245     2.852 r  out_last_INST_0_i_4/O
                         net (fo=1, routed)           0.000     2.852    out_last_INST_0_i_4_n_0
    SLICE_X28Y77         CARRY4 (Prop_carry4_S[0]_CO[1])
                                                      0.380     3.232 r  out_last_INST_0_i_1/CO[1]
                         net (fo=4, routed)           0.493     3.725    bit_index0
    SLICE_X26Y76         LUT5 (Prop_lut5_I3_O)        0.275     4.000 r  bit_index[0]_i_1/O
                         net (fo=16, routed)          1.151     5.151    bit_index[0]_i_1_n_0
    SLICE_X27Y74         FDRE                                         r  bit_index_reg[1]/R
  -------------------------------------------------------------------    -------------------

                         (clock clk rise edge)       10.000    10.000 r
                                                      0.000    10.000 r  clk (IN)
                         net (fo=17, unset)           1.257    11.257    clk
    SLICE_X27Y74         FDRE                                         r  bit_index_reg[1]/C
                         clock pessimism              0.000    11.257
                         clock uncertainty           -0.035    11.222
    SLICE_X27Y74         FDRE (Setup_fdre_C_R)       -0.352    10.870    bit_index_reg[1]
  -------------------------------------------------------------------
                         required time                         10.870
                         arrival time                          -5.151
  -------------------------------------------------------------------
                         slack                                  5.719

Slack (MET) :             5.719ns  (required time - arrival time)
  Source:                 frame_bit_count[2]
                            (input port clocked by clk  {rise@0.000ns fall@5.000ns period=10.000ns})
  Destination:            bit_index_reg[2]/R
                            (rising edge-triggered cell FDRE clocked by clk  {rise@0.000ns fall@5.000ns period=10.000ns})
  Path Group:             clk
  Path Type:              Setup (Max at Slow Process Corner)
  Requirement:            10.000ns  (clk rise@10.000ns - clk rise@0.000ns)
  Data Path Delay:        5.151ns  (logic 1.906ns (37.002%)  route 3.245ns (62.998%))
  Logic Levels:           8  (CARRY4=5 LUT1=1 LUT5=1 LUT6=1)
  Input Delay:            0.000ns
  Clock Path Skew:        1.257ns (DCD - SCD + CPR)
    Destination Clock Delay (DCD):    1.257ns = ( 11.257 - 10.000 )
    Source Clock Delay      (SCD):    0.000ns
    Clock Pessimism Removal (CPR):    0.000ns
  Clock Uncertainty:      0.035ns  ((TSJ^2 + TIJ^2)^1/2 + DJ) / 2 + PE
    Total System Jitter     (TSJ):    0.071ns
    Total Input Jitter      (TIJ):    0.000ns
    Discrete Jitter          (DJ):    0.000ns
    Phase Error              (PE):    0.000ns

    Location             Delay type                Incr(ns)  Path(ns)    Netlist Resource(s)
  -------------------------------------------------------------------    -------------------
                         (clock clk rise edge)        0.000     0.000 r
                         input delay                  0.000     0.000
                                                      0.000     0.000 f  frame_bit_count[2] (IN)
                         net (fo=2, unset)            0.787     0.787    frame_bit_count[2]
    SLICE_X26Y77         LUT1 (Prop_lut1_I0_O)        0.105     0.892 r  out_last_INST_0_i_26/O
                         net (fo=1, routed)           0.000     0.892    out_last_INST_0_i_26_n_0
    SLICE_X26Y77         CARRY4 (Prop_carry4_S[1]_CO[3])
                                                      0.444     1.336 r  out_last_INST_0_i_12/CO[3]
                         net (fo=1, routed)           0.000     1.336    out_last_INST_0_i_12_n_0
    SLICE_X26Y78         CARRY4 (Prop_carry4_CI_CO[3])
                                                      0.100     1.436 r  out_last_INST_0_i_11/CO[3]
                         net (fo=1, routed)           0.000     1.436    out_last_INST_0_i_11_n_0
    SLICE_X26Y79         CARRY4 (Prop_carry4_CI_CO[3])
                                                      0.100     1.536 r  out_last_INST_0_i_10/CO[3]
                         net (fo=1, routed)           0.000     1.536    out_last_INST_0_i_10_n_0
    SLICE_X26Y80         CARRY4 (Prop_carry4_CI_O[1])
                                                      0.257     1.793 r  out_last_INST_0_i_9/O[1]
                         net (fo=1, routed)           0.814     2.607    out_last_INST_0_i_9_n_6
    SLICE_X28Y77         LUT6 (Prop_lut6_I2_O)        0.245     2.852 r  out_last_INST_0_i_4/O
                         net (fo=1, routed)           0.000     2.852    out_last_INST_0_i_4_n_0
    SLICE_X28Y77         CARRY4 (Prop_carry4_S[0]_CO[1])
                                                      0.380     3.232 r  out_last_INST_0_i_1/CO[1]
                         net (fo=4, routed)           0.493     3.725    bit_index0
    SLICE_X26Y76         LUT5 (Prop_lut5_I3_O)        0.275     4.000 r  bit_index[0]_i_1/O
                         net (fo=16, routed)          1.151     5.151    bit_index[0]_i_1_n_0
    SLICE_X27Y74         FDRE                                         r  bit_index_reg[2]/R
  -------------------------------------------------------------------    -------------------

                         (clock clk rise edge)       10.000    10.000 r
                                                      0.000    10.000 r  clk (IN)
                         net (fo=17, unset)           1.257    11.257    clk
    SLICE_X27Y74         FDRE                                         r  bit_index_reg[2]/C
                         clock pessimism              0.000    11.257
                         clock uncertainty           -0.035    11.222
    SLICE_X27Y74         FDRE (Setup_fdre_C_R)       -0.352    10.870    bit_index_reg[2]
  -------------------------------------------------------------------
                         required time                         10.870
                         arrival time                          -5.151
  -------------------------------------------------------------------
                         slack                                  5.719

Slack (MET) :             5.719ns  (required time - arrival time)
  Source:                 frame_bit_count[2]
                            (input port clocked by clk  {rise@0.000ns fall@5.000ns period=10.000ns})
  Destination:            bit_index_reg[3]/R
                            (rising edge-triggered cell FDRE clocked by clk  {rise@0.000ns fall@5.000ns period=10.000ns})
  Path Group:             clk
  Path Type:              Setup (Max at Slow Process Corner)
  Requirement:            10.000ns  (clk rise@10.000ns - clk rise@0.000ns)
  Data Path Delay:        5.151ns  (logic 1.906ns (37.002%)  route 3.245ns (62.998%))
  Logic Levels:           8  (CARRY4=5 LUT1=1 LUT5=1 LUT6=1)
  Input Delay:            0.000ns
  Clock Path Skew:        1.257ns (DCD - SCD + CPR)
    Destination Clock Delay (DCD):    1.257ns = ( 11.257 - 10.000 )
    Source Clock Delay      (SCD):    0.000ns
    Clock Pessimism Removal (CPR):    0.000ns
  Clock Uncertainty:      0.035ns  ((TSJ^2 + TIJ^2)^1/2 + DJ) / 2 + PE
    Total System Jitter     (TSJ):    0.071ns
    Total Input Jitter      (TIJ):    0.000ns
    Discrete Jitter          (DJ):    0.000ns
    Phase Error              (PE):    0.000ns

    Location             Delay type                Incr(ns)  Path(ns)    Netlist Resource(s)
  -------------------------------------------------------------------    -------------------
                         (clock clk rise edge)        0.000     0.000 r
                         input delay                  0.000     0.000
                                                      0.000     0.000 f  frame_bit_count[2] (IN)
                         net (fo=2, unset)            0.787     0.787    frame_bit_count[2]
    SLICE_X26Y77         LUT1 (Prop_lut1_I0_O)        0.105     0.892 r  out_last_INST_0_i_26/O
                         net (fo=1, routed)           0.000     0.892    out_last_INST_0_i_26_n_0
    SLICE_X26Y77         CARRY4 (Prop_carry4_S[1]_CO[3])
                                                      0.444     1.336 r  out_last_INST_0_i_12/CO[3]
                         net (fo=1, routed)           0.000     1.336    out_last_INST_0_i_12_n_0
    SLICE_X26Y78         CARRY4 (Prop_carry4_CI_CO[3])
                                                      0.100     1.436 r  out_last_INST_0_i_11/CO[3]
                         net (fo=1, routed)           0.000     1.436    out_last_INST_0_i_11_n_0
    SLICE_X26Y79         CARRY4 (Prop_carry4_CI_CO[3])
                                                      0.100     1.536 r  out_last_INST_0_i_10/CO[3]
                         net (fo=1, routed)           0.000     1.536    out_last_INST_0_i_10_n_0
    SLICE_X26Y80         CARRY4 (Prop_carry4_CI_O[1])
                                                      0.257     1.793 r  out_last_INST_0_i_9/O[1]
                         net (fo=1, routed)           0.814     2.607    out_last_INST_0_i_9_n_6
    SLICE_X28Y77         LUT6 (Prop_lut6_I2_O)        0.245     2.852 r  out_last_INST_0_i_4/O
                         net (fo=1, routed)           0.000     2.852    out_last_INST_0_i_4_n_0
    SLICE_X28Y77         CARRY4 (Prop_carry4_S[0]_CO[1])
                                                      0.380     3.232 r  out_last_INST_0_i_1/CO[1]
                         net (fo=4, routed)           0.493     3.725    bit_index0
    SLICE_X26Y76         LUT5 (Prop_lut5_I3_O)        0.275     4.000 r  bit_index[0]_i_1/O
                         net (fo=16, routed)          1.151     5.151    bit_index[0]_i_1_n_0
    SLICE_X27Y74         FDRE                                         r  bit_index_reg[3]/R
  -------------------------------------------------------------------    -------------------

                         (clock clk rise edge)       10.000    10.000 r
                                                      0.000    10.000 r  clk (IN)
                         net (fo=17, unset)           1.257    11.257    clk
    SLICE_X27Y74         FDRE                                         r  bit_index_reg[3]/C
                         clock pessimism              0.000    11.257
                         clock uncertainty           -0.035    11.222
    SLICE_X27Y74         FDRE (Setup_fdre_C_R)       -0.352    10.870    bit_index_reg[3]
  -------------------------------------------------------------------
                         required time                         10.870
                         arrival time                          -5.151
  -------------------------------------------------------------------
                         slack                                  5.719





Pulse Width Checks
--------------------------------------------------------------------------------------
Clock Name:         clk
Waveform(ns):       { 0.000 5.000 }
Period(ns):         10.000
Sources:            { clk }

Check Type        Corner  Lib Pin  Reference Pin  Required(ns)  Actual(ns)  Slack(ns)  Location      Pin
Min Period        n/a     FDRE/C   n/a            1.000         10.000      9.000      SLICE_X27Y74  bit_index_reg[0]/C
Min Period        n/a     FDRE/C   n/a            1.000         10.000      9.000      SLICE_X27Y76  bit_index_reg[10]/C
Min Period        n/a     FDRE/C   n/a            1.000         10.000      9.000      SLICE_X27Y76  bit_index_reg[11]/C
Min Period        n/a     FDRE/C   n/a            1.000         10.000      9.000      SLICE_X27Y77  bit_index_reg[12]/C
Min Period        n/a     FDRE/C   n/a            1.000         10.000      9.000      SLICE_X27Y77  bit_index_reg[13]/C
Min Period        n/a     FDRE/C   n/a            1.000         10.000      9.000      SLICE_X27Y77  bit_index_reg[14]/C
Min Period        n/a     FDRE/C   n/a            1.000         10.000      9.000      SLICE_X27Y77  bit_index_reg[15]/C
Min Period        n/a     FDRE/C   n/a            1.000         10.000      9.000      SLICE_X27Y74  bit_index_reg[1]/C
Min Period        n/a     FDRE/C   n/a            1.000         10.000      9.000      SLICE_X27Y74  bit_index_reg[2]/C
Min Period        n/a     FDRE/C   n/a            1.000         10.000      9.000      SLICE_X27Y74  bit_index_reg[3]/C
Low Pulse Width   Slow    FDRE/C   n/a            0.500         5.000       4.500      SLICE_X27Y74  bit_index_reg[0]/C
Low Pulse Width   Fast    FDRE/C   n/a            0.500         5.000       4.500      SLICE_X27Y74  bit_index_reg[0]/C
Low Pulse Width   Slow    FDRE/C   n/a            0.500         5.000       4.500      SLICE_X27Y76  bit_index_reg[10]/C
Low Pulse Width   Fast    FDRE/C   n/a            0.500         5.000       4.500      SLICE_X27Y76  bit_index_reg[10]/C
Low Pulse Width   Slow    FDRE/C   n/a            0.500         5.000       4.500      SLICE_X27Y76  bit_index_reg[11]/C
Low Pulse Width   Fast    FDRE/C   n/a            0.500         5.000       4.500      SLICE_X27Y76  bit_index_reg[11]/C
Low Pulse Width   Slow    FDRE/C   n/a            0.500         5.000       4.500      SLICE_X27Y77  bit_index_reg[12]/C
Low Pulse Width   Fast    FDRE/C   n/a            0.500         5.000       4.500      SLICE_X27Y77  bit_index_reg[12]/C
Low Pulse Width   Slow    FDRE/C   n/a            0.500         5.000       4.500      SLICE_X27Y77  bit_index_reg[13]/C
Low Pulse Width   Fast    FDRE/C   n/a            0.500         5.000       4.500      SLICE_X27Y77  bit_index_reg[13]/C
High Pulse Width  Slow    FDRE/C   n/a            0.500         5.000       4.500      SLICE_X27Y74  bit_index_reg[0]/C
High Pulse Width  Fast    FDRE/C   n/a            0.500         5.000       4.500      SLICE_X27Y74  bit_index_reg[0]/C
High Pulse Width  Slow    FDRE/C   n/a            0.500         5.000       4.500      SLICE_X27Y76  bit_index_reg[10]/C
High Pulse Width  Fast    FDRE/C   n/a            0.500         5.000       4.500      SLICE_X27Y76  bit_index_reg[10]/C
High Pulse Width  Slow    FDRE/C   n/a            0.500         5.000       4.500      SLICE_X27Y76  bit_index_reg[11]/C
High Pulse Width  Fast    FDRE/C   n/a            0.500         5.000       4.500      SLICE_X27Y76  bit_index_reg[11]/C
High Pulse Width  Slow    FDRE/C   n/a            0.500         5.000       4.500      SLICE_X27Y77  bit_index_reg[12]/C
High Pulse Width  Fast    FDRE/C   n/a            0.500         5.000       4.500      SLICE_X27Y77  bit_index_reg[12]/C
High Pulse Width  Slow    FDRE/C   n/a            0.500         5.000       4.500      SLICE_X27Y77  bit_index_reg[13]/C
High Pulse Width  Fast    FDRE/C   n/a            0.500         5.000       4.500      SLICE_X27Y77  bit_index_reg[13]/C
