Copyright 1986-2021 Xilinx, Inc. All Rights Reserved.
------------------------------------------------------------------------------------------------------------------------------------------------------------------------------------------------------------
| Tool Version : Vivado v.2021.1 (win64) Build 3247384 Thu Jun 10 19:36:33 MDT 2021
| Date         : normalized
| Host         : normalized
| Command      : report_timing_summary -delay_type max -max_paths 10 -file <output_dir>/bpsk_symbol_timing_sampler_post_synthesis_timing_summary.rpt
| Design       : bpsk_symbol_timing_sampler
| Device       : 7z020-clg400
| Speed File   : -2  PRODUCTION 1.12 2019-11-22
------------------------------------------------------------------------------------------------------------------------------------------------------------------------------------------------------------

Timing Summary Report

------------------------------------------------------------------------------------------------
| Timer Settings
| --------------
------------------------------------------------------------------------------------------------

  Enable Multi Corner Analysis               :  Yes
  Enable Pessimism Removal                   :  Yes
  Pessimism Removal Resolution               :  Nearest Common Node
  Enable Input Delay Default Clock           :  No
  Enable Preset / Clear Arcs                 :  No
  Disable Flight Delays                      :  No
  Ignore I/O Paths                           :  No
  Timing Early Launch at Borrowing Latches   :  No
  Borrow Time for Max Delay Exceptions       :  Yes
  Merge Timing Exceptions                    :  Yes

  Corner  Analyze    Analyze
  Name    Max Paths  Min Paths
  ------  ---------  ---------
  Slow    Yes        Yes
  Fast    Yes        Yes


------------------------------------------------------------------------------------------------
| Report Methodology
| ------------------
------------------------------------------------------------------------------------------------

No report available as report_methodology has not been run prior. Run report_methodology on the current design for the summary of methodology violations.



check_timing report

Table of Contents
-----------------
1. checking no_clock (0)
2. checking constant_clock (0)
3. checking pulse_width_clock (0)
4. checking unconstrained_internal_endpoints (0)
5. checking no_input_delay (0)
6. checking no_output_delay (0)
7. checking multiple_clock (0)
8. checking generated_clocks (0)
9. checking loops (0)
10. checking partial_input_delay (0)
11. checking partial_output_delay (0)
12. checking latch_loops (0)

1. checking no_clock (0)
------------------------
 There are 0 register/latch pins with no clock.


2. checking constant_clock (0)
------------------------------
 There are 0 register/latch pins with constant_clock.


3. checking pulse_width_clock (0)
---------------------------------
 There are 0 register/latch pins which need pulse_width check


4. checking unconstrained_internal_endpoints (0)
------------------------------------------------
 There are 0 pins that are not constrained for maximum delay.

 There are 0 pins that are not constrained for maximum delay due to constant clock.


5. checking no_input_delay (0)
------------------------------
 There are 0 input ports with no input delay specified.

 There are 0 input ports with no input delay but user has a false path constraint.


6. checking no_output_delay (0)
-------------------------------
 There are 0 ports with no output delay specified.

 There are 0 ports with no output delay but user has a false path constraint

 There are 0 ports with no output delay but with a timing clock defined on it or propagating through it


7. checking multiple_clock (0)
------------------------------
 There are 0 register/latch pins with multiple clocks.


8. checking generated_clocks (0)
--------------------------------
 There are 0 generated clocks that are not connected to a clock source.


9. checking loops (0)
---------------------
 There are 0 combinational loops in the design.


10. checking partial_input_delay (0)
------------------------------------
 There are 0 input ports with partial input delay specified.


11. checking partial_output_delay (0)
-------------------------------------
 There are 0 ports with partial output delay specified.


12. checking latch_loops (0)
----------------------------
 There are 0 combinational latch loops in the design through latch input



------------------------------------------------------------------------------------------------
| Design Timing Summary
| ---------------------
------------------------------------------------------------------------------------------------

    WNS(ns)      TNS(ns)  TNS Failing Endpoints  TNS Total Endpoints     WPWS(ns)     TPWS(ns)  TPWS Failing Endpoints  TPWS Total Endpoints
    -------      -------  ---------------------  -------------------     --------     --------  ----------------------  --------------------
      6.637        0.000                      0                  194        4.500        0.000                       0                    65


All user specified timing constraints are met.


------------------------------------------------------------------------------------------------
| Clock Summary
| -------------
------------------------------------------------------------------------------------------------

Clock  Waveform(ns)       Period(ns)      Frequency(MHz)
-----  ------------       ----------      --------------
clk    {0.000 5.000}      10.000          100.000


------------------------------------------------------------------------------------------------
| Intra Clock Table
| -----------------
------------------------------------------------------------------------------------------------

Clock             WNS(ns)      TNS(ns)  TNS Failing Endpoints  TNS Total Endpoints     WPWS(ns)     TPWS(ns)  TPWS Failing Endpoints  TPWS Total Endpoints
-----             -------      -------  ---------------------  -------------------     --------     --------  ----------------------  --------------------
clk                 6.637        0.000                      0                  194        4.500        0.000                       0                    65


------------------------------------------------------------------------------------------------
| Inter Clock Table
| -----------------
------------------------------------------------------------------------------------------------

From Clock    To Clock          WNS(ns)      TNS(ns)  TNS Failing Endpoints  TNS Total Endpoints
----------    --------          -------      -------  ---------------------  -------------------


------------------------------------------------------------------------------------------------
| Other Path Groups Table
| -----------------------
------------------------------------------------------------------------------------------------

Path Group    From Clock    To Clock          WNS(ns)      TNS(ns)  TNS Failing Endpoints  TNS Total Endpoints
----------    ----------    --------          -------      -------  ---------------------  -------------------


------------------------------------------------------------------------------------------------
| Timing Details
| --------------
------------------------------------------------------------------------------------------------


---------------------------------------------------------------------------------------------------
From Clock:  clk
  To Clock:  clk

Setup :            0  Failing Endpoints,  Worst Slack        6.637ns,  Total Violation        0.000ns
Hold  :           NA  Failing Endpoints,  Worst Slack           NA  ,  Total Violation           NA
PW    :            0  Failing Endpoints,  Worst Slack        4.500ns,  Total Violation        0.000ns
---------------------------------------------------------------------------------------------------


Max Delay Paths
--------------------------------------------------------------------------------------
Slack (MET) :             6.637ns  (required time - arrival time)
  Source:                 sample_index_reg[0]/C
                            (rising edge-triggered cell FDRE clocked by clk  {rise@0.000ns fall@5.000ns period=10.000ns})
  Destination:            emitted_symbols_reg[0]/CE
                            (rising edge-triggered cell FDRE clocked by clk  {rise@0.000ns fall@5.000ns period=10.000ns})
  Path Group:             clk
  Path Type:              Setup (Max at Slow Process Corner)
  Requirement:            10.000ns  (clk rise@10.000ns - clk rise@0.000ns)
  Data Path Delay:        3.048ns  (logic 1.227ns (40.256%)  route 1.821ns (59.744%))
  Logic Levels:           4  (CARRY4=2 LUT4=2)
  Clock Path Skew:        -0.039ns (DCD - SCD + CPR)
    Destination Clock Delay (DCD):    0.748ns = ( 10.748 - 10.000 )
    Source Clock Delay      (SCD):    0.787ns
    Clock Pessimism Removal (CPR):    0.000ns
  Clock Uncertainty:      0.035ns  ((TSJ^2 + TIJ^2)^1/2 + DJ) / 2 + PE
    Total System Jitter     (TSJ):    0.071ns
    Total Input Jitter      (TIJ):    0.000ns
    Discrete Jitter          (DJ):    0.000ns
    Phase Error              (PE):    0.000ns

    Location             Delay type                Incr(ns)  Path(ns)    Netlist Resource(s)
  -------------------------------------------------------------------    -------------------
                         (clock clk rise edge)        0.000     0.000 r
                                                      0.000     0.000 r  clk (IN)
                         net (fo=64, unset)           0.787     0.787    clk
                         FDRE                                         r  sample_index_reg[0]/C
  -------------------------------------------------------------------    -------------------
                         FDRE (Prop_fdre_C_Q)         0.303     1.090 r  sample_index_reg[0]/Q
                         net (fo=4, unplaced)         0.550     1.640    sample_index_reg[0]
                         LUT4 (Prop_lut4_I0_O)        0.242     1.882 r  out_valid_i_34/O
                         net (fo=1, unplaced)         0.000     1.882    out_valid_i_34_n_0
                         CARRY4 (Prop_carry4_DI[0]_CO[3])
                                                      0.477     2.359 r  out_valid_reg_i_14/CO[3]
                         net (fo=1, unplaced)         0.008     2.367    out_valid_reg_i_14_n_0
                         CARRY4 (Prop_carry4_CI_CO[3])
                                                      0.100     2.467 r  out_valid_reg_i_4/CO[3]
                         net (fo=34, unplaced)        0.843     3.310    out_valid_reg_i_4_n_0
                         LUT4 (Prop_lut4_I3_O)        0.105     3.415 r  emitted_symbols[0]_i_1/O
                         net (fo=16, unplaced)        0.420     3.835    emitted_symbols
                         FDRE                                         r  emitted_symbols_reg[0]/CE
  -------------------------------------------------------------------    -------------------

                         (clock clk rise edge)       10.000    10.000 r
                                                      0.000    10.000 r  clk (IN)
                         net (fo=64, unset)           0.748    10.748    clk
                         FDRE                                         r  emitted_symbols_reg[0]/C
                         clock pessimism              0.000    10.748
                         clock uncertainty           -0.035    10.712
                         FDRE (Setup_fdre_C_CE)      -0.240    10.472    emitted_symbols_reg[0]
  -------------------------------------------------------------------
                         required time                         10.472
                         arrival time                          -3.835
  -------------------------------------------------------------------
                         slack                                  6.637

Slack (MET) :             6.637ns  (required time - arrival time)
  Source:                 sample_index_reg[0]/C
                            (rising edge-triggered cell FDRE clocked by clk  {rise@0.000ns fall@5.000ns period=10.000ns})
  Destination:            emitted_symbols_reg[10]/CE
                            (rising edge-triggered cell FDRE clocked by clk  {rise@0.000ns fall@5.000ns period=10.000ns})
  Path Group:             clk
  Path Type:              Setup (Max at Slow Process Corner)
  Requirement:            10.000ns  (clk rise@10.000ns - clk rise@0.000ns)
  Data Path Delay:        3.048ns  (logic 1.227ns (40.256%)  route 1.821ns (59.744%))
  Logic Levels:           4  (CARRY4=2 LUT4=2)
  Clock Path Skew:        -0.039ns (DCD - SCD + CPR)
    Destination Clock Delay (DCD):    0.748ns = ( 10.748 - 10.000 )
    Source Clock Delay      (SCD):    0.787ns
    Clock Pessimism Removal (CPR):    0.000ns
  Clock Uncertainty:      0.035ns  ((TSJ^2 + TIJ^2)^1/2 + DJ) / 2 + PE
    Total System Jitter     (TSJ):    0.071ns
    Total Input Jitter      (TIJ):    0.000ns
    Discrete Jitter          (DJ):    0.000ns
    Phase Error              (PE):    0.000ns

    Location             Delay type                Incr(ns)  Path(ns)    Netlist Resource(s)
  -------------------------------------------------------------------    -------------------
                         (clock clk rise edge)        0.000     0.000 r
                                                      0.000     0.000 r  clk (IN)
                         net (fo=64, unset)           0.787     0.787    clk
                         FDRE                                         r  sample_index_reg[0]/C
  -------------------------------------------------------------------    -------------------
                         FDRE (Prop_fdre_C_Q)         0.303     1.090 r  sample_index_reg[0]/Q
                         net (fo=4, unplaced)         0.550     1.640    sample_index_reg[0]
                         LUT4 (Prop_lut4_I0_O)        0.242     1.882 r  out_valid_i_34/O
                         net (fo=1, unplaced)         0.000     1.882    out_valid_i_34_n_0
                         CARRY4 (Prop_carry4_DI[0]_CO[3])
                                                      0.477     2.359 r  out_valid_reg_i_14/CO[3]
                         net (fo=1, unplaced)         0.008     2.367    out_valid_reg_i_14_n_0
                         CARRY4 (Prop_carry4_CI_CO[3])
                                                      0.100     2.467 r  out_valid_reg_i_4/CO[3]
                         net (fo=34, unplaced)        0.843     3.310    out_valid_reg_i_4_n_0
                         LUT4 (Prop_lut4_I3_O)        0.105     3.415 r  emitted_symbols[0]_i_1/O
                         net (fo=16, unplaced)        0.420     3.835    emitted_symbols
                         FDRE                                         r  emitted_symbols_reg[10]/CE
  -------------------------------------------------------------------    -------------------

                         (clock clk rise edge)       10.000    10.000 r
                                                      0.000    10.000 r  clk (IN)
                         net (fo=64, unset)           0.748    10.748    clk
                         FDRE                                         r  emitted_symbols_reg[10]/C
                         clock pessimism              0.000    10.748
                         clock uncertainty           -0.035    10.712
                         FDRE (Setup_fdre_C_CE)      -0.240    10.472    emitted_symbols_reg[10]
  -------------------------------------------------------------------
                         required time                         10.472
                         arrival time                          -3.835
  -------------------------------------------------------------------
                         slack                                  6.637

Slack (MET) :             6.637ns  (required time - arrival time)
  Source:                 sample_index_reg[0]/C
                            (rising edge-triggered cell FDRE clocked by clk  {rise@0.000ns fall@5.000ns period=10.000ns})
  Destination:            emitted_symbols_reg[11]/CE
                            (rising edge-triggered cell FDRE clocked by clk  {rise@0.000ns fall@5.000ns period=10.000ns})
  Path Group:             clk
  Path Type:              Setup (Max at Slow Process Corner)
  Requirement:            10.000ns  (clk rise@10.000ns - clk rise@0.000ns)
  Data Path Delay:        3.048ns  (logic 1.227ns (40.256%)  route 1.821ns (59.744%))
  Logic Levels:           4  (CARRY4=2 LUT4=2)
  Clock Path Skew:        -0.039ns (DCD - SCD + CPR)
    Destination Clock Delay (DCD):    0.748ns = ( 10.748 - 10.000 )
    Source Clock Delay      (SCD):    0.787ns
    Clock Pessimism Removal (CPR):    0.000ns
  Clock Uncertainty:      0.035ns  ((TSJ^2 + TIJ^2)^1/2 + DJ) / 2 + PE
    Total System Jitter     (TSJ):    0.071ns
    Total Input Jitter      (TIJ):    0.000ns
    Discrete Jitter          (DJ):    0.000ns
    Phase Error              (PE):    0.000ns

    Location             Delay type                Incr(ns)  Path(ns)    Netlist Resource(s)
  -------------------------------------------------------------------    -------------------
                         (clock clk rise edge)        0.000     0.000 r
                                                      0.000     0.000 r  clk (IN)
                         net (fo=64, unset)           0.787     0.787    clk
                         FDRE                                         r  sample_index_reg[0]/C
  -------------------------------------------------------------------    -------------------
                         FDRE (Prop_fdre_C_Q)         0.303     1.090 r  sample_index_reg[0]/Q
                         net (fo=4, unplaced)         0.550     1.640    sample_index_reg[0]
                         LUT4 (Prop_lut4_I0_O)        0.242     1.882 r  out_valid_i_34/O
                         net (fo=1, unplaced)         0.000     1.882    out_valid_i_34_n_0
                         CARRY4 (Prop_carry4_DI[0]_CO[3])
                                                      0.477     2.359 r  out_valid_reg_i_14/CO[3]
                         net (fo=1, unplaced)         0.008     2.367    out_valid_reg_i_14_n_0
                         CARRY4 (Prop_carry4_CI_CO[3])
                                                      0.100     2.467 r  out_valid_reg_i_4/CO[3]
                         net (fo=34, unplaced)        0.843     3.310    out_valid_reg_i_4_n_0
                         LUT4 (Prop_lut4_I3_O)        0.105     3.415 r  emitted_symbols[0]_i_1/O
                         net (fo=16, unplaced)        0.420     3.835    emitted_symbols
                         FDRE                                         r  emitted_symbols_reg[11]/CE
  -------------------------------------------------------------------    -------------------

                         (clock clk rise edge)       10.000    10.000 r
                                                      0.000    10.000 r  clk (IN)
                         net (fo=64, unset)           0.748    10.748    clk
                         FDRE                                         r  emitted_symbols_reg[11]/C
                         clock pessimism              0.000    10.748
                         clock uncertainty           -0.035    10.712
                         FDRE (Setup_fdre_C_CE)      -0.240    10.472    emitted_symbols_reg[11]
  -------------------------------------------------------------------
                         required time                         10.472
                         arrival time                          -3.835
  -------------------------------------------------------------------
                         slack                                  6.637

Slack (MET) :             6.637ns  (required time - arrival time)
  Source:                 sample_index_reg[0]/C
                            (rising edge-triggered cell FDRE clocked by clk  {rise@0.000ns fall@5.000ns period=10.000ns})
  Destination:            emitted_symbols_reg[12]/CE
                            (rising edge-triggered cell FDRE clocked by clk  {rise@0.000ns fall@5.000ns period=10.000ns})
  Path Group:             clk
  Path Type:              Setup (Max at Slow Process Corner)
  Requirement:            10.000ns  (clk rise@10.000ns - clk rise@0.000ns)
  Data Path Delay:        3.048ns  (logic 1.227ns (40.256%)  route 1.821ns (59.744%))
  Logic Levels:           4  (CARRY4=2 LUT4=2)
  Clock Path Skew:        -0.039ns (DCD - SCD + CPR)
    Destination Clock Delay (DCD):    0.748ns = ( 10.748 - 10.000 )
    Source Clock Delay      (SCD):    0.787ns
    Clock Pessimism Removal (CPR):    0.000ns
  Clock Uncertainty:      0.035ns  ((TSJ^2 + TIJ^2)^1/2 + DJ) / 2 + PE
    Total System Jitter     (TSJ):    0.071ns
    Total Input Jitter      (TIJ):    0.000ns
    Discrete Jitter          (DJ):    0.000ns
    Phase Error              (PE):    0.000ns

    Location             Delay type                Incr(ns)  Path(ns)    Netlist Resource(s)
  -------------------------------------------------------------------    -------------------
                         (clock clk rise edge)        0.000     0.000 r
                                                      0.000     0.000 r  clk (IN)
                         net (fo=64, unset)           0.787     0.787    clk
                         FDRE                                         r  sample_index_reg[0]/C
  -------------------------------------------------------------------    -------------------
                         FDRE (Prop_fdre_C_Q)         0.303     1.090 r  sample_index_reg[0]/Q
                         net (fo=4, unplaced)         0.550     1.640    sample_index_reg[0]
                         LUT4 (Prop_lut4_I0_O)        0.242     1.882 r  out_valid_i_34/O
                         net (fo=1, unplaced)         0.000     1.882    out_valid_i_34_n_0
                         CARRY4 (Prop_carry4_DI[0]_CO[3])
                                                      0.477     2.359 r  out_valid_reg_i_14/CO[3]
                         net (fo=1, unplaced)         0.008     2.367    out_valid_reg_i_14_n_0
                         CARRY4 (Prop_carry4_CI_CO[3])
                                                      0.100     2.467 r  out_valid_reg_i_4/CO[3]
                         net (fo=34, unplaced)        0.843     3.310    out_valid_reg_i_4_n_0
                         LUT4 (Prop_lut4_I3_O)        0.105     3.415 r  emitted_symbols[0]_i_1/O
                         net (fo=16, unplaced)        0.420     3.835    emitted_symbols
                         FDRE                                         r  emitted_symbols_reg[12]/CE
  -------------------------------------------------------------------    -------------------

                         (clock clk rise edge)       10.000    10.000 r
                                                      0.000    10.000 r  clk (IN)
                         net (fo=64, unset)           0.748    10.748    clk
                         FDRE                                         r  emitted_symbols_reg[12]/C
                         clock pessimism              0.000    10.748
                         clock uncertainty           -0.035    10.712
                         FDRE (Setup_fdre_C_CE)      -0.240    10.472    emitted_symbols_reg[12]
  -------------------------------------------------------------------
                         required time                         10.472
                         arrival time                          -3.835
  -------------------------------------------------------------------
                         slack                                  6.637

Slack (MET) :             6.637ns  (required time - arrival time)
  Source:                 sample_index_reg[0]/C
                            (rising edge-triggered cell FDRE clocked by clk  {rise@0.000ns fall@5.000ns period=10.000ns})
  Destination:            emitted_symbols_reg[13]/CE
                            (rising edge-triggered cell FDRE clocked by clk  {rise@0.000ns fall@5.000ns period=10.000ns})
  Path Group:             clk
  Path Type:              Setup (Max at Slow Process Corner)
  Requirement:            10.000ns  (clk rise@10.000ns - clk rise@0.000ns)
  Data Path Delay:        3.048ns  (logic 1.227ns (40.256%)  route 1.821ns (59.744%))
  Logic Levels:           4  (CARRY4=2 LUT4=2)
  Clock Path Skew:        -0.039ns (DCD - SCD + CPR)
    Destination Clock Delay (DCD):    0.748ns = ( 10.748 - 10.000 )
    Source Clock Delay      (SCD):    0.787ns
    Clock Pessimism Removal (CPR):    0.000ns
  Clock Uncertainty:      0.035ns  ((TSJ^2 + TIJ^2)^1/2 + DJ) / 2 + PE
    Total System Jitter     (TSJ):    0.071ns
    Total Input Jitter      (TIJ):    0.000ns
    Discrete Jitter          (DJ):    0.000ns
    Phase Error              (PE):    0.000ns

    Location             Delay type                Incr(ns)  Path(ns)    Netlist Resource(s)
  -------------------------------------------------------------------    -------------------
                         (clock clk rise edge)        0.000     0.000 r
                                                      0.000     0.000 r  clk (IN)
                         net (fo=64, unset)           0.787     0.787    clk
                         FDRE                                         r  sample_index_reg[0]/C
  -------------------------------------------------------------------    -------------------
                         FDRE (Prop_fdre_C_Q)         0.303     1.090 r  sample_index_reg[0]/Q
                         net (fo=4, unplaced)         0.550     1.640    sample_index_reg[0]
                         LUT4 (Prop_lut4_I0_O)        0.242     1.882 r  out_valid_i_34/O
                         net (fo=1, unplaced)         0.000     1.882    out_valid_i_34_n_0
                         CARRY4 (Prop_carry4_DI[0]_CO[3])
                                                      0.477     2.359 r  out_valid_reg_i_14/CO[3]
                         net (fo=1, unplaced)         0.008     2.367    out_valid_reg_i_14_n_0
                         CARRY4 (Prop_carry4_CI_CO[3])
                                                      0.100     2.467 r  out_valid_reg_i_4/CO[3]
                         net (fo=34, unplaced)        0.843     3.310    out_valid_reg_i_4_n_0
                         LUT4 (Prop_lut4_I3_O)        0.105     3.415 r  emitted_symbols[0]_i_1/O
                         net (fo=16, unplaced)        0.420     3.835    emitted_symbols
                         FDRE                                         r  emitted_symbols_reg[13]/CE
  -------------------------------------------------------------------    -------------------

                         (clock clk rise edge)       10.000    10.000 r
                                                      0.000    10.000 r  clk (IN)
                         net (fo=64, unset)           0.748    10.748    clk
                         FDRE                                         r  emitted_symbols_reg[13]/C
                         clock pessimism              0.000    10.748
                         clock uncertainty           -0.035    10.712
                         FDRE (Setup_fdre_C_CE)      -0.240    10.472    emitted_symbols_reg[13]
  -------------------------------------------------------------------
                         required time                         10.472
                         arrival time                          -3.835
  -------------------------------------------------------------------
                         slack                                  6.637

Slack (MET) :             6.637ns  (required time - arrival time)
  Source:                 sample_index_reg[0]/C
                            (rising edge-triggered cell FDRE clocked by clk  {rise@0.000ns fall@5.000ns period=10.000ns})
  Destination:            emitted_symbols_reg[14]/CE
                            (rising edge-triggered cell FDRE clocked by clk  {rise@0.000ns fall@5.000ns period=10.000ns})
  Path Group:             clk
  Path Type:              Setup (Max at Slow Process Corner)
  Requirement:            10.000ns  (clk rise@10.000ns - clk rise@0.000ns)
  Data Path Delay:        3.048ns  (logic 1.227ns (40.256%)  route 1.821ns (59.744%))
  Logic Levels:           4  (CARRY4=2 LUT4=2)
  Clock Path Skew:        -0.039ns (DCD - SCD + CPR)
    Destination Clock Delay (DCD):    0.748ns = ( 10.748 - 10.000 )
    Source Clock Delay      (SCD):    0.787ns
    Clock Pessimism Removal (CPR):    0.000ns
  Clock Uncertainty:      0.035ns  ((TSJ^2 + TIJ^2)^1/2 + DJ) / 2 + PE
    Total System Jitter     (TSJ):    0.071ns
    Total Input Jitter      (TIJ):    0.000ns
    Discrete Jitter          (DJ):    0.000ns
    Phase Error              (PE):    0.000ns

    Location             Delay type                Incr(ns)  Path(ns)    Netlist Resource(s)
  -------------------------------------------------------------------    -------------------
                         (clock clk rise edge)        0.000     0.000 r
                                                      0.000     0.000 r  clk (IN)
                         net (fo=64, unset)           0.787     0.787    clk
                         FDRE                                         r  sample_index_reg[0]/C
  -------------------------------------------------------------------    -------------------
                         FDRE (Prop_fdre_C_Q)         0.303     1.090 r  sample_index_reg[0]/Q
                         net (fo=4, unplaced)         0.550     1.640    sample_index_reg[0]
                         LUT4 (Prop_lut4_I0_O)        0.242     1.882 r  out_valid_i_34/O
                         net (fo=1, unplaced)         0.000     1.882    out_valid_i_34_n_0
                         CARRY4 (Prop_carry4_DI[0]_CO[3])
                                                      0.477     2.359 r  out_valid_reg_i_14/CO[3]
                         net (fo=1, unplaced)         0.008     2.367    out_valid_reg_i_14_n_0
                         CARRY4 (Prop_carry4_CI_CO[3])
                                                      0.100     2.467 r  out_valid_reg_i_4/CO[3]
                         net (fo=34, unplaced)        0.843     3.310    out_valid_reg_i_4_n_0
                         LUT4 (Prop_lut4_I3_O)        0.105     3.415 r  emitted_symbols[0]_i_1/O
                         net (fo=16, unplaced)        0.420     3.835    emitted_symbols
                         FDRE                                         r  emitted_symbols_reg[14]/CE
  -------------------------------------------------------------------    -------------------

                         (clock clk rise edge)       10.000    10.000 r
                                                      0.000    10.000 r  clk (IN)
                         net (fo=64, unset)           0.748    10.748    clk
                         FDRE                                         r  emitted_symbols_reg[14]/C
                         clock pessimism              0.000    10.748
                         clock uncertainty           -0.035    10.712
                         FDRE (Setup_fdre_C_CE)      -0.240    10.472    emitted_symbols_reg[14]
  -------------------------------------------------------------------
                         required time                         10.472
                         arrival time                          -3.835
  -------------------------------------------------------------------
                         slack                                  6.637

Slack (MET) :             6.637ns  (required time - arrival time)
  Source:                 sample_index_reg[0]/C
                            (rising edge-triggered cell FDRE clocked by clk  {rise@0.000ns fall@5.000ns period=10.000ns})
  Destination:            emitted_symbols_reg[15]/CE
                            (rising edge-triggered cell FDRE clocked by clk  {rise@0.000ns fall@5.000ns period=10.000ns})
  Path Group:             clk
  Path Type:              Setup (Max at Slow Process Corner)
  Requirement:            10.000ns  (clk rise@10.000ns - clk rise@0.000ns)
  Data Path Delay:        3.048ns  (logic 1.227ns (40.256%)  route 1.821ns (59.744%))
  Logic Levels:           4  (CARRY4=2 LUT4=2)
  Clock Path Skew:        -0.039ns (DCD - SCD + CPR)
    Destination Clock Delay (DCD):    0.748ns = ( 10.748 - 10.000 )
    Source Clock Delay      (SCD):    0.787ns
    Clock Pessimism Removal (CPR):    0.000ns
  Clock Uncertainty:      0.035ns  ((TSJ^2 + TIJ^2)^1/2 + DJ) / 2 + PE
    Total System Jitter     (TSJ):    0.071ns
    Total Input Jitter      (TIJ):    0.000ns
    Discrete Jitter          (DJ):    0.000ns
    Phase Error              (PE):    0.000ns

    Location             Delay type                Incr(ns)  Path(ns)    Netlist Resource(s)
  -------------------------------------------------------------------    -------------------
                         (clock clk rise edge)        0.000     0.000 r
                                                      0.000     0.000 r  clk (IN)
                         net (fo=64, unset)           0.787     0.787    clk
                         FDRE                                         r  sample_index_reg[0]/C
  -------------------------------------------------------------------    -------------------
                         FDRE (Prop_fdre_C_Q)         0.303     1.090 r  sample_index_reg[0]/Q
                         net (fo=4, unplaced)         0.550     1.640    sample_index_reg[0]
                         LUT4 (Prop_lut4_I0_O)        0.242     1.882 r  out_valid_i_34/O
                         net (fo=1, unplaced)         0.000     1.882    out_valid_i_34_n_0
                         CARRY4 (Prop_carry4_DI[0]_CO[3])
                                                      0.477     2.359 r  out_valid_reg_i_14/CO[3]
                         net (fo=1, unplaced)         0.008     2.367    out_valid_reg_i_14_n_0
                         CARRY4 (Prop_carry4_CI_CO[3])
                                                      0.100     2.467 r  out_valid_reg_i_4/CO[3]
                         net (fo=34, unplaced)        0.843     3.310    out_valid_reg_i_4_n_0
                         LUT4 (Prop_lut4_I3_O)        0.105     3.415 r  emitted_symbols[0]_i_1/O
                         net (fo=16, unplaced)        0.420     3.835    emitted_symbols
                         FDRE                                         r  emitted_symbols_reg[15]/CE
  -------------------------------------------------------------------    -------------------

                         (clock clk rise edge)       10.000    10.000 r
                                                      0.000    10.000 r  clk (IN)
                         net (fo=64, unset)           0.748    10.748    clk
                         FDRE                                         r  emitted_symbols_reg[15]/C
                         clock pessimism              0.000    10.748
                         clock uncertainty           -0.035    10.712
                         FDRE (Setup_fdre_C_CE)      -0.240    10.472    emitted_symbols_reg[15]
  -------------------------------------------------------------------
                         required time                         10.472
                         arrival time                          -3.835
  -------------------------------------------------------------------
                         slack                                  6.637

Slack (MET) :             6.637ns  (required time - arrival time)
  Source:                 sample_index_reg[0]/C
                            (rising edge-triggered cell FDRE clocked by clk  {rise@0.000ns fall@5.000ns period=10.000ns})
  Destination:            emitted_symbols_reg[1]/CE
                            (rising edge-triggered cell FDRE clocked by clk  {rise@0.000ns fall@5.000ns period=10.000ns})
  Path Group:             clk
  Path Type:              Setup (Max at Slow Process Corner)
  Requirement:            10.000ns  (clk rise@10.000ns - clk rise@0.000ns)
  Data Path Delay:        3.048ns  (logic 1.227ns (40.256%)  route 1.821ns (59.744%))
  Logic Levels:           4  (CARRY4=2 LUT4=2)
  Clock Path Skew:        -0.039ns (DCD - SCD + CPR)
    Destination Clock Delay (DCD):    0.748ns = ( 10.748 - 10.000 )
    Source Clock Delay      (SCD):    0.787ns
    Clock Pessimism Removal (CPR):    0.000ns
  Clock Uncertainty:      0.035ns  ((TSJ^2 + TIJ^2)^1/2 + DJ) / 2 + PE
    Total System Jitter     (TSJ):    0.071ns
    Total Input Jitter      (TIJ):    0.000ns
    Discrete Jitter          (DJ):    0.000ns
    Phase Error              (PE):    0.000ns

    Location             Delay type                Incr(ns)  Path(ns)    Netlist Resource(s)
  -------------------------------------------------------------------    -------------------
                         (clock clk rise edge)        0.000     0.000 r
                                                      0.000     0.000 r  clk (IN)
                         net (fo=64, unset)           0.787     0.787    clk
                         FDRE                                         r  sample_index_reg[0]/C
  -------------------------------------------------------------------    -------------------
                         FDRE (Prop_fdre_C_Q)         0.303     1.090 r  sample_index_reg[0]/Q
                         net (fo=4, unplaced)         0.550     1.640    sample_index_reg[0]
                         LUT4 (Prop_lut4_I0_O)        0.242     1.882 r  out_valid_i_34/O
                         net (fo=1, unplaced)         0.000     1.882    out_valid_i_34_n_0
                         CARRY4 (Prop_carry4_DI[0]_CO[3])
                                                      0.477     2.359 r  out_valid_reg_i_14/CO[3]
                         net (fo=1, unplaced)         0.008     2.367    out_valid_reg_i_14_n_0
                         CARRY4 (Prop_carry4_CI_CO[3])
                                                      0.100     2.467 r  out_valid_reg_i_4/CO[3]
                         net (fo=34, unplaced)        0.843     3.310    out_valid_reg_i_4_n_0
                         LUT4 (Prop_lut4_I3_O)        0.105     3.415 r  emitted_symbols[0]_i_1/O
                         net (fo=16, unplaced)        0.420     3.835    emitted_symbols
                         FDRE                                         r  emitted_symbols_reg[1]/CE
  -------------------------------------------------------------------    -------------------

                         (clock clk rise edge)       10.000    10.000 r
                                                      0.000    10.000 r  clk (IN)
                         net (fo=64, unset)           0.748    10.748    clk
                         FDRE                                         r  emitted_symbols_reg[1]/C
                         clock pessimism              0.000    10.748
                         clock uncertainty           -0.035    10.712
                         FDRE (Setup_fdre_C_CE)      -0.240    10.472    emitted_symbols_reg[1]
  -------------------------------------------------------------------
                         required time                         10.472
                         arrival time                          -3.835
  -------------------------------------------------------------------
                         slack                                  6.637

Slack (MET) :             6.637ns  (required time - arrival time)
  Source:                 sample_index_reg[0]/C
                            (rising edge-triggered cell FDRE clocked by clk  {rise@0.000ns fall@5.000ns period=10.000ns})
  Destination:            emitted_symbols_reg[2]/CE
                            (rising edge-triggered cell FDRE clocked by clk  {rise@0.000ns fall@5.000ns period=10.000ns})
  Path Group:             clk
  Path Type:              Setup (Max at Slow Process Corner)
  Requirement:            10.000ns  (clk rise@10.000ns - clk rise@0.000ns)
  Data Path Delay:        3.048ns  (logic 1.227ns (40.256%)  route 1.821ns (59.744%))
  Logic Levels:           4  (CARRY4=2 LUT4=2)
  Clock Path Skew:        -0.039ns (DCD - SCD + CPR)
    Destination Clock Delay (DCD):    0.748ns = ( 10.748 - 10.000 )
    Source Clock Delay      (SCD):    0.787ns
    Clock Pessimism Removal (CPR):    0.000ns
  Clock Uncertainty:      0.035ns  ((TSJ^2 + TIJ^2)^1/2 + DJ) / 2 + PE
    Total System Jitter     (TSJ):    0.071ns
    Total Input Jitter      (TIJ):    0.000ns
    Discrete Jitter          (DJ):    0.000ns
    Phase Error              (PE):    0.000ns

    Location             Delay type                Incr(ns)  Path(ns)    Netlist Resource(s)
  -------------------------------------------------------------------    -------------------
                         (clock clk rise edge)        0.000     0.000 r
                                                      0.000     0.000 r  clk (IN)
                         net (fo=64, unset)           0.787     0.787    clk
                         FDRE                                         r  sample_index_reg[0]/C
  -------------------------------------------------------------------    -------------------
                         FDRE (Prop_fdre_C_Q)         0.303     1.090 r  sample_index_reg[0]/Q
                         net (fo=4, unplaced)         0.550     1.640    sample_index_reg[0]
                         LUT4 (Prop_lut4_I0_O)        0.242     1.882 r  out_valid_i_34/O
                         net (fo=1, unplaced)         0.000     1.882    out_valid_i_34_n_0
                         CARRY4 (Prop_carry4_DI[0]_CO[3])
                                                      0.477     2.359 r  out_valid_reg_i_14/CO[3]
                         net (fo=1, unplaced)         0.008     2.367    out_valid_reg_i_14_n_0
                         CARRY4 (Prop_carry4_CI_CO[3])
                                                      0.100     2.467 r  out_valid_reg_i_4/CO[3]
                         net (fo=34, unplaced)        0.843     3.310    out_valid_reg_i_4_n_0
                         LUT4 (Prop_lut4_I3_O)        0.105     3.415 r  emitted_symbols[0]_i_1/O
                         net (fo=16, unplaced)        0.420     3.835    emitted_symbols
                         FDRE                                         r  emitted_symbols_reg[2]/CE
  -------------------------------------------------------------------    -------------------

                         (clock clk rise edge)       10.000    10.000 r
                                                      0.000    10.000 r  clk (IN)
                         net (fo=64, unset)           0.748    10.748    clk
                         FDRE                                         r  emitted_symbols_reg[2]/C
                         clock pessimism              0.000    10.748
                         clock uncertainty           -0.035    10.712
                         FDRE (Setup_fdre_C_CE)      -0.240    10.472    emitted_symbols_reg[2]
  -------------------------------------------------------------------
                         required time                         10.472
                         arrival time                          -3.835
  -------------------------------------------------------------------
                         slack                                  6.637

Slack (MET) :             6.637ns  (required time - arrival time)
  Source:                 sample_index_reg[0]/C
                            (rising edge-triggered cell FDRE clocked by clk  {rise@0.000ns fall@5.000ns period=10.000ns})
  Destination:            emitted_symbols_reg[3]/CE
                            (rising edge-triggered cell FDRE clocked by clk  {rise@0.000ns fall@5.000ns period=10.000ns})
  Path Group:             clk
  Path Type:              Setup (Max at Slow Process Corner)
  Requirement:            10.000ns  (clk rise@10.000ns - clk rise@0.000ns)
  Data Path Delay:        3.048ns  (logic 1.227ns (40.256%)  route 1.821ns (59.744%))
  Logic Levels:           4  (CARRY4=2 LUT4=2)
  Clock Path Skew:        -0.039ns (DCD - SCD + CPR)
    Destination Clock Delay (DCD):    0.748ns = ( 10.748 - 10.000 )
    Source Clock Delay      (SCD):    0.787ns
    Clock Pessimism Removal (CPR):    0.000ns
  Clock Uncertainty:      0.035ns  ((TSJ^2 + TIJ^2)^1/2 + DJ) / 2 + PE
    Total System Jitter     (TSJ):    0.071ns
    Total Input Jitter      (TIJ):    0.000ns
    Discrete Jitter          (DJ):    0.000ns
    Phase Error              (PE):    0.000ns

    Location             Delay type                Incr(ns)  Path(ns)    Netlist Resource(s)
  -------------------------------------------------------------------    -------------------
                         (clock clk rise edge)        0.000     0.000 r
                                                      0.000     0.000 r  clk (IN)
                         net (fo=64, unset)           0.787     0.787    clk
                         FDRE                                         r  sample_index_reg[0]/C
  -------------------------------------------------------------------    -------------------
                         FDRE (Prop_fdre_C_Q)         0.303     1.090 r  sample_index_reg[0]/Q
                         net (fo=4, unplaced)         0.550     1.640    sample_index_reg[0]
                         LUT4 (Prop_lut4_I0_O)        0.242     1.882 r  out_valid_i_34/O
                         net (fo=1, unplaced)         0.000     1.882    out_valid_i_34_n_0
                         CARRY4 (Prop_carry4_DI[0]_CO[3])
                                                      0.477     2.359 r  out_valid_reg_i_14/CO[3]
                         net (fo=1, unplaced)         0.008     2.367    out_valid_reg_i_14_n_0
                         CARRY4 (Prop_carry4_CI_CO[3])
                                                      0.100     2.467 r  out_valid_reg_i_4/CO[3]
                         net (fo=34, unplaced)        0.843     3.310    out_valid_reg_i_4_n_0
                         LUT4 (Prop_lut4_I3_O)        0.105     3.415 r  emitted_symbols[0]_i_1/O
                         net (fo=16, unplaced)        0.420     3.835    emitted_symbols
                         FDRE                                         r  emitted_symbols_reg[3]/CE
  -------------------------------------------------------------------    -------------------

                         (clock clk rise edge)       10.000    10.000 r
                                                      0.000    10.000 r  clk (IN)
                         net (fo=64, unset)           0.748    10.748    clk
                         FDRE                                         r  emitted_symbols_reg[3]/C
                         clock pessimism              0.000    10.748
                         clock uncertainty           -0.035    10.712
                         FDRE (Setup_fdre_C_CE)      -0.240    10.472    emitted_symbols_reg[3]
  -------------------------------------------------------------------
                         required time                         10.472
                         arrival time                          -3.835
  -------------------------------------------------------------------
                         slack                                  6.637





Pulse Width Checks
--------------------------------------------------------------------------------------
Clock Name:         clk
Waveform(ns):       { 0.000 5.000 }
Period(ns):         10.000
Sources:            { clk }

Check Type        Corner  Lib Pin  Reference Pin  Required(ns)  Actual(ns)  Slack(ns)  Location  Pin
Min Period        n/a     FDRE/C   n/a            1.000         10.000      9.000                emitted_symbols_reg[0]/C
Min Period        n/a     FDRE/C   n/a            1.000         10.000      9.000                emitted_symbols_reg[10]/C
Min Period        n/a     FDRE/C   n/a            1.000         10.000      9.000                emitted_symbols_reg[11]/C
Min Period        n/a     FDRE/C   n/a            1.000         10.000      9.000                emitted_symbols_reg[12]/C
Min Period        n/a     FDRE/C   n/a            1.000         10.000      9.000                emitted_symbols_reg[13]/C
Min Period        n/a     FDRE/C   n/a            1.000         10.000      9.000                emitted_symbols_reg[14]/C
Min Period        n/a     FDRE/C   n/a            1.000         10.000      9.000                emitted_symbols_reg[15]/C
Min Period        n/a     FDRE/C   n/a            1.000         10.000      9.000                emitted_symbols_reg[1]/C
Min Period        n/a     FDRE/C   n/a            1.000         10.000      9.000                emitted_symbols_reg[2]/C
Min Period        n/a     FDRE/C   n/a            1.000         10.000      9.000                emitted_symbols_reg[3]/C
Low Pulse Width   Slow    FDRE/C   n/a            0.500         5.000       4.500                emitted_symbols_reg[0]/C
Low Pulse Width   Fast    FDRE/C   n/a            0.500         5.000       4.500                emitted_symbols_reg[0]/C
Low Pulse Width   Slow    FDRE/C   n/a            0.500         5.000       4.500                emitted_symbols_reg[10]/C
Low Pulse Width   Fast    FDRE/C   n/a            0.500         5.000       4.500                emitted_symbols_reg[10]/C
Low Pulse Width   Slow    FDRE/C   n/a            0.500         5.000       4.500                emitted_symbols_reg[11]/C
Low Pulse Width   Fast    FDRE/C   n/a            0.500         5.000       4.500                emitted_symbols_reg[11]/C
Low Pulse Width   Slow    FDRE/C   n/a            0.500         5.000       4.500                emitted_symbols_reg[12]/C
Low Pulse Width   Fast    FDRE/C   n/a            0.500         5.000       4.500                emitted_symbols_reg[12]/C
Low Pulse Width   Slow    FDRE/C   n/a            0.500         5.000       4.500                emitted_symbols_reg[13]/C
Low Pulse Width   Fast    FDRE/C   n/a            0.500         5.000       4.500                emitted_symbols_reg[13]/C
High Pulse Width  Slow    FDRE/C   n/a            0.500         5.000       4.500                emitted_symbols_reg[0]/C
High Pulse Width  Fast    FDRE/C   n/a            0.500         5.000       4.500                emitted_symbols_reg[0]/C
High Pulse Width  Slow    FDRE/C   n/a            0.500         5.000       4.500                emitted_symbols_reg[10]/C
High Pulse Width  Fast    FDRE/C   n/a            0.500         5.000       4.500                emitted_symbols_reg[10]/C
High Pulse Width  Slow    FDRE/C   n/a            0.500         5.000       4.500                emitted_symbols_reg[11]/C
High Pulse Width  Fast    FDRE/C   n/a            0.500         5.000       4.500                emitted_symbols_reg[11]/C
High Pulse Width  Slow    FDRE/C   n/a            0.500         5.000       4.500                emitted_symbols_reg[12]/C
High Pulse Width  Fast    FDRE/C   n/a            0.500         5.000       4.500                emitted_symbols_reg[12]/C
High Pulse Width  Slow    FDRE/C   n/a            0.500         5.000       4.500                emitted_symbols_reg[13]/C
High Pulse Width  Fast    FDRE/C   n/a            0.500         5.000       4.500                emitted_symbols_reg[13]/C
