Copyright 1986-2021 Xilinx, Inc. All Rights Reserved.
-----------------------------------------------------------------------------------------------------------------------------------------------------------------------------------------------
| Tool Version : Vivado v.2021.1 (win64) Build 3247384 Thu Jun 10 19:36:33 MDT 2021
| Date         : normalized
| Host         : normalized
| Command      : report_timing_summary -delay_type max -max_paths 10 -file <output_dir>/bpsk_zynq_ber_top_post_route_timing_summary.rpt
| Design       : bpsk_zynq_ber_top
| Device       : 7z020-clg400
| Speed File   : -2  PRODUCTION 1.12 2019-11-22
-----------------------------------------------------------------------------------------------------------------------------------------------------------------------------------------------

Timing Summary Report

------------------------------------------------------------------------------------------------
| Timer Settings
| --------------
------------------------------------------------------------------------------------------------

  Enable Multi Corner Analysis               :  Yes
  Enable Pessimism Removal                   :  Yes
  Pessimism Removal Resolution               :  Nearest Common Node
  Enable Input Delay Default Clock           :  No
  Enable Preset / Clear Arcs                 :  No
  Disable Flight Delays                      :  No
  Ignore I/O Paths                           :  No
  Timing Early Launch at Borrowing Latches   :  No
  Borrow Time for Max Delay Exceptions       :  Yes
  Merge Timing Exceptions                    :  Yes

  Corner  Analyze    Analyze
  Name    Max Paths  Min Paths
  ------  ---------  ---------
  Slow    Yes        Yes
  Fast    Yes        Yes


------------------------------------------------------------------------------------------------
| Report Methodology
| ------------------
------------------------------------------------------------------------------------------------

No report available as report_methodology has not been run prior. Run report_methodology on the current design for the summary of methodology violations.



check_timing report

Table of Contents
-----------------
1. checking no_clock (0)
2. checking constant_clock (0)
3. checking pulse_width_clock (0)
4. checking unconstrained_internal_endpoints (0)
5. checking no_input_delay (0)
6. checking no_output_delay (0)
7. checking multiple_clock (0)
8. checking generated_clocks (0)
9. checking loops (0)
10. checking partial_input_delay (0)
11. checking partial_output_delay (0)
12. checking latch_loops (0)

1. checking no_clock (0)
------------------------
 There are 0 register/latch pins with no clock.


2. checking constant_clock (0)
------------------------------
 There are 0 register/latch pins with constant_clock.


3. checking pulse_width_clock (0)
---------------------------------
 There are 0 register/latch pins which need pulse_width check


4. checking unconstrained_internal_endpoints (0)
------------------------------------------------
 There are 0 pins that are not constrained for maximum delay.

 There are 0 pins that are not constrained for maximum delay due to constant clock.


5. checking no_input_delay (0)
------------------------------
 There are 0 input ports with no input delay specified.

 There are 0 input ports with no input delay but user has a false path constraint.


6. checking no_output_delay (0)
-------------------------------
 There are 0 ports with no output delay specified.

 There are 0 ports with no output delay but user has a false path constraint

 There are 0 ports with no output delay but with a timing clock defined on it or propagating through it


7. checking multiple_clock (0)
------------------------------
 There are 0 register/latch pins with multiple clocks.


8. checking generated_clocks (0)
--------------------------------
 There are 0 generated clocks that are not connected to a clock source.


9. checking loops (0)
---------------------
 There are 0 combinational loops in the design.


10. checking partial_input_delay (0)
------------------------------------
 There are 0 input ports with partial input delay specified.


11. checking partial_output_delay (0)
-------------------------------------
 There are 0 ports with partial output delay specified.


12. checking latch_loops (0)
----------------------------
 There are 0 combinational latch loops in the design through latch input



------------------------------------------------------------------------------------------------
| Design Timing Summary
| ---------------------
------------------------------------------------------------------------------------------------

    WNS(ns)      TNS(ns)  TNS Failing Endpoints  TNS Total Endpoints     WPWS(ns)     TPWS(ns)  TPWS Failing Endpoints  TPWS Total Endpoints
    -------      -------  ---------------------  -------------------     --------     --------  ----------------------  --------------------
      1.659        0.000                      0                23535        4.500        0.000                       0                  3266


All user specified timing constraints are met.


------------------------------------------------------------------------------------------------
| Clock Summary
| -------------
------------------------------------------------------------------------------------------------

Clock  Waveform(ns)       Period(ns)      Frequency(MHz)
-----  ------------       ----------      --------------
clk    {0.000 5.000}      10.000          100.000


------------------------------------------------------------------------------------------------
| Intra Clock Table
| -----------------
------------------------------------------------------------------------------------------------

Clock             WNS(ns)      TNS(ns)  TNS Failing Endpoints  TNS Total Endpoints     WPWS(ns)     TPWS(ns)  TPWS Failing Endpoints  TPWS Total Endpoints
-----             -------      -------  ---------------------  -------------------     --------     --------  ----------------------  --------------------
clk                 1.659        0.000                      0                23535        4.500        0.000                       0                  3266


------------------------------------------------------------------------------------------------
| Inter Clock Table
| -----------------
------------------------------------------------------------------------------------------------

From Clock    To Clock          WNS(ns)      TNS(ns)  TNS Failing Endpoints  TNS Total Endpoints
----------    --------          -------      -------  ---------------------  -------------------


------------------------------------------------------------------------------------------------
| Other Path Groups Table
| -----------------------
------------------------------------------------------------------------------------------------

Path Group    From Clock    To Clock          WNS(ns)      TNS(ns)  TNS Failing Endpoints  TNS Total Endpoints
----------    ----------    --------          -------      -------  ---------------------  -------------------


------------------------------------------------------------------------------------------------
| Timing Details
| --------------
------------------------------------------------------------------------------------------------


---------------------------------------------------------------------------------------------------
From Clock:  clk
  To Clock:  clk

Setup :            0  Failing Endpoints,  Worst Slack        1.659ns,  Total Violation        0.000ns
Hold  :           NA  Failing Endpoints,  Worst Slack           NA  ,  Total Violation           NA
PW    :            0  Failing Endpoints,  Worst Slack        4.500ns,  Total Violation        0.000ns
---------------------------------------------------------------------------------------------------


Max Delay Paths
--------------------------------------------------------------------------------------
Slack (MET) :             1.659ns  (required time - arrival time)
  Source:                 rx_chain_i/matched_filter_i/matched_filter_i/stage0_valid_reg/C
                            (rising edge-triggered cell FDRE clocked by clk  {rise@0.000ns fall@5.000ns period=10.000ns})
  Destination:            rx_chain_i/matched_filter_i/matched_filter_i/sum1_q_reg[10]/CEP
                            (rising edge-triggered cell DSP48E1 clocked by clk  {rise@0.000ns fall@5.000ns period=10.000ns})
  Path Group:             clk
  Path Type:              Setup (Max at Slow Process Corner)
  Requirement:            10.000ns  (clk rise@10.000ns - clk rise@0.000ns)
  Data Path Delay:        7.854ns  (logic 0.433ns (5.513%)  route 7.421ns (94.487%))
  Logic Levels:           0
  Clock Path Skew:        -0.026ns (DCD - SCD + CPR)
    Destination Clock Delay (DCD):    1.445ns = ( 11.445 - 10.000 )
    Source Clock Delay      (SCD):    1.483ns
    Clock Pessimism Removal (CPR):    0.012ns
  Clock Uncertainty:      0.035ns  ((TSJ^2 + TIJ^2)^1/2 + DJ) / 2 + PE
    Total System Jitter     (TSJ):    0.071ns
    Total Input Jitter      (TIJ):    0.000ns
    Discrete Jitter          (DJ):    0.000ns
    Phase Error              (PE):    0.000ns

    Location             Delay type                Incr(ns)  Path(ns)    Netlist Resource(s)
  -------------------------------------------------------------------    -------------------
                         (clock clk rise edge)        0.000     0.000 r
                                                      0.000     0.000 r  clk (IN)
                         net (fo=3265, unset)         1.483     1.483    rx_chain_i/matched_filter_i/matched_filter_i/clk
    SLICE_X18Y43         FDRE                                         r  rx_chain_i/matched_filter_i/matched_filter_i/stage0_valid_reg/C
  -------------------------------------------------------------------    -------------------
    SLICE_X18Y43         FDRE (Prop_fdre_C_Q)         0.433     1.916 r  rx_chain_i/matched_filter_i/matched_filter_i/stage0_valid_reg/Q
                         net (fo=35, routed)          7.421     9.337    rx_chain_i/matched_filter_i/matched_filter_i/stage0_valid
    DSP48_X3Y0           DSP48E1                                      r  rx_chain_i/matched_filter_i/matched_filter_i/sum1_q_reg[10]/CEP
  -------------------------------------------------------------------    -------------------

                         (clock clk rise edge)       10.000    10.000 r
                                                      0.000    10.000 r  clk (IN)
                         net (fo=3265, unset)         1.445    11.445    rx_chain_i/matched_filter_i/matched_filter_i/clk
    DSP48_X3Y0           DSP48E1                                      r  rx_chain_i/matched_filter_i/matched_filter_i/sum1_q_reg[10]/CLK
                         clock pessimism              0.012    11.457
                         clock uncertainty           -0.035    11.421
    DSP48_X3Y0           DSP48E1 (Setup_dsp48e1_CLK_CEP)
                                                     -0.426    10.995    rx_chain_i/matched_filter_i/matched_filter_i/sum1_q_reg[10]
  -------------------------------------------------------------------
                         required time                         10.995
                         arrival time                          -9.337
  -------------------------------------------------------------------
                         slack                                  1.659

Slack (MET) :             1.906ns  (required time - arrival time)
  Source:                 tx_chain_i/pf_valid_reg/C
                            (rising edge-triggered cell FDRE clocked by clk  {rise@0.000ns fall@5.000ns period=10.000ns})
  Destination:            rx_chain_i/matched_filter_i/matched_filter_i/prod_i_reg[22]/RSTA
                            (rising edge-triggered cell DSP48E1 clocked by clk  {rise@0.000ns fall@5.000ns period=10.000ns})
  Path Group:             clk
  Path Type:              Setup (Max at Slow Process Corner)
  Requirement:            10.000ns  (clk rise@10.000ns - clk rise@0.000ns)
  Data Path Delay:        7.604ns  (logic 0.917ns (12.059%)  route 6.687ns (87.941%))
  Logic Levels:           3  (LUT2=1 LUT3=1 LUT6=1)
  Clock Path Skew:        -0.025ns (DCD - SCD + CPR)
    Destination Clock Delay (DCD):    1.410ns = ( 11.410 - 10.000 )
    Source Clock Delay      (SCD):    1.435ns
    Clock Pessimism Removal (CPR):    0.000ns
  Clock Uncertainty:      0.035ns  ((TSJ^2 + TIJ^2)^1/2 + DJ) / 2 + PE
    Total System Jitter     (TSJ):    0.071ns
    Total Input Jitter      (TIJ):    0.000ns
    Discrete Jitter          (DJ):    0.000ns
    Phase Error              (PE):    0.000ns

    Location             Delay type                Incr(ns)  Path(ns)    Netlist Resource(s)
  -------------------------------------------------------------------    -------------------
                         (clock clk rise edge)        0.000     0.000 r
                                                      0.000     0.000 r  clk (IN)
                         net (fo=3265, unset)         1.435     1.435    tx_chain_i/clk
    SLICE_X66Y67         FDRE                                         r  tx_chain_i/pf_valid_reg/C
  -------------------------------------------------------------------    -------------------
    SLICE_X66Y67         FDRE (Prop_fdre_C_Q)         0.433     1.868 f  tx_chain_i/pf_valid_reg/Q
                         net (fo=45, routed)          0.721     2.589    tx_chain_i/pf_valid
    SLICE_X66Y66         LUT3 (Prop_lut3_I2_O)        0.115     2.704 f  tx_chain_i/busy_INST_0_i_1/O
                         net (fo=3, routed)           0.366     3.070    tx_chain_i/upsampler_i/done_reg_0
    SLICE_X64Y64         LUT6 (Prop_lut6_I5_O)        0.264     3.334 r  tx_chain_i/upsampler_i/out_valid_i_2/O
                         net (fo=5, routed)           1.723     5.057    tx_chain_i/upsampler_i/start_1
    SLICE_X60Y32         LUT2 (Prop_lut2_I1_O)        0.105     5.162 r  tx_chain_i/upsampler_i/out_valid_i_1__2/O
                         net (fo=2560, routed)        3.877     9.039    rx_chain_i/matched_filter_i/matched_filter_i/rst0
    DSP48_X0Y2           DSP48E1                                      r  rx_chain_i/matched_filter_i/matched_filter_i/prod_i_reg[22]/RSTA
  -------------------------------------------------------------------    -------------------

                         (clock clk rise edge)       10.000    10.000 r
                                                      0.000    10.000 r  clk (IN)
                         net (fo=3265, unset)         1.410    11.410    rx_chain_i/matched_filter_i/matched_filter_i/clk
    DSP48_X0Y2           DSP48E1                                      r  rx_chain_i/matched_filter_i/matched_filter_i/prod_i_reg[22]/CLK
                         clock pessimism              0.000    11.410
                         clock uncertainty           -0.035    11.374
    DSP48_X0Y2           DSP48E1 (Setup_dsp48e1_CLK_RSTA)
                                                     -0.429    10.945    rx_chain_i/matched_filter_i/matched_filter_i/prod_i_reg[22]
  -------------------------------------------------------------------
                         required time                         10.945
                         arrival time                          -9.039
  -------------------------------------------------------------------
                         slack                                  1.906

Slack (MET) :             1.919ns  (required time - arrival time)
  Source:                 tx_chain_i/pf_valid_reg/C
                            (rising edge-triggered cell FDRE clocked by clk  {rise@0.000ns fall@5.000ns period=10.000ns})
  Destination:            rx_chain_i/matched_filter_i/matched_filter_i/prod_i_reg[20]/RSTA
                            (rising edge-triggered cell DSP48E1 clocked by clk  {rise@0.000ns fall@5.000ns period=10.000ns})
  Path Group:             clk
  Path Type:              Setup (Max at Slow Process Corner)
  Requirement:            10.000ns  (clk rise@10.000ns - clk rise@0.000ns)
  Data Path Delay:        7.591ns  (logic 0.917ns (12.080%)  route 6.674ns (87.920%))
  Logic Levels:           3  (LUT2=1 LUT3=1 LUT6=1)
  Clock Path Skew:        -0.025ns (DCD - SCD + CPR)
    Destination Clock Delay (DCD):    1.410ns = ( 11.410 - 10.000 )
    Source Clock Delay      (SCD):    1.435ns
    Clock Pessimism Removal (CPR):    0.000ns
  Clock Uncertainty:      0.035ns  ((TSJ^2 + TIJ^2)^1/2 + DJ) / 2 + PE
    Total System Jitter     (TSJ):    0.071ns
    Total Input Jitter      (TIJ):    0.000ns
    Discrete Jitter          (DJ):    0.000ns
    Phase Error              (PE):    0.000ns

    Location             Delay type                Incr(ns)  Path(ns)    Netlist Resource(s)
  -------------------------------------------------------------------    -------------------
                         (clock clk rise edge)        0.000     0.000 r
                                                      0.000     0.000 r  clk (IN)
                         net (fo=3265, unset)         1.435     1.435    tx_chain_i/clk
    SLICE_X66Y67         FDRE                                         r  tx_chain_i/pf_valid_reg/C
  -------------------------------------------------------------------    -------------------
    SLICE_X66Y67         FDRE (Prop_fdre_C_Q)         0.433     1.868 f  tx_chain_i/pf_valid_reg/Q
                         net (fo=45, routed)          0.721     2.589    tx_chain_i/pf_valid
    SLICE_X66Y66         LUT3 (Prop_lut3_I2_O)        0.115     2.704 f  tx_chain_i/busy_INST_0_i_1/O
                         net (fo=3, routed)           0.366     3.070    tx_chain_i/upsampler_i/done_reg_0
    SLICE_X64Y64         LUT6 (Prop_lut6_I5_O)        0.264     3.334 r  tx_chain_i/upsampler_i/out_valid_i_2/O
                         net (fo=5, routed)           1.723     5.057    tx_chain_i/upsampler_i/start_1
    SLICE_X60Y32         LUT2 (Prop_lut2_I1_O)        0.105     5.162 r  tx_chain_i/upsampler_i/out_valid_i_1__2/O
                         net (fo=2560, routed)        3.863     9.026    rx_chain_i/matched_filter_i/matched_filter_i/rst0
    DSP48_X0Y0           DSP48E1                                      r  rx_chain_i/matched_filter_i/matched_filter_i/prod_i_reg[20]/RSTA
  -------------------------------------------------------------------    -------------------

                         (clock clk rise edge)       10.000    10.000 r
                                                      0.000    10.000 r  clk (IN)
                         net (fo=3265, unset)         1.410    11.410    rx_chain_i/matched_filter_i/matched_filter_i/clk
    DSP48_X0Y0           DSP48E1                                      r  rx_chain_i/matched_filter_i/matched_filter_i/prod_i_reg[20]/CLK
                         clock pessimism              0.000    11.410
                         clock uncertainty           -0.035    11.374
    DSP48_X0Y0           DSP48E1 (Setup_dsp48e1_CLK_RSTA)
                                                     -0.429    10.945    rx_chain_i/matched_filter_i/matched_filter_i/prod_i_reg[20]
  -------------------------------------------------------------------
                         required time                         10.945
                         arrival time                          -9.026
  -------------------------------------------------------------------
                         slack                                  1.919

Slack (MET) :             1.938ns  (required time - arrival time)
  Source:                 rx_chain_i/matched_filter_i/matched_filter_i/stage0_valid_reg/C
                            (rising edge-triggered cell FDRE clocked by clk  {rise@0.000ns fall@5.000ns period=10.000ns})
  Destination:            rx_chain_i/matched_filter_i/matched_filter_i/sum1_q_reg[9]/CEP
                            (rising edge-triggered cell DSP48E1 clocked by clk  {rise@0.000ns fall@5.000ns period=10.000ns})
  Path Group:             clk
  Path Type:              Setup (Max at Slow Process Corner)
  Requirement:            10.000ns  (clk rise@10.000ns - clk rise@0.000ns)
  Data Path Delay:        7.574ns  (logic 0.433ns (5.717%)  route 7.141ns (94.283%))
  Logic Levels:           0
  Clock Path Skew:        -0.026ns (DCD - SCD + CPR)
    Destination Clock Delay (DCD):    1.445ns = ( 11.445 - 10.000 )
    Source Clock Delay      (SCD):    1.483ns
    Clock Pessimism Removal (CPR):    0.012ns
  Clock Uncertainty:      0.035ns  ((TSJ^2 + TIJ^2)^1/2 + DJ) / 2 + PE
    Total System Jitter     (TSJ):    0.071ns
    Total Input Jitter      (TIJ):    0.000ns
    Discrete Jitter          (DJ):    0.000ns
    Phase Error              (PE):    0.000ns

    Location             Delay type                Incr(ns)  Path(ns)    Netlist Resource(s)
  -------------------------------------------------------------------    -------------------
                         (clock clk rise edge)        0.000     0.000 r
                                                      0.000     0.000 r  clk (IN)
                         net (fo=3265, unset)         1.483     1.483    rx_chain_i/matched_filter_i/matched_filter_i/clk
    SLICE_X18Y43         FDRE                                         r  rx_chain_i/matched_filter_i/matched_filter_i/stage0_valid_reg/C
  -------------------------------------------------------------------    -------------------
    SLICE_X18Y43         FDRE (Prop_fdre_C_Q)         0.433     1.916 r  rx_chain_i/matched_filter_i/matched_filter_i/stage0_valid_reg/Q
                         net (fo=35, routed)          7.141     9.057    rx_chain_i/matched_filter_i/matched_filter_i/stage0_valid
    DSP48_X3Y2           DSP48E1                                      r  rx_chain_i/matched_filter_i/matched_filter_i/sum1_q_reg[9]/CEP
  -------------------------------------------------------------------    -------------------

                         (clock clk rise edge)       10.000    10.000 r
                                                      0.000    10.000 r  clk (IN)
                         net (fo=3265, unset)         1.445    11.445    rx_chain_i/matched_filter_i/matched_filter_i/clk
    DSP48_X3Y2           DSP48E1                                      r  rx_chain_i/matched_filter_i/matched_filter_i/sum1_q_reg[9]/CLK
                         clock pessimism              0.012    11.457
                         clock uncertainty           -0.035    11.421
    DSP48_X3Y2           DSP48E1 (Setup_dsp48e1_CLK_CEP)
                                                     -0.426    10.995    rx_chain_i/matched_filter_i/matched_filter_i/sum1_q_reg[9]
  -------------------------------------------------------------------
                         required time                         10.995
                         arrival time                          -9.057
  -------------------------------------------------------------------
                         slack                                  1.938

Slack (MET) :             1.945ns  (required time - arrival time)
  Source:                 tx_chain_i/pf_valid_reg/C
                            (rising edge-triggered cell FDRE clocked by clk  {rise@0.000ns fall@5.000ns period=10.000ns})
  Destination:            ber_counter_i/lock_preamble_limit_reg_reg[3]/S
                            (rising edge-triggered cell FDSE clocked by clk  {rise@0.000ns fall@5.000ns period=10.000ns})
  Path Group:             clk
  Path Type:              Setup (Max at Slow Process Corner)
  Requirement:            10.000ns  (clk rise@10.000ns - clk rise@0.000ns)
  Data Path Delay:        7.541ns  (logic 1.397ns (18.525%)  route 6.144ns (81.475%))
  Logic Levels:           6  (LUT2=1 LUT3=2 LUT5=1 LUT6=2)
  Clock Path Skew:        -0.055ns (DCD - SCD + CPR)
    Destination Clock Delay (DCD):    1.284ns = ( 11.284 - 10.000 )
    Source Clock Delay      (SCD):    1.435ns
    Clock Pessimism Removal (CPR):    0.096ns
  Clock Uncertainty:      0.035ns  ((TSJ^2 + TIJ^2)^1/2 + DJ) / 2 + PE
    Total System Jitter     (TSJ):    0.071ns
    Total Input Jitter      (TIJ):    0.000ns
    Discrete Jitter          (DJ):    0.000ns
    Phase Error              (PE):    0.000ns

    Location             Delay type                Incr(ns)  Path(ns)    Netlist Resource(s)
  -------------------------------------------------------------------    -------------------
                         (clock clk rise edge)        0.000     0.000 r
                                                      0.000     0.000 r  clk (IN)
                         net (fo=3265, unset)         1.435     1.435    tx_chain_i/clk
    SLICE_X66Y67         FDRE                                         r  tx_chain_i/pf_valid_reg/C
  -------------------------------------------------------------------    -------------------
    SLICE_X66Y67         FDRE (Prop_fdre_C_Q)         0.433     1.868 f  tx_chain_i/pf_valid_reg/Q
                         net (fo=45, routed)          0.721     2.589    tx_chain_i/pf_valid
    SLICE_X66Y66         LUT3 (Prop_lut3_I2_O)        0.115     2.704 f  tx_chain_i/busy_INST_0_i_1/O
                         net (fo=3, routed)           0.366     3.070    tx_chain_i/upsampler_i/done_reg_0
    SLICE_X64Y64         LUT6 (Prop_lut6_I5_O)        0.264     3.334 r  tx_chain_i/upsampler_i/out_valid_i_2/O
                         net (fo=5, routed)           1.003     4.337    tx_chain_i/upsampler_i/start_1
    SLICE_X59Y52         LUT3 (Prop_lut3_I0_O)        0.108     4.445 r  tx_chain_i/upsampler_i/received_bits[15]_i_4/O
                         net (fo=22, routed)          1.197     5.642    tx_chain_i/upsampler_i/start_0
    SLICE_X63Y66         LUT2 (Prop_lut2_I1_O)        0.267     5.909 r  tx_chain_i/upsampler_i/received_bits[15]_i_1/O
                         net (fo=21, routed)          1.065     6.974    ber_counter_i/received_bits_reg[0]_0
    SLICE_X58Y62         LUT6 (Prop_lut6_I4_O)        0.105     7.079 r  ber_counter_i/lock_preamble_limit_reg[15]_i_1/O
                         net (fo=24, routed)          0.590     7.669    ber_counter_i/lock_preamble_limit_reg[15]_i_1_n_0
    SLICE_X58Y60         LUT5 (Prop_lut5_I4_O)        0.105     7.774 r  ber_counter_i/lock_preamble_limit_reg[3]_i_1/O
                         net (fo=14, routed)          1.202     8.976    ber_counter_i/lock_preamble_limit_reg[3]_i_1_n_0
    SLICE_X58Y59         FDSE                                         r  ber_counter_i/lock_preamble_limit_reg_reg[3]/S
  -------------------------------------------------------------------    -------------------

                         (clock clk rise edge)       10.000    10.000 r
                                                      0.000    10.000 r  clk (IN)
                         net (fo=3265, unset)         1.284    11.284    ber_counter_i/clk
    SLICE_X58Y59         FDSE                                         r  ber_counter_i/lock_preamble_limit_reg_reg[3]/C
                         clock pessimism              0.096    11.380
                         clock uncertainty           -0.035    11.345
    SLICE_X58Y59         FDSE (Setup_fdse_C_S)       -0.423    10.922    ber_counter_i/lock_preamble_limit_reg_reg[3]
  -------------------------------------------------------------------
                         required time                         10.922
                         arrival time                          -8.976
  -------------------------------------------------------------------
                         slack                                  1.945

Slack (MET) :             1.945ns  (required time - arrival time)
  Source:                 tx_chain_i/pf_valid_reg/C
                            (rising edge-triggered cell FDRE clocked by clk  {rise@0.000ns fall@5.000ns period=10.000ns})
  Destination:            ber_counter_i/preamble_limit_reg_reg[3]/S
                            (rising edge-triggered cell FDSE clocked by clk  {rise@0.000ns fall@5.000ns period=10.000ns})
  Path Group:             clk
  Path Type:              Setup (Max at Slow Process Corner)
  Requirement:            10.000ns  (clk rise@10.000ns - clk rise@0.000ns)
  Data Path Delay:        7.541ns  (logic 1.397ns (18.525%)  route 6.144ns (81.475%))
  Logic Levels:           6  (LUT2=1 LUT3=2 LUT5=1 LUT6=2)
  Clock Path Skew:        -0.055ns (DCD - SCD + CPR)
    Destination Clock Delay (DCD):    1.284ns = ( 11.284 - 10.000 )
    Source Clock Delay      (SCD):    1.435ns
    Clock Pessimism Removal (CPR):    0.096ns
  Clock Uncertainty:      0.035ns  ((TSJ^2 + TIJ^2)^1/2 + DJ) / 2 + PE
    Total System Jitter     (TSJ):    0.071ns
    Total Input Jitter      (TIJ):    0.000ns
    Discrete Jitter          (DJ):    0.000ns
    Phase Error              (PE):    0.000ns

    Location             Delay type                Incr(ns)  Path(ns)    Netlist Resource(s)
  -------------------------------------------------------------------    -------------------
                         (clock clk rise edge)        0.000     0.000 r
                                                      0.000     0.000 r  clk (IN)
                         net (fo=3265, unset)         1.435     1.435    tx_chain_i/clk
    SLICE_X66Y67         FDRE                                         r  tx_chain_i/pf_valid_reg/C
  -------------------------------------------------------------------    -------------------
    SLICE_X66Y67         FDRE (Prop_fdre_C_Q)         0.433     1.868 f  tx_chain_i/pf_valid_reg/Q
                         net (fo=45, routed)          0.721     2.589    tx_chain_i/pf_valid
    SLICE_X66Y66         LUT3 (Prop_lut3_I2_O)        0.115     2.704 f  tx_chain_i/busy_INST_0_i_1/O
                         net (fo=3, routed)           0.366     3.070    tx_chain_i/upsampler_i/done_reg_0
    SLICE_X64Y64         LUT6 (Prop_lut6_I5_O)        0.264     3.334 r  tx_chain_i/upsampler_i/out_valid_i_2/O
                         net (fo=5, routed)           1.003     4.337    tx_chain_i/upsampler_i/start_1
    SLICE_X59Y52         LUT3 (Prop_lut3_I0_O)        0.108     4.445 r  tx_chain_i/upsampler_i/received_bits[15]_i_4/O
                         net (fo=22, routed)          1.197     5.642    tx_chain_i/upsampler_i/start_0
    SLICE_X63Y66         LUT2 (Prop_lut2_I1_O)        0.267     5.909 r  tx_chain_i/upsampler_i/received_bits[15]_i_1/O
                         net (fo=21, routed)          1.065     6.974    ber_counter_i/received_bits_reg[0]_0
    SLICE_X58Y62         LUT6 (Prop_lut6_I4_O)        0.105     7.079 r  ber_counter_i/lock_preamble_limit_reg[15]_i_1/O
                         net (fo=24, routed)          0.590     7.669    ber_counter_i/lock_preamble_limit_reg[15]_i_1_n_0
    SLICE_X58Y60         LUT5 (Prop_lut5_I4_O)        0.105     7.774 r  ber_counter_i/lock_preamble_limit_reg[3]_i_1/O
                         net (fo=14, routed)          1.202     8.976    ber_counter_i/lock_preamble_limit_reg[3]_i_1_n_0
    SLICE_X58Y59         FDSE                                         r  ber_counter_i/preamble_limit_reg_reg[3]/S
  -------------------------------------------------------------------    -------------------

                         (clock clk rise edge)       10.000    10.000 r
                                                      0.000    10.000 r  clk (IN)
                         net (fo=3265, unset)         1.284    11.284    ber_counter_i/clk
    SLICE_X58Y59         FDSE                                         r  ber_counter_i/preamble_limit_reg_reg[3]/C
                         clock pessimism              0.096    11.380
                         clock uncertainty           -0.035    11.345
    SLICE_X58Y59         FDSE (Setup_fdse_C_S)       -0.423    10.922    ber_counter_i/preamble_limit_reg_reg[3]
  -------------------------------------------------------------------
                         required time                         10.922
                         arrival time                          -8.976
  -------------------------------------------------------------------
                         slack                                  1.945

Slack (MET) :             1.945ns  (required time - arrival time)
  Source:                 tx_chain_i/pf_valid_reg/C
                            (rising edge-triggered cell FDRE clocked by clk  {rise@0.000ns fall@5.000ns period=10.000ns})
  Destination:            ber_counter_i/preamble_limit_reg_reg[4]/S
                            (rising edge-triggered cell FDSE clocked by clk  {rise@0.000ns fall@5.000ns period=10.000ns})
  Path Group:             clk
  Path Type:              Setup (Max at Slow Process Corner)
  Requirement:            10.000ns  (clk rise@10.000ns - clk rise@0.000ns)
  Data Path Delay:        7.541ns  (logic 1.397ns (18.525%)  route 6.144ns (81.475%))
  Logic Levels:           6  (LUT2=1 LUT3=2 LUT5=1 LUT6=2)
  Clock Path Skew:        -0.055ns (DCD - SCD + CPR)
    Destination Clock Delay (DCD):    1.284ns = ( 11.284 - 10.000 )
    Source Clock Delay      (SCD):    1.435ns
    Clock Pessimism Removal (CPR):    0.096ns
  Clock Uncertainty:      0.035ns  ((TSJ^2 + TIJ^2)^1/2 + DJ) / 2 + PE
    Total System Jitter     (TSJ):    0.071ns
    Total Input Jitter      (TIJ):    0.000ns
    Discrete Jitter          (DJ):    0.000ns
    Phase Error              (PE):    0.000ns

    Location             Delay type                Incr(ns)  Path(ns)    Netlist Resource(s)
  -------------------------------------------------------------------    -------------------
                         (clock clk rise edge)        0.000     0.000 r
                                                      0.000     0.000 r  clk (IN)
                         net (fo=3265, unset)         1.435     1.435    tx_chain_i/clk
    SLICE_X66Y67         FDRE                                         r  tx_chain_i/pf_valid_reg/C
  -------------------------------------------------------------------    -------------------
    SLICE_X66Y67         FDRE (Prop_fdre_C_Q)         0.433     1.868 f  tx_chain_i/pf_valid_reg/Q
                         net (fo=45, routed)          0.721     2.589    tx_chain_i/pf_valid
    SLICE_X66Y66         LUT3 (Prop_lut3_I2_O)        0.115     2.704 f  tx_chain_i/busy_INST_0_i_1/O
                         net (fo=3, routed)           0.366     3.070    tx_chain_i/upsampler_i/done_reg_0
    SLICE_X64Y64         LUT6 (Prop_lut6_I5_O)        0.264     3.334 r  tx_chain_i/upsampler_i/out_valid_i_2/O
                         net (fo=5, routed)           1.003     4.337    tx_chain_i/upsampler_i/start_1
    SLICE_X59Y52         LUT3 (Prop_lut3_I0_O)        0.108     4.445 r  tx_chain_i/upsampler_i/received_bits[15]_i_4/O
                         net (fo=22, routed)          1.197     5.642    tx_chain_i/upsampler_i/start_0
    SLICE_X63Y66         LUT2 (Prop_lut2_I1_O)        0.267     5.909 r  tx_chain_i/upsampler_i/received_bits[15]_i_1/O
                         net (fo=21, routed)          1.065     6.974    ber_counter_i/received_bits_reg[0]_0
    SLICE_X58Y62         LUT6 (Prop_lut6_I4_O)        0.105     7.079 r  ber_counter_i/lock_preamble_limit_reg[15]_i_1/O
                         net (fo=24, routed)          0.590     7.669    ber_counter_i/lock_preamble_limit_reg[15]_i_1_n_0
    SLICE_X58Y60         LUT5 (Prop_lut5_I4_O)        0.105     7.774 r  ber_counter_i/lock_preamble_limit_reg[3]_i_1/O
                         net (fo=14, routed)          1.202     8.976    ber_counter_i/lock_preamble_limit_reg[3]_i_1_n_0
    SLICE_X58Y59         FDSE                                         r  ber_counter_i/preamble_limit_reg_reg[4]/S
  -------------------------------------------------------------------    -------------------

                         (clock clk rise edge)       10.000    10.000 r
                                                      0.000    10.000 r  clk (IN)
                         net (fo=3265, unset)         1.284    11.284    ber_counter_i/clk
    SLICE_X58Y59         FDSE                                         r  ber_counter_i/preamble_limit_reg_reg[4]/C
                         clock pessimism              0.096    11.380
                         clock uncertainty           -0.035    11.345
    SLICE_X58Y59         FDSE (Setup_fdse_C_S)       -0.423    10.922    ber_counter_i/preamble_limit_reg_reg[4]
  -------------------------------------------------------------------
                         required time                         10.922
                         arrival time                          -8.976
  -------------------------------------------------------------------
                         slack                                  1.945

Slack (MET) :             1.945ns  (required time - arrival time)
  Source:                 tx_chain_i/pf_valid_reg/C
                            (rising edge-triggered cell FDRE clocked by clk  {rise@0.000ns fall@5.000ns period=10.000ns})
  Destination:            ber_counter_i/preamble_limit_reg_reg[6]/S
                            (rising edge-triggered cell FDSE clocked by clk  {rise@0.000ns fall@5.000ns period=10.000ns})
  Path Group:             clk
  Path Type:              Setup (Max at Slow Process Corner)
  Requirement:            10.000ns  (clk rise@10.000ns - clk rise@0.000ns)
  Data Path Delay:        7.541ns  (logic 1.397ns (18.525%)  route 6.144ns (81.475%))
  Logic Levels:           6  (LUT2=1 LUT3=2 LUT5=1 LUT6=2)
  Clock Path Skew:        -0.055ns (DCD - SCD + CPR)
    Destination Clock Delay (DCD):    1.284ns = ( 11.284 - 10.000 )
    Source Clock Delay      (SCD):    1.435ns
    Clock Pessimism Removal (CPR):    0.096ns
  Clock Uncertainty:      0.035ns  ((TSJ^2 + TIJ^2)^1/2 + DJ) / 2 + PE
    Total System Jitter     (TSJ):    0.071ns
    Total Input Jitter      (TIJ):    0.000ns
    Discrete Jitter          (DJ):    0.000ns
    Phase Error              (PE):    0.000ns

    Location             Delay type                Incr(ns)  Path(ns)    Netlist Resource(s)
  -------------------------------------------------------------------    -------------------
                         (clock clk rise edge)        0.000     0.000 r
                                                      0.000     0.000 r  clk (IN)
                         net (fo=3265, unset)         1.435     1.435    tx_chain_i/clk
    SLICE_X66Y67         FDRE                                         r  tx_chain_i/pf_valid_reg/C
  -------------------------------------------------------------------    -------------------
    SLICE_X66Y67         FDRE (Prop_fdre_C_Q)         0.433     1.868 f  tx_chain_i/pf_valid_reg/Q
                         net (fo=45, routed)          0.721     2.589    tx_chain_i/pf_valid
    SLICE_X66Y66         LUT3 (Prop_lut3_I2_O)        0.115     2.704 f  tx_chain_i/busy_INST_0_i_1/O
                         net (fo=3, routed)           0.366     3.070    tx_chain_i/upsampler_i/done_reg_0
    SLICE_X64Y64         LUT6 (Prop_lut6_I5_O)        0.264     3.334 r  tx_chain_i/upsampler_i/out_valid_i_2/O
                         net (fo=5, routed)           1.003     4.337    tx_chain_i/upsampler_i/start_1
    SLICE_X59Y52         LUT3 (Prop_lut3_I0_O)        0.108     4.445 r  tx_chain_i/upsampler_i/received_bits[15]_i_4/O
                         net (fo=22, routed)          1.197     5.642    tx_chain_i/upsampler_i/start_0
    SLICE_X63Y66         LUT2 (Prop_lut2_I1_O)        0.267     5.909 r  tx_chain_i/upsampler_i/received_bits[15]_i_1/O
                         net (fo=21, routed)          1.065     6.974    ber_counter_i/received_bits_reg[0]_0
    SLICE_X58Y62         LUT6 (Prop_lut6_I4_O)        0.105     7.079 r  ber_counter_i/lock_preamble_limit_reg[15]_i_1/O
                         net (fo=24, routed)          0.590     7.669    ber_counter_i/lock_preamble_limit_reg[15]_i_1_n_0
    SLICE_X58Y60         LUT5 (Prop_lut5_I4_O)        0.105     7.774 r  ber_counter_i/lock_preamble_limit_reg[3]_i_1/O
                         net (fo=14, routed)          1.202     8.976    ber_counter_i/lock_preamble_limit_reg[3]_i_1_n_0
    SLICE_X58Y59         FDSE                                         r  ber_counter_i/preamble_limit_reg_reg[6]/S
  -------------------------------------------------------------------    -------------------

                         (clock clk rise edge)       10.000    10.000 r
                                                      0.000    10.000 r  clk (IN)
                         net (fo=3265, unset)         1.284    11.284    ber_counter_i/clk
    SLICE_X58Y59         FDSE                                         r  ber_counter_i/preamble_limit_reg_reg[6]/C
                         clock pessimism              0.096    11.380
                         clock uncertainty           -0.035    11.345
    SLICE_X58Y59         FDSE (Setup_fdse_C_S)       -0.423    10.922    ber_counter_i/preamble_limit_reg_reg[6]
  -------------------------------------------------------------------
                         required time                         10.922
                         arrival time                          -8.976
  -------------------------------------------------------------------
                         slack                                  1.945

Slack (MET) :             1.945ns  (required time - arrival time)
  Source:                 tx_chain_i/pf_valid_reg/C
                            (rising edge-triggered cell FDRE clocked by clk  {rise@0.000ns fall@5.000ns period=10.000ns})
  Destination:            ber_counter_i/preamble_limit_reg_reg[7]/S
                            (rising edge-triggered cell FDSE clocked by clk  {rise@0.000ns fall@5.000ns period=10.000ns})
  Path Group:             clk
  Path Type:              Setup (Max at Slow Process Corner)
  Requirement:            10.000ns  (clk rise@10.000ns - clk rise@0.000ns)
  Data Path Delay:        7.541ns  (logic 1.397ns (18.525%)  route 6.144ns (81.475%))
  Logic Levels:           6  (LUT2=1 LUT3=2 LUT5=1 LUT6=2)
  Clock Path Skew:        -0.055ns (DCD - SCD + CPR)
    Destination Clock Delay (DCD):    1.284ns = ( 11.284 - 10.000 )
    Source Clock Delay      (SCD):    1.435ns
    Clock Pessimism Removal (CPR):    0.096ns
  Clock Uncertainty:      0.035ns  ((TSJ^2 + TIJ^2)^1/2 + DJ) / 2 + PE
    Total System Jitter     (TSJ):    0.071ns
    Total Input Jitter      (TIJ):    0.000ns
    Discrete Jitter          (DJ):    0.000ns
    Phase Error              (PE):    0.000ns

    Location             Delay type                Incr(ns)  Path(ns)    Netlist Resource(s)
  -------------------------------------------------------------------    -------------------
                         (clock clk rise edge)        0.000     0.000 r
                                                      0.000     0.000 r  clk (IN)
                         net (fo=3265, unset)         1.435     1.435    tx_chain_i/clk
    SLICE_X66Y67         FDRE                                         r  tx_chain_i/pf_valid_reg/C
  -------------------------------------------------------------------    -------------------
    SLICE_X66Y67         FDRE (Prop_fdre_C_Q)         0.433     1.868 f  tx_chain_i/pf_valid_reg/Q
                         net (fo=45, routed)          0.721     2.589    tx_chain_i/pf_valid
    SLICE_X66Y66         LUT3 (Prop_lut3_I2_O)        0.115     2.704 f  tx_chain_i/busy_INST_0_i_1/O
                         net (fo=3, routed)           0.366     3.070    tx_chain_i/upsampler_i/done_reg_0
    SLICE_X64Y64         LUT6 (Prop_lut6_I5_O)        0.264     3.334 r  tx_chain_i/upsampler_i/out_valid_i_2/O
                         net (fo=5, routed)           1.003     4.337    tx_chain_i/upsampler_i/start_1
    SLICE_X59Y52         LUT3 (Prop_lut3_I0_O)        0.108     4.445 r  tx_chain_i/upsampler_i/received_bits[15]_i_4/O
                         net (fo=22, routed)          1.197     5.642    tx_chain_i/upsampler_i/start_0
    SLICE_X63Y66         LUT2 (Prop_lut2_I1_O)        0.267     5.909 r  tx_chain_i/upsampler_i/received_bits[15]_i_1/O
                         net (fo=21, routed)          1.065     6.974    ber_counter_i/received_bits_reg[0]_0
    SLICE_X58Y62         LUT6 (Prop_lut6_I4_O)        0.105     7.079 r  ber_counter_i/lock_preamble_limit_reg[15]_i_1/O
                         net (fo=24, routed)          0.590     7.669    ber_counter_i/lock_preamble_limit_reg[15]_i_1_n_0
    SLICE_X58Y60         LUT5 (Prop_lut5_I4_O)        0.105     7.774 r  ber_counter_i/lock_preamble_limit_reg[3]_i_1/O
                         net (fo=14, routed)          1.202     8.976    ber_counter_i/lock_preamble_limit_reg[3]_i_1_n_0
    SLICE_X58Y59         FDSE                                         r  ber_counter_i/preamble_limit_reg_reg[7]/S
  -------------------------------------------------------------------    -------------------

                         (clock clk rise edge)       10.000    10.000 r
                                                      0.000    10.000 r  clk (IN)
                         net (fo=3265, unset)         1.284    11.284    ber_counter_i/clk
    SLICE_X58Y59         FDSE                                         r  ber_counter_i/preamble_limit_reg_reg[7]/C
                         clock pessimism              0.096    11.380
                         clock uncertainty           -0.035    11.345
    SLICE_X58Y59         FDSE (Setup_fdse_C_S)       -0.423    10.922    ber_counter_i/preamble_limit_reg_reg[7]
  -------------------------------------------------------------------
                         required time                         10.922
                         arrival time                          -8.976
  -------------------------------------------------------------------
                         slack                                  1.945

Slack (MET) :             1.948ns  (required time - arrival time)
  Source:                 tx_chain_i/pf_valid_reg/C
                            (rising edge-triggered cell FDRE clocked by clk  {rise@0.000ns fall@5.000ns period=10.000ns})
  Destination:            rx_chain_i/matched_filter_i/matched_filter_i/sum1_i_reg[10]/RSTA
                            (rising edge-triggered cell DSP48E1 clocked by clk  {rise@0.000ns fall@5.000ns period=10.000ns})
  Path Group:             clk
  Path Type:              Setup (Max at Slow Process Corner)
  Requirement:            10.000ns  (clk rise@10.000ns - clk rise@0.000ns)
  Data Path Delay:        7.562ns  (logic 0.917ns (12.126%)  route 6.645ns (87.874%))
  Logic Levels:           3  (LUT2=1 LUT3=1 LUT6=1)
  Clock Path Skew:        -0.025ns (DCD - SCD + CPR)
    Destination Clock Delay (DCD):    1.410ns = ( 11.410 - 10.000 )
    Source Clock Delay      (SCD):    1.435ns
    Clock Pessimism Removal (CPR):    0.000ns
  Clock Uncertainty:      0.035ns  ((TSJ^2 + TIJ^2)^1/2 + DJ) / 2 + PE
    Total System Jitter     (TSJ):    0.071ns
    Total Input Jitter      (TIJ):    0.000ns
    Discrete Jitter          (DJ):    0.000ns
    Phase Error              (PE):    0.000ns

    Location             Delay type                Incr(ns)  Path(ns)    Netlist Resource(s)
  -------------------------------------------------------------------    -------------------
                         (clock clk rise edge)        0.000     0.000 r
                                                      0.000     0.000 r  clk (IN)
                         net (fo=3265, unset)         1.435     1.435    tx_chain_i/clk
    SLICE_X66Y67         FDRE                                         r  tx_chain_i/pf_valid_reg/C
  -------------------------------------------------------------------    -------------------
    SLICE_X66Y67         FDRE (Prop_fdre_C_Q)         0.433     1.868 f  tx_chain_i/pf_valid_reg/Q
                         net (fo=45, routed)          0.721     2.589    tx_chain_i/pf_valid
    SLICE_X66Y66         LUT3 (Prop_lut3_I2_O)        0.115     2.704 f  tx_chain_i/busy_INST_0_i_1/O
                         net (fo=3, routed)           0.366     3.070    tx_chain_i/upsampler_i/done_reg_0
    SLICE_X64Y64         LUT6 (Prop_lut6_I5_O)        0.264     3.334 r  tx_chain_i/upsampler_i/out_valid_i_2/O
                         net (fo=5, routed)           1.723     5.057    tx_chain_i/upsampler_i/start_1
    SLICE_X60Y32         LUT2 (Prop_lut2_I1_O)        0.105     5.162 r  tx_chain_i/upsampler_i/out_valid_i_1__2/O
                         net (fo=2560, routed)        3.835     8.997    rx_chain_i/matched_filter_i/matched_filter_i/rst0
    DSP48_X0Y1           DSP48E1                                      r  rx_chain_i/matched_filter_i/matched_filter_i/sum1_i_reg[10]/RSTA
  -------------------------------------------------------------------    -------------------

                         (clock clk rise edge)       10.000    10.000 r
                                                      0.000    10.000 r  clk (IN)
                         net (fo=3265, unset)         1.410    11.410    rx_chain_i/matched_filter_i/matched_filter_i/clk
    DSP48_X0Y1           DSP48E1                                      r  rx_chain_i/matched_filter_i/matched_filter_i/sum1_i_reg[10]/CLK
                         clock pessimism              0.000    11.410
                         clock uncertainty           -0.035    11.374
    DSP48_X0Y1           DSP48E1 (Setup_dsp48e1_CLK_RSTA)
                                                     -0.429    10.945    rx_chain_i/matched_filter_i/matched_filter_i/sum1_i_reg[10]
  -------------------------------------------------------------------
                         required time                         10.945
                         arrival time                          -8.997
  -------------------------------------------------------------------
                         slack                                  1.948





Pulse Width Checks
--------------------------------------------------------------------------------------
Clock Name:         clk
Waveform(ns):       { 0.000 5.000 }
Period(ns):         10.000
Sources:            { clk }

Check Type        Corner  Lib Pin      Reference Pin  Required(ns)  Actual(ns)  Slack(ns)  Location      Pin
Min Period        n/a     DSP48E1/CLK  n/a            2.997         10.000      7.003      DSP48_X0Y19   rx_chain_i/matched_filter_i/matched_filter_i/prod_i_reg[0]/CLK
Min Period        n/a     DSP48E1/CLK  n/a            2.997         10.000      7.003      DSP48_X2Y19   rx_chain_i/matched_filter_i/matched_filter_i/prod_i_reg[10]/CLK
Min Period        n/a     DSP48E1/CLK  n/a            2.997         10.000      7.003      DSP48_X1Y18   rx_chain_i/matched_filter_i/matched_filter_i/prod_i_reg[12]/CLK
Min Period        n/a     DSP48E1/CLK  n/a            2.997         10.000      7.003      DSP48_X2Y22   rx_chain_i/matched_filter_i/matched_filter_i/prod_i_reg[14]/CLK
Min Period        n/a     DSP48E1/CLK  n/a            2.997         10.000      7.003      DSP48_X1Y10   rx_chain_i/matched_filter_i/matched_filter_i/prod_i_reg[16]/CLK
Min Period        n/a     DSP48E1/CLK  n/a            2.997         10.000      7.003      DSP48_X0Y12   rx_chain_i/matched_filter_i/matched_filter_i/prod_i_reg[18]/CLK
Min Period        n/a     DSP48E1/CLK  n/a            2.997         10.000      7.003      DSP48_X0Y0    rx_chain_i/matched_filter_i/matched_filter_i/prod_i_reg[20]/CLK
Min Period        n/a     DSP48E1/CLK  n/a            2.997         10.000      7.003      DSP48_X0Y2    rx_chain_i/matched_filter_i/matched_filter_i/prod_i_reg[22]/CLK
Min Period        n/a     DSP48E1/CLK  n/a            2.997         10.000      7.003      DSP48_X1Y13   rx_chain_i/matched_filter_i/matched_filter_i/prod_i_reg[24]/CLK
Min Period        n/a     DSP48E1/CLK  n/a            2.997         10.000      7.003      DSP48_X0Y11   rx_chain_i/matched_filter_i/matched_filter_i/prod_i_reg[26]/CLK
Low Pulse Width   Slow    FDRE/C       n/a            0.500         5.000       4.500      SLICE_X64Y64  ber_complete_latched_reg/C
Low Pulse Width   Fast    FDRE/C       n/a            0.500         5.000       4.500      SLICE_X64Y64  ber_complete_latched_reg/C
Low Pulse Width   Slow    FDRE/C       n/a            0.500         5.000       4.500      SLICE_X65Y64  done_reg/C
Low Pulse Width   Fast    FDRE/C       n/a            0.500         5.000       4.500      SLICE_X65Y64  done_reg/C
Low Pulse Width   Slow    FDRE/C       n/a            0.500         5.000       4.500      SLICE_X64Y53  rx_idle_counter_reg[0]/C
Low Pulse Width   Fast    FDRE/C       n/a            0.500         5.000       4.500      SLICE_X64Y53  rx_idle_counter_reg[0]/C
Low Pulse Width   Slow    FDRE/C       n/a            0.500         5.000       4.500      SLICE_X64Y55  rx_idle_counter_reg[10]/C
Low Pulse Width   Fast    FDRE/C       n/a            0.500         5.000       4.500      SLICE_X64Y55  rx_idle_counter_reg[10]/C
Low Pulse Width   Slow    FDRE/C       n/a            0.500         5.000       4.500      SLICE_X64Y55  rx_idle_counter_reg[11]/C
Low Pulse Width   Fast    FDRE/C       n/a            0.500         5.000       4.500      SLICE_X64Y55  rx_idle_counter_reg[11]/C
High Pulse Width  Slow    FDRE/C       n/a            0.500         5.000       4.500      SLICE_X64Y64  ber_complete_latched_reg/C
High Pulse Width  Fast    FDRE/C       n/a            0.500         5.000       4.500      SLICE_X64Y64  ber_complete_latched_reg/C
High Pulse Width  Slow    FDRE/C       n/a            0.500         5.000       4.500      SLICE_X65Y64  done_reg/C
High Pulse Width  Fast    FDRE/C       n/a            0.500         5.000       4.500      SLICE_X65Y64  done_reg/C
High Pulse Width  Slow    FDRE/C       n/a            0.500         5.000       4.500      SLICE_X64Y53  rx_idle_counter_reg[0]/C
High Pulse Width  Fast    FDRE/C       n/a            0.500         5.000       4.500      SLICE_X64Y53  rx_idle_counter_reg[0]/C
High Pulse Width  Slow    FDRE/C       n/a            0.500         5.000       4.500      SLICE_X64Y55  rx_idle_counter_reg[10]/C
High Pulse Width  Fast    FDRE/C       n/a            0.500         5.000       4.500      SLICE_X64Y55  rx_idle_counter_reg[10]/C
High Pulse Width  Slow    FDRE/C       n/a            0.500         5.000       4.500      SLICE_X64Y55  rx_idle_counter_reg[11]/C
High Pulse Width  Fast    FDRE/C       n/a            0.500         5.000       4.500      SLICE_X64Y55  rx_idle_counter_reg[11]/C
