Copyright 1986-2021 Xilinx, Inc. All Rights Reserved.
---------------------------------------------------------------------------------------------------------------------------------------------------------------------------------------------------
| Tool Version : Vivado v.2021.1 (win64) Build 3247384 Thu Jun 10 19:36:33 MDT 2021
| Date         : normalized
| Host         : normalized
| Command      : report_timing_summary -delay_type max -max_paths 10 -file <output_dir>/bpsk_rrc_tx_polyphase_post_route_timing_summary.rpt
| Design       : bpsk_rrc_tx_polyphase
| Device       : 7z020-clg400
| Speed File   : -2  PRODUCTION 1.12 2019-11-22
---------------------------------------------------------------------------------------------------------------------------------------------------------------------------------------------------

Timing Summary Report

------------------------------------------------------------------------------------------------
| Timer Settings
| --------------
------------------------------------------------------------------------------------------------

  Enable Multi Corner Analysis               :  Yes
  Enable Pessimism Removal                   :  Yes
  Pessimism Removal Resolution               :  Nearest Common Node
  Enable Input Delay Default Clock           :  No
  Enable Preset / Clear Arcs                 :  No
  Disable Flight Delays                      :  No
  Ignore I/O Paths                           :  No
  Timing Early Launch at Borrowing Latches   :  No
  Borrow Time for Max Delay Exceptions       :  Yes
  Merge Timing Exceptions                    :  Yes

  Corner  Analyze    Analyze
  Name    Max Paths  Min Paths
  ------  ---------  ---------
  Slow    Yes        Yes
  Fast    Yes        Yes


------------------------------------------------------------------------------------------------
| Report Methodology
| ------------------
------------------------------------------------------------------------------------------------

No report available as report_methodology has not been run prior. Run report_methodology on the current design for the summary of methodology violations.



check_timing report

Table of Contents
-----------------
1. checking no_clock (0)
2. checking constant_clock (0)
3. checking pulse_width_clock (0)
4. checking unconstrained_internal_endpoints (0)
5. checking no_input_delay (0)
6. checking no_output_delay (0)
7. checking multiple_clock (0)
8. checking generated_clocks (0)
9. checking loops (0)
10. checking partial_input_delay (0)
11. checking partial_output_delay (0)
12. checking latch_loops (0)

1. checking no_clock (0)
------------------------
 There are 0 register/latch pins with no clock.


2. checking constant_clock (0)
------------------------------
 There are 0 register/latch pins with constant_clock.


3. checking pulse_width_clock (0)
---------------------------------
 There are 0 register/latch pins which need pulse_width check


4. checking unconstrained_internal_endpoints (0)
------------------------------------------------
 There are 0 pins that are not constrained for maximum delay.

 There are 0 pins that are not constrained for maximum delay due to constant clock.


5. checking no_input_delay (0)
------------------------------
 There are 0 input ports with no input delay specified.

 There are 0 input ports with no input delay but user has a false path constraint.


6. checking no_output_delay (0)
-------------------------------
 There are 0 ports with no output delay specified.

 There are 0 ports with no output delay but user has a false path constraint

 There are 0 ports with no output delay but with a timing clock defined on it or propagating through it


7. checking multiple_clock (0)
------------------------------
 There are 0 register/latch pins with multiple clocks.


8. checking generated_clocks (0)
--------------------------------
 There are 0 generated clocks that are not connected to a clock source.


9. checking loops (0)
---------------------
 There are 0 combinational loops in the design.


10. checking partial_input_delay (0)
------------------------------------
 There are 0 input ports with partial input delay specified.


11. checking partial_output_delay (0)
-------------------------------------
 There are 0 ports with partial output delay specified.


12. checking latch_loops (0)
----------------------------
 There are 0 combinational latch loops in the design through latch input



------------------------------------------------------------------------------------------------
| Design Timing Summary
| ---------------------
------------------------------------------------------------------------------------------------

    WNS(ns)      TNS(ns)  TNS Failing Endpoints  TNS Total Endpoints     WPWS(ns)     TPWS(ns)  TPWS Failing Endpoints  TPWS Total Endpoints
    -------      -------  ---------------------  -------------------     --------     --------  ----------------------  --------------------
      3.233        0.000                      0                 1799        4.500        0.000                       0                   555


All user specified timing constraints are met.


------------------------------------------------------------------------------------------------
| Clock Summary
| -------------
------------------------------------------------------------------------------------------------

Clock  Waveform(ns)       Period(ns)      Frequency(MHz)
-----  ------------       ----------      --------------
clk    {0.000 5.000}      10.000          100.000


------------------------------------------------------------------------------------------------
| Intra Clock Table
| -----------------
------------------------------------------------------------------------------------------------

Clock             WNS(ns)      TNS(ns)  TNS Failing Endpoints  TNS Total Endpoints     WPWS(ns)     TPWS(ns)  TPWS Failing Endpoints  TPWS Total Endpoints
-----             -------      -------  ---------------------  -------------------     --------     --------  ----------------------  --------------------
clk                 3.233        0.000                      0                 1799        4.500        0.000                       0                   555


------------------------------------------------------------------------------------------------
| Inter Clock Table
| -----------------
------------------------------------------------------------------------------------------------

From Clock    To Clock          WNS(ns)      TNS(ns)  TNS Failing Endpoints  TNS Total Endpoints
----------    --------          -------      -------  ---------------------  -------------------


------------------------------------------------------------------------------------------------
| Other Path Groups Table
| -----------------------
------------------------------------------------------------------------------------------------

Path Group    From Clock    To Clock          WNS(ns)      TNS(ns)  TNS Failing Endpoints  TNS Total Endpoints
----------    ----------    --------          -------      -------  ---------------------  -------------------


------------------------------------------------------------------------------------------------
| Timing Details
| --------------
------------------------------------------------------------------------------------------------


---------------------------------------------------------------------------------------------------
From Clock:  clk
  To Clock:  clk

Setup :            0  Failing Endpoints,  Worst Slack        3.233ns,  Total Violation        0.000ns
Hold  :           NA  Failing Endpoints,  Worst Slack           NA  ,  Total Violation           NA
PW    :            0  Failing Endpoints,  Worst Slack        4.500ns,  Total Violation        0.000ns
---------------------------------------------------------------------------------------------------


Max Delay Paths
--------------------------------------------------------------------------------------
Slack (MET) :             3.233ns  (required time - arrival time)
  Source:                 sum4_i_reg[13]/C
                            (rising edge-triggered cell FDRE clocked by clk  {rise@0.000ns fall@5.000ns period=10.000ns})
  Destination:            rounded_i_reg[11]/S
                            (rising edge-triggered cell FDSE clocked by clk  {rise@0.000ns fall@5.000ns period=10.000ns})
  Path Group:             clk
  Path Type:              Setup (Max at Slow Process Corner)
  Requirement:            10.000ns  (clk rise@10.000ns - clk rise@0.000ns)
  Data Path Delay:        6.062ns  (logic 2.852ns (47.050%)  route 3.210ns (52.950%))
  Logic Levels:           12  (CARRY4=10 LUT2=1 LUT3=1)
  Clock Path Skew:        -0.247ns (DCD - SCD + CPR)
    Destination Clock Delay (DCD):    1.236ns = ( 11.236 - 10.000 )
    Source Clock Delay      (SCD):    1.483ns
    Clock Pessimism Removal (CPR):    0.000ns
  Clock Uncertainty:      0.035ns  ((TSJ^2 + TIJ^2)^1/2 + DJ) / 2 + PE
    Total System Jitter     (TSJ):    0.071ns
    Total Input Jitter      (TIJ):    0.000ns
    Discrete Jitter          (DJ):    0.000ns
    Phase Error              (PE):    0.000ns

    Location             Delay type                Incr(ns)  Path(ns)    Netlist Resource(s)
  -------------------------------------------------------------------    -------------------
                         (clock clk rise edge)        0.000     0.000 r
                                                      0.000     0.000 r  clk (IN)
                         net (fo=554, unset)          1.483     1.483    clk
    SLICE_X18Y42         FDRE                                         r  sum4_i_reg[13]/C
  -------------------------------------------------------------------    -------------------
    SLICE_X18Y42         FDRE (Prop_fdre_C_Q)         0.433     1.916 r  sum4_i_reg[13]/Q
                         net (fo=1, routed)           0.724     2.640    sum4_i_reg_n_0_[13]
    SLICE_X28Y43         CARRY4 (Prop_carry4_S[0]_CO[3])
                                                      0.545     3.185 r  rounded_i_reg[1]_i_2/CO[3]
                         net (fo=1, routed)           0.000     3.185    rounded_i_reg[1]_i_2_n_0
    SLICE_X28Y44         CARRY4 (Prop_carry4_CI_CO[3])
                                                      0.098     3.283 r  rounded_i_reg[5]_i_2/CO[3]
                         net (fo=1, routed)           0.000     3.283    rounded_i_reg[5]_i_2_n_0
    SLICE_X28Y45         CARRY4 (Prop_carry4_CI_CO[3])
                                                      0.098     3.381 r  rounded_i_reg[9]_i_2/CO[3]
                         net (fo=1, routed)           0.000     3.381    rounded_i_reg[9]_i_2_n_0
    SLICE_X28Y46         CARRY4 (Prop_carry4_CI_CO[3])
                                                      0.098     3.479 r  rounded_i_reg[13]_i_2/CO[3]
                         net (fo=1, routed)           0.000     3.479    rounded_i_reg[13]_i_2_n_0
    SLICE_X28Y47         CARRY4 (Prop_carry4_CI_CO[3])
                                                      0.098     3.577 r  rounded_i_reg[15]_i_5/CO[3]
                         net (fo=1, routed)           0.000     3.577    rounded_i_reg[15]_i_5_n_0
    SLICE_X28Y48         CARRY4 (Prop_carry4_CI_O[0])
                                                      0.180     3.757 f  rounded_i_reg[15]_i_21/O[0]
                         net (fo=4, routed)           0.677     4.433    rounded_i_reg[15]_i_21_n_7
    SLICE_X31Y48         LUT2 (Prop_lut2_I0_O)        0.249     4.682 r  rounded_i[15]_i_38/O
                         net (fo=1, routed)           0.000     4.682    rounded_i[15]_i_38_n_0
    SLICE_X31Y48         CARRY4 (Prop_carry4_S[2]_CO[3])
                                                      0.332     5.014 r  rounded_i_reg[15]_i_22/CO[3]
                         net (fo=1, routed)           0.000     5.014    rounded_i_reg[15]_i_22_n_0
    SLICE_X31Y49         CARRY4 (Prop_carry4_CI_CO[3])
                                                      0.098     5.112 r  rounded_i_reg[15]_i_11/CO[3]
                         net (fo=1, routed)           0.001     5.113    rounded_i_reg[15]_i_11_n_0
    SLICE_X31Y50         CARRY4 (Prop_carry4_CI_CO[3])
                                                      0.098     5.211 r  rounded_i_reg[15]_i_7/CO[3]
                         net (fo=1, routed)           0.000     5.211    rounded_i_reg[15]_i_7_n_0
    SLICE_X31Y51         CARRY4 (Prop_carry4_CI_CO[0])
                                                      0.216     5.427 r  rounded_i_reg[15]_i_4/CO[0]
                         net (fo=1, routed)           0.623     6.050    rounded_i_reg[15]_i_4_n_3
    SLICE_X31Y58         LUT3 (Prop_lut3_I0_O)        0.309     6.359 r  rounded_i[15]_i_1/O
                         net (fo=16, routed)          1.186     7.545    rounded_i[15]_i_1_n_0
    SLICE_X32Y57         FDSE                                         r  rounded_i_reg[11]/S
  -------------------------------------------------------------------    -------------------

                         (clock clk rise edge)       10.000    10.000 r
                                                      0.000    10.000 r  clk (IN)
                         net (fo=554, unset)          1.236    11.236    clk
    SLICE_X32Y57         FDSE                                         r  rounded_i_reg[11]/C
                         clock pessimism              0.000    11.236
                         clock uncertainty           -0.035    11.201
    SLICE_X32Y57         FDSE (Setup_fdse_C_S)       -0.423    10.778    rounded_i_reg[11]
  -------------------------------------------------------------------
                         required time                         10.778
                         arrival time                          -7.545
  -------------------------------------------------------------------
                         slack                                  3.233

Slack (MET) :             3.233ns  (required time - arrival time)
  Source:                 sum4_i_reg[13]/C
                            (rising edge-triggered cell FDRE clocked by clk  {rise@0.000ns fall@5.000ns period=10.000ns})
  Destination:            rounded_i_reg[12]/S
                            (rising edge-triggered cell FDSE clocked by clk  {rise@0.000ns fall@5.000ns period=10.000ns})
  Path Group:             clk
  Path Type:              Setup (Max at Slow Process Corner)
  Requirement:            10.000ns  (clk rise@10.000ns - clk rise@0.000ns)
  Data Path Delay:        6.062ns  (logic 2.852ns (47.050%)  route 3.210ns (52.950%))
  Logic Levels:           12  (CARRY4=10 LUT2=1 LUT3=1)
  Clock Path Skew:        -0.247ns (DCD - SCD + CPR)
    Destination Clock Delay (DCD):    1.236ns = ( 11.236 - 10.000 )
    Source Clock Delay      (SCD):    1.483ns
    Clock Pessimism Removal (CPR):    0.000ns
  Clock Uncertainty:      0.035ns  ((TSJ^2 + TIJ^2)^1/2 + DJ) / 2 + PE
    Total System Jitter     (TSJ):    0.071ns
    Total Input Jitter      (TIJ):    0.000ns
    Discrete Jitter          (DJ):    0.000ns
    Phase Error              (PE):    0.000ns

    Location             Delay type                Incr(ns)  Path(ns)    Netlist Resource(s)
  -------------------------------------------------------------------    -------------------
                         (clock clk rise edge)        0.000     0.000 r
                                                      0.000     0.000 r  clk (IN)
                         net (fo=554, unset)          1.483     1.483    clk
    SLICE_X18Y42         FDRE                                         r  sum4_i_reg[13]/C
  -------------------------------------------------------------------    -------------------
    SLICE_X18Y42         FDRE (Prop_fdre_C_Q)         0.433     1.916 r  sum4_i_reg[13]/Q
                         net (fo=1, routed)           0.724     2.640    sum4_i_reg_n_0_[13]
    SLICE_X28Y43         CARRY4 (Prop_carry4_S[0]_CO[3])
                                                      0.545     3.185 r  rounded_i_reg[1]_i_2/CO[3]
                         net (fo=1, routed)           0.000     3.185    rounded_i_reg[1]_i_2_n_0
    SLICE_X28Y44         CARRY4 (Prop_carry4_CI_CO[3])
                                                      0.098     3.283 r  rounded_i_reg[5]_i_2/CO[3]
                         net (fo=1, routed)           0.000     3.283    rounded_i_reg[5]_i_2_n_0
    SLICE_X28Y45         CARRY4 (Prop_carry4_CI_CO[3])
                                                      0.098     3.381 r  rounded_i_reg[9]_i_2/CO[3]
                         net (fo=1, routed)           0.000     3.381    rounded_i_reg[9]_i_2_n_0
    SLICE_X28Y46         CARRY4 (Prop_carry4_CI_CO[3])
                                                      0.098     3.479 r  rounded_i_reg[13]_i_2/CO[3]
                         net (fo=1, routed)           0.000     3.479    rounded_i_reg[13]_i_2_n_0
    SLICE_X28Y47         CARRY4 (Prop_carry4_CI_CO[3])
                                                      0.098     3.577 r  rounded_i_reg[15]_i_5/CO[3]
                         net (fo=1, routed)           0.000     3.577    rounded_i_reg[15]_i_5_n_0
    SLICE_X28Y48         CARRY4 (Prop_carry4_CI_O[0])
                                                      0.180     3.757 f  rounded_i_reg[15]_i_21/O[0]
                         net (fo=4, routed)           0.677     4.433    rounded_i_reg[15]_i_21_n_7
    SLICE_X31Y48         LUT2 (Prop_lut2_I0_O)        0.249     4.682 r  rounded_i[15]_i_38/O
                         net (fo=1, routed)           0.000     4.682    rounded_i[15]_i_38_n_0
    SLICE_X31Y48         CARRY4 (Prop_carry4_S[2]_CO[3])
                                                      0.332     5.014 r  rounded_i_reg[15]_i_22/CO[3]
                         net (fo=1, routed)           0.000     5.014    rounded_i_reg[15]_i_22_n_0
    SLICE_X31Y49         CARRY4 (Prop_carry4_CI_CO[3])
                                                      0.098     5.112 r  rounded_i_reg[15]_i_11/CO[3]
                         net (fo=1, routed)           0.001     5.113    rounded_i_reg[15]_i_11_n_0
    SLICE_X31Y50         CARRY4 (Prop_carry4_CI_CO[3])
                                                      0.098     5.211 r  rounded_i_reg[15]_i_7/CO[3]
                         net (fo=1, routed)           0.000     5.211    rounded_i_reg[15]_i_7_n_0
    SLICE_X31Y51         CARRY4 (Prop_carry4_CI_CO[0])
                                                      0.216     5.427 r  rounded_i_reg[15]_i_4/CO[0]
                         net (fo=1, routed)           0.623     6.050    rounded_i_reg[15]_i_4_n_3
    SLICE_X31Y58         LUT3 (Prop_lut3_I0_O)        0.309     6.359 r  rounded_i[15]_i_1/O
                         net (fo=16, routed)          1.186     7.545    rounded_i[15]_i_1_n_0
    SLICE_X32Y57         FDSE                                         r  rounded_i_reg[12]/S
  -------------------------------------------------------------------    -------------------

                         (clock clk rise edge)       10.000    10.000 r
                                                      0.000    10.000 r  clk (IN)
                         net (fo=554, unset)          1.236    11.236    clk
    SLICE_X32Y57         FDSE                                         r  rounded_i_reg[12]/C
                         clock pessimism              0.000    11.236
                         clock uncertainty           -0.035    11.201
    SLICE_X32Y57         FDSE (Setup_fdse_C_S)       -0.423    10.778    rounded_i_reg[12]
  -------------------------------------------------------------------
                         required time                         10.778
                         arrival time                          -7.545
  -------------------------------------------------------------------
                         slack                                  3.233

Slack (MET) :             3.233ns  (required time - arrival time)
  Source:                 sum4_i_reg[13]/C
                            (rising edge-triggered cell FDRE clocked by clk  {rise@0.000ns fall@5.000ns period=10.000ns})
  Destination:            rounded_i_reg[3]/S
                            (rising edge-triggered cell FDSE clocked by clk  {rise@0.000ns fall@5.000ns period=10.000ns})
  Path Group:             clk
  Path Type:              Setup (Max at Slow Process Corner)
  Requirement:            10.000ns  (clk rise@10.000ns - clk rise@0.000ns)
  Data Path Delay:        6.062ns  (logic 2.852ns (47.050%)  route 3.210ns (52.950%))
  Logic Levels:           12  (CARRY4=10 LUT2=1 LUT3=1)
  Clock Path Skew:        -0.247ns (DCD - SCD + CPR)
    Destination Clock Delay (DCD):    1.236ns = ( 11.236 - 10.000 )
    Source Clock Delay      (SCD):    1.483ns
    Clock Pessimism Removal (CPR):    0.000ns
  Clock Uncertainty:      0.035ns  ((TSJ^2 + TIJ^2)^1/2 + DJ) / 2 + PE
    Total System Jitter     (TSJ):    0.071ns
    Total Input Jitter      (TIJ):    0.000ns
    Discrete Jitter          (DJ):    0.000ns
    Phase Error              (PE):    0.000ns

    Location             Delay type                Incr(ns)  Path(ns)    Netlist Resource(s)
  -------------------------------------------------------------------    -------------------
                         (clock clk rise edge)        0.000     0.000 r
                                                      0.000     0.000 r  clk (IN)
                         net (fo=554, unset)          1.483     1.483    clk
    SLICE_X18Y42         FDRE                                         r  sum4_i_reg[13]/C
  -------------------------------------------------------------------    -------------------
    SLICE_X18Y42         FDRE (Prop_fdre_C_Q)         0.433     1.916 r  sum4_i_reg[13]/Q
                         net (fo=1, routed)           0.724     2.640    sum4_i_reg_n_0_[13]
    SLICE_X28Y43         CARRY4 (Prop_carry4_S[0]_CO[3])
                                                      0.545     3.185 r  rounded_i_reg[1]_i_2/CO[3]
                         net (fo=1, routed)           0.000     3.185    rounded_i_reg[1]_i_2_n_0
    SLICE_X28Y44         CARRY4 (Prop_carry4_CI_CO[3])
                                                      0.098     3.283 r  rounded_i_reg[5]_i_2/CO[3]
                         net (fo=1, routed)           0.000     3.283    rounded_i_reg[5]_i_2_n_0
    SLICE_X28Y45         CARRY4 (Prop_carry4_CI_CO[3])
                                                      0.098     3.381 r  rounded_i_reg[9]_i_2/CO[3]
                         net (fo=1, routed)           0.000     3.381    rounded_i_reg[9]_i_2_n_0
    SLICE_X28Y46         CARRY4 (Prop_carry4_CI_CO[3])
                                                      0.098     3.479 r  rounded_i_reg[13]_i_2/CO[3]
                         net (fo=1, routed)           0.000     3.479    rounded_i_reg[13]_i_2_n_0
    SLICE_X28Y47         CARRY4 (Prop_carry4_CI_CO[3])
                                                      0.098     3.577 r  rounded_i_reg[15]_i_5/CO[3]
                         net (fo=1, routed)           0.000     3.577    rounded_i_reg[15]_i_5_n_0
    SLICE_X28Y48         CARRY4 (Prop_carry4_CI_O[0])
                                                      0.180     3.757 f  rounded_i_reg[15]_i_21/O[0]
                         net (fo=4, routed)           0.677     4.433    rounded_i_reg[15]_i_21_n_7
    SLICE_X31Y48         LUT2 (Prop_lut2_I0_O)        0.249     4.682 r  rounded_i[15]_i_38/O
                         net (fo=1, routed)           0.000     4.682    rounded_i[15]_i_38_n_0
    SLICE_X31Y48         CARRY4 (Prop_carry4_S[2]_CO[3])
                                                      0.332     5.014 r  rounded_i_reg[15]_i_22/CO[3]
                         net (fo=1, routed)           0.000     5.014    rounded_i_reg[15]_i_22_n_0
    SLICE_X31Y49         CARRY4 (Prop_carry4_CI_CO[3])
                                                      0.098     5.112 r  rounded_i_reg[15]_i_11/CO[3]
                         net (fo=1, routed)           0.001     5.113    rounded_i_reg[15]_i_11_n_0
    SLICE_X31Y50         CARRY4 (Prop_carry4_CI_CO[3])
                                                      0.098     5.211 r  rounded_i_reg[15]_i_7/CO[3]
                         net (fo=1, routed)           0.000     5.211    rounded_i_reg[15]_i_7_n_0
    SLICE_X31Y51         CARRY4 (Prop_carry4_CI_CO[0])
                                                      0.216     5.427 r  rounded_i_reg[15]_i_4/CO[0]
                         net (fo=1, routed)           0.623     6.050    rounded_i_reg[15]_i_4_n_3
    SLICE_X31Y58         LUT3 (Prop_lut3_I0_O)        0.309     6.359 r  rounded_i[15]_i_1/O
                         net (fo=16, routed)          1.186     7.545    rounded_i[15]_i_1_n_0
    SLICE_X32Y57         FDSE                                         r  rounded_i_reg[3]/S
  -------------------------------------------------------------------    -------------------

                         (clock clk rise edge)       10.000    10.000 r
                                                      0.000    10.000 r  clk (IN)
                         net (fo=554, unset)          1.236    11.236    clk
    SLICE_X32Y57         FDSE                                         r  rounded_i_reg[3]/C
                         clock pessimism              0.000    11.236
                         clock uncertainty           -0.035    11.201
    SLICE_X32Y57         FDSE (Setup_fdse_C_S)       -0.423    10.778    rounded_i_reg[3]
  -------------------------------------------------------------------
                         required time                         10.778
                         arrival time                          -7.545
  -------------------------------------------------------------------
                         slack                                  3.233

Slack (MET) :             3.233ns  (required time - arrival time)
  Source:                 sum4_i_reg[13]/C
                            (rising edge-triggered cell FDRE clocked by clk  {rise@0.000ns fall@5.000ns period=10.000ns})
  Destination:            rounded_i_reg[4]/S
                            (rising edge-triggered cell FDSE clocked by clk  {rise@0.000ns fall@5.000ns period=10.000ns})
  Path Group:             clk
  Path Type:              Setup (Max at Slow Process Corner)
  Requirement:            10.000ns  (clk rise@10.000ns - clk rise@0.000ns)
  Data Path Delay:        6.062ns  (logic 2.852ns (47.050%)  route 3.210ns (52.950%))
  Logic Levels:           12  (CARRY4=10 LUT2=1 LUT3=1)
  Clock Path Skew:        -0.247ns (DCD - SCD + CPR)
    Destination Clock Delay (DCD):    1.236ns = ( 11.236 - 10.000 )
    Source Clock Delay      (SCD):    1.483ns
    Clock Pessimism Removal (CPR):    0.000ns
  Clock Uncertainty:      0.035ns  ((TSJ^2 + TIJ^2)^1/2 + DJ) / 2 + PE
    Total System Jitter     (TSJ):    0.071ns
    Total Input Jitter      (TIJ):    0.000ns
    Discrete Jitter          (DJ):    0.000ns
    Phase Error              (PE):    0.000ns

    Location             Delay type                Incr(ns)  Path(ns)    Netlist Resource(s)
  -------------------------------------------------------------------    -------------------
                         (clock clk rise edge)        0.000     0.000 r
                                                      0.000     0.000 r  clk (IN)
                         net (fo=554, unset)          1.483     1.483    clk
    SLICE_X18Y42         FDRE                                         r  sum4_i_reg[13]/C
  -------------------------------------------------------------------    -------------------
    SLICE_X18Y42         FDRE (Prop_fdre_C_Q)         0.433     1.916 r  sum4_i_reg[13]/Q
                         net (fo=1, routed)           0.724     2.640    sum4_i_reg_n_0_[13]
    SLICE_X28Y43         CARRY4 (Prop_carry4_S[0]_CO[3])
                                                      0.545     3.185 r  rounded_i_reg[1]_i_2/CO[3]
                         net (fo=1, routed)           0.000     3.185    rounded_i_reg[1]_i_2_n_0
    SLICE_X28Y44         CARRY4 (Prop_carry4_CI_CO[3])
                                                      0.098     3.283 r  rounded_i_reg[5]_i_2/CO[3]
                         net (fo=1, routed)           0.000     3.283    rounded_i_reg[5]_i_2_n_0
    SLICE_X28Y45         CARRY4 (Prop_carry4_CI_CO[3])
                                                      0.098     3.381 r  rounded_i_reg[9]_i_2/CO[3]
                         net (fo=1, routed)           0.000     3.381    rounded_i_reg[9]_i_2_n_0
    SLICE_X28Y46         CARRY4 (Prop_carry4_CI_CO[3])
                                                      0.098     3.479 r  rounded_i_reg[13]_i_2/CO[3]
                         net (fo=1, routed)           0.000     3.479    rounded_i_reg[13]_i_2_n_0
    SLICE_X28Y47         CARRY4 (Prop_carry4_CI_CO[3])
                                                      0.098     3.577 r  rounded_i_reg[15]_i_5/CO[3]
                         net (fo=1, routed)           0.000     3.577    rounded_i_reg[15]_i_5_n_0
    SLICE_X28Y48         CARRY4 (Prop_carry4_CI_O[0])
                                                      0.180     3.757 f  rounded_i_reg[15]_i_21/O[0]
                         net (fo=4, routed)           0.677     4.433    rounded_i_reg[15]_i_21_n_7
    SLICE_X31Y48         LUT2 (Prop_lut2_I0_O)        0.249     4.682 r  rounded_i[15]_i_38/O
                         net (fo=1, routed)           0.000     4.682    rounded_i[15]_i_38_n_0
    SLICE_X31Y48         CARRY4 (Prop_carry4_S[2]_CO[3])
                                                      0.332     5.014 r  rounded_i_reg[15]_i_22/CO[3]
                         net (fo=1, routed)           0.000     5.014    rounded_i_reg[15]_i_22_n_0
    SLICE_X31Y49         CARRY4 (Prop_carry4_CI_CO[3])
                                                      0.098     5.112 r  rounded_i_reg[15]_i_11/CO[3]
                         net (fo=1, routed)           0.001     5.113    rounded_i_reg[15]_i_11_n_0
    SLICE_X31Y50         CARRY4 (Prop_carry4_CI_CO[3])
                                                      0.098     5.211 r  rounded_i_reg[15]_i_7/CO[3]
                         net (fo=1, routed)           0.000     5.211    rounded_i_reg[15]_i_7_n_0
    SLICE_X31Y51         CARRY4 (Prop_carry4_CI_CO[0])
                                                      0.216     5.427 r  rounded_i_reg[15]_i_4/CO[0]
                         net (fo=1, routed)           0.623     6.050    rounded_i_reg[15]_i_4_n_3
    SLICE_X31Y58         LUT3 (Prop_lut3_I0_O)        0.309     6.359 r  rounded_i[15]_i_1/O
                         net (fo=16, routed)          1.186     7.545    rounded_i[15]_i_1_n_0
    SLICE_X32Y57         FDSE                                         r  rounded_i_reg[4]/S
  -------------------------------------------------------------------    -------------------

                         (clock clk rise edge)       10.000    10.000 r
                                                      0.000    10.000 r  clk (IN)
                         net (fo=554, unset)          1.236    11.236    clk
    SLICE_X32Y57         FDSE                                         r  rounded_i_reg[4]/C
                         clock pessimism              0.000    11.236
                         clock uncertainty           -0.035    11.201
    SLICE_X32Y57         FDSE (Setup_fdse_C_S)       -0.423    10.778    rounded_i_reg[4]
  -------------------------------------------------------------------
                         required time                         10.778
                         arrival time                          -7.545
  -------------------------------------------------------------------
                         slack                                  3.233

Slack (MET) :             3.233ns  (required time - arrival time)
  Source:                 sum4_i_reg[13]/C
                            (rising edge-triggered cell FDRE clocked by clk  {rise@0.000ns fall@5.000ns period=10.000ns})
  Destination:            rounded_i_reg[5]/S
                            (rising edge-triggered cell FDSE clocked by clk  {rise@0.000ns fall@5.000ns period=10.000ns})
  Path Group:             clk
  Path Type:              Setup (Max at Slow Process Corner)
  Requirement:            10.000ns  (clk rise@10.000ns - clk rise@0.000ns)
  Data Path Delay:        6.062ns  (logic 2.852ns (47.050%)  route 3.210ns (52.950%))
  Logic Levels:           12  (CARRY4=10 LUT2=1 LUT3=1)
  Clock Path Skew:        -0.247ns (DCD - SCD + CPR)
    Destination Clock Delay (DCD):    1.236ns = ( 11.236 - 10.000 )
    Source Clock Delay      (SCD):    1.483ns
    Clock Pessimism Removal (CPR):    0.000ns
  Clock Uncertainty:      0.035ns  ((TSJ^2 + TIJ^2)^1/2 + DJ) / 2 + PE
    Total System Jitter     (TSJ):    0.071ns
    Total Input Jitter      (TIJ):    0.000ns
    Discrete Jitter          (DJ):    0.000ns
    Phase Error              (PE):    0.000ns

    Location             Delay type                Incr(ns)  Path(ns)    Netlist Resource(s)
  -------------------------------------------------------------------    -------------------
                         (clock clk rise edge)        0.000     0.000 r
                                                      0.000     0.000 r  clk (IN)
                         net (fo=554, unset)          1.483     1.483    clk
    SLICE_X18Y42         FDRE                                         r  sum4_i_reg[13]/C
  -------------------------------------------------------------------    -------------------
    SLICE_X18Y42         FDRE (Prop_fdre_C_Q)         0.433     1.916 r  sum4_i_reg[13]/Q
                         net (fo=1, routed)           0.724     2.640    sum4_i_reg_n_0_[13]
    SLICE_X28Y43         CARRY4 (Prop_carry4_S[0]_CO[3])
                                                      0.545     3.185 r  rounded_i_reg[1]_i_2/CO[3]
                         net (fo=1, routed)           0.000     3.185    rounded_i_reg[1]_i_2_n_0
    SLICE_X28Y44         CARRY4 (Prop_carry4_CI_CO[3])
                                                      0.098     3.283 r  rounded_i_reg[5]_i_2/CO[3]
                         net (fo=1, routed)           0.000     3.283    rounded_i_reg[5]_i_2_n_0
    SLICE_X28Y45         CARRY4 (Prop_carry4_CI_CO[3])
                                                      0.098     3.381 r  rounded_i_reg[9]_i_2/CO[3]
                         net (fo=1, routed)           0.000     3.381    rounded_i_reg[9]_i_2_n_0
    SLICE_X28Y46         CARRY4 (Prop_carry4_CI_CO[3])
                                                      0.098     3.479 r  rounded_i_reg[13]_i_2/CO[3]
                         net (fo=1, routed)           0.000     3.479    rounded_i_reg[13]_i_2_n_0
    SLICE_X28Y47         CARRY4 (Prop_carry4_CI_CO[3])
                                                      0.098     3.577 r  rounded_i_reg[15]_i_5/CO[3]
                         net (fo=1, routed)           0.000     3.577    rounded_i_reg[15]_i_5_n_0
    SLICE_X28Y48         CARRY4 (Prop_carry4_CI_O[0])
                                                      0.180     3.757 f  rounded_i_reg[15]_i_21/O[0]
                         net (fo=4, routed)           0.677     4.433    rounded_i_reg[15]_i_21_n_7
    SLICE_X31Y48         LUT2 (Prop_lut2_I0_O)        0.249     4.682 r  rounded_i[15]_i_38/O
                         net (fo=1, routed)           0.000     4.682    rounded_i[15]_i_38_n_0
    SLICE_X31Y48         CARRY4 (Prop_carry4_S[2]_CO[3])
                                                      0.332     5.014 r  rounded_i_reg[15]_i_22/CO[3]
                         net (fo=1, routed)           0.000     5.014    rounded_i_reg[15]_i_22_n_0
    SLICE_X31Y49         CARRY4 (Prop_carry4_CI_CO[3])
                                                      0.098     5.112 r  rounded_i_reg[15]_i_11/CO[3]
                         net (fo=1, routed)           0.001     5.113    rounded_i_reg[15]_i_11_n_0
    SLICE_X31Y50         CARRY4 (Prop_carry4_CI_CO[3])
                                                      0.098     5.211 r  rounded_i_reg[15]_i_7/CO[3]
                         net (fo=1, routed)           0.000     5.211    rounded_i_reg[15]_i_7_n_0
    SLICE_X31Y51         CARRY4 (Prop_carry4_CI_CO[0])
                                                      0.216     5.427 r  rounded_i_reg[15]_i_4/CO[0]
                         net (fo=1, routed)           0.623     6.050    rounded_i_reg[15]_i_4_n_3
    SLICE_X31Y58         LUT3 (Prop_lut3_I0_O)        0.309     6.359 r  rounded_i[15]_i_1/O
                         net (fo=16, routed)          1.186     7.545    rounded_i[15]_i_1_n_0
    SLICE_X32Y57         FDSE                                         r  rounded_i_reg[5]/S
  -------------------------------------------------------------------    -------------------

                         (clock clk rise edge)       10.000    10.000 r
                                                      0.000    10.000 r  clk (IN)
                         net (fo=554, unset)          1.236    11.236    clk
    SLICE_X32Y57         FDSE                                         r  rounded_i_reg[5]/C
                         clock pessimism              0.000    11.236
                         clock uncertainty           -0.035    11.201
    SLICE_X32Y57         FDSE (Setup_fdse_C_S)       -0.423    10.778    rounded_i_reg[5]
  -------------------------------------------------------------------
                         required time                         10.778
                         arrival time                          -7.545
  -------------------------------------------------------------------
                         slack                                  3.233

Slack (MET) :             3.233ns  (required time - arrival time)
  Source:                 sum4_i_reg[13]/C
                            (rising edge-triggered cell FDRE clocked by clk  {rise@0.000ns fall@5.000ns period=10.000ns})
  Destination:            rounded_i_reg[6]/S
                            (rising edge-triggered cell FDSE clocked by clk  {rise@0.000ns fall@5.000ns period=10.000ns})
  Path Group:             clk
  Path Type:              Setup (Max at Slow Process Corner)
  Requirement:            10.000ns  (clk rise@10.000ns - clk rise@0.000ns)
  Data Path Delay:        6.062ns  (logic 2.852ns (47.050%)  route 3.210ns (52.950%))
  Logic Levels:           12  (CARRY4=10 LUT2=1 LUT3=1)
  Clock Path Skew:        -0.247ns (DCD - SCD + CPR)
    Destination Clock Delay (DCD):    1.236ns = ( 11.236 - 10.000 )
    Source Clock Delay      (SCD):    1.483ns
    Clock Pessimism Removal (CPR):    0.000ns
  Clock Uncertainty:      0.035ns  ((TSJ^2 + TIJ^2)^1/2 + DJ) / 2 + PE
    Total System Jitter     (TSJ):    0.071ns
    Total Input Jitter      (TIJ):    0.000ns
    Discrete Jitter          (DJ):    0.000ns
    Phase Error              (PE):    0.000ns

    Location             Delay type                Incr(ns)  Path(ns)    Netlist Resource(s)
  -------------------------------------------------------------------    -------------------
                         (clock clk rise edge)        0.000     0.000 r
                                                      0.000     0.000 r  clk (IN)
                         net (fo=554, unset)          1.483     1.483    clk
    SLICE_X18Y42         FDRE                                         r  sum4_i_reg[13]/C
  -------------------------------------------------------------------    -------------------
    SLICE_X18Y42         FDRE (Prop_fdre_C_Q)         0.433     1.916 r  sum4_i_reg[13]/Q
                         net (fo=1, routed)           0.724     2.640    sum4_i_reg_n_0_[13]
    SLICE_X28Y43         CARRY4 (Prop_carry4_S[0]_CO[3])
                                                      0.545     3.185 r  rounded_i_reg[1]_i_2/CO[3]
                         net (fo=1, routed)           0.000     3.185    rounded_i_reg[1]_i_2_n_0
    SLICE_X28Y44         CARRY4 (Prop_carry4_CI_CO[3])
                                                      0.098     3.283 r  rounded_i_reg[5]_i_2/CO[3]
                         net (fo=1, routed)           0.000     3.283    rounded_i_reg[5]_i_2_n_0
    SLICE_X28Y45         CARRY4 (Prop_carry4_CI_CO[3])
                                                      0.098     3.381 r  rounded_i_reg[9]_i_2/CO[3]
                         net (fo=1, routed)           0.000     3.381    rounded_i_reg[9]_i_2_n_0
    SLICE_X28Y46         CARRY4 (Prop_carry4_CI_CO[3])
                                                      0.098     3.479 r  rounded_i_reg[13]_i_2/CO[3]
                         net (fo=1, routed)           0.000     3.479    rounded_i_reg[13]_i_2_n_0
    SLICE_X28Y47         CARRY4 (Prop_carry4_CI_CO[3])
                                                      0.098     3.577 r  rounded_i_reg[15]_i_5/CO[3]
                         net (fo=1, routed)           0.000     3.577    rounded_i_reg[15]_i_5_n_0
    SLICE_X28Y48         CARRY4 (Prop_carry4_CI_O[0])
                                                      0.180     3.757 f  rounded_i_reg[15]_i_21/O[0]
                         net (fo=4, routed)           0.677     4.433    rounded_i_reg[15]_i_21_n_7
    SLICE_X31Y48         LUT2 (Prop_lut2_I0_O)        0.249     4.682 r  rounded_i[15]_i_38/O
                         net (fo=1, routed)           0.000     4.682    rounded_i[15]_i_38_n_0
    SLICE_X31Y48         CARRY4 (Prop_carry4_S[2]_CO[3])
                                                      0.332     5.014 r  rounded_i_reg[15]_i_22/CO[3]
                         net (fo=1, routed)           0.000     5.014    rounded_i_reg[15]_i_22_n_0
    SLICE_X31Y49         CARRY4 (Prop_carry4_CI_CO[3])
                                                      0.098     5.112 r  rounded_i_reg[15]_i_11/CO[3]
                         net (fo=1, routed)           0.001     5.113    rounded_i_reg[15]_i_11_n_0
    SLICE_X31Y50         CARRY4 (Prop_carry4_CI_CO[3])
                                                      0.098     5.211 r  rounded_i_reg[15]_i_7/CO[3]
                         net (fo=1, routed)           0.000     5.211    rounded_i_reg[15]_i_7_n_0
    SLICE_X31Y51         CARRY4 (Prop_carry4_CI_CO[0])
                                                      0.216     5.427 r  rounded_i_reg[15]_i_4/CO[0]
                         net (fo=1, routed)           0.623     6.050    rounded_i_reg[15]_i_4_n_3
    SLICE_X31Y58         LUT3 (Prop_lut3_I0_O)        0.309     6.359 r  rounded_i[15]_i_1/O
                         net (fo=16, routed)          1.186     7.545    rounded_i[15]_i_1_n_0
    SLICE_X32Y57         FDSE                                         r  rounded_i_reg[6]/S
  -------------------------------------------------------------------    -------------------

                         (clock clk rise edge)       10.000    10.000 r
                                                      0.000    10.000 r  clk (IN)
                         net (fo=554, unset)          1.236    11.236    clk
    SLICE_X32Y57         FDSE                                         r  rounded_i_reg[6]/C
                         clock pessimism              0.000    11.236
                         clock uncertainty           -0.035    11.201
    SLICE_X32Y57         FDSE (Setup_fdse_C_S)       -0.423    10.778    rounded_i_reg[6]
  -------------------------------------------------------------------
                         required time                         10.778
                         arrival time                          -7.545
  -------------------------------------------------------------------
                         slack                                  3.233

Slack (MET) :             3.233ns  (required time - arrival time)
  Source:                 sum4_i_reg[13]/C
                            (rising edge-triggered cell FDRE clocked by clk  {rise@0.000ns fall@5.000ns period=10.000ns})
  Destination:            rounded_i_reg[7]/S
                            (rising edge-triggered cell FDSE clocked by clk  {rise@0.000ns fall@5.000ns period=10.000ns})
  Path Group:             clk
  Path Type:              Setup (Max at Slow Process Corner)
  Requirement:            10.000ns  (clk rise@10.000ns - clk rise@0.000ns)
  Data Path Delay:        6.062ns  (logic 2.852ns (47.050%)  route 3.210ns (52.950%))
  Logic Levels:           12  (CARRY4=10 LUT2=1 LUT3=1)
  Clock Path Skew:        -0.247ns (DCD - SCD + CPR)
    Destination Clock Delay (DCD):    1.236ns = ( 11.236 - 10.000 )
    Source Clock Delay      (SCD):    1.483ns
    Clock Pessimism Removal (CPR):    0.000ns
  Clock Uncertainty:      0.035ns  ((TSJ^2 + TIJ^2)^1/2 + DJ) / 2 + PE
    Total System Jitter     (TSJ):    0.071ns
    Total Input Jitter      (TIJ):    0.000ns
    Discrete Jitter          (DJ):    0.000ns
    Phase Error              (PE):    0.000ns

    Location             Delay type                Incr(ns)  Path(ns)    Netlist Resource(s)
  -------------------------------------------------------------------    -------------------
                         (clock clk rise edge)        0.000     0.000 r
                                                      0.000     0.000 r  clk (IN)
                         net (fo=554, unset)          1.483     1.483    clk
    SLICE_X18Y42         FDRE                                         r  sum4_i_reg[13]/C
  -------------------------------------------------------------------    -------------------
    SLICE_X18Y42         FDRE (Prop_fdre_C_Q)         0.433     1.916 r  sum4_i_reg[13]/Q
                         net (fo=1, routed)           0.724     2.640    sum4_i_reg_n_0_[13]
    SLICE_X28Y43         CARRY4 (Prop_carry4_S[0]_CO[3])
                                                      0.545     3.185 r  rounded_i_reg[1]_i_2/CO[3]
                         net (fo=1, routed)           0.000     3.185    rounded_i_reg[1]_i_2_n_0
    SLICE_X28Y44         CARRY4 (Prop_carry4_CI_CO[3])
                                                      0.098     3.283 r  rounded_i_reg[5]_i_2/CO[3]
                         net (fo=1, routed)           0.000     3.283    rounded_i_reg[5]_i_2_n_0
    SLICE_X28Y45         CARRY4 (Prop_carry4_CI_CO[3])
                                                      0.098     3.381 r  rounded_i_reg[9]_i_2/CO[3]
                         net (fo=1, routed)           0.000     3.381    rounded_i_reg[9]_i_2_n_0
    SLICE_X28Y46         CARRY4 (Prop_carry4_CI_CO[3])
                                                      0.098     3.479 r  rounded_i_reg[13]_i_2/CO[3]
                         net (fo=1, routed)           0.000     3.479    rounded_i_reg[13]_i_2_n_0
    SLICE_X28Y47         CARRY4 (Prop_carry4_CI_CO[3])
                                                      0.098     3.577 r  rounded_i_reg[15]_i_5/CO[3]
                         net (fo=1, routed)           0.000     3.577    rounded_i_reg[15]_i_5_n_0
    SLICE_X28Y48         CARRY4 (Prop_carry4_CI_O[0])
                                                      0.180     3.757 f  rounded_i_reg[15]_i_21/O[0]
                         net (fo=4, routed)           0.677     4.433    rounded_i_reg[15]_i_21_n_7
    SLICE_X31Y48         LUT2 (Prop_lut2_I0_O)        0.249     4.682 r  rounded_i[15]_i_38/O
                         net (fo=1, routed)           0.000     4.682    rounded_i[15]_i_38_n_0
    SLICE_X31Y48         CARRY4 (Prop_carry4_S[2]_CO[3])
                                                      0.332     5.014 r  rounded_i_reg[15]_i_22/CO[3]
                         net (fo=1, routed)           0.000     5.014    rounded_i_reg[15]_i_22_n_0
    SLICE_X31Y49         CARRY4 (Prop_carry4_CI_CO[3])
                                                      0.098     5.112 r  rounded_i_reg[15]_i_11/CO[3]
                         net (fo=1, routed)           0.001     5.113    rounded_i_reg[15]_i_11_n_0
    SLICE_X31Y50         CARRY4 (Prop_carry4_CI_CO[3])
                                                      0.098     5.211 r  rounded_i_reg[15]_i_7/CO[3]
                         net (fo=1, routed)           0.000     5.211    rounded_i_reg[15]_i_7_n_0
    SLICE_X31Y51         CARRY4 (Prop_carry4_CI_CO[0])
                                                      0.216     5.427 r  rounded_i_reg[15]_i_4/CO[0]
                         net (fo=1, routed)           0.623     6.050    rounded_i_reg[15]_i_4_n_3
    SLICE_X31Y58         LUT3 (Prop_lut3_I0_O)        0.309     6.359 r  rounded_i[15]_i_1/O
                         net (fo=16, routed)          1.186     7.545    rounded_i[15]_i_1_n_0
    SLICE_X32Y57         FDSE                                         r  rounded_i_reg[7]/S
  -------------------------------------------------------------------    -------------------

                         (clock clk rise edge)       10.000    10.000 r
                                                      0.000    10.000 r  clk (IN)
                         net (fo=554, unset)          1.236    11.236    clk
    SLICE_X32Y57         FDSE                                         r  rounded_i_reg[7]/C
                         clock pessimism              0.000    11.236
                         clock uncertainty           -0.035    11.201
    SLICE_X32Y57         FDSE (Setup_fdse_C_S)       -0.423    10.778    rounded_i_reg[7]
  -------------------------------------------------------------------
                         required time                         10.778
                         arrival time                          -7.545
  -------------------------------------------------------------------
                         slack                                  3.233

Slack (MET) :             3.233ns  (required time - arrival time)
  Source:                 sum4_i_reg[13]/C
                            (rising edge-triggered cell FDRE clocked by clk  {rise@0.000ns fall@5.000ns period=10.000ns})
  Destination:            rounded_i_reg[8]/S
                            (rising edge-triggered cell FDSE clocked by clk  {rise@0.000ns fall@5.000ns period=10.000ns})
  Path Group:             clk
  Path Type:              Setup (Max at Slow Process Corner)
  Requirement:            10.000ns  (clk rise@10.000ns - clk rise@0.000ns)
  Data Path Delay:        6.062ns  (logic 2.852ns (47.050%)  route 3.210ns (52.950%))
  Logic Levels:           12  (CARRY4=10 LUT2=1 LUT3=1)
  Clock Path Skew:        -0.247ns (DCD - SCD + CPR)
    Destination Clock Delay (DCD):    1.236ns = ( 11.236 - 10.000 )
    Source Clock Delay      (SCD):    1.483ns
    Clock Pessimism Removal (CPR):    0.000ns
  Clock Uncertainty:      0.035ns  ((TSJ^2 + TIJ^2)^1/2 + DJ) / 2 + PE
    Total System Jitter     (TSJ):    0.071ns
    Total Input Jitter      (TIJ):    0.000ns
    Discrete Jitter          (DJ):    0.000ns
    Phase Error              (PE):    0.000ns

    Location             Delay type                Incr(ns)  Path(ns)    Netlist Resource(s)
  -------------------------------------------------------------------    -------------------
                         (clock clk rise edge)        0.000     0.000 r
                                                      0.000     0.000 r  clk (IN)
                         net (fo=554, unset)          1.483     1.483    clk
    SLICE_X18Y42         FDRE                                         r  sum4_i_reg[13]/C
  -------------------------------------------------------------------    -------------------
    SLICE_X18Y42         FDRE (Prop_fdre_C_Q)         0.433     1.916 r  sum4_i_reg[13]/Q
                         net (fo=1, routed)           0.724     2.640    sum4_i_reg_n_0_[13]
    SLICE_X28Y43         CARRY4 (Prop_carry4_S[0]_CO[3])
                                                      0.545     3.185 r  rounded_i_reg[1]_i_2/CO[3]
                         net (fo=1, routed)           0.000     3.185    rounded_i_reg[1]_i_2_n_0
    SLICE_X28Y44         CARRY4 (Prop_carry4_CI_CO[3])
                                                      0.098     3.283 r  rounded_i_reg[5]_i_2/CO[3]
                         net (fo=1, routed)           0.000     3.283    rounded_i_reg[5]_i_2_n_0
    SLICE_X28Y45         CARRY4 (Prop_carry4_CI_CO[3])
                                                      0.098     3.381 r  rounded_i_reg[9]_i_2/CO[3]
                         net (fo=1, routed)           0.000     3.381    rounded_i_reg[9]_i_2_n_0
    SLICE_X28Y46         CARRY4 (Prop_carry4_CI_CO[3])
                                                      0.098     3.479 r  rounded_i_reg[13]_i_2/CO[3]
                         net (fo=1, routed)           0.000     3.479    rounded_i_reg[13]_i_2_n_0
    SLICE_X28Y47         CARRY4 (Prop_carry4_CI_CO[3])
                                                      0.098     3.577 r  rounded_i_reg[15]_i_5/CO[3]
                         net (fo=1, routed)           0.000     3.577    rounded_i_reg[15]_i_5_n_0
    SLICE_X28Y48         CARRY4 (Prop_carry4_CI_O[0])
                                                      0.180     3.757 f  rounded_i_reg[15]_i_21/O[0]
                         net (fo=4, routed)           0.677     4.433    rounded_i_reg[15]_i_21_n_7
    SLICE_X31Y48         LUT2 (Prop_lut2_I0_O)        0.249     4.682 r  rounded_i[15]_i_38/O
                         net (fo=1, routed)           0.000     4.682    rounded_i[15]_i_38_n_0
    SLICE_X31Y48         CARRY4 (Prop_carry4_S[2]_CO[3])
                                                      0.332     5.014 r  rounded_i_reg[15]_i_22/CO[3]
                         net (fo=1, routed)           0.000     5.014    rounded_i_reg[15]_i_22_n_0
    SLICE_X31Y49         CARRY4 (Prop_carry4_CI_CO[3])
                                                      0.098     5.112 r  rounded_i_reg[15]_i_11/CO[3]
                         net (fo=1, routed)           0.001     5.113    rounded_i_reg[15]_i_11_n_0
    SLICE_X31Y50         CARRY4 (Prop_carry4_CI_CO[3])
                                                      0.098     5.211 r  rounded_i_reg[15]_i_7/CO[3]
                         net (fo=1, routed)           0.000     5.211    rounded_i_reg[15]_i_7_n_0
    SLICE_X31Y51         CARRY4 (Prop_carry4_CI_CO[0])
                                                      0.216     5.427 r  rounded_i_reg[15]_i_4/CO[0]
                         net (fo=1, routed)           0.623     6.050    rounded_i_reg[15]_i_4_n_3
    SLICE_X31Y58         LUT3 (Prop_lut3_I0_O)        0.309     6.359 r  rounded_i[15]_i_1/O
                         net (fo=16, routed)          1.186     7.545    rounded_i[15]_i_1_n_0
    SLICE_X32Y57         FDSE                                         r  rounded_i_reg[8]/S
  -------------------------------------------------------------------    -------------------

                         (clock clk rise edge)       10.000    10.000 r
                                                      0.000    10.000 r  clk (IN)
                         net (fo=554, unset)          1.236    11.236    clk
    SLICE_X32Y57         FDSE                                         r  rounded_i_reg[8]/C
                         clock pessimism              0.000    11.236
                         clock uncertainty           -0.035    11.201
    SLICE_X32Y57         FDSE (Setup_fdse_C_S)       -0.423    10.778    rounded_i_reg[8]
  -------------------------------------------------------------------
                         required time                         10.778
                         arrival time                          -7.545
  -------------------------------------------------------------------
                         slack                                  3.233

Slack (MET) :             3.277ns  (required time - arrival time)
  Source:                 sum4_i_reg[13]/C
                            (rising edge-triggered cell FDRE clocked by clk  {rise@0.000ns fall@5.000ns period=10.000ns})
  Destination:            rounded_i_reg[0]/S
                            (rising edge-triggered cell FDSE clocked by clk  {rise@0.000ns fall@5.000ns period=10.000ns})
  Path Group:             clk
  Path Type:              Setup (Max at Slow Process Corner)
  Requirement:            10.000ns  (clk rise@10.000ns - clk rise@0.000ns)
  Data Path Delay:        6.016ns  (logic 2.852ns (47.405%)  route 3.164ns (52.595%))
  Logic Levels:           12  (CARRY4=10 LUT2=1 LUT3=1)
  Clock Path Skew:        -0.248ns (DCD - SCD + CPR)
    Destination Clock Delay (DCD):    1.235ns = ( 11.235 - 10.000 )
    Source Clock Delay      (SCD):    1.483ns
    Clock Pessimism Removal (CPR):    0.000ns
  Clock Uncertainty:      0.035ns  ((TSJ^2 + TIJ^2)^1/2 + DJ) / 2 + PE
    Total System Jitter     (TSJ):    0.071ns
    Total Input Jitter      (TIJ):    0.000ns
    Discrete Jitter          (DJ):    0.000ns
    Phase Error              (PE):    0.000ns

    Location             Delay type                Incr(ns)  Path(ns)    Netlist Resource(s)
  -------------------------------------------------------------------    -------------------
                         (clock clk rise edge)        0.000     0.000 r
                                                      0.000     0.000 r  clk (IN)
                         net (fo=554, unset)          1.483     1.483    clk
    SLICE_X18Y42         FDRE                                         r  sum4_i_reg[13]/C
  -------------------------------------------------------------------    -------------------
    SLICE_X18Y42         FDRE (Prop_fdre_C_Q)         0.433     1.916 r  sum4_i_reg[13]/Q
                         net (fo=1, routed)           0.724     2.640    sum4_i_reg_n_0_[13]
    SLICE_X28Y43         CARRY4 (Prop_carry4_S[0]_CO[3])
                                                      0.545     3.185 r  rounded_i_reg[1]_i_2/CO[3]
                         net (fo=1, routed)           0.000     3.185    rounded_i_reg[1]_i_2_n_0
    SLICE_X28Y44         CARRY4 (Prop_carry4_CI_CO[3])
                                                      0.098     3.283 r  rounded_i_reg[5]_i_2/CO[3]
                         net (fo=1, routed)           0.000     3.283    rounded_i_reg[5]_i_2_n_0
    SLICE_X28Y45         CARRY4 (Prop_carry4_CI_CO[3])
                                                      0.098     3.381 r  rounded_i_reg[9]_i_2/CO[3]
                         net (fo=1, routed)           0.000     3.381    rounded_i_reg[9]_i_2_n_0
    SLICE_X28Y46         CARRY4 (Prop_carry4_CI_CO[3])
                                                      0.098     3.479 r  rounded_i_reg[13]_i_2/CO[3]
                         net (fo=1, routed)           0.000     3.479    rounded_i_reg[13]_i_2_n_0
    SLICE_X28Y47         CARRY4 (Prop_carry4_CI_CO[3])
                                                      0.098     3.577 r  rounded_i_reg[15]_i_5/CO[3]
                         net (fo=1, routed)           0.000     3.577    rounded_i_reg[15]_i_5_n_0
    SLICE_X28Y48         CARRY4 (Prop_carry4_CI_O[0])
                                                      0.180     3.757 f  rounded_i_reg[15]_i_21/O[0]
                         net (fo=4, routed)           0.677     4.433    rounded_i_reg[15]_i_21_n_7
    SLICE_X31Y48         LUT2 (Prop_lut2_I0_O)        0.249     4.682 r  rounded_i[15]_i_38/O
                         net (fo=1, routed)           0.000     4.682    rounded_i[15]_i_38_n_0
    SLICE_X31Y48         CARRY4 (Prop_carry4_S[2]_CO[3])
                                                      0.332     5.014 r  rounded_i_reg[15]_i_22/CO[3]
                         net (fo=1, routed)           0.000     5.014    rounded_i_reg[15]_i_22_n_0
    SLICE_X31Y49         CARRY4 (Prop_carry4_CI_CO[3])
                                                      0.098     5.112 r  rounded_i_reg[15]_i_11/CO[3]
                         net (fo=1, routed)           0.001     5.113    rounded_i_reg[15]_i_11_n_0
    SLICE_X31Y50         CARRY4 (Prop_carry4_CI_CO[3])
                                                      0.098     5.211 r  rounded_i_reg[15]_i_7/CO[3]
                         net (fo=1, routed)           0.000     5.211    rounded_i_reg[15]_i_7_n_0
    SLICE_X31Y51         CARRY4 (Prop_carry4_CI_CO[0])
                                                      0.216     5.427 r  rounded_i_reg[15]_i_4/CO[0]
                         net (fo=1, routed)           0.623     6.050    rounded_i_reg[15]_i_4_n_3
    SLICE_X31Y58         LUT3 (Prop_lut3_I0_O)        0.309     6.359 r  rounded_i[15]_i_1/O
                         net (fo=16, routed)          1.140     7.499    rounded_i[15]_i_1_n_0
    SLICE_X32Y58         FDSE                                         r  rounded_i_reg[0]/S
  -------------------------------------------------------------------    -------------------

                         (clock clk rise edge)       10.000    10.000 r
                                                      0.000    10.000 r  clk (IN)
                         net (fo=554, unset)          1.235    11.235    clk
    SLICE_X32Y58         FDSE                                         r  rounded_i_reg[0]/C
                         clock pessimism              0.000    11.235
                         clock uncertainty           -0.035    11.200
    SLICE_X32Y58         FDSE (Setup_fdse_C_S)       -0.423    10.777    rounded_i_reg[0]
  -------------------------------------------------------------------
                         required time                         10.777
                         arrival time                          -7.499
  -------------------------------------------------------------------
                         slack                                  3.277

Slack (MET) :             3.277ns  (required time - arrival time)
  Source:                 sum4_i_reg[13]/C
                            (rising edge-triggered cell FDRE clocked by clk  {rise@0.000ns fall@5.000ns period=10.000ns})
  Destination:            rounded_i_reg[1]/S
                            (rising edge-triggered cell FDSE clocked by clk  {rise@0.000ns fall@5.000ns period=10.000ns})
  Path Group:             clk
  Path Type:              Setup (Max at Slow Process Corner)
  Requirement:            10.000ns  (clk rise@10.000ns - clk rise@0.000ns)
  Data Path Delay:        6.016ns  (logic 2.852ns (47.405%)  route 3.164ns (52.595%))
  Logic Levels:           12  (CARRY4=10 LUT2=1 LUT3=1)
  Clock Path Skew:        -0.248ns (DCD - SCD + CPR)
    Destination Clock Delay (DCD):    1.235ns = ( 11.235 - 10.000 )
    Source Clock Delay      (SCD):    1.483ns
    Clock Pessimism Removal (CPR):    0.000ns
  Clock Uncertainty:      0.035ns  ((TSJ^2 + TIJ^2)^1/2 + DJ) / 2 + PE
    Total System Jitter     (TSJ):    0.071ns
    Total Input Jitter      (TIJ):    0.000ns
    Discrete Jitter          (DJ):    0.000ns
    Phase Error              (PE):    0.000ns

    Location             Delay type                Incr(ns)  Path(ns)    Netlist Resource(s)
  -------------------------------------------------------------------    -------------------
                         (clock clk rise edge)        0.000     0.000 r
                                                      0.000     0.000 r  clk (IN)
                         net (fo=554, unset)          1.483     1.483    clk
    SLICE_X18Y42         FDRE                                         r  sum4_i_reg[13]/C
  -------------------------------------------------------------------    -------------------
    SLICE_X18Y42         FDRE (Prop_fdre_C_Q)         0.433     1.916 r  sum4_i_reg[13]/Q
                         net (fo=1, routed)           0.724     2.640    sum4_i_reg_n_0_[13]
    SLICE_X28Y43         CARRY4 (Prop_carry4_S[0]_CO[3])
                                                      0.545     3.185 r  rounded_i_reg[1]_i_2/CO[3]
                         net (fo=1, routed)           0.000     3.185    rounded_i_reg[1]_i_2_n_0
    SLICE_X28Y44         CARRY4 (Prop_carry4_CI_CO[3])
                                                      0.098     3.283 r  rounded_i_reg[5]_i_2/CO[3]
                         net (fo=1, routed)           0.000     3.283    rounded_i_reg[5]_i_2_n_0
    SLICE_X28Y45         CARRY4 (Prop_carry4_CI_CO[3])
                                                      0.098     3.381 r  rounded_i_reg[9]_i_2/CO[3]
                         net (fo=1, routed)           0.000     3.381    rounded_i_reg[9]_i_2_n_0
    SLICE_X28Y46         CARRY4 (Prop_carry4_CI_CO[3])
                                                      0.098     3.479 r  rounded_i_reg[13]_i_2/CO[3]
                         net (fo=1, routed)           0.000     3.479    rounded_i_reg[13]_i_2_n_0
    SLICE_X28Y47         CARRY4 (Prop_carry4_CI_CO[3])
                                                      0.098     3.577 r  rounded_i_reg[15]_i_5/CO[3]
                         net (fo=1, routed)           0.000     3.577    rounded_i_reg[15]_i_5_n_0
    SLICE_X28Y48         CARRY4 (Prop_carry4_CI_O[0])
                                                      0.180     3.757 f  rounded_i_reg[15]_i_21/O[0]
                         net (fo=4, routed)           0.677     4.433    rounded_i_reg[15]_i_21_n_7
    SLICE_X31Y48         LUT2 (Prop_lut2_I0_O)        0.249     4.682 r  rounded_i[15]_i_38/O
                         net (fo=1, routed)           0.000     4.682    rounded_i[15]_i_38_n_0
    SLICE_X31Y48         CARRY4 (Prop_carry4_S[2]_CO[3])
                                                      0.332     5.014 r  rounded_i_reg[15]_i_22/CO[3]
                         net (fo=1, routed)           0.000     5.014    rounded_i_reg[15]_i_22_n_0
    SLICE_X31Y49         CARRY4 (Prop_carry4_CI_CO[3])
                                                      0.098     5.112 r  rounded_i_reg[15]_i_11/CO[3]
                         net (fo=1, routed)           0.001     5.113    rounded_i_reg[15]_i_11_n_0
    SLICE_X31Y50         CARRY4 (Prop_carry4_CI_CO[3])
                                                      0.098     5.211 r  rounded_i_reg[15]_i_7/CO[3]
                         net (fo=1, routed)           0.000     5.211    rounded_i_reg[15]_i_7_n_0
    SLICE_X31Y51         CARRY4 (Prop_carry4_CI_CO[0])
                                                      0.216     5.427 r  rounded_i_reg[15]_i_4/CO[0]
                         net (fo=1, routed)           0.623     6.050    rounded_i_reg[15]_i_4_n_3
    SLICE_X31Y58         LUT3 (Prop_lut3_I0_O)        0.309     6.359 r  rounded_i[15]_i_1/O
                         net (fo=16, routed)          1.140     7.499    rounded_i[15]_i_1_n_0
    SLICE_X32Y58         FDSE                                         r  rounded_i_reg[1]/S
  -------------------------------------------------------------------    -------------------

                         (clock clk rise edge)       10.000    10.000 r
                                                      0.000    10.000 r  clk (IN)
                         net (fo=554, unset)          1.235    11.235    clk
    SLICE_X32Y58         FDSE                                         r  rounded_i_reg[1]/C
                         clock pessimism              0.000    11.235
                         clock uncertainty           -0.035    11.200
    SLICE_X32Y58         FDSE (Setup_fdse_C_S)       -0.423    10.777    rounded_i_reg[1]
  -------------------------------------------------------------------
                         required time                         10.777
                         arrival time                          -7.499
  -------------------------------------------------------------------
                         slack                                  3.277





Pulse Width Checks
--------------------------------------------------------------------------------------
Clock Name:         clk
Waveform(ns):       { 0.000 5.000 }
Period(ns):         10.000
Sources:            { clk }

Check Type        Corner  Lib Pin      Reference Pin  Required(ns)  Actual(ns)  Slack(ns)  Location      Pin
Min Period        n/a     DSP48E1/CLK  n/a            3.272         10.000      6.728      DSP48_X0Y13   prod_i_reg[2]/CLK
Min Period        n/a     DSP48E1/CLK  n/a            3.272         10.000      6.728      DSP48_X0Y15   prod_i_reg[4]/CLK
Min Period        n/a     DSP48E1/CLK  n/a            3.272         10.000      6.728      DSP48_X1Y13   prod_q_reg[2]/CLK
Min Period        n/a     DSP48E1/CLK  n/a            3.272         10.000      6.728      DSP48_X1Y15   prod_q_reg[4]/CLK
Min Period        n/a     DSP48E1/CLK  n/a            1.816         10.000      8.184      DSP48_X0Y12   prod_i_reg[0]/CLK
Min Period        n/a     DSP48E1/CLK  n/a            1.816         10.000      8.184      DSP48_X0Y17   prod_i_reg[6]/CLK
Min Period        n/a     DSP48E1/CLK  n/a            1.816         10.000      8.184      DSP48_X1Y12   prod_q_reg[0]/CLK
Min Period        n/a     DSP48E1/CLK  n/a            1.816         10.000      8.184      DSP48_X1Y17   prod_q_reg[6]/CLK
Min Period        n/a     DSP48E1/CLK  n/a            1.816         10.000      8.184      DSP48_X0Y14   sum1_i_reg[1]/CLK
Min Period        n/a     DSP48E1/CLK  n/a            1.816         10.000      8.184      DSP48_X0Y16   sum1_i_reg[2]/CLK
Low Pulse Width   Slow    FDRE/C       n/a            0.500         5.000       4.500      SLICE_X26Y59  active_reg/C
Low Pulse Width   Fast    FDRE/C       n/a            0.500         5.000       4.500      SLICE_X26Y59  active_reg/C
Low Pulse Width   Slow    FDRE/C       n/a            0.500         5.000       4.500      SLICE_X26Y60  ev_phase_reg[0]/C
Low Pulse Width   Fast    FDRE/C       n/a            0.500         5.000       4.500      SLICE_X26Y60  ev_phase_reg[0]/C
Low Pulse Width   Slow    FDRE/C       n/a            0.500         5.000       4.500      SLICE_X26Y60  ev_phase_reg[1]/C
Low Pulse Width   Fast    FDRE/C       n/a            0.500         5.000       4.500      SLICE_X26Y60  ev_phase_reg[1]/C
Low Pulse Width   Slow    FDRE/C       n/a            0.500         5.000       4.500      SLICE_X26Y60  ev_phase_reg[2]/C
Low Pulse Width   Fast    FDRE/C       n/a            0.500         5.000       4.500      SLICE_X26Y60  ev_phase_reg[2]/C
Low Pulse Width   Slow    FDRE/C       n/a            0.500         5.000       4.500      SLICE_X26Y59  ev_valid_reg/C
Low Pulse Width   Fast    FDRE/C       n/a            0.500         5.000       4.500      SLICE_X26Y59  ev_valid_reg/C
High Pulse Width  Slow    FDRE/C       n/a            0.500         5.000       4.500      SLICE_X26Y59  active_reg/C
High Pulse Width  Fast    FDRE/C       n/a            0.500         5.000       4.500      SLICE_X26Y59  active_reg/C
High Pulse Width  Slow    FDRE/C       n/a            0.500         5.000       4.500      SLICE_X26Y60  ev_phase_reg[0]/C
High Pulse Width  Fast    FDRE/C       n/a            0.500         5.000       4.500      SLICE_X26Y60  ev_phase_reg[0]/C
High Pulse Width  Slow    FDRE/C       n/a            0.500         5.000       4.500      SLICE_X26Y60  ev_phase_reg[1]/C
High Pulse Width  Fast    FDRE/C       n/a            0.500         5.000       4.500      SLICE_X26Y60  ev_phase_reg[1]/C
High Pulse Width  Slow    FDRE/C       n/a            0.500         5.000       4.500      SLICE_X26Y60  ev_phase_reg[2]/C
High Pulse Width  Fast    FDRE/C       n/a            0.500         5.000       4.500      SLICE_X26Y60  ev_phase_reg[2]/C
High Pulse Width  Slow    FDRE/C       n/a            0.500         5.000       4.500      SLICE_X26Y59  ev_valid_reg/C
High Pulse Width  Fast    FDRE/C       n/a            0.500         5.000       4.500      SLICE_X26Y59  ev_valid_reg/C
