Copyright 1986-2021 Xilinx, Inc. All Rights Reserved.
----------------------------------------------------------------------------------------------------------------------------------------------------------------------------------------------
| Tool Version : Vivado v.2021.1 (win64) Build 3247384 Thu Jun 10 19:36:33 MDT 2021
| Date         : normalized
| Host         : normalized
| Command      : report_timing_summary -delay_type max -max_paths 10 -file <output_dir>/bpsk_ber_counter_post_route_timing_summary.rpt
| Design       : bpsk_ber_counter
| Device       : 7z020-clg400
| Speed File   : -2  PRODUCTION 1.12 2019-11-22
----------------------------------------------------------------------------------------------------------------------------------------------------------------------------------------------

Timing Summary Report

------------------------------------------------------------------------------------------------
| Timer Settings
| --------------
------------------------------------------------------------------------------------------------

  Enable Multi Corner Analysis               :  Yes
  Enable Pessimism Removal                   :  Yes
  Pessimism Removal Resolution               :  Nearest Common Node
  Enable Input Delay Default Clock           :  No
  Enable Preset / Clear Arcs                 :  No
  Disable Flight Delays                      :  No
  Ignore I/O Paths                           :  No
  Timing Early Launch at Borrowing Latches   :  No
  Borrow Time for Max Delay Exceptions       :  Yes
  Merge Timing Exceptions                    :  Yes

  Corner  Analyze    Analyze
  Name    Max Paths  Min Paths
  ------  ---------  ---------
  Slow    Yes        Yes
  Fast    Yes        Yes


------------------------------------------------------------------------------------------------
| Report Methodology
| ------------------
------------------------------------------------------------------------------------------------

No report available as report_methodology has not been run prior. Run report_methodology on the current design for the summary of methodology violations.



check_timing report

Table of Contents
-----------------
1. checking no_clock (0)
2. checking constant_clock (0)
3. checking pulse_width_clock (0)
4. checking unconstrained_internal_endpoints (0)
5. checking no_input_delay (0)
6. checking no_output_delay (0)
7. checking multiple_clock (0)
8. checking generated_clocks (0)
9. checking loops (0)
10. checking partial_input_delay (0)
11. checking partial_output_delay (0)
12. checking latch_loops (0)

1. checking no_clock (0)
------------------------
 There are 0 register/latch pins with no clock.


2. checking constant_clock (0)
------------------------------
 There are 0 register/latch pins with constant_clock.


3. checking pulse_width_clock (0)
---------------------------------
 There are 0 register/latch pins which need pulse_width check


4. checking unconstrained_internal_endpoints (0)
------------------------------------------------
 There are 0 pins that are not constrained for maximum delay.

 There are 0 pins that are not constrained for maximum delay due to constant clock.


5. checking no_input_delay (0)
------------------------------
 There are 0 input ports with no input delay specified.

 There are 0 input ports with no input delay but user has a false path constraint.


6. checking no_output_delay (0)
-------------------------------
 There are 0 ports with no output delay specified.

 There are 0 ports with no output delay but user has a false path constraint

 There are 0 ports with no output delay but with a timing clock defined on it or propagating through it


7. checking multiple_clock (0)
------------------------------
 There are 0 register/latch pins with multiple clocks.


8. checking generated_clocks (0)
--------------------------------
 There are 0 generated clocks that are not connected to a clock source.


9. checking loops (0)
---------------------
 There are 0 combinational loops in the design.


10. checking partial_input_delay (0)
------------------------------------
 There are 0 input ports with partial input delay specified.


11. checking partial_output_delay (0)
-------------------------------------
 There are 0 ports with partial output delay specified.


12. checking latch_loops (0)
----------------------------
 There are 0 combinational latch loops in the design through latch input



------------------------------------------------------------------------------------------------
| Design Timing Summary
| ---------------------
------------------------------------------------------------------------------------------------

    WNS(ns)      TNS(ns)  TNS Failing Endpoints  TNS Total Endpoints     WPWS(ns)     TPWS(ns)  TPWS Failing Endpoints  TPWS Total Endpoints
    -------      -------  ---------------------  -------------------     --------     --------  ----------------------  --------------------
      2.826        0.000                      0                  705        4.500        0.000                       0                   203


All user specified timing constraints are met.


------------------------------------------------------------------------------------------------
| Clock Summary
| -------------
------------------------------------------------------------------------------------------------

Clock  Waveform(ns)       Period(ns)      Frequency(MHz)
-----  ------------       ----------      --------------
clk    {0.000 5.000}      10.000          100.000


------------------------------------------------------------------------------------------------
| Intra Clock Table
| -----------------
------------------------------------------------------------------------------------------------

Clock             WNS(ns)      TNS(ns)  TNS Failing Endpoints  TNS Total Endpoints     WPWS(ns)     TPWS(ns)  TPWS Failing Endpoints  TPWS Total Endpoints
-----             -------      -------  ---------------------  -------------------     --------     --------  ----------------------  --------------------
clk                 2.826        0.000                      0                  705        4.500        0.000                       0                   203


------------------------------------------------------------------------------------------------
| Inter Clock Table
| -----------------
------------------------------------------------------------------------------------------------

From Clock    To Clock          WNS(ns)      TNS(ns)  TNS Failing Endpoints  TNS Total Endpoints
----------    --------          -------      -------  ---------------------  -------------------


------------------------------------------------------------------------------------------------
| Other Path Groups Table
| -----------------------
------------------------------------------------------------------------------------------------

Path Group    From Clock    To Clock          WNS(ns)      TNS(ns)  TNS Failing Endpoints  TNS Total Endpoints
----------    ----------    --------          -------      -------  ---------------------  -------------------


------------------------------------------------------------------------------------------------
| Timing Details
| --------------
------------------------------------------------------------------------------------------------


---------------------------------------------------------------------------------------------------
From Clock:  clk
  To Clock:  clk

Setup :            0  Failing Endpoints,  Worst Slack        2.826ns,  Total Violation        0.000ns
Hold  :           NA  Failing Endpoints,  Worst Slack           NA  ,  Total Violation           NA
PW    :            0  Failing Endpoints,  Worst Slack        4.500ns,  Total Violation        0.000ns
---------------------------------------------------------------------------------------------------


Max Delay Paths
--------------------------------------------------------------------------------------
Slack (MET) :             2.826ns  (required time - arrival time)
  Source:                 acq_index_reg[1]/C
                            (rising edge-triggered cell FDRE clocked by clk  {rise@0.000ns fall@5.000ns period=10.000ns})
  Destination:            preamble_limit_reg_reg[10]/S
                            (rising edge-triggered cell FDSE clocked by clk  {rise@0.000ns fall@5.000ns period=10.000ns})
  Path Group:             clk
  Path Type:              Setup (Max at Slow Process Corner)
  Requirement:            10.000ns  (clk rise@10.000ns - clk rise@0.000ns)
  Data Path Delay:        6.477ns  (logic 2.499ns (38.583%)  route 3.978ns (61.417%))
  Logic Levels:           8  (CARRY4=5 LUT3=1 LUT4=1 LUT6=1)
  Clock Path Skew:        -0.239ns (DCD - SCD + CPR)
    Destination Clock Delay (DCD):    1.236ns = ( 11.236 - 10.000 )
    Source Clock Delay      (SCD):    1.475ns
    Clock Pessimism Removal (CPR):    0.000ns
  Clock Uncertainty:      0.035ns  ((TSJ^2 + TIJ^2)^1/2 + DJ) / 2 + PE
    Total System Jitter     (TSJ):    0.071ns
    Total Input Jitter      (TIJ):    0.000ns
    Discrete Jitter          (DJ):    0.000ns
    Phase Error              (PE):    0.000ns

    Location             Delay type                Incr(ns)  Path(ns)    Netlist Resource(s)
  -------------------------------------------------------------------    -------------------
                         (clock clk rise edge)        0.000     0.000 r
                                                      0.000     0.000 r  clk (IN)
                         net (fo=202, unset)          1.475     1.475    clk
    SLICE_X30Y47         FDRE                                         r  acq_index_reg[1]/C
  -------------------------------------------------------------------    -------------------
    SLICE_X30Y47         FDRE (Prop_fdre_C_Q)         0.398     1.873 r  acq_index_reg[1]/Q
                         net (fo=7, routed)           0.809     2.682    acq_index_reg_n_0_[1]
    SLICE_X26Y45         CARRY4 (Prop_carry4_S[0]_CO[3])
                                                      0.655     3.337 r  acq_index_reg[4]_i_2/CO[3]
                         net (fo=1, routed)           0.000     3.337    acq_index_reg[4]_i_2_n_0
    SLICE_X26Y46         CARRY4 (Prop_carry4_CI_CO[3])
                                                      0.100     3.437 r  acq_index_reg[8]_i_2/CO[3]
                         net (fo=1, routed)           0.000     3.437    acq_index_reg[8]_i_2_n_0
    SLICE_X26Y47         CARRY4 (Prop_carry4_CI_O[1])
                                                      0.257     3.694 r  acq_index_reg[12]_i_2/O[1]
                         net (fo=2, routed)           0.532     4.226    busy2[10]
    SLICE_X27Y45         LUT4 (Prop_lut4_I0_O)        0.245     4.471 r  frame_limit_reg[15]_i_9/O
                         net (fo=1, routed)           0.000     4.471    frame_limit_reg[15]_i_9_n_0
    SLICE_X27Y45         CARRY4 (Prop_carry4_S[3]_CO[3])
                                                      0.332     4.803 r  frame_limit_reg_reg[15]_i_6/CO[3]
                         net (fo=1, routed)           0.000     4.803    frame_limit_reg_reg[15]_i_6_n_0
    SLICE_X27Y46         CARRY4 (Prop_carry4_CI_CO[1])
                                                      0.132     4.935 r  frame_limit_reg_reg[15]_i_4/CO[1]
                         net (fo=7, routed)           0.791     5.726    frame_limit_reg_reg[15]_i_4_n_2
    SLICE_X31Y49         LUT3 (Prop_lut3_I0_O)        0.275     6.001 f  done_i_4/O
                         net (fo=2, routed)           0.792     6.793    done_i_4_n_0
    SLICE_X31Y48         LUT6 (Prop_lut6_I5_O)        0.105     6.898 r  preamble_limit_reg[15]_i_1/O
                         net (fo=13, routed)          1.053     7.952    preamble_limit_reg[15]_i_1_n_0
    SLICE_X38Y52         FDSE                                         r  preamble_limit_reg_reg[10]/S
  -------------------------------------------------------------------    -------------------

                         (clock clk rise edge)       10.000    10.000 r
                                                      0.000    10.000 r  clk (IN)
                         net (fo=202, unset)          1.236    11.236    clk
    SLICE_X38Y52         FDSE                                         r  preamble_limit_reg_reg[10]/C
                         clock pessimism              0.000    11.236
                         clock uncertainty           -0.035    11.201
    SLICE_X38Y52         FDSE (Setup_fdse_C_S)       -0.423    10.778    preamble_limit_reg_reg[10]
  -------------------------------------------------------------------
                         required time                         10.778
                         arrival time                          -7.952
  -------------------------------------------------------------------
                         slack                                  2.826

Slack (MET) :             2.826ns  (required time - arrival time)
  Source:                 acq_index_reg[1]/C
                            (rising edge-triggered cell FDRE clocked by clk  {rise@0.000ns fall@5.000ns period=10.000ns})
  Destination:            preamble_limit_reg_reg[11]/S
                            (rising edge-triggered cell FDSE clocked by clk  {rise@0.000ns fall@5.000ns period=10.000ns})
  Path Group:             clk
  Path Type:              Setup (Max at Slow Process Corner)
  Requirement:            10.000ns  (clk rise@10.000ns - clk rise@0.000ns)
  Data Path Delay:        6.477ns  (logic 2.499ns (38.583%)  route 3.978ns (61.417%))
  Logic Levels:           8  (CARRY4=5 LUT3=1 LUT4=1 LUT6=1)
  Clock Path Skew:        -0.239ns (DCD - SCD + CPR)
    Destination Clock Delay (DCD):    1.236ns = ( 11.236 - 10.000 )
    Source Clock Delay      (SCD):    1.475ns
    Clock Pessimism Removal (CPR):    0.000ns
  Clock Uncertainty:      0.035ns  ((TSJ^2 + TIJ^2)^1/2 + DJ) / 2 + PE
    Total System Jitter     (TSJ):    0.071ns
    Total Input Jitter      (TIJ):    0.000ns
    Discrete Jitter          (DJ):    0.000ns
    Phase Error              (PE):    0.000ns

    Location             Delay type                Incr(ns)  Path(ns)    Netlist Resource(s)
  -------------------------------------------------------------------    -------------------
                         (clock clk rise edge)        0.000     0.000 r
                                                      0.000     0.000 r  clk (IN)
                         net (fo=202, unset)          1.475     1.475    clk
    SLICE_X30Y47         FDRE                                         r  acq_index_reg[1]/C
  -------------------------------------------------------------------    -------------------
    SLICE_X30Y47         FDRE (Prop_fdre_C_Q)         0.398     1.873 r  acq_index_reg[1]/Q
                         net (fo=7, routed)           0.809     2.682    acq_index_reg_n_0_[1]
    SLICE_X26Y45         CARRY4 (Prop_carry4_S[0]_CO[3])
                                                      0.655     3.337 r  acq_index_reg[4]_i_2/CO[3]
                         net (fo=1, routed)           0.000     3.337    acq_index_reg[4]_i_2_n_0
    SLICE_X26Y46         CARRY4 (Prop_carry4_CI_CO[3])
                                                      0.100     3.437 r  acq_index_reg[8]_i_2/CO[3]
                         net (fo=1, routed)           0.000     3.437    acq_index_reg[8]_i_2_n_0
    SLICE_X26Y47         CARRY4 (Prop_carry4_CI_O[1])
                                                      0.257     3.694 r  acq_index_reg[12]_i_2/O[1]
                         net (fo=2, routed)           0.532     4.226    busy2[10]
    SLICE_X27Y45         LUT4 (Prop_lut4_I0_O)        0.245     4.471 r  frame_limit_reg[15]_i_9/O
                         net (fo=1, routed)           0.000     4.471    frame_limit_reg[15]_i_9_n_0
    SLICE_X27Y45         CARRY4 (Prop_carry4_S[3]_CO[3])
                                                      0.332     4.803 r  frame_limit_reg_reg[15]_i_6/CO[3]
                         net (fo=1, routed)           0.000     4.803    frame_limit_reg_reg[15]_i_6_n_0
    SLICE_X27Y46         CARRY4 (Prop_carry4_CI_CO[1])
                                                      0.132     4.935 r  frame_limit_reg_reg[15]_i_4/CO[1]
                         net (fo=7, routed)           0.791     5.726    frame_limit_reg_reg[15]_i_4_n_2
    SLICE_X31Y49         LUT3 (Prop_lut3_I0_O)        0.275     6.001 f  done_i_4/O
                         net (fo=2, routed)           0.792     6.793    done_i_4_n_0
    SLICE_X31Y48         LUT6 (Prop_lut6_I5_O)        0.105     6.898 r  preamble_limit_reg[15]_i_1/O
                         net (fo=13, routed)          1.053     7.952    preamble_limit_reg[15]_i_1_n_0
    SLICE_X38Y52         FDSE                                         r  preamble_limit_reg_reg[11]/S
  -------------------------------------------------------------------    -------------------

                         (clock clk rise edge)       10.000    10.000 r
                                                      0.000    10.000 r  clk (IN)
                         net (fo=202, unset)          1.236    11.236    clk
    SLICE_X38Y52         FDSE                                         r  preamble_limit_reg_reg[11]/C
                         clock pessimism              0.000    11.236
                         clock uncertainty           -0.035    11.201
    SLICE_X38Y52         FDSE (Setup_fdse_C_S)       -0.423    10.778    preamble_limit_reg_reg[11]
  -------------------------------------------------------------------
                         required time                         10.778
                         arrival time                          -7.952
  -------------------------------------------------------------------
                         slack                                  2.826

Slack (MET) :             2.826ns  (required time - arrival time)
  Source:                 acq_index_reg[1]/C
                            (rising edge-triggered cell FDRE clocked by clk  {rise@0.000ns fall@5.000ns period=10.000ns})
  Destination:            preamble_limit_reg_reg[13]/S
                            (rising edge-triggered cell FDSE clocked by clk  {rise@0.000ns fall@5.000ns period=10.000ns})
  Path Group:             clk
  Path Type:              Setup (Max at Slow Process Corner)
  Requirement:            10.000ns  (clk rise@10.000ns - clk rise@0.000ns)
  Data Path Delay:        6.477ns  (logic 2.499ns (38.583%)  route 3.978ns (61.417%))
  Logic Levels:           8  (CARRY4=5 LUT3=1 LUT4=1 LUT6=1)
  Clock Path Skew:        -0.239ns (DCD - SCD + CPR)
    Destination Clock Delay (DCD):    1.236ns = ( 11.236 - 10.000 )
    Source Clock Delay      (SCD):    1.475ns
    Clock Pessimism Removal (CPR):    0.000ns
  Clock Uncertainty:      0.035ns  ((TSJ^2 + TIJ^2)^1/2 + DJ) / 2 + PE
    Total System Jitter     (TSJ):    0.071ns
    Total Input Jitter      (TIJ):    0.000ns
    Discrete Jitter          (DJ):    0.000ns
    Phase Error              (PE):    0.000ns

    Location             Delay type                Incr(ns)  Path(ns)    Netlist Resource(s)
  -------------------------------------------------------------------    -------------------
                         (clock clk rise edge)        0.000     0.000 r
                                                      0.000     0.000 r  clk (IN)
                         net (fo=202, unset)          1.475     1.475    clk
    SLICE_X30Y47         FDRE                                         r  acq_index_reg[1]/C
  -------------------------------------------------------------------    -------------------
    SLICE_X30Y47         FDRE (Prop_fdre_C_Q)         0.398     1.873 r  acq_index_reg[1]/Q
                         net (fo=7, routed)           0.809     2.682    acq_index_reg_n_0_[1]
    SLICE_X26Y45         CARRY4 (Prop_carry4_S[0]_CO[3])
                                                      0.655     3.337 r  acq_index_reg[4]_i_2/CO[3]
                         net (fo=1, routed)           0.000     3.337    acq_index_reg[4]_i_2_n_0
    SLICE_X26Y46         CARRY4 (Prop_carry4_CI_CO[3])
                                                      0.100     3.437 r  acq_index_reg[8]_i_2/CO[3]
                         net (fo=1, routed)           0.000     3.437    acq_index_reg[8]_i_2_n_0
    SLICE_X26Y47         CARRY4 (Prop_carry4_CI_O[1])
                                                      0.257     3.694 r  acq_index_reg[12]_i_2/O[1]
                         net (fo=2, routed)           0.532     4.226    busy2[10]
    SLICE_X27Y45         LUT4 (Prop_lut4_I0_O)        0.245     4.471 r  frame_limit_reg[15]_i_9/O
                         net (fo=1, routed)           0.000     4.471    frame_limit_reg[15]_i_9_n_0
    SLICE_X27Y45         CARRY4 (Prop_carry4_S[3]_CO[3])
                                                      0.332     4.803 r  frame_limit_reg_reg[15]_i_6/CO[3]
                         net (fo=1, routed)           0.000     4.803    frame_limit_reg_reg[15]_i_6_n_0
    SLICE_X27Y46         CARRY4 (Prop_carry4_CI_CO[1])
                                                      0.132     4.935 r  frame_limit_reg_reg[15]_i_4/CO[1]
                         net (fo=7, routed)           0.791     5.726    frame_limit_reg_reg[15]_i_4_n_2
    SLICE_X31Y49         LUT3 (Prop_lut3_I0_O)        0.275     6.001 f  done_i_4/O
                         net (fo=2, routed)           0.792     6.793    done_i_4_n_0
    SLICE_X31Y48         LUT6 (Prop_lut6_I5_O)        0.105     6.898 r  preamble_limit_reg[15]_i_1/O
                         net (fo=13, routed)          1.053     7.952    preamble_limit_reg[15]_i_1_n_0
    SLICE_X38Y52         FDSE                                         r  preamble_limit_reg_reg[13]/S
  -------------------------------------------------------------------    -------------------

                         (clock clk rise edge)       10.000    10.000 r
                                                      0.000    10.000 r  clk (IN)
                         net (fo=202, unset)          1.236    11.236    clk
    SLICE_X38Y52         FDSE                                         r  preamble_limit_reg_reg[13]/C
                         clock pessimism              0.000    11.236
                         clock uncertainty           -0.035    11.201
    SLICE_X38Y52         FDSE (Setup_fdse_C_S)       -0.423    10.778    preamble_limit_reg_reg[13]
  -------------------------------------------------------------------
                         required time                         10.778
                         arrival time                          -7.952
  -------------------------------------------------------------------
                         slack                                  2.826

Slack (MET) :             2.826ns  (required time - arrival time)
  Source:                 acq_index_reg[1]/C
                            (rising edge-triggered cell FDRE clocked by clk  {rise@0.000ns fall@5.000ns period=10.000ns})
  Destination:            preamble_limit_reg_reg[15]/S
                            (rising edge-triggered cell FDSE clocked by clk  {rise@0.000ns fall@5.000ns period=10.000ns})
  Path Group:             clk
  Path Type:              Setup (Max at Slow Process Corner)
  Requirement:            10.000ns  (clk rise@10.000ns - clk rise@0.000ns)
  Data Path Delay:        6.477ns  (logic 2.499ns (38.583%)  route 3.978ns (61.417%))
  Logic Levels:           8  (CARRY4=5 LUT3=1 LUT4=1 LUT6=1)
  Clock Path Skew:        -0.239ns (DCD - SCD + CPR)
    Destination Clock Delay (DCD):    1.236ns = ( 11.236 - 10.000 )
    Source Clock Delay      (SCD):    1.475ns
    Clock Pessimism Removal (CPR):    0.000ns
  Clock Uncertainty:      0.035ns  ((TSJ^2 + TIJ^2)^1/2 + DJ) / 2 + PE
    Total System Jitter     (TSJ):    0.071ns
    Total Input Jitter      (TIJ):    0.000ns
    Discrete Jitter          (DJ):    0.000ns
    Phase Error              (PE):    0.000ns

    Location             Delay type                Incr(ns)  Path(ns)    Netlist Resource(s)
  -------------------------------------------------------------------    -------------------
                         (clock clk rise edge)        0.000     0.000 r
                                                      0.000     0.000 r  clk (IN)
                         net (fo=202, unset)          1.475     1.475    clk
    SLICE_X30Y47         FDRE                                         r  acq_index_reg[1]/C
  -------------------------------------------------------------------    -------------------
    SLICE_X30Y47         FDRE (Prop_fdre_C_Q)         0.398     1.873 r  acq_index_reg[1]/Q
                         net (fo=7, routed)           0.809     2.682    acq_index_reg_n_0_[1]
    SLICE_X26Y45         CARRY4 (Prop_carry4_S[0]_CO[3])
                                                      0.655     3.337 r  acq_index_reg[4]_i_2/CO[3]
                         net (fo=1, routed)           0.000     3.337    acq_index_reg[4]_i_2_n_0
    SLICE_X26Y46         CARRY4 (Prop_carry4_CI_CO[3])
                                                      0.100     3.437 r  acq_index_reg[8]_i_2/CO[3]
                         net (fo=1, routed)           0.000     3.437    acq_index_reg[8]_i_2_n_0
    SLICE_X26Y47         CARRY4 (Prop_carry4_CI_O[1])
                                                      0.257     3.694 r  acq_index_reg[12]_i_2/O[1]
                         net (fo=2, routed)           0.532     4.226    busy2[10]
    SLICE_X27Y45         LUT4 (Prop_lut4_I0_O)        0.245     4.471 r  frame_limit_reg[15]_i_9/O
                         net (fo=1, routed)           0.000     4.471    frame_limit_reg[15]_i_9_n_0
    SLICE_X27Y45         CARRY4 (Prop_carry4_S[3]_CO[3])
                                                      0.332     4.803 r  frame_limit_reg_reg[15]_i_6/CO[3]
                         net (fo=1, routed)           0.000     4.803    frame_limit_reg_reg[15]_i_6_n_0
    SLICE_X27Y46         CARRY4 (Prop_carry4_CI_CO[1])
                                                      0.132     4.935 r  frame_limit_reg_reg[15]_i_4/CO[1]
                         net (fo=7, routed)           0.791     5.726    frame_limit_reg_reg[15]_i_4_n_2
    SLICE_X31Y49         LUT3 (Prop_lut3_I0_O)        0.275     6.001 f  done_i_4/O
                         net (fo=2, routed)           0.792     6.793    done_i_4_n_0
    SLICE_X31Y48         LUT6 (Prop_lut6_I5_O)        0.105     6.898 r  preamble_limit_reg[15]_i_1/O
                         net (fo=13, routed)          1.053     7.952    preamble_limit_reg[15]_i_1_n_0
    SLICE_X38Y52         FDSE                                         r  preamble_limit_reg_reg[15]/S
  -------------------------------------------------------------------    -------------------

                         (clock clk rise edge)       10.000    10.000 r
                                                      0.000    10.000 r  clk (IN)
                         net (fo=202, unset)          1.236    11.236    clk
    SLICE_X38Y52         FDSE                                         r  preamble_limit_reg_reg[15]/C
                         clock pessimism              0.000    11.236
                         clock uncertainty           -0.035    11.201
    SLICE_X38Y52         FDSE (Setup_fdse_C_S)       -0.423    10.778    preamble_limit_reg_reg[15]
  -------------------------------------------------------------------
                         required time                         10.778
                         arrival time                          -7.952
  -------------------------------------------------------------------
                         slack                                  2.826

Slack (MET) :             2.897ns  (required time - arrival time)
  Source:                 acq_index_reg[1]/C
                            (rising edge-triggered cell FDRE clocked by clk  {rise@0.000ns fall@5.000ns period=10.000ns})
  Destination:            preamble_limit_reg_reg[12]/S
                            (rising edge-triggered cell FDSE clocked by clk  {rise@0.000ns fall@5.000ns period=10.000ns})
  Path Group:             clk
  Path Type:              Setup (Max at Slow Process Corner)
  Requirement:            10.000ns  (clk rise@10.000ns - clk rise@0.000ns)
  Data Path Delay:        6.477ns  (logic 2.499ns (38.583%)  route 3.978ns (61.417%))
  Logic Levels:           8  (CARRY4=5 LUT3=1 LUT4=1 LUT6=1)
  Clock Path Skew:        -0.239ns (DCD - SCD + CPR)
    Destination Clock Delay (DCD):    1.236ns = ( 11.236 - 10.000 )
    Source Clock Delay      (SCD):    1.475ns
    Clock Pessimism Removal (CPR):    0.000ns
  Clock Uncertainty:      0.035ns  ((TSJ^2 + TIJ^2)^1/2 + DJ) / 2 + PE
    Total System Jitter     (TSJ):    0.071ns
    Total Input Jitter      (TIJ):    0.000ns
    Discrete Jitter          (DJ):    0.000ns
    Phase Error              (PE):    0.000ns

    Location             Delay type                Incr(ns)  Path(ns)    Netlist Resource(s)
  -------------------------------------------------------------------    -------------------
                         (clock clk rise edge)        0.000     0.000 r
                                                      0.000     0.000 r  clk (IN)
                         net (fo=202, unset)          1.475     1.475    clk
    SLICE_X30Y47         FDRE                                         r  acq_index_reg[1]/C
  -------------------------------------------------------------------    -------------------
    SLICE_X30Y47         FDRE (Prop_fdre_C_Q)         0.398     1.873 r  acq_index_reg[1]/Q
                         net (fo=7, routed)           0.809     2.682    acq_index_reg_n_0_[1]
    SLICE_X26Y45         CARRY4 (Prop_carry4_S[0]_CO[3])
                                                      0.655     3.337 r  acq_index_reg[4]_i_2/CO[3]
                         net (fo=1, routed)           0.000     3.337    acq_index_reg[4]_i_2_n_0
    SLICE_X26Y46         CARRY4 (Prop_carry4_CI_CO[3])
                                                      0.100     3.437 r  acq_index_reg[8]_i_2/CO[3]
                         net (fo=1, routed)           0.000     3.437    acq_index_reg[8]_i_2_n_0
    SLICE_X26Y47         CARRY4 (Prop_carry4_CI_O[1])
                                                      0.257     3.694 r  acq_index_reg[12]_i_2/O[1]
                         net (fo=2, routed)           0.532     4.226    busy2[10]
    SLICE_X27Y45         LUT4 (Prop_lut4_I0_O)        0.245     4.471 r  frame_limit_reg[15]_i_9/O
                         net (fo=1, routed)           0.000     4.471    frame_limit_reg[15]_i_9_n_0
    SLICE_X27Y45         CARRY4 (Prop_carry4_S[3]_CO[3])
                                                      0.332     4.803 r  frame_limit_reg_reg[15]_i_6/CO[3]
                         net (fo=1, routed)           0.000     4.803    frame_limit_reg_reg[15]_i_6_n_0
    SLICE_X27Y46         CARRY4 (Prop_carry4_CI_CO[1])
                                                      0.132     4.935 r  frame_limit_reg_reg[15]_i_4/CO[1]
                         net (fo=7, routed)           0.791     5.726    frame_limit_reg_reg[15]_i_4_n_2
    SLICE_X31Y49         LUT3 (Prop_lut3_I0_O)        0.275     6.001 f  done_i_4/O
                         net (fo=2, routed)           0.792     6.793    done_i_4_n_0
    SLICE_X31Y48         LUT6 (Prop_lut6_I5_O)        0.105     6.898 r  preamble_limit_reg[15]_i_1/O
                         net (fo=13, routed)          1.053     7.952    preamble_limit_reg[15]_i_1_n_0
    SLICE_X39Y52         FDSE                                         r  preamble_limit_reg_reg[12]/S
  -------------------------------------------------------------------    -------------------

                         (clock clk rise edge)       10.000    10.000 r
                                                      0.000    10.000 r  clk (IN)
                         net (fo=202, unset)          1.236    11.236    clk
    SLICE_X39Y52         FDSE                                         r  preamble_limit_reg_reg[12]/C
                         clock pessimism              0.000    11.236
                         clock uncertainty           -0.035    11.201
    SLICE_X39Y52         FDSE (Setup_fdse_C_S)       -0.352    10.849    preamble_limit_reg_reg[12]
  -------------------------------------------------------------------
                         required time                         10.849
                         arrival time                          -7.952
  -------------------------------------------------------------------
                         slack                                  2.897

Slack (MET) :             2.897ns  (required time - arrival time)
  Source:                 acq_index_reg[1]/C
                            (rising edge-triggered cell FDRE clocked by clk  {rise@0.000ns fall@5.000ns period=10.000ns})
  Destination:            preamble_limit_reg_reg[14]/S
                            (rising edge-triggered cell FDSE clocked by clk  {rise@0.000ns fall@5.000ns period=10.000ns})
  Path Group:             clk
  Path Type:              Setup (Max at Slow Process Corner)
  Requirement:            10.000ns  (clk rise@10.000ns - clk rise@0.000ns)
  Data Path Delay:        6.477ns  (logic 2.499ns (38.583%)  route 3.978ns (61.417%))
  Logic Levels:           8  (CARRY4=5 LUT3=1 LUT4=1 LUT6=1)
  Clock Path Skew:        -0.239ns (DCD - SCD + CPR)
    Destination Clock Delay (DCD):    1.236ns = ( 11.236 - 10.000 )
    Source Clock Delay      (SCD):    1.475ns
    Clock Pessimism Removal (CPR):    0.000ns
  Clock Uncertainty:      0.035ns  ((TSJ^2 + TIJ^2)^1/2 + DJ) / 2 + PE
    Total System Jitter     (TSJ):    0.071ns
    Total Input Jitter      (TIJ):    0.000ns
    Discrete Jitter          (DJ):    0.000ns
    Phase Error              (PE):    0.000ns

    Location             Delay type                Incr(ns)  Path(ns)    Netlist Resource(s)
  -------------------------------------------------------------------    -------------------
                         (clock clk rise edge)        0.000     0.000 r
                                                      0.000     0.000 r  clk (IN)
                         net (fo=202, unset)          1.475     1.475    clk
    SLICE_X30Y47         FDRE                                         r  acq_index_reg[1]/C
  -------------------------------------------------------------------    -------------------
    SLICE_X30Y47         FDRE (Prop_fdre_C_Q)         0.398     1.873 r  acq_index_reg[1]/Q
                         net (fo=7, routed)           0.809     2.682    acq_index_reg_n_0_[1]
    SLICE_X26Y45         CARRY4 (Prop_carry4_S[0]_CO[3])
                                                      0.655     3.337 r  acq_index_reg[4]_i_2/CO[3]
                         net (fo=1, routed)           0.000     3.337    acq_index_reg[4]_i_2_n_0
    SLICE_X26Y46         CARRY4 (Prop_carry4_CI_CO[3])
                                                      0.100     3.437 r  acq_index_reg[8]_i_2/CO[3]
                         net (fo=1, routed)           0.000     3.437    acq_index_reg[8]_i_2_n_0
    SLICE_X26Y47         CARRY4 (Prop_carry4_CI_O[1])
                                                      0.257     3.694 r  acq_index_reg[12]_i_2/O[1]
                         net (fo=2, routed)           0.532     4.226    busy2[10]
    SLICE_X27Y45         LUT4 (Prop_lut4_I0_O)        0.245     4.471 r  frame_limit_reg[15]_i_9/O
                         net (fo=1, routed)           0.000     4.471    frame_limit_reg[15]_i_9_n_0
    SLICE_X27Y45         CARRY4 (Prop_carry4_S[3]_CO[3])
                                                      0.332     4.803 r  frame_limit_reg_reg[15]_i_6/CO[3]
                         net (fo=1, routed)           0.000     4.803    frame_limit_reg_reg[15]_i_6_n_0
    SLICE_X27Y46         CARRY4 (Prop_carry4_CI_CO[1])
                                                      0.132     4.935 r  frame_limit_reg_reg[15]_i_4/CO[1]
                         net (fo=7, routed)           0.791     5.726    frame_limit_reg_reg[15]_i_4_n_2
    SLICE_X31Y49         LUT3 (Prop_lut3_I0_O)        0.275     6.001 f  done_i_4/O
                         net (fo=2, routed)           0.792     6.793    done_i_4_n_0
    SLICE_X31Y48         LUT6 (Prop_lut6_I5_O)        0.105     6.898 r  preamble_limit_reg[15]_i_1/O
                         net (fo=13, routed)          1.053     7.952    preamble_limit_reg[15]_i_1_n_0
    SLICE_X39Y52         FDSE                                         r  preamble_limit_reg_reg[14]/S
  -------------------------------------------------------------------    -------------------

                         (clock clk rise edge)       10.000    10.000 r
                                                      0.000    10.000 r  clk (IN)
                         net (fo=202, unset)          1.236    11.236    clk
    SLICE_X39Y52         FDSE                                         r  preamble_limit_reg_reg[14]/C
                         clock pessimism              0.000    11.236
                         clock uncertainty           -0.035    11.201
    SLICE_X39Y52         FDSE (Setup_fdse_C_S)       -0.352    10.849    preamble_limit_reg_reg[14]
  -------------------------------------------------------------------
                         required time                         10.849
                         arrival time                          -7.952
  -------------------------------------------------------------------
                         slack                                  2.897

Slack (MET) :             2.897ns  (required time - arrival time)
  Source:                 acq_index_reg[1]/C
                            (rising edge-triggered cell FDRE clocked by clk  {rise@0.000ns fall@5.000ns period=10.000ns})
  Destination:            preamble_limit_reg_reg[8]/S
                            (rising edge-triggered cell FDSE clocked by clk  {rise@0.000ns fall@5.000ns period=10.000ns})
  Path Group:             clk
  Path Type:              Setup (Max at Slow Process Corner)
  Requirement:            10.000ns  (clk rise@10.000ns - clk rise@0.000ns)
  Data Path Delay:        6.477ns  (logic 2.499ns (38.583%)  route 3.978ns (61.417%))
  Logic Levels:           8  (CARRY4=5 LUT3=1 LUT4=1 LUT6=1)
  Clock Path Skew:        -0.239ns (DCD - SCD + CPR)
    Destination Clock Delay (DCD):    1.236ns = ( 11.236 - 10.000 )
    Source Clock Delay      (SCD):    1.475ns
    Clock Pessimism Removal (CPR):    0.000ns
  Clock Uncertainty:      0.035ns  ((TSJ^2 + TIJ^2)^1/2 + DJ) / 2 + PE
    Total System Jitter     (TSJ):    0.071ns
    Total Input Jitter      (TIJ):    0.000ns
    Discrete Jitter          (DJ):    0.000ns
    Phase Error              (PE):    0.000ns

    Location             Delay type                Incr(ns)  Path(ns)    Netlist Resource(s)
  -------------------------------------------------------------------    -------------------
                         (clock clk rise edge)        0.000     0.000 r
                                                      0.000     0.000 r  clk (IN)
                         net (fo=202, unset)          1.475     1.475    clk
    SLICE_X30Y47         FDRE                                         r  acq_index_reg[1]/C
  -------------------------------------------------------------------    -------------------
    SLICE_X30Y47         FDRE (Prop_fdre_C_Q)         0.398     1.873 r  acq_index_reg[1]/Q
                         net (fo=7, routed)           0.809     2.682    acq_index_reg_n_0_[1]
    SLICE_X26Y45         CARRY4 (Prop_carry4_S[0]_CO[3])
                                                      0.655     3.337 r  acq_index_reg[4]_i_2/CO[3]
                         net (fo=1, routed)           0.000     3.337    acq_index_reg[4]_i_2_n_0
    SLICE_X26Y46         CARRY4 (Prop_carry4_CI_CO[3])
                                                      0.100     3.437 r  acq_index_reg[8]_i_2/CO[3]
                         net (fo=1, routed)           0.000     3.437    acq_index_reg[8]_i_2_n_0
    SLICE_X26Y47         CARRY4 (Prop_carry4_CI_O[1])
                                                      0.257     3.694 r  acq_index_reg[12]_i_2/O[1]
                         net (fo=2, routed)           0.532     4.226    busy2[10]
    SLICE_X27Y45         LUT4 (Prop_lut4_I0_O)        0.245     4.471 r  frame_limit_reg[15]_i_9/O
                         net (fo=1, routed)           0.000     4.471    frame_limit_reg[15]_i_9_n_0
    SLICE_X27Y45         CARRY4 (Prop_carry4_S[3]_CO[3])
                                                      0.332     4.803 r  frame_limit_reg_reg[15]_i_6/CO[3]
                         net (fo=1, routed)           0.000     4.803    frame_limit_reg_reg[15]_i_6_n_0
    SLICE_X27Y46         CARRY4 (Prop_carry4_CI_CO[1])
                                                      0.132     4.935 r  frame_limit_reg_reg[15]_i_4/CO[1]
                         net (fo=7, routed)           0.791     5.726    frame_limit_reg_reg[15]_i_4_n_2
    SLICE_X31Y49         LUT3 (Prop_lut3_I0_O)        0.275     6.001 f  done_i_4/O
                         net (fo=2, routed)           0.792     6.793    done_i_4_n_0
    SLICE_X31Y48         LUT6 (Prop_lut6_I5_O)        0.105     6.898 r  preamble_limit_reg[15]_i_1/O
                         net (fo=13, routed)          1.053     7.952    preamble_limit_reg[15]_i_1_n_0
    SLICE_X39Y52         FDSE                                         r  preamble_limit_reg_reg[8]/S
  -------------------------------------------------------------------    -------------------

                         (clock clk rise edge)       10.000    10.000 r
                                                      0.000    10.000 r  clk (IN)
                         net (fo=202, unset)          1.236    11.236    clk
    SLICE_X39Y52         FDSE                                         r  preamble_limit_reg_reg[8]/C
                         clock pessimism              0.000    11.236
                         clock uncertainty           -0.035    11.201
    SLICE_X39Y52         FDSE (Setup_fdse_C_S)       -0.352    10.849    preamble_limit_reg_reg[8]
  -------------------------------------------------------------------
                         required time                         10.849
                         arrival time                          -7.952
  -------------------------------------------------------------------
                         slack                                  2.897

Slack (MET) :             2.897ns  (required time - arrival time)
  Source:                 acq_index_reg[1]/C
                            (rising edge-triggered cell FDRE clocked by clk  {rise@0.000ns fall@5.000ns period=10.000ns})
  Destination:            preamble_limit_reg_reg[9]/S
                            (rising edge-triggered cell FDSE clocked by clk  {rise@0.000ns fall@5.000ns period=10.000ns})
  Path Group:             clk
  Path Type:              Setup (Max at Slow Process Corner)
  Requirement:            10.000ns  (clk rise@10.000ns - clk rise@0.000ns)
  Data Path Delay:        6.477ns  (logic 2.499ns (38.583%)  route 3.978ns (61.417%))
  Logic Levels:           8  (CARRY4=5 LUT3=1 LUT4=1 LUT6=1)
  Clock Path Skew:        -0.239ns (DCD - SCD + CPR)
    Destination Clock Delay (DCD):    1.236ns = ( 11.236 - 10.000 )
    Source Clock Delay      (SCD):    1.475ns
    Clock Pessimism Removal (CPR):    0.000ns
  Clock Uncertainty:      0.035ns  ((TSJ^2 + TIJ^2)^1/2 + DJ) / 2 + PE
    Total System Jitter     (TSJ):    0.071ns
    Total Input Jitter      (TIJ):    0.000ns
    Discrete Jitter          (DJ):    0.000ns
    Phase Error              (PE):    0.000ns

    Location             Delay type                Incr(ns)  Path(ns)    Netlist Resource(s)
  -------------------------------------------------------------------    -------------------
                         (clock clk rise edge)        0.000     0.000 r
                                                      0.000     0.000 r  clk (IN)
                         net (fo=202, unset)          1.475     1.475    clk
    SLICE_X30Y47         FDRE                                         r  acq_index_reg[1]/C
  -------------------------------------------------------------------    -------------------
    SLICE_X30Y47         FDRE (Prop_fdre_C_Q)         0.398     1.873 r  acq_index_reg[1]/Q
                         net (fo=7, routed)           0.809     2.682    acq_index_reg_n_0_[1]
    SLICE_X26Y45         CARRY4 (Prop_carry4_S[0]_CO[3])
                                                      0.655     3.337 r  acq_index_reg[4]_i_2/CO[3]
                         net (fo=1, routed)           0.000     3.337    acq_index_reg[4]_i_2_n_0
    SLICE_X26Y46         CARRY4 (Prop_carry4_CI_CO[3])
                                                      0.100     3.437 r  acq_index_reg[8]_i_2/CO[3]
                         net (fo=1, routed)           0.000     3.437    acq_index_reg[8]_i_2_n_0
    SLICE_X26Y47         CARRY4 (Prop_carry4_CI_O[1])
                                                      0.257     3.694 r  acq_index_reg[12]_i_2/O[1]
                         net (fo=2, routed)           0.532     4.226    busy2[10]
    SLICE_X27Y45         LUT4 (Prop_lut4_I0_O)        0.245     4.471 r  frame_limit_reg[15]_i_9/O
                         net (fo=1, routed)           0.000     4.471    frame_limit_reg[15]_i_9_n_0
    SLICE_X27Y45         CARRY4 (Prop_carry4_S[3]_CO[3])
                                                      0.332     4.803 r  frame_limit_reg_reg[15]_i_6/CO[3]
                         net (fo=1, routed)           0.000     4.803    frame_limit_reg_reg[15]_i_6_n_0
    SLICE_X27Y46         CARRY4 (Prop_carry4_CI_CO[1])
                                                      0.132     4.935 r  frame_limit_reg_reg[15]_i_4/CO[1]
                         net (fo=7, routed)           0.791     5.726    frame_limit_reg_reg[15]_i_4_n_2
    SLICE_X31Y49         LUT3 (Prop_lut3_I0_O)        0.275     6.001 f  done_i_4/O
                         net (fo=2, routed)           0.792     6.793    done_i_4_n_0
    SLICE_X31Y48         LUT6 (Prop_lut6_I5_O)        0.105     6.898 r  preamble_limit_reg[15]_i_1/O
                         net (fo=13, routed)          1.053     7.952    preamble_limit_reg[15]_i_1_n_0
    SLICE_X39Y52         FDSE                                         r  preamble_limit_reg_reg[9]/S
  -------------------------------------------------------------------    -------------------

                         (clock clk rise edge)       10.000    10.000 r
                                                      0.000    10.000 r  clk (IN)
                         net (fo=202, unset)          1.236    11.236    clk
    SLICE_X39Y52         FDSE                                         r  preamble_limit_reg_reg[9]/C
                         clock pessimism              0.000    11.236
                         clock uncertainty           -0.035    11.201
    SLICE_X39Y52         FDSE (Setup_fdse_C_S)       -0.352    10.849    preamble_limit_reg_reg[9]
  -------------------------------------------------------------------
                         required time                         10.849
                         arrival time                          -7.952
  -------------------------------------------------------------------
                         slack                                  2.897

Slack (MET) :             2.941ns  (required time - arrival time)
  Source:                 acq_index_reg[1]/C
                            (rising edge-triggered cell FDRE clocked by clk  {rise@0.000ns fall@5.000ns period=10.000ns})
  Destination:            preamble_limit_reg_reg[5]/S
                            (rising edge-triggered cell FDSE clocked by clk  {rise@0.000ns fall@5.000ns period=10.000ns})
  Path Group:             clk
  Path Type:              Setup (Max at Slow Process Corner)
  Requirement:            10.000ns  (clk rise@10.000ns - clk rise@0.000ns)
  Data Path Delay:        6.362ns  (logic 2.499ns (39.279%)  route 3.863ns (60.721%))
  Logic Levels:           8  (CARRY4=5 LUT3=1 LUT4=1 LUT6=1)
  Clock Path Skew:        -0.239ns (DCD - SCD + CPR)
    Destination Clock Delay (DCD):    1.236ns = ( 11.236 - 10.000 )
    Source Clock Delay      (SCD):    1.475ns
    Clock Pessimism Removal (CPR):    0.000ns
  Clock Uncertainty:      0.035ns  ((TSJ^2 + TIJ^2)^1/2 + DJ) / 2 + PE
    Total System Jitter     (TSJ):    0.071ns
    Total Input Jitter      (TIJ):    0.000ns
    Discrete Jitter          (DJ):    0.000ns
    Phase Error              (PE):    0.000ns

    Location             Delay type                Incr(ns)  Path(ns)    Netlist Resource(s)
  -------------------------------------------------------------------    -------------------
                         (clock clk rise edge)        0.000     0.000 r
                                                      0.000     0.000 r  clk (IN)
                         net (fo=202, unset)          1.475     1.475    clk
    SLICE_X30Y47         FDRE                                         r  acq_index_reg[1]/C
  -------------------------------------------------------------------    -------------------
    SLICE_X30Y47         FDRE (Prop_fdre_C_Q)         0.398     1.873 r  acq_index_reg[1]/Q
                         net (fo=7, routed)           0.809     2.682    acq_index_reg_n_0_[1]
    SLICE_X26Y45         CARRY4 (Prop_carry4_S[0]_CO[3])
                                                      0.655     3.337 r  acq_index_reg[4]_i_2/CO[3]
                         net (fo=1, routed)           0.000     3.337    acq_index_reg[4]_i_2_n_0
    SLICE_X26Y46         CARRY4 (Prop_carry4_CI_CO[3])
                                                      0.100     3.437 r  acq_index_reg[8]_i_2/CO[3]
                         net (fo=1, routed)           0.000     3.437    acq_index_reg[8]_i_2_n_0
    SLICE_X26Y47         CARRY4 (Prop_carry4_CI_O[1])
                                                      0.257     3.694 r  acq_index_reg[12]_i_2/O[1]
                         net (fo=2, routed)           0.532     4.226    busy2[10]
    SLICE_X27Y45         LUT4 (Prop_lut4_I0_O)        0.245     4.471 r  frame_limit_reg[15]_i_9/O
                         net (fo=1, routed)           0.000     4.471    frame_limit_reg[15]_i_9_n_0
    SLICE_X27Y45         CARRY4 (Prop_carry4_S[3]_CO[3])
                                                      0.332     4.803 r  frame_limit_reg_reg[15]_i_6/CO[3]
                         net (fo=1, routed)           0.000     4.803    frame_limit_reg_reg[15]_i_6_n_0
    SLICE_X27Y46         CARRY4 (Prop_carry4_CI_CO[1])
                                                      0.132     4.935 r  frame_limit_reg_reg[15]_i_4/CO[1]
                         net (fo=7, routed)           0.791     5.726    frame_limit_reg_reg[15]_i_4_n_2
    SLICE_X31Y49         LUT3 (Prop_lut3_I0_O)        0.275     6.001 f  done_i_4/O
                         net (fo=2, routed)           0.792     6.793    done_i_4_n_0
    SLICE_X31Y48         LUT6 (Prop_lut6_I5_O)        0.105     6.898 r  preamble_limit_reg[15]_i_1/O
                         net (fo=13, routed)          0.939     7.837    preamble_limit_reg[15]_i_1_n_0
    SLICE_X38Y51         FDSE                                         r  preamble_limit_reg_reg[5]/S
  -------------------------------------------------------------------    -------------------

                         (clock clk rise edge)       10.000    10.000 r
                                                      0.000    10.000 r  clk (IN)
                         net (fo=202, unset)          1.236    11.236    clk
    SLICE_X38Y51         FDSE                                         r  preamble_limit_reg_reg[5]/C
                         clock pessimism              0.000    11.236
                         clock uncertainty           -0.035    11.201
    SLICE_X38Y51         FDSE (Setup_fdse_C_S)       -0.423    10.778    preamble_limit_reg_reg[5]
  -------------------------------------------------------------------
                         required time                         10.778
                         arrival time                          -7.837
  -------------------------------------------------------------------
                         slack                                  2.941

Slack (MET) :             2.941ns  (required time - arrival time)
  Source:                 acq_index_reg[1]/C
                            (rising edge-triggered cell FDRE clocked by clk  {rise@0.000ns fall@5.000ns period=10.000ns})
  Destination:            preamble_limit_reg_reg[6]/S
                            (rising edge-triggered cell FDSE clocked by clk  {rise@0.000ns fall@5.000ns period=10.000ns})
  Path Group:             clk
  Path Type:              Setup (Max at Slow Process Corner)
  Requirement:            10.000ns  (clk rise@10.000ns - clk rise@0.000ns)
  Data Path Delay:        6.362ns  (logic 2.499ns (39.279%)  route 3.863ns (60.721%))
  Logic Levels:           8  (CARRY4=5 LUT3=1 LUT4=1 LUT6=1)
  Clock Path Skew:        -0.239ns (DCD - SCD + CPR)
    Destination Clock Delay (DCD):    1.236ns = ( 11.236 - 10.000 )
    Source Clock Delay      (SCD):    1.475ns
    Clock Pessimism Removal (CPR):    0.000ns
  Clock Uncertainty:      0.035ns  ((TSJ^2 + TIJ^2)^1/2 + DJ) / 2 + PE
    Total System Jitter     (TSJ):    0.071ns
    Total Input Jitter      (TIJ):    0.000ns
    Discrete Jitter          (DJ):    0.000ns
    Phase Error              (PE):    0.000ns

    Location             Delay type                Incr(ns)  Path(ns)    Netlist Resource(s)
  -------------------------------------------------------------------    -------------------
                         (clock clk rise edge)        0.000     0.000 r
                                                      0.000     0.000 r  clk (IN)
                         net (fo=202, unset)          1.475     1.475    clk
    SLICE_X30Y47         FDRE                                         r  acq_index_reg[1]/C
  -------------------------------------------------------------------    -------------------
    SLICE_X30Y47         FDRE (Prop_fdre_C_Q)         0.398     1.873 r  acq_index_reg[1]/Q
                         net (fo=7, routed)           0.809     2.682    acq_index_reg_n_0_[1]
    SLICE_X26Y45         CARRY4 (Prop_carry4_S[0]_CO[3])
                                                      0.655     3.337 r  acq_index_reg[4]_i_2/CO[3]
                         net (fo=1, routed)           0.000     3.337    acq_index_reg[4]_i_2_n_0
    SLICE_X26Y46         CARRY4 (Prop_carry4_CI_CO[3])
                                                      0.100     3.437 r  acq_index_reg[8]_i_2/CO[3]
                         net (fo=1, routed)           0.000     3.437    acq_index_reg[8]_i_2_n_0
    SLICE_X26Y47         CARRY4 (Prop_carry4_CI_O[1])
                                                      0.257     3.694 r  acq_index_reg[12]_i_2/O[1]
                         net (fo=2, routed)           0.532     4.226    busy2[10]
    SLICE_X27Y45         LUT4 (Prop_lut4_I0_O)        0.245     4.471 r  frame_limit_reg[15]_i_9/O
                         net (fo=1, routed)           0.000     4.471    frame_limit_reg[15]_i_9_n_0
    SLICE_X27Y45         CARRY4 (Prop_carry4_S[3]_CO[3])
                                                      0.332     4.803 r  frame_limit_reg_reg[15]_i_6/CO[3]
                         net (fo=1, routed)           0.000     4.803    frame_limit_reg_reg[15]_i_6_n_0
    SLICE_X27Y46         CARRY4 (Prop_carry4_CI_CO[1])
                                                      0.132     4.935 r  frame_limit_reg_reg[15]_i_4/CO[1]
                         net (fo=7, routed)           0.791     5.726    frame_limit_reg_reg[15]_i_4_n_2
    SLICE_X31Y49         LUT3 (Prop_lut3_I0_O)        0.275     6.001 f  done_i_4/O
                         net (fo=2, routed)           0.792     6.793    done_i_4_n_0
    SLICE_X31Y48         LUT6 (Prop_lut6_I5_O)        0.105     6.898 r  preamble_limit_reg[15]_i_1/O
                         net (fo=13, routed)          0.939     7.837    preamble_limit_reg[15]_i_1_n_0
    SLICE_X38Y51         FDSE                                         r  preamble_limit_reg_reg[6]/S
  -------------------------------------------------------------------    -------------------

                         (clock clk rise edge)       10.000    10.000 r
                                                      0.000    10.000 r  clk (IN)
                         net (fo=202, unset)          1.236    11.236    clk
    SLICE_X38Y51         FDSE                                         r  preamble_limit_reg_reg[6]/C
                         clock pessimism              0.000    11.236
                         clock uncertainty           -0.035    11.201
    SLICE_X38Y51         FDSE (Setup_fdse_C_S)       -0.423    10.778    preamble_limit_reg_reg[6]
  -------------------------------------------------------------------
                         required time                         10.778
                         arrival time                          -7.837
  -------------------------------------------------------------------
                         slack                                  2.941





Pulse Width Checks
--------------------------------------------------------------------------------------
Clock Name:         clk
Waveform(ns):       { 0.000 5.000 }
Period(ns):         10.000
Sources:            { clk }

Check Type        Corner  Lib Pin  Reference Pin  Required(ns)  Actual(ns)  Slack(ns)  Location      Pin
Min Period        n/a     FDRE/C   n/a            1.000         10.000      9.000      SLICE_X30Y47  acq_index_reg[0]/C
Min Period        n/a     FDRE/C   n/a            1.000         10.000      9.000      SLICE_X27Y47  acq_index_reg[10]/C
Min Period        n/a     FDRE/C   n/a            1.000         10.000      9.000      SLICE_X27Y47  acq_index_reg[11]/C
Min Period        n/a     FDRE/C   n/a            1.000         10.000      9.000      SLICE_X27Y48  acq_index_reg[12]/C
Min Period        n/a     FDRE/C   n/a            1.000         10.000      9.000      SLICE_X27Y48  acq_index_reg[13]/C
Min Period        n/a     FDRE/C   n/a            1.000         10.000      9.000      SLICE_X27Y48  acq_index_reg[14]/C
Min Period        n/a     FDRE/C   n/a            1.000         10.000      9.000      SLICE_X27Y48  acq_index_reg[15]/C
Min Period        n/a     FDRE/C   n/a            1.000         10.000      9.000      SLICE_X30Y47  acq_index_reg[1]/C
Min Period        n/a     FDRE/C   n/a            1.000         10.000      9.000      SLICE_X28Y47  acq_index_reg[2]/C
Min Period        n/a     FDRE/C   n/a            1.000         10.000      9.000      SLICE_X28Y47  acq_index_reg[3]/C
Low Pulse Width   Slow    FDRE/C   n/a            0.500         5.000       4.500      SLICE_X30Y47  acq_index_reg[0]/C
Low Pulse Width   Fast    FDRE/C   n/a            0.500         5.000       4.500      SLICE_X30Y47  acq_index_reg[0]/C
Low Pulse Width   Slow    FDRE/C   n/a            0.500         5.000       4.500      SLICE_X27Y47  acq_index_reg[10]/C
Low Pulse Width   Fast    FDRE/C   n/a            0.500         5.000       4.500      SLICE_X27Y47  acq_index_reg[10]/C
Low Pulse Width   Slow    FDRE/C   n/a            0.500         5.000       4.500      SLICE_X27Y47  acq_index_reg[11]/C
Low Pulse Width   Fast    FDRE/C   n/a            0.500         5.000       4.500      SLICE_X27Y47  acq_index_reg[11]/C
Low Pulse Width   Slow    FDRE/C   n/a            0.500         5.000       4.500      SLICE_X27Y48  acq_index_reg[12]/C
Low Pulse Width   Fast    FDRE/C   n/a            0.500         5.000       4.500      SLICE_X27Y48  acq_index_reg[12]/C
Low Pulse Width   Slow    FDRE/C   n/a            0.500         5.000       4.500      SLICE_X27Y48  acq_index_reg[13]/C
Low Pulse Width   Fast    FDRE/C   n/a            0.500         5.000       4.500      SLICE_X27Y48  acq_index_reg[13]/C
High Pulse Width  Slow    FDRE/C   n/a            0.500         5.000       4.500      SLICE_X30Y47  acq_index_reg[0]/C
High Pulse Width  Fast    FDRE/C   n/a            0.500         5.000       4.500      SLICE_X30Y47  acq_index_reg[0]/C
High Pulse Width  Slow    FDRE/C   n/a            0.500         5.000       4.500      SLICE_X27Y47  acq_index_reg[10]/C
High Pulse Width  Fast    FDRE/C   n/a            0.500         5.000       4.500      SLICE_X27Y47  acq_index_reg[10]/C
High Pulse Width  Slow    FDRE/C   n/a            0.500         5.000       4.500      SLICE_X27Y47  acq_index_reg[11]/C
High Pulse Width  Fast    FDRE/C   n/a            0.500         5.000       4.500      SLICE_X27Y47  acq_index_reg[11]/C
High Pulse Width  Slow    FDRE/C   n/a            0.500         5.000       4.500      SLICE_X27Y48  acq_index_reg[12]/C
High Pulse Width  Fast    FDRE/C   n/a            0.500         5.000       4.500      SLICE_X27Y48  acq_index_reg[12]/C
High Pulse Width  Slow    FDRE/C   n/a            0.500         5.000       4.500      SLICE_X27Y48  acq_index_reg[13]/C
High Pulse Width  Fast    FDRE/C   n/a            0.500         5.000       4.500      SLICE_X27Y48  acq_index_reg[13]/C
