Copyright 1986-2021 Xilinx, Inc. All Rights Reserved.
--------------------------------------------------------------------------------------------------------------------------------------------------------------------------------------------------
| Tool Version : Vivado v.2021.1 (win64) Build 3247384 Thu Jun 10 19:36:33 MDT 2021
| Date         : normalized
| Host         : normalized
| Command      : report_timing_summary -delay_type max -max_paths 10 -file <output_dir>/bpsk_framed_tx_chain_post_route_timing_summary.rpt
| Design       : bpsk_framed_tx_chain
| Device       : 7z020-clg400
| Speed File   : -2  PRODUCTION 1.12 2019-11-22
--------------------------------------------------------------------------------------------------------------------------------------------------------------------------------------------------

Timing Summary Report

------------------------------------------------------------------------------------------------
| Timer Settings
| --------------
------------------------------------------------------------------------------------------------

  Enable Multi Corner Analysis               :  Yes
  Enable Pessimism Removal                   :  Yes
  Pessimism Removal Resolution               :  Nearest Common Node
  Enable Input Delay Default Clock           :  No
  Enable Preset / Clear Arcs                 :  No
  Disable Flight Delays                      :  No
  Ignore I/O Paths                           :  No
  Timing Early Launch at Borrowing Latches   :  No
  Borrow Time for Max Delay Exceptions       :  Yes
  Merge Timing Exceptions                    :  Yes

  Corner  Analyze    Analyze
  Name    Max Paths  Min Paths
  ------  ---------  ---------
  Slow    Yes        Yes
  Fast    Yes        Yes


------------------------------------------------------------------------------------------------
| Report Methodology
| ------------------
------------------------------------------------------------------------------------------------

No report available as report_methodology has not been run prior. Run report_methodology on the current design for the summary of methodology violations.



check_timing report

Table of Contents
-----------------
1. checking no_clock (0)
2. checking constant_clock (0)
3. checking pulse_width_clock (0)
4. checking unconstrained_internal_endpoints (0)
5. checking no_input_delay (0)
6. checking no_output_delay (0)
7. checking multiple_clock (0)
8. checking generated_clocks (0)
9. checking loops (0)
10. checking partial_input_delay (0)
11. checking partial_output_delay (0)
12. checking latch_loops (0)

1. checking no_clock (0)
------------------------
 There are 0 register/latch pins with no clock.


2. checking constant_clock (0)
------------------------------
 There are 0 register/latch pins with constant_clock.


3. checking pulse_width_clock (0)
---------------------------------
 There are 0 register/latch pins which need pulse_width check


4. checking unconstrained_internal_endpoints (0)
------------------------------------------------
 There are 0 pins that are not constrained for maximum delay.

 There are 0 pins that are not constrained for maximum delay due to constant clock.


5. checking no_input_delay (0)
------------------------------
 There are 0 input ports with no input delay specified.

 There are 0 input ports with no input delay but user has a false path constraint.


6. checking no_output_delay (0)
-------------------------------
 There are 0 ports with no output delay specified.

 There are 0 ports with no output delay but user has a false path constraint

 There are 0 ports with no output delay but with a timing clock defined on it or propagating through it


7. checking multiple_clock (0)
------------------------------
 There are 0 register/latch pins with multiple clocks.


8. checking generated_clocks (0)
--------------------------------
 There are 0 generated clocks that are not connected to a clock source.


9. checking loops (0)
---------------------
 There are 0 combinational loops in the design.


10. checking partial_input_delay (0)
------------------------------------
 There are 0 input ports with partial input delay specified.


11. checking partial_output_delay (0)
-------------------------------------
 There are 0 ports with partial output delay specified.


12. checking latch_loops (0)
----------------------------
 There are 0 combinational latch loops in the design through latch input



------------------------------------------------------------------------------------------------
| Design Timing Summary
| ---------------------
------------------------------------------------------------------------------------------------

    WNS(ns)      TNS(ns)  TNS Failing Endpoints  TNS Total Endpoints     WPWS(ns)     TPWS(ns)  TPWS Failing Endpoints  TPWS Total Endpoints
    -------      -------  ---------------------  -------------------     --------     --------  ----------------------  --------------------
      3.946        0.000                      0                 8077        4.500        0.000                       0                   689


All user specified timing constraints are met.


------------------------------------------------------------------------------------------------
| Clock Summary
| -------------
------------------------------------------------------------------------------------------------

Clock  Waveform(ns)       Period(ns)      Frequency(MHz)
-----  ------------       ----------      --------------
clk    {0.000 5.000}      10.000          100.000


------------------------------------------------------------------------------------------------
| Intra Clock Table
| -----------------
------------------------------------------------------------------------------------------------

Clock             WNS(ns)      TNS(ns)  TNS Failing Endpoints  TNS Total Endpoints     WPWS(ns)     TPWS(ns)  TPWS Failing Endpoints  TPWS Total Endpoints
-----             -------      -------  ---------------------  -------------------     --------     --------  ----------------------  --------------------
clk                 3.946        0.000                      0                 8077        4.500        0.000                       0                   689


------------------------------------------------------------------------------------------------
| Inter Clock Table
| -----------------
------------------------------------------------------------------------------------------------

From Clock    To Clock          WNS(ns)      TNS(ns)  TNS Failing Endpoints  TNS Total Endpoints
----------    --------          -------      -------  ---------------------  -------------------


------------------------------------------------------------------------------------------------
| Other Path Groups Table
| -----------------------
------------------------------------------------------------------------------------------------

Path Group    From Clock    To Clock          WNS(ns)      TNS(ns)  TNS Failing Endpoints  TNS Total Endpoints
----------    ----------    --------          -------      -------  ---------------------  -------------------


------------------------------------------------------------------------------------------------
| Timing Details
| --------------
------------------------------------------------------------------------------------------------


---------------------------------------------------------------------------------------------------
From Clock:  clk
  To Clock:  clk

Setup :            0  Failing Endpoints,  Worst Slack        3.946ns,  Total Violation        0.000ns
Hold  :           NA  Failing Endpoints,  Worst Slack           NA  ,  Total Violation           NA
PW    :            0  Failing Endpoints,  Worst Slack        4.500ns,  Total Violation        0.000ns
---------------------------------------------------------------------------------------------------


Max Delay Paths
--------------------------------------------------------------------------------------
Slack (MET) :             3.946ns  (required time - arrival time)
  Source:                 tx_fir_i/stage0_valid_reg/C
                            (rising edge-triggered cell FDRE clocked by clk  {rise@0.000ns fall@5.000ns period=10.000ns})
  Destination:            tx_fir_i/sum1_i_reg[15]/CEP
                            (rising edge-triggered cell DSP48E1 clocked by clk  {rise@0.000ns fall@5.000ns period=10.000ns})
  Path Group:             clk
  Path Type:              Setup (Max at Slow Process Corner)
  Requirement:            10.000ns  (clk rise@10.000ns - clk rise@0.000ns)
  Data Path Delay:        5.490ns  (logic 0.433ns (7.887%)  route 5.057ns (92.113%))
  Logic Levels:           0
  Clock Path Skew:        -0.102ns (DCD - SCD + CPR)
    Destination Clock Delay (DCD):    1.403ns = ( 11.403 - 10.000 )
    Source Clock Delay      (SCD):    1.505ns
    Clock Pessimism Removal (CPR):    0.000ns
  Clock Uncertainty:      0.035ns  ((TSJ^2 + TIJ^2)^1/2 + DJ) / 2 + PE
    Total System Jitter     (TSJ):    0.071ns
    Total Input Jitter      (TIJ):    0.000ns
    Discrete Jitter          (DJ):    0.000ns
    Phase Error              (PE):    0.000ns

    Location             Delay type                Incr(ns)  Path(ns)    Netlist Resource(s)
  -------------------------------------------------------------------    -------------------
                         (clock clk rise edge)        0.000     0.000 r
                                                      0.000     0.000 r  clk (IN)
                         net (fo=688, unset)          1.505     1.505    tx_fir_i/clk
    SLICE_X94Y55         FDRE                                         r  tx_fir_i/stage0_valid_reg/C
  -------------------------------------------------------------------    -------------------
    SLICE_X94Y55         FDRE (Prop_fdre_C_Q)         0.433     1.938 r  tx_fir_i/stage0_valid_reg/Q
                         net (fo=35, routed)          5.057     6.995    tx_fir_i/stage0_valid
    DSP48_X1Y4           DSP48E1                                      r  tx_fir_i/sum1_i_reg[15]/CEP
  -------------------------------------------------------------------    -------------------

                         (clock clk rise edge)       10.000    10.000 r
                                                      0.000    10.000 r  clk (IN)
                         net (fo=688, unset)          1.403    11.403    tx_fir_i/clk
    DSP48_X1Y4           DSP48E1                                      r  tx_fir_i/sum1_i_reg[15]/CLK
                         clock pessimism              0.000    11.403
                         clock uncertainty           -0.035    11.367
    DSP48_X1Y4           DSP48E1 (Setup_dsp48e1_CLK_CEP)
                                                     -0.426    10.941    tx_fir_i/sum1_i_reg[15]
  -------------------------------------------------------------------
                         required time                         10.941
                         arrival time                          -6.995
  -------------------------------------------------------------------
                         slack                                  3.946

Slack (MET) :             3.982ns  (required time - arrival time)
  Source:                 tx_fir_i/stage0_valid_reg/C
                            (rising edge-triggered cell FDRE clocked by clk  {rise@0.000ns fall@5.000ns period=10.000ns})
  Destination:            tx_fir_i/sum1_i_reg[10]/CEP
                            (rising edge-triggered cell DSP48E1 clocked by clk  {rise@0.000ns fall@5.000ns period=10.000ns})
  Path Group:             clk
  Path Type:              Setup (Max at Slow Process Corner)
  Requirement:            10.000ns  (clk rise@10.000ns - clk rise@0.000ns)
  Data Path Delay:        5.457ns  (logic 0.433ns (7.934%)  route 5.024ns (92.066%))
  Logic Levels:           0
  Clock Path Skew:        -0.099ns (DCD - SCD + CPR)
    Destination Clock Delay (DCD):    1.406ns = ( 11.406 - 10.000 )
    Source Clock Delay      (SCD):    1.505ns
    Clock Pessimism Removal (CPR):    0.000ns
  Clock Uncertainty:      0.035ns  ((TSJ^2 + TIJ^2)^1/2 + DJ) / 2 + PE
    Total System Jitter     (TSJ):    0.071ns
    Total Input Jitter      (TIJ):    0.000ns
    Discrete Jitter          (DJ):    0.000ns
    Phase Error              (PE):    0.000ns

    Location             Delay type                Incr(ns)  Path(ns)    Netlist Resource(s)
  -------------------------------------------------------------------    -------------------
                         (clock clk rise edge)        0.000     0.000 r
                                                      0.000     0.000 r  clk (IN)
                         net (fo=688, unset)          1.505     1.505    tx_fir_i/clk
    SLICE_X94Y55         FDRE                                         r  tx_fir_i/stage0_valid_reg/C
  -------------------------------------------------------------------    -------------------
    SLICE_X94Y55         FDRE (Prop_fdre_C_Q)         0.433     1.938 r  tx_fir_i/stage0_valid_reg/Q
                         net (fo=35, routed)          5.024     6.962    tx_fir_i/stage0_valid
    DSP48_X1Y0           DSP48E1                                      r  tx_fir_i/sum1_i_reg[10]/CEP
  -------------------------------------------------------------------    -------------------

                         (clock clk rise edge)       10.000    10.000 r
                                                      0.000    10.000 r  clk (IN)
                         net (fo=688, unset)          1.406    11.406    tx_fir_i/clk
    DSP48_X1Y0           DSP48E1                                      r  tx_fir_i/sum1_i_reg[10]/CLK
                         clock pessimism              0.000    11.406
                         clock uncertainty           -0.035    11.370
    DSP48_X1Y0           DSP48E1 (Setup_dsp48e1_CLK_CEP)
                                                     -0.426    10.944    tx_fir_i/sum1_i_reg[10]
  -------------------------------------------------------------------
                         required time                         10.944
                         arrival time                          -6.962
  -------------------------------------------------------------------
                         slack                                  3.982

Slack (MET) :             3.982ns  (required time - arrival time)
  Source:                 tx_fir_i/stage0_valid_reg/C
                            (rising edge-triggered cell FDRE clocked by clk  {rise@0.000ns fall@5.000ns period=10.000ns})
  Destination:            tx_fir_i/sum1_i_reg[14]/CEP
                            (rising edge-triggered cell DSP48E1 clocked by clk  {rise@0.000ns fall@5.000ns period=10.000ns})
  Path Group:             clk
  Path Type:              Setup (Max at Slow Process Corner)
  Requirement:            10.000ns  (clk rise@10.000ns - clk rise@0.000ns)
  Data Path Delay:        5.457ns  (logic 0.433ns (7.934%)  route 5.024ns (92.066%))
  Logic Levels:           0
  Clock Path Skew:        -0.099ns (DCD - SCD + CPR)
    Destination Clock Delay (DCD):    1.406ns = ( 11.406 - 10.000 )
    Source Clock Delay      (SCD):    1.505ns
    Clock Pessimism Removal (CPR):    0.000ns
  Clock Uncertainty:      0.035ns  ((TSJ^2 + TIJ^2)^1/2 + DJ) / 2 + PE
    Total System Jitter     (TSJ):    0.071ns
    Total Input Jitter      (TIJ):    0.000ns
    Discrete Jitter          (DJ):    0.000ns
    Phase Error              (PE):    0.000ns

    Location             Delay type                Incr(ns)  Path(ns)    Netlist Resource(s)
  -------------------------------------------------------------------    -------------------
                         (clock clk rise edge)        0.000     0.000 r
                                                      0.000     0.000 r  clk (IN)
                         net (fo=688, unset)          1.505     1.505    tx_fir_i/clk
    SLICE_X94Y55         FDRE                                         r  tx_fir_i/stage0_valid_reg/C
  -------------------------------------------------------------------    -------------------
    SLICE_X94Y55         FDRE (Prop_fdre_C_Q)         0.433     1.938 r  tx_fir_i/stage0_valid_reg/Q
                         net (fo=35, routed)          5.024     6.962    tx_fir_i/stage0_valid
    DSP48_X1Y1           DSP48E1                                      r  tx_fir_i/sum1_i_reg[14]/CEP
  -------------------------------------------------------------------    -------------------

                         (clock clk rise edge)       10.000    10.000 r
                                                      0.000    10.000 r  clk (IN)
                         net (fo=688, unset)          1.406    11.406    tx_fir_i/clk
    DSP48_X1Y1           DSP48E1                                      r  tx_fir_i/sum1_i_reg[14]/CLK
                         clock pessimism              0.000    11.406
                         clock uncertainty           -0.035    11.370
    DSP48_X1Y1           DSP48E1 (Setup_dsp48e1_CLK_CEP)
                                                     -0.426    10.944    tx_fir_i/sum1_i_reg[14]
  -------------------------------------------------------------------
                         required time                         10.944
                         arrival time                          -6.962
  -------------------------------------------------------------------
                         slack                                  3.982

Slack (MET) :             4.046ns  (required time - arrival time)
  Source:                 tx_fir_i/sum6_i_reg[0][14]/C
                            (rising edge-triggered cell FDRE clocked by clk  {rise@0.000ns fall@5.000ns period=10.000ns})
  Destination:            tx_fir_i/out_i_reg[5]/D
                            (rising edge-triggered cell FDRE clocked by clk  {rise@0.000ns fall@5.000ns period=10.000ns})
  Path Group:             clk
  Path Type:              Setup (Max at Slow Process Corner)
  Requirement:            10.000ns  (clk rise@10.000ns - clk rise@0.000ns)
  Data Path Delay:        5.923ns  (logic 2.880ns (48.625%)  route 3.043ns (51.375%))
  Logic Levels:           13  (CARRY4=10 LUT1=2 LUT3=1)
  Clock Path Skew:        -0.028ns (DCD - SCD + CPR)
    Destination Clock Delay (DCD):    1.312ns = ( 11.312 - 10.000 )
    Source Clock Delay      (SCD):    1.470ns
    Clock Pessimism Removal (CPR):    0.130ns
  Clock Uncertainty:      0.035ns  ((TSJ^2 + TIJ^2)^1/2 + DJ) / 2 + PE
    Total System Jitter     (TSJ):    0.071ns
    Total Input Jitter      (TIJ):    0.000ns
    Discrete Jitter          (DJ):    0.000ns
    Phase Error              (PE):    0.000ns

    Location             Delay type                Incr(ns)  Path(ns)    Netlist Resource(s)
  -------------------------------------------------------------------    -------------------
                         (clock clk rise edge)        0.000     0.000 r
                                                      0.000     0.000 r  clk (IN)
                         net (fo=688, unset)          1.470     1.470    tx_fir_i/clk
    SLICE_X20Y20         FDRE                                         r  tx_fir_i/sum6_i_reg[0][14]/C
  -------------------------------------------------------------------    -------------------
    SLICE_X20Y20         FDRE (Prop_fdre_C_Q)         0.433     1.903 f  tx_fir_i/sum6_i_reg[0][14]/Q
                         net (fo=2, routed)           0.669     2.572    tx_fir_i/sum6_i_reg[0][14]
    SLICE_X18Y20         LUT1 (Prop_lut1_I0_O)        0.105     2.677 r  tx_fir_i/round_q15_return0_carry_i_1/O
                         net (fo=1, routed)           0.000     2.677    tx_fir_i/round_q15_return0_carry_i_1_n_0
    SLICE_X18Y20         CARRY4 (Prop_carry4_S[1]_CO[3])
                                                      0.444     3.121 r  tx_fir_i/round_q15_return0_carry/CO[3]
                         net (fo=1, routed)           0.000     3.121    tx_fir_i/round_q15_return0_carry_n_0
    SLICE_X18Y21         CARRY4 (Prop_carry4_CI_CO[3])
                                                      0.100     3.221 r  tx_fir_i/round_q15_return0_carry__0/CO[3]
                         net (fo=1, routed)           0.000     3.221    tx_fir_i/round_q15_return0_carry__0_n_0
    SLICE_X18Y22         CARRY4 (Prop_carry4_CI_CO[3])
                                                      0.100     3.321 r  tx_fir_i/round_q15_return0_carry__1/CO[3]
                         net (fo=1, routed)           0.000     3.321    tx_fir_i/round_q15_return0_carry__1_n_0
    SLICE_X18Y23         CARRY4 (Prop_carry4_CI_CO[3])
                                                      0.100     3.421 r  tx_fir_i/round_q15_return0_carry__2/CO[3]
                         net (fo=1, routed)           0.000     3.421    tx_fir_i/round_q15_return0_carry__2_n_0
    SLICE_X18Y24         CARRY4 (Prop_carry4_CI_CO[3])
                                                      0.100     3.521 r  tx_fir_i/round_q15_return0_carry__3/CO[3]
                         net (fo=1, routed)           0.008     3.529    tx_fir_i/round_q15_return0_carry__3_n_0
    SLICE_X18Y25         CARRY4 (Prop_carry4_CI_CO[3])
                                                      0.100     3.629 r  tx_fir_i/round_q15_return0_carry__4/CO[3]
                         net (fo=1, routed)           0.000     3.629    tx_fir_i/round_q15_return0_carry__4_n_0
    SLICE_X18Y26         CARRY4 (Prop_carry4_CI_O[2])
                                                      0.199     3.828 f  tx_fir_i/round_q15_return0_carry__5/O[2]
                         net (fo=30, routed)          1.047     4.875    tx_fir_i/round_q15_return0[39]
    SLICE_X21Y26         LUT1 (Prop_lut1_I0_O)        0.244     5.119 r  tx_fir_i/i__carry__0_i_2/O
                         net (fo=1, routed)           0.000     5.119    tx_fir_i/i__carry__0_i_2_n_0
    SLICE_X21Y26         CARRY4 (Prop_carry4_S[3]_CO[3])
                                                      0.332     5.451 r  tx_fir_i/sat_q151_inferred__0/i__carry__0/CO[3]
                         net (fo=1, routed)           0.000     5.451    tx_fir_i/sat_q151_inferred__0/i__carry__0_n_0
    SLICE_X21Y27         CARRY4 (Prop_carry4_CI_CO[3])
                                                      0.098     5.549 r  tx_fir_i/sat_q151_inferred__0/i__carry__1/CO[3]
                         net (fo=1, routed)           0.000     5.549    tx_fir_i/sat_q151_inferred__0/i__carry__1_n_0
    SLICE_X21Y28         CARRY4 (Prop_carry4_CI_CO[0])
                                                      0.216     5.765 r  tx_fir_i/sat_q151_inferred__0/i__carry__2/CO[0]
                         net (fo=16, routed)          1.319     7.084    tx_fir_i/sat_q1510_in
    SLICE_X21Y21         LUT3 (Prop_lut3_I0_O)        0.309     7.393 r  tx_fir_i/out_i[5]_i_1/O
                         net (fo=1, routed)           0.000     7.393    tx_fir_i/sat_q15_return[5]
    SLICE_X21Y21         FDRE                                         r  tx_fir_i/out_i_reg[5]/D
  -------------------------------------------------------------------    -------------------

                         (clock clk rise edge)       10.000    10.000 r
                                                      0.000    10.000 r  clk (IN)
                         net (fo=688, unset)          1.312    11.312    tx_fir_i/clk
    SLICE_X21Y21         FDRE                                         r  tx_fir_i/out_i_reg[5]/C
                         clock pessimism              0.130    11.442
                         clock uncertainty           -0.035    11.407
    SLICE_X21Y21         FDRE (Setup_fdre_C_D)        0.032    11.439    tx_fir_i/out_i_reg[5]
  -------------------------------------------------------------------
                         required time                         11.439
                         arrival time                          -7.393
  -------------------------------------------------------------------
                         slack                                  4.046

Slack (MET) :             4.067ns  (required time - arrival time)
  Source:                 tx_fir_i/sum6_i_reg[0][14]/C
                            (rising edge-triggered cell FDRE clocked by clk  {rise@0.000ns fall@5.000ns period=10.000ns})
  Destination:            tx_fir_i/out_i_reg[6]/D
                            (rising edge-triggered cell FDRE clocked by clk  {rise@0.000ns fall@5.000ns period=10.000ns})
  Path Group:             clk
  Path Type:              Setup (Max at Slow Process Corner)
  Requirement:            10.000ns  (clk rise@10.000ns - clk rise@0.000ns)
  Data Path Delay:        5.939ns  (logic 2.896ns (48.764%)  route 3.043ns (51.236%))
  Logic Levels:           13  (CARRY4=10 LUT1=2 LUT3=1)
  Clock Path Skew:        -0.028ns (DCD - SCD + CPR)
    Destination Clock Delay (DCD):    1.312ns = ( 11.312 - 10.000 )
    Source Clock Delay      (SCD):    1.470ns
    Clock Pessimism Removal (CPR):    0.130ns
  Clock Uncertainty:      0.035ns  ((TSJ^2 + TIJ^2)^1/2 + DJ) / 2 + PE
    Total System Jitter     (TSJ):    0.071ns
    Total Input Jitter      (TIJ):    0.000ns
    Discrete Jitter          (DJ):    0.000ns
    Phase Error              (PE):    0.000ns

    Location             Delay type                Incr(ns)  Path(ns)    Netlist Resource(s)
  -------------------------------------------------------------------    -------------------
                         (clock clk rise edge)        0.000     0.000 r
                                                      0.000     0.000 r  clk (IN)
                         net (fo=688, unset)          1.470     1.470    tx_fir_i/clk
    SLICE_X20Y20         FDRE                                         r  tx_fir_i/sum6_i_reg[0][14]/C
  -------------------------------------------------------------------    -------------------
    SLICE_X20Y20         FDRE (Prop_fdre_C_Q)         0.433     1.903 f  tx_fir_i/sum6_i_reg[0][14]/Q
                         net (fo=2, routed)           0.669     2.572    tx_fir_i/sum6_i_reg[0][14]
    SLICE_X18Y20         LUT1 (Prop_lut1_I0_O)        0.105     2.677 r  tx_fir_i/round_q15_return0_carry_i_1/O
                         net (fo=1, routed)           0.000     2.677    tx_fir_i/round_q15_return0_carry_i_1_n_0
    SLICE_X18Y20         CARRY4 (Prop_carry4_S[1]_CO[3])
                                                      0.444     3.121 r  tx_fir_i/round_q15_return0_carry/CO[3]
                         net (fo=1, routed)           0.000     3.121    tx_fir_i/round_q15_return0_carry_n_0
    SLICE_X18Y21         CARRY4 (Prop_carry4_CI_CO[3])
                                                      0.100     3.221 r  tx_fir_i/round_q15_return0_carry__0/CO[3]
                         net (fo=1, routed)           0.000     3.221    tx_fir_i/round_q15_return0_carry__0_n_0
    SLICE_X18Y22         CARRY4 (Prop_carry4_CI_CO[3])
                                                      0.100     3.321 r  tx_fir_i/round_q15_return0_carry__1/CO[3]
                         net (fo=1, routed)           0.000     3.321    tx_fir_i/round_q15_return0_carry__1_n_0
    SLICE_X18Y23         CARRY4 (Prop_carry4_CI_CO[3])
                                                      0.100     3.421 r  tx_fir_i/round_q15_return0_carry__2/CO[3]
                         net (fo=1, routed)           0.000     3.421    tx_fir_i/round_q15_return0_carry__2_n_0
    SLICE_X18Y24         CARRY4 (Prop_carry4_CI_CO[3])
                                                      0.100     3.521 r  tx_fir_i/round_q15_return0_carry__3/CO[3]
                         net (fo=1, routed)           0.008     3.529    tx_fir_i/round_q15_return0_carry__3_n_0
    SLICE_X18Y25         CARRY4 (Prop_carry4_CI_CO[3])
                                                      0.100     3.629 r  tx_fir_i/round_q15_return0_carry__4/CO[3]
                         net (fo=1, routed)           0.000     3.629    tx_fir_i/round_q15_return0_carry__4_n_0
    SLICE_X18Y26         CARRY4 (Prop_carry4_CI_O[2])
                                                      0.199     3.828 f  tx_fir_i/round_q15_return0_carry__5/O[2]
                         net (fo=30, routed)          1.047     4.875    tx_fir_i/round_q15_return0[39]
    SLICE_X21Y26         LUT1 (Prop_lut1_I0_O)        0.244     5.119 r  tx_fir_i/i__carry__0_i_2/O
                         net (fo=1, routed)           0.000     5.119    tx_fir_i/i__carry__0_i_2_n_0
    SLICE_X21Y26         CARRY4 (Prop_carry4_S[3]_CO[3])
                                                      0.332     5.451 r  tx_fir_i/sat_q151_inferred__0/i__carry__0/CO[3]
                         net (fo=1, routed)           0.000     5.451    tx_fir_i/sat_q151_inferred__0/i__carry__0_n_0
    SLICE_X21Y27         CARRY4 (Prop_carry4_CI_CO[3])
                                                      0.098     5.549 r  tx_fir_i/sat_q151_inferred__0/i__carry__1/CO[3]
                         net (fo=1, routed)           0.000     5.549    tx_fir_i/sat_q151_inferred__0/i__carry__1_n_0
    SLICE_X21Y28         CARRY4 (Prop_carry4_CI_CO[0])
                                                      0.216     5.765 r  tx_fir_i/sat_q151_inferred__0/i__carry__2/CO[0]
                         net (fo=16, routed)          1.319     7.084    tx_fir_i/sat_q1510_in
    SLICE_X21Y21         LUT3 (Prop_lut3_I0_O)        0.325     7.409 r  tx_fir_i/out_i[6]_i_1/O
                         net (fo=1, routed)           0.000     7.409    tx_fir_i/sat_q15_return[6]
    SLICE_X21Y21         FDRE                                         r  tx_fir_i/out_i_reg[6]/D
  -------------------------------------------------------------------    -------------------

                         (clock clk rise edge)       10.000    10.000 r
                                                      0.000    10.000 r  clk (IN)
                         net (fo=688, unset)          1.312    11.312    tx_fir_i/clk
    SLICE_X21Y21         FDRE                                         r  tx_fir_i/out_i_reg[6]/C
                         clock pessimism              0.130    11.442
                         clock uncertainty           -0.035    11.407
    SLICE_X21Y21         FDRE (Setup_fdre_C_D)        0.069    11.476    tx_fir_i/out_i_reg[6]
  -------------------------------------------------------------------
                         required time                         11.476
                         arrival time                          -7.409
  -------------------------------------------------------------------
                         slack                                  4.067

Slack (MET) :             4.144ns  (required time - arrival time)
  Source:                 tx_fir_i/stage0_valid_reg/C
                            (rising edge-triggered cell FDRE clocked by clk  {rise@0.000ns fall@5.000ns period=10.000ns})
  Destination:            tx_fir_i/sum1_i_reg[8]/CEP
                            (rising edge-triggered cell DSP48E1 clocked by clk  {rise@0.000ns fall@5.000ns period=10.000ns})
  Path Group:             clk
  Path Type:              Setup (Max at Slow Process Corner)
  Requirement:            10.000ns  (clk rise@10.000ns - clk rise@0.000ns)
  Data Path Delay:        5.299ns  (logic 0.433ns (8.171%)  route 4.866ns (91.829%))
  Logic Levels:           0
  Clock Path Skew:        -0.095ns (DCD - SCD + CPR)
    Destination Clock Delay (DCD):    1.410ns = ( 11.410 - 10.000 )
    Source Clock Delay      (SCD):    1.505ns
    Clock Pessimism Removal (CPR):    0.000ns
  Clock Uncertainty:      0.035ns  ((TSJ^2 + TIJ^2)^1/2 + DJ) / 2 + PE
    Total System Jitter     (TSJ):    0.071ns
    Total Input Jitter      (TIJ):    0.000ns
    Discrete Jitter          (DJ):    0.000ns
    Phase Error              (PE):    0.000ns

    Location             Delay type                Incr(ns)  Path(ns)    Netlist Resource(s)
  -------------------------------------------------------------------    -------------------
                         (clock clk rise edge)        0.000     0.000 r
                                                      0.000     0.000 r  clk (IN)
                         net (fo=688, unset)          1.505     1.505    tx_fir_i/clk
    SLICE_X94Y55         FDRE                                         r  tx_fir_i/stage0_valid_reg/C
  -------------------------------------------------------------------    -------------------
    SLICE_X94Y55         FDRE (Prop_fdre_C_Q)         0.433     1.938 r  tx_fir_i/stage0_valid_reg/Q
                         net (fo=35, routed)          4.866     6.804    tx_fir_i/stage0_valid
    DSP48_X0Y1           DSP48E1                                      r  tx_fir_i/sum1_i_reg[8]/CEP
  -------------------------------------------------------------------    -------------------

                         (clock clk rise edge)       10.000    10.000 r
                                                      0.000    10.000 r  clk (IN)
                         net (fo=688, unset)          1.410    11.410    tx_fir_i/clk
    DSP48_X0Y1           DSP48E1                                      r  tx_fir_i/sum1_i_reg[8]/CLK
                         clock pessimism              0.000    11.410
                         clock uncertainty           -0.035    11.374
    DSP48_X0Y1           DSP48E1 (Setup_dsp48e1_CLK_CEP)
                                                     -0.426    10.948    tx_fir_i/sum1_i_reg[8]
  -------------------------------------------------------------------
                         required time                         10.948
                         arrival time                          -6.804
  -------------------------------------------------------------------
                         slack                                  4.144

Slack (MET) :             4.221ns  (required time - arrival time)
  Source:                 tx_fir_i/stage0_valid_reg/C
                            (rising edge-triggered cell FDRE clocked by clk  {rise@0.000ns fall@5.000ns period=10.000ns})
  Destination:            tx_fir_i/sum1_i_reg[16]/CEP
                            (rising edge-triggered cell DSP48E1 clocked by clk  {rise@0.000ns fall@5.000ns period=10.000ns})
  Path Group:             clk
  Path Type:              Setup (Max at Slow Process Corner)
  Requirement:            10.000ns  (clk rise@10.000ns - clk rise@0.000ns)
  Data Path Delay:        5.218ns  (logic 0.433ns (8.298%)  route 4.785ns (91.702%))
  Logic Levels:           0
  Clock Path Skew:        -0.099ns (DCD - SCD + CPR)
    Destination Clock Delay (DCD):    1.406ns = ( 11.406 - 10.000 )
    Source Clock Delay      (SCD):    1.505ns
    Clock Pessimism Removal (CPR):    0.000ns
  Clock Uncertainty:      0.035ns  ((TSJ^2 + TIJ^2)^1/2 + DJ) / 2 + PE
    Total System Jitter     (TSJ):    0.071ns
    Total Input Jitter      (TIJ):    0.000ns
    Discrete Jitter          (DJ):    0.000ns
    Phase Error              (PE):    0.000ns

    Location             Delay type                Incr(ns)  Path(ns)    Netlist Resource(s)
  -------------------------------------------------------------------    -------------------
                         (clock clk rise edge)        0.000     0.000 r
                                                      0.000     0.000 r  clk (IN)
                         net (fo=688, unset)          1.505     1.505    tx_fir_i/clk
    SLICE_X94Y55         FDRE                                         r  tx_fir_i/stage0_valid_reg/C
  -------------------------------------------------------------------    -------------------
    SLICE_X94Y55         FDRE (Prop_fdre_C_Q)         0.433     1.938 r  tx_fir_i/stage0_valid_reg/Q
                         net (fo=35, routed)          4.785     6.723    tx_fir_i/stage0_valid
    DSP48_X1Y2           DSP48E1                                      r  tx_fir_i/sum1_i_reg[16]/CEP
  -------------------------------------------------------------------    -------------------

                         (clock clk rise edge)       10.000    10.000 r
                                                      0.000    10.000 r  clk (IN)
                         net (fo=688, unset)          1.406    11.406    tx_fir_i/clk
    DSP48_X1Y2           DSP48E1                                      r  tx_fir_i/sum1_i_reg[16]/CLK
                         clock pessimism              0.000    11.406
                         clock uncertainty           -0.035    11.370
    DSP48_X1Y2           DSP48E1 (Setup_dsp48e1_CLK_CEP)
                                                     -0.426    10.944    tx_fir_i/sum1_i_reg[16]
  -------------------------------------------------------------------
                         required time                         10.944
                         arrival time                          -6.723
  -------------------------------------------------------------------
                         slack                                  4.221

Slack (MET) :             4.344ns  (required time - arrival time)
  Source:                 tx_fir_i/sum6_i_reg[0][14]/C
                            (rising edge-triggered cell FDRE clocked by clk  {rise@0.000ns fall@5.000ns period=10.000ns})
  Destination:            tx_fir_i/out_i_reg[1]/D
                            (rising edge-triggered cell FDRE clocked by clk  {rise@0.000ns fall@5.000ns period=10.000ns})
  Path Group:             clk
  Path Type:              Setup (Max at Slow Process Corner)
  Requirement:            10.000ns  (clk rise@10.000ns - clk rise@0.000ns)
  Data Path Delay:        5.623ns  (logic 2.961ns (52.663%)  route 2.662ns (47.337%))
  Logic Levels:           13  (CARRY4=10 LUT1=1 LUT2=1 LUT3=1)
  Clock Path Skew:        -0.028ns (DCD - SCD + CPR)
    Destination Clock Delay (DCD):    1.312ns = ( 11.312 - 10.000 )
    Source Clock Delay      (SCD):    1.470ns
    Clock Pessimism Removal (CPR):    0.130ns
  Clock Uncertainty:      0.035ns  ((TSJ^2 + TIJ^2)^1/2 + DJ) / 2 + PE
    Total System Jitter     (TSJ):    0.071ns
    Total Input Jitter      (TIJ):    0.000ns
    Discrete Jitter          (DJ):    0.000ns
    Phase Error              (PE):    0.000ns

    Location             Delay type                Incr(ns)  Path(ns)    Netlist Resource(s)
  -------------------------------------------------------------------    -------------------
                         (clock clk rise edge)        0.000     0.000 r
                                                      0.000     0.000 r  clk (IN)
                         net (fo=688, unset)          1.470     1.470    tx_fir_i/clk
    SLICE_X20Y20         FDRE                                         r  tx_fir_i/sum6_i_reg[0][14]/C
  -------------------------------------------------------------------    -------------------
    SLICE_X20Y20         FDRE (Prop_fdre_C_Q)         0.433     1.903 f  tx_fir_i/sum6_i_reg[0][14]/Q
                         net (fo=2, routed)           0.669     2.572    tx_fir_i/sum6_i_reg[0][14]
    SLICE_X18Y20         LUT1 (Prop_lut1_I0_O)        0.105     2.677 r  tx_fir_i/round_q15_return0_carry_i_1/O
                         net (fo=1, routed)           0.000     2.677    tx_fir_i/round_q15_return0_carry_i_1_n_0
    SLICE_X18Y20         CARRY4 (Prop_carry4_S[1]_CO[3])
                                                      0.444     3.121 r  tx_fir_i/round_q15_return0_carry/CO[3]
                         net (fo=1, routed)           0.000     3.121    tx_fir_i/round_q15_return0_carry_n_0
    SLICE_X18Y21         CARRY4 (Prop_carry4_CI_CO[3])
                                                      0.100     3.221 r  tx_fir_i/round_q15_return0_carry__0/CO[3]
                         net (fo=1, routed)           0.000     3.221    tx_fir_i/round_q15_return0_carry__0_n_0
    SLICE_X18Y22         CARRY4 (Prop_carry4_CI_CO[3])
                                                      0.100     3.321 r  tx_fir_i/round_q15_return0_carry__1/CO[3]
                         net (fo=1, routed)           0.000     3.321    tx_fir_i/round_q15_return0_carry__1_n_0
    SLICE_X18Y23         CARRY4 (Prop_carry4_CI_CO[3])
                                                      0.100     3.421 r  tx_fir_i/round_q15_return0_carry__2/CO[3]
                         net (fo=1, routed)           0.000     3.421    tx_fir_i/round_q15_return0_carry__2_n_0
    SLICE_X18Y24         CARRY4 (Prop_carry4_CI_CO[3])
                                                      0.100     3.521 r  tx_fir_i/round_q15_return0_carry__3/CO[3]
                         net (fo=1, routed)           0.008     3.529    tx_fir_i/round_q15_return0_carry__3_n_0
    SLICE_X18Y25         CARRY4 (Prop_carry4_CI_CO[3])
                                                      0.100     3.629 r  tx_fir_i/round_q15_return0_carry__4/CO[3]
                         net (fo=1, routed)           0.000     3.629    tx_fir_i/round_q15_return0_carry__4_n_0
    SLICE_X18Y26         CARRY4 (Prop_carry4_CI_O[0])
                                                      0.178     3.807 r  tx_fir_i/round_q15_return0_carry__5/O[0]
                         net (fo=4, routed)           0.705     4.512    tx_fir_i/round_q15_return0[37]
    SLICE_X19Y26         LUT2 (Prop_lut2_I0_O)        0.238     4.750 r  tx_fir_i/sat_q151_carry__0_i_5/O
                         net (fo=1, routed)           0.000     4.750    tx_fir_i/sat_q151_carry__0_i_5_n_0
    SLICE_X19Y26         CARRY4 (Prop_carry4_S[0]_CO[3])
                                                      0.440     5.190 r  tx_fir_i/sat_q151_carry__0/CO[3]
                         net (fo=1, routed)           0.000     5.190    tx_fir_i/sat_q151_carry__0_n_0
    SLICE_X19Y27         CARRY4 (Prop_carry4_CI_CO[3])
                                                      0.098     5.288 r  tx_fir_i/sat_q151_carry__1/CO[3]
                         net (fo=1, routed)           0.000     5.288    tx_fir_i/sat_q151_carry__1_n_0
    SLICE_X19Y28         CARRY4 (Prop_carry4_CI_CO[0])
                                                      0.216     5.504 f  tx_fir_i/sat_q151_carry__2/CO[0]
                         net (fo=16, routed)          1.279     6.784    tx_fir_i/sat_q151
    SLICE_X21Y21         LUT3 (Prop_lut3_I1_O)        0.309     7.093 r  tx_fir_i/out_i[1]_i_1/O
                         net (fo=1, routed)           0.000     7.093    tx_fir_i/sat_q15_return[1]
    SLICE_X21Y21         FDRE                                         r  tx_fir_i/out_i_reg[1]/D
  -------------------------------------------------------------------    -------------------

                         (clock clk rise edge)       10.000    10.000 r
                                                      0.000    10.000 r  clk (IN)
                         net (fo=688, unset)          1.312    11.312    tx_fir_i/clk
    SLICE_X21Y21         FDRE                                         r  tx_fir_i/out_i_reg[1]/C
                         clock pessimism              0.130    11.442
                         clock uncertainty           -0.035    11.407
    SLICE_X21Y21         FDRE (Setup_fdre_C_D)        0.030    11.437    tx_fir_i/out_i_reg[1]
  -------------------------------------------------------------------
                         required time                         11.437
                         arrival time                          -7.093
  -------------------------------------------------------------------
                         slack                                  4.344

Slack (MET) :             4.346ns  (required time - arrival time)
  Source:                 tx_fir_i/sum6_i_reg[0][14]/C
                            (rising edge-triggered cell FDRE clocked by clk  {rise@0.000ns fall@5.000ns period=10.000ns})
  Destination:            tx_fir_i/out_i_reg[3]/D
                            (rising edge-triggered cell FDRE clocked by clk  {rise@0.000ns fall@5.000ns period=10.000ns})
  Path Group:             clk
  Path Type:              Setup (Max at Slow Process Corner)
  Requirement:            10.000ns  (clk rise@10.000ns - clk rise@0.000ns)
  Data Path Delay:        5.623ns  (logic 2.961ns (52.663%)  route 2.662ns (47.337%))
  Logic Levels:           13  (CARRY4=10 LUT1=1 LUT2=1 LUT3=1)
  Clock Path Skew:        -0.028ns (DCD - SCD + CPR)
    Destination Clock Delay (DCD):    1.312ns = ( 11.312 - 10.000 )
    Source Clock Delay      (SCD):    1.470ns
    Clock Pessimism Removal (CPR):    0.130ns
  Clock Uncertainty:      0.035ns  ((TSJ^2 + TIJ^2)^1/2 + DJ) / 2 + PE
    Total System Jitter     (TSJ):    0.071ns
    Total Input Jitter      (TIJ):    0.000ns
    Discrete Jitter          (DJ):    0.000ns
    Phase Error              (PE):    0.000ns

    Location             Delay type                Incr(ns)  Path(ns)    Netlist Resource(s)
  -------------------------------------------------------------------    -------------------
                         (clock clk rise edge)        0.000     0.000 r
                                                      0.000     0.000 r  clk (IN)
                         net (fo=688, unset)          1.470     1.470    tx_fir_i/clk
    SLICE_X20Y20         FDRE                                         r  tx_fir_i/sum6_i_reg[0][14]/C
  -------------------------------------------------------------------    -------------------
    SLICE_X20Y20         FDRE (Prop_fdre_C_Q)         0.433     1.903 f  tx_fir_i/sum6_i_reg[0][14]/Q
                         net (fo=2, routed)           0.669     2.572    tx_fir_i/sum6_i_reg[0][14]
    SLICE_X18Y20         LUT1 (Prop_lut1_I0_O)        0.105     2.677 r  tx_fir_i/round_q15_return0_carry_i_1/O
                         net (fo=1, routed)           0.000     2.677    tx_fir_i/round_q15_return0_carry_i_1_n_0
    SLICE_X18Y20         CARRY4 (Prop_carry4_S[1]_CO[3])
                                                      0.444     3.121 r  tx_fir_i/round_q15_return0_carry/CO[3]
                         net (fo=1, routed)           0.000     3.121    tx_fir_i/round_q15_return0_carry_n_0
    SLICE_X18Y21         CARRY4 (Prop_carry4_CI_CO[3])
                                                      0.100     3.221 r  tx_fir_i/round_q15_return0_carry__0/CO[3]
                         net (fo=1, routed)           0.000     3.221    tx_fir_i/round_q15_return0_carry__0_n_0
    SLICE_X18Y22         CARRY4 (Prop_carry4_CI_CO[3])
                                                      0.100     3.321 r  tx_fir_i/round_q15_return0_carry__1/CO[3]
                         net (fo=1, routed)           0.000     3.321    tx_fir_i/round_q15_return0_carry__1_n_0
    SLICE_X18Y23         CARRY4 (Prop_carry4_CI_CO[3])
                                                      0.100     3.421 r  tx_fir_i/round_q15_return0_carry__2/CO[3]
                         net (fo=1, routed)           0.000     3.421    tx_fir_i/round_q15_return0_carry__2_n_0
    SLICE_X18Y24         CARRY4 (Prop_carry4_CI_CO[3])
                                                      0.100     3.521 r  tx_fir_i/round_q15_return0_carry__3/CO[3]
                         net (fo=1, routed)           0.008     3.529    tx_fir_i/round_q15_return0_carry__3_n_0
    SLICE_X18Y25         CARRY4 (Prop_carry4_CI_CO[3])
                                                      0.100     3.629 r  tx_fir_i/round_q15_return0_carry__4/CO[3]
                         net (fo=1, routed)           0.000     3.629    tx_fir_i/round_q15_return0_carry__4_n_0
    SLICE_X18Y26         CARRY4 (Prop_carry4_CI_O[0])
                                                      0.178     3.807 r  tx_fir_i/round_q15_return0_carry__5/O[0]
                         net (fo=4, routed)           0.705     4.512    tx_fir_i/round_q15_return0[37]
    SLICE_X19Y26         LUT2 (Prop_lut2_I0_O)        0.238     4.750 r  tx_fir_i/sat_q151_carry__0_i_5/O
                         net (fo=1, routed)           0.000     4.750    tx_fir_i/sat_q151_carry__0_i_5_n_0
    SLICE_X19Y26         CARRY4 (Prop_carry4_S[0]_CO[3])
                                                      0.440     5.190 r  tx_fir_i/sat_q151_carry__0/CO[3]
                         net (fo=1, routed)           0.000     5.190    tx_fir_i/sat_q151_carry__0_n_0
    SLICE_X19Y27         CARRY4 (Prop_carry4_CI_CO[3])
                                                      0.098     5.288 r  tx_fir_i/sat_q151_carry__1/CO[3]
                         net (fo=1, routed)           0.000     5.288    tx_fir_i/sat_q151_carry__1_n_0
    SLICE_X19Y28         CARRY4 (Prop_carry4_CI_CO[0])
                                                      0.216     5.504 f  tx_fir_i/sat_q151_carry__2/CO[0]
                         net (fo=16, routed)          1.279     6.784    tx_fir_i/sat_q151
    SLICE_X21Y21         LUT3 (Prop_lut3_I1_O)        0.309     7.093 r  tx_fir_i/out_i[3]_i_1/O
                         net (fo=1, routed)           0.000     7.093    tx_fir_i/sat_q15_return[3]
    SLICE_X21Y21         FDRE                                         r  tx_fir_i/out_i_reg[3]/D
  -------------------------------------------------------------------    -------------------

                         (clock clk rise edge)       10.000    10.000 r
                                                      0.000    10.000 r  clk (IN)
                         net (fo=688, unset)          1.312    11.312    tx_fir_i/clk
    SLICE_X21Y21         FDRE                                         r  tx_fir_i/out_i_reg[3]/C
                         clock pessimism              0.130    11.442
                         clock uncertainty           -0.035    11.407
    SLICE_X21Y21         FDRE (Setup_fdre_C_D)        0.032    11.439    tx_fir_i/out_i_reg[3]
  -------------------------------------------------------------------
                         required time                         11.439
                         arrival time                          -7.093
  -------------------------------------------------------------------
                         slack                                  4.346

Slack (MET) :             4.373ns  (required time - arrival time)
  Source:                 tx_fir_i/sum6_i_reg[0][14]/C
                            (rising edge-triggered cell FDRE clocked by clk  {rise@0.000ns fall@5.000ns period=10.000ns})
  Destination:            tx_fir_i/out_i_reg[2]/D
                            (rising edge-triggered cell FDRE clocked by clk  {rise@0.000ns fall@5.000ns period=10.000ns})
  Path Group:             clk
  Path Type:              Setup (Max at Slow Process Corner)
  Requirement:            10.000ns  (clk rise@10.000ns - clk rise@0.000ns)
  Data Path Delay:        5.633ns  (logic 2.971ns (52.747%)  route 2.662ns (47.253%))
  Logic Levels:           13  (CARRY4=10 LUT1=1 LUT2=1 LUT3=1)
  Clock Path Skew:        -0.028ns (DCD - SCD + CPR)
    Destination Clock Delay (DCD):    1.312ns = ( 11.312 - 10.000 )
    Source Clock Delay      (SCD):    1.470ns
    Clock Pessimism Removal (CPR):    0.130ns
  Clock Uncertainty:      0.035ns  ((TSJ^2 + TIJ^2)^1/2 + DJ) / 2 + PE
    Total System Jitter     (TSJ):    0.071ns
    Total Input Jitter      (TIJ):    0.000ns
    Discrete Jitter          (DJ):    0.000ns
    Phase Error              (PE):    0.000ns

    Location             Delay type                Incr(ns)  Path(ns)    Netlist Resource(s)
  -------------------------------------------------------------------    -------------------
                         (clock clk rise edge)        0.000     0.000 r
                                                      0.000     0.000 r  clk (IN)
                         net (fo=688, unset)          1.470     1.470    tx_fir_i/clk
    SLICE_X20Y20         FDRE                                         r  tx_fir_i/sum6_i_reg[0][14]/C
  -------------------------------------------------------------------    -------------------
    SLICE_X20Y20         FDRE (Prop_fdre_C_Q)         0.433     1.903 f  tx_fir_i/sum6_i_reg[0][14]/Q
                         net (fo=2, routed)           0.669     2.572    tx_fir_i/sum6_i_reg[0][14]
    SLICE_X18Y20         LUT1 (Prop_lut1_I0_O)        0.105     2.677 r  tx_fir_i/round_q15_return0_carry_i_1/O
                         net (fo=1, routed)           0.000     2.677    tx_fir_i/round_q15_return0_carry_i_1_n_0
    SLICE_X18Y20         CARRY4 (Prop_carry4_S[1]_CO[3])
                                                      0.444     3.121 r  tx_fir_i/round_q15_return0_carry/CO[3]
                         net (fo=1, routed)           0.000     3.121    tx_fir_i/round_q15_return0_carry_n_0
    SLICE_X18Y21         CARRY4 (Prop_carry4_CI_CO[3])
                                                      0.100     3.221 r  tx_fir_i/round_q15_return0_carry__0/CO[3]
                         net (fo=1, routed)           0.000     3.221    tx_fir_i/round_q15_return0_carry__0_n_0
    SLICE_X18Y22         CARRY4 (Prop_carry4_CI_CO[3])
                                                      0.100     3.321 r  tx_fir_i/round_q15_return0_carry__1/CO[3]
                         net (fo=1, routed)           0.000     3.321    tx_fir_i/round_q15_return0_carry__1_n_0
    SLICE_X18Y23         CARRY4 (Prop_carry4_CI_CO[3])
                                                      0.100     3.421 r  tx_fir_i/round_q15_return0_carry__2/CO[3]
                         net (fo=1, routed)           0.000     3.421    tx_fir_i/round_q15_return0_carry__2_n_0
    SLICE_X18Y24         CARRY4 (Prop_carry4_CI_CO[3])
                                                      0.100     3.521 r  tx_fir_i/round_q15_return0_carry__3/CO[3]
                         net (fo=1, routed)           0.008     3.529    tx_fir_i/round_q15_return0_carry__3_n_0
    SLICE_X18Y25         CARRY4 (Prop_carry4_CI_CO[3])
                                                      0.100     3.629 r  tx_fir_i/round_q15_return0_carry__4/CO[3]
                         net (fo=1, routed)           0.000     3.629    tx_fir_i/round_q15_return0_carry__4_n_0
    SLICE_X18Y26         CARRY4 (Prop_carry4_CI_O[0])
                                                      0.178     3.807 r  tx_fir_i/round_q15_return0_carry__5/O[0]
                         net (fo=4, routed)           0.705     4.512    tx_fir_i/round_q15_return0[37]
    SLICE_X19Y26         LUT2 (Prop_lut2_I0_O)        0.238     4.750 r  tx_fir_i/sat_q151_carry__0_i_5/O
                         net (fo=1, routed)           0.000     4.750    tx_fir_i/sat_q151_carry__0_i_5_n_0
    SLICE_X19Y26         CARRY4 (Prop_carry4_S[0]_CO[3])
                                                      0.440     5.190 r  tx_fir_i/sat_q151_carry__0/CO[3]
                         net (fo=1, routed)           0.000     5.190    tx_fir_i/sat_q151_carry__0_n_0
    SLICE_X19Y27         CARRY4 (Prop_carry4_CI_CO[3])
                                                      0.098     5.288 r  tx_fir_i/sat_q151_carry__1/CO[3]
                         net (fo=1, routed)           0.000     5.288    tx_fir_i/sat_q151_carry__1_n_0
    SLICE_X19Y28         CARRY4 (Prop_carry4_CI_CO[0])
                                                      0.216     5.504 f  tx_fir_i/sat_q151_carry__2/CO[0]
                         net (fo=16, routed)          1.279     6.784    tx_fir_i/sat_q151
    SLICE_X21Y21         LUT3 (Prop_lut3_I1_O)        0.319     7.103 r  tx_fir_i/out_i[2]_i_1/O
                         net (fo=1, routed)           0.000     7.103    tx_fir_i/sat_q15_return[2]
    SLICE_X21Y21         FDRE                                         r  tx_fir_i/out_i_reg[2]/D
  -------------------------------------------------------------------    -------------------

                         (clock clk rise edge)       10.000    10.000 r
                                                      0.000    10.000 r  clk (IN)
                         net (fo=688, unset)          1.312    11.312    tx_fir_i/clk
    SLICE_X21Y21         FDRE                                         r  tx_fir_i/out_i_reg[2]/C
                         clock pessimism              0.130    11.442
                         clock uncertainty           -0.035    11.407
    SLICE_X21Y21         FDRE (Setup_fdre_C_D)        0.069    11.476    tx_fir_i/out_i_reg[2]
  -------------------------------------------------------------------
                         required time                         11.476
                         arrival time                          -7.103
  -------------------------------------------------------------------
                         slack                                  4.373





Pulse Width Checks
--------------------------------------------------------------------------------------
Clock Name:         clk
Waveform(ns):       { 0.000 5.000 }
Period(ns):         10.000
Sources:            { clk }

Check Type        Corner  Lib Pin      Reference Pin  Required(ns)  Actual(ns)  Slack(ns)  Location      Pin
Min Period        n/a     DSP48E1/CLK  n/a            2.997         10.000      7.003      DSP48_X2Y20   tx_fir_i/prod_i_reg[0]/CLK
Min Period        n/a     DSP48E1/CLK  n/a            2.997         10.000      7.003      DSP48_X0Y16   tx_fir_i/prod_i_reg[10]/CLK
Min Period        n/a     DSP48E1/CLK  n/a            2.997         10.000      7.003      DSP48_X2Y11   tx_fir_i/prod_i_reg[12]/CLK
Min Period        n/a     DSP48E1/CLK  n/a            2.997         10.000      7.003      DSP48_X1Y9    tx_fir_i/prod_i_reg[14]/CLK
Min Period        n/a     DSP48E1/CLK  n/a            2.997         10.000      7.003      DSP48_X2Y2    tx_fir_i/prod_i_reg[16]/CLK
Min Period        n/a     DSP48E1/CLK  n/a            2.997         10.000      7.003      DSP48_X0Y0    tx_fir_i/prod_i_reg[18]/CLK
Min Period        n/a     DSP48E1/CLK  n/a            2.997         10.000      7.003      DSP48_X2Y0    tx_fir_i/prod_i_reg[20]/CLK
Min Period        n/a     DSP48E1/CLK  n/a            2.997         10.000      7.003      DSP48_X0Y7    tx_fir_i/prod_i_reg[22]/CLK
Min Period        n/a     DSP48E1/CLK  n/a            2.997         10.000      7.003      DSP48_X0Y12   tx_fir_i/prod_i_reg[24]/CLK
Min Period        n/a     DSP48E1/CLK  n/a            2.997         10.000      7.003      DSP48_X0Y11   tx_fir_i/prod_i_reg[26]/CLK
Low Pulse Width   Slow    FDRE/C       n/a            0.500         5.000       4.500      SLICE_X25Y42  flush_active_reg/C
Low Pulse Width   Fast    FDRE/C       n/a            0.500         5.000       4.500      SLICE_X25Y42  flush_active_reg/C
Low Pulse Width   Slow    FDRE/C       n/a            0.500         5.000       4.500      SLICE_X21Y42  flush_remaining_reg[0]/C
Low Pulse Width   Fast    FDRE/C       n/a            0.500         5.000       4.500      SLICE_X21Y42  flush_remaining_reg[0]/C
Low Pulse Width   Slow    FDRE/C       n/a            0.500         5.000       4.500      SLICE_X22Y44  flush_remaining_reg[10]/C
Low Pulse Width   Fast    FDRE/C       n/a            0.500         5.000       4.500      SLICE_X22Y44  flush_remaining_reg[10]/C
Low Pulse Width   Slow    FDRE/C       n/a            0.500         5.000       4.500      SLICE_X22Y44  flush_remaining_reg[11]/C
Low Pulse Width   Fast    FDRE/C       n/a            0.500         5.000       4.500      SLICE_X22Y44  flush_remaining_reg[11]/C
Low Pulse Width   Slow    FDRE/C       n/a            0.500         5.000       4.500      SLICE_X22Y44  flush_remaining_reg[12]/C
Low Pulse Width   Fast    FDRE/C       n/a            0.500         5.000       4.500      SLICE_X22Y44  flush_remaining_reg[12]/C
High Pulse Width  Slow    FDRE/C       n/a            0.500         5.000       4.500      SLICE_X25Y42  flush_active_reg/C
High Pulse Width  Fast    FDRE/C       n/a            0.500         5.000       4.500      SLICE_X25Y42  flush_active_reg/C
High Pulse Width  Slow    FDRE/C       n/a            0.500         5.000       4.500      SLICE_X21Y42  flush_remaining_reg[0]/C
High Pulse Width  Fast    FDRE/C       n/a            0.500         5.000       4.500      SLICE_X21Y42  flush_remaining_reg[0]/C
High Pulse Width  Slow    FDRE/C       n/a            0.500         5.000       4.500      SLICE_X22Y44  flush_remaining_reg[10]/C
High Pulse Width  Fast    FDRE/C       n/a            0.500         5.000       4.500      SLICE_X22Y44  flush_remaining_reg[10]/C
High Pulse Width  Slow    FDRE/C       n/a            0.500         5.000       4.500      SLICE_X22Y44  flush_remaining_reg[11]/C
High Pulse Width  Fast    FDRE/C       n/a            0.500         5.000       4.500      SLICE_X22Y44  flush_remaining_reg[11]/C
High Pulse Width  Slow    FDRE/C       n/a            0.500         5.000       4.500      SLICE_X22Y44  flush_remaining_reg[12]/C
High Pulse Width  Fast    FDRE/C       n/a            0.500         5.000       4.500      SLICE_X22Y44  flush_remaining_reg[12]/C
