Copyright 1986-2021 Xilinx, Inc. All Rights Reserved.
------------------------------------------------------------------------------------------------------------------------------------------------------------------------------------------------------
| Tool Version : Vivado v.2021.1 (win64) Build 3247384 Thu Jun 10 19:36:33 MDT 2021
| Date         : normalized
| Host         : normalized
| Command      : report_timing_summary -delay_type max -max_paths 10 -file <output_dir>/bpsk_framed_tx_chain_post_synthesis_timing_summary.rpt
| Design       : bpsk_framed_tx_chain
| Device       : 7z020-clg400
| Speed File   : -2  PRODUCTION 1.12 2019-11-22
------------------------------------------------------------------------------------------------------------------------------------------------------------------------------------------------------

Timing Summary Report

------------------------------------------------------------------------------------------------
| Timer Settings
| --------------
------------------------------------------------------------------------------------------------

  Enable Multi Corner Analysis               :  Yes
  Enable Pessimism Removal                   :  Yes
  Pessimism Removal Resolution               :  Nearest Common Node
  Enable Input Delay Default Clock           :  No
  Enable Preset / Clear Arcs                 :  No
  Disable Flight Delays                      :  No
  Ignore I/O Paths                           :  No
  Timing Early Launch at Borrowing Latches   :  No
  Borrow Time for Max Delay Exceptions       :  Yes
  Merge Timing Exceptions                    :  Yes

  Corner  Analyze    Analyze
  Name    Max Paths  Min Paths
  ------  ---------  ---------
  Slow    Yes        Yes
  Fast    Yes        Yes


------------------------------------------------------------------------------------------------
| Report Methodology
| ------------------
------------------------------------------------------------------------------------------------

No report available as report_methodology has not been run prior. Run report_methodology on the current design for the summary of methodology violations.



check_timing report

Table of Contents
-----------------
1. checking no_clock (0)
2. checking constant_clock (0)
3. checking pulse_width_clock (0)
4. checking unconstrained_internal_endpoints (0)
5. checking no_input_delay (0)
6. checking no_output_delay (0)
7. checking multiple_clock (0)
8. checking generated_clocks (0)
9. checking loops (0)
10. checking partial_input_delay (0)
11. checking partial_output_delay (0)
12. checking latch_loops (0)

1. checking no_clock (0)
------------------------
 There are 0 register/latch pins with no clock.


2. checking constant_clock (0)
------------------------------
 There are 0 register/latch pins with constant_clock.


3. checking pulse_width_clock (0)
---------------------------------
 There are 0 register/latch pins which need pulse_width check


4. checking unconstrained_internal_endpoints (0)
------------------------------------------------
 There are 0 pins that are not constrained for maximum delay.

 There are 0 pins that are not constrained for maximum delay due to constant clock.


5. checking no_input_delay (0)
------------------------------
 There are 0 input ports with no input delay specified.

 There are 0 input ports with no input delay but user has a false path constraint.


6. checking no_output_delay (0)
-------------------------------
 There are 0 ports with no output delay specified.

 There are 0 ports with no output delay but user has a false path constraint

 There are 0 ports with no output delay but with a timing clock defined on it or propagating through it


7. checking multiple_clock (0)
------------------------------
 There are 0 register/latch pins with multiple clocks.


8. checking generated_clocks (0)
--------------------------------
 There are 0 generated clocks that are not connected to a clock source.


9. checking loops (0)
---------------------
 There are 0 combinational loops in the design.


10. checking partial_input_delay (0)
------------------------------------
 There are 0 input ports with partial input delay specified.


11. checking partial_output_delay (0)
-------------------------------------
 There are 0 ports with partial output delay specified.


12. checking latch_loops (0)
----------------------------
 There are 0 combinational latch loops in the design through latch input



------------------------------------------------------------------------------------------------
| Design Timing Summary
| ---------------------
------------------------------------------------------------------------------------------------

    WNS(ns)      TNS(ns)  TNS Failing Endpoints  TNS Total Endpoints     WPWS(ns)     TPWS(ns)  TPWS Failing Endpoints  TPWS Total Endpoints
    -------      -------  ---------------------  -------------------     --------     --------  ----------------------  --------------------
      5.144        0.000                      0                 8077        4.500        0.000                       0                   689


All user specified timing constraints are met.


------------------------------------------------------------------------------------------------
| Clock Summary
| -------------
------------------------------------------------------------------------------------------------

Clock  Waveform(ns)       Period(ns)      Frequency(MHz)
-----  ------------       ----------      --------------
clk    {0.000 5.000}      10.000          100.000


------------------------------------------------------------------------------------------------
| Intra Clock Table
| -----------------
------------------------------------------------------------------------------------------------

Clock             WNS(ns)      TNS(ns)  TNS Failing Endpoints  TNS Total Endpoints     WPWS(ns)     TPWS(ns)  TPWS Failing Endpoints  TPWS Total Endpoints
-----             -------      -------  ---------------------  -------------------     --------     --------  ----------------------  --------------------
clk                 5.144        0.000                      0                 8077        4.500        0.000                       0                   689


------------------------------------------------------------------------------------------------
| Inter Clock Table
| -----------------
------------------------------------------------------------------------------------------------

From Clock    To Clock          WNS(ns)      TNS(ns)  TNS Failing Endpoints  TNS Total Endpoints
----------    --------          -------      -------  ---------------------  -------------------


------------------------------------------------------------------------------------------------
| Other Path Groups Table
| -----------------------
------------------------------------------------------------------------------------------------

Path Group    From Clock    To Clock          WNS(ns)      TNS(ns)  TNS Failing Endpoints  TNS Total Endpoints
----------    ----------    --------          -------      -------  ---------------------  -------------------


------------------------------------------------------------------------------------------------
| Timing Details
| --------------
------------------------------------------------------------------------------------------------


---------------------------------------------------------------------------------------------------
From Clock:  clk
  To Clock:  clk

Setup :            0  Failing Endpoints,  Worst Slack        5.144ns,  Total Violation        0.000ns
Hold  :           NA  Failing Endpoints,  Worst Slack           NA  ,  Total Violation           NA
PW    :            0  Failing Endpoints,  Worst Slack        4.500ns,  Total Violation        0.000ns
---------------------------------------------------------------------------------------------------


Max Delay Paths
--------------------------------------------------------------------------------------
Slack (MET) :             5.144ns  (required time - arrival time)
  Source:                 tx_fir_i/sum6_i_reg[0][16]/C
                            (rising edge-triggered cell FDRE clocked by clk  {rise@0.000ns fall@5.000ns period=10.000ns})
  Destination:            tx_fir_i/out_i_reg[15]/D
                            (rising edge-triggered cell FDRE clocked by clk  {rise@0.000ns fall@5.000ns period=10.000ns})
  Path Group:             clk
  Path Type:              Setup (Max at Slow Process Corner)
  Requirement:            10.000ns  (clk rise@10.000ns - clk rise@0.000ns)
  Data Path Delay:        4.749ns  (logic 2.906ns (61.192%)  route 1.843ns (38.808%))
  Logic Levels:           11  (CARRY4=10 LUT3=1)
  Clock Path Skew:        -0.039ns (DCD - SCD + CPR)
    Destination Clock Delay (DCD):    0.748ns = ( 10.748 - 10.000 )
    Source Clock Delay      (SCD):    0.787ns
    Clock Pessimism Removal (CPR):    0.000ns
  Clock Uncertainty:      0.035ns  ((TSJ^2 + TIJ^2)^1/2 + DJ) / 2 + PE
    Total System Jitter     (TSJ):    0.071ns
    Total Input Jitter      (TIJ):    0.000ns
    Discrete Jitter          (DJ):    0.000ns
    Phase Error              (PE):    0.000ns

    Location             Delay type                Incr(ns)  Path(ns)    Netlist Resource(s)
  -------------------------------------------------------------------    -------------------
                         (clock clk rise edge)        0.000     0.000 r
                                                      0.000     0.000 r  clk (IN)
                         net (fo=688, unset)          0.787     0.787    tx_fir_i/clk
                         FDRE                                         r  tx_fir_i/sum6_i_reg[0][16]/C
  -------------------------------------------------------------------    -------------------
                         FDRE (Prop_fdre_C_Q)         0.303     1.090 r  tx_fir_i/sum6_i_reg[0][16]/Q
                         net (fo=1, unplaced)         0.818     1.908    tx_fir_i/sum6_i_reg[0][16]
                         CARRY4 (Prop_carry4_S[3]_CO[3])
                                                      0.546     2.454 r  tx_fir_i/round_q15_return0_carry/CO[3]
                         net (fo=1, unplaced)         0.008     2.462    tx_fir_i/round_q15_return0_carry_n_0
                         CARRY4 (Prop_carry4_CI_CO[3])
                                                      0.100     2.562 r  tx_fir_i/round_q15_return0_carry__0/CO[3]
                         net (fo=1, unplaced)         0.000     2.562    tx_fir_i/round_q15_return0_carry__0_n_0
                         CARRY4 (Prop_carry4_CI_CO[3])
                                                      0.100     2.662 r  tx_fir_i/round_q15_return0_carry__1/CO[3]
                         net (fo=1, unplaced)         0.000     2.662    tx_fir_i/round_q15_return0_carry__1_n_0
                         CARRY4 (Prop_carry4_CI_CO[3])
                                                      0.100     2.762 r  tx_fir_i/round_q15_return0_carry__2/CO[3]
                         net (fo=1, unplaced)         0.000     2.762    tx_fir_i/round_q15_return0_carry__2_n_0
                         CARRY4 (Prop_carry4_CI_CO[3])
                                                      0.100     2.862 r  tx_fir_i/round_q15_return0_carry__3/CO[3]
                         net (fo=1, unplaced)         0.000     2.862    tx_fir_i/round_q15_return0_carry__3_n_0
                         CARRY4 (Prop_carry4_CI_CO[3])
                                                      0.100     2.962 r  tx_fir_i/round_q15_return0_carry__4/CO[3]
                         net (fo=1, unplaced)         0.000     2.962    tx_fir_i/round_q15_return0_carry__4_n_0
                         CARRY4 (Prop_carry4_CI_O[2])
                                                      0.214     3.176 r  tx_fir_i/round_q15_return0_carry__5/O[2]
                         net (fo=30, unplaced)        0.601     3.777    tx_fir_i/round_q15_return0[39]
                         CARRY4 (Prop_carry4_S[1]_CO[3])
                                                      0.688     4.465 r  tx_fir_i/sat_q151_carry__0/CO[3]
                         net (fo=1, unplaced)         0.000     4.465    tx_fir_i/sat_q151_carry__0_n_0
                         CARRY4 (Prop_carry4_CI_CO[3])
                                                      0.100     4.565 r  tx_fir_i/sat_q151_carry__1/CO[3]
                         net (fo=1, unplaced)         0.000     4.565    tx_fir_i/sat_q151_carry__1_n_0
                         CARRY4 (Prop_carry4_CI_CO[0])
                                                      0.238     4.803 r  tx_fir_i/sat_q151_carry__2/CO[0]
                         net (fo=16, unplaced)        0.416     5.219    tx_fir_i/sat_q151
                         LUT3 (Prop_lut3_I1_O)        0.317     5.536 r  tx_fir_i/out_i[15]_i_1__0/O
                         net (fo=1, unplaced)         0.000     5.536    tx_fir_i/out_i[15]_i_1__0_n_0
                         FDRE                                         r  tx_fir_i/out_i_reg[15]/D
  -------------------------------------------------------------------    -------------------

                         (clock clk rise edge)       10.000    10.000 r
                                                      0.000    10.000 r  clk (IN)
                         net (fo=688, unset)          0.748    10.748    tx_fir_i/clk
                         FDRE                                         r  tx_fir_i/out_i_reg[15]/C
                         clock pessimism              0.000    10.748
                         clock uncertainty           -0.035    10.712
                         FDRE (Setup_fdre_C_D)       -0.032    10.680    tx_fir_i/out_i_reg[15]
  -------------------------------------------------------------------
                         required time                         10.680
                         arrival time                          -5.536
  -------------------------------------------------------------------
                         slack                                  5.144

Slack (MET) :             5.144ns  (required time - arrival time)
  Source:                 tx_fir_i/sum6_q_reg[0][16]/C
                            (rising edge-triggered cell FDRE clocked by clk  {rise@0.000ns fall@5.000ns period=10.000ns})
  Destination:            tx_fir_i/out_q_reg[15]/D
                            (rising edge-triggered cell FDRE clocked by clk  {rise@0.000ns fall@5.000ns period=10.000ns})
  Path Group:             clk
  Path Type:              Setup (Max at Slow Process Corner)
  Requirement:            10.000ns  (clk rise@10.000ns - clk rise@0.000ns)
  Data Path Delay:        4.749ns  (logic 2.906ns (61.192%)  route 1.843ns (38.808%))
  Logic Levels:           11  (CARRY4=10 LUT3=1)
  Clock Path Skew:        -0.039ns (DCD - SCD + CPR)
    Destination Clock Delay (DCD):    0.748ns = ( 10.748 - 10.000 )
    Source Clock Delay      (SCD):    0.787ns
    Clock Pessimism Removal (CPR):    0.000ns
  Clock Uncertainty:      0.035ns  ((TSJ^2 + TIJ^2)^1/2 + DJ) / 2 + PE
    Total System Jitter     (TSJ):    0.071ns
    Total Input Jitter      (TIJ):    0.000ns
    Discrete Jitter          (DJ):    0.000ns
    Phase Error              (PE):    0.000ns

    Location             Delay type                Incr(ns)  Path(ns)    Netlist Resource(s)
  -------------------------------------------------------------------    -------------------
                         (clock clk rise edge)        0.000     0.000 r
                                                      0.000     0.000 r  clk (IN)
                         net (fo=688, unset)          0.787     0.787    tx_fir_i/clk
                         FDRE                                         r  tx_fir_i/sum6_q_reg[0][16]/C
  -------------------------------------------------------------------    -------------------
                         FDRE (Prop_fdre_C_Q)         0.303     1.090 r  tx_fir_i/sum6_q_reg[0][16]/Q
                         net (fo=1, unplaced)         0.818     1.908    tx_fir_i/sum6_q_reg[0][16]
                         CARRY4 (Prop_carry4_S[3]_CO[3])
                                                      0.546     2.454 r  tx_fir_i/round_q15_return0_inferred__0/i__carry/CO[3]
                         net (fo=1, unplaced)         0.008     2.462    tx_fir_i/round_q15_return0_inferred__0/i__carry_n_0
                         CARRY4 (Prop_carry4_CI_CO[3])
                                                      0.100     2.562 r  tx_fir_i/round_q15_return0_inferred__0/i__carry__0/CO[3]
                         net (fo=1, unplaced)         0.000     2.562    tx_fir_i/round_q15_return0_inferred__0/i__carry__0_n_0
                         CARRY4 (Prop_carry4_CI_CO[3])
                                                      0.100     2.662 r  tx_fir_i/round_q15_return0_inferred__0/i__carry__1/CO[3]
                         net (fo=1, unplaced)         0.000     2.662    tx_fir_i/round_q15_return0_inferred__0/i__carry__1_n_0
                         CARRY4 (Prop_carry4_CI_CO[3])
                                                      0.100     2.762 r  tx_fir_i/round_q15_return0_inferred__0/i__carry__2/CO[3]
                         net (fo=1, unplaced)         0.000     2.762    tx_fir_i/round_q15_return0_inferred__0/i__carry__2_n_0
                         CARRY4 (Prop_carry4_CI_CO[3])
                                                      0.100     2.862 r  tx_fir_i/round_q15_return0_inferred__0/i__carry__3/CO[3]
                         net (fo=1, unplaced)         0.000     2.862    tx_fir_i/round_q15_return0_inferred__0/i__carry__3_n_0
                         CARRY4 (Prop_carry4_CI_CO[3])
                                                      0.100     2.962 r  tx_fir_i/round_q15_return0_inferred__0/i__carry__4/CO[3]
                         net (fo=1, unplaced)         0.000     2.962    tx_fir_i/round_q15_return0_inferred__0/i__carry__4_n_0
                         CARRY4 (Prop_carry4_CI_O[2])
                                                      0.214     3.176 r  tx_fir_i/round_q15_return0_inferred__0/i__carry__5/O[2]
                         net (fo=30, unplaced)        0.601     3.777    tx_fir_i/round_q15_return0_inferred__0/i__carry__5_n_5
                         CARRY4 (Prop_carry4_S[1]_CO[3])
                                                      0.688     4.465 r  tx_fir_i/sat_q151_inferred__1/i__carry__0/CO[3]
                         net (fo=1, unplaced)         0.000     4.465    tx_fir_i/sat_q151_inferred__1/i__carry__0_n_0
                         CARRY4 (Prop_carry4_CI_CO[3])
                                                      0.100     4.565 r  tx_fir_i/sat_q151_inferred__1/i__carry__1/CO[3]
                         net (fo=1, unplaced)         0.000     4.565    tx_fir_i/sat_q151_inferred__1/i__carry__1_n_0
                         CARRY4 (Prop_carry4_CI_CO[0])
                                                      0.238     4.803 r  tx_fir_i/sat_q151_inferred__1/i__carry__2/CO[0]
                         net (fo=16, unplaced)        0.416     5.219    tx_fir_i/sat_q151_inferred__1/i__carry__2_n_3
                         LUT3 (Prop_lut3_I1_O)        0.317     5.536 r  tx_fir_i/out_q[15]_i_1/O
                         net (fo=1, unplaced)         0.000     5.536    tx_fir_i/out_q[15]_i_1_n_0
                         FDRE                                         r  tx_fir_i/out_q_reg[15]/D
  -------------------------------------------------------------------    -------------------

                         (clock clk rise edge)       10.000    10.000 r
                                                      0.000    10.000 r  clk (IN)
                         net (fo=688, unset)          0.748    10.748    tx_fir_i/clk
                         FDRE                                         r  tx_fir_i/out_q_reg[15]/C
                         clock pessimism              0.000    10.748
                         clock uncertainty           -0.035    10.712
                         FDRE (Setup_fdre_C_D)       -0.032    10.680    tx_fir_i/out_q_reg[15]
  -------------------------------------------------------------------
                         required time                         10.680
                         arrival time                          -5.536
  -------------------------------------------------------------------
                         slack                                  5.144

Slack (MET) :             5.215ns  (required time - arrival time)
  Source:                 tx_fir_i/sum6_i_reg[0][16]/C
                            (rising edge-triggered cell FDRE clocked by clk  {rise@0.000ns fall@5.000ns period=10.000ns})
  Destination:            tx_fir_i/out_i_reg[12]/D
                            (rising edge-triggered cell FDRE clocked by clk  {rise@0.000ns fall@5.000ns period=10.000ns})
  Path Group:             clk
  Path Type:              Setup (Max at Slow Process Corner)
  Requirement:            10.000ns  (clk rise@10.000ns - clk rise@0.000ns)
  Data Path Delay:        4.678ns  (logic 2.885ns (61.672%)  route 1.793ns (38.328%))
  Logic Levels:           12  (CARRY4=10 LUT2=1 LUT3=1)
  Clock Path Skew:        -0.039ns (DCD - SCD + CPR)
    Destination Clock Delay (DCD):    0.748ns = ( 10.748 - 10.000 )
    Source Clock Delay      (SCD):    0.787ns
    Clock Pessimism Removal (CPR):    0.000ns
  Clock Uncertainty:      0.035ns  ((TSJ^2 + TIJ^2)^1/2 + DJ) / 2 + PE
    Total System Jitter     (TSJ):    0.071ns
    Total Input Jitter      (TIJ):    0.000ns
    Discrete Jitter          (DJ):    0.000ns
    Phase Error              (PE):    0.000ns

    Location             Delay type                Incr(ns)  Path(ns)    Netlist Resource(s)
  -------------------------------------------------------------------    -------------------
                         (clock clk rise edge)        0.000     0.000 r
                                                      0.000     0.000 r  clk (IN)
                         net (fo=688, unset)          0.787     0.787    tx_fir_i/clk
                         FDRE                                         r  tx_fir_i/sum6_i_reg[0][16]/C
  -------------------------------------------------------------------    -------------------
                         FDRE (Prop_fdre_C_Q)         0.303     1.090 r  tx_fir_i/sum6_i_reg[0][16]/Q
                         net (fo=1, unplaced)         0.818     1.908    tx_fir_i/sum6_i_reg[0][16]
                         CARRY4 (Prop_carry4_S[3]_CO[3])
                                                      0.546     2.454 r  tx_fir_i/round_q15_return0_carry/CO[3]
                         net (fo=1, unplaced)         0.008     2.462    tx_fir_i/round_q15_return0_carry_n_0
                         CARRY4 (Prop_carry4_CI_CO[3])
                                                      0.100     2.562 r  tx_fir_i/round_q15_return0_carry__0/CO[3]
                         net (fo=1, unplaced)         0.000     2.562    tx_fir_i/round_q15_return0_carry__0_n_0
                         CARRY4 (Prop_carry4_CI_CO[3])
                                                      0.100     2.662 r  tx_fir_i/round_q15_return0_carry__1/CO[3]
                         net (fo=1, unplaced)         0.000     2.662    tx_fir_i/round_q15_return0_carry__1_n_0
                         CARRY4 (Prop_carry4_CI_CO[3])
                                                      0.100     2.762 r  tx_fir_i/round_q15_return0_carry__2/CO[3]
                         net (fo=1, unplaced)         0.000     2.762    tx_fir_i/round_q15_return0_carry__2_n_0
                         CARRY4 (Prop_carry4_CI_CO[3])
                                                      0.100     2.862 r  tx_fir_i/round_q15_return0_carry__3/CO[3]
                         net (fo=1, unplaced)         0.000     2.862    tx_fir_i/round_q15_return0_carry__3_n_0
                         CARRY4 (Prop_carry4_CI_O[3])
                                                      0.277     3.139 r  tx_fir_i/round_q15_return0_carry__4/O[3]
                         net (fo=4, unplaced)         0.543     3.682    tx_fir_i/round_q15_return0[36]
                         LUT2 (Prop_lut2_I1_O)        0.253     3.935 r  tx_fir_i/i__carry_i_1/O
                         net (fo=1, unplaced)         0.000     3.935    tx_fir_i/i__carry_i_1_n_0
                         CARRY4 (Prop_carry4_DI[3]_CO[3])
                                                      0.351     4.286 r  tx_fir_i/sat_q151_inferred__0/i__carry/CO[3]
                         net (fo=1, unplaced)         0.008     4.294    tx_fir_i/sat_q151_inferred__0/i__carry_n_0
                         CARRY4 (Prop_carry4_CI_CO[3])
                                                      0.100     4.394 r  tx_fir_i/sat_q151_inferred__0/i__carry__0/CO[3]
                         net (fo=1, unplaced)         0.000     4.394    tx_fir_i/sat_q151_inferred__0/i__carry__0_n_0
                         CARRY4 (Prop_carry4_CI_CO[3])
                                                      0.100     4.494 r  tx_fir_i/sat_q151_inferred__0/i__carry__1/CO[3]
                         net (fo=1, unplaced)         0.000     4.494    tx_fir_i/sat_q151_inferred__0/i__carry__1_n_0
                         CARRY4 (Prop_carry4_CI_CO[0])
                                                      0.238     4.732 r  tx_fir_i/sat_q151_inferred__0/i__carry__2/CO[0]
                         net (fo=16, unplaced)        0.416     5.148    tx_fir_i/sat_q1510_in
                         LUT3 (Prop_lut3_I0_O)        0.317     5.465 r  tx_fir_i/out_i[12]_i_1/O
                         net (fo=1, unplaced)         0.000     5.465    tx_fir_i/sat_q15_return[12]
                         FDRE                                         r  tx_fir_i/out_i_reg[12]/D
  -------------------------------------------------------------------    -------------------

                         (clock clk rise edge)       10.000    10.000 r
                                                      0.000    10.000 r  clk (IN)
                         net (fo=688, unset)          0.748    10.748    tx_fir_i/clk
                         FDRE                                         r  tx_fir_i/out_i_reg[12]/C
                         clock pessimism              0.000    10.748
                         clock uncertainty           -0.035    10.712
                         FDRE (Setup_fdre_C_D)       -0.032    10.680    tx_fir_i/out_i_reg[12]
  -------------------------------------------------------------------
                         required time                         10.680
                         arrival time                          -5.465
  -------------------------------------------------------------------
                         slack                                  5.215

Slack (MET) :             5.215ns  (required time - arrival time)
  Source:                 tx_fir_i/sum6_i_reg[0][16]/C
                            (rising edge-triggered cell FDRE clocked by clk  {rise@0.000ns fall@5.000ns period=10.000ns})
  Destination:            tx_fir_i/out_i_reg[14]/D
                            (rising edge-triggered cell FDRE clocked by clk  {rise@0.000ns fall@5.000ns period=10.000ns})
  Path Group:             clk
  Path Type:              Setup (Max at Slow Process Corner)
  Requirement:            10.000ns  (clk rise@10.000ns - clk rise@0.000ns)
  Data Path Delay:        4.678ns  (logic 2.885ns (61.672%)  route 1.793ns (38.328%))
  Logic Levels:           12  (CARRY4=10 LUT2=1 LUT3=1)
  Clock Path Skew:        -0.039ns (DCD - SCD + CPR)
    Destination Clock Delay (DCD):    0.748ns = ( 10.748 - 10.000 )
    Source Clock Delay      (SCD):    0.787ns
    Clock Pessimism Removal (CPR):    0.000ns
  Clock Uncertainty:      0.035ns  ((TSJ^2 + TIJ^2)^1/2 + DJ) / 2 + PE
    Total System Jitter     (TSJ):    0.071ns
    Total Input Jitter      (TIJ):    0.000ns
    Discrete Jitter          (DJ):    0.000ns
    Phase Error              (PE):    0.000ns

    Location             Delay type                Incr(ns)  Path(ns)    Netlist Resource(s)
  -------------------------------------------------------------------    -------------------
                         (clock clk rise edge)        0.000     0.000 r
                                                      0.000     0.000 r  clk (IN)
                         net (fo=688, unset)          0.787     0.787    tx_fir_i/clk
                         FDRE                                         r  tx_fir_i/sum6_i_reg[0][16]/C
  -------------------------------------------------------------------    -------------------
                         FDRE (Prop_fdre_C_Q)         0.303     1.090 r  tx_fir_i/sum6_i_reg[0][16]/Q
                         net (fo=1, unplaced)         0.818     1.908    tx_fir_i/sum6_i_reg[0][16]
                         CARRY4 (Prop_carry4_S[3]_CO[3])
                                                      0.546     2.454 r  tx_fir_i/round_q15_return0_carry/CO[3]
                         net (fo=1, unplaced)         0.008     2.462    tx_fir_i/round_q15_return0_carry_n_0
                         CARRY4 (Prop_carry4_CI_CO[3])
                                                      0.100     2.562 r  tx_fir_i/round_q15_return0_carry__0/CO[3]
                         net (fo=1, unplaced)         0.000     2.562    tx_fir_i/round_q15_return0_carry__0_n_0
                         CARRY4 (Prop_carry4_CI_CO[3])
                                                      0.100     2.662 r  tx_fir_i/round_q15_return0_carry__1/CO[3]
                         net (fo=1, unplaced)         0.000     2.662    tx_fir_i/round_q15_return0_carry__1_n_0
                         CARRY4 (Prop_carry4_CI_CO[3])
                                                      0.100     2.762 r  tx_fir_i/round_q15_return0_carry__2/CO[3]
                         net (fo=1, unplaced)         0.000     2.762    tx_fir_i/round_q15_return0_carry__2_n_0
                         CARRY4 (Prop_carry4_CI_CO[3])
                                                      0.100     2.862 r  tx_fir_i/round_q15_return0_carry__3/CO[3]
                         net (fo=1, unplaced)         0.000     2.862    tx_fir_i/round_q15_return0_carry__3_n_0
                         CARRY4 (Prop_carry4_CI_O[3])
                                                      0.277     3.139 r  tx_fir_i/round_q15_return0_carry__4/O[3]
                         net (fo=4, unplaced)         0.543     3.682    tx_fir_i/round_q15_return0[36]
                         LUT2 (Prop_lut2_I1_O)        0.253     3.935 r  tx_fir_i/i__carry_i_1/O
                         net (fo=1, unplaced)         0.000     3.935    tx_fir_i/i__carry_i_1_n_0
                         CARRY4 (Prop_carry4_DI[3]_CO[3])
                                                      0.351     4.286 r  tx_fir_i/sat_q151_inferred__0/i__carry/CO[3]
                         net (fo=1, unplaced)         0.008     4.294    tx_fir_i/sat_q151_inferred__0/i__carry_n_0
                         CARRY4 (Prop_carry4_CI_CO[3])
                                                      0.100     4.394 r  tx_fir_i/sat_q151_inferred__0/i__carry__0/CO[3]
                         net (fo=1, unplaced)         0.000     4.394    tx_fir_i/sat_q151_inferred__0/i__carry__0_n_0
                         CARRY4 (Prop_carry4_CI_CO[3])
                                                      0.100     4.494 r  tx_fir_i/sat_q151_inferred__0/i__carry__1/CO[3]
                         net (fo=1, unplaced)         0.000     4.494    tx_fir_i/sat_q151_inferred__0/i__carry__1_n_0
                         CARRY4 (Prop_carry4_CI_CO[0])
                                                      0.238     4.732 r  tx_fir_i/sat_q151_inferred__0/i__carry__2/CO[0]
                         net (fo=16, unplaced)        0.416     5.148    tx_fir_i/sat_q1510_in
                         LUT3 (Prop_lut3_I0_O)        0.317     5.465 r  tx_fir_i/out_i[14]_i_1__0/O
                         net (fo=1, unplaced)         0.000     5.465    tx_fir_i/sat_q15_return[14]
                         FDRE                                         r  tx_fir_i/out_i_reg[14]/D
  -------------------------------------------------------------------    -------------------

                         (clock clk rise edge)       10.000    10.000 r
                                                      0.000    10.000 r  clk (IN)
                         net (fo=688, unset)          0.748    10.748    tx_fir_i/clk
                         FDRE                                         r  tx_fir_i/out_i_reg[14]/C
                         clock pessimism              0.000    10.748
                         clock uncertainty           -0.035    10.712
                         FDRE (Setup_fdre_C_D)       -0.032    10.680    tx_fir_i/out_i_reg[14]
  -------------------------------------------------------------------
                         required time                         10.680
                         arrival time                          -5.465
  -------------------------------------------------------------------
                         slack                                  5.215

Slack (MET) :             5.215ns  (required time - arrival time)
  Source:                 tx_fir_i/sum6_i_reg[0][16]/C
                            (rising edge-triggered cell FDRE clocked by clk  {rise@0.000ns fall@5.000ns period=10.000ns})
  Destination:            tx_fir_i/out_i_reg[2]/D
                            (rising edge-triggered cell FDRE clocked by clk  {rise@0.000ns fall@5.000ns period=10.000ns})
  Path Group:             clk
  Path Type:              Setup (Max at Slow Process Corner)
  Requirement:            10.000ns  (clk rise@10.000ns - clk rise@0.000ns)
  Data Path Delay:        4.678ns  (logic 2.885ns (61.672%)  route 1.793ns (38.328%))
  Logic Levels:           12  (CARRY4=10 LUT2=1 LUT3=1)
  Clock Path Skew:        -0.039ns (DCD - SCD + CPR)
    Destination Clock Delay (DCD):    0.748ns = ( 10.748 - 10.000 )
    Source Clock Delay      (SCD):    0.787ns
    Clock Pessimism Removal (CPR):    0.000ns
  Clock Uncertainty:      0.035ns  ((TSJ^2 + TIJ^2)^1/2 + DJ) / 2 + PE
    Total System Jitter     (TSJ):    0.071ns
    Total Input Jitter      (TIJ):    0.000ns
    Discrete Jitter          (DJ):    0.000ns
    Phase Error              (PE):    0.000ns

    Location             Delay type                Incr(ns)  Path(ns)    Netlist Resource(s)
  -------------------------------------------------------------------    -------------------
                         (clock clk rise edge)        0.000     0.000 r
                                                      0.000     0.000 r  clk (IN)
                         net (fo=688, unset)          0.787     0.787    tx_fir_i/clk
                         FDRE                                         r  tx_fir_i/sum6_i_reg[0][16]/C
  -------------------------------------------------------------------    -------------------
                         FDRE (Prop_fdre_C_Q)         0.303     1.090 r  tx_fir_i/sum6_i_reg[0][16]/Q
                         net (fo=1, unplaced)         0.818     1.908    tx_fir_i/sum6_i_reg[0][16]
                         CARRY4 (Prop_carry4_S[3]_CO[3])
                                                      0.546     2.454 r  tx_fir_i/round_q15_return0_carry/CO[3]
                         net (fo=1, unplaced)         0.008     2.462    tx_fir_i/round_q15_return0_carry_n_0
                         CARRY4 (Prop_carry4_CI_CO[3])
                                                      0.100     2.562 r  tx_fir_i/round_q15_return0_carry__0/CO[3]
                         net (fo=1, unplaced)         0.000     2.562    tx_fir_i/round_q15_return0_carry__0_n_0
                         CARRY4 (Prop_carry4_CI_CO[3])
                                                      0.100     2.662 r  tx_fir_i/round_q15_return0_carry__1/CO[3]
                         net (fo=1, unplaced)         0.000     2.662    tx_fir_i/round_q15_return0_carry__1_n_0
                         CARRY4 (Prop_carry4_CI_CO[3])
                                                      0.100     2.762 r  tx_fir_i/round_q15_return0_carry__2/CO[3]
                         net (fo=1, unplaced)         0.000     2.762    tx_fir_i/round_q15_return0_carry__2_n_0
                         CARRY4 (Prop_carry4_CI_CO[3])
                                                      0.100     2.862 r  tx_fir_i/round_q15_return0_carry__3/CO[3]
                         net (fo=1, unplaced)         0.000     2.862    tx_fir_i/round_q15_return0_carry__3_n_0
                         CARRY4 (Prop_carry4_CI_O[3])
                                                      0.277     3.139 r  tx_fir_i/round_q15_return0_carry__4/O[3]
                         net (fo=4, unplaced)         0.543     3.682    tx_fir_i/round_q15_return0[36]
                         LUT2 (Prop_lut2_I1_O)        0.253     3.935 r  tx_fir_i/i__carry_i_1/O
                         net (fo=1, unplaced)         0.000     3.935    tx_fir_i/i__carry_i_1_n_0
                         CARRY4 (Prop_carry4_DI[3]_CO[3])
                                                      0.351     4.286 r  tx_fir_i/sat_q151_inferred__0/i__carry/CO[3]
                         net (fo=1, unplaced)         0.008     4.294    tx_fir_i/sat_q151_inferred__0/i__carry_n_0
                         CARRY4 (Prop_carry4_CI_CO[3])
                                                      0.100     4.394 r  tx_fir_i/sat_q151_inferred__0/i__carry__0/CO[3]
                         net (fo=1, unplaced)         0.000     4.394    tx_fir_i/sat_q151_inferred__0/i__carry__0_n_0
                         CARRY4 (Prop_carry4_CI_CO[3])
                                                      0.100     4.494 r  tx_fir_i/sat_q151_inferred__0/i__carry__1/CO[3]
                         net (fo=1, unplaced)         0.000     4.494    tx_fir_i/sat_q151_inferred__0/i__carry__1_n_0
                         CARRY4 (Prop_carry4_CI_CO[0])
                                                      0.238     4.732 r  tx_fir_i/sat_q151_inferred__0/i__carry__2/CO[0]
                         net (fo=16, unplaced)        0.416     5.148    tx_fir_i/sat_q1510_in
                         LUT3 (Prop_lut3_I0_O)        0.317     5.465 r  tx_fir_i/out_i[2]_i_1/O
                         net (fo=1, unplaced)         0.000     5.465    tx_fir_i/sat_q15_return[2]
                         FDRE                                         r  tx_fir_i/out_i_reg[2]/D
  -------------------------------------------------------------------    -------------------

                         (clock clk rise edge)       10.000    10.000 r
                                                      0.000    10.000 r  clk (IN)
                         net (fo=688, unset)          0.748    10.748    tx_fir_i/clk
                         FDRE                                         r  tx_fir_i/out_i_reg[2]/C
                         clock pessimism              0.000    10.748
                         clock uncertainty           -0.035    10.712
                         FDRE (Setup_fdre_C_D)       -0.032    10.680    tx_fir_i/out_i_reg[2]
  -------------------------------------------------------------------
                         required time                         10.680
                         arrival time                          -5.465
  -------------------------------------------------------------------
                         slack                                  5.215

Slack (MET) :             5.215ns  (required time - arrival time)
  Source:                 tx_fir_i/sum6_i_reg[0][16]/C
                            (rising edge-triggered cell FDRE clocked by clk  {rise@0.000ns fall@5.000ns period=10.000ns})
  Destination:            tx_fir_i/out_i_reg[4]/D
                            (rising edge-triggered cell FDRE clocked by clk  {rise@0.000ns fall@5.000ns period=10.000ns})
  Path Group:             clk
  Path Type:              Setup (Max at Slow Process Corner)
  Requirement:            10.000ns  (clk rise@10.000ns - clk rise@0.000ns)
  Data Path Delay:        4.678ns  (logic 2.885ns (61.672%)  route 1.793ns (38.328%))
  Logic Levels:           12  (CARRY4=10 LUT2=1 LUT3=1)
  Clock Path Skew:        -0.039ns (DCD - SCD + CPR)
    Destination Clock Delay (DCD):    0.748ns = ( 10.748 - 10.000 )
    Source Clock Delay      (SCD):    0.787ns
    Clock Pessimism Removal (CPR):    0.000ns
  Clock Uncertainty:      0.035ns  ((TSJ^2 + TIJ^2)^1/2 + DJ) / 2 + PE
    Total System Jitter     (TSJ):    0.071ns
    Total Input Jitter      (TIJ):    0.000ns
    Discrete Jitter          (DJ):    0.000ns
    Phase Error              (PE):    0.000ns

    Location             Delay type                Incr(ns)  Path(ns)    Netlist Resource(s)
  -------------------------------------------------------------------    -------------------
                         (clock clk rise edge)        0.000     0.000 r
                                                      0.000     0.000 r  clk (IN)
                         net (fo=688, unset)          0.787     0.787    tx_fir_i/clk
                         FDRE                                         r  tx_fir_i/sum6_i_reg[0][16]/C
  -------------------------------------------------------------------    -------------------
                         FDRE (Prop_fdre_C_Q)         0.303     1.090 r  tx_fir_i/sum6_i_reg[0][16]/Q
                         net (fo=1, unplaced)         0.818     1.908    tx_fir_i/sum6_i_reg[0][16]
                         CARRY4 (Prop_carry4_S[3]_CO[3])
                                                      0.546     2.454 r  tx_fir_i/round_q15_return0_carry/CO[3]
                         net (fo=1, unplaced)         0.008     2.462    tx_fir_i/round_q15_return0_carry_n_0
                         CARRY4 (Prop_carry4_CI_CO[3])
                                                      0.100     2.562 r  tx_fir_i/round_q15_return0_carry__0/CO[3]
                         net (fo=1, unplaced)         0.000     2.562    tx_fir_i/round_q15_return0_carry__0_n_0
                         CARRY4 (Prop_carry4_CI_CO[3])
                                                      0.100     2.662 r  tx_fir_i/round_q15_return0_carry__1/CO[3]
                         net (fo=1, unplaced)         0.000     2.662    tx_fir_i/round_q15_return0_carry__1_n_0
                         CARRY4 (Prop_carry4_CI_CO[3])
                                                      0.100     2.762 r  tx_fir_i/round_q15_return0_carry__2/CO[3]
                         net (fo=1, unplaced)         0.000     2.762    tx_fir_i/round_q15_return0_carry__2_n_0
                         CARRY4 (Prop_carry4_CI_CO[3])
                                                      0.100     2.862 r  tx_fir_i/round_q15_return0_carry__3/CO[3]
                         net (fo=1, unplaced)         0.000     2.862    tx_fir_i/round_q15_return0_carry__3_n_0
                         CARRY4 (Prop_carry4_CI_O[3])
                                                      0.277     3.139 r  tx_fir_i/round_q15_return0_carry__4/O[3]
                         net (fo=4, unplaced)         0.543     3.682    tx_fir_i/round_q15_return0[36]
                         LUT2 (Prop_lut2_I1_O)        0.253     3.935 r  tx_fir_i/i__carry_i_1/O
                         net (fo=1, unplaced)         0.000     3.935    tx_fir_i/i__carry_i_1_n_0
                         CARRY4 (Prop_carry4_DI[3]_CO[3])
                                                      0.351     4.286 r  tx_fir_i/sat_q151_inferred__0/i__carry/CO[3]
                         net (fo=1, unplaced)         0.008     4.294    tx_fir_i/sat_q151_inferred__0/i__carry_n_0
                         CARRY4 (Prop_carry4_CI_CO[3])
                                                      0.100     4.394 r  tx_fir_i/sat_q151_inferred__0/i__carry__0/CO[3]
                         net (fo=1, unplaced)         0.000     4.394    tx_fir_i/sat_q151_inferred__0/i__carry__0_n_0
                         CARRY4 (Prop_carry4_CI_CO[3])
                                                      0.100     4.494 r  tx_fir_i/sat_q151_inferred__0/i__carry__1/CO[3]
                         net (fo=1, unplaced)         0.000     4.494    tx_fir_i/sat_q151_inferred__0/i__carry__1_n_0
                         CARRY4 (Prop_carry4_CI_CO[0])
                                                      0.238     4.732 r  tx_fir_i/sat_q151_inferred__0/i__carry__2/CO[0]
                         net (fo=16, unplaced)        0.416     5.148    tx_fir_i/sat_q1510_in
                         LUT3 (Prop_lut3_I0_O)        0.317     5.465 r  tx_fir_i/out_i[4]_i_1/O
                         net (fo=1, unplaced)         0.000     5.465    tx_fir_i/sat_q15_return[4]
                         FDRE                                         r  tx_fir_i/out_i_reg[4]/D
  -------------------------------------------------------------------    -------------------

                         (clock clk rise edge)       10.000    10.000 r
                                                      0.000    10.000 r  clk (IN)
                         net (fo=688, unset)          0.748    10.748    tx_fir_i/clk
                         FDRE                                         r  tx_fir_i/out_i_reg[4]/C
                         clock pessimism              0.000    10.748
                         clock uncertainty           -0.035    10.712
                         FDRE (Setup_fdre_C_D)       -0.032    10.680    tx_fir_i/out_i_reg[4]
  -------------------------------------------------------------------
                         required time                         10.680
                         arrival time                          -5.465
  -------------------------------------------------------------------
                         slack                                  5.215

Slack (MET) :             5.215ns  (required time - arrival time)
  Source:                 tx_fir_i/sum6_i_reg[0][16]/C
                            (rising edge-triggered cell FDRE clocked by clk  {rise@0.000ns fall@5.000ns period=10.000ns})
  Destination:            tx_fir_i/out_i_reg[6]/D
                            (rising edge-triggered cell FDRE clocked by clk  {rise@0.000ns fall@5.000ns period=10.000ns})
  Path Group:             clk
  Path Type:              Setup (Max at Slow Process Corner)
  Requirement:            10.000ns  (clk rise@10.000ns - clk rise@0.000ns)
  Data Path Delay:        4.678ns  (logic 2.885ns (61.672%)  route 1.793ns (38.328%))
  Logic Levels:           12  (CARRY4=10 LUT2=1 LUT3=1)
  Clock Path Skew:        -0.039ns (DCD - SCD + CPR)
    Destination Clock Delay (DCD):    0.748ns = ( 10.748 - 10.000 )
    Source Clock Delay      (SCD):    0.787ns
    Clock Pessimism Removal (CPR):    0.000ns
  Clock Uncertainty:      0.035ns  ((TSJ^2 + TIJ^2)^1/2 + DJ) / 2 + PE
    Total System Jitter     (TSJ):    0.071ns
    Total Input Jitter      (TIJ):    0.000ns
    Discrete Jitter          (DJ):    0.000ns
    Phase Error              (PE):    0.000ns

    Location             Delay type                Incr(ns)  Path(ns)    Netlist Resource(s)
  -------------------------------------------------------------------    -------------------
                         (clock clk rise edge)        0.000     0.000 r
                                                      0.000     0.000 r  clk (IN)
                         net (fo=688, unset)          0.787     0.787    tx_fir_i/clk
                         FDRE                                         r  tx_fir_i/sum6_i_reg[0][16]/C
  -------------------------------------------------------------------    -------------------
                         FDRE (Prop_fdre_C_Q)         0.303     1.090 r  tx_fir_i/sum6_i_reg[0][16]/Q
                         net (fo=1, unplaced)         0.818     1.908    tx_fir_i/sum6_i_reg[0][16]
                         CARRY4 (Prop_carry4_S[3]_CO[3])
                                                      0.546     2.454 r  tx_fir_i/round_q15_return0_carry/CO[3]
                         net (fo=1, unplaced)         0.008     2.462    tx_fir_i/round_q15_return0_carry_n_0
                         CARRY4 (Prop_carry4_CI_CO[3])
                                                      0.100     2.562 r  tx_fir_i/round_q15_return0_carry__0/CO[3]
                         net (fo=1, unplaced)         0.000     2.562    tx_fir_i/round_q15_return0_carry__0_n_0
                         CARRY4 (Prop_carry4_CI_CO[3])
                                                      0.100     2.662 r  tx_fir_i/round_q15_return0_carry__1/CO[3]
                         net (fo=1, unplaced)         0.000     2.662    tx_fir_i/round_q15_return0_carry__1_n_0
                         CARRY4 (Prop_carry4_CI_CO[3])
                                                      0.100     2.762 r  tx_fir_i/round_q15_return0_carry__2/CO[3]
                         net (fo=1, unplaced)         0.000     2.762    tx_fir_i/round_q15_return0_carry__2_n_0
                         CARRY4 (Prop_carry4_CI_CO[3])
                                                      0.100     2.862 r  tx_fir_i/round_q15_return0_carry__3/CO[3]
                         net (fo=1, unplaced)         0.000     2.862    tx_fir_i/round_q15_return0_carry__3_n_0
                         CARRY4 (Prop_carry4_CI_O[3])
                                                      0.277     3.139 r  tx_fir_i/round_q15_return0_carry__4/O[3]
                         net (fo=4, unplaced)         0.543     3.682    tx_fir_i/round_q15_return0[36]
                         LUT2 (Prop_lut2_I1_O)        0.253     3.935 r  tx_fir_i/i__carry_i_1/O
                         net (fo=1, unplaced)         0.000     3.935    tx_fir_i/i__carry_i_1_n_0
                         CARRY4 (Prop_carry4_DI[3]_CO[3])
                                                      0.351     4.286 r  tx_fir_i/sat_q151_inferred__0/i__carry/CO[3]
                         net (fo=1, unplaced)         0.008     4.294    tx_fir_i/sat_q151_inferred__0/i__carry_n_0
                         CARRY4 (Prop_carry4_CI_CO[3])
                                                      0.100     4.394 r  tx_fir_i/sat_q151_inferred__0/i__carry__0/CO[3]
                         net (fo=1, unplaced)         0.000     4.394    tx_fir_i/sat_q151_inferred__0/i__carry__0_n_0
                         CARRY4 (Prop_carry4_CI_CO[3])
                                                      0.100     4.494 r  tx_fir_i/sat_q151_inferred__0/i__carry__1/CO[3]
                         net (fo=1, unplaced)         0.000     4.494    tx_fir_i/sat_q151_inferred__0/i__carry__1_n_0
                         CARRY4 (Prop_carry4_CI_CO[0])
                                                      0.238     4.732 r  tx_fir_i/sat_q151_inferred__0/i__carry__2/CO[0]
                         net (fo=16, unplaced)        0.416     5.148    tx_fir_i/sat_q1510_in
                         LUT3 (Prop_lut3_I0_O)        0.317     5.465 r  tx_fir_i/out_i[6]_i_1/O
                         net (fo=1, unplaced)         0.000     5.465    tx_fir_i/sat_q15_return[6]
                         FDRE                                         r  tx_fir_i/out_i_reg[6]/D
  -------------------------------------------------------------------    -------------------

                         (clock clk rise edge)       10.000    10.000 r
                                                      0.000    10.000 r  clk (IN)
                         net (fo=688, unset)          0.748    10.748    tx_fir_i/clk
                         FDRE                                         r  tx_fir_i/out_i_reg[6]/C
                         clock pessimism              0.000    10.748
                         clock uncertainty           -0.035    10.712
                         FDRE (Setup_fdre_C_D)       -0.032    10.680    tx_fir_i/out_i_reg[6]
  -------------------------------------------------------------------
                         required time                         10.680
                         arrival time                          -5.465
  -------------------------------------------------------------------
                         slack                                  5.215

Slack (MET) :             5.215ns  (required time - arrival time)
  Source:                 tx_fir_i/sum6_i_reg[0][16]/C
                            (rising edge-triggered cell FDRE clocked by clk  {rise@0.000ns fall@5.000ns period=10.000ns})
  Destination:            tx_fir_i/out_i_reg[8]/D
                            (rising edge-triggered cell FDRE clocked by clk  {rise@0.000ns fall@5.000ns period=10.000ns})
  Path Group:             clk
  Path Type:              Setup (Max at Slow Process Corner)
  Requirement:            10.000ns  (clk rise@10.000ns - clk rise@0.000ns)
  Data Path Delay:        4.678ns  (logic 2.885ns (61.672%)  route 1.793ns (38.328%))
  Logic Levels:           12  (CARRY4=10 LUT2=1 LUT3=1)
  Clock Path Skew:        -0.039ns (DCD - SCD + CPR)
    Destination Clock Delay (DCD):    0.748ns = ( 10.748 - 10.000 )
    Source Clock Delay      (SCD):    0.787ns
    Clock Pessimism Removal (CPR):    0.000ns
  Clock Uncertainty:      0.035ns  ((TSJ^2 + TIJ^2)^1/2 + DJ) / 2 + PE
    Total System Jitter     (TSJ):    0.071ns
    Total Input Jitter      (TIJ):    0.000ns
    Discrete Jitter          (DJ):    0.000ns
    Phase Error              (PE):    0.000ns

    Location             Delay type                Incr(ns)  Path(ns)    Netlist Resource(s)
  -------------------------------------------------------------------    -------------------
                         (clock clk rise edge)        0.000     0.000 r
                                                      0.000     0.000 r  clk (IN)
                         net (fo=688, unset)          0.787     0.787    tx_fir_i/clk
                         FDRE                                         r  tx_fir_i/sum6_i_reg[0][16]/C
  -------------------------------------------------------------------    -------------------
                         FDRE (Prop_fdre_C_Q)         0.303     1.090 r  tx_fir_i/sum6_i_reg[0][16]/Q
                         net (fo=1, unplaced)         0.818     1.908    tx_fir_i/sum6_i_reg[0][16]
                         CARRY4 (Prop_carry4_S[3]_CO[3])
                                                      0.546     2.454 r  tx_fir_i/round_q15_return0_carry/CO[3]
                         net (fo=1, unplaced)         0.008     2.462    tx_fir_i/round_q15_return0_carry_n_0
                         CARRY4 (Prop_carry4_CI_CO[3])
                                                      0.100     2.562 r  tx_fir_i/round_q15_return0_carry__0/CO[3]
                         net (fo=1, unplaced)         0.000     2.562    tx_fir_i/round_q15_return0_carry__0_n_0
                         CARRY4 (Prop_carry4_CI_CO[3])
                                                      0.100     2.662 r  tx_fir_i/round_q15_return0_carry__1/CO[3]
                         net (fo=1, unplaced)         0.000     2.662    tx_fir_i/round_q15_return0_carry__1_n_0
                         CARRY4 (Prop_carry4_CI_CO[3])
                                                      0.100     2.762 r  tx_fir_i/round_q15_return0_carry__2/CO[3]
                         net (fo=1, unplaced)         0.000     2.762    tx_fir_i/round_q15_return0_carry__2_n_0
                         CARRY4 (Prop_carry4_CI_CO[3])
                                                      0.100     2.862 r  tx_fir_i/round_q15_return0_carry__3/CO[3]
                         net (fo=1, unplaced)         0.000     2.862    tx_fir_i/round_q15_return0_carry__3_n_0
                         CARRY4 (Prop_carry4_CI_O[3])
                                                      0.277     3.139 r  tx_fir_i/round_q15_return0_carry__4/O[3]
                         net (fo=4, unplaced)         0.543     3.682    tx_fir_i/round_q15_return0[36]
                         LUT2 (Prop_lut2_I1_O)        0.253     3.935 r  tx_fir_i/i__carry_i_1/O
                         net (fo=1, unplaced)         0.000     3.935    tx_fir_i/i__carry_i_1_n_0
                         CARRY4 (Prop_carry4_DI[3]_CO[3])
                                                      0.351     4.286 r  tx_fir_i/sat_q151_inferred__0/i__carry/CO[3]
                         net (fo=1, unplaced)         0.008     4.294    tx_fir_i/sat_q151_inferred__0/i__carry_n_0
                         CARRY4 (Prop_carry4_CI_CO[3])
                                                      0.100     4.394 r  tx_fir_i/sat_q151_inferred__0/i__carry__0/CO[3]
                         net (fo=1, unplaced)         0.000     4.394    tx_fir_i/sat_q151_inferred__0/i__carry__0_n_0
                         CARRY4 (Prop_carry4_CI_CO[3])
                                                      0.100     4.494 r  tx_fir_i/sat_q151_inferred__0/i__carry__1/CO[3]
                         net (fo=1, unplaced)         0.000     4.494    tx_fir_i/sat_q151_inferred__0/i__carry__1_n_0
                         CARRY4 (Prop_carry4_CI_CO[0])
                                                      0.238     4.732 r  tx_fir_i/sat_q151_inferred__0/i__carry__2/CO[0]
                         net (fo=16, unplaced)        0.416     5.148    tx_fir_i/sat_q1510_in
                         LUT3 (Prop_lut3_I0_O)        0.317     5.465 r  tx_fir_i/out_i[8]_i_1/O
                         net (fo=1, unplaced)         0.000     5.465    tx_fir_i/sat_q15_return[8]
                         FDRE                                         r  tx_fir_i/out_i_reg[8]/D
  -------------------------------------------------------------------    -------------------

                         (clock clk rise edge)       10.000    10.000 r
                                                      0.000    10.000 r  clk (IN)
                         net (fo=688, unset)          0.748    10.748    tx_fir_i/clk
                         FDRE                                         r  tx_fir_i/out_i_reg[8]/C
                         clock pessimism              0.000    10.748
                         clock uncertainty           -0.035    10.712
                         FDRE (Setup_fdre_C_D)       -0.032    10.680    tx_fir_i/out_i_reg[8]
  -------------------------------------------------------------------
                         required time                         10.680
                         arrival time                          -5.465
  -------------------------------------------------------------------
                         slack                                  5.215

Slack (MET) :             5.215ns  (required time - arrival time)
  Source:                 tx_fir_i/sum6_i_reg[0][16]/C
                            (rising edge-triggered cell FDRE clocked by clk  {rise@0.000ns fall@5.000ns period=10.000ns})
  Destination:            tx_fir_i/out_i_reg[9]/D
                            (rising edge-triggered cell FDRE clocked by clk  {rise@0.000ns fall@5.000ns period=10.000ns})
  Path Group:             clk
  Path Type:              Setup (Max at Slow Process Corner)
  Requirement:            10.000ns  (clk rise@10.000ns - clk rise@0.000ns)
  Data Path Delay:        4.678ns  (logic 2.885ns (61.672%)  route 1.793ns (38.328%))
  Logic Levels:           12  (CARRY4=10 LUT2=1 LUT3=1)
  Clock Path Skew:        -0.039ns (DCD - SCD + CPR)
    Destination Clock Delay (DCD):    0.748ns = ( 10.748 - 10.000 )
    Source Clock Delay      (SCD):    0.787ns
    Clock Pessimism Removal (CPR):    0.000ns
  Clock Uncertainty:      0.035ns  ((TSJ^2 + TIJ^2)^1/2 + DJ) / 2 + PE
    Total System Jitter     (TSJ):    0.071ns
    Total Input Jitter      (TIJ):    0.000ns
    Discrete Jitter          (DJ):    0.000ns
    Phase Error              (PE):    0.000ns

    Location             Delay type                Incr(ns)  Path(ns)    Netlist Resource(s)
  -------------------------------------------------------------------    -------------------
                         (clock clk rise edge)        0.000     0.000 r
                                                      0.000     0.000 r  clk (IN)
                         net (fo=688, unset)          0.787     0.787    tx_fir_i/clk
                         FDRE                                         r  tx_fir_i/sum6_i_reg[0][16]/C
  -------------------------------------------------------------------    -------------------
                         FDRE (Prop_fdre_C_Q)         0.303     1.090 r  tx_fir_i/sum6_i_reg[0][16]/Q
                         net (fo=1, unplaced)         0.818     1.908    tx_fir_i/sum6_i_reg[0][16]
                         CARRY4 (Prop_carry4_S[3]_CO[3])
                                                      0.546     2.454 r  tx_fir_i/round_q15_return0_carry/CO[3]
                         net (fo=1, unplaced)         0.008     2.462    tx_fir_i/round_q15_return0_carry_n_0
                         CARRY4 (Prop_carry4_CI_CO[3])
                                                      0.100     2.562 r  tx_fir_i/round_q15_return0_carry__0/CO[3]
                         net (fo=1, unplaced)         0.000     2.562    tx_fir_i/round_q15_return0_carry__0_n_0
                         CARRY4 (Prop_carry4_CI_CO[3])
                                                      0.100     2.662 r  tx_fir_i/round_q15_return0_carry__1/CO[3]
                         net (fo=1, unplaced)         0.000     2.662    tx_fir_i/round_q15_return0_carry__1_n_0
                         CARRY4 (Prop_carry4_CI_CO[3])
                                                      0.100     2.762 r  tx_fir_i/round_q15_return0_carry__2/CO[3]
                         net (fo=1, unplaced)         0.000     2.762    tx_fir_i/round_q15_return0_carry__2_n_0
                         CARRY4 (Prop_carry4_CI_CO[3])
                                                      0.100     2.862 r  tx_fir_i/round_q15_return0_carry__3/CO[3]
                         net (fo=1, unplaced)         0.000     2.862    tx_fir_i/round_q15_return0_carry__3_n_0
                         CARRY4 (Prop_carry4_CI_O[3])
                                                      0.277     3.139 r  tx_fir_i/round_q15_return0_carry__4/O[3]
                         net (fo=4, unplaced)         0.543     3.682    tx_fir_i/round_q15_return0[36]
                         LUT2 (Prop_lut2_I1_O)        0.253     3.935 r  tx_fir_i/i__carry_i_1/O
                         net (fo=1, unplaced)         0.000     3.935    tx_fir_i/i__carry_i_1_n_0
                         CARRY4 (Prop_carry4_DI[3]_CO[3])
                                                      0.351     4.286 r  tx_fir_i/sat_q151_inferred__0/i__carry/CO[3]
                         net (fo=1, unplaced)         0.008     4.294    tx_fir_i/sat_q151_inferred__0/i__carry_n_0
                         CARRY4 (Prop_carry4_CI_CO[3])
                                                      0.100     4.394 r  tx_fir_i/sat_q151_inferred__0/i__carry__0/CO[3]
                         net (fo=1, unplaced)         0.000     4.394    tx_fir_i/sat_q151_inferred__0/i__carry__0_n_0
                         CARRY4 (Prop_carry4_CI_CO[3])
                                                      0.100     4.494 r  tx_fir_i/sat_q151_inferred__0/i__carry__1/CO[3]
                         net (fo=1, unplaced)         0.000     4.494    tx_fir_i/sat_q151_inferred__0/i__carry__1_n_0
                         CARRY4 (Prop_carry4_CI_CO[0])
                                                      0.238     4.732 r  tx_fir_i/sat_q151_inferred__0/i__carry__2/CO[0]
                         net (fo=16, unplaced)        0.416     5.148    tx_fir_i/sat_q1510_in
                         LUT3 (Prop_lut3_I0_O)        0.317     5.465 r  tx_fir_i/out_i[9]_i_1/O
                         net (fo=1, unplaced)         0.000     5.465    tx_fir_i/sat_q15_return[9]
                         FDRE                                         r  tx_fir_i/out_i_reg[9]/D
  -------------------------------------------------------------------    -------------------

                         (clock clk rise edge)       10.000    10.000 r
                                                      0.000    10.000 r  clk (IN)
                         net (fo=688, unset)          0.748    10.748    tx_fir_i/clk
                         FDRE                                         r  tx_fir_i/out_i_reg[9]/C
                         clock pessimism              0.000    10.748
                         clock uncertainty           -0.035    10.712
                         FDRE (Setup_fdre_C_D)       -0.032    10.680    tx_fir_i/out_i_reg[9]
  -------------------------------------------------------------------
                         required time                         10.680
                         arrival time                          -5.465
  -------------------------------------------------------------------
                         slack                                  5.215

Slack (MET) :             5.215ns  (required time - arrival time)
  Source:                 tx_fir_i/sum6_q_reg[0][16]/C
                            (rising edge-triggered cell FDRE clocked by clk  {rise@0.000ns fall@5.000ns period=10.000ns})
  Destination:            tx_fir_i/out_q_reg[12]/D
                            (rising edge-triggered cell FDRE clocked by clk  {rise@0.000ns fall@5.000ns period=10.000ns})
  Path Group:             clk
  Path Type:              Setup (Max at Slow Process Corner)
  Requirement:            10.000ns  (clk rise@10.000ns - clk rise@0.000ns)
  Data Path Delay:        4.678ns  (logic 2.885ns (61.672%)  route 1.793ns (38.328%))
  Logic Levels:           12  (CARRY4=10 LUT2=1 LUT3=1)
  Clock Path Skew:        -0.039ns (DCD - SCD + CPR)
    Destination Clock Delay (DCD):    0.748ns = ( 10.748 - 10.000 )
    Source Clock Delay      (SCD):    0.787ns
    Clock Pessimism Removal (CPR):    0.000ns
  Clock Uncertainty:      0.035ns  ((TSJ^2 + TIJ^2)^1/2 + DJ) / 2 + PE
    Total System Jitter     (TSJ):    0.071ns
    Total Input Jitter      (TIJ):    0.000ns
    Discrete Jitter          (DJ):    0.000ns
    Phase Error              (PE):    0.000ns

    Location             Delay type                Incr(ns)  Path(ns)    Netlist Resource(s)
  -------------------------------------------------------------------    -------------------
                         (clock clk rise edge)        0.000     0.000 r
                                                      0.000     0.000 r  clk (IN)
                         net (fo=688, unset)          0.787     0.787    tx_fir_i/clk
                         FDRE                                         r  tx_fir_i/sum6_q_reg[0][16]/C
  -------------------------------------------------------------------    -------------------
                         FDRE (Prop_fdre_C_Q)         0.303     1.090 r  tx_fir_i/sum6_q_reg[0][16]/Q
                         net (fo=1, unplaced)         0.818     1.908    tx_fir_i/sum6_q_reg[0][16]
                         CARRY4 (Prop_carry4_S[3]_CO[3])
                                                      0.546     2.454 r  tx_fir_i/round_q15_return0_inferred__0/i__carry/CO[3]
                         net (fo=1, unplaced)         0.008     2.462    tx_fir_i/round_q15_return0_inferred__0/i__carry_n_0
                         CARRY4 (Prop_carry4_CI_CO[3])
                                                      0.100     2.562 r  tx_fir_i/round_q15_return0_inferred__0/i__carry__0/CO[3]
                         net (fo=1, unplaced)         0.000     2.562    tx_fir_i/round_q15_return0_inferred__0/i__carry__0_n_0
                         CARRY4 (Prop_carry4_CI_CO[3])
                                                      0.100     2.662 r  tx_fir_i/round_q15_return0_inferred__0/i__carry__1/CO[3]
                         net (fo=1, unplaced)         0.000     2.662    tx_fir_i/round_q15_return0_inferred__0/i__carry__1_n_0
                         CARRY4 (Prop_carry4_CI_CO[3])
                                                      0.100     2.762 r  tx_fir_i/round_q15_return0_inferred__0/i__carry__2/CO[3]
                         net (fo=1, unplaced)         0.000     2.762    tx_fir_i/round_q15_return0_inferred__0/i__carry__2_n_0
                         CARRY4 (Prop_carry4_CI_CO[3])
                                                      0.100     2.862 r  tx_fir_i/round_q15_return0_inferred__0/i__carry__3/CO[3]
                         net (fo=1, unplaced)         0.000     2.862    tx_fir_i/round_q15_return0_inferred__0/i__carry__3_n_0
                         CARRY4 (Prop_carry4_CI_O[3])
                                                      0.277     3.139 r  tx_fir_i/round_q15_return0_inferred__0/i__carry__4/O[3]
                         net (fo=4, unplaced)         0.543     3.682    tx_fir_i/round_q15_return0_inferred__0/i__carry__4_n_4
                         LUT2 (Prop_lut2_I1_O)        0.253     3.935 r  tx_fir_i/i__carry_i_1__1/O
                         net (fo=1, unplaced)         0.000     3.935    tx_fir_i/i__carry_i_1__1_n_0
                         CARRY4 (Prop_carry4_DI[3]_CO[3])
                                                      0.351     4.286 r  tx_fir_i/sat_q151_inferred__2/i__carry/CO[3]
                         net (fo=1, unplaced)         0.008     4.294    tx_fir_i/sat_q151_inferred__2/i__carry_n_0
                         CARRY4 (Prop_carry4_CI_CO[3])
                                                      0.100     4.394 r  tx_fir_i/sat_q151_inferred__2/i__carry__0/CO[3]
                         net (fo=1, unplaced)         0.000     4.394    tx_fir_i/sat_q151_inferred__2/i__carry__0_n_0
                         CARRY4 (Prop_carry4_CI_CO[3])
                                                      0.100     4.494 r  tx_fir_i/sat_q151_inferred__2/i__carry__1/CO[3]
                         net (fo=1, unplaced)         0.000     4.494    tx_fir_i/sat_q151_inferred__2/i__carry__1_n_0
                         CARRY4 (Prop_carry4_CI_CO[0])
                                                      0.238     4.732 r  tx_fir_i/sat_q151_inferred__2/i__carry__2/CO[0]
                         net (fo=16, unplaced)        0.416     5.148    tx_fir_i/sat_q151_inferred__2/i__carry__2_n_3
                         LUT3 (Prop_lut3_I0_O)        0.317     5.465 r  tx_fir_i/out_q[12]_i_1/O
                         net (fo=1, unplaced)         0.000     5.465    tx_fir_i/sat_q15_return__0[12]
                         FDRE                                         r  tx_fir_i/out_q_reg[12]/D
  -------------------------------------------------------------------    -------------------

                         (clock clk rise edge)       10.000    10.000 r
                                                      0.000    10.000 r  clk (IN)
                         net (fo=688, unset)          0.748    10.748    tx_fir_i/clk
                         FDRE                                         r  tx_fir_i/out_q_reg[12]/C
                         clock pessimism              0.000    10.748
                         clock uncertainty           -0.035    10.712
                         FDRE (Setup_fdre_C_D)       -0.032    10.680    tx_fir_i/out_q_reg[12]
  -------------------------------------------------------------------
                         required time                         10.680
                         arrival time                          -5.465
  -------------------------------------------------------------------
                         slack                                  5.215





Pulse Width Checks
--------------------------------------------------------------------------------------
Clock Name:         clk
Waveform(ns):       { 0.000 5.000 }
Period(ns):         10.000
Sources:            { clk }

Check Type        Corner  Lib Pin      Reference Pin  Required(ns)  Actual(ns)  Slack(ns)  Location  Pin
Min Period        n/a     DSP48E1/CLK  n/a            2.997         10.000      7.003                tx_fir_i/prod_i_reg[0]/CLK
Min Period        n/a     DSP48E1/CLK  n/a            2.997         10.000      7.003                tx_fir_i/prod_i_reg[10]/CLK
Min Period        n/a     DSP48E1/CLK  n/a            2.997         10.000      7.003                tx_fir_i/prod_i_reg[12]/CLK
Min Period        n/a     DSP48E1/CLK  n/a            2.997         10.000      7.003                tx_fir_i/prod_i_reg[14]/CLK
Min Period        n/a     DSP48E1/CLK  n/a            2.997         10.000      7.003                tx_fir_i/prod_i_reg[16]/CLK
Min Period        n/a     DSP48E1/CLK  n/a            2.997         10.000      7.003                tx_fir_i/prod_i_reg[18]/CLK
Min Period        n/a     DSP48E1/CLK  n/a            2.997         10.000      7.003                tx_fir_i/prod_i_reg[20]/CLK
Min Period        n/a     DSP48E1/CLK  n/a            2.997         10.000      7.003                tx_fir_i/prod_i_reg[22]/CLK
Min Period        n/a     DSP48E1/CLK  n/a            2.997         10.000      7.003                tx_fir_i/prod_i_reg[24]/CLK
Min Period        n/a     DSP48E1/CLK  n/a            2.997         10.000      7.003                tx_fir_i/prod_i_reg[26]/CLK
Low Pulse Width   Slow    FDRE/C       n/a            0.500         5.000       4.500                flush_active_reg/C
Low Pulse Width   Fast    FDRE/C       n/a            0.500         5.000       4.500                flush_active_reg/C
Low Pulse Width   Slow    FDRE/C       n/a            0.500         5.000       4.500                flush_remaining_reg[0]/C
Low Pulse Width   Fast    FDRE/C       n/a            0.500         5.000       4.500                flush_remaining_reg[0]/C
Low Pulse Width   Slow    FDRE/C       n/a            0.500         5.000       4.500                flush_remaining_reg[10]/C
Low Pulse Width   Fast    FDRE/C       n/a            0.500         5.000       4.500                flush_remaining_reg[10]/C
Low Pulse Width   Slow    FDRE/C       n/a            0.500         5.000       4.500                flush_remaining_reg[11]/C
Low Pulse Width   Fast    FDRE/C       n/a            0.500         5.000       4.500                flush_remaining_reg[11]/C
Low Pulse Width   Slow    FDRE/C       n/a            0.500         5.000       4.500                flush_remaining_reg[12]/C
Low Pulse Width   Fast    FDRE/C       n/a            0.500         5.000       4.500                flush_remaining_reg[12]/C
High Pulse Width  Slow    FDRE/C       n/a            0.500         5.000       4.500                flush_active_reg/C
High Pulse Width  Fast    FDRE/C       n/a            0.500         5.000       4.500                flush_active_reg/C
High Pulse Width  Slow    FDRE/C       n/a            0.500         5.000       4.500                flush_remaining_reg[0]/C
High Pulse Width  Fast    FDRE/C       n/a            0.500         5.000       4.500                flush_remaining_reg[0]/C
High Pulse Width  Slow    FDRE/C       n/a            0.500         5.000       4.500                flush_remaining_reg[10]/C
High Pulse Width  Fast    FDRE/C       n/a            0.500         5.000       4.500                flush_remaining_reg[10]/C
High Pulse Width  Slow    FDRE/C       n/a            0.500         5.000       4.500                flush_remaining_reg[11]/C
High Pulse Width  Fast    FDRE/C       n/a            0.500         5.000       4.500                flush_remaining_reg[11]/C
High Pulse Width  Slow    FDRE/C       n/a            0.500         5.000       4.500                flush_remaining_reg[12]/C
High Pulse Width  Fast    FDRE/C       n/a            0.500         5.000       4.500                flush_remaining_reg[12]/C
