Copyright 1986-2021 Xilinx, Inc. All Rights Reserved.
--------------------------------------------------------------------------------------------------------------------------------------------------------------------------------------------------------
| Tool Version : Vivado v.2021.1 (win64) Build 3247384 Thu Jun 10 19:36:33 MDT 2021
| Date         : normalized
| Host         : normalized
| Command      : report_timing_summary -delay_type max -max_paths 10 -file <output_dir>/bpsk_symbol_timing_sampler_post_route_timing_summary.rpt
| Design       : bpsk_symbol_timing_sampler
| Device       : 7z020-clg400
| Speed File   : -2  PRODUCTION 1.12 2019-11-22
--------------------------------------------------------------------------------------------------------------------------------------------------------------------------------------------------------

Timing Summary Report

------------------------------------------------------------------------------------------------
| Timer Settings
| --------------
------------------------------------------------------------------------------------------------

  Enable Multi Corner Analysis               :  Yes
  Enable Pessimism Removal                   :  Yes
  Pessimism Removal Resolution               :  Nearest Common Node
  Enable Input Delay Default Clock           :  No
  Enable Preset / Clear Arcs                 :  No
  Disable Flight Delays                      :  No
  Ignore I/O Paths                           :  No
  Timing Early Launch at Borrowing Latches   :  No
  Borrow Time for Max Delay Exceptions       :  Yes
  Merge Timing Exceptions                    :  Yes

  Corner  Analyze    Analyze
  Name    Max Paths  Min Paths
  ------  ---------  ---------
  Slow    Yes        Yes
  Fast    Yes        Yes


------------------------------------------------------------------------------------------------
| Report Methodology
| ------------------
------------------------------------------------------------------------------------------------

No report available as report_methodology has not been run prior. Run report_methodology on the current design for the summary of methodology violations.



check_timing report

Table of Contents
-----------------
1. checking no_clock (0)
2. checking constant_clock (0)
3. checking pulse_width_clock (0)
4. checking unconstrained_internal_endpoints (0)
5. checking no_input_delay (0)
6. checking no_output_delay (0)
7. checking multiple_clock (0)
8. checking generated_clocks (0)
9. checking loops (0)
10. checking partial_input_delay (0)
11. checking partial_output_delay (0)
12. checking latch_loops (0)

1. checking no_clock (0)
------------------------
 There are 0 register/latch pins with no clock.


2. checking constant_clock (0)
------------------------------
 There are 0 register/latch pins with constant_clock.


3. checking pulse_width_clock (0)
---------------------------------
 There are 0 register/latch pins which need pulse_width check


4. checking unconstrained_internal_endpoints (0)
------------------------------------------------
 There are 0 pins that are not constrained for maximum delay.

 There are 0 pins that are not constrained for maximum delay due to constant clock.


5. checking no_input_delay (0)
------------------------------
 There are 0 input ports with no input delay specified.

 There are 0 input ports with no input delay but user has a false path constraint.


6. checking no_output_delay (0)
-------------------------------
 There are 0 ports with no output delay specified.

 There are 0 ports with no output delay but user has a false path constraint

 There are 0 ports with no output delay but with a timing clock defined on it or propagating through it


7. checking multiple_clock (0)
------------------------------
 There are 0 register/latch pins with multiple clocks.


8. checking generated_clocks (0)
--------------------------------
 There are 0 generated clocks that are not connected to a clock source.


9. checking loops (0)
---------------------
 There are 0 combinational loops in the design.


10. checking partial_input_delay (0)
------------------------------------
 There are 0 input ports with partial input delay specified.


11. checking partial_output_delay (0)
-------------------------------------
 There are 0 ports with partial output delay specified.


12. checking latch_loops (0)
----------------------------
 There are 0 combinational latch loops in the design through latch input



------------------------------------------------------------------------------------------------
| Design Timing Summary
| ---------------------
------------------------------------------------------------------------------------------------

    WNS(ns)      TNS(ns)  TNS Failing Endpoints  TNS Total Endpoints     WPWS(ns)     TPWS(ns)  TPWS Failing Endpoints  TPWS Total Endpoints
    -------      -------  ---------------------  -------------------     --------     --------  ----------------------  --------------------
      5.065        0.000                      0                  194        4.500        0.000                       0                    65


All user specified timing constraints are met.


------------------------------------------------------------------------------------------------
| Clock Summary
| -------------
------------------------------------------------------------------------------------------------

Clock  Waveform(ns)       Period(ns)      Frequency(MHz)
-----  ------------       ----------      --------------
clk    {0.000 5.000}      10.000          100.000


------------------------------------------------------------------------------------------------
| Intra Clock Table
| -----------------
------------------------------------------------------------------------------------------------

Clock             WNS(ns)      TNS(ns)  TNS Failing Endpoints  TNS Total Endpoints     WPWS(ns)     TPWS(ns)  TPWS Failing Endpoints  TPWS Total Endpoints
-----             -------      -------  ---------------------  -------------------     --------     --------  ----------------------  --------------------
clk                 5.065        0.000                      0                  194        4.500        0.000                       0                    65


------------------------------------------------------------------------------------------------
| Inter Clock Table
| -----------------
------------------------------------------------------------------------------------------------

From Clock    To Clock          WNS(ns)      TNS(ns)  TNS Failing Endpoints  TNS Total Endpoints
----------    --------          -------      -------  ---------------------  -------------------


------------------------------------------------------------------------------------------------
| Other Path Groups Table
| -----------------------
------------------------------------------------------------------------------------------------

Path Group    From Clock    To Clock          WNS(ns)      TNS(ns)  TNS Failing Endpoints  TNS Total Endpoints
----------    ----------    --------          -------      -------  ---------------------  -------------------


------------------------------------------------------------------------------------------------
| Timing Details
| --------------
------------------------------------------------------------------------------------------------


---------------------------------------------------------------------------------------------------
From Clock:  clk
  To Clock:  clk

Setup :            0  Failing Endpoints,  Worst Slack        5.065ns,  Total Violation        0.000ns
Hold  :           NA  Failing Endpoints,  Worst Slack           NA  ,  Total Violation           NA
PW    :            0  Failing Endpoints,  Worst Slack        4.500ns,  Total Violation        0.000ns
---------------------------------------------------------------------------------------------------


Max Delay Paths
--------------------------------------------------------------------------------------
Slack (MET) :             5.065ns  (required time - arrival time)
  Source:                 sample_index_reg[0]/C
                            (rising edge-triggered cell FDRE clocked by clk  {rise@0.000ns fall@5.000ns period=10.000ns})
  Destination:            emitted_symbols_reg[12]/CE
                            (rising edge-triggered cell FDRE clocked by clk  {rise@0.000ns fall@5.000ns period=10.000ns})
  Path Group:             clk
  Path Type:              Setup (Max at Slow Process Corner)
  Requirement:            10.000ns  (clk rise@10.000ns - clk rise@0.000ns)
  Data Path Delay:        4.675ns  (logic 1.181ns (25.264%)  route 3.494ns (74.736%))
  Logic Levels:           4  (CARRY4=2 LUT4=2)
  Clock Path Skew:        -0.089ns (DCD - SCD + CPR)
    Destination Clock Delay (DCD):    1.226ns = ( 11.226 - 10.000 )
    Source Clock Delay      (SCD):    1.411ns
    Clock Pessimism Removal (CPR):    0.096ns
  Clock Uncertainty:      0.035ns  ((TSJ^2 + TIJ^2)^1/2 + DJ) / 2 + PE
    Total System Jitter     (TSJ):    0.071ns
    Total Input Jitter      (TIJ):    0.000ns
    Discrete Jitter          (DJ):    0.000ns
    Phase Error              (PE):    0.000ns

    Location             Delay type                Incr(ns)  Path(ns)    Netlist Resource(s)
  -------------------------------------------------------------------    -------------------
                         (clock clk rise edge)        0.000     0.000 r
                                                      0.000     0.000 r  clk (IN)
                         net (fo=64, unset)           1.411     1.411    clk
    SLICE_X30Y75         FDRE                                         r  sample_index_reg[0]/C
  -------------------------------------------------------------------    -------------------
    SLICE_X30Y75         FDRE (Prop_fdre_C_Q)         0.433     1.844 r  sample_index_reg[0]/Q
                         net (fo=4, routed)           0.908     2.752    sample_index_reg[0]
    SLICE_X31Y76         LUT4 (Prop_lut4_I0_O)        0.105     2.857 r  out_valid_i_38/O
                         net (fo=1, routed)           0.000     2.857    out_valid_i_38_n_0
    SLICE_X31Y76         CARRY4 (Prop_carry4_S[0]_CO[3])
                                                      0.440     3.297 r  out_valid_reg_i_14/CO[3]
                         net (fo=1, routed)           0.000     3.297    out_valid_reg_i_14_n_0
    SLICE_X31Y77         CARRY4 (Prop_carry4_CI_CO[3])
                                                      0.098     3.395 r  out_valid_reg_i_4/CO[3]
                         net (fo=34, routed)          1.481     4.876    out_valid_reg_i_4_n_0
    SLICE_X33Y78         LUT4 (Prop_lut4_I3_O)        0.105     4.981 r  emitted_symbols[0]_i_1/O
                         net (fo=16, routed)          1.104     6.086    emitted_symbols
    SLICE_X34Y79         FDRE                                         r  emitted_symbols_reg[12]/CE
  -------------------------------------------------------------------    -------------------

                         (clock clk rise edge)       10.000    10.000 r
                                                      0.000    10.000 r  clk (IN)
                         net (fo=64, unset)           1.226    11.226    clk
    SLICE_X34Y79         FDRE                                         r  emitted_symbols_reg[12]/C
                         clock pessimism              0.096    11.322
                         clock uncertainty           -0.035    11.287
    SLICE_X34Y79         FDRE (Setup_fdre_C_CE)      -0.136    11.151    emitted_symbols_reg[12]
  -------------------------------------------------------------------
                         required time                         11.151
                         arrival time                          -6.086
  -------------------------------------------------------------------
                         slack                                  5.065

Slack (MET) :             5.065ns  (required time - arrival time)
  Source:                 sample_index_reg[0]/C
                            (rising edge-triggered cell FDRE clocked by clk  {rise@0.000ns fall@5.000ns period=10.000ns})
  Destination:            emitted_symbols_reg[13]/CE
                            (rising edge-triggered cell FDRE clocked by clk  {rise@0.000ns fall@5.000ns period=10.000ns})
  Path Group:             clk
  Path Type:              Setup (Max at Slow Process Corner)
  Requirement:            10.000ns  (clk rise@10.000ns - clk rise@0.000ns)
  Data Path Delay:        4.675ns  (logic 1.181ns (25.264%)  route 3.494ns (74.736%))
  Logic Levels:           4  (CARRY4=2 LUT4=2)
  Clock Path Skew:        -0.089ns (DCD - SCD + CPR)
    Destination Clock Delay (DCD):    1.226ns = ( 11.226 - 10.000 )
    Source Clock Delay      (SCD):    1.411ns
    Clock Pessimism Removal (CPR):    0.096ns
  Clock Uncertainty:      0.035ns  ((TSJ^2 + TIJ^2)^1/2 + DJ) / 2 + PE
    Total System Jitter     (TSJ):    0.071ns
    Total Input Jitter      (TIJ):    0.000ns
    Discrete Jitter          (DJ):    0.000ns
    Phase Error              (PE):    0.000ns

    Location             Delay type                Incr(ns)  Path(ns)    Netlist Resource(s)
  -------------------------------------------------------------------    -------------------
                         (clock clk rise edge)        0.000     0.000 r
                                                      0.000     0.000 r  clk (IN)
                         net (fo=64, unset)           1.411     1.411    clk
    SLICE_X30Y75         FDRE                                         r  sample_index_reg[0]/C
  -------------------------------------------------------------------    -------------------
    SLICE_X30Y75         FDRE (Prop_fdre_C_Q)         0.433     1.844 r  sample_index_reg[0]/Q
                         net (fo=4, routed)           0.908     2.752    sample_index_reg[0]
    SLICE_X31Y76         LUT4 (Prop_lut4_I0_O)        0.105     2.857 r  out_valid_i_38/O
                         net (fo=1, routed)           0.000     2.857    out_valid_i_38_n_0
    SLICE_X31Y76         CARRY4 (Prop_carry4_S[0]_CO[3])
                                                      0.440     3.297 r  out_valid_reg_i_14/CO[3]
                         net (fo=1, routed)           0.000     3.297    out_valid_reg_i_14_n_0
    SLICE_X31Y77         CARRY4 (Prop_carry4_CI_CO[3])
                                                      0.098     3.395 r  out_valid_reg_i_4/CO[3]
                         net (fo=34, routed)          1.481     4.876    out_valid_reg_i_4_n_0
    SLICE_X33Y78         LUT4 (Prop_lut4_I3_O)        0.105     4.981 r  emitted_symbols[0]_i_1/O
                         net (fo=16, routed)          1.104     6.086    emitted_symbols
    SLICE_X34Y79         FDRE                                         r  emitted_symbols_reg[13]/CE
  -------------------------------------------------------------------    -------------------

                         (clock clk rise edge)       10.000    10.000 r
                                                      0.000    10.000 r  clk (IN)
                         net (fo=64, unset)           1.226    11.226    clk
    SLICE_X34Y79         FDRE                                         r  emitted_symbols_reg[13]/C
                         clock pessimism              0.096    11.322
                         clock uncertainty           -0.035    11.287
    SLICE_X34Y79         FDRE (Setup_fdre_C_CE)      -0.136    11.151    emitted_symbols_reg[13]
  -------------------------------------------------------------------
                         required time                         11.151
                         arrival time                          -6.086
  -------------------------------------------------------------------
                         slack                                  5.065

Slack (MET) :             5.065ns  (required time - arrival time)
  Source:                 sample_index_reg[0]/C
                            (rising edge-triggered cell FDRE clocked by clk  {rise@0.000ns fall@5.000ns period=10.000ns})
  Destination:            emitted_symbols_reg[14]/CE
                            (rising edge-triggered cell FDRE clocked by clk  {rise@0.000ns fall@5.000ns period=10.000ns})
  Path Group:             clk
  Path Type:              Setup (Max at Slow Process Corner)
  Requirement:            10.000ns  (clk rise@10.000ns - clk rise@0.000ns)
  Data Path Delay:        4.675ns  (logic 1.181ns (25.264%)  route 3.494ns (74.736%))
  Logic Levels:           4  (CARRY4=2 LUT4=2)
  Clock Path Skew:        -0.089ns (DCD - SCD + CPR)
    Destination Clock Delay (DCD):    1.226ns = ( 11.226 - 10.000 )
    Source Clock Delay      (SCD):    1.411ns
    Clock Pessimism Removal (CPR):    0.096ns
  Clock Uncertainty:      0.035ns  ((TSJ^2 + TIJ^2)^1/2 + DJ) / 2 + PE
    Total System Jitter     (TSJ):    0.071ns
    Total Input Jitter      (TIJ):    0.000ns
    Discrete Jitter          (DJ):    0.000ns
    Phase Error              (PE):    0.000ns

    Location             Delay type                Incr(ns)  Path(ns)    Netlist Resource(s)
  -------------------------------------------------------------------    -------------------
                         (clock clk rise edge)        0.000     0.000 r
                                                      0.000     0.000 r  clk (IN)
                         net (fo=64, unset)           1.411     1.411    clk
    SLICE_X30Y75         FDRE                                         r  sample_index_reg[0]/C
  -------------------------------------------------------------------    -------------------
    SLICE_X30Y75         FDRE (Prop_fdre_C_Q)         0.433     1.844 r  sample_index_reg[0]/Q
                         net (fo=4, routed)           0.908     2.752    sample_index_reg[0]
    SLICE_X31Y76         LUT4 (Prop_lut4_I0_O)        0.105     2.857 r  out_valid_i_38/O
                         net (fo=1, routed)           0.000     2.857    out_valid_i_38_n_0
    SLICE_X31Y76         CARRY4 (Prop_carry4_S[0]_CO[3])
                                                      0.440     3.297 r  out_valid_reg_i_14/CO[3]
                         net (fo=1, routed)           0.000     3.297    out_valid_reg_i_14_n_0
    SLICE_X31Y77         CARRY4 (Prop_carry4_CI_CO[3])
                                                      0.098     3.395 r  out_valid_reg_i_4/CO[3]
                         net (fo=34, routed)          1.481     4.876    out_valid_reg_i_4_n_0
    SLICE_X33Y78         LUT4 (Prop_lut4_I3_O)        0.105     4.981 r  emitted_symbols[0]_i_1/O
                         net (fo=16, routed)          1.104     6.086    emitted_symbols
    SLICE_X34Y79         FDRE                                         r  emitted_symbols_reg[14]/CE
  -------------------------------------------------------------------    -------------------

                         (clock clk rise edge)       10.000    10.000 r
                                                      0.000    10.000 r  clk (IN)
                         net (fo=64, unset)           1.226    11.226    clk
    SLICE_X34Y79         FDRE                                         r  emitted_symbols_reg[14]/C
                         clock pessimism              0.096    11.322
                         clock uncertainty           -0.035    11.287
    SLICE_X34Y79         FDRE (Setup_fdre_C_CE)      -0.136    11.151    emitted_symbols_reg[14]
  -------------------------------------------------------------------
                         required time                         11.151
                         arrival time                          -6.086
  -------------------------------------------------------------------
                         slack                                  5.065

Slack (MET) :             5.065ns  (required time - arrival time)
  Source:                 sample_index_reg[0]/C
                            (rising edge-triggered cell FDRE clocked by clk  {rise@0.000ns fall@5.000ns period=10.000ns})
  Destination:            emitted_symbols_reg[15]/CE
                            (rising edge-triggered cell FDRE clocked by clk  {rise@0.000ns fall@5.000ns period=10.000ns})
  Path Group:             clk
  Path Type:              Setup (Max at Slow Process Corner)
  Requirement:            10.000ns  (clk rise@10.000ns - clk rise@0.000ns)
  Data Path Delay:        4.675ns  (logic 1.181ns (25.264%)  route 3.494ns (74.736%))
  Logic Levels:           4  (CARRY4=2 LUT4=2)
  Clock Path Skew:        -0.089ns (DCD - SCD + CPR)
    Destination Clock Delay (DCD):    1.226ns = ( 11.226 - 10.000 )
    Source Clock Delay      (SCD):    1.411ns
    Clock Pessimism Removal (CPR):    0.096ns
  Clock Uncertainty:      0.035ns  ((TSJ^2 + TIJ^2)^1/2 + DJ) / 2 + PE
    Total System Jitter     (TSJ):    0.071ns
    Total Input Jitter      (TIJ):    0.000ns
    Discrete Jitter          (DJ):    0.000ns
    Phase Error              (PE):    0.000ns

    Location             Delay type                Incr(ns)  Path(ns)    Netlist Resource(s)
  -------------------------------------------------------------------    -------------------
                         (clock clk rise edge)        0.000     0.000 r
                                                      0.000     0.000 r  clk (IN)
                         net (fo=64, unset)           1.411     1.411    clk
    SLICE_X30Y75         FDRE                                         r  sample_index_reg[0]/C
  -------------------------------------------------------------------    -------------------
    SLICE_X30Y75         FDRE (Prop_fdre_C_Q)         0.433     1.844 r  sample_index_reg[0]/Q
                         net (fo=4, routed)           0.908     2.752    sample_index_reg[0]
    SLICE_X31Y76         LUT4 (Prop_lut4_I0_O)        0.105     2.857 r  out_valid_i_38/O
                         net (fo=1, routed)           0.000     2.857    out_valid_i_38_n_0
    SLICE_X31Y76         CARRY4 (Prop_carry4_S[0]_CO[3])
                                                      0.440     3.297 r  out_valid_reg_i_14/CO[3]
                         net (fo=1, routed)           0.000     3.297    out_valid_reg_i_14_n_0
    SLICE_X31Y77         CARRY4 (Prop_carry4_CI_CO[3])
                                                      0.098     3.395 r  out_valid_reg_i_4/CO[3]
                         net (fo=34, routed)          1.481     4.876    out_valid_reg_i_4_n_0
    SLICE_X33Y78         LUT4 (Prop_lut4_I3_O)        0.105     4.981 r  emitted_symbols[0]_i_1/O
                         net (fo=16, routed)          1.104     6.086    emitted_symbols
    SLICE_X34Y79         FDRE                                         r  emitted_symbols_reg[15]/CE
  -------------------------------------------------------------------    -------------------

                         (clock clk rise edge)       10.000    10.000 r
                                                      0.000    10.000 r  clk (IN)
                         net (fo=64, unset)           1.226    11.226    clk
    SLICE_X34Y79         FDRE                                         r  emitted_symbols_reg[15]/C
                         clock pessimism              0.096    11.322
                         clock uncertainty           -0.035    11.287
    SLICE_X34Y79         FDRE (Setup_fdre_C_CE)      -0.136    11.151    emitted_symbols_reg[15]
  -------------------------------------------------------------------
                         required time                         11.151
                         arrival time                          -6.086
  -------------------------------------------------------------------
                         slack                                  5.065

Slack (MET) :             5.129ns  (required time - arrival time)
  Source:                 sample_index_reg[0]/C
                            (rising edge-triggered cell FDRE clocked by clk  {rise@0.000ns fall@5.000ns period=10.000ns})
  Destination:            emitted_symbols_reg[4]/CE
                            (rising edge-triggered cell FDRE clocked by clk  {rise@0.000ns fall@5.000ns period=10.000ns})
  Path Group:             clk
  Path Type:              Setup (Max at Slow Process Corner)
  Requirement:            10.000ns  (clk rise@10.000ns - clk rise@0.000ns)
  Data Path Delay:        4.608ns  (logic 1.181ns (25.627%)  route 3.427ns (74.373%))
  Logic Levels:           4  (CARRY4=2 LUT4=2)
  Clock Path Skew:        -0.091ns (DCD - SCD + CPR)
    Destination Clock Delay (DCD):    1.224ns = ( 11.224 - 10.000 )
    Source Clock Delay      (SCD):    1.411ns
    Clock Pessimism Removal (CPR):    0.096ns
  Clock Uncertainty:      0.035ns  ((TSJ^2 + TIJ^2)^1/2 + DJ) / 2 + PE
    Total System Jitter     (TSJ):    0.071ns
    Total Input Jitter      (TIJ):    0.000ns
    Discrete Jitter          (DJ):    0.000ns
    Phase Error              (PE):    0.000ns

    Location             Delay type                Incr(ns)  Path(ns)    Netlist Resource(s)
  -------------------------------------------------------------------    -------------------
                         (clock clk rise edge)        0.000     0.000 r
                                                      0.000     0.000 r  clk (IN)
                         net (fo=64, unset)           1.411     1.411    clk
    SLICE_X30Y75         FDRE                                         r  sample_index_reg[0]/C
  -------------------------------------------------------------------    -------------------
    SLICE_X30Y75         FDRE (Prop_fdre_C_Q)         0.433     1.844 r  sample_index_reg[0]/Q
                         net (fo=4, routed)           0.908     2.752    sample_index_reg[0]
    SLICE_X31Y76         LUT4 (Prop_lut4_I0_O)        0.105     2.857 r  out_valid_i_38/O
                         net (fo=1, routed)           0.000     2.857    out_valid_i_38_n_0
    SLICE_X31Y76         CARRY4 (Prop_carry4_S[0]_CO[3])
                                                      0.440     3.297 r  out_valid_reg_i_14/CO[3]
                         net (fo=1, routed)           0.000     3.297    out_valid_reg_i_14_n_0
    SLICE_X31Y77         CARRY4 (Prop_carry4_CI_CO[3])
                                                      0.098     3.395 r  out_valid_reg_i_4/CO[3]
                         net (fo=34, routed)          1.481     4.876    out_valid_reg_i_4_n_0
    SLICE_X33Y78         LUT4 (Prop_lut4_I3_O)        0.105     4.981 r  emitted_symbols[0]_i_1/O
                         net (fo=16, routed)          1.038     6.019    emitted_symbols
    SLICE_X34Y77         FDRE                                         r  emitted_symbols_reg[4]/CE
  -------------------------------------------------------------------    -------------------

                         (clock clk rise edge)       10.000    10.000 r
                                                      0.000    10.000 r  clk (IN)
                         net (fo=64, unset)           1.224    11.224    clk
    SLICE_X34Y77         FDRE                                         r  emitted_symbols_reg[4]/C
                         clock pessimism              0.096    11.320
                         clock uncertainty           -0.035    11.285
    SLICE_X34Y77         FDRE (Setup_fdre_C_CE)      -0.136    11.149    emitted_symbols_reg[4]
  -------------------------------------------------------------------
                         required time                         11.149
                         arrival time                          -6.019
  -------------------------------------------------------------------
                         slack                                  5.129

Slack (MET) :             5.129ns  (required time - arrival time)
  Source:                 sample_index_reg[0]/C
                            (rising edge-triggered cell FDRE clocked by clk  {rise@0.000ns fall@5.000ns period=10.000ns})
  Destination:            emitted_symbols_reg[5]/CE
                            (rising edge-triggered cell FDRE clocked by clk  {rise@0.000ns fall@5.000ns period=10.000ns})
  Path Group:             clk
  Path Type:              Setup (Max at Slow Process Corner)
  Requirement:            10.000ns  (clk rise@10.000ns - clk rise@0.000ns)
  Data Path Delay:        4.608ns  (logic 1.181ns (25.627%)  route 3.427ns (74.373%))
  Logic Levels:           4  (CARRY4=2 LUT4=2)
  Clock Path Skew:        -0.091ns (DCD - SCD + CPR)
    Destination Clock Delay (DCD):    1.224ns = ( 11.224 - 10.000 )
    Source Clock Delay      (SCD):    1.411ns
    Clock Pessimism Removal (CPR):    0.096ns
  Clock Uncertainty:      0.035ns  ((TSJ^2 + TIJ^2)^1/2 + DJ) / 2 + PE
    Total System Jitter     (TSJ):    0.071ns
    Total Input Jitter      (TIJ):    0.000ns
    Discrete Jitter          (DJ):    0.000ns
    Phase Error              (PE):    0.000ns

    Location             Delay type                Incr(ns)  Path(ns)    Netlist Resource(s)
  -------------------------------------------------------------------    -------------------
                         (clock clk rise edge)        0.000     0.000 r
                                                      0.000     0.000 r  clk (IN)
                         net (fo=64, unset)           1.411     1.411    clk
    SLICE_X30Y75         FDRE                                         r  sample_index_reg[0]/C
  -------------------------------------------------------------------    -------------------
    SLICE_X30Y75         FDRE (Prop_fdre_C_Q)         0.433     1.844 r  sample_index_reg[0]/Q
                         net (fo=4, routed)           0.908     2.752    sample_index_reg[0]
    SLICE_X31Y76         LUT4 (Prop_lut4_I0_O)        0.105     2.857 r  out_valid_i_38/O
                         net (fo=1, routed)           0.000     2.857    out_valid_i_38_n_0
    SLICE_X31Y76         CARRY4 (Prop_carry4_S[0]_CO[3])
                                                      0.440     3.297 r  out_valid_reg_i_14/CO[3]
                         net (fo=1, routed)           0.000     3.297    out_valid_reg_i_14_n_0
    SLICE_X31Y77         CARRY4 (Prop_carry4_CI_CO[3])
                                                      0.098     3.395 r  out_valid_reg_i_4/CO[3]
                         net (fo=34, routed)          1.481     4.876    out_valid_reg_i_4_n_0
    SLICE_X33Y78         LUT4 (Prop_lut4_I3_O)        0.105     4.981 r  emitted_symbols[0]_i_1/O
                         net (fo=16, routed)          1.038     6.019    emitted_symbols
    SLICE_X34Y77         FDRE                                         r  emitted_symbols_reg[5]/CE
  -------------------------------------------------------------------    -------------------

                         (clock clk rise edge)       10.000    10.000 r
                                                      0.000    10.000 r  clk (IN)
                         net (fo=64, unset)           1.224    11.224    clk
    SLICE_X34Y77         FDRE                                         r  emitted_symbols_reg[5]/C
                         clock pessimism              0.096    11.320
                         clock uncertainty           -0.035    11.285
    SLICE_X34Y77         FDRE (Setup_fdre_C_CE)      -0.136    11.149    emitted_symbols_reg[5]
  -------------------------------------------------------------------
                         required time                         11.149
                         arrival time                          -6.019
  -------------------------------------------------------------------
                         slack                                  5.129

Slack (MET) :             5.129ns  (required time - arrival time)
  Source:                 sample_index_reg[0]/C
                            (rising edge-triggered cell FDRE clocked by clk  {rise@0.000ns fall@5.000ns period=10.000ns})
  Destination:            emitted_symbols_reg[6]/CE
                            (rising edge-triggered cell FDRE clocked by clk  {rise@0.000ns fall@5.000ns period=10.000ns})
  Path Group:             clk
  Path Type:              Setup (Max at Slow Process Corner)
  Requirement:            10.000ns  (clk rise@10.000ns - clk rise@0.000ns)
  Data Path Delay:        4.608ns  (logic 1.181ns (25.627%)  route 3.427ns (74.373%))
  Logic Levels:           4  (CARRY4=2 LUT4=2)
  Clock Path Skew:        -0.091ns (DCD - SCD + CPR)
    Destination Clock Delay (DCD):    1.224ns = ( 11.224 - 10.000 )
    Source Clock Delay      (SCD):    1.411ns
    Clock Pessimism Removal (CPR):    0.096ns
  Clock Uncertainty:      0.035ns  ((TSJ^2 + TIJ^2)^1/2 + DJ) / 2 + PE
    Total System Jitter     (TSJ):    0.071ns
    Total Input Jitter      (TIJ):    0.000ns
    Discrete Jitter          (DJ):    0.000ns
    Phase Error              (PE):    0.000ns

    Location             Delay type                Incr(ns)  Path(ns)    Netlist Resource(s)
  -------------------------------------------------------------------    -------------------
                         (clock clk rise edge)        0.000     0.000 r
                                                      0.000     0.000 r  clk (IN)
                         net (fo=64, unset)           1.411     1.411    clk
    SLICE_X30Y75         FDRE                                         r  sample_index_reg[0]/C
  -------------------------------------------------------------------    -------------------
    SLICE_X30Y75         FDRE (Prop_fdre_C_Q)         0.433     1.844 r  sample_index_reg[0]/Q
                         net (fo=4, routed)           0.908     2.752    sample_index_reg[0]
    SLICE_X31Y76         LUT4 (Prop_lut4_I0_O)        0.105     2.857 r  out_valid_i_38/O
                         net (fo=1, routed)           0.000     2.857    out_valid_i_38_n_0
    SLICE_X31Y76         CARRY4 (Prop_carry4_S[0]_CO[3])
                                                      0.440     3.297 r  out_valid_reg_i_14/CO[3]
                         net (fo=1, routed)           0.000     3.297    out_valid_reg_i_14_n_0
    SLICE_X31Y77         CARRY4 (Prop_carry4_CI_CO[3])
                                                      0.098     3.395 r  out_valid_reg_i_4/CO[3]
                         net (fo=34, routed)          1.481     4.876    out_valid_reg_i_4_n_0
    SLICE_X33Y78         LUT4 (Prop_lut4_I3_O)        0.105     4.981 r  emitted_symbols[0]_i_1/O
                         net (fo=16, routed)          1.038     6.019    emitted_symbols
    SLICE_X34Y77         FDRE                                         r  emitted_symbols_reg[6]/CE
  -------------------------------------------------------------------    -------------------

                         (clock clk rise edge)       10.000    10.000 r
                                                      0.000    10.000 r  clk (IN)
                         net (fo=64, unset)           1.224    11.224    clk
    SLICE_X34Y77         FDRE                                         r  emitted_symbols_reg[6]/C
                         clock pessimism              0.096    11.320
                         clock uncertainty           -0.035    11.285
    SLICE_X34Y77         FDRE (Setup_fdre_C_CE)      -0.136    11.149    emitted_symbols_reg[6]
  -------------------------------------------------------------------
                         required time                         11.149
                         arrival time                          -6.019
  -------------------------------------------------------------------
                         slack                                  5.129

Slack (MET) :             5.129ns  (required time - arrival time)
  Source:                 sample_index_reg[0]/C
                            (rising edge-triggered cell FDRE clocked by clk  {rise@0.000ns fall@5.000ns period=10.000ns})
  Destination:            emitted_symbols_reg[7]/CE
                            (rising edge-triggered cell FDRE clocked by clk  {rise@0.000ns fall@5.000ns period=10.000ns})
  Path Group:             clk
  Path Type:              Setup (Max at Slow Process Corner)
  Requirement:            10.000ns  (clk rise@10.000ns - clk rise@0.000ns)
  Data Path Delay:        4.608ns  (logic 1.181ns (25.627%)  route 3.427ns (74.373%))
  Logic Levels:           4  (CARRY4=2 LUT4=2)
  Clock Path Skew:        -0.091ns (DCD - SCD + CPR)
    Destination Clock Delay (DCD):    1.224ns = ( 11.224 - 10.000 )
    Source Clock Delay      (SCD):    1.411ns
    Clock Pessimism Removal (CPR):    0.096ns
  Clock Uncertainty:      0.035ns  ((TSJ^2 + TIJ^2)^1/2 + DJ) / 2 + PE
    Total System Jitter     (TSJ):    0.071ns
    Total Input Jitter      (TIJ):    0.000ns
    Discrete Jitter          (DJ):    0.000ns
    Phase Error              (PE):    0.000ns

    Location             Delay type                Incr(ns)  Path(ns)    Netlist Resource(s)
  -------------------------------------------------------------------    -------------------
                         (clock clk rise edge)        0.000     0.000 r
                                                      0.000     0.000 r  clk (IN)
                         net (fo=64, unset)           1.411     1.411    clk
    SLICE_X30Y75         FDRE                                         r  sample_index_reg[0]/C
  -------------------------------------------------------------------    -------------------
    SLICE_X30Y75         FDRE (Prop_fdre_C_Q)         0.433     1.844 r  sample_index_reg[0]/Q
                         net (fo=4, routed)           0.908     2.752    sample_index_reg[0]
    SLICE_X31Y76         LUT4 (Prop_lut4_I0_O)        0.105     2.857 r  out_valid_i_38/O
                         net (fo=1, routed)           0.000     2.857    out_valid_i_38_n_0
    SLICE_X31Y76         CARRY4 (Prop_carry4_S[0]_CO[3])
                                                      0.440     3.297 r  out_valid_reg_i_14/CO[3]
                         net (fo=1, routed)           0.000     3.297    out_valid_reg_i_14_n_0
    SLICE_X31Y77         CARRY4 (Prop_carry4_CI_CO[3])
                                                      0.098     3.395 r  out_valid_reg_i_4/CO[3]
                         net (fo=34, routed)          1.481     4.876    out_valid_reg_i_4_n_0
    SLICE_X33Y78         LUT4 (Prop_lut4_I3_O)        0.105     4.981 r  emitted_symbols[0]_i_1/O
                         net (fo=16, routed)          1.038     6.019    emitted_symbols
    SLICE_X34Y77         FDRE                                         r  emitted_symbols_reg[7]/CE
  -------------------------------------------------------------------    -------------------

                         (clock clk rise edge)       10.000    10.000 r
                                                      0.000    10.000 r  clk (IN)
                         net (fo=64, unset)           1.224    11.224    clk
    SLICE_X34Y77         FDRE                                         r  emitted_symbols_reg[7]/C
                         clock pessimism              0.096    11.320
                         clock uncertainty           -0.035    11.285
    SLICE_X34Y77         FDRE (Setup_fdre_C_CE)      -0.136    11.149    emitted_symbols_reg[7]
  -------------------------------------------------------------------
                         required time                         11.149
                         arrival time                          -6.019
  -------------------------------------------------------------------
                         slack                                  5.129

Slack (MET) :             5.137ns  (required time - arrival time)
  Source:                 sample_index_reg[0]/C
                            (rising edge-triggered cell FDRE clocked by clk  {rise@0.000ns fall@5.000ns period=10.000ns})
  Destination:            emitted_symbols_reg[0]/CE
                            (rising edge-triggered cell FDRE clocked by clk  {rise@0.000ns fall@5.000ns period=10.000ns})
  Path Group:             clk
  Path Type:              Setup (Max at Slow Process Corner)
  Requirement:            10.000ns  (clk rise@10.000ns - clk rise@0.000ns)
  Data Path Delay:        4.598ns  (logic 1.181ns (25.684%)  route 3.417ns (74.316%))
  Logic Levels:           4  (CARRY4=2 LUT4=2)
  Clock Path Skew:        -0.093ns (DCD - SCD + CPR)
    Destination Clock Delay (DCD):    1.222ns = ( 11.222 - 10.000 )
    Source Clock Delay      (SCD):    1.411ns
    Clock Pessimism Removal (CPR):    0.096ns
  Clock Uncertainty:      0.035ns  ((TSJ^2 + TIJ^2)^1/2 + DJ) / 2 + PE
    Total System Jitter     (TSJ):    0.071ns
    Total Input Jitter      (TIJ):    0.000ns
    Discrete Jitter          (DJ):    0.000ns
    Phase Error              (PE):    0.000ns

    Location             Delay type                Incr(ns)  Path(ns)    Netlist Resource(s)
  -------------------------------------------------------------------    -------------------
                         (clock clk rise edge)        0.000     0.000 r
                                                      0.000     0.000 r  clk (IN)
                         net (fo=64, unset)           1.411     1.411    clk
    SLICE_X30Y75         FDRE                                         r  sample_index_reg[0]/C
  -------------------------------------------------------------------    -------------------
    SLICE_X30Y75         FDRE (Prop_fdre_C_Q)         0.433     1.844 r  sample_index_reg[0]/Q
                         net (fo=4, routed)           0.908     2.752    sample_index_reg[0]
    SLICE_X31Y76         LUT4 (Prop_lut4_I0_O)        0.105     2.857 r  out_valid_i_38/O
                         net (fo=1, routed)           0.000     2.857    out_valid_i_38_n_0
    SLICE_X31Y76         CARRY4 (Prop_carry4_S[0]_CO[3])
                                                      0.440     3.297 r  out_valid_reg_i_14/CO[3]
                         net (fo=1, routed)           0.000     3.297    out_valid_reg_i_14_n_0
    SLICE_X31Y77         CARRY4 (Prop_carry4_CI_CO[3])
                                                      0.098     3.395 r  out_valid_reg_i_4/CO[3]
                         net (fo=34, routed)          1.481     4.876    out_valid_reg_i_4_n_0
    SLICE_X33Y78         LUT4 (Prop_lut4_I3_O)        0.105     4.981 r  emitted_symbols[0]_i_1/O
                         net (fo=16, routed)          1.028     6.009    emitted_symbols
    SLICE_X34Y76         FDRE                                         r  emitted_symbols_reg[0]/CE
  -------------------------------------------------------------------    -------------------

                         (clock clk rise edge)       10.000    10.000 r
                                                      0.000    10.000 r  clk (IN)
                         net (fo=64, unset)           1.222    11.222    clk
    SLICE_X34Y76         FDRE                                         r  emitted_symbols_reg[0]/C
                         clock pessimism              0.096    11.318
                         clock uncertainty           -0.035    11.283
    SLICE_X34Y76         FDRE (Setup_fdre_C_CE)      -0.136    11.147    emitted_symbols_reg[0]
  -------------------------------------------------------------------
                         required time                         11.147
                         arrival time                          -6.009
  -------------------------------------------------------------------
                         slack                                  5.137

Slack (MET) :             5.137ns  (required time - arrival time)
  Source:                 sample_index_reg[0]/C
                            (rising edge-triggered cell FDRE clocked by clk  {rise@0.000ns fall@5.000ns period=10.000ns})
  Destination:            emitted_symbols_reg[1]/CE
                            (rising edge-triggered cell FDRE clocked by clk  {rise@0.000ns fall@5.000ns period=10.000ns})
  Path Group:             clk
  Path Type:              Setup (Max at Slow Process Corner)
  Requirement:            10.000ns  (clk rise@10.000ns - clk rise@0.000ns)
  Data Path Delay:        4.598ns  (logic 1.181ns (25.684%)  route 3.417ns (74.316%))
  Logic Levels:           4  (CARRY4=2 LUT4=2)
  Clock Path Skew:        -0.093ns (DCD - SCD + CPR)
    Destination Clock Delay (DCD):    1.222ns = ( 11.222 - 10.000 )
    Source Clock Delay      (SCD):    1.411ns
    Clock Pessimism Removal (CPR):    0.096ns
  Clock Uncertainty:      0.035ns  ((TSJ^2 + TIJ^2)^1/2 + DJ) / 2 + PE
    Total System Jitter     (TSJ):    0.071ns
    Total Input Jitter      (TIJ):    0.000ns
    Discrete Jitter          (DJ):    0.000ns
    Phase Error              (PE):    0.000ns

    Location             Delay type                Incr(ns)  Path(ns)    Netlist Resource(s)
  -------------------------------------------------------------------    -------------------
                         (clock clk rise edge)        0.000     0.000 r
                                                      0.000     0.000 r  clk (IN)
                         net (fo=64, unset)           1.411     1.411    clk
    SLICE_X30Y75         FDRE                                         r  sample_index_reg[0]/C
  -------------------------------------------------------------------    -------------------
    SLICE_X30Y75         FDRE (Prop_fdre_C_Q)         0.433     1.844 r  sample_index_reg[0]/Q
                         net (fo=4, routed)           0.908     2.752    sample_index_reg[0]
    SLICE_X31Y76         LUT4 (Prop_lut4_I0_O)        0.105     2.857 r  out_valid_i_38/O
                         net (fo=1, routed)           0.000     2.857    out_valid_i_38_n_0
    SLICE_X31Y76         CARRY4 (Prop_carry4_S[0]_CO[3])
                                                      0.440     3.297 r  out_valid_reg_i_14/CO[3]
                         net (fo=1, routed)           0.000     3.297    out_valid_reg_i_14_n_0
    SLICE_X31Y77         CARRY4 (Prop_carry4_CI_CO[3])
                                                      0.098     3.395 r  out_valid_reg_i_4/CO[3]
                         net (fo=34, routed)          1.481     4.876    out_valid_reg_i_4_n_0
    SLICE_X33Y78         LUT4 (Prop_lut4_I3_O)        0.105     4.981 r  emitted_symbols[0]_i_1/O
                         net (fo=16, routed)          1.028     6.009    emitted_symbols
    SLICE_X34Y76         FDRE                                         r  emitted_symbols_reg[1]/CE
  -------------------------------------------------------------------    -------------------

                         (clock clk rise edge)       10.000    10.000 r
                                                      0.000    10.000 r  clk (IN)
                         net (fo=64, unset)           1.222    11.222    clk
    SLICE_X34Y76         FDRE                                         r  emitted_symbols_reg[1]/C
                         clock pessimism              0.096    11.318
                         clock uncertainty           -0.035    11.283
    SLICE_X34Y76         FDRE (Setup_fdre_C_CE)      -0.136    11.147    emitted_symbols_reg[1]
  -------------------------------------------------------------------
                         required time                         11.147
                         arrival time                          -6.009
  -------------------------------------------------------------------
                         slack                                  5.137





Pulse Width Checks
--------------------------------------------------------------------------------------
Clock Name:         clk
Waveform(ns):       { 0.000 5.000 }
Period(ns):         10.000
Sources:            { clk }

Check Type        Corner  Lib Pin  Reference Pin  Required(ns)  Actual(ns)  Slack(ns)  Location      Pin
Min Period        n/a     FDRE/C   n/a            1.000         10.000      9.000      SLICE_X34Y76  emitted_symbols_reg[0]/C
Min Period        n/a     FDRE/C   n/a            1.000         10.000      9.000      SLICE_X34Y78  emitted_symbols_reg[10]/C
Min Period        n/a     FDRE/C   n/a            1.000         10.000      9.000      SLICE_X34Y78  emitted_symbols_reg[11]/C
Min Period        n/a     FDRE/C   n/a            1.000         10.000      9.000      SLICE_X34Y79  emitted_symbols_reg[12]/C
Min Period        n/a     FDRE/C   n/a            1.000         10.000      9.000      SLICE_X34Y79  emitted_symbols_reg[13]/C
Min Period        n/a     FDRE/C   n/a            1.000         10.000      9.000      SLICE_X34Y79  emitted_symbols_reg[14]/C
Min Period        n/a     FDRE/C   n/a            1.000         10.000      9.000      SLICE_X34Y79  emitted_symbols_reg[15]/C
Min Period        n/a     FDRE/C   n/a            1.000         10.000      9.000      SLICE_X34Y76  emitted_symbols_reg[1]/C
Min Period        n/a     FDRE/C   n/a            1.000         10.000      9.000      SLICE_X34Y76  emitted_symbols_reg[2]/C
Min Period        n/a     FDRE/C   n/a            1.000         10.000      9.000      SLICE_X34Y76  emitted_symbols_reg[3]/C
Low Pulse Width   Slow    FDRE/C   n/a            0.500         5.000       4.500      SLICE_X34Y76  emitted_symbols_reg[0]/C
Low Pulse Width   Fast    FDRE/C   n/a            0.500         5.000       4.500      SLICE_X34Y76  emitted_symbols_reg[0]/C
Low Pulse Width   Slow    FDRE/C   n/a            0.500         5.000       4.500      SLICE_X34Y78  emitted_symbols_reg[10]/C
Low Pulse Width   Fast    FDRE/C   n/a            0.500         5.000       4.500      SLICE_X34Y78  emitted_symbols_reg[10]/C
Low Pulse Width   Slow    FDRE/C   n/a            0.500         5.000       4.500      SLICE_X34Y78  emitted_symbols_reg[11]/C
Low Pulse Width   Fast    FDRE/C   n/a            0.500         5.000       4.500      SLICE_X34Y78  emitted_symbols_reg[11]/C
Low Pulse Width   Slow    FDRE/C   n/a            0.500         5.000       4.500      SLICE_X34Y79  emitted_symbols_reg[12]/C
Low Pulse Width   Fast    FDRE/C   n/a            0.500         5.000       4.500      SLICE_X34Y79  emitted_symbols_reg[12]/C
Low Pulse Width   Slow    FDRE/C   n/a            0.500         5.000       4.500      SLICE_X34Y79  emitted_symbols_reg[13]/C
Low Pulse Width   Fast    FDRE/C   n/a            0.500         5.000       4.500      SLICE_X34Y79  emitted_symbols_reg[13]/C
High Pulse Width  Slow    FDRE/C   n/a            0.500         5.000       4.500      SLICE_X34Y76  emitted_symbols_reg[0]/C
High Pulse Width  Fast    FDRE/C   n/a            0.500         5.000       4.500      SLICE_X34Y76  emitted_symbols_reg[0]/C
High Pulse Width  Slow    FDRE/C   n/a            0.500         5.000       4.500      SLICE_X34Y78  emitted_symbols_reg[10]/C
High Pulse Width  Fast    FDRE/C   n/a            0.500         5.000       4.500      SLICE_X34Y78  emitted_symbols_reg[10]/C
High Pulse Width  Slow    FDRE/C   n/a            0.500         5.000       4.500      SLICE_X34Y78  emitted_symbols_reg[11]/C
High Pulse Width  Fast    FDRE/C   n/a            0.500         5.000       4.500      SLICE_X34Y78  emitted_symbols_reg[11]/C
High Pulse Width  Slow    FDRE/C   n/a            0.500         5.000       4.500      SLICE_X34Y79  emitted_symbols_reg[12]/C
High Pulse Width  Fast    FDRE/C   n/a            0.500         5.000       4.500      SLICE_X34Y79  emitted_symbols_reg[12]/C
High Pulse Width  Slow    FDRE/C   n/a            0.500         5.000       4.500      SLICE_X34Y79  emitted_symbols_reg[13]/C
High Pulse Width  Fast    FDRE/C   n/a            0.500         5.000       4.500      SLICE_X34Y79  emitted_symbols_reg[13]/C
