Copyright 1986-2021 Xilinx, Inc. All Rights Reserved.
-----------------------------------------------------------------------------------------------------------------------------------------------------------------------------------------
| Tool Version : Vivado v.2021.1 (win64) Build 3247384 Thu Jun 10 19:36:33 MDT 2021
| Date         : normalized
| Host         : normalized
| Command      : report_timing_summary -delay_type max -max_paths 10 -file <output_dir>/fir_iq_4tap_post_route_timing_summary.rpt
| Design       : fir_iq_4tap
| Device       : 7z020-clg400
| Speed File   : -2  PRODUCTION 1.12 2019-11-22
-----------------------------------------------------------------------------------------------------------------------------------------------------------------------------------------

Timing Summary Report

------------------------------------------------------------------------------------------------
| Timer Settings
| --------------
------------------------------------------------------------------------------------------------

  Enable Multi Corner Analysis               :  Yes
  Enable Pessimism Removal                   :  Yes
  Pessimism Removal Resolution               :  Nearest Common Node
  Enable Input Delay Default Clock           :  No
  Enable Preset / Clear Arcs                 :  No
  Disable Flight Delays                      :  No
  Ignore I/O Paths                           :  No
  Timing Early Launch at Borrowing Latches   :  No
  Borrow Time for Max Delay Exceptions       :  Yes
  Merge Timing Exceptions                    :  Yes

  Corner  Analyze    Analyze
  Name    Max Paths  Min Paths
  ------  ---------  ---------
  Slow    Yes        Yes
  Fast    Yes        Yes


------------------------------------------------------------------------------------------------
| Report Methodology
| ------------------
------------------------------------------------------------------------------------------------

No report available as report_methodology has not been run prior. Run report_methodology on the current design for the summary of methodology violations.



check_timing report

Table of Contents
-----------------
1. checking no_clock (0)
2. checking constant_clock (0)
3. checking pulse_width_clock (0)
4. checking unconstrained_internal_endpoints (0)
5. checking no_input_delay (0)
6. checking no_output_delay (0)
7. checking multiple_clock (0)
8. checking generated_clocks (0)
9. checking loops (0)
10. checking partial_input_delay (0)
11. checking partial_output_delay (0)
12. checking latch_loops (0)

1. checking no_clock (0)
------------------------
 There are 0 register/latch pins with no clock.


2. checking constant_clock (0)
------------------------------
 There are 0 register/latch pins with constant_clock.


3. checking pulse_width_clock (0)
---------------------------------
 There are 0 register/latch pins which need pulse_width check


4. checking unconstrained_internal_endpoints (0)
------------------------------------------------
 There are 0 pins that are not constrained for maximum delay.

 There are 0 pins that are not constrained for maximum delay due to constant clock.


5. checking no_input_delay (0)
------------------------------
 There are 0 input ports with no input delay specified.

 There are 0 input ports with no input delay but user has a false path constraint.


6. checking no_output_delay (0)
-------------------------------
 There are 0 ports with no output delay specified.

 There are 0 ports with no output delay but user has a false path constraint

 There are 0 ports with no output delay but with a timing clock defined on it or propagating through it


7. checking multiple_clock (0)
------------------------------
 There are 0 register/latch pins with multiple clocks.


8. checking generated_clocks (0)
--------------------------------
 There are 0 generated clocks that are not connected to a clock source.


9. checking loops (0)
---------------------
 There are 0 combinational loops in the design.


10. checking partial_input_delay (0)
------------------------------------
 There are 0 input ports with partial input delay specified.


11. checking partial_output_delay (0)
-------------------------------------
 There are 0 ports with partial output delay specified.


12. checking latch_loops (0)
----------------------------
 There are 0 combinational latch loops in the design through latch input



------------------------------------------------------------------------------------------------
| Design Timing Summary
| ---------------------
------------------------------------------------------------------------------------------------

    WNS(ns)      TNS(ns)  TNS Failing Endpoints  TNS Total Endpoints     WPWS(ns)     TPWS(ns)  TPWS Failing Endpoints  TPWS Total Endpoints
    -------      -------  ---------------------  -------------------     --------     --------  ----------------------  --------------------
     -0.247       -2.730                     16                  548        4.500        0.000                       0                   131


Timing constraints are not met.


------------------------------------------------------------------------------------------------
| Clock Summary
| -------------
------------------------------------------------------------------------------------------------

Clock  Waveform(ns)       Period(ns)      Frequency(MHz)
-----  ------------       ----------      --------------
clk    {0.000 5.000}      10.000          100.000


------------------------------------------------------------------------------------------------
| Intra Clock Table
| -----------------
------------------------------------------------------------------------------------------------

Clock             WNS(ns)      TNS(ns)  TNS Failing Endpoints  TNS Total Endpoints     WPWS(ns)     TPWS(ns)  TPWS Failing Endpoints  TPWS Total Endpoints
-----             -------      -------  ---------------------  -------------------     --------     --------  ----------------------  --------------------
clk                -0.247       -2.730                     16                  548        4.500        0.000                       0                   131


------------------------------------------------------------------------------------------------
| Inter Clock Table
| -----------------
------------------------------------------------------------------------------------------------

From Clock    To Clock          WNS(ns)      TNS(ns)  TNS Failing Endpoints  TNS Total Endpoints
----------    --------          -------      -------  ---------------------  -------------------


------------------------------------------------------------------------------------------------
| Other Path Groups Table
| -----------------------
------------------------------------------------------------------------------------------------

Path Group    From Clock    To Clock          WNS(ns)      TNS(ns)  TNS Failing Endpoints  TNS Total Endpoints
----------    ----------    --------          -------      -------  ---------------------  -------------------


------------------------------------------------------------------------------------------------
| Timing Details
| --------------
------------------------------------------------------------------------------------------------


---------------------------------------------------------------------------------------------------
From Clock:  clk
  To Clock:  clk

Setup :           16  Failing Endpoints,  Worst Slack       -0.247ns,  Total Violation       -2.730ns
Hold  :           NA  Failing Endpoints,  Worst Slack           NA  ,  Total Violation           NA
PW    :            0  Failing Endpoints,  Worst Slack        4.500ns,  Total Violation        0.000ns
---------------------------------------------------------------------------------------------------


Max Delay Paths
--------------------------------------------------------------------------------------
Slack (VIOLATED) :        -0.247ns  (required time - arrival time)
  Source:                 xi2_reg[0]/C
                            (rising edge-triggered cell FDRE clocked by clk  {rise@0.000ns fall@5.000ns period=10.000ns})
  Destination:            out_i_reg[0]/D
                            (rising edge-triggered cell FDRE clocked by clk  {rise@0.000ns fall@5.000ns period=10.000ns})
  Path Group:             clk
  Path Type:              Setup (Max at Slow Process Corner)
  Requirement:            10.000ns  (clk rise@10.000ns - clk rise@0.000ns)
  Data Path Delay:        10.106ns  (logic 7.113ns (70.387%)  route 2.993ns (29.613%))
  Logic Levels:           20  (CARRY4=14 DSP48E1=2 LUT1=1 LUT2=2 LUT3=1)
  Clock Path Skew:        -0.175ns (DCD - SCD + CPR)
    Destination Clock Delay (DCD):    1.235ns = ( 11.235 - 10.000 )
    Source Clock Delay      (SCD):    1.410ns
    Clock Pessimism Removal (CPR):    0.000ns
  Clock Uncertainty:      0.035ns  ((TSJ^2 + TIJ^2)^1/2 + DJ) / 2 + PE
    Total System Jitter     (TSJ):    0.071ns
    Total Input Jitter      (TIJ):    0.000ns
    Discrete Jitter          (DJ):    0.000ns
    Phase Error              (PE):    0.000ns

    Location             Delay type                Incr(ns)  Path(ns)    Netlist Resource(s)
  -------------------------------------------------------------------    -------------------
                         (clock clk rise edge)        0.000     0.000 r
                                                      0.000     0.000 r  clk (IN)
                         net (fo=132, unset)          1.410     1.410    clk
    SLICE_X34Y48         FDRE                                         r  xi2_reg[0]/C
  -------------------------------------------------------------------    -------------------
    SLICE_X34Y48         FDRE (Prop_fdre_C_Q)         0.433     1.843 r  xi2_reg[0]/Q
                         net (fo=2, routed)           0.355     2.198    xi2[0]
    SLICE_X35Y48         LUT2 (Prop_lut2_I0_O)        0.105     2.303 r  round_q15_return0_i_22/O
                         net (fo=1, routed)           0.000     2.303    round_q15_return0_i_22_n_0
    SLICE_X35Y48         CARRY4 (Prop_carry4_S[1]_CO[3])
                                                      0.457     2.760 r  round_q15_return0_i_5/CO[3]
                         net (fo=1, routed)           0.000     2.760    round_q15_return0_i_5_n_0
    SLICE_X35Y49         CARRY4 (Prop_carry4_CI_CO[3])
                                                      0.098     2.858 r  round_q15_return0_i_4/CO[3]
                         net (fo=1, routed)           0.001     2.859    round_q15_return0_i_4_n_0
    SLICE_X35Y50         CARRY4 (Prop_carry4_CI_CO[3])
                                                      0.098     2.957 r  round_q15_return0_i_3/CO[3]
                         net (fo=1, routed)           0.000     2.957    round_q15_return0_i_3_n_0
    SLICE_X35Y51         CARRY4 (Prop_carry4_CI_CO[3])
                                                      0.098     3.055 r  round_q15_return0_i_2/CO[3]
                         net (fo=1, routed)           0.000     3.055    round_q15_return0_i_2_n_0
    SLICE_X35Y52         CARRY4 (Prop_carry4_CI_O[1])
                                                      0.265     3.320 r  round_q15_return0_i_1/O[1]
                         net (fo=20, routed)          0.655     3.974    C[39]
    DSP48_X2Y20          DSP48E1 (Prop_dsp48e1_C[43]_PCOUT[47])
                                                      1.835     5.809 r  round_q15_return0/PCOUT[47]
                         net (fo=1, routed)           0.002     5.811    round_q15_return0_n_106
    DSP48_X2Y21          DSP48E1 (Prop_dsp48e1_PCIN[47]_P[14])
                                                      1.271     7.082 f  round_q15_return0__0/P[14]
                         net (fo=2, routed)           0.752     7.834    round_q15_return0__0_n_91
    SLICE_X38Y51         LUT1 (Prop_lut1_I0_O)        0.105     7.939 r  out_i[1]_i_3/O
                         net (fo=1, routed)           0.000     7.939    out_i[1]_i_3_n_0
    SLICE_X38Y51         CARRY4 (Prop_carry4_S[1]_CO[3])
                                                      0.444     8.383 r  out_i_reg[1]_i_2/CO[3]
                         net (fo=1, routed)           0.000     8.383    out_i_reg[1]_i_2_n_0
    SLICE_X38Y52         CARRY4 (Prop_carry4_CI_CO[3])
                                                      0.100     8.483 r  out_i_reg[5]_i_2/CO[3]
                         net (fo=1, routed)           0.000     8.483    out_i_reg[5]_i_2_n_0
    SLICE_X38Y53         CARRY4 (Prop_carry4_CI_CO[3])
                                                      0.100     8.583 r  out_i_reg[9]_i_2/CO[3]
                         net (fo=1, routed)           0.000     8.583    out_i_reg[9]_i_2_n_0
    SLICE_X38Y54         CARRY4 (Prop_carry4_CI_CO[3])
                                                      0.100     8.683 r  out_i_reg[13]_i_2/CO[3]
                         net (fo=1, routed)           0.000     8.683    out_i_reg[13]_i_2_n_0
    SLICE_X38Y55         CARRY4 (Prop_carry4_CI_O[2])
                                                      0.199     8.882 r  out_i_reg[15]_i_2/O[2]
                         net (fo=4, routed)           0.631     9.513    out_i_reg[15]_i_2_n_5
    SLICE_X36Y56         LUT2 (Prop_lut2_I0_O)        0.244     9.757 r  out_i[15]_i_38/O
                         net (fo=1, routed)           0.000     9.757    out_i[15]_i_38_n_0
    SLICE_X36Y56         CARRY4 (Prop_carry4_S[1]_CO[3])
                                                      0.444    10.201 r  out_i_reg[15]_i_20/CO[3]
                         net (fo=1, routed)           0.000    10.201    out_i_reg[15]_i_20_n_0
    SLICE_X36Y57         CARRY4 (Prop_carry4_CI_CO[3])
                                                      0.100    10.301 r  out_i_reg[15]_i_9/CO[3]
                         net (fo=1, routed)           0.000    10.301    out_i_reg[15]_i_9_n_0
    SLICE_X36Y58         CARRY4 (Prop_carry4_CI_CO[3])
                                                      0.100    10.401 r  out_i_reg[15]_i_5/CO[3]
                         net (fo=1, routed)           0.000    10.401    out_i_reg[15]_i_5_n_0
    SLICE_X36Y59         CARRY4 (Prop_carry4_CI_CO[0])
                                                      0.207    10.608 f  out_i_reg[15]_i_3/CO[0]
                         net (fo=16, routed)          0.598    11.206    sat_q151
    SLICE_X37Y59         LUT3 (Prop_lut3_I1_O)        0.310    11.516 r  out_i[0]_i_1/O
                         net (fo=1, routed)           0.000    11.516    sat_q15_return[0]
    SLICE_X37Y59         FDRE                                         r  out_i_reg[0]/D
  -------------------------------------------------------------------    -------------------

                         (clock clk rise edge)       10.000    10.000 r
                                                      0.000    10.000 r  clk (IN)
                         net (fo=132, unset)          1.235    11.235    clk
    SLICE_X37Y59         FDRE                                         r  out_i_reg[0]/C
                         clock pessimism              0.000    11.235
                         clock uncertainty           -0.035    11.200
    SLICE_X37Y59         FDRE (Setup_fdre_C_D)        0.069    11.269    out_i_reg[0]
  -------------------------------------------------------------------
                         required time                         11.269
                         arrival time                         -11.516
  -------------------------------------------------------------------
                         slack                                 -0.247

Slack (VIOLATED) :        -0.229ns  (required time - arrival time)
  Source:                 xi2_reg[0]/C
                            (rising edge-triggered cell FDRE clocked by clk  {rise@0.000ns fall@5.000ns period=10.000ns})
  Destination:            out_i_reg[10]/D
                            (rising edge-triggered cell FDRE clocked by clk  {rise@0.000ns fall@5.000ns period=10.000ns})
  Path Group:             clk
  Path Type:              Setup (Max at Slow Process Corner)
  Requirement:            10.000ns  (clk rise@10.000ns - clk rise@0.000ns)
  Data Path Delay:        10.093ns  (logic 7.188ns (71.221%)  route 2.905ns (28.779%))
  Logic Levels:           21  (CARRY4=15 DSP48E1=2 LUT1=1 LUT2=2 LUT3=1)
  Clock Path Skew:        -0.175ns (DCD - SCD + CPR)
    Destination Clock Delay (DCD):    1.235ns = ( 11.235 - 10.000 )
    Source Clock Delay      (SCD):    1.410ns
    Clock Pessimism Removal (CPR):    0.000ns
  Clock Uncertainty:      0.035ns  ((TSJ^2 + TIJ^2)^1/2 + DJ) / 2 + PE
    Total System Jitter     (TSJ):    0.071ns
    Total Input Jitter      (TIJ):    0.000ns
    Discrete Jitter          (DJ):    0.000ns
    Phase Error              (PE):    0.000ns

    Location             Delay type                Incr(ns)  Path(ns)    Netlist Resource(s)
  -------------------------------------------------------------------    -------------------
                         (clock clk rise edge)        0.000     0.000 r
                                                      0.000     0.000 r  clk (IN)
                         net (fo=132, unset)          1.410     1.410    clk
    SLICE_X34Y48         FDRE                                         r  xi2_reg[0]/C
  -------------------------------------------------------------------    -------------------
    SLICE_X34Y48         FDRE (Prop_fdre_C_Q)         0.433     1.843 r  xi2_reg[0]/Q
                         net (fo=2, routed)           0.355     2.198    xi2[0]
    SLICE_X35Y48         LUT2 (Prop_lut2_I0_O)        0.105     2.303 r  round_q15_return0_i_22/O
                         net (fo=1, routed)           0.000     2.303    round_q15_return0_i_22_n_0
    SLICE_X35Y48         CARRY4 (Prop_carry4_S[1]_CO[3])
                                                      0.457     2.760 r  round_q15_return0_i_5/CO[3]
                         net (fo=1, routed)           0.000     2.760    round_q15_return0_i_5_n_0
    SLICE_X35Y49         CARRY4 (Prop_carry4_CI_CO[3])
                                                      0.098     2.858 r  round_q15_return0_i_4/CO[3]
                         net (fo=1, routed)           0.001     2.859    round_q15_return0_i_4_n_0
    SLICE_X35Y50         CARRY4 (Prop_carry4_CI_CO[3])
                                                      0.098     2.957 r  round_q15_return0_i_3/CO[3]
                         net (fo=1, routed)           0.000     2.957    round_q15_return0_i_3_n_0
    SLICE_X35Y51         CARRY4 (Prop_carry4_CI_CO[3])
                                                      0.098     3.055 r  round_q15_return0_i_2/CO[3]
                         net (fo=1, routed)           0.000     3.055    round_q15_return0_i_2_n_0
    SLICE_X35Y52         CARRY4 (Prop_carry4_CI_O[1])
                                                      0.265     3.320 r  round_q15_return0_i_1/O[1]
                         net (fo=20, routed)          0.655     3.974    C[39]
    DSP48_X2Y20          DSP48E1 (Prop_dsp48e1_C[43]_PCOUT[47])
                                                      1.835     5.809 r  round_q15_return0/PCOUT[47]
                         net (fo=1, routed)           0.002     5.811    round_q15_return0_n_106
    DSP48_X2Y21          DSP48E1 (Prop_dsp48e1_PCIN[47]_P[14])
                                                      1.271     7.082 f  round_q15_return0__0/P[14]
                         net (fo=2, routed)           0.752     7.834    round_q15_return0__0_n_91
    SLICE_X38Y51         LUT1 (Prop_lut1_I0_O)        0.105     7.939 r  out_i[1]_i_3/O
                         net (fo=1, routed)           0.000     7.939    out_i[1]_i_3_n_0
    SLICE_X38Y51         CARRY4 (Prop_carry4_S[1]_CO[3])
                                                      0.444     8.383 r  out_i_reg[1]_i_2/CO[3]
                         net (fo=1, routed)           0.000     8.383    out_i_reg[1]_i_2_n_0
    SLICE_X38Y52         CARRY4 (Prop_carry4_CI_CO[3])
                                                      0.100     8.483 r  out_i_reg[5]_i_2/CO[3]
                         net (fo=1, routed)           0.000     8.483    out_i_reg[5]_i_2_n_0
    SLICE_X38Y53         CARRY4 (Prop_carry4_CI_CO[3])
                                                      0.100     8.583 r  out_i_reg[9]_i_2/CO[3]
                         net (fo=1, routed)           0.000     8.583    out_i_reg[9]_i_2_n_0
    SLICE_X38Y54         CARRY4 (Prop_carry4_CI_CO[3])
                                                      0.100     8.683 r  out_i_reg[13]_i_2/CO[3]
                         net (fo=1, routed)           0.000     8.683    out_i_reg[13]_i_2_n_0
    SLICE_X38Y55         CARRY4 (Prop_carry4_CI_CO[3])
                                                      0.100     8.783 r  out_i_reg[15]_i_2/CO[3]
                         net (fo=1, routed)           0.000     8.783    out_i_reg[15]_i_2_n_0
    SLICE_X38Y56         CARRY4 (Prop_carry4_CI_CO[3])
                                                      0.100     8.883 r  out_i_reg[15]_i_14/CO[3]
                         net (fo=1, routed)           0.000     8.883    out_i_reg[15]_i_14_n_0
    SLICE_X38Y57         CARRY4 (Prop_carry4_CI_O[0])
                                                      0.178     9.061 f  out_i_reg[15]_i_6/O[0]
                         net (fo=4, routed)           0.606     9.667    out_i_reg[15]_i_6_n_7
    SLICE_X37Y57         LUT2 (Prop_lut2_I0_O)        0.238     9.905 r  out_i[15]_i_31/O
                         net (fo=1, routed)           0.000     9.905    out_i[15]_i_31_n_0
    SLICE_X37Y57         CARRY4 (Prop_carry4_S[0]_CO[3])
                                                      0.440    10.345 r  out_i_reg[15]_i_15/CO[3]
                         net (fo=1, routed)           0.000    10.345    out_i_reg[15]_i_15_n_0
    SLICE_X37Y58         CARRY4 (Prop_carry4_CI_CO[3])
                                                      0.098    10.443 r  out_i_reg[15]_i_7/CO[3]
                         net (fo=1, routed)           0.000    10.443    out_i_reg[15]_i_7_n_0
    SLICE_X37Y59         CARRY4 (Prop_carry4_CI_CO[0])
                                                      0.216    10.659 r  out_i_reg[15]_i_4/CO[0]
                         net (fo=16, routed)          0.534    11.194    sat_q1510_in
    SLICE_X38Y58         LUT3 (Prop_lut3_I0_O)        0.309    11.503 r  out_i[10]_i_1/O
                         net (fo=1, routed)           0.000    11.503    sat_q15_return[10]
    SLICE_X38Y58         FDRE                                         r  out_i_reg[10]/D
  -------------------------------------------------------------------    -------------------

                         (clock clk rise edge)       10.000    10.000 r
                                                      0.000    10.000 r  clk (IN)
                         net (fo=132, unset)          1.235    11.235    clk
    SLICE_X38Y58         FDRE                                         r  out_i_reg[10]/C
                         clock pessimism              0.000    11.235
                         clock uncertainty           -0.035    11.200
    SLICE_X38Y58         FDRE (Setup_fdre_C_D)        0.074    11.274    out_i_reg[10]
  -------------------------------------------------------------------
                         required time                         11.274
                         arrival time                         -11.503
  -------------------------------------------------------------------
                         slack                                 -0.229

Slack (VIOLATED) :        -0.226ns  (required time - arrival time)
  Source:                 xi2_reg[0]/C
                            (rising edge-triggered cell FDRE clocked by clk  {rise@0.000ns fall@5.000ns period=10.000ns})
  Destination:            out_i_reg[8]/D
                            (rising edge-triggered cell FDRE clocked by clk  {rise@0.000ns fall@5.000ns period=10.000ns})
  Path Group:             clk
  Path Type:              Setup (Max at Slow Process Corner)
  Requirement:            10.000ns  (clk rise@10.000ns - clk rise@0.000ns)
  Data Path Delay:        10.089ns  (logic 7.188ns (71.249%)  route 2.901ns (28.751%))
  Logic Levels:           21  (CARRY4=15 DSP48E1=2 LUT1=1 LUT2=2 LUT3=1)
  Clock Path Skew:        -0.176ns (DCD - SCD + CPR)
    Destination Clock Delay (DCD):    1.234ns = ( 11.234 - 10.000 )
    Source Clock Delay      (SCD):    1.410ns
    Clock Pessimism Removal (CPR):    0.000ns
  Clock Uncertainty:      0.035ns  ((TSJ^2 + TIJ^2)^1/2 + DJ) / 2 + PE
    Total System Jitter     (TSJ):    0.071ns
    Total Input Jitter      (TIJ):    0.000ns
    Discrete Jitter          (DJ):    0.000ns
    Phase Error              (PE):    0.000ns

    Location             Delay type                Incr(ns)  Path(ns)    Netlist Resource(s)
  -------------------------------------------------------------------    -------------------
                         (clock clk rise edge)        0.000     0.000 r
                                                      0.000     0.000 r  clk (IN)
                         net (fo=132, unset)          1.410     1.410    clk
    SLICE_X34Y48         FDRE                                         r  xi2_reg[0]/C
  -------------------------------------------------------------------    -------------------
    SLICE_X34Y48         FDRE (Prop_fdre_C_Q)         0.433     1.843 r  xi2_reg[0]/Q
                         net (fo=2, routed)           0.355     2.198    xi2[0]
    SLICE_X35Y48         LUT2 (Prop_lut2_I0_O)        0.105     2.303 r  round_q15_return0_i_22/O
                         net (fo=1, routed)           0.000     2.303    round_q15_return0_i_22_n_0
    SLICE_X35Y48         CARRY4 (Prop_carry4_S[1]_CO[3])
                                                      0.457     2.760 r  round_q15_return0_i_5/CO[3]
                         net (fo=1, routed)           0.000     2.760    round_q15_return0_i_5_n_0
    SLICE_X35Y49         CARRY4 (Prop_carry4_CI_CO[3])
                                                      0.098     2.858 r  round_q15_return0_i_4/CO[3]
                         net (fo=1, routed)           0.001     2.859    round_q15_return0_i_4_n_0
    SLICE_X35Y50         CARRY4 (Prop_carry4_CI_CO[3])
                                                      0.098     2.957 r  round_q15_return0_i_3/CO[3]
                         net (fo=1, routed)           0.000     2.957    round_q15_return0_i_3_n_0
    SLICE_X35Y51         CARRY4 (Prop_carry4_CI_CO[3])
                                                      0.098     3.055 r  round_q15_return0_i_2/CO[3]
                         net (fo=1, routed)           0.000     3.055    round_q15_return0_i_2_n_0
    SLICE_X35Y52         CARRY4 (Prop_carry4_CI_O[1])
                                                      0.265     3.320 r  round_q15_return0_i_1/O[1]
                         net (fo=20, routed)          0.655     3.974    C[39]
    DSP48_X2Y20          DSP48E1 (Prop_dsp48e1_C[43]_PCOUT[47])
                                                      1.835     5.809 r  round_q15_return0/PCOUT[47]
                         net (fo=1, routed)           0.002     5.811    round_q15_return0_n_106
    DSP48_X2Y21          DSP48E1 (Prop_dsp48e1_PCIN[47]_P[14])
                                                      1.271     7.082 f  round_q15_return0__0/P[14]
                         net (fo=2, routed)           0.752     7.834    round_q15_return0__0_n_91
    SLICE_X38Y51         LUT1 (Prop_lut1_I0_O)        0.105     7.939 r  out_i[1]_i_3/O
                         net (fo=1, routed)           0.000     7.939    out_i[1]_i_3_n_0
    SLICE_X38Y51         CARRY4 (Prop_carry4_S[1]_CO[3])
                                                      0.444     8.383 r  out_i_reg[1]_i_2/CO[3]
                         net (fo=1, routed)           0.000     8.383    out_i_reg[1]_i_2_n_0
    SLICE_X38Y52         CARRY4 (Prop_carry4_CI_CO[3])
                                                      0.100     8.483 r  out_i_reg[5]_i_2/CO[3]
                         net (fo=1, routed)           0.000     8.483    out_i_reg[5]_i_2_n_0
    SLICE_X38Y53         CARRY4 (Prop_carry4_CI_CO[3])
                                                      0.100     8.583 r  out_i_reg[9]_i_2/CO[3]
                         net (fo=1, routed)           0.000     8.583    out_i_reg[9]_i_2_n_0
    SLICE_X38Y54         CARRY4 (Prop_carry4_CI_CO[3])
                                                      0.100     8.683 r  out_i_reg[13]_i_2/CO[3]
                         net (fo=1, routed)           0.000     8.683    out_i_reg[13]_i_2_n_0
    SLICE_X38Y55         CARRY4 (Prop_carry4_CI_CO[3])
                                                      0.100     8.783 r  out_i_reg[15]_i_2/CO[3]
                         net (fo=1, routed)           0.000     8.783    out_i_reg[15]_i_2_n_0
    SLICE_X38Y56         CARRY4 (Prop_carry4_CI_CO[3])
                                                      0.100     8.883 r  out_i_reg[15]_i_14/CO[3]
                         net (fo=1, routed)           0.000     8.883    out_i_reg[15]_i_14_n_0
    SLICE_X38Y57         CARRY4 (Prop_carry4_CI_O[0])
                                                      0.178     9.061 f  out_i_reg[15]_i_6/O[0]
                         net (fo=4, routed)           0.606     9.667    out_i_reg[15]_i_6_n_7
    SLICE_X37Y57         LUT2 (Prop_lut2_I0_O)        0.238     9.905 r  out_i[15]_i_31/O
                         net (fo=1, routed)           0.000     9.905    out_i[15]_i_31_n_0
    SLICE_X37Y57         CARRY4 (Prop_carry4_S[0]_CO[3])
                                                      0.440    10.345 r  out_i_reg[15]_i_15/CO[3]
                         net (fo=1, routed)           0.000    10.345    out_i_reg[15]_i_15_n_0
    SLICE_X37Y58         CARRY4 (Prop_carry4_CI_CO[3])
                                                      0.098    10.443 r  out_i_reg[15]_i_7/CO[3]
                         net (fo=1, routed)           0.000    10.443    out_i_reg[15]_i_7_n_0
    SLICE_X37Y59         CARRY4 (Prop_carry4_CI_CO[0])
                                                      0.216    10.659 r  out_i_reg[15]_i_4/CO[0]
                         net (fo=16, routed)          0.530    11.190    sat_q1510_in
    SLICE_X36Y60         LUT3 (Prop_lut3_I0_O)        0.309    11.499 r  out_i[8]_i_1/O
                         net (fo=1, routed)           0.000    11.499    sat_q15_return[8]
    SLICE_X36Y60         FDRE                                         r  out_i_reg[8]/D
  -------------------------------------------------------------------    -------------------

                         (clock clk rise edge)       10.000    10.000 r
                                                      0.000    10.000 r  clk (IN)
                         net (fo=132, unset)          1.234    11.234    clk
    SLICE_X36Y60         FDRE                                         r  out_i_reg[8]/C
                         clock pessimism              0.000    11.234
                         clock uncertainty           -0.035    11.199
    SLICE_X36Y60         FDRE (Setup_fdre_C_D)        0.074    11.273    out_i_reg[8]
  -------------------------------------------------------------------
                         required time                         11.273
                         arrival time                         -11.499
  -------------------------------------------------------------------
                         slack                                 -0.226

Slack (VIOLATED) :        -0.225ns  (required time - arrival time)
  Source:                 xi2_reg[0]/C
                            (rising edge-triggered cell FDRE clocked by clk  {rise@0.000ns fall@5.000ns period=10.000ns})
  Destination:            out_i_reg[2]/D
                            (rising edge-triggered cell FDRE clocked by clk  {rise@0.000ns fall@5.000ns period=10.000ns})
  Path Group:             clk
  Path Type:              Setup (Max at Slow Process Corner)
  Requirement:            10.000ns  (clk rise@10.000ns - clk rise@0.000ns)
  Data Path Delay:        10.089ns  (logic 7.188ns (71.249%)  route 2.901ns (28.751%))
  Logic Levels:           21  (CARRY4=15 DSP48E1=2 LUT1=1 LUT2=2 LUT3=1)
  Clock Path Skew:        -0.175ns (DCD - SCD + CPR)
    Destination Clock Delay (DCD):    1.235ns = ( 11.235 - 10.000 )
    Source Clock Delay      (SCD):    1.410ns
    Clock Pessimism Removal (CPR):    0.000ns
  Clock Uncertainty:      0.035ns  ((TSJ^2 + TIJ^2)^1/2 + DJ) / 2 + PE
    Total System Jitter     (TSJ):    0.071ns
    Total Input Jitter      (TIJ):    0.000ns
    Discrete Jitter          (DJ):    0.000ns
    Phase Error              (PE):    0.000ns

    Location             Delay type                Incr(ns)  Path(ns)    Netlist Resource(s)
  -------------------------------------------------------------------    -------------------
                         (clock clk rise edge)        0.000     0.000 r
                                                      0.000     0.000 r  clk (IN)
                         net (fo=132, unset)          1.410     1.410    clk
    SLICE_X34Y48         FDRE                                         r  xi2_reg[0]/C
  -------------------------------------------------------------------    -------------------
    SLICE_X34Y48         FDRE (Prop_fdre_C_Q)         0.433     1.843 r  xi2_reg[0]/Q
                         net (fo=2, routed)           0.355     2.198    xi2[0]
    SLICE_X35Y48         LUT2 (Prop_lut2_I0_O)        0.105     2.303 r  round_q15_return0_i_22/O
                         net (fo=1, routed)           0.000     2.303    round_q15_return0_i_22_n_0
    SLICE_X35Y48         CARRY4 (Prop_carry4_S[1]_CO[3])
                                                      0.457     2.760 r  round_q15_return0_i_5/CO[3]
                         net (fo=1, routed)           0.000     2.760    round_q15_return0_i_5_n_0
    SLICE_X35Y49         CARRY4 (Prop_carry4_CI_CO[3])
                                                      0.098     2.858 r  round_q15_return0_i_4/CO[3]
                         net (fo=1, routed)           0.001     2.859    round_q15_return0_i_4_n_0
    SLICE_X35Y50         CARRY4 (Prop_carry4_CI_CO[3])
                                                      0.098     2.957 r  round_q15_return0_i_3/CO[3]
                         net (fo=1, routed)           0.000     2.957    round_q15_return0_i_3_n_0
    SLICE_X35Y51         CARRY4 (Prop_carry4_CI_CO[3])
                                                      0.098     3.055 r  round_q15_return0_i_2/CO[3]
                         net (fo=1, routed)           0.000     3.055    round_q15_return0_i_2_n_0
    SLICE_X35Y52         CARRY4 (Prop_carry4_CI_O[1])
                                                      0.265     3.320 r  round_q15_return0_i_1/O[1]
                         net (fo=20, routed)          0.655     3.974    C[39]
    DSP48_X2Y20          DSP48E1 (Prop_dsp48e1_C[43]_PCOUT[47])
                                                      1.835     5.809 r  round_q15_return0/PCOUT[47]
                         net (fo=1, routed)           0.002     5.811    round_q15_return0_n_106
    DSP48_X2Y21          DSP48E1 (Prop_dsp48e1_PCIN[47]_P[14])
                                                      1.271     7.082 f  round_q15_return0__0/P[14]
                         net (fo=2, routed)           0.752     7.834    round_q15_return0__0_n_91
    SLICE_X38Y51         LUT1 (Prop_lut1_I0_O)        0.105     7.939 r  out_i[1]_i_3/O
                         net (fo=1, routed)           0.000     7.939    out_i[1]_i_3_n_0
    SLICE_X38Y51         CARRY4 (Prop_carry4_S[1]_CO[3])
                                                      0.444     8.383 r  out_i_reg[1]_i_2/CO[3]
                         net (fo=1, routed)           0.000     8.383    out_i_reg[1]_i_2_n_0
    SLICE_X38Y52         CARRY4 (Prop_carry4_CI_CO[3])
                                                      0.100     8.483 r  out_i_reg[5]_i_2/CO[3]
                         net (fo=1, routed)           0.000     8.483    out_i_reg[5]_i_2_n_0
    SLICE_X38Y53         CARRY4 (Prop_carry4_CI_CO[3])
                                                      0.100     8.583 r  out_i_reg[9]_i_2/CO[3]
                         net (fo=1, routed)           0.000     8.583    out_i_reg[9]_i_2_n_0
    SLICE_X38Y54         CARRY4 (Prop_carry4_CI_CO[3])
                                                      0.100     8.683 r  out_i_reg[13]_i_2/CO[3]
                         net (fo=1, routed)           0.000     8.683    out_i_reg[13]_i_2_n_0
    SLICE_X38Y55         CARRY4 (Prop_carry4_CI_CO[3])
                                                      0.100     8.783 r  out_i_reg[15]_i_2/CO[3]
                         net (fo=1, routed)           0.000     8.783    out_i_reg[15]_i_2_n_0
    SLICE_X38Y56         CARRY4 (Prop_carry4_CI_CO[3])
                                                      0.100     8.883 r  out_i_reg[15]_i_14/CO[3]
                         net (fo=1, routed)           0.000     8.883    out_i_reg[15]_i_14_n_0
    SLICE_X38Y57         CARRY4 (Prop_carry4_CI_O[0])
                                                      0.178     9.061 f  out_i_reg[15]_i_6/O[0]
                         net (fo=4, routed)           0.606     9.667    out_i_reg[15]_i_6_n_7
    SLICE_X37Y57         LUT2 (Prop_lut2_I0_O)        0.238     9.905 r  out_i[15]_i_31/O
                         net (fo=1, routed)           0.000     9.905    out_i[15]_i_31_n_0
    SLICE_X37Y57         CARRY4 (Prop_carry4_S[0]_CO[3])
                                                      0.440    10.345 r  out_i_reg[15]_i_15/CO[3]
                         net (fo=1, routed)           0.000    10.345    out_i_reg[15]_i_15_n_0
    SLICE_X37Y58         CARRY4 (Prop_carry4_CI_CO[3])
                                                      0.098    10.443 r  out_i_reg[15]_i_7/CO[3]
                         net (fo=1, routed)           0.000    10.443    out_i_reg[15]_i_7_n_0
    SLICE_X37Y59         CARRY4 (Prop_carry4_CI_CO[0])
                                                      0.216    10.659 r  out_i_reg[15]_i_4/CO[0]
                         net (fo=16, routed)          0.530    11.190    sat_q1510_in
    SLICE_X38Y58         LUT3 (Prop_lut3_I0_O)        0.309    11.499 r  out_i[2]_i_1/O
                         net (fo=1, routed)           0.000    11.499    sat_q15_return[2]
    SLICE_X38Y58         FDRE                                         r  out_i_reg[2]/D
  -------------------------------------------------------------------    -------------------

                         (clock clk rise edge)       10.000    10.000 r
                                                      0.000    10.000 r  clk (IN)
                         net (fo=132, unset)          1.235    11.235    clk
    SLICE_X38Y58         FDRE                                         r  out_i_reg[2]/C
                         clock pessimism              0.000    11.235
                         clock uncertainty           -0.035    11.200
    SLICE_X38Y58         FDRE (Setup_fdre_C_D)        0.074    11.274    out_i_reg[2]
  -------------------------------------------------------------------
                         required time                         11.274
                         arrival time                         -11.499
  -------------------------------------------------------------------
                         slack                                 -0.225

Slack (VIOLATED) :        -0.222ns  (required time - arrival time)
  Source:                 xi2_reg[0]/C
                            (rising edge-triggered cell FDRE clocked by clk  {rise@0.000ns fall@5.000ns period=10.000ns})
  Destination:            out_i_reg[9]/D
                            (rising edge-triggered cell FDRE clocked by clk  {rise@0.000ns fall@5.000ns period=10.000ns})
  Path Group:             clk
  Path Type:              Setup (Max at Slow Process Corner)
  Requirement:            10.000ns  (clk rise@10.000ns - clk rise@0.000ns)
  Data Path Delay:        10.085ns  (logic 7.188ns (71.277%)  route 2.897ns (28.723%))
  Logic Levels:           21  (CARRY4=15 DSP48E1=2 LUT1=1 LUT2=2 LUT3=1)
  Clock Path Skew:        -0.176ns (DCD - SCD + CPR)
    Destination Clock Delay (DCD):    1.234ns = ( 11.234 - 10.000 )
    Source Clock Delay      (SCD):    1.410ns
    Clock Pessimism Removal (CPR):    0.000ns
  Clock Uncertainty:      0.035ns  ((TSJ^2 + TIJ^2)^1/2 + DJ) / 2 + PE
    Total System Jitter     (TSJ):    0.071ns
    Total Input Jitter      (TIJ):    0.000ns
    Discrete Jitter          (DJ):    0.000ns
    Phase Error              (PE):    0.000ns

    Location             Delay type                Incr(ns)  Path(ns)    Netlist Resource(s)
  -------------------------------------------------------------------    -------------------
                         (clock clk rise edge)        0.000     0.000 r
                                                      0.000     0.000 r  clk (IN)
                         net (fo=132, unset)          1.410     1.410    clk
    SLICE_X34Y48         FDRE                                         r  xi2_reg[0]/C
  -------------------------------------------------------------------    -------------------
    SLICE_X34Y48         FDRE (Prop_fdre_C_Q)         0.433     1.843 r  xi2_reg[0]/Q
                         net (fo=2, routed)           0.355     2.198    xi2[0]
    SLICE_X35Y48         LUT2 (Prop_lut2_I0_O)        0.105     2.303 r  round_q15_return0_i_22/O
                         net (fo=1, routed)           0.000     2.303    round_q15_return0_i_22_n_0
    SLICE_X35Y48         CARRY4 (Prop_carry4_S[1]_CO[3])
                                                      0.457     2.760 r  round_q15_return0_i_5/CO[3]
                         net (fo=1, routed)           0.000     2.760    round_q15_return0_i_5_n_0
    SLICE_X35Y49         CARRY4 (Prop_carry4_CI_CO[3])
                                                      0.098     2.858 r  round_q15_return0_i_4/CO[3]
                         net (fo=1, routed)           0.001     2.859    round_q15_return0_i_4_n_0
    SLICE_X35Y50         CARRY4 (Prop_carry4_CI_CO[3])
                                                      0.098     2.957 r  round_q15_return0_i_3/CO[3]
                         net (fo=1, routed)           0.000     2.957    round_q15_return0_i_3_n_0
    SLICE_X35Y51         CARRY4 (Prop_carry4_CI_CO[3])
                                                      0.098     3.055 r  round_q15_return0_i_2/CO[3]
                         net (fo=1, routed)           0.000     3.055    round_q15_return0_i_2_n_0
    SLICE_X35Y52         CARRY4 (Prop_carry4_CI_O[1])
                                                      0.265     3.320 r  round_q15_return0_i_1/O[1]
                         net (fo=20, routed)          0.655     3.974    C[39]
    DSP48_X2Y20          DSP48E1 (Prop_dsp48e1_C[43]_PCOUT[47])
                                                      1.835     5.809 r  round_q15_return0/PCOUT[47]
                         net (fo=1, routed)           0.002     5.811    round_q15_return0_n_106
    DSP48_X2Y21          DSP48E1 (Prop_dsp48e1_PCIN[47]_P[14])
                                                      1.271     7.082 f  round_q15_return0__0/P[14]
                         net (fo=2, routed)           0.752     7.834    round_q15_return0__0_n_91
    SLICE_X38Y51         LUT1 (Prop_lut1_I0_O)        0.105     7.939 r  out_i[1]_i_3/O
                         net (fo=1, routed)           0.000     7.939    out_i[1]_i_3_n_0
    SLICE_X38Y51         CARRY4 (Prop_carry4_S[1]_CO[3])
                                                      0.444     8.383 r  out_i_reg[1]_i_2/CO[3]
                         net (fo=1, routed)           0.000     8.383    out_i_reg[1]_i_2_n_0
    SLICE_X38Y52         CARRY4 (Prop_carry4_CI_CO[3])
                                                      0.100     8.483 r  out_i_reg[5]_i_2/CO[3]
                         net (fo=1, routed)           0.000     8.483    out_i_reg[5]_i_2_n_0
    SLICE_X38Y53         CARRY4 (Prop_carry4_CI_CO[3])
                                                      0.100     8.583 r  out_i_reg[9]_i_2/CO[3]
                         net (fo=1, routed)           0.000     8.583    out_i_reg[9]_i_2_n_0
    SLICE_X38Y54         CARRY4 (Prop_carry4_CI_CO[3])
                                                      0.100     8.683 r  out_i_reg[13]_i_2/CO[3]
                         net (fo=1, routed)           0.000     8.683    out_i_reg[13]_i_2_n_0
    SLICE_X38Y55         CARRY4 (Prop_carry4_CI_CO[3])
                                                      0.100     8.783 r  out_i_reg[15]_i_2/CO[3]
                         net (fo=1, routed)           0.000     8.783    out_i_reg[15]_i_2_n_0
    SLICE_X38Y56         CARRY4 (Prop_carry4_CI_CO[3])
                                                      0.100     8.883 r  out_i_reg[15]_i_14/CO[3]
                         net (fo=1, routed)           0.000     8.883    out_i_reg[15]_i_14_n_0
    SLICE_X38Y57         CARRY4 (Prop_carry4_CI_O[0])
                                                      0.178     9.061 f  out_i_reg[15]_i_6/O[0]
                         net (fo=4, routed)           0.606     9.667    out_i_reg[15]_i_6_n_7
    SLICE_X37Y57         LUT2 (Prop_lut2_I0_O)        0.238     9.905 r  out_i[15]_i_31/O
                         net (fo=1, routed)           0.000     9.905    out_i[15]_i_31_n_0
    SLICE_X37Y57         CARRY4 (Prop_carry4_S[0]_CO[3])
                                                      0.440    10.345 r  out_i_reg[15]_i_15/CO[3]
                         net (fo=1, routed)           0.000    10.345    out_i_reg[15]_i_15_n_0
    SLICE_X37Y58         CARRY4 (Prop_carry4_CI_CO[3])
                                                      0.098    10.443 r  out_i_reg[15]_i_7/CO[3]
                         net (fo=1, routed)           0.000    10.443    out_i_reg[15]_i_7_n_0
    SLICE_X37Y59         CARRY4 (Prop_carry4_CI_CO[0])
                                                      0.216    10.659 r  out_i_reg[15]_i_4/CO[0]
                         net (fo=16, routed)          0.526    11.186    sat_q1510_in
    SLICE_X36Y60         LUT3 (Prop_lut3_I0_O)        0.309    11.495 r  out_i[9]_i_1/O
                         net (fo=1, routed)           0.000    11.495    sat_q15_return[9]
    SLICE_X36Y60         FDRE                                         r  out_i_reg[9]/D
  -------------------------------------------------------------------    -------------------

                         (clock clk rise edge)       10.000    10.000 r
                                                      0.000    10.000 r  clk (IN)
                         net (fo=132, unset)          1.234    11.234    clk
    SLICE_X36Y60         FDRE                                         r  out_i_reg[9]/C
                         clock pessimism              0.000    11.234
                         clock uncertainty           -0.035    11.199
    SLICE_X36Y60         FDRE (Setup_fdre_C_D)        0.074    11.273    out_i_reg[9]
  -------------------------------------------------------------------
                         required time                         11.273
                         arrival time                         -11.495
  -------------------------------------------------------------------
                         slack                                 -0.222

Slack (VIOLATED) :        -0.181ns  (required time - arrival time)
  Source:                 xi2_reg[0]/C
                            (rising edge-triggered cell FDRE clocked by clk  {rise@0.000ns fall@5.000ns period=10.000ns})
  Destination:            out_i_reg[15]/D
                            (rising edge-triggered cell FDRE clocked by clk  {rise@0.000ns fall@5.000ns period=10.000ns})
  Path Group:             clk
  Path Type:              Setup (Max at Slow Process Corner)
  Requirement:            10.000ns  (clk rise@10.000ns - clk rise@0.000ns)
  Data Path Delay:        10.042ns  (logic 7.100ns (70.703%)  route 2.942ns (29.297%))
  Logic Levels:           20  (CARRY4=14 DSP48E1=2 LUT1=1 LUT2=2 LUT3=1)
  Clock Path Skew:        -0.176ns (DCD - SCD + CPR)
    Destination Clock Delay (DCD):    1.234ns = ( 11.234 - 10.000 )
    Source Clock Delay      (SCD):    1.410ns
    Clock Pessimism Removal (CPR):    0.000ns
  Clock Uncertainty:      0.035ns  ((TSJ^2 + TIJ^2)^1/2 + DJ) / 2 + PE
    Total System Jitter     (TSJ):    0.071ns
    Total Input Jitter      (TIJ):    0.000ns
    Discrete Jitter          (DJ):    0.000ns
    Phase Error              (PE):    0.000ns

    Location             Delay type                Incr(ns)  Path(ns)    Netlist Resource(s)
  -------------------------------------------------------------------    -------------------
                         (clock clk rise edge)        0.000     0.000 r
                                                      0.000     0.000 r  clk (IN)
                         net (fo=132, unset)          1.410     1.410    clk
    SLICE_X34Y48         FDRE                                         r  xi2_reg[0]/C
  -------------------------------------------------------------------    -------------------
    SLICE_X34Y48         FDRE (Prop_fdre_C_Q)         0.433     1.843 r  xi2_reg[0]/Q
                         net (fo=2, routed)           0.355     2.198    xi2[0]
    SLICE_X35Y48         LUT2 (Prop_lut2_I0_O)        0.105     2.303 r  round_q15_return0_i_22/O
                         net (fo=1, routed)           0.000     2.303    round_q15_return0_i_22_n_0
    SLICE_X35Y48         CARRY4 (Prop_carry4_S[1]_CO[3])
                                                      0.457     2.760 r  round_q15_return0_i_5/CO[3]
                         net (fo=1, routed)           0.000     2.760    round_q15_return0_i_5_n_0
    SLICE_X35Y49         CARRY4 (Prop_carry4_CI_CO[3])
                                                      0.098     2.858 r  round_q15_return0_i_4/CO[3]
                         net (fo=1, routed)           0.001     2.859    round_q15_return0_i_4_n_0
    SLICE_X35Y50         CARRY4 (Prop_carry4_CI_CO[3])
                                                      0.098     2.957 r  round_q15_return0_i_3/CO[3]
                         net (fo=1, routed)           0.000     2.957    round_q15_return0_i_3_n_0
    SLICE_X35Y51         CARRY4 (Prop_carry4_CI_CO[3])
                                                      0.098     3.055 r  round_q15_return0_i_2/CO[3]
                         net (fo=1, routed)           0.000     3.055    round_q15_return0_i_2_n_0
    SLICE_X35Y52         CARRY4 (Prop_carry4_CI_O[1])
                                                      0.265     3.320 r  round_q15_return0_i_1/O[1]
                         net (fo=20, routed)          0.655     3.974    C[39]
    DSP48_X2Y20          DSP48E1 (Prop_dsp48e1_C[43]_PCOUT[47])
                                                      1.835     5.809 r  round_q15_return0/PCOUT[47]
                         net (fo=1, routed)           0.002     5.811    round_q15_return0_n_106
    DSP48_X2Y21          DSP48E1 (Prop_dsp48e1_PCIN[47]_P[14])
                                                      1.271     7.082 f  round_q15_return0__0/P[14]
                         net (fo=2, routed)           0.752     7.834    round_q15_return0__0_n_91
    SLICE_X38Y51         LUT1 (Prop_lut1_I0_O)        0.105     7.939 r  out_i[1]_i_3/O
                         net (fo=1, routed)           0.000     7.939    out_i[1]_i_3_n_0
    SLICE_X38Y51         CARRY4 (Prop_carry4_S[1]_CO[3])
                                                      0.444     8.383 r  out_i_reg[1]_i_2/CO[3]
                         net (fo=1, routed)           0.000     8.383    out_i_reg[1]_i_2_n_0
    SLICE_X38Y52         CARRY4 (Prop_carry4_CI_CO[3])
                                                      0.100     8.483 r  out_i_reg[5]_i_2/CO[3]
                         net (fo=1, routed)           0.000     8.483    out_i_reg[5]_i_2_n_0
    SLICE_X38Y53         CARRY4 (Prop_carry4_CI_CO[3])
                                                      0.100     8.583 r  out_i_reg[9]_i_2/CO[3]
                         net (fo=1, routed)           0.000     8.583    out_i_reg[9]_i_2_n_0
    SLICE_X38Y54         CARRY4 (Prop_carry4_CI_CO[3])
                                                      0.100     8.683 r  out_i_reg[13]_i_2/CO[3]
                         net (fo=1, routed)           0.000     8.683    out_i_reg[13]_i_2_n_0
    SLICE_X38Y55         CARRY4 (Prop_carry4_CI_O[2])
                                                      0.199     8.882 r  out_i_reg[15]_i_2/O[2]
                         net (fo=4, routed)           0.631     9.513    out_i_reg[15]_i_2_n_5
    SLICE_X36Y56         LUT2 (Prop_lut2_I0_O)        0.244     9.757 r  out_i[15]_i_38/O
                         net (fo=1, routed)           0.000     9.757    out_i[15]_i_38_n_0
    SLICE_X36Y56         CARRY4 (Prop_carry4_S[1]_CO[3])
                                                      0.444    10.201 r  out_i_reg[15]_i_20/CO[3]
                         net (fo=1, routed)           0.000    10.201    out_i_reg[15]_i_20_n_0
    SLICE_X36Y57         CARRY4 (Prop_carry4_CI_CO[3])
                                                      0.100    10.301 r  out_i_reg[15]_i_9/CO[3]
                         net (fo=1, routed)           0.000    10.301    out_i_reg[15]_i_9_n_0
    SLICE_X36Y58         CARRY4 (Prop_carry4_CI_CO[3])
                                                      0.100    10.401 r  out_i_reg[15]_i_5/CO[3]
                         net (fo=1, routed)           0.000    10.401    out_i_reg[15]_i_5_n_0
    SLICE_X36Y59         CARRY4 (Prop_carry4_CI_CO[0])
                                                      0.207    10.608 r  out_i_reg[15]_i_3/CO[0]
                         net (fo=16, routed)          0.547    11.155    sat_q151
    SLICE_X36Y60         LUT3 (Prop_lut3_I1_O)        0.297    11.452 r  out_i[15]_i_1/O
                         net (fo=1, routed)           0.000    11.452    out_i[15]_i_1_n_0
    SLICE_X36Y60         FDRE                                         r  out_i_reg[15]/D
  -------------------------------------------------------------------    -------------------

                         (clock clk rise edge)       10.000    10.000 r
                                                      0.000    10.000 r  clk (IN)
                         net (fo=132, unset)          1.234    11.234    clk
    SLICE_X36Y60         FDRE                                         r  out_i_reg[15]/C
                         clock pessimism              0.000    11.234
                         clock uncertainty           -0.035    11.199
    SLICE_X36Y60         FDRE (Setup_fdre_C_D)        0.072    11.271    out_i_reg[15]
  -------------------------------------------------------------------
                         required time                         11.271
                         arrival time                         -11.452
  -------------------------------------------------------------------
                         slack                                 -0.181

Slack (VIOLATED) :        -0.179ns  (required time - arrival time)
  Source:                 xi2_reg[0]/C
                            (rising edge-triggered cell FDRE clocked by clk  {rise@0.000ns fall@5.000ns period=10.000ns})
  Destination:            out_i_reg[12]/D
                            (rising edge-triggered cell FDRE clocked by clk  {rise@0.000ns fall@5.000ns period=10.000ns})
  Path Group:             clk
  Path Type:              Setup (Max at Slow Process Corner)
  Requirement:            10.000ns  (clk rise@10.000ns - clk rise@0.000ns)
  Data Path Delay:        10.000ns  (logic 7.100ns (71.003%)  route 2.900ns (28.997%))
  Logic Levels:           20  (CARRY4=14 DSP48E1=2 LUT1=1 LUT2=2 LUT3=1)
  Clock Path Skew:        -0.176ns (DCD - SCD + CPR)
    Destination Clock Delay (DCD):    1.234ns = ( 11.234 - 10.000 )
    Source Clock Delay      (SCD):    1.410ns
    Clock Pessimism Removal (CPR):    0.000ns
  Clock Uncertainty:      0.035ns  ((TSJ^2 + TIJ^2)^1/2 + DJ) / 2 + PE
    Total System Jitter     (TSJ):    0.071ns
    Total Input Jitter      (TIJ):    0.000ns
    Discrete Jitter          (DJ):    0.000ns
    Phase Error              (PE):    0.000ns

    Location             Delay type                Incr(ns)  Path(ns)    Netlist Resource(s)
  -------------------------------------------------------------------    -------------------
                         (clock clk rise edge)        0.000     0.000 r
                                                      0.000     0.000 r  clk (IN)
                         net (fo=132, unset)          1.410     1.410    clk
    SLICE_X34Y48         FDRE                                         r  xi2_reg[0]/C
  -------------------------------------------------------------------    -------------------
    SLICE_X34Y48         FDRE (Prop_fdre_C_Q)         0.433     1.843 r  xi2_reg[0]/Q
                         net (fo=2, routed)           0.355     2.198    xi2[0]
    SLICE_X35Y48         LUT2 (Prop_lut2_I0_O)        0.105     2.303 r  round_q15_return0_i_22/O
                         net (fo=1, routed)           0.000     2.303    round_q15_return0_i_22_n_0
    SLICE_X35Y48         CARRY4 (Prop_carry4_S[1]_CO[3])
                                                      0.457     2.760 r  round_q15_return0_i_5/CO[3]
                         net (fo=1, routed)           0.000     2.760    round_q15_return0_i_5_n_0
    SLICE_X35Y49         CARRY4 (Prop_carry4_CI_CO[3])
                                                      0.098     2.858 r  round_q15_return0_i_4/CO[3]
                         net (fo=1, routed)           0.001     2.859    round_q15_return0_i_4_n_0
    SLICE_X35Y50         CARRY4 (Prop_carry4_CI_CO[3])
                                                      0.098     2.957 r  round_q15_return0_i_3/CO[3]
                         net (fo=1, routed)           0.000     2.957    round_q15_return0_i_3_n_0
    SLICE_X35Y51         CARRY4 (Prop_carry4_CI_CO[3])
                                                      0.098     3.055 r  round_q15_return0_i_2/CO[3]
                         net (fo=1, routed)           0.000     3.055    round_q15_return0_i_2_n_0
    SLICE_X35Y52         CARRY4 (Prop_carry4_CI_O[1])
                                                      0.265     3.320 r  round_q15_return0_i_1/O[1]
                         net (fo=20, routed)          0.655     3.974    C[39]
    DSP48_X2Y20          DSP48E1 (Prop_dsp48e1_C[43]_PCOUT[47])
                                                      1.835     5.809 r  round_q15_return0/PCOUT[47]
                         net (fo=1, routed)           0.002     5.811    round_q15_return0_n_106
    DSP48_X2Y21          DSP48E1 (Prop_dsp48e1_PCIN[47]_P[14])
                                                      1.271     7.082 f  round_q15_return0__0/P[14]
                         net (fo=2, routed)           0.752     7.834    round_q15_return0__0_n_91
    SLICE_X38Y51         LUT1 (Prop_lut1_I0_O)        0.105     7.939 r  out_i[1]_i_3/O
                         net (fo=1, routed)           0.000     7.939    out_i[1]_i_3_n_0
    SLICE_X38Y51         CARRY4 (Prop_carry4_S[1]_CO[3])
                                                      0.444     8.383 r  out_i_reg[1]_i_2/CO[3]
                         net (fo=1, routed)           0.000     8.383    out_i_reg[1]_i_2_n_0
    SLICE_X38Y52         CARRY4 (Prop_carry4_CI_CO[3])
                                                      0.100     8.483 r  out_i_reg[5]_i_2/CO[3]
                         net (fo=1, routed)           0.000     8.483    out_i_reg[5]_i_2_n_0
    SLICE_X38Y53         CARRY4 (Prop_carry4_CI_CO[3])
                                                      0.100     8.583 r  out_i_reg[9]_i_2/CO[3]
                         net (fo=1, routed)           0.000     8.583    out_i_reg[9]_i_2_n_0
    SLICE_X38Y54         CARRY4 (Prop_carry4_CI_CO[3])
                                                      0.100     8.683 r  out_i_reg[13]_i_2/CO[3]
                         net (fo=1, routed)           0.000     8.683    out_i_reg[13]_i_2_n_0
    SLICE_X38Y55         CARRY4 (Prop_carry4_CI_O[2])
                                                      0.199     8.882 r  out_i_reg[15]_i_2/O[2]
                         net (fo=4, routed)           0.631     9.513    out_i_reg[15]_i_2_n_5
    SLICE_X36Y56         LUT2 (Prop_lut2_I0_O)        0.244     9.757 r  out_i[15]_i_38/O
                         net (fo=1, routed)           0.000     9.757    out_i[15]_i_38_n_0
    SLICE_X36Y56         CARRY4 (Prop_carry4_S[1]_CO[3])
                                                      0.444    10.201 r  out_i_reg[15]_i_20/CO[3]
                         net (fo=1, routed)           0.000    10.201    out_i_reg[15]_i_20_n_0
    SLICE_X36Y57         CARRY4 (Prop_carry4_CI_CO[3])
                                                      0.100    10.301 r  out_i_reg[15]_i_9/CO[3]
                         net (fo=1, routed)           0.000    10.301    out_i_reg[15]_i_9_n_0
    SLICE_X36Y58         CARRY4 (Prop_carry4_CI_CO[3])
                                                      0.100    10.401 r  out_i_reg[15]_i_5/CO[3]
                         net (fo=1, routed)           0.000    10.401    out_i_reg[15]_i_5_n_0
    SLICE_X36Y59         CARRY4 (Prop_carry4_CI_CO[0])
                                                      0.207    10.608 f  out_i_reg[15]_i_3/CO[0]
                         net (fo=16, routed)          0.505    11.113    sat_q151
    SLICE_X37Y60         LUT3 (Prop_lut3_I1_O)        0.297    11.410 r  out_i[12]_i_1/O
                         net (fo=1, routed)           0.000    11.410    sat_q15_return[12]
    SLICE_X37Y60         FDRE                                         r  out_i_reg[12]/D
  -------------------------------------------------------------------    -------------------

                         (clock clk rise edge)       10.000    10.000 r
                                                      0.000    10.000 r  clk (IN)
                         net (fo=132, unset)          1.234    11.234    clk
    SLICE_X37Y60         FDRE                                         r  out_i_reg[12]/C
                         clock pessimism              0.000    11.234
                         clock uncertainty           -0.035    11.199
    SLICE_X37Y60         FDRE (Setup_fdre_C_D)        0.032    11.231    out_i_reg[12]
  -------------------------------------------------------------------
                         required time                         11.231
                         arrival time                         -11.410
  -------------------------------------------------------------------
                         slack                                 -0.179

Slack (VIOLATED) :        -0.177ns  (required time - arrival time)
  Source:                 xi2_reg[0]/C
                            (rising edge-triggered cell FDRE clocked by clk  {rise@0.000ns fall@5.000ns period=10.000ns})
  Destination:            out_i_reg[5]/D
                            (rising edge-triggered cell FDRE clocked by clk  {rise@0.000ns fall@5.000ns period=10.000ns})
  Path Group:             clk
  Path Type:              Setup (Max at Slow Process Corner)
  Requirement:            10.000ns  (clk rise@10.000ns - clk rise@0.000ns)
  Data Path Delay:        9.999ns  (logic 7.100ns (71.010%)  route 2.899ns (28.990%))
  Logic Levels:           20  (CARRY4=14 DSP48E1=2 LUT1=1 LUT2=2 LUT3=1)
  Clock Path Skew:        -0.176ns (DCD - SCD + CPR)
    Destination Clock Delay (DCD):    1.234ns = ( 11.234 - 10.000 )
    Source Clock Delay      (SCD):    1.410ns
    Clock Pessimism Removal (CPR):    0.000ns
  Clock Uncertainty:      0.035ns  ((TSJ^2 + TIJ^2)^1/2 + DJ) / 2 + PE
    Total System Jitter     (TSJ):    0.071ns
    Total Input Jitter      (TIJ):    0.000ns
    Discrete Jitter          (DJ):    0.000ns
    Phase Error              (PE):    0.000ns

    Location             Delay type                Incr(ns)  Path(ns)    Netlist Resource(s)
  -------------------------------------------------------------------    -------------------
                         (clock clk rise edge)        0.000     0.000 r
                                                      0.000     0.000 r  clk (IN)
                         net (fo=132, unset)          1.410     1.410    clk
    SLICE_X34Y48         FDRE                                         r  xi2_reg[0]/C
  -------------------------------------------------------------------    -------------------
    SLICE_X34Y48         FDRE (Prop_fdre_C_Q)         0.433     1.843 r  xi2_reg[0]/Q
                         net (fo=2, routed)           0.355     2.198    xi2[0]
    SLICE_X35Y48         LUT2 (Prop_lut2_I0_O)        0.105     2.303 r  round_q15_return0_i_22/O
                         net (fo=1, routed)           0.000     2.303    round_q15_return0_i_22_n_0
    SLICE_X35Y48         CARRY4 (Prop_carry4_S[1]_CO[3])
                                                      0.457     2.760 r  round_q15_return0_i_5/CO[3]
                         net (fo=1, routed)           0.000     2.760    round_q15_return0_i_5_n_0
    SLICE_X35Y49         CARRY4 (Prop_carry4_CI_CO[3])
                                                      0.098     2.858 r  round_q15_return0_i_4/CO[3]
                         net (fo=1, routed)           0.001     2.859    round_q15_return0_i_4_n_0
    SLICE_X35Y50         CARRY4 (Prop_carry4_CI_CO[3])
                                                      0.098     2.957 r  round_q15_return0_i_3/CO[3]
                         net (fo=1, routed)           0.000     2.957    round_q15_return0_i_3_n_0
    SLICE_X35Y51         CARRY4 (Prop_carry4_CI_CO[3])
                                                      0.098     3.055 r  round_q15_return0_i_2/CO[3]
                         net (fo=1, routed)           0.000     3.055    round_q15_return0_i_2_n_0
    SLICE_X35Y52         CARRY4 (Prop_carry4_CI_O[1])
                                                      0.265     3.320 r  round_q15_return0_i_1/O[1]
                         net (fo=20, routed)          0.655     3.974    C[39]
    DSP48_X2Y20          DSP48E1 (Prop_dsp48e1_C[43]_PCOUT[47])
                                                      1.835     5.809 r  round_q15_return0/PCOUT[47]
                         net (fo=1, routed)           0.002     5.811    round_q15_return0_n_106
    DSP48_X2Y21          DSP48E1 (Prop_dsp48e1_PCIN[47]_P[14])
                                                      1.271     7.082 f  round_q15_return0__0/P[14]
                         net (fo=2, routed)           0.752     7.834    round_q15_return0__0_n_91
    SLICE_X38Y51         LUT1 (Prop_lut1_I0_O)        0.105     7.939 r  out_i[1]_i_3/O
                         net (fo=1, routed)           0.000     7.939    out_i[1]_i_3_n_0
    SLICE_X38Y51         CARRY4 (Prop_carry4_S[1]_CO[3])
                                                      0.444     8.383 r  out_i_reg[1]_i_2/CO[3]
                         net (fo=1, routed)           0.000     8.383    out_i_reg[1]_i_2_n_0
    SLICE_X38Y52         CARRY4 (Prop_carry4_CI_CO[3])
                                                      0.100     8.483 r  out_i_reg[5]_i_2/CO[3]
                         net (fo=1, routed)           0.000     8.483    out_i_reg[5]_i_2_n_0
    SLICE_X38Y53         CARRY4 (Prop_carry4_CI_CO[3])
                                                      0.100     8.583 r  out_i_reg[9]_i_2/CO[3]
                         net (fo=1, routed)           0.000     8.583    out_i_reg[9]_i_2_n_0
    SLICE_X38Y54         CARRY4 (Prop_carry4_CI_CO[3])
                                                      0.100     8.683 r  out_i_reg[13]_i_2/CO[3]
                         net (fo=1, routed)           0.000     8.683    out_i_reg[13]_i_2_n_0
    SLICE_X38Y55         CARRY4 (Prop_carry4_CI_O[2])
                                                      0.199     8.882 r  out_i_reg[15]_i_2/O[2]
                         net (fo=4, routed)           0.631     9.513    out_i_reg[15]_i_2_n_5
    SLICE_X36Y56         LUT2 (Prop_lut2_I0_O)        0.244     9.757 r  out_i[15]_i_38/O
                         net (fo=1, routed)           0.000     9.757    out_i[15]_i_38_n_0
    SLICE_X36Y56         CARRY4 (Prop_carry4_S[1]_CO[3])
                                                      0.444    10.201 r  out_i_reg[15]_i_20/CO[3]
                         net (fo=1, routed)           0.000    10.201    out_i_reg[15]_i_20_n_0
    SLICE_X36Y57         CARRY4 (Prop_carry4_CI_CO[3])
                                                      0.100    10.301 r  out_i_reg[15]_i_9/CO[3]
                         net (fo=1, routed)           0.000    10.301    out_i_reg[15]_i_9_n_0
    SLICE_X36Y58         CARRY4 (Prop_carry4_CI_CO[3])
                                                      0.100    10.401 r  out_i_reg[15]_i_5/CO[3]
                         net (fo=1, routed)           0.000    10.401    out_i_reg[15]_i_5_n_0
    SLICE_X36Y59         CARRY4 (Prop_carry4_CI_CO[0])
                                                      0.207    10.608 f  out_i_reg[15]_i_3/CO[0]
                         net (fo=16, routed)          0.504    11.112    sat_q151
    SLICE_X37Y60         LUT3 (Prop_lut3_I1_O)        0.297    11.409 r  out_i[5]_i_1/O
                         net (fo=1, routed)           0.000    11.409    sat_q15_return[5]
    SLICE_X37Y60         FDRE                                         r  out_i_reg[5]/D
  -------------------------------------------------------------------    -------------------

                         (clock clk rise edge)       10.000    10.000 r
                                                      0.000    10.000 r  clk (IN)
                         net (fo=132, unset)          1.234    11.234    clk
    SLICE_X37Y60         FDRE                                         r  out_i_reg[5]/C
                         clock pessimism              0.000    11.234
                         clock uncertainty           -0.035    11.199
    SLICE_X37Y60         FDRE (Setup_fdre_C_D)        0.033    11.232    out_i_reg[5]
  -------------------------------------------------------------------
                         required time                         11.232
                         arrival time                         -11.409
  -------------------------------------------------------------------
                         slack                                 -0.177

Slack (VIOLATED) :        -0.160ns  (required time - arrival time)
  Source:                 xi2_reg[0]/C
                            (rising edge-triggered cell FDRE clocked by clk  {rise@0.000ns fall@5.000ns period=10.000ns})
  Destination:            out_i_reg[14]/D
                            (rising edge-triggered cell FDRE clocked by clk  {rise@0.000ns fall@5.000ns period=10.000ns})
  Path Group:             clk
  Path Type:              Setup (Max at Slow Process Corner)
  Requirement:            10.000ns  (clk rise@10.000ns - clk rise@0.000ns)
  Data Path Delay:        10.021ns  (logic 7.188ns (71.726%)  route 2.833ns (28.274%))
  Logic Levels:           21  (CARRY4=15 DSP48E1=2 LUT1=1 LUT2=2 LUT3=1)
  Clock Path Skew:        -0.175ns (DCD - SCD + CPR)
    Destination Clock Delay (DCD):    1.235ns = ( 11.235 - 10.000 )
    Source Clock Delay      (SCD):    1.410ns
    Clock Pessimism Removal (CPR):    0.000ns
  Clock Uncertainty:      0.035ns  ((TSJ^2 + TIJ^2)^1/2 + DJ) / 2 + PE
    Total System Jitter     (TSJ):    0.071ns
    Total Input Jitter      (TIJ):    0.000ns
    Discrete Jitter          (DJ):    0.000ns
    Phase Error              (PE):    0.000ns

    Location             Delay type                Incr(ns)  Path(ns)    Netlist Resource(s)
  -------------------------------------------------------------------    -------------------
                         (clock clk rise edge)        0.000     0.000 r
                                                      0.000     0.000 r  clk (IN)
                         net (fo=132, unset)          1.410     1.410    clk
    SLICE_X34Y48         FDRE                                         r  xi2_reg[0]/C
  -------------------------------------------------------------------    -------------------
    SLICE_X34Y48         FDRE (Prop_fdre_C_Q)         0.433     1.843 r  xi2_reg[0]/Q
                         net (fo=2, routed)           0.355     2.198    xi2[0]
    SLICE_X35Y48         LUT2 (Prop_lut2_I0_O)        0.105     2.303 r  round_q15_return0_i_22/O
                         net (fo=1, routed)           0.000     2.303    round_q15_return0_i_22_n_0
    SLICE_X35Y48         CARRY4 (Prop_carry4_S[1]_CO[3])
                                                      0.457     2.760 r  round_q15_return0_i_5/CO[3]
                         net (fo=1, routed)           0.000     2.760    round_q15_return0_i_5_n_0
    SLICE_X35Y49         CARRY4 (Prop_carry4_CI_CO[3])
                                                      0.098     2.858 r  round_q15_return0_i_4/CO[3]
                         net (fo=1, routed)           0.001     2.859    round_q15_return0_i_4_n_0
    SLICE_X35Y50         CARRY4 (Prop_carry4_CI_CO[3])
                                                      0.098     2.957 r  round_q15_return0_i_3/CO[3]
                         net (fo=1, routed)           0.000     2.957    round_q15_return0_i_3_n_0
    SLICE_X35Y51         CARRY4 (Prop_carry4_CI_CO[3])
                                                      0.098     3.055 r  round_q15_return0_i_2/CO[3]
                         net (fo=1, routed)           0.000     3.055    round_q15_return0_i_2_n_0
    SLICE_X35Y52         CARRY4 (Prop_carry4_CI_O[1])
                                                      0.265     3.320 r  round_q15_return0_i_1/O[1]
                         net (fo=20, routed)          0.655     3.974    C[39]
    DSP48_X2Y20          DSP48E1 (Prop_dsp48e1_C[43]_PCOUT[47])
                                                      1.835     5.809 r  round_q15_return0/PCOUT[47]
                         net (fo=1, routed)           0.002     5.811    round_q15_return0_n_106
    DSP48_X2Y21          DSP48E1 (Prop_dsp48e1_PCIN[47]_P[14])
                                                      1.271     7.082 f  round_q15_return0__0/P[14]
                         net (fo=2, routed)           0.752     7.834    round_q15_return0__0_n_91
    SLICE_X38Y51         LUT1 (Prop_lut1_I0_O)        0.105     7.939 r  out_i[1]_i_3/O
                         net (fo=1, routed)           0.000     7.939    out_i[1]_i_3_n_0
    SLICE_X38Y51         CARRY4 (Prop_carry4_S[1]_CO[3])
                                                      0.444     8.383 r  out_i_reg[1]_i_2/CO[3]
                         net (fo=1, routed)           0.000     8.383    out_i_reg[1]_i_2_n_0
    SLICE_X38Y52         CARRY4 (Prop_carry4_CI_CO[3])
                                                      0.100     8.483 r  out_i_reg[5]_i_2/CO[3]
                         net (fo=1, routed)           0.000     8.483    out_i_reg[5]_i_2_n_0
    SLICE_X38Y53         CARRY4 (Prop_carry4_CI_CO[3])
                                                      0.100     8.583 r  out_i_reg[9]_i_2/CO[3]
                         net (fo=1, routed)           0.000     8.583    out_i_reg[9]_i_2_n_0
    SLICE_X38Y54         CARRY4 (Prop_carry4_CI_CO[3])
                                                      0.100     8.683 r  out_i_reg[13]_i_2/CO[3]
                         net (fo=1, routed)           0.000     8.683    out_i_reg[13]_i_2_n_0
    SLICE_X38Y55         CARRY4 (Prop_carry4_CI_CO[3])
                                                      0.100     8.783 r  out_i_reg[15]_i_2/CO[3]
                         net (fo=1, routed)           0.000     8.783    out_i_reg[15]_i_2_n_0
    SLICE_X38Y56         CARRY4 (Prop_carry4_CI_CO[3])
                                                      0.100     8.883 r  out_i_reg[15]_i_14/CO[3]
                         net (fo=1, routed)           0.000     8.883    out_i_reg[15]_i_14_n_0
    SLICE_X38Y57         CARRY4 (Prop_carry4_CI_O[0])
                                                      0.178     9.061 f  out_i_reg[15]_i_6/O[0]
                         net (fo=4, routed)           0.606     9.667    out_i_reg[15]_i_6_n_7
    SLICE_X37Y57         LUT2 (Prop_lut2_I0_O)        0.238     9.905 r  out_i[15]_i_31/O
                         net (fo=1, routed)           0.000     9.905    out_i[15]_i_31_n_0
    SLICE_X37Y57         CARRY4 (Prop_carry4_S[0]_CO[3])
                                                      0.440    10.345 r  out_i_reg[15]_i_15/CO[3]
                         net (fo=1, routed)           0.000    10.345    out_i_reg[15]_i_15_n_0
    SLICE_X37Y58         CARRY4 (Prop_carry4_CI_CO[3])
                                                      0.098    10.443 r  out_i_reg[15]_i_7/CO[3]
                         net (fo=1, routed)           0.000    10.443    out_i_reg[15]_i_7_n_0
    SLICE_X37Y59         CARRY4 (Prop_carry4_CI_CO[0])
                                                      0.216    10.659 r  out_i_reg[15]_i_4/CO[0]
                         net (fo=16, routed)          0.463    11.122    sat_q1510_in
    SLICE_X38Y59         LUT3 (Prop_lut3_I0_O)        0.309    11.431 r  out_i[14]_i_1/O
                         net (fo=1, routed)           0.000    11.431    sat_q15_return[14]
    SLICE_X38Y59         FDRE                                         r  out_i_reg[14]/D
  -------------------------------------------------------------------    -------------------

                         (clock clk rise edge)       10.000    10.000 r
                                                      0.000    10.000 r  clk (IN)
                         net (fo=132, unset)          1.235    11.235    clk
    SLICE_X38Y59         FDRE                                         r  out_i_reg[14]/C
                         clock pessimism              0.000    11.235
                         clock uncertainty           -0.035    11.200
    SLICE_X38Y59         FDRE (Setup_fdre_C_D)        0.072    11.272    out_i_reg[14]
  -------------------------------------------------------------------
                         required time                         11.272
                         arrival time                         -11.431
  -------------------------------------------------------------------
                         slack                                 -0.160

Slack (VIOLATED) :        -0.136ns  (required time - arrival time)
  Source:                 xi2_reg[0]/C
                            (rising edge-triggered cell FDRE clocked by clk  {rise@0.000ns fall@5.000ns period=10.000ns})
  Destination:            out_i_reg[1]/D
                            (rising edge-triggered cell FDRE clocked by clk  {rise@0.000ns fall@5.000ns period=10.000ns})
  Path Group:             clk
  Path Type:              Setup (Max at Slow Process Corner)
  Requirement:            10.000ns  (clk rise@10.000ns - clk rise@0.000ns)
  Data Path Delay:        9.958ns  (logic 7.188ns (72.186%)  route 2.770ns (27.814%))
  Logic Levels:           21  (CARRY4=15 DSP48E1=2 LUT1=1 LUT2=2 LUT3=1)
  Clock Path Skew:        -0.175ns (DCD - SCD + CPR)
    Destination Clock Delay (DCD):    1.235ns = ( 11.235 - 10.000 )
    Source Clock Delay      (SCD):    1.410ns
    Clock Pessimism Removal (CPR):    0.000ns
  Clock Uncertainty:      0.035ns  ((TSJ^2 + TIJ^2)^1/2 + DJ) / 2 + PE
    Total System Jitter     (TSJ):    0.071ns
    Total Input Jitter      (TIJ):    0.000ns
    Discrete Jitter          (DJ):    0.000ns
    Phase Error              (PE):    0.000ns

    Location             Delay type                Incr(ns)  Path(ns)    Netlist Resource(s)
  -------------------------------------------------------------------    -------------------
                         (clock clk rise edge)        0.000     0.000 r
                                                      0.000     0.000 r  clk (IN)
                         net (fo=132, unset)          1.410     1.410    clk
    SLICE_X34Y48         FDRE                                         r  xi2_reg[0]/C
  -------------------------------------------------------------------    -------------------
    SLICE_X34Y48         FDRE (Prop_fdre_C_Q)         0.433     1.843 r  xi2_reg[0]/Q
                         net (fo=2, routed)           0.355     2.198    xi2[0]
    SLICE_X35Y48         LUT2 (Prop_lut2_I0_O)        0.105     2.303 r  round_q15_return0_i_22/O
                         net (fo=1, routed)           0.000     2.303    round_q15_return0_i_22_n_0
    SLICE_X35Y48         CARRY4 (Prop_carry4_S[1]_CO[3])
                                                      0.457     2.760 r  round_q15_return0_i_5/CO[3]
                         net (fo=1, routed)           0.000     2.760    round_q15_return0_i_5_n_0
    SLICE_X35Y49         CARRY4 (Prop_carry4_CI_CO[3])
                                                      0.098     2.858 r  round_q15_return0_i_4/CO[3]
                         net (fo=1, routed)           0.001     2.859    round_q15_return0_i_4_n_0
    SLICE_X35Y50         CARRY4 (Prop_carry4_CI_CO[3])
                                                      0.098     2.957 r  round_q15_return0_i_3/CO[3]
                         net (fo=1, routed)           0.000     2.957    round_q15_return0_i_3_n_0
    SLICE_X35Y51         CARRY4 (Prop_carry4_CI_CO[3])
                                                      0.098     3.055 r  round_q15_return0_i_2/CO[3]
                         net (fo=1, routed)           0.000     3.055    round_q15_return0_i_2_n_0
    SLICE_X35Y52         CARRY4 (Prop_carry4_CI_O[1])
                                                      0.265     3.320 r  round_q15_return0_i_1/O[1]
                         net (fo=20, routed)          0.655     3.974    C[39]
    DSP48_X2Y20          DSP48E1 (Prop_dsp48e1_C[43]_PCOUT[47])
                                                      1.835     5.809 r  round_q15_return0/PCOUT[47]
                         net (fo=1, routed)           0.002     5.811    round_q15_return0_n_106
    DSP48_X2Y21          DSP48E1 (Prop_dsp48e1_PCIN[47]_P[14])
                                                      1.271     7.082 f  round_q15_return0__0/P[14]
                         net (fo=2, routed)           0.752     7.834    round_q15_return0__0_n_91
    SLICE_X38Y51         LUT1 (Prop_lut1_I0_O)        0.105     7.939 r  out_i[1]_i_3/O
                         net (fo=1, routed)           0.000     7.939    out_i[1]_i_3_n_0
    SLICE_X38Y51         CARRY4 (Prop_carry4_S[1]_CO[3])
                                                      0.444     8.383 r  out_i_reg[1]_i_2/CO[3]
                         net (fo=1, routed)           0.000     8.383    out_i_reg[1]_i_2_n_0
    SLICE_X38Y52         CARRY4 (Prop_carry4_CI_CO[3])
                                                      0.100     8.483 r  out_i_reg[5]_i_2/CO[3]
                         net (fo=1, routed)           0.000     8.483    out_i_reg[5]_i_2_n_0
    SLICE_X38Y53         CARRY4 (Prop_carry4_CI_CO[3])
                                                      0.100     8.583 r  out_i_reg[9]_i_2/CO[3]
                         net (fo=1, routed)           0.000     8.583    out_i_reg[9]_i_2_n_0
    SLICE_X38Y54         CARRY4 (Prop_carry4_CI_CO[3])
                                                      0.100     8.683 r  out_i_reg[13]_i_2/CO[3]
                         net (fo=1, routed)           0.000     8.683    out_i_reg[13]_i_2_n_0
    SLICE_X38Y55         CARRY4 (Prop_carry4_CI_CO[3])
                                                      0.100     8.783 r  out_i_reg[15]_i_2/CO[3]
                         net (fo=1, routed)           0.000     8.783    out_i_reg[15]_i_2_n_0
    SLICE_X38Y56         CARRY4 (Prop_carry4_CI_CO[3])
                                                      0.100     8.883 r  out_i_reg[15]_i_14/CO[3]
                         net (fo=1, routed)           0.000     8.883    out_i_reg[15]_i_14_n_0
    SLICE_X38Y57         CARRY4 (Prop_carry4_CI_O[0])
                                                      0.178     9.061 f  out_i_reg[15]_i_6/O[0]
                         net (fo=4, routed)           0.606     9.667    out_i_reg[15]_i_6_n_7
    SLICE_X37Y57         LUT2 (Prop_lut2_I0_O)        0.238     9.905 r  out_i[15]_i_31/O
                         net (fo=1, routed)           0.000     9.905    out_i[15]_i_31_n_0
    SLICE_X37Y57         CARRY4 (Prop_carry4_S[0]_CO[3])
                                                      0.440    10.345 r  out_i_reg[15]_i_15/CO[3]
                         net (fo=1, routed)           0.000    10.345    out_i_reg[15]_i_15_n_0
    SLICE_X37Y58         CARRY4 (Prop_carry4_CI_CO[3])
                                                      0.098    10.443 r  out_i_reg[15]_i_7/CO[3]
                         net (fo=1, routed)           0.000    10.443    out_i_reg[15]_i_7_n_0
    SLICE_X37Y59         CARRY4 (Prop_carry4_CI_CO[0])
                                                      0.216    10.659 r  out_i_reg[15]_i_4/CO[0]
                         net (fo=16, routed)          0.399    11.059    sat_q1510_in
    SLICE_X39Y59         LUT3 (Prop_lut3_I0_O)        0.309    11.368 r  out_i[1]_i_1/O
                         net (fo=1, routed)           0.000    11.368    sat_q15_return[1]
    SLICE_X39Y59         FDRE                                         r  out_i_reg[1]/D
  -------------------------------------------------------------------    -------------------

                         (clock clk rise edge)       10.000    10.000 r
                                                      0.000    10.000 r  clk (IN)
                         net (fo=132, unset)          1.235    11.235    clk
    SLICE_X39Y59         FDRE                                         r  out_i_reg[1]/C
                         clock pessimism              0.000    11.235
                         clock uncertainty           -0.035    11.200
    SLICE_X39Y59         FDRE (Setup_fdre_C_D)        0.032    11.232    out_i_reg[1]
  -------------------------------------------------------------------
                         required time                         11.232
                         arrival time                         -11.368
  -------------------------------------------------------------------
                         slack                                 -0.136





Pulse Width Checks
--------------------------------------------------------------------------------------
Clock Name:         clk
Waveform(ns):       { 0.000 5.000 }
Period(ns):         10.000
Sources:            { clk }

Check Type        Corner  Lib Pin      Reference Pin  Required(ns)  Actual(ns)  Slack(ns)  Location      Pin
Min Period        n/a     DSP48E1/CLK  n/a            1.816         10.000      8.184      DSP48_X2Y20   round_q15_return0/CLK
Min Period        n/a     DSP48E1/CLK  n/a            1.816         10.000      8.184      DSP48_X2Y22   round_q15_return0__1/CLK
Min Period        n/a     FDRE/C       n/a            1.000         10.000      9.000      SLICE_X37Y59  out_i_reg[0]/C
Min Period        n/a     FDRE/C       n/a            1.000         10.000      9.000      SLICE_X38Y58  out_i_reg[10]/C
Min Period        n/a     FDRE/C       n/a            1.000         10.000      9.000      SLICE_X37Y60  out_i_reg[11]/C
Min Period        n/a     FDRE/C       n/a            1.000         10.000      9.000      SLICE_X37Y60  out_i_reg[12]/C
Min Period        n/a     FDRE/C       n/a            1.000         10.000      9.000      SLICE_X37Y60  out_i_reg[13]/C
Min Period        n/a     FDRE/C       n/a            1.000         10.000      9.000      SLICE_X38Y59  out_i_reg[14]/C
Min Period        n/a     FDRE/C       n/a            1.000         10.000      9.000      SLICE_X36Y60  out_i_reg[15]/C
Min Period        n/a     FDRE/C       n/a            1.000         10.000      9.000      SLICE_X39Y59  out_i_reg[1]/C
Low Pulse Width   Slow    FDRE/C       n/a            0.500         5.000       4.500      SLICE_X37Y59  out_i_reg[0]/C
Low Pulse Width   Fast    FDRE/C       n/a            0.500         5.000       4.500      SLICE_X37Y59  out_i_reg[0]/C
Low Pulse Width   Slow    FDRE/C       n/a            0.500         5.000       4.500      SLICE_X38Y58  out_i_reg[10]/C
Low Pulse Width   Fast    FDRE/C       n/a            0.500         5.000       4.500      SLICE_X38Y58  out_i_reg[10]/C
Low Pulse Width   Slow    FDRE/C       n/a            0.500         5.000       4.500      SLICE_X37Y60  out_i_reg[11]/C
Low Pulse Width   Fast    FDRE/C       n/a            0.500         5.000       4.500      SLICE_X37Y60  out_i_reg[11]/C
Low Pulse Width   Slow    FDRE/C       n/a            0.500         5.000       4.500      SLICE_X37Y60  out_i_reg[12]/C
Low Pulse Width   Fast    FDRE/C       n/a            0.500         5.000       4.500      SLICE_X37Y60  out_i_reg[12]/C
Low Pulse Width   Slow    FDRE/C       n/a            0.500         5.000       4.500      SLICE_X37Y60  out_i_reg[13]/C
Low Pulse Width   Fast    FDRE/C       n/a            0.500         5.000       4.500      SLICE_X37Y60  out_i_reg[13]/C
High Pulse Width  Slow    FDRE/C       n/a            0.500         5.000       4.500      SLICE_X37Y59  out_i_reg[0]/C
High Pulse Width  Fast    FDRE/C       n/a            0.500         5.000       4.500      SLICE_X37Y59  out_i_reg[0]/C
High Pulse Width  Slow    FDRE/C       n/a            0.500         5.000       4.500      SLICE_X38Y58  out_i_reg[10]/C
High Pulse Width  Fast    FDRE/C       n/a            0.500         5.000       4.500      SLICE_X38Y58  out_i_reg[10]/C
High Pulse Width  Slow    FDRE/C       n/a            0.500         5.000       4.500      SLICE_X37Y60  out_i_reg[11]/C
High Pulse Width  Fast    FDRE/C       n/a            0.500         5.000       4.500      SLICE_X37Y60  out_i_reg[11]/C
High Pulse Width  Slow    FDRE/C       n/a            0.500         5.000       4.500      SLICE_X37Y60  out_i_reg[12]/C
High Pulse Width  Fast    FDRE/C       n/a            0.500         5.000       4.500      SLICE_X37Y60  out_i_reg[12]/C
High Pulse Width  Slow    FDRE/C       n/a            0.500         5.000       4.500      SLICE_X37Y60  out_i_reg[13]/C
High Pulse Width  Fast    FDRE/C       n/a            0.500         5.000       4.500      SLICE_X37Y60  out_i_reg[13]/C
