Copyright 1986-2021 Xilinx, Inc. All Rights Reserved.
------------------------------------------------------------------------------------------------------------------------------------------------------------------------------------------
| Tool Version : Vivado v.2021.1 (win64) Build 3247384 Thu Jun 10 19:36:33 MDT 2021
| Date         : normalized
| Host         : normalized
| Command      : report_timing_summary -delay_type max -max_paths 10 -file <output_dir>/nco_mixer_iq_post_route_timing_summary.rpt
| Design       : nco_mixer_iq
| Device       : 7z020-clg400
| Speed File   : -2  PRODUCTION 1.12 2019-11-22
------------------------------------------------------------------------------------------------------------------------------------------------------------------------------------------

Timing Summary Report

------------------------------------------------------------------------------------------------
| Timer Settings
| --------------
------------------------------------------------------------------------------------------------

  Enable Multi Corner Analysis               :  Yes
  Enable Pessimism Removal                   :  Yes
  Pessimism Removal Resolution               :  Nearest Common Node
  Enable Input Delay Default Clock           :  No
  Enable Preset / Clear Arcs                 :  No
  Disable Flight Delays                      :  No
  Ignore I/O Paths                           :  No
  Timing Early Launch at Borrowing Latches   :  No
  Borrow Time for Max Delay Exceptions       :  Yes
  Merge Timing Exceptions                    :  Yes

  Corner  Analyze    Analyze
  Name    Max Paths  Min Paths
  ------  ---------  ---------
  Slow    Yes        Yes
  Fast    Yes        Yes


------------------------------------------------------------------------------------------------
| Report Methodology
| ------------------
------------------------------------------------------------------------------------------------

No report available as report_methodology has not been run prior. Run report_methodology on the current design for the summary of methodology violations.



check_timing report

Table of Contents
-----------------
1. checking no_clock (0)
2. checking constant_clock (0)
3. checking pulse_width_clock (0)
4. checking unconstrained_internal_endpoints (0)
5. checking no_input_delay (0)
6. checking no_output_delay (0)
7. checking multiple_clock (0)
8. checking generated_clocks (0)
9. checking loops (0)
10. checking partial_input_delay (0)
11. checking partial_output_delay (0)
12. checking latch_loops (0)

1. checking no_clock (0)
------------------------
 There are 0 register/latch pins with no clock.


2. checking constant_clock (0)
------------------------------
 There are 0 register/latch pins with constant_clock.


3. checking pulse_width_clock (0)
---------------------------------
 There are 0 register/latch pins which need pulse_width check


4. checking unconstrained_internal_endpoints (0)
------------------------------------------------
 There are 0 pins that are not constrained for maximum delay.

 There are 0 pins that are not constrained for maximum delay due to constant clock.


5. checking no_input_delay (0)
------------------------------
 There are 0 input ports with no input delay specified.

 There are 0 input ports with no input delay but user has a false path constraint.


6. checking no_output_delay (0)
-------------------------------
 There are 0 ports with no output delay specified.

 There are 0 ports with no output delay but user has a false path constraint

 There are 0 ports with no output delay but with a timing clock defined on it or propagating through it


7. checking multiple_clock (0)
------------------------------
 There are 0 register/latch pins with multiple clocks.


8. checking generated_clocks (0)
--------------------------------
 There are 0 generated clocks that are not connected to a clock source.


9. checking loops (0)
---------------------
 There are 0 combinational loops in the design.


10. checking partial_input_delay (0)
------------------------------------
 There are 0 input ports with partial input delay specified.


11. checking partial_output_delay (0)
-------------------------------------
 There are 0 ports with partial output delay specified.


12. checking latch_loops (0)
----------------------------
 There are 0 combinational latch loops in the design through latch input



------------------------------------------------------------------------------------------------
| Design Timing Summary
| ---------------------
------------------------------------------------------------------------------------------------

    WNS(ns)      TNS(ns)  TNS Failing Endpoints  TNS Total Endpoints     WPWS(ns)     TPWS(ns)  TPWS Failing Endpoints  TPWS Total Endpoints
    -------      -------  ---------------------  -------------------     --------     --------  ----------------------  --------------------
     -0.361       -3.663                     16                  160        4.500        0.000                       0                    43


Timing constraints are not met.


------------------------------------------------------------------------------------------------
| Clock Summary
| -------------
------------------------------------------------------------------------------------------------

Clock  Waveform(ns)       Period(ns)      Frequency(MHz)
-----  ------------       ----------      --------------
clk    {0.000 5.000}      10.000          100.000


------------------------------------------------------------------------------------------------
| Intra Clock Table
| -----------------
------------------------------------------------------------------------------------------------

Clock             WNS(ns)      TNS(ns)  TNS Failing Endpoints  TNS Total Endpoints     WPWS(ns)     TPWS(ns)  TPWS Failing Endpoints  TPWS Total Endpoints
-----             -------      -------  ---------------------  -------------------     --------     --------  ----------------------  --------------------
clk                -0.361       -3.663                     16                  160        4.500        0.000                       0                    43


------------------------------------------------------------------------------------------------
| Inter Clock Table
| -----------------
------------------------------------------------------------------------------------------------

From Clock    To Clock          WNS(ns)      TNS(ns)  TNS Failing Endpoints  TNS Total Endpoints
----------    --------          -------      -------  ---------------------  -------------------


------------------------------------------------------------------------------------------------
| Other Path Groups Table
| -----------------------
------------------------------------------------------------------------------------------------

Path Group    From Clock    To Clock          WNS(ns)      TNS(ns)  TNS Failing Endpoints  TNS Total Endpoints
----------    ----------    --------          -------      -------  ---------------------  -------------------


------------------------------------------------------------------------------------------------
| Timing Details
| --------------
------------------------------------------------------------------------------------------------


---------------------------------------------------------------------------------------------------
From Clock:  clk
  To Clock:  clk

Setup :           16  Failing Endpoints,  Worst Slack       -0.361ns,  Total Violation       -3.663ns
Hold  :           NA  Failing Endpoints,  Worst Slack           NA  ,  Total Violation           NA
PW    :            0  Failing Endpoints,  Worst Slack        4.500ns,  Total Violation        0.000ns
---------------------------------------------------------------------------------------------------


Max Delay Paths
--------------------------------------------------------------------------------------
Slack (VIOLATED) :        -0.361ns  (required time - arrival time)
  Source:                 phase_reg[2]_replica/C
                            (rising edge-triggered cell FDRE clocked by clk  {rise@0.000ns fall@5.000ns period=10.000ns})
  Destination:            out_q_reg[8]/D
                            (rising edge-triggered cell FDRE clocked by clk  {rise@0.000ns fall@5.000ns period=10.000ns})
  Path Group:             clk
  Path Type:              Setup (Max at Slow Process Corner)
  Requirement:            10.000ns  (clk rise@10.000ns - clk rise@0.000ns)
  Data Path Delay:        10.322ns  (logic 7.409ns (71.777%)  route 2.913ns (28.223%))
  Logic Levels:           14  (CARRY4=10 DSP48E1=2 LUT3=1 LUT4=1)
  Clock Path Skew:        -0.033ns (DCD - SCD + CPR)
    Destination Clock Delay (DCD):    1.231ns = ( 11.231 - 10.000 )
    Source Clock Delay      (SCD):    1.390ns
    Clock Pessimism Removal (CPR):    0.126ns
  Clock Uncertainty:      0.035ns  ((TSJ^2 + TIJ^2)^1/2 + DJ) / 2 + PE
    Total System Jitter     (TSJ):    0.071ns
    Total Input Jitter      (TIJ):    0.000ns
    Discrete Jitter          (DJ):    0.000ns
    Phase Error              (PE):    0.000ns

    Location             Delay type                Incr(ns)  Path(ns)    Netlist Resource(s)
  -------------------------------------------------------------------    -------------------
                         (clock clk rise edge)        0.000     0.000 r
                                                      0.000     0.000 r  clk (IN)
                         net (fo=42, unset)           1.390     1.390    clk
    SLICE_X37Y56         FDRE                                         r  phase_reg[2]_replica/C
  -------------------------------------------------------------------    -------------------
    SLICE_X37Y56         FDRE (Prop_fdre_C_Q)         0.379     1.769 r  phase_reg[2]_replica/Q
                         net (fo=11, routed)          0.579     2.348    phase_reg[2]_repN
    SLICE_X37Y56         LUT4 (Prop_lut4_I1_O)        0.105     2.453 r  round_q15_return0_i_9/O
                         net (fo=6, routed)           0.578     3.031    sin_lut[5]
    DSP48_X2Y22          DSP48E1 (Prop_dsp48e1_B[3]_PCOUT[47])
                                                      3.244     6.275 r  value0/PCOUT[47]
                         net (fo=1, routed)           0.002     6.277    value0_n_106
    DSP48_X2Y23          DSP48E1 (Prop_dsp48e1_PCIN[47]_P[16])
                                                      1.271     7.548 r  round_q15_return0__1/P[16]
                         net (fo=1, routed)           0.689     8.237    round_q15_return0__1_n_89
    SLICE_X36Y56         CARRY4 (Prop_carry4_S[3]_CO[3])
                                                      0.419     8.656 r  out_q_reg[1]_i_2/CO[3]
                         net (fo=1, routed)           0.000     8.656    out_q_reg[1]_i_2_n_0
    SLICE_X36Y57         CARRY4 (Prop_carry4_CI_CO[3])
                                                      0.100     8.756 r  out_q_reg[5]_i_2/CO[3]
                         net (fo=1, routed)           0.000     8.756    out_q_reg[5]_i_2_n_0
    SLICE_X36Y58         CARRY4 (Prop_carry4_CI_CO[3])
                                                      0.100     8.856 r  out_q_reg[9]_i_2/CO[3]
                         net (fo=1, routed)           0.000     8.856    out_q_reg[9]_i_2_n_0
    SLICE_X36Y59         CARRY4 (Prop_carry4_CI_CO[3])
                                                      0.100     8.956 r  out_q_reg[13]_i_2/CO[3]
                         net (fo=1, routed)           0.000     8.956    out_q_reg[13]_i_2_n_0
    SLICE_X36Y60         CARRY4 (Prop_carry4_CI_CO[3])
                                                      0.100     9.056 r  out_q_reg[15]_i_2/CO[3]
                         net (fo=1, routed)           0.000     9.056    out_q_reg[15]_i_2_n_0
    SLICE_X36Y61         CARRY4 (Prop_carry4_CI_CO[3])
                                                      0.100     9.156 r  out_q_reg[15]_i_14/CO[3]
                         net (fo=1, routed)           0.000     9.156    out_q_reg[15]_i_14_n_0
    SLICE_X36Y62         CARRY4 (Prop_carry4_CI_O[2])
                                                      0.199     9.355 r  out_q_reg[15]_i_6/O[2]
                         net (fo=30, routed)          0.523     9.878    round_q15_return0__2[39]
    SLICE_X38Y62         CARRY4 (Prop_carry4_S[1]_CO[3])
                                                      0.688    10.566 r  out_q_reg[15]_i_9/CO[3]
                         net (fo=1, routed)           0.000    10.566    out_q_reg[15]_i_9_n_0
    SLICE_X38Y63         CARRY4 (Prop_carry4_CI_CO[3])
                                                      0.100    10.666 r  out_q_reg[15]_i_5/CO[3]
                         net (fo=1, routed)           0.000    10.666    out_q_reg[15]_i_5_n_0
    SLICE_X38Y64         CARRY4 (Prop_carry4_CI_CO[0])
                                                      0.207    10.873 f  out_q_reg[15]_i_3/CO[0]
                         net (fo=16, routed)          0.542    11.415    out_q_reg[15]_i_3_n_3
    SLICE_X39Y64         LUT3 (Prop_lut3_I1_O)        0.297    11.712 r  out_q[8]_i_1/O
                         net (fo=1, routed)           0.000    11.712    sat_q15_return__0[8]
    SLICE_X39Y64         FDRE                                         r  out_q_reg[8]/D
  -------------------------------------------------------------------    -------------------

                         (clock clk rise edge)       10.000    10.000 r
                                                      0.000    10.000 r  clk (IN)
                         net (fo=42, unset)           1.231    11.231    clk
    SLICE_X39Y64         FDRE                                         r  out_q_reg[8]/C
                         clock pessimism              0.126    11.357
                         clock uncertainty           -0.035    11.322
    SLICE_X39Y64         FDRE (Setup_fdre_C_D)        0.030    11.352    out_q_reg[8]
  -------------------------------------------------------------------
                         required time                         11.352
                         arrival time                         -11.712
  -------------------------------------------------------------------
                         slack                                 -0.361

Slack (VIOLATED) :        -0.305ns  (required time - arrival time)
  Source:                 phase_reg[2]_replica/C
                            (rising edge-triggered cell FDRE clocked by clk  {rise@0.000ns fall@5.000ns period=10.000ns})
  Destination:            out_q_reg[14]/D
                            (rising edge-triggered cell FDRE clocked by clk  {rise@0.000ns fall@5.000ns period=10.000ns})
  Path Group:             clk
  Path Type:              Setup (Max at Slow Process Corner)
  Requirement:            10.000ns  (clk rise@10.000ns - clk rise@0.000ns)
  Data Path Delay:        10.268ns  (logic 7.397ns (72.037%)  route 2.871ns (27.963%))
  Logic Levels:           15  (CARRY4=10 DSP48E1=2 LUT2=1 LUT3=1 LUT4=1)
  Clock Path Skew:        -0.033ns (DCD - SCD + CPR)
    Destination Clock Delay (DCD):    1.231ns = ( 11.231 - 10.000 )
    Source Clock Delay      (SCD):    1.390ns
    Clock Pessimism Removal (CPR):    0.126ns
  Clock Uncertainty:      0.035ns  ((TSJ^2 + TIJ^2)^1/2 + DJ) / 2 + PE
    Total System Jitter     (TSJ):    0.071ns
    Total Input Jitter      (TIJ):    0.000ns
    Discrete Jitter          (DJ):    0.000ns
    Phase Error              (PE):    0.000ns

    Location             Delay type                Incr(ns)  Path(ns)    Netlist Resource(s)
  -------------------------------------------------------------------    -------------------
                         (clock clk rise edge)        0.000     0.000 r
                                                      0.000     0.000 r  clk (IN)
                         net (fo=42, unset)           1.390     1.390    clk
    SLICE_X37Y56         FDRE                                         r  phase_reg[2]_replica/C
  -------------------------------------------------------------------    -------------------
    SLICE_X37Y56         FDRE (Prop_fdre_C_Q)         0.379     1.769 r  phase_reg[2]_replica/Q
                         net (fo=11, routed)          0.579     2.348    phase_reg[2]_repN
    SLICE_X37Y56         LUT4 (Prop_lut4_I1_O)        0.105     2.453 r  round_q15_return0_i_9/O
                         net (fo=6, routed)           0.578     3.031    sin_lut[5]
    DSP48_X2Y22          DSP48E1 (Prop_dsp48e1_B[3]_PCOUT[47])
                                                      3.244     6.275 r  value0/PCOUT[47]
                         net (fo=1, routed)           0.002     6.277    value0_n_106
    DSP48_X2Y23          DSP48E1 (Prop_dsp48e1_PCIN[47]_P[16])
                                                      1.271     7.548 r  round_q15_return0__1/P[16]
                         net (fo=1, routed)           0.689     8.237    round_q15_return0__1_n_89
    SLICE_X36Y56         CARRY4 (Prop_carry4_S[3]_CO[3])
                                                      0.419     8.656 r  out_q_reg[1]_i_2/CO[3]
                         net (fo=1, routed)           0.000     8.656    out_q_reg[1]_i_2_n_0
    SLICE_X36Y57         CARRY4 (Prop_carry4_CI_CO[3])
                                                      0.100     8.756 r  out_q_reg[5]_i_2/CO[3]
                         net (fo=1, routed)           0.000     8.756    out_q_reg[5]_i_2_n_0
    SLICE_X36Y58         CARRY4 (Prop_carry4_CI_CO[3])
                                                      0.100     8.856 r  out_q_reg[9]_i_2/CO[3]
                         net (fo=1, routed)           0.000     8.856    out_q_reg[9]_i_2_n_0
    SLICE_X36Y59         CARRY4 (Prop_carry4_CI_CO[3])
                                                      0.100     8.956 r  out_q_reg[13]_i_2/CO[3]
                         net (fo=1, routed)           0.000     8.956    out_q_reg[13]_i_2_n_0
    SLICE_X36Y60         CARRY4 (Prop_carry4_CI_CO[3])
                                                      0.100     9.056 r  out_q_reg[15]_i_2/CO[3]
                         net (fo=1, routed)           0.000     9.056    out_q_reg[15]_i_2_n_0
    SLICE_X36Y61         CARRY4 (Prop_carry4_CI_CO[3])
                                                      0.100     9.156 r  out_q_reg[15]_i_14/CO[3]
                         net (fo=1, routed)           0.000     9.156    out_q_reg[15]_i_14_n_0
    SLICE_X36Y62         CARRY4 (Prop_carry4_CI_O[0])
                                                      0.178     9.334 f  out_q_reg[15]_i_6/O[0]
                         net (fo=4, routed)           0.501     9.835    round_q15_return0__2[37]
    SLICE_X37Y62         LUT2 (Prop_lut2_I0_O)        0.238    10.073 r  out_q[15]_i_31/O
                         net (fo=1, routed)           0.000    10.073    out_q[15]_i_31_n_0
    SLICE_X37Y62         CARRY4 (Prop_carry4_S[0]_CO[3])
                                                      0.440    10.513 r  out_q_reg[15]_i_15/CO[3]
                         net (fo=1, routed)           0.000    10.513    out_q_reg[15]_i_15_n_0
    SLICE_X37Y63         CARRY4 (Prop_carry4_CI_CO[3])
                                                      0.098    10.611 r  out_q_reg[15]_i_7/CO[3]
                         net (fo=1, routed)           0.000    10.611    out_q_reg[15]_i_7_n_0
    SLICE_X37Y64         CARRY4 (Prop_carry4_CI_CO[0])
                                                      0.216    10.827 r  out_q_reg[15]_i_4/CO[0]
                         net (fo=16, routed)          0.522    11.349    out_q_reg[15]_i_4_n_3
    SLICE_X39Y64         LUT3 (Prop_lut3_I0_O)        0.309    11.658 r  out_q[14]_i_1/O
                         net (fo=1, routed)           0.000    11.658    sat_q15_return__0[14]
    SLICE_X39Y64         FDRE                                         r  out_q_reg[14]/D
  -------------------------------------------------------------------    -------------------

                         (clock clk rise edge)       10.000    10.000 r
                                                      0.000    10.000 r  clk (IN)
                         net (fo=42, unset)           1.231    11.231    clk
    SLICE_X39Y64         FDRE                                         r  out_q_reg[14]/C
                         clock pessimism              0.126    11.357
                         clock uncertainty           -0.035    11.322
    SLICE_X39Y64         FDRE (Setup_fdre_C_D)        0.032    11.354    out_q_reg[14]
  -------------------------------------------------------------------
                         required time                         11.354
                         arrival time                         -11.658
  -------------------------------------------------------------------
                         slack                                 -0.305

Slack (VIOLATED) :        -0.295ns  (required time - arrival time)
  Source:                 phase_reg[2]_replica/C
                            (rising edge-triggered cell FDRE clocked by clk  {rise@0.000ns fall@5.000ns period=10.000ns})
  Destination:            out_q_reg[9]/D
                            (rising edge-triggered cell FDRE clocked by clk  {rise@0.000ns fall@5.000ns period=10.000ns})
  Path Group:             clk
  Path Type:              Setup (Max at Slow Process Corner)
  Requirement:            10.000ns  (clk rise@10.000ns - clk rise@0.000ns)
  Data Path Delay:        10.259ns  (logic 7.397ns (72.100%)  route 2.862ns (27.900%))
  Logic Levels:           15  (CARRY4=10 DSP48E1=2 LUT2=1 LUT3=1 LUT4=1)
  Clock Path Skew:        -0.032ns (DCD - SCD + CPR)
    Destination Clock Delay (DCD):    1.232ns = ( 11.232 - 10.000 )
    Source Clock Delay      (SCD):    1.390ns
    Clock Pessimism Removal (CPR):    0.126ns
  Clock Uncertainty:      0.035ns  ((TSJ^2 + TIJ^2)^1/2 + DJ) / 2 + PE
    Total System Jitter     (TSJ):    0.071ns
    Total Input Jitter      (TIJ):    0.000ns
    Discrete Jitter          (DJ):    0.000ns
    Phase Error              (PE):    0.000ns

    Location             Delay type                Incr(ns)  Path(ns)    Netlist Resource(s)
  -------------------------------------------------------------------    -------------------
                         (clock clk rise edge)        0.000     0.000 r
                                                      0.000     0.000 r  clk (IN)
                         net (fo=42, unset)           1.390     1.390    clk
    SLICE_X37Y56         FDRE                                         r  phase_reg[2]_replica/C
  -------------------------------------------------------------------    -------------------
    SLICE_X37Y56         FDRE (Prop_fdre_C_Q)         0.379     1.769 r  phase_reg[2]_replica/Q
                         net (fo=11, routed)          0.579     2.348    phase_reg[2]_repN
    SLICE_X37Y56         LUT4 (Prop_lut4_I1_O)        0.105     2.453 r  round_q15_return0_i_9/O
                         net (fo=6, routed)           0.578     3.031    sin_lut[5]
    DSP48_X2Y22          DSP48E1 (Prop_dsp48e1_B[3]_PCOUT[47])
                                                      3.244     6.275 r  value0/PCOUT[47]
                         net (fo=1, routed)           0.002     6.277    value0_n_106
    DSP48_X2Y23          DSP48E1 (Prop_dsp48e1_PCIN[47]_P[16])
                                                      1.271     7.548 r  round_q15_return0__1/P[16]
                         net (fo=1, routed)           0.689     8.237    round_q15_return0__1_n_89
    SLICE_X36Y56         CARRY4 (Prop_carry4_S[3]_CO[3])
                                                      0.419     8.656 r  out_q_reg[1]_i_2/CO[3]
                         net (fo=1, routed)           0.000     8.656    out_q_reg[1]_i_2_n_0
    SLICE_X36Y57         CARRY4 (Prop_carry4_CI_CO[3])
                                                      0.100     8.756 r  out_q_reg[5]_i_2/CO[3]
                         net (fo=1, routed)           0.000     8.756    out_q_reg[5]_i_2_n_0
    SLICE_X36Y58         CARRY4 (Prop_carry4_CI_CO[3])
                                                      0.100     8.856 r  out_q_reg[9]_i_2/CO[3]
                         net (fo=1, routed)           0.000     8.856    out_q_reg[9]_i_2_n_0
    SLICE_X36Y59         CARRY4 (Prop_carry4_CI_CO[3])
                                                      0.100     8.956 r  out_q_reg[13]_i_2/CO[3]
                         net (fo=1, routed)           0.000     8.956    out_q_reg[13]_i_2_n_0
    SLICE_X36Y60         CARRY4 (Prop_carry4_CI_CO[3])
                                                      0.100     9.056 r  out_q_reg[15]_i_2/CO[3]
                         net (fo=1, routed)           0.000     9.056    out_q_reg[15]_i_2_n_0
    SLICE_X36Y61         CARRY4 (Prop_carry4_CI_CO[3])
                                                      0.100     9.156 r  out_q_reg[15]_i_14/CO[3]
                         net (fo=1, routed)           0.000     9.156    out_q_reg[15]_i_14_n_0
    SLICE_X36Y62         CARRY4 (Prop_carry4_CI_O[0])
                                                      0.178     9.334 f  out_q_reg[15]_i_6/O[0]
                         net (fo=4, routed)           0.501     9.835    round_q15_return0__2[37]
    SLICE_X37Y62         LUT2 (Prop_lut2_I0_O)        0.238    10.073 r  out_q[15]_i_31/O
                         net (fo=1, routed)           0.000    10.073    out_q[15]_i_31_n_0
    SLICE_X37Y62         CARRY4 (Prop_carry4_S[0]_CO[3])
                                                      0.440    10.513 r  out_q_reg[15]_i_15/CO[3]
                         net (fo=1, routed)           0.000    10.513    out_q_reg[15]_i_15_n_0
    SLICE_X37Y63         CARRY4 (Prop_carry4_CI_CO[3])
                                                      0.098    10.611 r  out_q_reg[15]_i_7/CO[3]
                         net (fo=1, routed)           0.000    10.611    out_q_reg[15]_i_7_n_0
    SLICE_X37Y64         CARRY4 (Prop_carry4_CI_CO[0])
                                                      0.216    10.827 r  out_q_reg[15]_i_4/CO[0]
                         net (fo=16, routed)          0.513    11.340    out_q_reg[15]_i_4_n_3
    SLICE_X39Y63         LUT3 (Prop_lut3_I0_O)        0.309    11.649 r  out_q[9]_i_1/O
                         net (fo=1, routed)           0.000    11.649    sat_q15_return__0[9]
    SLICE_X39Y63         FDRE                                         r  out_q_reg[9]/D
  -------------------------------------------------------------------    -------------------

                         (clock clk rise edge)       10.000    10.000 r
                                                      0.000    10.000 r  clk (IN)
                         net (fo=42, unset)           1.232    11.232    clk
    SLICE_X39Y63         FDRE                                         r  out_q_reg[9]/C
                         clock pessimism              0.126    11.358
                         clock uncertainty           -0.035    11.323
    SLICE_X39Y63         FDRE (Setup_fdre_C_D)        0.032    11.355    out_q_reg[9]
  -------------------------------------------------------------------
                         required time                         11.355
                         arrival time                         -11.649
  -------------------------------------------------------------------
                         slack                                 -0.295

Slack (VIOLATED) :        -0.293ns  (required time - arrival time)
  Source:                 phase_reg[2]_replica/C
                            (rising edge-triggered cell FDRE clocked by clk  {rise@0.000ns fall@5.000ns period=10.000ns})
  Destination:            out_q_reg[13]/D
                            (rising edge-triggered cell FDRE clocked by clk  {rise@0.000ns fall@5.000ns period=10.000ns})
  Path Group:             clk
  Path Type:              Setup (Max at Slow Process Corner)
  Requirement:            10.000ns  (clk rise@10.000ns - clk rise@0.000ns)
  Data Path Delay:        10.258ns  (logic 7.397ns (72.107%)  route 2.861ns (27.893%))
  Logic Levels:           15  (CARRY4=10 DSP48E1=2 LUT2=1 LUT3=1 LUT4=1)
  Clock Path Skew:        -0.032ns (DCD - SCD + CPR)
    Destination Clock Delay (DCD):    1.232ns = ( 11.232 - 10.000 )
    Source Clock Delay      (SCD):    1.390ns
    Clock Pessimism Removal (CPR):    0.126ns
  Clock Uncertainty:      0.035ns  ((TSJ^2 + TIJ^2)^1/2 + DJ) / 2 + PE
    Total System Jitter     (TSJ):    0.071ns
    Total Input Jitter      (TIJ):    0.000ns
    Discrete Jitter          (DJ):    0.000ns
    Phase Error              (PE):    0.000ns

    Location             Delay type                Incr(ns)  Path(ns)    Netlist Resource(s)
  -------------------------------------------------------------------    -------------------
                         (clock clk rise edge)        0.000     0.000 r
                                                      0.000     0.000 r  clk (IN)
                         net (fo=42, unset)           1.390     1.390    clk
    SLICE_X37Y56         FDRE                                         r  phase_reg[2]_replica/C
  -------------------------------------------------------------------    -------------------
    SLICE_X37Y56         FDRE (Prop_fdre_C_Q)         0.379     1.769 r  phase_reg[2]_replica/Q
                         net (fo=11, routed)          0.579     2.348    phase_reg[2]_repN
    SLICE_X37Y56         LUT4 (Prop_lut4_I1_O)        0.105     2.453 r  round_q15_return0_i_9/O
                         net (fo=6, routed)           0.578     3.031    sin_lut[5]
    DSP48_X2Y22          DSP48E1 (Prop_dsp48e1_B[3]_PCOUT[47])
                                                      3.244     6.275 r  value0/PCOUT[47]
                         net (fo=1, routed)           0.002     6.277    value0_n_106
    DSP48_X2Y23          DSP48E1 (Prop_dsp48e1_PCIN[47]_P[16])
                                                      1.271     7.548 r  round_q15_return0__1/P[16]
                         net (fo=1, routed)           0.689     8.237    round_q15_return0__1_n_89
    SLICE_X36Y56         CARRY4 (Prop_carry4_S[3]_CO[3])
                                                      0.419     8.656 r  out_q_reg[1]_i_2/CO[3]
                         net (fo=1, routed)           0.000     8.656    out_q_reg[1]_i_2_n_0
    SLICE_X36Y57         CARRY4 (Prop_carry4_CI_CO[3])
                                                      0.100     8.756 r  out_q_reg[5]_i_2/CO[3]
                         net (fo=1, routed)           0.000     8.756    out_q_reg[5]_i_2_n_0
    SLICE_X36Y58         CARRY4 (Prop_carry4_CI_CO[3])
                                                      0.100     8.856 r  out_q_reg[9]_i_2/CO[3]
                         net (fo=1, routed)           0.000     8.856    out_q_reg[9]_i_2_n_0
    SLICE_X36Y59         CARRY4 (Prop_carry4_CI_CO[3])
                                                      0.100     8.956 r  out_q_reg[13]_i_2/CO[3]
                         net (fo=1, routed)           0.000     8.956    out_q_reg[13]_i_2_n_0
    SLICE_X36Y60         CARRY4 (Prop_carry4_CI_CO[3])
                                                      0.100     9.056 r  out_q_reg[15]_i_2/CO[3]
                         net (fo=1, routed)           0.000     9.056    out_q_reg[15]_i_2_n_0
    SLICE_X36Y61         CARRY4 (Prop_carry4_CI_CO[3])
                                                      0.100     9.156 r  out_q_reg[15]_i_14/CO[3]
                         net (fo=1, routed)           0.000     9.156    out_q_reg[15]_i_14_n_0
    SLICE_X36Y62         CARRY4 (Prop_carry4_CI_O[0])
                                                      0.178     9.334 f  out_q_reg[15]_i_6/O[0]
                         net (fo=4, routed)           0.501     9.835    round_q15_return0__2[37]
    SLICE_X37Y62         LUT2 (Prop_lut2_I0_O)        0.238    10.073 r  out_q[15]_i_31/O
                         net (fo=1, routed)           0.000    10.073    out_q[15]_i_31_n_0
    SLICE_X37Y62         CARRY4 (Prop_carry4_S[0]_CO[3])
                                                      0.440    10.513 r  out_q_reg[15]_i_15/CO[3]
                         net (fo=1, routed)           0.000    10.513    out_q_reg[15]_i_15_n_0
    SLICE_X37Y63         CARRY4 (Prop_carry4_CI_CO[3])
                                                      0.098    10.611 r  out_q_reg[15]_i_7/CO[3]
                         net (fo=1, routed)           0.000    10.611    out_q_reg[15]_i_7_n_0
    SLICE_X37Y64         CARRY4 (Prop_carry4_CI_CO[0])
                                                      0.216    10.827 r  out_q_reg[15]_i_4/CO[0]
                         net (fo=16, routed)          0.512    11.339    out_q_reg[15]_i_4_n_3
    SLICE_X39Y63         LUT3 (Prop_lut3_I0_O)        0.309    11.648 r  out_q[13]_i_1/O
                         net (fo=1, routed)           0.000    11.648    sat_q15_return__0[13]
    SLICE_X39Y63         FDRE                                         r  out_q_reg[13]/D
  -------------------------------------------------------------------    -------------------

                         (clock clk rise edge)       10.000    10.000 r
                                                      0.000    10.000 r  clk (IN)
                         net (fo=42, unset)           1.232    11.232    clk
    SLICE_X39Y63         FDRE                                         r  out_q_reg[13]/C
                         clock pessimism              0.126    11.358
                         clock uncertainty           -0.035    11.323
    SLICE_X39Y63         FDRE (Setup_fdre_C_D)        0.033    11.356    out_q_reg[13]
  -------------------------------------------------------------------
                         required time                         11.356
                         arrival time                         -11.648
  -------------------------------------------------------------------
                         slack                                 -0.293

Slack (VIOLATED) :        -0.260ns  (required time - arrival time)
  Source:                 phase_reg[2]_replica/C
                            (rising edge-triggered cell FDRE clocked by clk  {rise@0.000ns fall@5.000ns period=10.000ns})
  Destination:            out_q_reg[15]/D
                            (rising edge-triggered cell FDRE clocked by clk  {rise@0.000ns fall@5.000ns period=10.000ns})
  Path Group:             clk
  Path Type:              Setup (Max at Slow Process Corner)
  Requirement:            10.000ns  (clk rise@10.000ns - clk rise@0.000ns)
  Data Path Delay:        10.193ns  (logic 7.409ns (72.686%)  route 2.784ns (27.314%))
  Logic Levels:           14  (CARRY4=10 DSP48E1=2 LUT3=1 LUT4=1)
  Clock Path Skew:        -0.064ns (DCD - SCD + CPR)
    Destination Clock Delay (DCD):    1.230ns = ( 11.230 - 10.000 )
    Source Clock Delay      (SCD):    1.390ns
    Clock Pessimism Removal (CPR):    0.096ns
  Clock Uncertainty:      0.035ns  ((TSJ^2 + TIJ^2)^1/2 + DJ) / 2 + PE
    Total System Jitter     (TSJ):    0.071ns
    Total Input Jitter      (TIJ):    0.000ns
    Discrete Jitter          (DJ):    0.000ns
    Phase Error              (PE):    0.000ns

    Location             Delay type                Incr(ns)  Path(ns)    Netlist Resource(s)
  -------------------------------------------------------------------    -------------------
                         (clock clk rise edge)        0.000     0.000 r
                                                      0.000     0.000 r  clk (IN)
                         net (fo=42, unset)           1.390     1.390    clk
    SLICE_X37Y56         FDRE                                         r  phase_reg[2]_replica/C
  -------------------------------------------------------------------    -------------------
    SLICE_X37Y56         FDRE (Prop_fdre_C_Q)         0.379     1.769 r  phase_reg[2]_replica/Q
                         net (fo=11, routed)          0.579     2.348    phase_reg[2]_repN
    SLICE_X37Y56         LUT4 (Prop_lut4_I1_O)        0.105     2.453 r  round_q15_return0_i_9/O
                         net (fo=6, routed)           0.578     3.031    sin_lut[5]
    DSP48_X2Y22          DSP48E1 (Prop_dsp48e1_B[3]_PCOUT[47])
                                                      3.244     6.275 r  value0/PCOUT[47]
                         net (fo=1, routed)           0.002     6.277    value0_n_106
    DSP48_X2Y23          DSP48E1 (Prop_dsp48e1_PCIN[47]_P[16])
                                                      1.271     7.548 r  round_q15_return0__1/P[16]
                         net (fo=1, routed)           0.689     8.237    round_q15_return0__1_n_89
    SLICE_X36Y56         CARRY4 (Prop_carry4_S[3]_CO[3])
                                                      0.419     8.656 r  out_q_reg[1]_i_2/CO[3]
                         net (fo=1, routed)           0.000     8.656    out_q_reg[1]_i_2_n_0
    SLICE_X36Y57         CARRY4 (Prop_carry4_CI_CO[3])
                                                      0.100     8.756 r  out_q_reg[5]_i_2/CO[3]
                         net (fo=1, routed)           0.000     8.756    out_q_reg[5]_i_2_n_0
    SLICE_X36Y58         CARRY4 (Prop_carry4_CI_CO[3])
                                                      0.100     8.856 r  out_q_reg[9]_i_2/CO[3]
                         net (fo=1, routed)           0.000     8.856    out_q_reg[9]_i_2_n_0
    SLICE_X36Y59         CARRY4 (Prop_carry4_CI_CO[3])
                                                      0.100     8.956 r  out_q_reg[13]_i_2/CO[3]
                         net (fo=1, routed)           0.000     8.956    out_q_reg[13]_i_2_n_0
    SLICE_X36Y60         CARRY4 (Prop_carry4_CI_CO[3])
                                                      0.100     9.056 r  out_q_reg[15]_i_2/CO[3]
                         net (fo=1, routed)           0.000     9.056    out_q_reg[15]_i_2_n_0
    SLICE_X36Y61         CARRY4 (Prop_carry4_CI_CO[3])
                                                      0.100     9.156 r  out_q_reg[15]_i_14/CO[3]
                         net (fo=1, routed)           0.000     9.156    out_q_reg[15]_i_14_n_0
    SLICE_X36Y62         CARRY4 (Prop_carry4_CI_O[2])
                                                      0.199     9.355 r  out_q_reg[15]_i_6/O[2]
                         net (fo=30, routed)          0.523     9.878    round_q15_return0__2[39]
    SLICE_X38Y62         CARRY4 (Prop_carry4_S[1]_CO[3])
                                                      0.688    10.566 r  out_q_reg[15]_i_9/CO[3]
                         net (fo=1, routed)           0.000    10.566    out_q_reg[15]_i_9_n_0
    SLICE_X38Y63         CARRY4 (Prop_carry4_CI_CO[3])
                                                      0.100    10.666 r  out_q_reg[15]_i_5/CO[3]
                         net (fo=1, routed)           0.000    10.666    out_q_reg[15]_i_5_n_0
    SLICE_X38Y64         CARRY4 (Prop_carry4_CI_CO[0])
                                                      0.207    10.873 r  out_q_reg[15]_i_3/CO[0]
                         net (fo=16, routed)          0.413    11.286    out_q_reg[15]_i_3_n_3
    SLICE_X41Y64         LUT3 (Prop_lut3_I1_O)        0.297    11.583 r  out_q[15]_i_1/O
                         net (fo=1, routed)           0.000    11.583    out_q[15]_i_1_n_0
    SLICE_X41Y64         FDRE                                         r  out_q_reg[15]/D
  -------------------------------------------------------------------    -------------------

                         (clock clk rise edge)       10.000    10.000 r
                                                      0.000    10.000 r  clk (IN)
                         net (fo=42, unset)           1.230    11.230    clk
    SLICE_X41Y64         FDRE                                         r  out_q_reg[15]/C
                         clock pessimism              0.096    11.326
                         clock uncertainty           -0.035    11.291
    SLICE_X41Y64         FDRE (Setup_fdre_C_D)        0.032    11.323    out_q_reg[15]
  -------------------------------------------------------------------
                         required time                         11.323
                         arrival time                         -11.583
  -------------------------------------------------------------------
                         slack                                 -0.260

Slack (VIOLATED) :        -0.252ns  (required time - arrival time)
  Source:                 phase_reg[2]_replica/C
                            (rising edge-triggered cell FDRE clocked by clk  {rise@0.000ns fall@5.000ns period=10.000ns})
  Destination:            out_q_reg[12]/D
                            (rising edge-triggered cell FDRE clocked by clk  {rise@0.000ns fall@5.000ns period=10.000ns})
  Path Group:             clk
  Path Type:              Setup (Max at Slow Process Corner)
  Requirement:            10.000ns  (clk rise@10.000ns - clk rise@0.000ns)
  Data Path Delay:        10.212ns  (logic 7.409ns (72.550%)  route 2.803ns (27.450%))
  Logic Levels:           14  (CARRY4=10 DSP48E1=2 LUT3=1 LUT4=1)
  Clock Path Skew:        -0.034ns (DCD - SCD + CPR)
    Destination Clock Delay (DCD):    1.230ns = ( 11.230 - 10.000 )
    Source Clock Delay      (SCD):    1.390ns
    Clock Pessimism Removal (CPR):    0.126ns
  Clock Uncertainty:      0.035ns  ((TSJ^2 + TIJ^2)^1/2 + DJ) / 2 + PE
    Total System Jitter     (TSJ):    0.071ns
    Total Input Jitter      (TIJ):    0.000ns
    Discrete Jitter          (DJ):    0.000ns
    Phase Error              (PE):    0.000ns

    Location             Delay type                Incr(ns)  Path(ns)    Netlist Resource(s)
  -------------------------------------------------------------------    -------------------
                         (clock clk rise edge)        0.000     0.000 r
                                                      0.000     0.000 r  clk (IN)
                         net (fo=42, unset)           1.390     1.390    clk
    SLICE_X37Y56         FDRE                                         r  phase_reg[2]_replica/C
  -------------------------------------------------------------------    -------------------
    SLICE_X37Y56         FDRE (Prop_fdre_C_Q)         0.379     1.769 r  phase_reg[2]_replica/Q
                         net (fo=11, routed)          0.579     2.348    phase_reg[2]_repN
    SLICE_X37Y56         LUT4 (Prop_lut4_I1_O)        0.105     2.453 r  round_q15_return0_i_9/O
                         net (fo=6, routed)           0.578     3.031    sin_lut[5]
    DSP48_X2Y22          DSP48E1 (Prop_dsp48e1_B[3]_PCOUT[47])
                                                      3.244     6.275 r  value0/PCOUT[47]
                         net (fo=1, routed)           0.002     6.277    value0_n_106
    DSP48_X2Y23          DSP48E1 (Prop_dsp48e1_PCIN[47]_P[16])
                                                      1.271     7.548 r  round_q15_return0__1/P[16]
                         net (fo=1, routed)           0.689     8.237    round_q15_return0__1_n_89
    SLICE_X36Y56         CARRY4 (Prop_carry4_S[3]_CO[3])
                                                      0.419     8.656 r  out_q_reg[1]_i_2/CO[3]
                         net (fo=1, routed)           0.000     8.656    out_q_reg[1]_i_2_n_0
    SLICE_X36Y57         CARRY4 (Prop_carry4_CI_CO[3])
                                                      0.100     8.756 r  out_q_reg[5]_i_2/CO[3]
                         net (fo=1, routed)           0.000     8.756    out_q_reg[5]_i_2_n_0
    SLICE_X36Y58         CARRY4 (Prop_carry4_CI_CO[3])
                                                      0.100     8.856 r  out_q_reg[9]_i_2/CO[3]
                         net (fo=1, routed)           0.000     8.856    out_q_reg[9]_i_2_n_0
    SLICE_X36Y59         CARRY4 (Prop_carry4_CI_CO[3])
                                                      0.100     8.956 r  out_q_reg[13]_i_2/CO[3]
                         net (fo=1, routed)           0.000     8.956    out_q_reg[13]_i_2_n_0
    SLICE_X36Y60         CARRY4 (Prop_carry4_CI_CO[3])
                                                      0.100     9.056 r  out_q_reg[15]_i_2/CO[3]
                         net (fo=1, routed)           0.000     9.056    out_q_reg[15]_i_2_n_0
    SLICE_X36Y61         CARRY4 (Prop_carry4_CI_CO[3])
                                                      0.100     9.156 r  out_q_reg[15]_i_14/CO[3]
                         net (fo=1, routed)           0.000     9.156    out_q_reg[15]_i_14_n_0
    SLICE_X36Y62         CARRY4 (Prop_carry4_CI_O[2])
                                                      0.199     9.355 r  out_q_reg[15]_i_6/O[2]
                         net (fo=30, routed)          0.523     9.878    round_q15_return0__2[39]
    SLICE_X38Y62         CARRY4 (Prop_carry4_S[1]_CO[3])
                                                      0.688    10.566 r  out_q_reg[15]_i_9/CO[3]
                         net (fo=1, routed)           0.000    10.566    out_q_reg[15]_i_9_n_0
    SLICE_X38Y63         CARRY4 (Prop_carry4_CI_CO[3])
                                                      0.100    10.666 r  out_q_reg[15]_i_5/CO[3]
                         net (fo=1, routed)           0.000    10.666    out_q_reg[15]_i_5_n_0
    SLICE_X38Y64         CARRY4 (Prop_carry4_CI_CO[0])
                                                      0.207    10.873 f  out_q_reg[15]_i_3/CO[0]
                         net (fo=16, routed)          0.432    11.305    out_q_reg[15]_i_3_n_3
    SLICE_X37Y65         LUT3 (Prop_lut3_I1_O)        0.297    11.602 r  out_q[12]_i_1/O
                         net (fo=1, routed)           0.000    11.602    sat_q15_return__0[12]
    SLICE_X37Y65         FDRE                                         r  out_q_reg[12]/D
  -------------------------------------------------------------------    -------------------

                         (clock clk rise edge)       10.000    10.000 r
                                                      0.000    10.000 r  clk (IN)
                         net (fo=42, unset)           1.230    11.230    clk
    SLICE_X37Y65         FDRE                                         r  out_q_reg[12]/C
                         clock pessimism              0.126    11.356
                         clock uncertainty           -0.035    11.321
    SLICE_X37Y65         FDRE (Setup_fdre_C_D)        0.030    11.351    out_q_reg[12]
  -------------------------------------------------------------------
                         required time                         11.351
                         arrival time                         -11.602
  -------------------------------------------------------------------
                         slack                                 -0.252

Slack (VIOLATED) :        -0.247ns  (required time - arrival time)
  Source:                 phase_reg[2]_replica/C
                            (rising edge-triggered cell FDRE clocked by clk  {rise@0.000ns fall@5.000ns period=10.000ns})
  Destination:            out_q_reg[1]/D
                            (rising edge-triggered cell FDRE clocked by clk  {rise@0.000ns fall@5.000ns period=10.000ns})
  Path Group:             clk
  Path Type:              Setup (Max at Slow Process Corner)
  Requirement:            10.000ns  (clk rise@10.000ns - clk rise@0.000ns)
  Data Path Delay:        10.209ns  (logic 7.409ns (72.571%)  route 2.800ns (27.429%))
  Logic Levels:           14  (CARRY4=10 DSP48E1=2 LUT3=1 LUT4=1)
  Clock Path Skew:        -0.034ns (DCD - SCD + CPR)
    Destination Clock Delay (DCD):    1.230ns = ( 11.230 - 10.000 )
    Source Clock Delay      (SCD):    1.390ns
    Clock Pessimism Removal (CPR):    0.126ns
  Clock Uncertainty:      0.035ns  ((TSJ^2 + TIJ^2)^1/2 + DJ) / 2 + PE
    Total System Jitter     (TSJ):    0.071ns
    Total Input Jitter      (TIJ):    0.000ns
    Discrete Jitter          (DJ):    0.000ns
    Phase Error              (PE):    0.000ns

    Location             Delay type                Incr(ns)  Path(ns)    Netlist Resource(s)
  -------------------------------------------------------------------    -------------------
                         (clock clk rise edge)        0.000     0.000 r
                                                      0.000     0.000 r  clk (IN)
                         net (fo=42, unset)           1.390     1.390    clk
    SLICE_X37Y56         FDRE                                         r  phase_reg[2]_replica/C
  -------------------------------------------------------------------    -------------------
    SLICE_X37Y56         FDRE (Prop_fdre_C_Q)         0.379     1.769 r  phase_reg[2]_replica/Q
                         net (fo=11, routed)          0.579     2.348    phase_reg[2]_repN
    SLICE_X37Y56         LUT4 (Prop_lut4_I1_O)        0.105     2.453 r  round_q15_return0_i_9/O
                         net (fo=6, routed)           0.578     3.031    sin_lut[5]
    DSP48_X2Y22          DSP48E1 (Prop_dsp48e1_B[3]_PCOUT[47])
                                                      3.244     6.275 r  value0/PCOUT[47]
                         net (fo=1, routed)           0.002     6.277    value0_n_106
    DSP48_X2Y23          DSP48E1 (Prop_dsp48e1_PCIN[47]_P[16])
                                                      1.271     7.548 r  round_q15_return0__1/P[16]
                         net (fo=1, routed)           0.689     8.237    round_q15_return0__1_n_89
    SLICE_X36Y56         CARRY4 (Prop_carry4_S[3]_CO[3])
                                                      0.419     8.656 r  out_q_reg[1]_i_2/CO[3]
                         net (fo=1, routed)           0.000     8.656    out_q_reg[1]_i_2_n_0
    SLICE_X36Y57         CARRY4 (Prop_carry4_CI_CO[3])
                                                      0.100     8.756 r  out_q_reg[5]_i_2/CO[3]
                         net (fo=1, routed)           0.000     8.756    out_q_reg[5]_i_2_n_0
    SLICE_X36Y58         CARRY4 (Prop_carry4_CI_CO[3])
                                                      0.100     8.856 r  out_q_reg[9]_i_2/CO[3]
                         net (fo=1, routed)           0.000     8.856    out_q_reg[9]_i_2_n_0
    SLICE_X36Y59         CARRY4 (Prop_carry4_CI_CO[3])
                                                      0.100     8.956 r  out_q_reg[13]_i_2/CO[3]
                         net (fo=1, routed)           0.000     8.956    out_q_reg[13]_i_2_n_0
    SLICE_X36Y60         CARRY4 (Prop_carry4_CI_CO[3])
                                                      0.100     9.056 r  out_q_reg[15]_i_2/CO[3]
                         net (fo=1, routed)           0.000     9.056    out_q_reg[15]_i_2_n_0
    SLICE_X36Y61         CARRY4 (Prop_carry4_CI_CO[3])
                                                      0.100     9.156 r  out_q_reg[15]_i_14/CO[3]
                         net (fo=1, routed)           0.000     9.156    out_q_reg[15]_i_14_n_0
    SLICE_X36Y62         CARRY4 (Prop_carry4_CI_O[2])
                                                      0.199     9.355 r  out_q_reg[15]_i_6/O[2]
                         net (fo=30, routed)          0.523     9.878    round_q15_return0__2[39]
    SLICE_X38Y62         CARRY4 (Prop_carry4_S[1]_CO[3])
                                                      0.688    10.566 r  out_q_reg[15]_i_9/CO[3]
                         net (fo=1, routed)           0.000    10.566    out_q_reg[15]_i_9_n_0
    SLICE_X38Y63         CARRY4 (Prop_carry4_CI_CO[3])
                                                      0.100    10.666 r  out_q_reg[15]_i_5/CO[3]
                         net (fo=1, routed)           0.000    10.666    out_q_reg[15]_i_5_n_0
    SLICE_X38Y64         CARRY4 (Prop_carry4_CI_CO[0])
                                                      0.207    10.873 f  out_q_reg[15]_i_3/CO[0]
                         net (fo=16, routed)          0.429    11.302    out_q_reg[15]_i_3_n_3
    SLICE_X37Y65         LUT3 (Prop_lut3_I1_O)        0.297    11.599 r  out_q[1]_i_1/O
                         net (fo=1, routed)           0.000    11.599    sat_q15_return__0[1]
    SLICE_X37Y65         FDRE                                         r  out_q_reg[1]/D
  -------------------------------------------------------------------    -------------------

                         (clock clk rise edge)       10.000    10.000 r
                                                      0.000    10.000 r  clk (IN)
                         net (fo=42, unset)           1.230    11.230    clk
    SLICE_X37Y65         FDRE                                         r  out_q_reg[1]/C
                         clock pessimism              0.126    11.356
                         clock uncertainty           -0.035    11.321
    SLICE_X37Y65         FDRE (Setup_fdre_C_D)        0.032    11.353    out_q_reg[1]
  -------------------------------------------------------------------
                         required time                         11.353
                         arrival time                         -11.599
  -------------------------------------------------------------------
                         slack                                 -0.247

Slack (VIOLATED) :        -0.220ns  (required time - arrival time)
  Source:                 phase_reg[2]_replica/C
                            (rising edge-triggered cell FDRE clocked by clk  {rise@0.000ns fall@5.000ns period=10.000ns})
  Destination:            out_q_reg[7]/D
                            (rising edge-triggered cell FDRE clocked by clk  {rise@0.000ns fall@5.000ns period=10.000ns})
  Path Group:             clk
  Path Type:              Setup (Max at Slow Process Corner)
  Requirement:            10.000ns  (clk rise@10.000ns - clk rise@0.000ns)
  Data Path Delay:        10.226ns  (logic 7.409ns (72.451%)  route 2.817ns (27.549%))
  Logic Levels:           14  (CARRY4=10 DSP48E1=2 LUT3=1 LUT4=1)
  Clock Path Skew:        -0.032ns (DCD - SCD + CPR)
    Destination Clock Delay (DCD):    1.232ns = ( 11.232 - 10.000 )
    Source Clock Delay      (SCD):    1.390ns
    Clock Pessimism Removal (CPR):    0.126ns
  Clock Uncertainty:      0.035ns  ((TSJ^2 + TIJ^2)^1/2 + DJ) / 2 + PE
    Total System Jitter     (TSJ):    0.071ns
    Total Input Jitter      (TIJ):    0.000ns
    Discrete Jitter          (DJ):    0.000ns
    Phase Error              (PE):    0.000ns

    Location             Delay type                Incr(ns)  Path(ns)    Netlist Resource(s)
  -------------------------------------------------------------------    -------------------
                         (clock clk rise edge)        0.000     0.000 r
                                                      0.000     0.000 r  clk (IN)
                         net (fo=42, unset)           1.390     1.390    clk
    SLICE_X37Y56         FDRE                                         r  phase_reg[2]_replica/C
  -------------------------------------------------------------------    -------------------
    SLICE_X37Y56         FDRE (Prop_fdre_C_Q)         0.379     1.769 r  phase_reg[2]_replica/Q
                         net (fo=11, routed)          0.579     2.348    phase_reg[2]_repN
    SLICE_X37Y56         LUT4 (Prop_lut4_I1_O)        0.105     2.453 r  round_q15_return0_i_9/O
                         net (fo=6, routed)           0.578     3.031    sin_lut[5]
    DSP48_X2Y22          DSP48E1 (Prop_dsp48e1_B[3]_PCOUT[47])
                                                      3.244     6.275 r  value0/PCOUT[47]
                         net (fo=1, routed)           0.002     6.277    value0_n_106
    DSP48_X2Y23          DSP48E1 (Prop_dsp48e1_PCIN[47]_P[16])
                                                      1.271     7.548 r  round_q15_return0__1/P[16]
                         net (fo=1, routed)           0.689     8.237    round_q15_return0__1_n_89
    SLICE_X36Y56         CARRY4 (Prop_carry4_S[3]_CO[3])
                                                      0.419     8.656 r  out_q_reg[1]_i_2/CO[3]
                         net (fo=1, routed)           0.000     8.656    out_q_reg[1]_i_2_n_0
    SLICE_X36Y57         CARRY4 (Prop_carry4_CI_CO[3])
                                                      0.100     8.756 r  out_q_reg[5]_i_2/CO[3]
                         net (fo=1, routed)           0.000     8.756    out_q_reg[5]_i_2_n_0
    SLICE_X36Y58         CARRY4 (Prop_carry4_CI_CO[3])
                                                      0.100     8.856 r  out_q_reg[9]_i_2/CO[3]
                         net (fo=1, routed)           0.000     8.856    out_q_reg[9]_i_2_n_0
    SLICE_X36Y59         CARRY4 (Prop_carry4_CI_CO[3])
                                                      0.100     8.956 r  out_q_reg[13]_i_2/CO[3]
                         net (fo=1, routed)           0.000     8.956    out_q_reg[13]_i_2_n_0
    SLICE_X36Y60         CARRY4 (Prop_carry4_CI_CO[3])
                                                      0.100     9.056 r  out_q_reg[15]_i_2/CO[3]
                         net (fo=1, routed)           0.000     9.056    out_q_reg[15]_i_2_n_0
    SLICE_X36Y61         CARRY4 (Prop_carry4_CI_CO[3])
                                                      0.100     9.156 r  out_q_reg[15]_i_14/CO[3]
                         net (fo=1, routed)           0.000     9.156    out_q_reg[15]_i_14_n_0
    SLICE_X36Y62         CARRY4 (Prop_carry4_CI_O[2])
                                                      0.199     9.355 r  out_q_reg[15]_i_6/O[2]
                         net (fo=30, routed)          0.523     9.878    round_q15_return0__2[39]
    SLICE_X38Y62         CARRY4 (Prop_carry4_S[1]_CO[3])
                                                      0.688    10.566 r  out_q_reg[15]_i_9/CO[3]
                         net (fo=1, routed)           0.000    10.566    out_q_reg[15]_i_9_n_0
    SLICE_X38Y63         CARRY4 (Prop_carry4_CI_CO[3])
                                                      0.100    10.666 r  out_q_reg[15]_i_5/CO[3]
                         net (fo=1, routed)           0.000    10.666    out_q_reg[15]_i_5_n_0
    SLICE_X38Y64         CARRY4 (Prop_carry4_CI_CO[0])
                                                      0.207    10.873 f  out_q_reg[15]_i_3/CO[0]
                         net (fo=16, routed)          0.446    11.319    out_q_reg[15]_i_3_n_3
    SLICE_X36Y63         LUT3 (Prop_lut3_I1_O)        0.297    11.616 r  out_q[7]_i_1/O
                         net (fo=1, routed)           0.000    11.616    sat_q15_return__0[7]
    SLICE_X36Y63         FDRE                                         r  out_q_reg[7]/D
  -------------------------------------------------------------------    -------------------

                         (clock clk rise edge)       10.000    10.000 r
                                                      0.000    10.000 r  clk (IN)
                         net (fo=42, unset)           1.232    11.232    clk
    SLICE_X36Y63         FDRE                                         r  out_q_reg[7]/C
                         clock pessimism              0.126    11.358
                         clock uncertainty           -0.035    11.323
    SLICE_X36Y63         FDRE (Setup_fdre_C_D)        0.074    11.397    out_q_reg[7]
  -------------------------------------------------------------------
                         required time                         11.397
                         arrival time                         -11.616
  -------------------------------------------------------------------
                         slack                                 -0.220

Slack (VIOLATED) :        -0.212ns  (required time - arrival time)
  Source:                 phase_reg[2]_replica/C
                            (rising edge-triggered cell FDRE clocked by clk  {rise@0.000ns fall@5.000ns period=10.000ns})
  Destination:            out_q_reg[11]/D
                            (rising edge-triggered cell FDRE clocked by clk  {rise@0.000ns fall@5.000ns period=10.000ns})
  Path Group:             clk
  Path Type:              Setup (Max at Slow Process Corner)
  Requirement:            10.000ns  (clk rise@10.000ns - clk rise@0.000ns)
  Data Path Delay:        10.218ns  (logic 7.409ns (72.507%)  route 2.809ns (27.493%))
  Logic Levels:           14  (CARRY4=10 DSP48E1=2 LUT3=1 LUT4=1)
  Clock Path Skew:        -0.032ns (DCD - SCD + CPR)
    Destination Clock Delay (DCD):    1.232ns = ( 11.232 - 10.000 )
    Source Clock Delay      (SCD):    1.390ns
    Clock Pessimism Removal (CPR):    0.126ns
  Clock Uncertainty:      0.035ns  ((TSJ^2 + TIJ^2)^1/2 + DJ) / 2 + PE
    Total System Jitter     (TSJ):    0.071ns
    Total Input Jitter      (TIJ):    0.000ns
    Discrete Jitter          (DJ):    0.000ns
    Phase Error              (PE):    0.000ns

    Location             Delay type                Incr(ns)  Path(ns)    Netlist Resource(s)
  -------------------------------------------------------------------    -------------------
                         (clock clk rise edge)        0.000     0.000 r
                                                      0.000     0.000 r  clk (IN)
                         net (fo=42, unset)           1.390     1.390    clk
    SLICE_X37Y56         FDRE                                         r  phase_reg[2]_replica/C
  -------------------------------------------------------------------    -------------------
    SLICE_X37Y56         FDRE (Prop_fdre_C_Q)         0.379     1.769 r  phase_reg[2]_replica/Q
                         net (fo=11, routed)          0.579     2.348    phase_reg[2]_repN
    SLICE_X37Y56         LUT4 (Prop_lut4_I1_O)        0.105     2.453 r  round_q15_return0_i_9/O
                         net (fo=6, routed)           0.578     3.031    sin_lut[5]
    DSP48_X2Y22          DSP48E1 (Prop_dsp48e1_B[3]_PCOUT[47])
                                                      3.244     6.275 r  value0/PCOUT[47]
                         net (fo=1, routed)           0.002     6.277    value0_n_106
    DSP48_X2Y23          DSP48E1 (Prop_dsp48e1_PCIN[47]_P[16])
                                                      1.271     7.548 r  round_q15_return0__1/P[16]
                         net (fo=1, routed)           0.689     8.237    round_q15_return0__1_n_89
    SLICE_X36Y56         CARRY4 (Prop_carry4_S[3]_CO[3])
                                                      0.419     8.656 r  out_q_reg[1]_i_2/CO[3]
                         net (fo=1, routed)           0.000     8.656    out_q_reg[1]_i_2_n_0
    SLICE_X36Y57         CARRY4 (Prop_carry4_CI_CO[3])
                                                      0.100     8.756 r  out_q_reg[5]_i_2/CO[3]
                         net (fo=1, routed)           0.000     8.756    out_q_reg[5]_i_2_n_0
    SLICE_X36Y58         CARRY4 (Prop_carry4_CI_CO[3])
                                                      0.100     8.856 r  out_q_reg[9]_i_2/CO[3]
                         net (fo=1, routed)           0.000     8.856    out_q_reg[9]_i_2_n_0
    SLICE_X36Y59         CARRY4 (Prop_carry4_CI_CO[3])
                                                      0.100     8.956 r  out_q_reg[13]_i_2/CO[3]
                         net (fo=1, routed)           0.000     8.956    out_q_reg[13]_i_2_n_0
    SLICE_X36Y60         CARRY4 (Prop_carry4_CI_CO[3])
                                                      0.100     9.056 r  out_q_reg[15]_i_2/CO[3]
                         net (fo=1, routed)           0.000     9.056    out_q_reg[15]_i_2_n_0
    SLICE_X36Y61         CARRY4 (Prop_carry4_CI_CO[3])
                                                      0.100     9.156 r  out_q_reg[15]_i_14/CO[3]
                         net (fo=1, routed)           0.000     9.156    out_q_reg[15]_i_14_n_0
    SLICE_X36Y62         CARRY4 (Prop_carry4_CI_O[2])
                                                      0.199     9.355 r  out_q_reg[15]_i_6/O[2]
                         net (fo=30, routed)          0.523     9.878    round_q15_return0__2[39]
    SLICE_X38Y62         CARRY4 (Prop_carry4_S[1]_CO[3])
                                                      0.688    10.566 r  out_q_reg[15]_i_9/CO[3]
                         net (fo=1, routed)           0.000    10.566    out_q_reg[15]_i_9_n_0
    SLICE_X38Y63         CARRY4 (Prop_carry4_CI_CO[3])
                                                      0.100    10.666 r  out_q_reg[15]_i_5/CO[3]
                         net (fo=1, routed)           0.000    10.666    out_q_reg[15]_i_5_n_0
    SLICE_X38Y64         CARRY4 (Prop_carry4_CI_CO[0])
                                                      0.207    10.873 f  out_q_reg[15]_i_3/CO[0]
                         net (fo=16, routed)          0.438    11.311    out_q_reg[15]_i_3_n_3
    SLICE_X36Y63         LUT3 (Prop_lut3_I1_O)        0.297    11.608 r  out_q[11]_i_1/O
                         net (fo=1, routed)           0.000    11.608    sat_q15_return__0[11]
    SLICE_X36Y63         FDRE                                         r  out_q_reg[11]/D
  -------------------------------------------------------------------    -------------------

                         (clock clk rise edge)       10.000    10.000 r
                                                      0.000    10.000 r  clk (IN)
                         net (fo=42, unset)           1.232    11.232    clk
    SLICE_X36Y63         FDRE                                         r  out_q_reg[11]/C
                         clock pessimism              0.126    11.358
                         clock uncertainty           -0.035    11.323
    SLICE_X36Y63         FDRE (Setup_fdre_C_D)        0.074    11.397    out_q_reg[11]
  -------------------------------------------------------------------
                         required time                         11.397
                         arrival time                         -11.608
  -------------------------------------------------------------------
                         slack                                 -0.212

Slack (VIOLATED) :        -0.194ns  (required time - arrival time)
  Source:                 phase_reg[2]_replica/C
                            (rising edge-triggered cell FDRE clocked by clk  {rise@0.000ns fall@5.000ns period=10.000ns})
  Destination:            out_q_reg[4]/D
                            (rising edge-triggered cell FDRE clocked by clk  {rise@0.000ns fall@5.000ns period=10.000ns})
  Path Group:             clk
  Path Type:              Setup (Max at Slow Process Corner)
  Requirement:            10.000ns  (clk rise@10.000ns - clk rise@0.000ns)
  Data Path Delay:        10.200ns  (logic 7.397ns (72.521%)  route 2.803ns (27.479%))
  Logic Levels:           15  (CARRY4=10 DSP48E1=2 LUT2=1 LUT3=1 LUT4=1)
  Clock Path Skew:        -0.033ns (DCD - SCD + CPR)
    Destination Clock Delay (DCD):    1.231ns = ( 11.231 - 10.000 )
    Source Clock Delay      (SCD):    1.390ns
    Clock Pessimism Removal (CPR):    0.126ns
  Clock Uncertainty:      0.035ns  ((TSJ^2 + TIJ^2)^1/2 + DJ) / 2 + PE
    Total System Jitter     (TSJ):    0.071ns
    Total Input Jitter      (TIJ):    0.000ns
    Discrete Jitter          (DJ):    0.000ns
    Phase Error              (PE):    0.000ns

    Location             Delay type                Incr(ns)  Path(ns)    Netlist Resource(s)
  -------------------------------------------------------------------    -------------------
                         (clock clk rise edge)        0.000     0.000 r
                                                      0.000     0.000 r  clk (IN)
                         net (fo=42, unset)           1.390     1.390    clk
    SLICE_X37Y56         FDRE                                         r  phase_reg[2]_replica/C
  -------------------------------------------------------------------    -------------------
    SLICE_X37Y56         FDRE (Prop_fdre_C_Q)         0.379     1.769 r  phase_reg[2]_replica/Q
                         net (fo=11, routed)          0.579     2.348    phase_reg[2]_repN
    SLICE_X37Y56         LUT4 (Prop_lut4_I1_O)        0.105     2.453 r  round_q15_return0_i_9/O
                         net (fo=6, routed)           0.578     3.031    sin_lut[5]
    DSP48_X2Y22          DSP48E1 (Prop_dsp48e1_B[3]_PCOUT[47])
                                                      3.244     6.275 r  value0/PCOUT[47]
                         net (fo=1, routed)           0.002     6.277    value0_n_106
    DSP48_X2Y23          DSP48E1 (Prop_dsp48e1_PCIN[47]_P[16])
                                                      1.271     7.548 r  round_q15_return0__1/P[16]
                         net (fo=1, routed)           0.689     8.237    round_q15_return0__1_n_89
    SLICE_X36Y56         CARRY4 (Prop_carry4_S[3]_CO[3])
                                                      0.419     8.656 r  out_q_reg[1]_i_2/CO[3]
                         net (fo=1, routed)           0.000     8.656    out_q_reg[1]_i_2_n_0
    SLICE_X36Y57         CARRY4 (Prop_carry4_CI_CO[3])
                                                      0.100     8.756 r  out_q_reg[5]_i_2/CO[3]
                         net (fo=1, routed)           0.000     8.756    out_q_reg[5]_i_2_n_0
    SLICE_X36Y58         CARRY4 (Prop_carry4_CI_CO[3])
                                                      0.100     8.856 r  out_q_reg[9]_i_2/CO[3]
                         net (fo=1, routed)           0.000     8.856    out_q_reg[9]_i_2_n_0
    SLICE_X36Y59         CARRY4 (Prop_carry4_CI_CO[3])
                                                      0.100     8.956 r  out_q_reg[13]_i_2/CO[3]
                         net (fo=1, routed)           0.000     8.956    out_q_reg[13]_i_2_n_0
    SLICE_X36Y60         CARRY4 (Prop_carry4_CI_CO[3])
                                                      0.100     9.056 r  out_q_reg[15]_i_2/CO[3]
                         net (fo=1, routed)           0.000     9.056    out_q_reg[15]_i_2_n_0
    SLICE_X36Y61         CARRY4 (Prop_carry4_CI_CO[3])
                                                      0.100     9.156 r  out_q_reg[15]_i_14/CO[3]
                         net (fo=1, routed)           0.000     9.156    out_q_reg[15]_i_14_n_0
    SLICE_X36Y62         CARRY4 (Prop_carry4_CI_O[0])
                                                      0.178     9.334 f  out_q_reg[15]_i_6/O[0]
                         net (fo=4, routed)           0.501     9.835    round_q15_return0__2[37]
    SLICE_X37Y62         LUT2 (Prop_lut2_I0_O)        0.238    10.073 r  out_q[15]_i_31/O
                         net (fo=1, routed)           0.000    10.073    out_q[15]_i_31_n_0
    SLICE_X37Y62         CARRY4 (Prop_carry4_S[0]_CO[3])
                                                      0.440    10.513 r  out_q_reg[15]_i_15/CO[3]
                         net (fo=1, routed)           0.000    10.513    out_q_reg[15]_i_15_n_0
    SLICE_X37Y63         CARRY4 (Prop_carry4_CI_CO[3])
                                                      0.098    10.611 r  out_q_reg[15]_i_7/CO[3]
                         net (fo=1, routed)           0.000    10.611    out_q_reg[15]_i_7_n_0
    SLICE_X37Y64         CARRY4 (Prop_carry4_CI_CO[0])
                                                      0.216    10.827 r  out_q_reg[15]_i_4/CO[0]
                         net (fo=16, routed)          0.454    11.281    out_q_reg[15]_i_4_n_3
    SLICE_X36Y64         LUT3 (Prop_lut3_I0_O)        0.309    11.590 r  out_q[4]_i_1/O
                         net (fo=1, routed)           0.000    11.590    sat_q15_return__0[4]
    SLICE_X36Y64         FDRE                                         r  out_q_reg[4]/D
  -------------------------------------------------------------------    -------------------

                         (clock clk rise edge)       10.000    10.000 r
                                                      0.000    10.000 r  clk (IN)
                         net (fo=42, unset)           1.231    11.231    clk
    SLICE_X36Y64         FDRE                                         r  out_q_reg[4]/C
                         clock pessimism              0.126    11.357
                         clock uncertainty           -0.035    11.322
    SLICE_X36Y64         FDRE (Setup_fdre_C_D)        0.074    11.396    out_q_reg[4]
  -------------------------------------------------------------------
                         required time                         11.396
                         arrival time                         -11.590
  -------------------------------------------------------------------
                         slack                                 -0.194





Pulse Width Checks
--------------------------------------------------------------------------------------
Clock Name:         clk
Waveform(ns):       { 0.000 5.000 }
Period(ns):         10.000
Sources:            { clk }

Check Type        Corner  Lib Pin  Reference Pin  Required(ns)  Actual(ns)  Slack(ns)  Location      Pin
Min Period        n/a     FDRE/C   n/a            1.000         10.000      9.000      SLICE_X35Y63  out_i_reg[0]/C
Min Period        n/a     FDRE/C   n/a            1.000         10.000      9.000      SLICE_X35Y61  out_i_reg[10]/C
Min Period        n/a     FDRE/C   n/a            1.000         10.000      9.000      SLICE_X35Y61  out_i_reg[11]/C
Min Period        n/a     FDRE/C   n/a            1.000         10.000      9.000      SLICE_X35Y61  out_i_reg[12]/C
Min Period        n/a     FDRE/C   n/a            1.000         10.000      9.000      SLICE_X35Y62  out_i_reg[13]/C
Min Period        n/a     FDRE/C   n/a            1.000         10.000      9.000      SLICE_X33Y63  out_i_reg[14]/C
Min Period        n/a     FDRE/C   n/a            1.000         10.000      9.000      SLICE_X33Y63  out_i_reg[15]/C
Min Period        n/a     FDRE/C   n/a            1.000         10.000      9.000      SLICE_X35Y64  out_i_reg[1]/C
Min Period        n/a     FDRE/C   n/a            1.000         10.000      9.000      SLICE_X35Y64  out_i_reg[2]/C
Min Period        n/a     FDRE/C   n/a            1.000         10.000      9.000      SLICE_X35Y64  out_i_reg[3]/C
Low Pulse Width   Slow    FDRE/C   n/a            0.500         5.000       4.500      SLICE_X35Y63  out_i_reg[0]/C
Low Pulse Width   Fast    FDRE/C   n/a            0.500         5.000       4.500      SLICE_X35Y63  out_i_reg[0]/C
Low Pulse Width   Slow    FDRE/C   n/a            0.500         5.000       4.500      SLICE_X35Y61  out_i_reg[10]/C
Low Pulse Width   Fast    FDRE/C   n/a            0.500         5.000       4.500      SLICE_X35Y61  out_i_reg[10]/C
Low Pulse Width   Slow    FDRE/C   n/a            0.500         5.000       4.500      SLICE_X35Y61  out_i_reg[11]/C
Low Pulse Width   Fast    FDRE/C   n/a            0.500         5.000       4.500      SLICE_X35Y61  out_i_reg[11]/C
Low Pulse Width   Slow    FDRE/C   n/a            0.500         5.000       4.500      SLICE_X35Y61  out_i_reg[12]/C
Low Pulse Width   Fast    FDRE/C   n/a            0.500         5.000       4.500      SLICE_X35Y61  out_i_reg[12]/C
Low Pulse Width   Slow    FDRE/C   n/a            0.500         5.000       4.500      SLICE_X35Y62  out_i_reg[13]/C
Low Pulse Width   Fast    FDRE/C   n/a            0.500         5.000       4.500      SLICE_X35Y62  out_i_reg[13]/C
High Pulse Width  Slow    FDRE/C   n/a            0.500         5.000       4.500      SLICE_X35Y63  out_i_reg[0]/C
High Pulse Width  Fast    FDRE/C   n/a            0.500         5.000       4.500      SLICE_X35Y63  out_i_reg[0]/C
High Pulse Width  Slow    FDRE/C   n/a            0.500         5.000       4.500      SLICE_X35Y61  out_i_reg[10]/C
High Pulse Width  Fast    FDRE/C   n/a            0.500         5.000       4.500      SLICE_X35Y61  out_i_reg[10]/C
High Pulse Width  Slow    FDRE/C   n/a            0.500         5.000       4.500      SLICE_X35Y61  out_i_reg[11]/C
High Pulse Width  Fast    FDRE/C   n/a            0.500         5.000       4.500      SLICE_X35Y61  out_i_reg[11]/C
High Pulse Width  Slow    FDRE/C   n/a            0.500         5.000       4.500      SLICE_X35Y61  out_i_reg[12]/C
High Pulse Width  Fast    FDRE/C   n/a            0.500         5.000       4.500      SLICE_X35Y61  out_i_reg[12]/C
High Pulse Width  Slow    FDRE/C   n/a            0.500         5.000       4.500      SLICE_X35Y62  out_i_reg[13]/C
High Pulse Width  Fast    FDRE/C   n/a            0.500         5.000       4.500      SLICE_X35Y62  out_i_reg[13]/C
