Copyright 1986-2021 Xilinx, Inc. All Rights Reserved.
-----------------------------------------------------------------------------------------------------------------------------------------------------------------------------------------------
| Tool Version : Vivado v.2021.1 (win64) Build 3247384 Thu Jun 10 19:36:33 MDT 2021
| Date         : normalized
| Host         : normalized
| Command      : report_timing_summary -delay_type max -max_paths 10 -file <output_dir>/ofdm_tx_cp16_path_post_route_timing_summary.rpt
| Design       : ofdm_tx_cp16_path
| Device       : 7z020-clg400
| Speed File   : -2  PRODUCTION 1.12 2019-11-22
-----------------------------------------------------------------------------------------------------------------------------------------------------------------------------------------------

Timing Summary Report

------------------------------------------------------------------------------------------------
| Timer Settings
| --------------
------------------------------------------------------------------------------------------------

  Enable Multi Corner Analysis               :  Yes
  Enable Pessimism Removal                   :  Yes
  Pessimism Removal Resolution               :  Nearest Common Node
  Enable Input Delay Default Clock           :  No
  Enable Preset / Clear Arcs                 :  No
  Disable Flight Delays                      :  No
  Ignore I/O Paths                           :  No
  Timing Early Launch at Borrowing Latches   :  No
  Borrow Time for Max Delay Exceptions       :  Yes
  Merge Timing Exceptions                    :  Yes

  Corner  Analyze    Analyze
  Name    Max Paths  Min Paths
  ------  ---------  ---------
  Slow    Yes        Yes
  Fast    Yes        Yes


------------------------------------------------------------------------------------------------
| Report Methodology
| ------------------
------------------------------------------------------------------------------------------------

No report available as report_methodology has not been run prior. Run report_methodology on the current design for the summary of methodology violations.



check_timing report

Table of Contents
-----------------
1. checking no_clock (0)
2. checking constant_clock (0)
3. checking pulse_width_clock (0)
4. checking unconstrained_internal_endpoints (0)
5. checking no_input_delay (0)
6. checking no_output_delay (0)
7. checking multiple_clock (0)
8. checking generated_clocks (0)
9. checking loops (0)
10. checking partial_input_delay (0)
11. checking partial_output_delay (0)
12. checking latch_loops (0)

1. checking no_clock (0)
------------------------
 There are 0 register/latch pins with no clock.


2. checking constant_clock (0)
------------------------------
 There are 0 register/latch pins with constant_clock.


3. checking pulse_width_clock (0)
---------------------------------
 There are 0 register/latch pins which need pulse_width check


4. checking unconstrained_internal_endpoints (0)
------------------------------------------------
 There are 0 pins that are not constrained for maximum delay.

 There are 0 pins that are not constrained for maximum delay due to constant clock.


5. checking no_input_delay (0)
------------------------------
 There are 0 input ports with no input delay specified.

 There are 0 input ports with no input delay but user has a false path constraint.


6. checking no_output_delay (0)
-------------------------------
 There are 0 ports with no output delay specified.

 There are 0 ports with no output delay but user has a false path constraint

 There are 0 ports with no output delay but with a timing clock defined on it or propagating through it


7. checking multiple_clock (0)
------------------------------
 There are 0 register/latch pins with multiple clocks.


8. checking generated_clocks (0)
--------------------------------
 There are 0 generated clocks that are not connected to a clock source.


9. checking loops (0)
---------------------
 There are 0 combinational loops in the design.


10. checking partial_input_delay (0)
------------------------------------
 There are 0 input ports with partial input delay specified.


11. checking partial_output_delay (0)
-------------------------------------
 There are 0 ports with partial output delay specified.


12. checking latch_loops (0)
----------------------------
 There are 0 combinational latch loops in the design through latch input



------------------------------------------------------------------------------------------------
| Design Timing Summary
| ---------------------
------------------------------------------------------------------------------------------------

    WNS(ns)      TNS(ns)  TNS Failing Endpoints  TNS Total Endpoints     WPWS(ns)     TPWS(ns)  TPWS Failing Endpoints  TPWS Total Endpoints
    -------      -------  ---------------------  -------------------     --------     --------  ----------------------  --------------------
      1.335        0.000                      0                 6061        3.870        0.000                       0                  2517


All user specified timing constraints are met.


------------------------------------------------------------------------------------------------
| Clock Summary
| -------------
------------------------------------------------------------------------------------------------

Clock  Waveform(ns)       Period(ns)      Frequency(MHz)
-----  ------------       ----------      --------------
clk    {0.000 5.000}      10.000          100.000


------------------------------------------------------------------------------------------------
| Intra Clock Table
| -----------------
------------------------------------------------------------------------------------------------

Clock             WNS(ns)      TNS(ns)  TNS Failing Endpoints  TNS Total Endpoints     WPWS(ns)     TPWS(ns)  TPWS Failing Endpoints  TPWS Total Endpoints
-----             -------      -------  ---------------------  -------------------     --------     --------  ----------------------  --------------------
clk                 1.335        0.000                      0                 6061        3.870        0.000                       0                  2517


------------------------------------------------------------------------------------------------
| Inter Clock Table
| -----------------
------------------------------------------------------------------------------------------------

From Clock    To Clock          WNS(ns)      TNS(ns)  TNS Failing Endpoints  TNS Total Endpoints
----------    --------          -------      -------  ---------------------  -------------------


------------------------------------------------------------------------------------------------
| Other Path Groups Table
| -----------------------
------------------------------------------------------------------------------------------------

Path Group    From Clock    To Clock          WNS(ns)      TNS(ns)  TNS Failing Endpoints  TNS Total Endpoints
----------    ----------    --------          -------      -------  ---------------------  -------------------


------------------------------------------------------------------------------------------------
| Timing Details
| --------------
------------------------------------------------------------------------------------------------


---------------------------------------------------------------------------------------------------
From Clock:  clk
  To Clock:  clk

Setup :            0  Failing Endpoints,  Worst Slack        1.335ns,  Total Violation        0.000ns
Hold  :           NA  Failing Endpoints,  Worst Slack           NA  ,  Total Violation           NA
PW    :            0  Failing Endpoints,  Worst Slack        3.870ns,  Total Violation        0.000ns
---------------------------------------------------------------------------------------------------


Max Delay Paths
--------------------------------------------------------------------------------------
Slack (MET) :             1.335ns  (required time - arrival time)
  Source:                 tx_core/ifft/stage_reg[0]/C
                            (rising edge-triggered cell FDRE clocked by clk  {rise@0.000ns fall@5.000ns period=10.000ns})
  Destination:            tx_core/ifft/butterfly/g_pipelined.s1_ri_reg/A[9]
                            (rising edge-triggered cell DSP48E1 clocked by clk  {rise@0.000ns fall@5.000ns period=10.000ns})
  Path Group:             clk
  Path Type:              Setup (Max at Slow Process Corner)
  Requirement:            10.000ns  (clk rise@10.000ns - clk rise@0.000ns)
  Data Path Delay:        8.232ns  (logic 0.799ns (9.706%)  route 7.433ns (90.294%))
  Logic Levels:           4  (LUT4=1 LUT6=3)
  Clock Path Skew:        -0.100ns (DCD - SCD + CPR)
    Destination Clock Delay (DCD):    1.335ns = ( 11.335 - 10.000 )
    Source Clock Delay      (SCD):    1.447ns
    Clock Pessimism Removal (CPR):    0.012ns
  Clock Uncertainty:      0.035ns  ((TSJ^2 + TIJ^2)^1/2 + DJ) / 2 + PE
    Total System Jitter     (TSJ):    0.071ns
    Total Input Jitter      (TIJ):    0.000ns
    Discrete Jitter          (DJ):    0.000ns
    Phase Error              (PE):    0.000ns

    Location             Delay type                Incr(ns)  Path(ns)    Netlist Resource(s)
  -------------------------------------------------------------------    -------------------
                         (clock clk rise edge)        0.000     0.000 r
                                                      0.000     0.000 r  clk (IN)
                         net (fo=2516, unset)         1.447     1.447    tx_core/ifft/clk
    SLICE_X60Y28         FDRE                                         r  tx_core/ifft/stage_reg[0]/C
  -------------------------------------------------------------------    -------------------
    SLICE_X60Y28         FDRE (Prop_fdre_C_Q)         0.379     1.826 r  tx_core/ifft/stage_reg[0]/Q
                         net (fo=45, routed)          1.521     3.347    tx_core/ifft/butterfly/p_0_in[0]
    SLICE_X42Y12         LUT4 (Prop_lut4_I2_O)        0.105     3.452 r  tx_core/ifft/butterfly/wb_index1_reg[2][4]_srl3_i_4/O
                         net (fo=2, routed)           0.793     4.245    tx_core/ifft/butterfly/wb_index1_reg[2][4]_srl3_i_4_n_0
    SLICE_X42Y12         LUT6 (Prop_lut6_I1_O)        0.105     4.350 r  tx_core/ifft/butterfly/wb_index1_reg[2][2]_srl3_i_2/O
                         net (fo=193, routed)         2.426     6.776    tx_core/ifft/butterfly/butterfly_index1[2]
    SLICE_X86Y50         LUT6 (Prop_lut6_I3_O)        0.105     6.881 r  tx_core/ifft/butterfly/g_pipelined.s1_rr_reg_i_44/O
                         net (fo=1, routed)           0.836     7.717    tx_core/ifft/butterfly/g_pipelined.s1_rr_reg_i_44_n_0
    SLICE_X76Y39         LUT6 (Prop_lut6_I5_O)        0.105     7.822 r  tx_core/ifft/butterfly/g_pipelined.s1_rr_reg_i_7/O
                         net (fo=2, routed)           1.857     9.679    tx_core/ifft/butterfly/g_pipelined.s1_rr_reg_i_7_n_0
    DSP48_X2Y0           DSP48E1                                      r  tx_core/ifft/butterfly/g_pipelined.s1_ri_reg/A[9]
  -------------------------------------------------------------------    -------------------

                         (clock clk rise edge)       10.000    10.000 r
                                                      0.000    10.000 r  clk (IN)
                         net (fo=2516, unset)         1.335    11.335    tx_core/ifft/butterfly/clk
    DSP48_X2Y0           DSP48E1                                      r  tx_core/ifft/butterfly/g_pipelined.s1_ri_reg/CLK
                         clock pessimism              0.012    11.347
                         clock uncertainty           -0.035    11.311
    DSP48_X2Y0           DSP48E1 (Setup_dsp48e1_CLK_A[9])
                                                     -0.297    11.014    tx_core/ifft/butterfly/g_pipelined.s1_ri_reg
  -------------------------------------------------------------------
                         required time                         11.014
                         arrival time                          -9.679
  -------------------------------------------------------------------
                         slack                                  1.335

Slack (MET) :             1.376ns  (required time - arrival time)
  Source:                 tx_core/ifft/stage_reg[0]/C
                            (rising edge-triggered cell FDRE clocked by clk  {rise@0.000ns fall@5.000ns period=10.000ns})
  Destination:            tx_core/ifft/butterfly/g_pipelined.s1_ri_reg/A[10]
                            (rising edge-triggered cell DSP48E1 clocked by clk  {rise@0.000ns fall@5.000ns period=10.000ns})
  Path Group:             clk
  Path Type:              Setup (Max at Slow Process Corner)
  Requirement:            10.000ns  (clk rise@10.000ns - clk rise@0.000ns)
  Data Path Delay:        8.191ns  (logic 0.799ns (9.755%)  route 7.392ns (90.245%))
  Logic Levels:           4  (LUT4=1 LUT6=3)
  Clock Path Skew:        -0.100ns (DCD - SCD + CPR)
    Destination Clock Delay (DCD):    1.335ns = ( 11.335 - 10.000 )
    Source Clock Delay      (SCD):    1.447ns
    Clock Pessimism Removal (CPR):    0.012ns
  Clock Uncertainty:      0.035ns  ((TSJ^2 + TIJ^2)^1/2 + DJ) / 2 + PE
    Total System Jitter     (TSJ):    0.071ns
    Total Input Jitter      (TIJ):    0.000ns
    Discrete Jitter          (DJ):    0.000ns
    Phase Error              (PE):    0.000ns

    Location             Delay type                Incr(ns)  Path(ns)    Netlist Resource(s)
  -------------------------------------------------------------------    -------------------
                         (clock clk rise edge)        0.000     0.000 r
                                                      0.000     0.000 r  clk (IN)
                         net (fo=2516, unset)         1.447     1.447    tx_core/ifft/clk
    SLICE_X60Y28         FDRE                                         r  tx_core/ifft/stage_reg[0]/C
  -------------------------------------------------------------------    -------------------
    SLICE_X60Y28         FDRE (Prop_fdre_C_Q)         0.379     1.826 r  tx_core/ifft/stage_reg[0]/Q
                         net (fo=45, routed)          1.521     3.347    tx_core/ifft/butterfly/p_0_in[0]
    SLICE_X42Y12         LUT4 (Prop_lut4_I2_O)        0.105     3.452 r  tx_core/ifft/butterfly/wb_index1_reg[2][4]_srl3_i_4/O
                         net (fo=2, routed)           0.793     4.245    tx_core/ifft/butterfly/wb_index1_reg[2][4]_srl3_i_4_n_0
    SLICE_X42Y12         LUT6 (Prop_lut6_I1_O)        0.105     4.350 r  tx_core/ifft/butterfly/wb_index1_reg[2][2]_srl3_i_2/O
                         net (fo=193, routed)         2.488     6.837    tx_core/ifft/butterfly/butterfly_index1[2]
    SLICE_X80Y46         LUT6 (Prop_lut6_I3_O)        0.105     6.942 r  tx_core/ifft/butterfly/g_pipelined.s1_rr_reg_i_40/O
                         net (fo=1, routed)           0.764     7.706    tx_core/ifft/butterfly/g_pipelined.s1_rr_reg_i_40_n_0
    SLICE_X75Y35         LUT6 (Prop_lut6_I5_O)        0.105     7.811 r  tx_core/ifft/butterfly/g_pipelined.s1_rr_reg_i_6/O
                         net (fo=2, routed)           1.827     9.638    tx_core/ifft/butterfly/g_pipelined.s1_rr_reg_i_6_n_0
    DSP48_X2Y0           DSP48E1                                      r  tx_core/ifft/butterfly/g_pipelined.s1_ri_reg/A[10]
  -------------------------------------------------------------------    -------------------

                         (clock clk rise edge)       10.000    10.000 r
                                                      0.000    10.000 r  clk (IN)
                         net (fo=2516, unset)         1.335    11.335    tx_core/ifft/butterfly/clk
    DSP48_X2Y0           DSP48E1                                      r  tx_core/ifft/butterfly/g_pipelined.s1_ri_reg/CLK
                         clock pessimism              0.012    11.347
                         clock uncertainty           -0.035    11.311
    DSP48_X2Y0           DSP48E1 (Setup_dsp48e1_CLK_A[10])
                                                     -0.297    11.014    tx_core/ifft/butterfly/g_pipelined.s1_ri_reg
  -------------------------------------------------------------------
                         required time                         11.014
                         arrival time                          -9.638
  -------------------------------------------------------------------
                         slack                                  1.376

Slack (MET) :             1.505ns  (required time - arrival time)
  Source:                 tx_core/ifft/stage_reg[0]/C
                            (rising edge-triggered cell FDRE clocked by clk  {rise@0.000ns fall@5.000ns period=10.000ns})
  Destination:            tx_core/ifft/butterfly/g_pipelined.s1_ri_reg/A[13]
                            (rising edge-triggered cell DSP48E1 clocked by clk  {rise@0.000ns fall@5.000ns period=10.000ns})
  Path Group:             clk
  Path Type:              Setup (Max at Slow Process Corner)
  Requirement:            10.000ns  (clk rise@10.000ns - clk rise@0.000ns)
  Data Path Delay:        8.062ns  (logic 0.799ns (9.911%)  route 7.263ns (90.089%))
  Logic Levels:           4  (LUT4=1 LUT6=3)
  Clock Path Skew:        -0.100ns (DCD - SCD + CPR)
    Destination Clock Delay (DCD):    1.335ns = ( 11.335 - 10.000 )
    Source Clock Delay      (SCD):    1.447ns
    Clock Pessimism Removal (CPR):    0.012ns
  Clock Uncertainty:      0.035ns  ((TSJ^2 + TIJ^2)^1/2 + DJ) / 2 + PE
    Total System Jitter     (TSJ):    0.071ns
    Total Input Jitter      (TIJ):    0.000ns
    Discrete Jitter          (DJ):    0.000ns
    Phase Error              (PE):    0.000ns

    Location             Delay type                Incr(ns)  Path(ns)    Netlist Resource(s)
  -------------------------------------------------------------------    -------------------
                         (clock clk rise edge)        0.000     0.000 r
                                                      0.000     0.000 r  clk (IN)
                         net (fo=2516, unset)         1.447     1.447    tx_core/ifft/clk
    SLICE_X60Y28         FDRE                                         r  tx_core/ifft/stage_reg[0]/C
  -------------------------------------------------------------------    -------------------
    SLICE_X60Y28         FDRE (Prop_fdre_C_Q)         0.379     1.826 r  tx_core/ifft/stage_reg[0]/Q
                         net (fo=45, routed)          1.521     3.347    tx_core/ifft/butterfly/p_0_in[0]
    SLICE_X42Y12         LUT4 (Prop_lut4_I2_O)        0.105     3.452 r  tx_core/ifft/butterfly/wb_index1_reg[2][4]_srl3_i_4/O
                         net (fo=2, routed)           0.793     4.245    tx_core/ifft/butterfly/wb_index1_reg[2][4]_srl3_i_4_n_0
    SLICE_X42Y12         LUT6 (Prop_lut6_I1_O)        0.105     4.350 r  tx_core/ifft/butterfly/wb_index1_reg[2][2]_srl3_i_2/O
                         net (fo=193, routed)         2.441     6.791    tx_core/ifft/butterfly/butterfly_index1[2]
    SLICE_X82Y49         LUT6 (Prop_lut6_I3_O)        0.105     6.896 r  tx_core/ifft/butterfly/g_pipelined.s1_rr_reg_i_28/O
                         net (fo=1, routed)           0.671     7.567    tx_core/ifft/butterfly/g_pipelined.s1_rr_reg_i_28_n_0
    SLICE_X80Y38         LUT6 (Prop_lut6_I5_O)        0.105     7.672 r  tx_core/ifft/butterfly/g_pipelined.s1_rr_reg_i_3/O
                         net (fo=2, routed)           1.837     9.509    tx_core/ifft/butterfly/g_pipelined.s1_rr_reg_i_3_n_0
    DSP48_X2Y0           DSP48E1                                      r  tx_core/ifft/butterfly/g_pipelined.s1_ri_reg/A[13]
  -------------------------------------------------------------------    -------------------

                         (clock clk rise edge)       10.000    10.000 r
                                                      0.000    10.000 r  clk (IN)
                         net (fo=2516, unset)         1.335    11.335    tx_core/ifft/butterfly/clk
    DSP48_X2Y0           DSP48E1                                      r  tx_core/ifft/butterfly/g_pipelined.s1_ri_reg/CLK
                         clock pessimism              0.012    11.347
                         clock uncertainty           -0.035    11.311
    DSP48_X2Y0           DSP48E1 (Setup_dsp48e1_CLK_A[13])
                                                     -0.297    11.014    tx_core/ifft/butterfly/g_pipelined.s1_ri_reg
  -------------------------------------------------------------------
                         required time                         11.014
                         arrival time                          -9.509
  -------------------------------------------------------------------
                         slack                                  1.505

Slack (MET) :             1.556ns  (required time - arrival time)
  Source:                 tx_core/ifft/stage_reg[0]/C
                            (rising edge-triggered cell FDRE clocked by clk  {rise@0.000ns fall@5.000ns period=10.000ns})
  Destination:            tx_core/ifft/butterfly/g_pipelined.s1_rr_reg/A[9]
                            (rising edge-triggered cell DSP48E1 clocked by clk  {rise@0.000ns fall@5.000ns period=10.000ns})
  Path Group:             clk
  Path Type:              Setup (Max at Slow Process Corner)
  Requirement:            10.000ns  (clk rise@10.000ns - clk rise@0.000ns)
  Data Path Delay:        8.008ns  (logic 0.799ns (9.978%)  route 7.209ns (90.022%))
  Logic Levels:           4  (LUT4=1 LUT6=3)
  Clock Path Skew:        -0.103ns (DCD - SCD + CPR)
    Destination Clock Delay (DCD):    1.332ns = ( 11.332 - 10.000 )
    Source Clock Delay      (SCD):    1.447ns
    Clock Pessimism Removal (CPR):    0.012ns
  Clock Uncertainty:      0.035ns  ((TSJ^2 + TIJ^2)^1/2 + DJ) / 2 + PE
    Total System Jitter     (TSJ):    0.071ns
    Total Input Jitter      (TIJ):    0.000ns
    Discrete Jitter          (DJ):    0.000ns
    Phase Error              (PE):    0.000ns

    Location             Delay type                Incr(ns)  Path(ns)    Netlist Resource(s)
  -------------------------------------------------------------------    -------------------
                         (clock clk rise edge)        0.000     0.000 r
                                                      0.000     0.000 r  clk (IN)
                         net (fo=2516, unset)         1.447     1.447    tx_core/ifft/clk
    SLICE_X60Y28         FDRE                                         r  tx_core/ifft/stage_reg[0]/C
  -------------------------------------------------------------------    -------------------
    SLICE_X60Y28         FDRE (Prop_fdre_C_Q)         0.379     1.826 r  tx_core/ifft/stage_reg[0]/Q
                         net (fo=45, routed)          1.521     3.347    tx_core/ifft/butterfly/p_0_in[0]
    SLICE_X42Y12         LUT4 (Prop_lut4_I2_O)        0.105     3.452 r  tx_core/ifft/butterfly/wb_index1_reg[2][4]_srl3_i_4/O
                         net (fo=2, routed)           0.793     4.245    tx_core/ifft/butterfly/wb_index1_reg[2][4]_srl3_i_4_n_0
    SLICE_X42Y12         LUT6 (Prop_lut6_I1_O)        0.105     4.350 r  tx_core/ifft/butterfly/wb_index1_reg[2][2]_srl3_i_2/O
                         net (fo=193, routed)         2.426     6.776    tx_core/ifft/butterfly/butterfly_index1[2]
    SLICE_X86Y50         LUT6 (Prop_lut6_I3_O)        0.105     6.881 r  tx_core/ifft/butterfly/g_pipelined.s1_rr_reg_i_44/O
                         net (fo=1, routed)           0.836     7.717    tx_core/ifft/butterfly/g_pipelined.s1_rr_reg_i_44_n_0
    SLICE_X76Y39         LUT6 (Prop_lut6_I5_O)        0.105     7.822 r  tx_core/ifft/butterfly/g_pipelined.s1_rr_reg_i_7/O
                         net (fo=2, routed)           1.633     9.455    tx_core/ifft/butterfly/g_pipelined.s1_rr_reg_i_7_n_0
    DSP48_X2Y4           DSP48E1                                      r  tx_core/ifft/butterfly/g_pipelined.s1_rr_reg/A[9]
  -------------------------------------------------------------------    -------------------

                         (clock clk rise edge)       10.000    10.000 r
                                                      0.000    10.000 r  clk (IN)
                         net (fo=2516, unset)         1.332    11.332    tx_core/ifft/butterfly/clk
    DSP48_X2Y4           DSP48E1                                      r  tx_core/ifft/butterfly/g_pipelined.s1_rr_reg/CLK
                         clock pessimism              0.012    11.344
                         clock uncertainty           -0.035    11.308
    DSP48_X2Y4           DSP48E1 (Setup_dsp48e1_CLK_A[9])
                                                     -0.297    11.011    tx_core/ifft/butterfly/g_pipelined.s1_rr_reg
  -------------------------------------------------------------------
                         required time                         11.011
                         arrival time                          -9.455
  -------------------------------------------------------------------
                         slack                                  1.556

Slack (MET) :             1.609ns  (required time - arrival time)
  Source:                 tx_core/ifft/stage_reg[0]/C
                            (rising edge-triggered cell FDRE clocked by clk  {rise@0.000ns fall@5.000ns period=10.000ns})
  Destination:            tx_core/ifft/butterfly/g_pipelined.s1_ri_reg/A[14]
                            (rising edge-triggered cell DSP48E1 clocked by clk  {rise@0.000ns fall@5.000ns period=10.000ns})
  Path Group:             clk
  Path Type:              Setup (Max at Slow Process Corner)
  Requirement:            10.000ns  (clk rise@10.000ns - clk rise@0.000ns)
  Data Path Delay:        7.959ns  (logic 0.799ns (10.039%)  route 7.160ns (89.961%))
  Logic Levels:           4  (LUT4=1 LUT6=3)
  Clock Path Skew:        -0.100ns (DCD - SCD + CPR)
    Destination Clock Delay (DCD):    1.335ns = ( 11.335 - 10.000 )
    Source Clock Delay      (SCD):    1.447ns
    Clock Pessimism Removal (CPR):    0.012ns
  Clock Uncertainty:      0.035ns  ((TSJ^2 + TIJ^2)^1/2 + DJ) / 2 + PE
    Total System Jitter     (TSJ):    0.071ns
    Total Input Jitter      (TIJ):    0.000ns
    Discrete Jitter          (DJ):    0.000ns
    Phase Error              (PE):    0.000ns

    Location             Delay type                Incr(ns)  Path(ns)    Netlist Resource(s)
  -------------------------------------------------------------------    -------------------
                         (clock clk rise edge)        0.000     0.000 r
                                                      0.000     0.000 r  clk (IN)
                         net (fo=2516, unset)         1.447     1.447    tx_core/ifft/clk
    SLICE_X60Y28         FDRE                                         r  tx_core/ifft/stage_reg[0]/C
  -------------------------------------------------------------------    -------------------
    SLICE_X60Y28         FDRE (Prop_fdre_C_Q)         0.379     1.826 r  tx_core/ifft/stage_reg[0]/Q
                         net (fo=45, routed)          1.521     3.347    tx_core/ifft/butterfly/p_0_in[0]
    SLICE_X42Y12         LUT4 (Prop_lut4_I2_O)        0.105     3.452 r  tx_core/ifft/butterfly/wb_index1_reg[2][4]_srl3_i_4/O
                         net (fo=2, routed)           0.793     4.245    tx_core/ifft/butterfly/wb_index1_reg[2][4]_srl3_i_4_n_0
    SLICE_X42Y12         LUT6 (Prop_lut6_I1_O)        0.105     4.350 r  tx_core/ifft/butterfly/wb_index1_reg[2][2]_srl3_i_2/O
                         net (fo=193, routed)         2.390     6.739    tx_core/ifft/butterfly/butterfly_index1[2]
    SLICE_X73Y42         LUT6 (Prop_lut6_I3_O)        0.105     6.844 r  tx_core/ifft/butterfly/g_pipelined.s1_rr_reg_i_22/O
                         net (fo=1, routed)           0.676     7.520    tx_core/ifft/butterfly/g_pipelined.s1_rr_reg_i_22_n_0
    SLICE_X69Y45         LUT6 (Prop_lut6_I1_O)        0.105     7.625 r  tx_core/ifft/butterfly/g_pipelined.s1_rr_reg_i_2/O
                         net (fo=2, routed)           1.781     9.406    tx_core/ifft/butterfly/g_pipelined.s1_rr_reg_i_2_n_0
    DSP48_X2Y0           DSP48E1                                      r  tx_core/ifft/butterfly/g_pipelined.s1_ri_reg/A[14]
  -------------------------------------------------------------------    -------------------

                         (clock clk rise edge)       10.000    10.000 r
                                                      0.000    10.000 r  clk (IN)
                         net (fo=2516, unset)         1.335    11.335    tx_core/ifft/butterfly/clk
    DSP48_X2Y0           DSP48E1                                      r  tx_core/ifft/butterfly/g_pipelined.s1_ri_reg/CLK
                         clock pessimism              0.012    11.347
                         clock uncertainty           -0.035    11.311
    DSP48_X2Y0           DSP48E1 (Setup_dsp48e1_CLK_A[14])
                                                     -0.297    11.014    tx_core/ifft/butterfly/g_pipelined.s1_ri_reg
  -------------------------------------------------------------------
                         required time                         11.014
                         arrival time                          -9.406
  -------------------------------------------------------------------
                         slack                                  1.609

Slack (MET) :             1.699ns  (required time - arrival time)
  Source:                 tx_core/ifft/butterfly_j_reg[1]/C
                            (rising edge-triggered cell FDRE clocked by clk  {rise@0.000ns fall@5.000ns period=10.000ns})
  Destination:            tx_core/ifft/butterfly/g_pipelined.s1_rr_reg/A[5]
                            (rising edge-triggered cell DSP48E1 clocked by clk  {rise@0.000ns fall@5.000ns period=10.000ns})
  Path Group:             clk
  Path Type:              Setup (Max at Slow Process Corner)
  Requirement:            10.000ns  (clk rise@10.000ns - clk rise@0.000ns)
  Data Path Delay:        7.993ns  (logic 1.196ns (14.963%)  route 6.797ns (85.037%))
  Logic Levels:           5  (LUT2=1 LUT5=1 LUT6=3)
  Clock Path Skew:        0.025ns (DCD - SCD + CPR)
    Destination Clock Delay (DCD):    1.332ns = ( 11.332 - 10.000 )
    Source Clock Delay      (SCD):    1.404ns
    Clock Pessimism Removal (CPR):    0.097ns
  Clock Uncertainty:      0.035ns  ((TSJ^2 + TIJ^2)^1/2 + DJ) / 2 + PE
    Total System Jitter     (TSJ):    0.071ns
    Total Input Jitter      (TIJ):    0.000ns
    Discrete Jitter          (DJ):    0.000ns
    Phase Error              (PE):    0.000ns

    Location             Delay type                Incr(ns)  Path(ns)    Netlist Resource(s)
  -------------------------------------------------------------------    -------------------
                         (clock clk rise edge)        0.000     0.000 r
                                                      0.000     0.000 r  clk (IN)
                         net (fo=2516, unset)         1.404     1.404    tx_core/ifft/clk
    SLICE_X47Y12         FDRE                                         r  tx_core/ifft/butterfly_j_reg[1]/C
  -------------------------------------------------------------------    -------------------
    SLICE_X47Y12         FDRE (Prop_fdre_C_Q)         0.348     1.752 r  tx_core/ifft/butterfly_j_reg[1]/Q
                         net (fo=21, routed)          0.683     2.435    tx_core/ifft/butterfly/g_pipelined.s1_ri_reg_0[1]
    SLICE_X41Y11         LUT2 (Prop_lut2_I1_O)        0.242     2.677 r  tx_core/ifft/butterfly/wb_index0_reg[2][1]_srl3_i_1/O
                         net (fo=135, routed)         1.480     4.157    tx_core/ifft/butterfly/butterfly_index0[0]
    SLICE_X60Y26         LUT5 (Prop_lut5_I1_O)        0.128     4.285 r  tx_core/ifft/butterfly/g_pipelined.s1_rr_reg_i_337/O
                         net (fo=256, routed)         1.797     6.082    tx_core/ifft/butterfly/g_pipelined.s1_rr_reg_i_337_n_0
    SLICE_X90Y2          LUT6 (Prop_lut6_I2_O)        0.268     6.350 f  tx_core/ifft/butterfly/g_pipelined.s1_rr_reg_i_253/O
                         net (fo=1, routed)           0.848     7.198    tx_core/ifft/butterfly/g_pipelined.s1_rr_reg_i_253_n_0
    SLICE_X89Y3          LUT6 (Prop_lut6_I0_O)        0.105     7.303 r  tx_core/ifft/butterfly/g_pipelined.s1_rr_reg_i_60/O
                         net (fo=1, routed)           0.640     7.944    tx_core/ifft/butterfly/g_pipelined.s1_rr_reg_i_60_n_0
    SLICE_X70Y3          LUT6 (Prop_lut6_I5_O)        0.105     8.049 r  tx_core/ifft/butterfly/g_pipelined.s1_rr_reg_i_11/O
                         net (fo=2, routed)           1.349     9.397    tx_core/ifft/butterfly/g_pipelined.s1_rr_reg_i_11_n_0
    DSP48_X2Y4           DSP48E1                                      r  tx_core/ifft/butterfly/g_pipelined.s1_rr_reg/A[5]
  -------------------------------------------------------------------    -------------------

                         (clock clk rise edge)       10.000    10.000 r
                                                      0.000    10.000 r  clk (IN)
                         net (fo=2516, unset)         1.332    11.332    tx_core/ifft/butterfly/clk
    DSP48_X2Y4           DSP48E1                                      r  tx_core/ifft/butterfly/g_pipelined.s1_rr_reg/CLK
                         clock pessimism              0.097    11.429
                         clock uncertainty           -0.035    11.393
    DSP48_X2Y4           DSP48E1 (Setup_dsp48e1_CLK_A[5])
                                                     -0.297    11.096    tx_core/ifft/butterfly/g_pipelined.s1_rr_reg
  -------------------------------------------------------------------
                         required time                         11.096
                         arrival time                          -9.397
  -------------------------------------------------------------------
                         slack                                  1.699

Slack (MET) :             1.702ns  (required time - arrival time)
  Source:                 tx_core/ifft/stage_reg[0]/C
                            (rising edge-triggered cell FDRE clocked by clk  {rise@0.000ns fall@5.000ns period=10.000ns})
  Destination:            tx_core/ifft/butterfly/g_pipelined.s1_rr_reg/A[10]
                            (rising edge-triggered cell DSP48E1 clocked by clk  {rise@0.000ns fall@5.000ns period=10.000ns})
  Path Group:             clk
  Path Type:              Setup (Max at Slow Process Corner)
  Requirement:            10.000ns  (clk rise@10.000ns - clk rise@0.000ns)
  Data Path Delay:        7.863ns  (logic 0.799ns (10.162%)  route 7.064ns (89.838%))
  Logic Levels:           4  (LUT4=1 LUT6=3)
  Clock Path Skew:        -0.103ns (DCD - SCD + CPR)
    Destination Clock Delay (DCD):    1.332ns = ( 11.332 - 10.000 )
    Source Clock Delay      (SCD):    1.447ns
    Clock Pessimism Removal (CPR):    0.012ns
  Clock Uncertainty:      0.035ns  ((TSJ^2 + TIJ^2)^1/2 + DJ) / 2 + PE
    Total System Jitter     (TSJ):    0.071ns
    Total Input Jitter      (TIJ):    0.000ns
    Discrete Jitter          (DJ):    0.000ns
    Phase Error              (PE):    0.000ns

    Location             Delay type                Incr(ns)  Path(ns)    Netlist Resource(s)
  -------------------------------------------------------------------    -------------------
                         (clock clk rise edge)        0.000     0.000 r
                                                      0.000     0.000 r  clk (IN)
                         net (fo=2516, unset)         1.447     1.447    tx_core/ifft/clk
    SLICE_X60Y28         FDRE                                         r  tx_core/ifft/stage_reg[0]/C
  -------------------------------------------------------------------    -------------------
    SLICE_X60Y28         FDRE (Prop_fdre_C_Q)         0.379     1.826 r  tx_core/ifft/stage_reg[0]/Q
                         net (fo=45, routed)          1.521     3.347    tx_core/ifft/butterfly/p_0_in[0]
    SLICE_X42Y12         LUT4 (Prop_lut4_I2_O)        0.105     3.452 r  tx_core/ifft/butterfly/wb_index1_reg[2][4]_srl3_i_4/O
                         net (fo=2, routed)           0.793     4.245    tx_core/ifft/butterfly/wb_index1_reg[2][4]_srl3_i_4_n_0
    SLICE_X42Y12         LUT6 (Prop_lut6_I1_O)        0.105     4.350 r  tx_core/ifft/butterfly/wb_index1_reg[2][2]_srl3_i_2/O
                         net (fo=193, routed)         2.488     6.837    tx_core/ifft/butterfly/butterfly_index1[2]
    SLICE_X80Y46         LUT6 (Prop_lut6_I3_O)        0.105     6.942 r  tx_core/ifft/butterfly/g_pipelined.s1_rr_reg_i_40/O
                         net (fo=1, routed)           0.764     7.706    tx_core/ifft/butterfly/g_pipelined.s1_rr_reg_i_40_n_0
    SLICE_X75Y35         LUT6 (Prop_lut6_I5_O)        0.105     7.811 r  tx_core/ifft/butterfly/g_pipelined.s1_rr_reg_i_6/O
                         net (fo=2, routed)           1.499     9.310    tx_core/ifft/butterfly/g_pipelined.s1_rr_reg_i_6_n_0
    DSP48_X2Y4           DSP48E1                                      r  tx_core/ifft/butterfly/g_pipelined.s1_rr_reg/A[10]
  -------------------------------------------------------------------    -------------------

                         (clock clk rise edge)       10.000    10.000 r
                                                      0.000    10.000 r  clk (IN)
                         net (fo=2516, unset)         1.332    11.332    tx_core/ifft/butterfly/clk
    DSP48_X2Y4           DSP48E1                                      r  tx_core/ifft/butterfly/g_pipelined.s1_rr_reg/CLK
                         clock pessimism              0.012    11.344
                         clock uncertainty           -0.035    11.308
    DSP48_X2Y4           DSP48E1 (Setup_dsp48e1_CLK_A[10])
                                                     -0.297    11.011    tx_core/ifft/butterfly/g_pipelined.s1_rr_reg
  -------------------------------------------------------------------
                         required time                         11.011
                         arrival time                          -9.310
  -------------------------------------------------------------------
                         slack                                  1.702

Slack (MET) :             1.705ns  (required time - arrival time)
  Source:                 tx_core/ifft/stage_reg[0]/C
                            (rising edge-triggered cell FDRE clocked by clk  {rise@0.000ns fall@5.000ns period=10.000ns})
  Destination:            tx_core/ifft/butterfly/g_pipelined.s1_rr_reg/A[13]
                            (rising edge-triggered cell DSP48E1 clocked by clk  {rise@0.000ns fall@5.000ns period=10.000ns})
  Path Group:             clk
  Path Type:              Setup (Max at Slow Process Corner)
  Requirement:            10.000ns  (clk rise@10.000ns - clk rise@0.000ns)
  Data Path Delay:        7.859ns  (logic 0.799ns (10.166%)  route 7.060ns (89.834%))
  Logic Levels:           4  (LUT4=1 LUT6=3)
  Clock Path Skew:        -0.103ns (DCD - SCD + CPR)
    Destination Clock Delay (DCD):    1.332ns = ( 11.332 - 10.000 )
    Source Clock Delay      (SCD):    1.447ns
    Clock Pessimism Removal (CPR):    0.012ns
  Clock Uncertainty:      0.035ns  ((TSJ^2 + TIJ^2)^1/2 + DJ) / 2 + PE
    Total System Jitter     (TSJ):    0.071ns
    Total Input Jitter      (TIJ):    0.000ns
    Discrete Jitter          (DJ):    0.000ns
    Phase Error              (PE):    0.000ns

    Location             Delay type                Incr(ns)  Path(ns)    Netlist Resource(s)
  -------------------------------------------------------------------    -------------------
                         (clock clk rise edge)        0.000     0.000 r
                                                      0.000     0.000 r  clk (IN)
                         net (fo=2516, unset)         1.447     1.447    tx_core/ifft/clk
    SLICE_X60Y28         FDRE                                         r  tx_core/ifft/stage_reg[0]/C
  -------------------------------------------------------------------    -------------------
    SLICE_X60Y28         FDRE (Prop_fdre_C_Q)         0.379     1.826 r  tx_core/ifft/stage_reg[0]/Q
                         net (fo=45, routed)          1.521     3.347    tx_core/ifft/butterfly/p_0_in[0]
    SLICE_X42Y12         LUT4 (Prop_lut4_I2_O)        0.105     3.452 r  tx_core/ifft/butterfly/wb_index1_reg[2][4]_srl3_i_4/O
                         net (fo=2, routed)           0.793     4.245    tx_core/ifft/butterfly/wb_index1_reg[2][4]_srl3_i_4_n_0
    SLICE_X42Y12         LUT6 (Prop_lut6_I1_O)        0.105     4.350 r  tx_core/ifft/butterfly/wb_index1_reg[2][2]_srl3_i_2/O
                         net (fo=193, routed)         2.441     6.791    tx_core/ifft/butterfly/butterfly_index1[2]
    SLICE_X82Y49         LUT6 (Prop_lut6_I3_O)        0.105     6.896 r  tx_core/ifft/butterfly/g_pipelined.s1_rr_reg_i_28/O
                         net (fo=1, routed)           0.671     7.567    tx_core/ifft/butterfly/g_pipelined.s1_rr_reg_i_28_n_0
    SLICE_X80Y38         LUT6 (Prop_lut6_I5_O)        0.105     7.672 r  tx_core/ifft/butterfly/g_pipelined.s1_rr_reg_i_3/O
                         net (fo=2, routed)           1.634     9.306    tx_core/ifft/butterfly/g_pipelined.s1_rr_reg_i_3_n_0
    DSP48_X2Y4           DSP48E1                                      r  tx_core/ifft/butterfly/g_pipelined.s1_rr_reg/A[13]
  -------------------------------------------------------------------    -------------------

                         (clock clk rise edge)       10.000    10.000 r
                                                      0.000    10.000 r  clk (IN)
                         net (fo=2516, unset)         1.332    11.332    tx_core/ifft/butterfly/clk
    DSP48_X2Y4           DSP48E1                                      r  tx_core/ifft/butterfly/g_pipelined.s1_rr_reg/CLK
                         clock pessimism              0.012    11.344
                         clock uncertainty           -0.035    11.308
    DSP48_X2Y4           DSP48E1 (Setup_dsp48e1_CLK_A[13])
                                                     -0.297    11.011    tx_core/ifft/butterfly/g_pipelined.s1_rr_reg
  -------------------------------------------------------------------
                         required time                         11.011
                         arrival time                          -9.306
  -------------------------------------------------------------------
                         slack                                  1.705

Slack (MET) :             1.720ns  (required time - arrival time)
  Source:                 tx_core/ifft/stage_reg[0]/C
                            (rising edge-triggered cell FDRE clocked by clk  {rise@0.000ns fall@5.000ns period=10.000ns})
  Destination:            tx_core/ifft/butterfly/g_pipelined.value__0/A[9]
                            (rising edge-triggered cell DSP48E1 clocked by clk  {rise@0.000ns fall@5.000ns period=10.000ns})
  Path Group:             clk
  Path Type:              Setup (Max at Slow Process Corner)
  Requirement:            10.000ns  (clk rise@10.000ns - clk rise@0.000ns)
  Data Path Delay:        7.847ns  (logic 1.184ns (15.088%)  route 6.663ns (84.912%))
  Logic Levels:           5  (LUT4=1 LUT6=2 MUXF7=1 MUXF8=1)
  Clock Path Skew:        -0.100ns (DCD - SCD + CPR)
    Destination Clock Delay (DCD):    1.335ns = ( 11.335 - 10.000 )
    Source Clock Delay      (SCD):    1.447ns
    Clock Pessimism Removal (CPR):    0.012ns
  Clock Uncertainty:      0.035ns  ((TSJ^2 + TIJ^2)^1/2 + DJ) / 2 + PE
    Total System Jitter     (TSJ):    0.071ns
    Total Input Jitter      (TIJ):    0.000ns
    Discrete Jitter          (DJ):    0.000ns
    Phase Error              (PE):    0.000ns

    Location             Delay type                Incr(ns)  Path(ns)    Netlist Resource(s)
  -------------------------------------------------------------------    -------------------
                         (clock clk rise edge)        0.000     0.000 r
                                                      0.000     0.000 r  clk (IN)
                         net (fo=2516, unset)         1.447     1.447    tx_core/ifft/clk
    SLICE_X60Y28         FDRE                                         r  tx_core/ifft/stage_reg[0]/C
  -------------------------------------------------------------------    -------------------
    SLICE_X60Y28         FDRE (Prop_fdre_C_Q)         0.379     1.826 r  tx_core/ifft/stage_reg[0]/Q
                         net (fo=45, routed)          1.521     3.347    tx_core/ifft/butterfly/p_0_in[0]
    SLICE_X42Y12         LUT4 (Prop_lut4_I2_O)        0.105     3.452 r  tx_core/ifft/butterfly/wb_index1_reg[2][4]_srl3_i_4/O
                         net (fo=2, routed)           0.793     4.245    tx_core/ifft/butterfly/wb_index1_reg[2][4]_srl3_i_4_n_0
    SLICE_X42Y12         LUT6 (Prop_lut6_I1_O)        0.105     4.350 r  tx_core/ifft/butterfly/wb_index1_reg[2][2]_srl3_i_2/O
                         net (fo=193, routed)         1.966     6.316    tx_core/ifft/butterfly/butterfly_index1[2]
    SLICE_X68Y42         MUXF7 (Prop_muxf7_S_O)       0.246     6.562 r  tx_core/ifft/butterfly/g_pipelined.value_i_146/O
                         net (fo=1, routed)           0.000     6.562    tx_core/ifft/butterfly/g_pipelined.value_i_146_n_0
    SLICE_X68Y42         MUXF8 (Prop_muxf8_I0_O)      0.085     6.647 r  tx_core/ifft/butterfly/g_pipelined.value_i_57/O
                         net (fo=1, routed)           0.741     7.388    tx_core/ifft/butterfly/g_pipelined.value_i_57_n_0
    SLICE_X62Y45         LUT6 (Prop_lut6_I1_O)        0.264     7.652 r  tx_core/ifft/butterfly/g_pipelined.value_i_22/O
                         net (fo=2, routed)           1.642     9.294    tx_core/ifft/butterfly/g_pipelined.value_i_22_n_0
    DSP48_X2Y1           DSP48E1                                      r  tx_core/ifft/butterfly/g_pipelined.value__0/A[9]
  -------------------------------------------------------------------    -------------------

                         (clock clk rise edge)       10.000    10.000 r
                                                      0.000    10.000 r  clk (IN)
                         net (fo=2516, unset)         1.335    11.335    tx_core/ifft/butterfly/clk
    DSP48_X2Y1           DSP48E1                                      r  tx_core/ifft/butterfly/g_pipelined.value__0/CLK
                         clock pessimism              0.012    11.347
                         clock uncertainty           -0.035    11.311
    DSP48_X2Y1           DSP48E1 (Setup_dsp48e1_CLK_A[9])
                                                     -0.297    11.014    tx_core/ifft/butterfly/g_pipelined.value__0
  -------------------------------------------------------------------
                         required time                         11.014
                         arrival time                          -9.294
  -------------------------------------------------------------------
                         slack                                  1.720

Slack (MET) :             1.754ns  (required time - arrival time)
  Source:                 tx_core/ifft/stage_reg[0]/C
                            (rising edge-triggered cell FDRE clocked by clk  {rise@0.000ns fall@5.000ns period=10.000ns})
  Destination:            tx_core/ifft/butterfly/g_pipelined.s1_ri_reg/A[11]
                            (rising edge-triggered cell DSP48E1 clocked by clk  {rise@0.000ns fall@5.000ns period=10.000ns})
  Path Group:             clk
  Path Type:              Setup (Max at Slow Process Corner)
  Requirement:            10.000ns  (clk rise@10.000ns - clk rise@0.000ns)
  Data Path Delay:        7.813ns  (logic 0.799ns (10.227%)  route 7.014ns (89.773%))
  Logic Levels:           4  (LUT4=1 LUT6=3)
  Clock Path Skew:        -0.100ns (DCD - SCD + CPR)
    Destination Clock Delay (DCD):    1.335ns = ( 11.335 - 10.000 )
    Source Clock Delay      (SCD):    1.447ns
    Clock Pessimism Removal (CPR):    0.012ns
  Clock Uncertainty:      0.035ns  ((TSJ^2 + TIJ^2)^1/2 + DJ) / 2 + PE
    Total System Jitter     (TSJ):    0.071ns
    Total Input Jitter      (TIJ):    0.000ns
    Discrete Jitter          (DJ):    0.000ns
    Phase Error              (PE):    0.000ns

    Location             Delay type                Incr(ns)  Path(ns)    Netlist Resource(s)
  -------------------------------------------------------------------    -------------------
                         (clock clk rise edge)        0.000     0.000 r
                                                      0.000     0.000 r  clk (IN)
                         net (fo=2516, unset)         1.447     1.447    tx_core/ifft/clk
    SLICE_X60Y28         FDRE                                         r  tx_core/ifft/stage_reg[0]/C
  -------------------------------------------------------------------    -------------------
    SLICE_X60Y28         FDRE (Prop_fdre_C_Q)         0.379     1.826 r  tx_core/ifft/stage_reg[0]/Q
                         net (fo=45, routed)          1.521     3.347    tx_core/ifft/butterfly/p_0_in[0]
    SLICE_X42Y12         LUT4 (Prop_lut4_I2_O)        0.105     3.452 r  tx_core/ifft/butterfly/wb_index1_reg[2][4]_srl3_i_4/O
                         net (fo=2, routed)           0.793     4.245    tx_core/ifft/butterfly/wb_index1_reg[2][4]_srl3_i_4_n_0
    SLICE_X42Y12         LUT6 (Prop_lut6_I1_O)        0.105     4.350 r  tx_core/ifft/butterfly/wb_index1_reg[2][2]_srl3_i_2/O
                         net (fo=193, routed)         2.335     6.685    tx_core/ifft/butterfly/butterfly_index1[2]
    SLICE_X84Y43         LUT6 (Prop_lut6_I3_O)        0.105     6.790 r  tx_core/ifft/butterfly/g_pipelined.s1_rr_reg_i_35/O
                         net (fo=1, routed)           0.820     7.610    tx_core/ifft/butterfly/g_pipelined.s1_rr_reg_i_35_n_0
    SLICE_X74Y33         LUT6 (Prop_lut6_I3_O)        0.105     7.715 r  tx_core/ifft/butterfly/g_pipelined.s1_rr_reg_i_5/O
                         net (fo=2, routed)           1.545     9.260    tx_core/ifft/butterfly/g_pipelined.s1_rr_reg_i_5_n_0
    DSP48_X2Y0           DSP48E1                                      r  tx_core/ifft/butterfly/g_pipelined.s1_ri_reg/A[11]
  -------------------------------------------------------------------    -------------------

                         (clock clk rise edge)       10.000    10.000 r
                                                      0.000    10.000 r  clk (IN)
                         net (fo=2516, unset)         1.335    11.335    tx_core/ifft/butterfly/clk
    DSP48_X2Y0           DSP48E1                                      r  tx_core/ifft/butterfly/g_pipelined.s1_ri_reg/CLK
                         clock pessimism              0.012    11.347
                         clock uncertainty           -0.035    11.311
    DSP48_X2Y0           DSP48E1 (Setup_dsp48e1_CLK_A[11])
                                                     -0.297    11.014    tx_core/ifft/butterfly/g_pipelined.s1_ri_reg
  -------------------------------------------------------------------
                         required time                         11.014
                         arrival time                          -9.260
  -------------------------------------------------------------------
                         slack                                  1.754





Pulse Width Checks
--------------------------------------------------------------------------------------
Clock Name:         clk
Waveform(ns):       { 0.000 5.000 }
Period(ns):         10.000
Sources:            { clk }

Check Type        Corner  Lib Pin      Reference Pin  Required(ns)  Actual(ns)  Slack(ns)  Location      Pin
Min Period        n/a     DSP48E1/CLK  n/a            3.272         10.000      6.728      DSP48_X2Y0    tx_core/ifft/butterfly/g_pipelined.s1_ri_reg/CLK
Min Period        n/a     DSP48E1/CLK  n/a            3.272         10.000      6.728      DSP48_X2Y4    tx_core/ifft/butterfly/g_pipelined.s1_rr_reg/CLK
Min Period        n/a     DSP48E1/CLK  n/a            1.816         10.000      8.184      DSP48_X2Y5    tx_core/ifft/butterfly/g_pipelined.value/CLK
Min Period        n/a     DSP48E1/CLK  n/a            1.816         10.000      8.184      DSP48_X2Y1    tx_core/ifft/butterfly/g_pipelined.value__0/CLK
Min Period        n/a     FDRE/C       n/a            1.000         10.000      9.000      SLICE_X63Y26  accepted_data_count_reg[0]/C
Min Period        n/a     FDRE/C       n/a            1.000         10.000      9.000      SLICE_X65Y26  accepted_data_count_reg[1]/C
Min Period        n/a     FDRE/C       n/a            1.000         10.000      9.000      SLICE_X65Y26  accepted_data_count_reg[2]/C
Min Period        n/a     FDRE/C       n/a            1.000         10.000      9.000      SLICE_X65Y26  accepted_data_count_reg[3]/C
Min Period        n/a     FDRE/C       n/a            1.000         10.000      9.000      SLICE_X65Y26  accepted_data_count_reg[4]/C
Min Period        n/a     FDRE/C       n/a            1.000         10.000      9.000      SLICE_X65Y26  accepted_data_count_reg[5]/C
Low Pulse Width   Slow    RAMD64E/CLK  n/a            1.130         5.000       3.870      SLICE_X58Y14  cp16/sample_im_mem_reg_0_63_0_2/RAMA/CLK
Low Pulse Width   Fast    RAMD64E/CLK  n/a            1.130         5.000       3.870      SLICE_X58Y14  cp16/sample_im_mem_reg_0_63_0_2/RAMA/CLK
Low Pulse Width   Slow    RAMD64E/CLK  n/a            1.130         5.000       3.870      SLICE_X58Y14  cp16/sample_im_mem_reg_0_63_0_2/RAMB/CLK
Low Pulse Width   Fast    RAMD64E/CLK  n/a            1.130         5.000       3.870      SLICE_X58Y14  cp16/sample_im_mem_reg_0_63_0_2/RAMB/CLK
Low Pulse Width   Slow    RAMD64E/CLK  n/a            1.130         5.000       3.870      SLICE_X58Y14  cp16/sample_im_mem_reg_0_63_0_2/RAMC/CLK
Low Pulse Width   Fast    RAMD64E/CLK  n/a            1.130         5.000       3.870      SLICE_X58Y14  cp16/sample_im_mem_reg_0_63_0_2/RAMC/CLK
Low Pulse Width   Slow    RAMD64E/CLK  n/a            1.130         5.000       3.870      SLICE_X58Y14  cp16/sample_im_mem_reg_0_63_0_2/RAMD/CLK
Low Pulse Width   Fast    RAMD64E/CLK  n/a            1.130         5.000       3.870      SLICE_X58Y14  cp16/sample_im_mem_reg_0_63_0_2/RAMD/CLK
Low Pulse Width   Slow    RAMD64E/CLK  n/a            1.130         5.000       3.870      SLICE_X58Y32  cp16/sample_im_mem_reg_0_63_12_14/RAMA/CLK
Low Pulse Width   Fast    RAMD64E/CLK  n/a            1.130         5.000       3.870      SLICE_X58Y32  cp16/sample_im_mem_reg_0_63_12_14/RAMA/CLK
High Pulse Width  Slow    RAMD64E/CLK  n/a            1.130         5.000       3.870      SLICE_X58Y14  cp16/sample_im_mem_reg_0_63_0_2/RAMA/CLK
High Pulse Width  Fast    RAMD64E/CLK  n/a            1.130         5.000       3.870      SLICE_X58Y14  cp16/sample_im_mem_reg_0_63_0_2/RAMA/CLK
High Pulse Width  Slow    RAMD64E/CLK  n/a            1.130         5.000       3.870      SLICE_X58Y14  cp16/sample_im_mem_reg_0_63_0_2/RAMB/CLK
High Pulse Width  Fast    RAMD64E/CLK  n/a            1.130         5.000       3.870      SLICE_X58Y14  cp16/sample_im_mem_reg_0_63_0_2/RAMB/CLK
High Pulse Width  Slow    RAMD64E/CLK  n/a            1.130         5.000       3.870      SLICE_X58Y14  cp16/sample_im_mem_reg_0_63_0_2/RAMC/CLK
High Pulse Width  Fast    RAMD64E/CLK  n/a            1.130         5.000       3.870      SLICE_X58Y14  cp16/sample_im_mem_reg_0_63_0_2/RAMC/CLK
High Pulse Width  Slow    RAMD64E/CLK  n/a            1.130         5.000       3.870      SLICE_X58Y14  cp16/sample_im_mem_reg_0_63_0_2/RAMD/CLK
High Pulse Width  Fast    RAMD64E/CLK  n/a            1.130         5.000       3.870      SLICE_X58Y14  cp16/sample_im_mem_reg_0_63_0_2/RAMD/CLK
High Pulse Width  Slow    RAMD64E/CLK  n/a            1.130         5.000       3.870      SLICE_X58Y32  cp16/sample_im_mem_reg_0_63_12_14/RAMA/CLK
High Pulse Width  Fast    RAMD64E/CLK  n/a            1.130         5.000       3.870      SLICE_X58Y32  cp16/sample_im_mem_reg_0_63_12_14/RAMA/CLK
