Copyright 1986-2021 Xilinx, Inc. All Rights Reserved.
-------------------------------------------------------------------------------------------------------------------------------------------------------------------------------------------------
| Tool Version : Vivado v.2021.1 (win64) Build 3247384 Thu Jun 10 19:36:33 MDT 2021
| Date         : normalized
| Host         : normalized
| Command      : report_timing_summary -delay_type max -max_paths 10 -file <output_dir>/ofdm_axi_modem_bram_post_route_timing_summary.rpt
| Design       : ofdm_axi_modem
| Device       : 7z020-clg400
| Speed File   : -2  PRODUCTION 1.12 2019-11-22
-------------------------------------------------------------------------------------------------------------------------------------------------------------------------------------------------

Timing Summary Report

------------------------------------------------------------------------------------------------
| Timer Settings
| --------------
------------------------------------------------------------------------------------------------

  Enable Multi Corner Analysis               :  Yes
  Enable Pessimism Removal                   :  Yes
  Pessimism Removal Resolution               :  Nearest Common Node
  Enable Input Delay Default Clock           :  No
  Enable Preset / Clear Arcs                 :  No
  Disable Flight Delays                      :  No
  Ignore I/O Paths                           :  No
  Timing Early Launch at Borrowing Latches   :  No
  Borrow Time for Max Delay Exceptions       :  Yes
  Merge Timing Exceptions                    :  Yes

  Corner  Analyze    Analyze
  Name    Max Paths  Min Paths
  ------  ---------  ---------
  Slow    Yes        Yes
  Fast    Yes        Yes


------------------------------------------------------------------------------------------------
| Report Methodology
| ------------------
------------------------------------------------------------------------------------------------

No report available as report_methodology has not been run prior. Run report_methodology on the current design for the summary of methodology violations.



check_timing report

Table of Contents
-----------------
1. checking no_clock (280)
2. checking constant_clock (0)
3. checking pulse_width_clock (0)
4. checking unconstrained_internal_endpoints (20)
5. checking no_input_delay (0)
6. checking no_output_delay (0)
7. checking multiple_clock (0)
8. checking generated_clocks (0)
9. checking loops (0)
10. checking partial_input_delay (0)
11. checking partial_output_delay (0)
12. checking latch_loops (0)

1. checking no_clock (280)
--------------------------
 There are 10 register/latch pins with no clock driven by root clock pin: u_fft/normalized_ifft/FSM_onehot_state_reg[4]/Q (HIGH)

 There are 10 register/latch pins with no clock driven by root clock pin: u_fft/normalized_ifft/butterfly_j_reg[0]/Q (HIGH)

 There are 10 register/latch pins with no clock driven by root clock pin: u_fft/normalized_ifft/butterfly_j_reg[1]/Q (HIGH)

 There are 10 register/latch pins with no clock driven by root clock pin: u_fft/normalized_ifft/butterfly_j_reg[2]/Q (HIGH)

 There are 10 register/latch pins with no clock driven by root clock pin: u_fft/normalized_ifft/butterfly_j_reg[3]/Q (HIGH)

 There are 10 register/latch pins with no clock driven by root clock pin: u_fft/normalized_ifft/butterfly_j_reg[4]/Q (HIGH)

 There are 10 register/latch pins with no clock driven by root clock pin: u_fft/normalized_ifft/group_base_reg[1]/Q (HIGH)

 There are 10 register/latch pins with no clock driven by root clock pin: u_fft/normalized_ifft/group_base_reg[2]/Q (HIGH)

 There are 10 register/latch pins with no clock driven by root clock pin: u_fft/normalized_ifft/group_base_reg[3]/Q (HIGH)

 There are 10 register/latch pins with no clock driven by root clock pin: u_fft/normalized_ifft/group_base_reg[4]/Q (HIGH)

 There are 10 register/latch pins with no clock driven by root clock pin: u_fft/normalized_ifft/group_base_reg[5]/Q (HIGH)

 There are 10 register/latch pins with no clock driven by root clock pin: u_fft/normalized_ifft/stage_reg[0]/Q (HIGH)

 There are 10 register/latch pins with no clock driven by root clock pin: u_fft/normalized_ifft/stage_reg[1]/Q (HIGH)

 There are 10 register/latch pins with no clock driven by root clock pin: u_fft/normalized_ifft/stage_reg[2]/Q (HIGH)

 There are 10 register/latch pins with no clock driven by root clock pin: u_tx/tx_core/ifft/FSM_onehot_state_reg[4]/Q (HIGH)

 There are 10 register/latch pins with no clock driven by root clock pin: u_tx/tx_core/ifft/butterfly_j_reg[0]/Q (HIGH)

 There are 10 register/latch pins with no clock driven by root clock pin: u_tx/tx_core/ifft/butterfly_j_reg[1]/Q (HIGH)

 There are 10 register/latch pins with no clock driven by root clock pin: u_tx/tx_core/ifft/butterfly_j_reg[2]/Q (HIGH)

 There are 10 register/latch pins with no clock driven by root clock pin: u_tx/tx_core/ifft/butterfly_j_reg[3]/Q (HIGH)

 There are 10 register/latch pins with no clock driven by root clock pin: u_tx/tx_core/ifft/butterfly_j_reg[4]/Q (HIGH)

 There are 10 register/latch pins with no clock driven by root clock pin: u_tx/tx_core/ifft/group_base_reg[1]/Q (HIGH)

 There are 10 register/latch pins with no clock driven by root clock pin: u_tx/tx_core/ifft/group_base_reg[2]/Q (HIGH)

 There are 10 register/latch pins with no clock driven by root clock pin: u_tx/tx_core/ifft/group_base_reg[3]/Q (HIGH)

 There are 10 register/latch pins with no clock driven by root clock pin: u_tx/tx_core/ifft/group_base_reg[4]/Q (HIGH)

 There are 10 register/latch pins with no clock driven by root clock pin: u_tx/tx_core/ifft/group_base_reg[5]/Q (HIGH)

 There are 10 register/latch pins with no clock driven by root clock pin: u_tx/tx_core/ifft/stage_reg[0]/Q (HIGH)

 There are 10 register/latch pins with no clock driven by root clock pin: u_tx/tx_core/ifft/stage_reg[1]/Q (HIGH)

 There are 10 register/latch pins with no clock driven by root clock pin: u_tx/tx_core/ifft/stage_reg[2]/Q (HIGH)


2. checking constant_clock (0)
------------------------------
 There are 0 register/latch pins with constant_clock.


3. checking pulse_width_clock (0)
---------------------------------
 There are 0 register/latch pins which need pulse_width check


4. checking unconstrained_internal_endpoints (20)
-------------------------------------------------
 There are 20 pins that are not constrained for maximum delay. (HIGH)

 There are 0 pins that are not constrained for maximum delay due to constant clock.


5. checking no_input_delay (0)
------------------------------
 There are 0 input ports with no input delay specified.

 There are 0 input ports with no input delay but user has a false path constraint.


6. checking no_output_delay (0)
-------------------------------
 There are 0 ports with no output delay specified.

 There are 0 ports with no output delay but user has a false path constraint

 There are 0 ports with no output delay but with a timing clock defined on it or propagating through it


7. checking multiple_clock (0)
------------------------------
 There are 0 register/latch pins with multiple clocks.


8. checking generated_clocks (0)
--------------------------------
 There are 0 generated clocks that are not connected to a clock source.


9. checking loops (0)
---------------------
 There are 0 combinational loops in the design.


10. checking partial_input_delay (0)
------------------------------------
 There are 0 input ports with partial input delay specified.


11. checking partial_output_delay (0)
-------------------------------------
 There are 0 ports with partial output delay specified.


12. checking latch_loops (0)
----------------------------
 There are 0 combinational latch loops in the design through latch input



------------------------------------------------------------------------------------------------
| Design Timing Summary
| ---------------------
------------------------------------------------------------------------------------------------

    WNS(ns)      TNS(ns)  TNS Failing Endpoints  TNS Total Endpoints     WPWS(ns)     TPWS(ns)  TPWS Failing Endpoints  TPWS Total Endpoints
    -------      -------  ---------------------  -------------------     --------     --------  ----------------------  --------------------
      1.241        0.000                      0                 7393        3.870        0.000                       0                  1918


All user specified timing constraints are met.


------------------------------------------------------------------------------------------------
| Clock Summary
| -------------
------------------------------------------------------------------------------------------------

Clock  Waveform(ns)       Period(ns)      Frequency(MHz)
-----  ------------       ----------      --------------
clk    {0.000 5.000}      10.000          100.000


------------------------------------------------------------------------------------------------
| Intra Clock Table
| -----------------
------------------------------------------------------------------------------------------------

Clock             WNS(ns)      TNS(ns)  TNS Failing Endpoints  TNS Total Endpoints     WPWS(ns)     TPWS(ns)  TPWS Failing Endpoints  TPWS Total Endpoints
-----             -------      -------  ---------------------  -------------------     --------     --------  ----------------------  --------------------
clk                 1.241        0.000                      0                 7393        3.870        0.000                       0                  1918


------------------------------------------------------------------------------------------------
| Inter Clock Table
| -----------------
------------------------------------------------------------------------------------------------

From Clock    To Clock          WNS(ns)      TNS(ns)  TNS Failing Endpoints  TNS Total Endpoints
----------    --------          -------      -------  ---------------------  -------------------


------------------------------------------------------------------------------------------------
| Other Path Groups Table
| -----------------------
------------------------------------------------------------------------------------------------

Path Group    From Clock    To Clock          WNS(ns)      TNS(ns)  TNS Failing Endpoints  TNS Total Endpoints
----------    ----------    --------          -------      -------  ---------------------  -------------------


------------------------------------------------------------------------------------------------
| Timing Details
| --------------
------------------------------------------------------------------------------------------------


---------------------------------------------------------------------------------------------------
From Clock:  clk
  To Clock:  clk

Setup :            0  Failing Endpoints,  Worst Slack        1.241ns,  Total Violation        0.000ns
Hold  :           NA  Failing Endpoints,  Worst Slack           NA  ,  Total Violation           NA
PW    :            0  Failing Endpoints,  Worst Slack        3.870ns,  Total Violation        0.000ns
---------------------------------------------------------------------------------------------------


Max Delay Paths
--------------------------------------------------------------------------------------
Slack (MET) :             1.241ns  (required time - arrival time)
  Source:                 u_correct/equalizer/g_pipelined.s1_rr_reg/CLK
                            (rising edge-triggered cell DSP48E1 clocked by clk  {rise@0.000ns fall@5.000ns period=10.000ns})
  Destination:            u_correct/equalizer/g_pipelined.saturation_pending_reg[1]/D
                            (rising edge-triggered cell FDRE clocked by clk  {rise@0.000ns fall@5.000ns period=10.000ns})
  Path Group:             clk
  Path Type:              Setup (Max at Slow Process Corner)
  Requirement:            10.000ns  (clk rise@10.000ns - clk rise@0.000ns)
  Data Path Delay:        8.564ns  (logic 4.999ns (58.370%)  route 3.565ns (41.630%))
  Logic Levels:           14  (CARRY4=9 DSP48E1=1 LUT1=2 LUT5=1 LUT6=1)
  Clock Path Skew:        -0.192ns (DCD - SCD + CPR)
    Destination Clock Delay (DCD):    1.300ns = ( 11.300 - 10.000 )
    Source Clock Delay      (SCD):    1.589ns
    Clock Pessimism Removal (CPR):    0.097ns
  Clock Uncertainty:      0.035ns  ((TSJ^2 + TIJ^2)^1/2 + DJ) / 2 + PE
    Total System Jitter     (TSJ):    0.071ns
    Total Input Jitter      (TIJ):    0.000ns
    Discrete Jitter          (DJ):    0.000ns
    Phase Error              (PE):    0.000ns

    Location             Delay type                Incr(ns)  Path(ns)    Netlist Resource(s)
  -------------------------------------------------------------------    -------------------
                         (clock clk rise edge)        0.000     0.000 r
                                                      0.000     0.000 r  aclk (IN)
                         net (fo=1917, unset)         1.589     1.589    u_correct/equalizer/aclk
    DSP48_X3Y11          DSP48E1                                      r  u_correct/equalizer/g_pipelined.s1_rr_reg/CLK
  -------------------------------------------------------------------    -------------------
    DSP48_X3Y11          DSP48E1 (Prop_dsp48e1_CLK_P[22])
                                                      0.370     1.959 r  u_correct/equalizer/g_pipelined.s1_rr_reg/P[22]
                         net (fo=1, routed)           0.810     2.769    u_correct/equalizer/g_pipelined.s1_rr_reg_n_83
    DSP48_X3Y9           DSP48E1 (Prop_dsp48e1_C[22]_P[1])
                                                      1.523     4.292 f  u_correct/equalizer/g_pipelined.equalized_re_q29/P[1]
                         net (fo=1, routed)           0.743     5.035    u_correct/equalizer/g_pipelined.equalized_re_q29_n_104
    SLICE_X92Y18         LUT1 (Prop_lut1_I0_O)        0.105     5.140 r  u_correct/equalizer/g_pipelined.out_re[15]_i_70/O
                         net (fo=1, routed)           0.000     5.140    u_correct/equalizer/g_pipelined.out_re[15]_i_70_n_0
    SLICE_X92Y18         CARRY4 (Prop_carry4_S[0]_CO[3])
                                                      0.423     5.563 r  u_correct/equalizer/g_pipelined.out_re_reg[15]_i_61/CO[3]
                         net (fo=1, routed)           0.000     5.563    u_correct/equalizer/g_pipelined.out_re_reg[15]_i_61_n_0
    SLICE_X92Y19         CARRY4 (Prop_carry4_CI_CO[3])
                                                      0.100     5.663 r  u_correct/equalizer/g_pipelined.out_re_reg[15]_i_56/CO[3]
                         net (fo=1, routed)           0.000     5.663    u_correct/equalizer/g_pipelined.out_re_reg[15]_i_56_n_0
    SLICE_X92Y20         CARRY4 (Prop_carry4_CI_CO[3])
                                                      0.100     5.763 r  u_correct/equalizer/g_pipelined.out_re_reg[15]_i_51/CO[3]
                         net (fo=1, routed)           0.000     5.763    u_correct/equalizer/g_pipelined.out_re_reg[15]_i_51_n_0
    SLICE_X92Y21         CARRY4 (Prop_carry4_CI_O[1])
                                                      0.257     6.020 f  u_correct/equalizer/g_pipelined.out_re_reg[15]_i_45/O[1]
                         net (fo=1, routed)           0.261     6.281    round_q29_to_q15_wide2[14]
    SLICE_X93Y21         LUT1 (Prop_lut1_I0_O)        0.245     6.526 r  g_pipelined.out_re[15]_i_34/O
                         net (fo=1, routed)           0.389     6.916    g_pipelined.out_re[15]_i_34_n_0
    SLICE_X91Y21         CARRY4 (Prop_carry4_CYINIT_CO[3])
                                                      0.480     7.396 r  g_pipelined.out_re_reg[15]_i_20/CO[3]
                         net (fo=1, routed)           0.000     7.396    g_pipelined.out_re_reg[15]_i_20_n_0
    SLICE_X91Y22         CARRY4 (Prop_carry4_CI_CO[3])
                                                      0.098     7.494 r  g_pipelined.out_re_reg[15]_i_12/CO[3]
                         net (fo=1, routed)           0.000     7.494    g_pipelined.out_re_reg[15]_i_12_n_0
    SLICE_X91Y23         CARRY4 (Prop_carry4_CI_CO[3])
                                                      0.098     7.592 r  g_pipelined.out_re_reg[15]_i_6/CO[3]
                         net (fo=1, routed)           0.000     7.592    g_pipelined.out_re_reg[15]_i_6_n_0
    SLICE_X91Y24         CARRY4 (Prop_carry4_CI_O[3])
                                                      0.260     7.852 r  g_pipelined.out_re_reg[15]_i_4/O[3]
                         net (fo=4, routed)           0.710     8.562    u_correct/equalizer/round_q29_to_q15_wide0[2]
    SLICE_X88Y25         LUT5 (Prop_lut5_I1_O)        0.257     8.819 r  u_correct/equalizer/saturate_q151_carry_i_3__1/O
                         net (fo=1, routed)           0.000     8.819    u_correct/equalizer/saturate_q151_carry_i_3__1_n_0
    SLICE_X88Y25         CARRY4 (Prop_carry4_S[1]_CO[1])
                                                      0.408     9.227 r  u_correct/equalizer/saturate_q151_carry/CO[1]
                         net (fo=3, routed)           0.651     9.878    u_correct/equalizer/saturate_q1511_in
    SLICE_X87Y27         LUT6 (Prop_lut6_I1_O)        0.275    10.153 r  u_correct/equalizer/g_pipelined.saturation_pending[1]_i_1/O
                         net (fo=1, routed)           0.000    10.153    u_correct/equalizer/g_pipelined.saturation_pending[1]_i_1_n_0
    SLICE_X87Y27         FDRE                                         r  u_correct/equalizer/g_pipelined.saturation_pending_reg[1]/D
  -------------------------------------------------------------------    -------------------

                         (clock clk rise edge)       10.000    10.000 r
                                                      0.000    10.000 r  aclk (IN)
                         net (fo=1917, unset)         1.300    11.300    u_correct/equalizer/aclk
    SLICE_X87Y27         FDRE                                         r  u_correct/equalizer/g_pipelined.saturation_pending_reg[1]/C
                         clock pessimism              0.097    11.397
                         clock uncertainty           -0.035    11.362
    SLICE_X87Y27         FDRE (Setup_fdre_C_D)        0.032    11.394    u_correct/equalizer/g_pipelined.saturation_pending_reg[1]
  -------------------------------------------------------------------
                         required time                         11.394
                         arrival time                         -10.153
  -------------------------------------------------------------------
                         slack                                  1.241

Slack (MET) :             1.285ns  (required time - arrival time)
  Source:                 u_fft/normalized_ifft/butterfly/g_pipelined.s2_a_re_reg[0]/C
                            (rising edge-triggered cell FDRE clocked by clk  {rise@0.000ns fall@5.000ns period=10.000ns})
  Destination:            u_fft/normalized_ifft/butterfly/saturation_count_reg[2]/D
                            (rising edge-triggered cell FDRE clocked by clk  {rise@0.000ns fall@5.000ns period=10.000ns})
  Path Group:             clk
  Path Type:              Setup (Max at Slow Process Corner)
  Requirement:            10.000ns  (clk rise@10.000ns - clk rise@0.000ns)
  Data Path Delay:        8.650ns  (logic 3.717ns (42.970%)  route 4.933ns (57.030%))
  Logic Levels:           13  (CARRY4=7 LUT1=2 LUT2=1 LUT5=1 LUT6=2)
  Clock Path Skew:        -0.062ns (DCD - SCD + CPR)
    Destination Clock Delay (DCD):    1.321ns = ( 11.321 - 10.000 )
    Source Clock Delay      (SCD):    1.480ns
    Clock Pessimism Removal (CPR):    0.097ns
  Clock Uncertainty:      0.035ns  ((TSJ^2 + TIJ^2)^1/2 + DJ) / 2 + PE
    Total System Jitter     (TSJ):    0.071ns
    Total Input Jitter      (TIJ):    0.000ns
    Discrete Jitter          (DJ):    0.000ns
    Phase Error              (PE):    0.000ns

    Location             Delay type                Incr(ns)  Path(ns)    Netlist Resource(s)
  -------------------------------------------------------------------    -------------------
                         (clock clk rise edge)        0.000     0.000 r
                                                      0.000     0.000 r  aclk (IN)
                         net (fo=1917, unset)         1.480     1.480    u_fft/normalized_ifft/butterfly/aclk
    SLICE_X21Y9          FDRE                                         r  u_fft/normalized_ifft/butterfly/g_pipelined.s2_a_re_reg[0]/C
  -------------------------------------------------------------------    -------------------
    SLICE_X21Y9          FDRE (Prop_fdre_C_Q)         0.379     1.859 r  u_fft/normalized_ifft/butterfly/g_pipelined.s2_a_re_reg[0]/Q
                         net (fo=6, routed)           0.674     2.533    u_fft/normalized_ifft/butterfly/g_pipelined.s2_a_re[0]
    SLICE_X23Y7          LUT2 (Prop_lut2_I0_O)        0.105     2.638 r  u_fft/normalized_ifft/butterfly/y1_re[0]_i_11__0/O
                         net (fo=1, routed)           0.000     2.638    u_fft/normalized_ifft/butterfly/y1_re[0]_i_11__0_n_0
    SLICE_X23Y7          CARRY4 (Prop_carry4_S[0]_O[0])
                                                      0.207     2.845 f  u_fft/normalized_ifft/butterfly/y1_re_reg[0]_i_6__0/O[0]
                         net (fo=1, routed)           0.443     3.288    u_fft/normalized_ifft/butterfly/y1_re_reg[0]_i_6__0_n_7
    SLICE_X22Y6          LUT1 (Prop_lut1_I0_O)        0.249     3.537 r  u_fft/normalized_ifft/butterfly/y1_re[0]_i_7__0/O
                         net (fo=1, routed)           0.000     3.537    u_fft/normalized_ifft/butterfly/y1_re[0]_i_7__0_n_0
    SLICE_X22Y6          CARRY4 (Prop_carry4_S[0]_O[1])
                                                      0.345     3.882 f  u_fft/normalized_ifft/butterfly/y1_re_reg[0]_i_2__0/O[1]
                         net (fo=2, routed)           0.365     4.247    u_fft/normalized_ifft/butterfly/y1_re_reg[0]_i_2__0_n_6
    SLICE_X20Y6          LUT1 (Prop_lut1_I0_O)        0.248     4.495 r  u_fft/normalized_ifft/butterfly/i__carry_i_1__17/O
                         net (fo=1, routed)           0.431     4.927    u_fft/normalized_ifft/butterfly/i__carry_i_1__17_n_0
    SLICE_X21Y6          CARRY4 (Prop_carry4_CYINIT_CO[3])
                                                      0.661     5.588 r  u_fft/normalized_ifft/butterfly/round_div2_away0_inferred__1/i__carry/CO[3]
                         net (fo=1, routed)           0.000     5.588    u_fft/normalized_ifft/butterfly/round_div2_away0_inferred__1/i__carry_n_0
    SLICE_X21Y7          CARRY4 (Prop_carry4_CI_CO[3])
                                                      0.098     5.686 r  u_fft/normalized_ifft/butterfly/round_div2_away0_inferred__1/i__carry__0/CO[3]
                         net (fo=1, routed)           0.000     5.686    u_fft/normalized_ifft/butterfly/round_div2_away0_inferred__1/i__carry__0_n_0
    SLICE_X21Y8          CARRY4 (Prop_carry4_CI_CO[3])
                                                      0.098     5.784 r  u_fft/normalized_ifft/butterfly/round_div2_away0_inferred__1/i__carry__1/CO[3]
                         net (fo=1, routed)           0.000     5.784    u_fft/normalized_ifft/butterfly/round_div2_away0_inferred__1/i__carry__1_n_0
    SLICE_X21Y9          CARRY4 (Prop_carry4_CI_O[1])
                                                      0.265     6.049 f  u_fft/normalized_ifft/butterfly/round_div2_away0_inferred__1/i__carry__2/O[1]
                         net (fo=3, routed)           0.957     7.006    u_fft/normalized_ifft/butterfly/round_div2_away0_inferred__1/i__carry__2_n_6
    SLICE_X24Y14         LUT5 (Prop_lut5_I0_O)        0.250     7.256 r  u_fft/normalized_ifft/butterfly/i__carry_i_5__12/O
                         net (fo=1, routed)           0.000     7.256    u_fft/normalized_ifft/butterfly/i__carry_i_5__12_n_0
    SLICE_X24Y14         CARRY4 (Prop_carry4_S[0]_CO[2])
                                                      0.446     7.702 r  u_fft/normalized_ifft/butterfly/saturate_q151_inferred__3/i__carry/CO[2]
                         net (fo=18, routed)          1.458     9.160    u_fft/normalized_ifft/butterfly/saturate_q1511_in
    SLICE_X9Y16          LUT6 (Prop_lut6_I0_O)        0.261     9.421 r  u_fft/normalized_ifft/butterfly/saturation_count[2]_i_2__0/O
                         net (fo=2, routed)           0.604    10.025    u_fft/normalized_ifft/butterfly/saturation_count[2]_i_2__0_n_0
    SLICE_X13Y16         LUT6 (Prop_lut6_I0_O)        0.105    10.130 r  u_fft/normalized_ifft/butterfly/saturation_count[2]_i_1__0/O
                         net (fo=1, routed)           0.000    10.130    u_fft/normalized_ifft/butterfly/saturation_count[2]_i_1__0_n_0
    SLICE_X13Y16         FDRE                                         r  u_fft/normalized_ifft/butterfly/saturation_count_reg[2]/D
  -------------------------------------------------------------------    -------------------

                         (clock clk rise edge)       10.000    10.000 r
                                                      0.000    10.000 r  aclk (IN)
                         net (fo=1917, unset)         1.321    11.321    u_fft/normalized_ifft/butterfly/aclk
    SLICE_X13Y16         FDRE                                         r  u_fft/normalized_ifft/butterfly/saturation_count_reg[2]/C
                         clock pessimism              0.097    11.418
                         clock uncertainty           -0.035    11.383
    SLICE_X13Y16         FDRE (Setup_fdre_C_D)        0.032    11.415    u_fft/normalized_ifft/butterfly/saturation_count_reg[2]
  -------------------------------------------------------------------
                         required time                         11.415
                         arrival time                         -10.130
  -------------------------------------------------------------------
                         slack                                  1.285

Slack (MET) :             1.355ns  (required time - arrival time)
  Source:                 u_correct/equalizer/g_pipelined.s1_ri_reg/CLK
                            (rising edge-triggered cell DSP48E1 clocked by clk  {rise@0.000ns fall@5.000ns period=10.000ns})
  Destination:            u_correct/equalizer/g_pipelined.saturation_pending_reg[0]/D
                            (rising edge-triggered cell FDRE clocked by clk  {rise@0.000ns fall@5.000ns period=10.000ns})
  Path Group:             clk
  Path Type:              Setup (Max at Slow Process Corner)
  Requirement:            10.000ns  (clk rise@10.000ns - clk rise@0.000ns)
  Data Path Delay:        8.451ns  (logic 5.043ns (59.676%)  route 3.408ns (40.324%))
  Logic Levels:           14  (CARRY4=9 DSP48E1=1 LUT1=2 LUT5=1 LUT6=1)
  Clock Path Skew:        -0.189ns (DCD - SCD + CPR)
    Destination Clock Delay (DCD):    1.300ns = ( 11.300 - 10.000 )
    Source Clock Delay      (SCD):    1.586ns
    Clock Pessimism Removal (CPR):    0.097ns
  Clock Uncertainty:      0.035ns  ((TSJ^2 + TIJ^2)^1/2 + DJ) / 2 + PE
    Total System Jitter     (TSJ):    0.071ns
    Total Input Jitter      (TIJ):    0.000ns
    Discrete Jitter          (DJ):    0.000ns
    Phase Error              (PE):    0.000ns

    Location             Delay type                Incr(ns)  Path(ns)    Netlist Resource(s)
  -------------------------------------------------------------------    -------------------
                         (clock clk rise edge)        0.000     0.000 r
                                                      0.000     0.000 r  aclk (IN)
                         net (fo=1917, unset)         1.586     1.586    u_correct/equalizer/aclk
    DSP48_X3Y10          DSP48E1                                      r  u_correct/equalizer/g_pipelined.s1_ri_reg/CLK
  -------------------------------------------------------------------    -------------------
    DSP48_X3Y10          DSP48E1 (Prop_dsp48e1_CLK_P[28])
                                                      0.370     1.956 r  u_correct/equalizer/g_pipelined.s1_ri_reg/P[28]
                         net (fo=1, routed)           0.811     2.766    u_correct/equalizer/g_pipelined.s1_ri_reg_n_77
    DSP48_X3Y8           DSP48E1 (Prop_dsp48e1_C[28]_P[0])
                                                      1.523     4.289 f  u_correct/equalizer/g_pipelined.equalized_im_q29/P[0]
                         net (fo=1, routed)           0.412     4.702    u_correct/equalizer/g_pipelined.equalized_im_q29_n_105
    SLICE_X94Y20         LUT1 (Prop_lut1_I0_O)        0.105     4.807 r  u_correct/equalizer/g_pipelined.out_im[15]_i_64/O
                         net (fo=1, routed)           0.144     4.951    u_correct/equalizer/g_pipelined.out_im[15]_i_64_n_0
    SLICE_X95Y20         CARRY4 (Prop_carry4_CYINIT_CO[3])
                                                      0.480     5.431 r  u_correct/equalizer/g_pipelined.out_im_reg[15]_i_59/CO[3]
                         net (fo=1, routed)           0.000     5.431    u_correct/equalizer/g_pipelined.out_im_reg[15]_i_59_n_0
    SLICE_X95Y21         CARRY4 (Prop_carry4_CI_CO[3])
                                                      0.098     5.529 r  u_correct/equalizer/g_pipelined.out_im_reg[15]_i_54/CO[3]
                         net (fo=1, routed)           0.000     5.529    u_correct/equalizer/g_pipelined.out_im_reg[15]_i_54_n_0
    SLICE_X95Y22         CARRY4 (Prop_carry4_CI_CO[3])
                                                      0.098     5.627 r  u_correct/equalizer/g_pipelined.out_im_reg[15]_i_49/CO[3]
                         net (fo=1, routed)           0.000     5.627    u_correct/equalizer/g_pipelined.out_im_reg[15]_i_49_n_0
    SLICE_X95Y23         CARRY4 (Prop_carry4_CI_O[1])
                                                      0.265     5.892 f  u_correct/equalizer/g_pipelined.out_im_reg[15]_i_43/O[1]
                         net (fo=1, routed)           0.240     6.131    u_correct_n_75
    SLICE_X96Y23         LUT1 (Prop_lut1_I0_O)        0.250     6.381 r  g_pipelined.out_im[15]_i_32/O
                         net (fo=1, routed)           0.256     6.637    g_pipelined.out_im[15]_i_32_n_0
    SLICE_X96Y24         CARRY4 (Prop_carry4_CYINIT_CO[3])
                                                      0.494     7.131 r  g_pipelined.out_im_reg[15]_i_18/CO[3]
                         net (fo=1, routed)           0.008     7.139    g_pipelined.out_im_reg[15]_i_18_n_0
    SLICE_X96Y25         CARRY4 (Prop_carry4_CI_CO[3])
                                                      0.100     7.239 r  g_pipelined.out_im_reg[15]_i_10/CO[3]
                         net (fo=1, routed)           0.000     7.239    g_pipelined.out_im_reg[15]_i_10_n_0
    SLICE_X96Y26         CARRY4 (Prop_carry4_CI_CO[3])
                                                      0.100     7.339 r  g_pipelined.out_im_reg[15]_i_4/CO[3]
                         net (fo=1, routed)           0.000     7.339    g_pipelined.out_im_reg[15]_i_4_n_0
    SLICE_X96Y27         CARRY4 (Prop_carry4_CI_O[1])
                                                      0.257     7.596 r  g_pipelined.out_im_reg[15]_i_2/O[1]
                         net (fo=2, routed)           0.734     8.330    u_correct/equalizer/saturate_q151_inferred__1/i__carry_0[0]
    SLICE_X92Y27         LUT5 (Prop_lut5_I1_O)        0.245     8.575 r  u_correct/equalizer/i__carry_i_4__28/O
                         net (fo=1, routed)           0.000     8.575    u_correct/equalizer/i__carry_i_4__28_n_0
    SLICE_X92Y27         CARRY4 (Prop_carry4_S[0]_CO[1])
                                                      0.381     8.956 r  u_correct/equalizer/saturate_q151_inferred__2/i__carry/CO[1]
                         net (fo=3, routed)           0.803     9.759    u_correct/equalizer/saturate_q1510_in
    SLICE_X87Y27         LUT6 (Prop_lut6_I0_O)        0.277    10.036 r  u_correct/equalizer/g_pipelined.saturation_pending[0]_i_1/O
                         net (fo=1, routed)           0.000    10.036    u_correct/equalizer/g_pipelined.saturation_pending[0]_i_1_n_0
    SLICE_X87Y27         FDRE                                         r  u_correct/equalizer/g_pipelined.saturation_pending_reg[0]/D
  -------------------------------------------------------------------    -------------------

                         (clock clk rise edge)       10.000    10.000 r
                                                      0.000    10.000 r  aclk (IN)
                         net (fo=1917, unset)         1.300    11.300    u_correct/equalizer/aclk
    SLICE_X87Y27         FDRE                                         r  u_correct/equalizer/g_pipelined.saturation_pending_reg[0]/C
                         clock pessimism              0.097    11.397
                         clock uncertainty           -0.035    11.362
    SLICE_X87Y27         FDRE (Setup_fdre_C_D)        0.030    11.392    u_correct/equalizer/g_pipelined.saturation_pending_reg[0]
  -------------------------------------------------------------------
                         required time                         11.392
                         arrival time                         -10.036
  -------------------------------------------------------------------
                         slack                                  1.355

Slack (MET) :             1.441ns  (required time - arrival time)
  Source:                 u_correct/equalizer/g_pipelined.s1_rr_reg/CLK
                            (rising edge-triggered cell DSP48E1 clocked by clk  {rise@0.000ns fall@5.000ns period=10.000ns})
  Destination:            u_correct/equalizer/g_pipelined.out_re_reg[15]/D
                            (rising edge-triggered cell FDRE clocked by clk  {rise@0.000ns fall@5.000ns period=10.000ns})
  Path Group:             clk
  Path Type:              Setup (Max at Slow Process Corner)
  Requirement:            10.000ns  (clk rise@10.000ns - clk rise@0.000ns)
  Data Path Delay:        8.359ns  (logic 4.999ns (59.801%)  route 3.360ns (40.199%))
  Logic Levels:           14  (CARRY4=9 DSP48E1=1 LUT1=2 LUT5=2)
  Clock Path Skew:        -0.195ns (DCD - SCD + CPR)
    Destination Clock Delay (DCD):    1.297ns = ( 11.297 - 10.000 )
    Source Clock Delay      (SCD):    1.589ns
    Clock Pessimism Removal (CPR):    0.097ns
  Clock Uncertainty:      0.035ns  ((TSJ^2 + TIJ^2)^1/2 + DJ) / 2 + PE
    Total System Jitter     (TSJ):    0.071ns
    Total Input Jitter      (TIJ):    0.000ns
    Discrete Jitter          (DJ):    0.000ns
    Phase Error              (PE):    0.000ns

    Location             Delay type                Incr(ns)  Path(ns)    Netlist Resource(s)
  -------------------------------------------------------------------    -------------------
                         (clock clk rise edge)        0.000     0.000 r
                                                      0.000     0.000 r  aclk (IN)
                         net (fo=1917, unset)         1.589     1.589    u_correct/equalizer/aclk
    DSP48_X3Y11          DSP48E1                                      r  u_correct/equalizer/g_pipelined.s1_rr_reg/CLK
  -------------------------------------------------------------------    -------------------
    DSP48_X3Y11          DSP48E1 (Prop_dsp48e1_CLK_P[22])
                                                      0.370     1.959 r  u_correct/equalizer/g_pipelined.s1_rr_reg/P[22]
                         net (fo=1, routed)           0.810     2.769    u_correct/equalizer/g_pipelined.s1_rr_reg_n_83
    DSP48_X3Y9           DSP48E1 (Prop_dsp48e1_C[22]_P[1])
                                                      1.523     4.292 f  u_correct/equalizer/g_pipelined.equalized_re_q29/P[1]
                         net (fo=1, routed)           0.743     5.035    u_correct/equalizer/g_pipelined.equalized_re_q29_n_104
    SLICE_X92Y18         LUT1 (Prop_lut1_I0_O)        0.105     5.140 r  u_correct/equalizer/g_pipelined.out_re[15]_i_70/O
                         net (fo=1, routed)           0.000     5.140    u_correct/equalizer/g_pipelined.out_re[15]_i_70_n_0
    SLICE_X92Y18         CARRY4 (Prop_carry4_S[0]_CO[3])
                                                      0.423     5.563 r  u_correct/equalizer/g_pipelined.out_re_reg[15]_i_61/CO[3]
                         net (fo=1, routed)           0.000     5.563    u_correct/equalizer/g_pipelined.out_re_reg[15]_i_61_n_0
    SLICE_X92Y19         CARRY4 (Prop_carry4_CI_CO[3])
                                                      0.100     5.663 r  u_correct/equalizer/g_pipelined.out_re_reg[15]_i_56/CO[3]
                         net (fo=1, routed)           0.000     5.663    u_correct/equalizer/g_pipelined.out_re_reg[15]_i_56_n_0
    SLICE_X92Y20         CARRY4 (Prop_carry4_CI_CO[3])
                                                      0.100     5.763 r  u_correct/equalizer/g_pipelined.out_re_reg[15]_i_51/CO[3]
                         net (fo=1, routed)           0.000     5.763    u_correct/equalizer/g_pipelined.out_re_reg[15]_i_51_n_0
    SLICE_X92Y21         CARRY4 (Prop_carry4_CI_O[1])
                                                      0.257     6.020 f  u_correct/equalizer/g_pipelined.out_re_reg[15]_i_45/O[1]
                         net (fo=1, routed)           0.261     6.281    round_q29_to_q15_wide2[14]
    SLICE_X93Y21         LUT1 (Prop_lut1_I0_O)        0.245     6.526 r  g_pipelined.out_re[15]_i_34/O
                         net (fo=1, routed)           0.389     6.916    g_pipelined.out_re[15]_i_34_n_0
    SLICE_X91Y21         CARRY4 (Prop_carry4_CYINIT_CO[3])
                                                      0.480     7.396 r  g_pipelined.out_re_reg[15]_i_20/CO[3]
                         net (fo=1, routed)           0.000     7.396    g_pipelined.out_re_reg[15]_i_20_n_0
    SLICE_X91Y22         CARRY4 (Prop_carry4_CI_CO[3])
                                                      0.098     7.494 r  g_pipelined.out_re_reg[15]_i_12/CO[3]
                         net (fo=1, routed)           0.000     7.494    g_pipelined.out_re_reg[15]_i_12_n_0
    SLICE_X91Y23         CARRY4 (Prop_carry4_CI_CO[3])
                                                      0.098     7.592 r  g_pipelined.out_re_reg[15]_i_6/CO[3]
                         net (fo=1, routed)           0.000     7.592    g_pipelined.out_re_reg[15]_i_6_n_0
    SLICE_X91Y24         CARRY4 (Prop_carry4_CI_O[3])
                                                      0.260     7.852 r  g_pipelined.out_re_reg[15]_i_4/O[3]
                         net (fo=4, routed)           0.710     8.562    u_correct/equalizer/round_q29_to_q15_wide0[2]
    SLICE_X88Y25         LUT5 (Prop_lut5_I1_O)        0.257     8.819 r  u_correct/equalizer/saturate_q151_carry_i_3__1/O
                         net (fo=1, routed)           0.000     8.819    u_correct/equalizer/saturate_q151_carry_i_3__1_n_0
    SLICE_X88Y25         CARRY4 (Prop_carry4_S[1]_CO[1])
                                                      0.408     9.227 r  u_correct/equalizer/saturate_q151_carry/CO[1]
                         net (fo=3, routed)           0.446     9.673    u_correct/equalizer/saturate_q1511_in
    SLICE_X87Y25         LUT5 (Prop_lut5_I3_O)        0.275     9.948 r  u_correct/equalizer/g_pipelined.out_re[15]_i_3/O
                         net (fo=1, routed)           0.000     9.948    u_correct/equalizer/g_pipelined.out_re[15]_i_3_n_0
    SLICE_X87Y25         FDRE                                         r  u_correct/equalizer/g_pipelined.out_re_reg[15]/D
  -------------------------------------------------------------------    -------------------

                         (clock clk rise edge)       10.000    10.000 r
                                                      0.000    10.000 r  aclk (IN)
                         net (fo=1917, unset)         1.297    11.297    u_correct/equalizer/aclk
    SLICE_X87Y25         FDRE                                         r  u_correct/equalizer/g_pipelined.out_re_reg[15]/C
                         clock pessimism              0.097    11.394
                         clock uncertainty           -0.035    11.359
    SLICE_X87Y25         FDRE (Setup_fdre_C_D)        0.030    11.389    u_correct/equalizer/g_pipelined.out_re_reg[15]
  -------------------------------------------------------------------
                         required time                         11.389
                         arrival time                          -9.948
  -------------------------------------------------------------------
                         slack                                  1.441

Slack (MET) :             1.514ns  (required time - arrival time)
  Source:                 u_fft/normalized_ifft/butterfly/g_pipelined.s2_a_re_reg[0]/C
                            (rising edge-triggered cell FDRE clocked by clk  {rise@0.000ns fall@5.000ns period=10.000ns})
  Destination:            u_fft/normalized_ifft/butterfly/saturation_count_reg[1]/D
                            (rising edge-triggered cell FDRE clocked by clk  {rise@0.000ns fall@5.000ns period=10.000ns})
  Path Group:             clk
  Path Type:              Setup (Max at Slow Process Corner)
  Requirement:            10.000ns  (clk rise@10.000ns - clk rise@0.000ns)
  Data Path Delay:        8.421ns  (logic 3.717ns (44.139%)  route 4.704ns (55.861%))
  Logic Levels:           13  (CARRY4=7 LUT1=2 LUT2=1 LUT5=1 LUT6=2)
  Clock Path Skew:        -0.062ns (DCD - SCD + CPR)
    Destination Clock Delay (DCD):    1.321ns = ( 11.321 - 10.000 )
    Source Clock Delay      (SCD):    1.480ns
    Clock Pessimism Removal (CPR):    0.097ns
  Clock Uncertainty:      0.035ns  ((TSJ^2 + TIJ^2)^1/2 + DJ) / 2 + PE
    Total System Jitter     (TSJ):    0.071ns
    Total Input Jitter      (TIJ):    0.000ns
    Discrete Jitter          (DJ):    0.000ns
    Phase Error              (PE):    0.000ns

    Location             Delay type                Incr(ns)  Path(ns)    Netlist Resource(s)
  -------------------------------------------------------------------    -------------------
                         (clock clk rise edge)        0.000     0.000 r
                                                      0.000     0.000 r  aclk (IN)
                         net (fo=1917, unset)         1.480     1.480    u_fft/normalized_ifft/butterfly/aclk
    SLICE_X21Y9          FDRE                                         r  u_fft/normalized_ifft/butterfly/g_pipelined.s2_a_re_reg[0]/C
  -------------------------------------------------------------------    -------------------
    SLICE_X21Y9          FDRE (Prop_fdre_C_Q)         0.379     1.859 r  u_fft/normalized_ifft/butterfly/g_pipelined.s2_a_re_reg[0]/Q
                         net (fo=6, routed)           0.674     2.533    u_fft/normalized_ifft/butterfly/g_pipelined.s2_a_re[0]
    SLICE_X23Y7          LUT2 (Prop_lut2_I0_O)        0.105     2.638 r  u_fft/normalized_ifft/butterfly/y1_re[0]_i_11__0/O
                         net (fo=1, routed)           0.000     2.638    u_fft/normalized_ifft/butterfly/y1_re[0]_i_11__0_n_0
    SLICE_X23Y7          CARRY4 (Prop_carry4_S[0]_O[0])
                                                      0.207     2.845 f  u_fft/normalized_ifft/butterfly/y1_re_reg[0]_i_6__0/O[0]
                         net (fo=1, routed)           0.443     3.288    u_fft/normalized_ifft/butterfly/y1_re_reg[0]_i_6__0_n_7
    SLICE_X22Y6          LUT1 (Prop_lut1_I0_O)        0.249     3.537 r  u_fft/normalized_ifft/butterfly/y1_re[0]_i_7__0/O
                         net (fo=1, routed)           0.000     3.537    u_fft/normalized_ifft/butterfly/y1_re[0]_i_7__0_n_0
    SLICE_X22Y6          CARRY4 (Prop_carry4_S[0]_O[1])
                                                      0.345     3.882 f  u_fft/normalized_ifft/butterfly/y1_re_reg[0]_i_2__0/O[1]
                         net (fo=2, routed)           0.365     4.247    u_fft/normalized_ifft/butterfly/y1_re_reg[0]_i_2__0_n_6
    SLICE_X20Y6          LUT1 (Prop_lut1_I0_O)        0.248     4.495 r  u_fft/normalized_ifft/butterfly/i__carry_i_1__17/O
                         net (fo=1, routed)           0.431     4.927    u_fft/normalized_ifft/butterfly/i__carry_i_1__17_n_0
    SLICE_X21Y6          CARRY4 (Prop_carry4_CYINIT_CO[3])
                                                      0.661     5.588 r  u_fft/normalized_ifft/butterfly/round_div2_away0_inferred__1/i__carry/CO[3]
                         net (fo=1, routed)           0.000     5.588    u_fft/normalized_ifft/butterfly/round_div2_away0_inferred__1/i__carry_n_0
    SLICE_X21Y7          CARRY4 (Prop_carry4_CI_CO[3])
                                                      0.098     5.686 r  u_fft/normalized_ifft/butterfly/round_div2_away0_inferred__1/i__carry__0/CO[3]
                         net (fo=1, routed)           0.000     5.686    u_fft/normalized_ifft/butterfly/round_div2_away0_inferred__1/i__carry__0_n_0
    SLICE_X21Y8          CARRY4 (Prop_carry4_CI_CO[3])
                                                      0.098     5.784 r  u_fft/normalized_ifft/butterfly/round_div2_away0_inferred__1/i__carry__1/CO[3]
                         net (fo=1, routed)           0.000     5.784    u_fft/normalized_ifft/butterfly/round_div2_away0_inferred__1/i__carry__1_n_0
    SLICE_X21Y9          CARRY4 (Prop_carry4_CI_O[1])
                                                      0.265     6.049 f  u_fft/normalized_ifft/butterfly/round_div2_away0_inferred__1/i__carry__2/O[1]
                         net (fo=3, routed)           0.957     7.006    u_fft/normalized_ifft/butterfly/round_div2_away0_inferred__1/i__carry__2_n_6
    SLICE_X24Y14         LUT5 (Prop_lut5_I0_O)        0.250     7.256 r  u_fft/normalized_ifft/butterfly/i__carry_i_5__12/O
                         net (fo=1, routed)           0.000     7.256    u_fft/normalized_ifft/butterfly/i__carry_i_5__12_n_0
    SLICE_X24Y14         CARRY4 (Prop_carry4_S[0]_CO[2])
                                                      0.446     7.702 r  u_fft/normalized_ifft/butterfly/saturate_q151_inferred__3/i__carry/CO[2]
                         net (fo=18, routed)          1.458     9.160    u_fft/normalized_ifft/butterfly/saturate_q1511_in
    SLICE_X9Y16          LUT6 (Prop_lut6_I0_O)        0.261     9.421 r  u_fft/normalized_ifft/butterfly/saturation_count[2]_i_2__0/O
                         net (fo=2, routed)           0.375     9.796    u_fft/normalized_ifft/butterfly/saturation_count[2]_i_2__0_n_0
    SLICE_X13Y16         LUT6 (Prop_lut6_I3_O)        0.105     9.901 r  u_fft/normalized_ifft/butterfly/saturation_count[1]_i_1__0/O
                         net (fo=1, routed)           0.000     9.901    u_fft/normalized_ifft/butterfly/saturation_count[1]_i_1__0_n_0
    SLICE_X13Y16         FDRE                                         r  u_fft/normalized_ifft/butterfly/saturation_count_reg[1]/D
  -------------------------------------------------------------------    -------------------

                         (clock clk rise edge)       10.000    10.000 r
                                                      0.000    10.000 r  aclk (IN)
                         net (fo=1917, unset)         1.321    11.321    u_fft/normalized_ifft/butterfly/aclk
    SLICE_X13Y16         FDRE                                         r  u_fft/normalized_ifft/butterfly/saturation_count_reg[1]/C
                         clock pessimism              0.097    11.418
                         clock uncertainty           -0.035    11.383
    SLICE_X13Y16         FDRE (Setup_fdre_C_D)        0.032    11.415    u_fft/normalized_ifft/butterfly/saturation_count_reg[1]
  -------------------------------------------------------------------
                         required time                         11.415
                         arrival time                          -9.901
  -------------------------------------------------------------------
                         slack                                  1.514

Slack (MET) :             1.683ns  (required time - arrival time)
  Source:                 g_channel_eq.u_channel_eq/n_bin_reg[2]/C
                            (rising edge-triggered cell FDRE clocked by clk  {rise@0.000ns fall@5.000ns period=10.000ns})
  Destination:            g_channel_eq.u_channel_eq/n_e_reg/PCIN[0]
                            (rising edge-triggered cell DSP48E1 clocked by clk  {rise@0.000ns fall@5.000ns period=10.000ns})
  Path Group:             clk
  Path Type:              Setup (Max at Slow Process Corner)
  Requirement:            10.000ns  (clk rise@10.000ns - clk rise@0.000ns)
  Data Path Delay:        7.141ns  (logic 3.987ns (55.831%)  route 3.154ns (44.169%))
  Logic Levels:           2  (DSP48E1=1 RAMD64E=1)
  Clock Path Skew:        0.034ns (DCD - SCD + CPR)
    Destination Clock Delay (DCD):    1.396ns = ( 11.396 - 10.000 )
    Source Clock Delay      (SCD):    1.459ns
    Clock Pessimism Removal (CPR):    0.097ns
  Clock Uncertainty:      0.035ns  ((TSJ^2 + TIJ^2)^1/2 + DJ) / 2 + PE
    Total System Jitter     (TSJ):    0.071ns
    Total Input Jitter      (TIJ):    0.000ns
    Discrete Jitter          (DJ):    0.000ns
    Phase Error              (PE):    0.000ns

    Location             Delay type                Incr(ns)  Path(ns)    Netlist Resource(s)
  -------------------------------------------------------------------    -------------------
                         (clock clk rise edge)        0.000     0.000 r
                                                      0.000     0.000 r  aclk (IN)
                         net (fo=1917, unset)         1.459     1.459    g_channel_eq.u_channel_eq/aclk
    SLICE_X27Y25         FDRE                                         r  g_channel_eq.u_channel_eq/n_bin_reg[2]/C
  -------------------------------------------------------------------    -------------------
    SLICE_X27Y25         FDRE (Prop_fdre_C_Q)         0.348     1.807 r  g_channel_eq.u_channel_eq/n_bin_reg[2]/Q
                         net (fo=52, routed)          2.395     4.202    g_channel_eq.u_channel_eq/g_re_reg_r1_0_63_3_5/ADDRA2
    SLICE_X16Y18         RAMD64E (Prop_ramd64e_RADR2_O)
                                                      0.242     4.444 r  g_channel_eq.u_channel_eq/g_re_reg_r1_0_63_3_5/RAMA/O
                         net (fo=2, routed)           0.703     5.147    g_channel_eq.u_channel_eq/n_gr[3]
    DSP48_X0Y9           DSP48E1 (Prop_dsp48e1_A[3]_PCOUT[0])
                                                      3.397     8.544 r  g_channel_eq.u_channel_eq/n_e1/PCOUT[0]
                         net (fo=1, routed)           0.056     8.600    g_channel_eq.u_channel_eq/n_e1_n_153
    DSP48_X0Y10          DSP48E1                                      r  g_channel_eq.u_channel_eq/n_e_reg/PCIN[0]
  -------------------------------------------------------------------    -------------------

                         (clock clk rise edge)       10.000    10.000 r
                                                      0.000    10.000 r  aclk (IN)
                         net (fo=1917, unset)         1.396    11.396    g_channel_eq.u_channel_eq/aclk
    DSP48_X0Y10          DSP48E1                                      r  g_channel_eq.u_channel_eq/n_e_reg/CLK
                         clock pessimism              0.097    11.493
                         clock uncertainty           -0.035    11.457
    DSP48_X0Y10          DSP48E1 (Setup_dsp48e1_CLK_PCIN[0])
                                                     -1.174    10.283    g_channel_eq.u_channel_eq/n_e_reg
  -------------------------------------------------------------------
                         required time                         10.283
                         arrival time                          -8.600
  -------------------------------------------------------------------
                         slack                                  1.683

Slack (MET) :             1.683ns  (required time - arrival time)
  Source:                 g_channel_eq.u_channel_eq/n_bin_reg[2]/C
                            (rising edge-triggered cell FDRE clocked by clk  {rise@0.000ns fall@5.000ns period=10.000ns})
  Destination:            g_channel_eq.u_channel_eq/n_e_reg/PCIN[10]
                            (rising edge-triggered cell DSP48E1 clocked by clk  {rise@0.000ns fall@5.000ns period=10.000ns})
  Path Group:             clk
  Path Type:              Setup (Max at Slow Process Corner)
  Requirement:            10.000ns  (clk rise@10.000ns - clk rise@0.000ns)
  Data Path Delay:        7.141ns  (logic 3.987ns (55.831%)  route 3.154ns (44.169%))
  Logic Levels:           2  (DSP48E1=1 RAMD64E=1)
  Clock Path Skew:        0.034ns (DCD - SCD + CPR)
    Destination Clock Delay (DCD):    1.396ns = ( 11.396 - 10.000 )
    Source Clock Delay      (SCD):    1.459ns
    Clock Pessimism Removal (CPR):    0.097ns
  Clock Uncertainty:      0.035ns  ((TSJ^2 + TIJ^2)^1/2 + DJ) / 2 + PE
    Total System Jitter     (TSJ):    0.071ns
    Total Input Jitter      (TIJ):    0.000ns
    Discrete Jitter          (DJ):    0.000ns
    Phase Error              (PE):    0.000ns

    Location             Delay type                Incr(ns)  Path(ns)    Netlist Resource(s)
  -------------------------------------------------------------------    -------------------
                         (clock clk rise edge)        0.000     0.000 r
                                                      0.000     0.000 r  aclk (IN)
                         net (fo=1917, unset)         1.459     1.459    g_channel_eq.u_channel_eq/aclk
    SLICE_X27Y25         FDRE                                         r  g_channel_eq.u_channel_eq/n_bin_reg[2]/C
  -------------------------------------------------------------------    -------------------
    SLICE_X27Y25         FDRE (Prop_fdre_C_Q)         0.348     1.807 r  g_channel_eq.u_channel_eq/n_bin_reg[2]/Q
                         net (fo=52, routed)          2.395     4.202    g_channel_eq.u_channel_eq/g_re_reg_r1_0_63_3_5/ADDRA2
    SLICE_X16Y18         RAMD64E (Prop_ramd64e_RADR2_O)
                                                      0.242     4.444 r  g_channel_eq.u_channel_eq/g_re_reg_r1_0_63_3_5/RAMA/O
                         net (fo=2, routed)           0.703     5.147    g_channel_eq.u_channel_eq/n_gr[3]
    DSP48_X0Y9           DSP48E1 (Prop_dsp48e1_A[3]_PCOUT[10])
                                                      3.397     8.544 r  g_channel_eq.u_channel_eq/n_e1/PCOUT[10]
                         net (fo=1, routed)           0.056     8.600    g_channel_eq.u_channel_eq/n_e1_n_143
    DSP48_X0Y10          DSP48E1                                      r  g_channel_eq.u_channel_eq/n_e_reg/PCIN[10]
  -------------------------------------------------------------------    -------------------

                         (clock clk rise edge)       10.000    10.000 r
                                                      0.000    10.000 r  aclk (IN)
                         net (fo=1917, unset)         1.396    11.396    g_channel_eq.u_channel_eq/aclk
    DSP48_X0Y10          DSP48E1                                      r  g_channel_eq.u_channel_eq/n_e_reg/CLK
                         clock pessimism              0.097    11.493
                         clock uncertainty           -0.035    11.457
    DSP48_X0Y10          DSP48E1 (Setup_dsp48e1_CLK_PCIN[10])
                                                     -1.174    10.283    g_channel_eq.u_channel_eq/n_e_reg
  -------------------------------------------------------------------
                         required time                         10.283
                         arrival time                          -8.600
  -------------------------------------------------------------------
                         slack                                  1.683

Slack (MET) :             1.683ns  (required time - arrival time)
  Source:                 g_channel_eq.u_channel_eq/n_bin_reg[2]/C
                            (rising edge-triggered cell FDRE clocked by clk  {rise@0.000ns fall@5.000ns period=10.000ns})
  Destination:            g_channel_eq.u_channel_eq/n_e_reg/PCIN[11]
                            (rising edge-triggered cell DSP48E1 clocked by clk  {rise@0.000ns fall@5.000ns period=10.000ns})
  Path Group:             clk
  Path Type:              Setup (Max at Slow Process Corner)
  Requirement:            10.000ns  (clk rise@10.000ns - clk rise@0.000ns)
  Data Path Delay:        7.141ns  (logic 3.987ns (55.831%)  route 3.154ns (44.169%))
  Logic Levels:           2  (DSP48E1=1 RAMD64E=1)
  Clock Path Skew:        0.034ns (DCD - SCD + CPR)
    Destination Clock Delay (DCD):    1.396ns = ( 11.396 - 10.000 )
    Source Clock Delay      (SCD):    1.459ns
    Clock Pessimism Removal (CPR):    0.097ns
  Clock Uncertainty:      0.035ns  ((TSJ^2 + TIJ^2)^1/2 + DJ) / 2 + PE
    Total System Jitter     (TSJ):    0.071ns
    Total Input Jitter      (TIJ):    0.000ns
    Discrete Jitter          (DJ):    0.000ns
    Phase Error              (PE):    0.000ns

    Location             Delay type                Incr(ns)  Path(ns)    Netlist Resource(s)
  -------------------------------------------------------------------    -------------------
                         (clock clk rise edge)        0.000     0.000 r
                                                      0.000     0.000 r  aclk (IN)
                         net (fo=1917, unset)         1.459     1.459    g_channel_eq.u_channel_eq/aclk
    SLICE_X27Y25         FDRE                                         r  g_channel_eq.u_channel_eq/n_bin_reg[2]/C
  -------------------------------------------------------------------    -------------------
    SLICE_X27Y25         FDRE (Prop_fdre_C_Q)         0.348     1.807 r  g_channel_eq.u_channel_eq/n_bin_reg[2]/Q
                         net (fo=52, routed)          2.395     4.202    g_channel_eq.u_channel_eq/g_re_reg_r1_0_63_3_5/ADDRA2
    SLICE_X16Y18         RAMD64E (Prop_ramd64e_RADR2_O)
                                                      0.242     4.444 r  g_channel_eq.u_channel_eq/g_re_reg_r1_0_63_3_5/RAMA/O
                         net (fo=2, routed)           0.703     5.147    g_channel_eq.u_channel_eq/n_gr[3]
    DSP48_X0Y9           DSP48E1 (Prop_dsp48e1_A[3]_PCOUT[11])
                                                      3.397     8.544 r  g_channel_eq.u_channel_eq/n_e1/PCOUT[11]
                         net (fo=1, routed)           0.056     8.600    g_channel_eq.u_channel_eq/n_e1_n_142
    DSP48_X0Y10          DSP48E1                                      r  g_channel_eq.u_channel_eq/n_e_reg/PCIN[11]
  -------------------------------------------------------------------    -------------------

                         (clock clk rise edge)       10.000    10.000 r
                                                      0.000    10.000 r  aclk (IN)
                         net (fo=1917, unset)         1.396    11.396    g_channel_eq.u_channel_eq/aclk
    DSP48_X0Y10          DSP48E1                                      r  g_channel_eq.u_channel_eq/n_e_reg/CLK
                         clock pessimism              0.097    11.493
                         clock uncertainty           -0.035    11.457
    DSP48_X0Y10          DSP48E1 (Setup_dsp48e1_CLK_PCIN[11])
                                                     -1.174    10.283    g_channel_eq.u_channel_eq/n_e_reg
  -------------------------------------------------------------------
                         required time                         10.283
                         arrival time                          -8.600
  -------------------------------------------------------------------
                         slack                                  1.683

Slack (MET) :             1.683ns  (required time - arrival time)
  Source:                 g_channel_eq.u_channel_eq/n_bin_reg[2]/C
                            (rising edge-triggered cell FDRE clocked by clk  {rise@0.000ns fall@5.000ns period=10.000ns})
  Destination:            g_channel_eq.u_channel_eq/n_e_reg/PCIN[12]
                            (rising edge-triggered cell DSP48E1 clocked by clk  {rise@0.000ns fall@5.000ns period=10.000ns})
  Path Group:             clk
  Path Type:              Setup (Max at Slow Process Corner)
  Requirement:            10.000ns  (clk rise@10.000ns - clk rise@0.000ns)
  Data Path Delay:        7.141ns  (logic 3.987ns (55.831%)  route 3.154ns (44.169%))
  Logic Levels:           2  (DSP48E1=1 RAMD64E=1)
  Clock Path Skew:        0.034ns (DCD - SCD + CPR)
    Destination Clock Delay (DCD):    1.396ns = ( 11.396 - 10.000 )
    Source Clock Delay      (SCD):    1.459ns
    Clock Pessimism Removal (CPR):    0.097ns
  Clock Uncertainty:      0.035ns  ((TSJ^2 + TIJ^2)^1/2 + DJ) / 2 + PE
    Total System Jitter     (TSJ):    0.071ns
    Total Input Jitter      (TIJ):    0.000ns
    Discrete Jitter          (DJ):    0.000ns
    Phase Error              (PE):    0.000ns

    Location             Delay type                Incr(ns)  Path(ns)    Netlist Resource(s)
  -------------------------------------------------------------------    -------------------
                         (clock clk rise edge)        0.000     0.000 r
                                                      0.000     0.000 r  aclk (IN)
                         net (fo=1917, unset)         1.459     1.459    g_channel_eq.u_channel_eq/aclk
    SLICE_X27Y25         FDRE                                         r  g_channel_eq.u_channel_eq/n_bin_reg[2]/C
  -------------------------------------------------------------------    -------------------
    SLICE_X27Y25         FDRE (Prop_fdre_C_Q)         0.348     1.807 r  g_channel_eq.u_channel_eq/n_bin_reg[2]/Q
                         net (fo=52, routed)          2.395     4.202    g_channel_eq.u_channel_eq/g_re_reg_r1_0_63_3_5/ADDRA2
    SLICE_X16Y18         RAMD64E (Prop_ramd64e_RADR2_O)
                                                      0.242     4.444 r  g_channel_eq.u_channel_eq/g_re_reg_r1_0_63_3_5/RAMA/O
                         net (fo=2, routed)           0.703     5.147    g_channel_eq.u_channel_eq/n_gr[3]
    DSP48_X0Y9           DSP48E1 (Prop_dsp48e1_A[3]_PCOUT[12])
                                                      3.397     8.544 r  g_channel_eq.u_channel_eq/n_e1/PCOUT[12]
                         net (fo=1, routed)           0.056     8.600    g_channel_eq.u_channel_eq/n_e1_n_141
    DSP48_X0Y10          DSP48E1                                      r  g_channel_eq.u_channel_eq/n_e_reg/PCIN[12]
  -------------------------------------------------------------------    -------------------

                         (clock clk rise edge)       10.000    10.000 r
                                                      0.000    10.000 r  aclk (IN)
                         net (fo=1917, unset)         1.396    11.396    g_channel_eq.u_channel_eq/aclk
    DSP48_X0Y10          DSP48E1                                      r  g_channel_eq.u_channel_eq/n_e_reg/CLK
                         clock pessimism              0.097    11.493
                         clock uncertainty           -0.035    11.457
    DSP48_X0Y10          DSP48E1 (Setup_dsp48e1_CLK_PCIN[12])
                                                     -1.174    10.283    g_channel_eq.u_channel_eq/n_e_reg
  -------------------------------------------------------------------
                         required time                         10.283
                         arrival time                          -8.600
  -------------------------------------------------------------------
                         slack                                  1.683

Slack (MET) :             1.683ns  (required time - arrival time)
  Source:                 g_channel_eq.u_channel_eq/n_bin_reg[2]/C
                            (rising edge-triggered cell FDRE clocked by clk  {rise@0.000ns fall@5.000ns period=10.000ns})
  Destination:            g_channel_eq.u_channel_eq/n_e_reg/PCIN[13]
                            (rising edge-triggered cell DSP48E1 clocked by clk  {rise@0.000ns fall@5.000ns period=10.000ns})
  Path Group:             clk
  Path Type:              Setup (Max at Slow Process Corner)
  Requirement:            10.000ns  (clk rise@10.000ns - clk rise@0.000ns)
  Data Path Delay:        7.141ns  (logic 3.987ns (55.831%)  route 3.154ns (44.169%))
  Logic Levels:           2  (DSP48E1=1 RAMD64E=1)
  Clock Path Skew:        0.034ns (DCD - SCD + CPR)
    Destination Clock Delay (DCD):    1.396ns = ( 11.396 - 10.000 )
    Source Clock Delay      (SCD):    1.459ns
    Clock Pessimism Removal (CPR):    0.097ns
  Clock Uncertainty:      0.035ns  ((TSJ^2 + TIJ^2)^1/2 + DJ) / 2 + PE
    Total System Jitter     (TSJ):    0.071ns
    Total Input Jitter      (TIJ):    0.000ns
    Discrete Jitter          (DJ):    0.000ns
    Phase Error              (PE):    0.000ns

    Location             Delay type                Incr(ns)  Path(ns)    Netlist Resource(s)
  -------------------------------------------------------------------    -------------------
                         (clock clk rise edge)        0.000     0.000 r
                                                      0.000     0.000 r  aclk (IN)
                         net (fo=1917, unset)         1.459     1.459    g_channel_eq.u_channel_eq/aclk
    SLICE_X27Y25         FDRE                                         r  g_channel_eq.u_channel_eq/n_bin_reg[2]/C
  -------------------------------------------------------------------    -------------------
    SLICE_X27Y25         FDRE (Prop_fdre_C_Q)         0.348     1.807 r  g_channel_eq.u_channel_eq/n_bin_reg[2]/Q
                         net (fo=52, routed)          2.395     4.202    g_channel_eq.u_channel_eq/g_re_reg_r1_0_63_3_5/ADDRA2
    SLICE_X16Y18         RAMD64E (Prop_ramd64e_RADR2_O)
                                                      0.242     4.444 r  g_channel_eq.u_channel_eq/g_re_reg_r1_0_63_3_5/RAMA/O
                         net (fo=2, routed)           0.703     5.147    g_channel_eq.u_channel_eq/n_gr[3]
    DSP48_X0Y9           DSP48E1 (Prop_dsp48e1_A[3]_PCOUT[13])
                                                      3.397     8.544 r  g_channel_eq.u_channel_eq/n_e1/PCOUT[13]
                         net (fo=1, routed)           0.056     8.600    g_channel_eq.u_channel_eq/n_e1_n_140
    DSP48_X0Y10          DSP48E1                                      r  g_channel_eq.u_channel_eq/n_e_reg/PCIN[13]
  -------------------------------------------------------------------    -------------------

                         (clock clk rise edge)       10.000    10.000 r
                                                      0.000    10.000 r  aclk (IN)
                         net (fo=1917, unset)         1.396    11.396    g_channel_eq.u_channel_eq/aclk
    DSP48_X0Y10          DSP48E1                                      r  g_channel_eq.u_channel_eq/n_e_reg/CLK
                         clock pessimism              0.097    11.493
                         clock uncertainty           -0.035    11.457
    DSP48_X0Y10          DSP48E1 (Setup_dsp48e1_CLK_PCIN[13])
                                                     -1.174    10.283    g_channel_eq.u_channel_eq/n_e_reg
  -------------------------------------------------------------------
                         required time                         10.283
                         arrival time                          -8.600
  -------------------------------------------------------------------
                         slack                                  1.683





Pulse Width Checks
--------------------------------------------------------------------------------------
Clock Name:         clk
Waveform(ns):       { 0.000 5.000 }
Period(ns):         10.000
Sources:            { aclk }

Check Type        Corner  Lib Pin      Reference Pin  Required(ns)  Actual(ns)  Slack(ns)  Location      Pin
Min Period        n/a     DSP48E1/CLK  n/a            3.272         10.000      6.728      DSP48_X1Y8    g_channel_eq.u_channel_eq/s1_ir_reg/CLK
Min Period        n/a     DSP48E1/CLK  n/a            3.272         10.000      6.728      DSP48_X1Y6    g_channel_eq.u_channel_eq/s1_rr_reg/CLK
Min Period        n/a     DSP48E1/CLK  n/a            3.272         10.000      6.728      DSP48_X0Y5    u_fft/normalized_ifft/butterfly/g_pipelined.s1_ri_reg/CLK
Min Period        n/a     DSP48E1/CLK  n/a            3.272         10.000      6.728      DSP48_X1Y3    u_fft/normalized_ifft/butterfly/g_pipelined.s1_rr_reg/CLK
Min Period        n/a     DSP48E1/CLK  n/a            3.272         10.000      6.728      DSP48_X2Y2    u_tx/tx_core/ifft/butterfly/g_pipelined.s1_ri_reg/CLK
Min Period        n/a     DSP48E1/CLK  n/a            3.272         10.000      6.728      DSP48_X2Y0    u_tx/tx_core/ifft/butterfly/g_pipelined.s1_rr_reg/CLK
Min Period        n/a     DSP48E1/CLK  n/a            3.109         10.000      6.891      DSP48_X1Y13   g_channel_eq.u_channel_eq/s3_q_im_reg/CLK
Min Period        n/a     DSP48E1/CLK  n/a            3.109         10.000      6.891      DSP48_X1Y10   g_channel_eq.u_channel_eq/s3_q_re_reg/CLK
Min Period        n/a     DSP48E1/CLK  n/a            3.109         10.000      6.891      DSP48_X3Y10   u_correct/equalizer/g_pipelined.s1_ri_reg/CLK
Min Period        n/a     DSP48E1/CLK  n/a            3.109         10.000      6.891      DSP48_X3Y11   u_correct/equalizer/g_pipelined.s1_rr_reg/CLK
Low Pulse Width   Slow    RAMD64E/CLK  n/a            1.130         5.000       3.870      SLICE_X14Y19  g_channel_eq.u_channel_eq/g_im_reg_r1_0_63_0_2/RAMA/CLK
Low Pulse Width   Fast    RAMD64E/CLK  n/a            1.130         5.000       3.870      SLICE_X14Y19  g_channel_eq.u_channel_eq/g_im_reg_r1_0_63_0_2/RAMA/CLK
Low Pulse Width   Slow    RAMD64E/CLK  n/a            1.130         5.000       3.870      SLICE_X14Y19  g_channel_eq.u_channel_eq/g_im_reg_r1_0_63_0_2/RAMB/CLK
Low Pulse Width   Fast    RAMD64E/CLK  n/a            1.130         5.000       3.870      SLICE_X14Y19  g_channel_eq.u_channel_eq/g_im_reg_r1_0_63_0_2/RAMB/CLK
Low Pulse Width   Slow    RAMD64E/CLK  n/a            1.130         5.000       3.870      SLICE_X14Y19  g_channel_eq.u_channel_eq/g_im_reg_r1_0_63_0_2/RAMC/CLK
Low Pulse Width   Fast    RAMD64E/CLK  n/a            1.130         5.000       3.870      SLICE_X14Y19  g_channel_eq.u_channel_eq/g_im_reg_r1_0_63_0_2/RAMC/CLK
Low Pulse Width   Slow    RAMD64E/CLK  n/a            1.130         5.000       3.870      SLICE_X14Y19  g_channel_eq.u_channel_eq/g_im_reg_r1_0_63_0_2/RAMD/CLK
Low Pulse Width   Fast    RAMD64E/CLK  n/a            1.130         5.000       3.870      SLICE_X14Y19  g_channel_eq.u_channel_eq/g_im_reg_r1_0_63_0_2/RAMD/CLK
Low Pulse Width   Slow    RAMD64E/CLK  n/a            1.130         5.000       3.870      SLICE_X16Y26  g_channel_eq.u_channel_eq/g_im_reg_r1_0_63_12_14/RAMA/CLK
Low Pulse Width   Fast    RAMD64E/CLK  n/a            1.130         5.000       3.870      SLICE_X16Y26  g_channel_eq.u_channel_eq/g_im_reg_r1_0_63_12_14/RAMA/CLK
High Pulse Width  Slow    RAMD64E/CLK  n/a            1.130         5.000       3.870      SLICE_X14Y19  g_channel_eq.u_channel_eq/g_im_reg_r1_0_63_0_2/RAMA/CLK
High Pulse Width  Fast    RAMD64E/CLK  n/a            1.130         5.000       3.870      SLICE_X14Y19  g_channel_eq.u_channel_eq/g_im_reg_r1_0_63_0_2/RAMA/CLK
High Pulse Width  Slow    RAMD64E/CLK  n/a            1.130         5.000       3.870      SLICE_X14Y19  g_channel_eq.u_channel_eq/g_im_reg_r1_0_63_0_2/RAMB/CLK
High Pulse Width  Fast    RAMD64E/CLK  n/a            1.130         5.000       3.870      SLICE_X14Y19  g_channel_eq.u_channel_eq/g_im_reg_r1_0_63_0_2/RAMB/CLK
High Pulse Width  Slow    RAMD64E/CLK  n/a            1.130         5.000       3.870      SLICE_X14Y19  g_channel_eq.u_channel_eq/g_im_reg_r1_0_63_0_2/RAMC/CLK
High Pulse Width  Fast    RAMD64E/CLK  n/a            1.130         5.000       3.870      SLICE_X14Y19  g_channel_eq.u_channel_eq/g_im_reg_r1_0_63_0_2/RAMC/CLK
High Pulse Width  Slow    RAMD64E/CLK  n/a            1.130         5.000       3.870      SLICE_X14Y19  g_channel_eq.u_channel_eq/g_im_reg_r1_0_63_0_2/RAMD/CLK
High Pulse Width  Fast    RAMD64E/CLK  n/a            1.130         5.000       3.870      SLICE_X14Y19  g_channel_eq.u_channel_eq/g_im_reg_r1_0_63_0_2/RAMD/CLK
High Pulse Width  Slow    RAMD64E/CLK  n/a            1.130         5.000       3.870      SLICE_X16Y26  g_channel_eq.u_channel_eq/g_im_reg_r1_0_63_12_14/RAMA/CLK
High Pulse Width  Fast    RAMD64E/CLK  n/a            1.130         5.000       3.870      SLICE_X16Y26  g_channel_eq.u_channel_eq/g_im_reg_r1_0_63_12_14/RAMA/CLK
