Copyright 1986-2021 Xilinx, Inc. All Rights Reserved.
------------------------------------------------------------------------------------------------------------------------------------------------------------------------------------------------
| Tool Version : Vivado v.2021.1 (win64) Build 3247384 Thu Jun 10 19:36:33 MDT 2021
| Date         : normalized
| Host         : normalized
| Command      : report_timing_summary -delay_type max -max_paths 10 -file <output_dir>/ofdm_cfo_corrector_post_route_timing_summary.rpt
| Design       : ofdm_cfo_corrector
| Device       : 7z020-clg400
| Speed File   : -2  PRODUCTION 1.12 2019-11-22
------------------------------------------------------------------------------------------------------------------------------------------------------------------------------------------------

Timing Summary Report

------------------------------------------------------------------------------------------------
| Timer Settings
| --------------
------------------------------------------------------------------------------------------------

  Enable Multi Corner Analysis               :  Yes
  Enable Pessimism Removal                   :  Yes
  Pessimism Removal Resolution               :  Nearest Common Node
  Enable Input Delay Default Clock           :  No
  Enable Preset / Clear Arcs                 :  No
  Disable Flight Delays                      :  No
  Ignore I/O Paths                           :  No
  Timing Early Launch at Borrowing Latches   :  No
  Borrow Time for Max Delay Exceptions       :  Yes
  Merge Timing Exceptions                    :  Yes

  Corner  Analyze    Analyze
  Name    Max Paths  Min Paths
  ------  ---------  ---------
  Slow    Yes        Yes
  Fast    Yes        Yes


------------------------------------------------------------------------------------------------
| Report Methodology
| ------------------
------------------------------------------------------------------------------------------------

No report available as report_methodology has not been run prior. Run report_methodology on the current design for the summary of methodology violations.



check_timing report

Table of Contents
-----------------
1. checking no_clock (0)
2. checking constant_clock (0)
3. checking pulse_width_clock (0)
4. checking unconstrained_internal_endpoints (0)
5. checking no_input_delay (0)
6. checking no_output_delay (0)
7. checking multiple_clock (0)
8. checking generated_clocks (0)
9. checking loops (0)
10. checking partial_input_delay (0)
11. checking partial_output_delay (0)
12. checking latch_loops (0)

1. checking no_clock (0)
------------------------
 There are 0 register/latch pins with no clock.


2. checking constant_clock (0)
------------------------------
 There are 0 register/latch pins with constant_clock.


3. checking pulse_width_clock (0)
---------------------------------
 There are 0 register/latch pins which need pulse_width check


4. checking unconstrained_internal_endpoints (0)
------------------------------------------------
 There are 0 pins that are not constrained for maximum delay.

 There are 0 pins that are not constrained for maximum delay due to constant clock.


5. checking no_input_delay (0)
------------------------------
 There are 0 input ports with no input delay specified.

 There are 0 input ports with no input delay but user has a false path constraint.


6. checking no_output_delay (0)
-------------------------------
 There are 0 ports with no output delay specified.

 There are 0 ports with no output delay but user has a false path constraint

 There are 0 ports with no output delay but with a timing clock defined on it or propagating through it


7. checking multiple_clock (0)
------------------------------
 There are 0 register/latch pins with multiple clocks.


8. checking generated_clocks (0)
--------------------------------
 There are 0 generated clocks that are not connected to a clock source.


9. checking loops (0)
---------------------
 There are 0 combinational loops in the design.


10. checking partial_input_delay (0)
------------------------------------
 There are 0 input ports with partial input delay specified.


11. checking partial_output_delay (0)
-------------------------------------
 There are 0 ports with partial output delay specified.


12. checking latch_loops (0)
----------------------------
 There are 0 combinational latch loops in the design through latch input



------------------------------------------------------------------------------------------------
| Design Timing Summary
| ---------------------
------------------------------------------------------------------------------------------------

    WNS(ns)      TNS(ns)  TNS Failing Endpoints  TNS Total Endpoints     WPWS(ns)     TPWS(ns)  TPWS Failing Endpoints  TPWS Total Endpoints
    -------      -------  ---------------------  -------------------     --------     --------  ----------------------  --------------------
      2.412        0.000                      0                 5257        3.870        0.000                       0                  1708


All user specified timing constraints are met.


------------------------------------------------------------------------------------------------
| Clock Summary
| -------------
------------------------------------------------------------------------------------------------

Clock  Waveform(ns)       Period(ns)      Frequency(MHz)
-----  ------------       ----------      --------------
clk    {0.000 5.000}      10.000          100.000


------------------------------------------------------------------------------------------------
| Intra Clock Table
| -----------------
------------------------------------------------------------------------------------------------

Clock             WNS(ns)      TNS(ns)  TNS Failing Endpoints  TNS Total Endpoints     WPWS(ns)     TPWS(ns)  TPWS Failing Endpoints  TPWS Total Endpoints
-----             -------      -------  ---------------------  -------------------     --------     --------  ----------------------  --------------------
clk                 2.412        0.000                      0                 5257        3.870        0.000                       0                  1708


------------------------------------------------------------------------------------------------
| Inter Clock Table
| -----------------
------------------------------------------------------------------------------------------------

From Clock    To Clock          WNS(ns)      TNS(ns)  TNS Failing Endpoints  TNS Total Endpoints
----------    --------          -------      -------  ---------------------  -------------------


------------------------------------------------------------------------------------------------
| Other Path Groups Table
| -----------------------
------------------------------------------------------------------------------------------------

Path Group    From Clock    To Clock          WNS(ns)      TNS(ns)  TNS Failing Endpoints  TNS Total Endpoints
----------    ----------    --------          -------      -------  ---------------------  -------------------


------------------------------------------------------------------------------------------------
| Timing Details
| --------------
------------------------------------------------------------------------------------------------


---------------------------------------------------------------------------------------------------
From Clock:  clk
  To Clock:  clk

Setup :            0  Failing Endpoints,  Worst Slack        2.412ns,  Total Violation        0.000ns
Hold  :           NA  Failing Endpoints,  Worst Slack           NA  ,  Total Violation           NA
PW    :            0  Failing Endpoints,  Worst Slack        3.870ns,  Total Violation        0.000ns
---------------------------------------------------------------------------------------------------


Max Delay Paths
--------------------------------------------------------------------------------------
Slack (MET) :             2.412ns  (required time - arrival time)
  Source:                 n_shift_reg[4]/C
                            (rising edge-triggered cell FDRE clocked by clk  {rise@0.000ns fall@5.000ns period=10.000ns})
  Destination:            v_y_reg[25]/D
                            (rising edge-triggered cell FDRE clocked by clk  {rise@0.000ns fall@5.000ns period=10.000ns})
  Path Group:             clk
  Path Type:              Setup (Max at Slow Process Corner)
  Requirement:            10.000ns  (clk rise@10.000ns - clk rise@0.000ns)
  Data Path Delay:        7.378ns  (logic 2.826ns (38.304%)  route 4.552ns (61.696%))
  Logic Levels:           13  (CARRY4=7 LUT3=2 LUT4=1 LUT5=1 LUT6=2)
  Clock Path Skew:        -0.128ns (DCD - SCD + CPR)
    Destination Clock Delay (DCD):    1.253ns = ( 11.253 - 10.000 )
    Source Clock Delay      (SCD):    1.478ns
    Clock Pessimism Removal (CPR):    0.097ns
  Clock Uncertainty:      0.035ns  ((TSJ^2 + TIJ^2)^1/2 + DJ) / 2 + PE
    Total System Jitter     (TSJ):    0.071ns
    Total Input Jitter      (TIJ):    0.000ns
    Discrete Jitter          (DJ):    0.000ns
    Phase Error              (PE):    0.000ns

    Location             Delay type                Incr(ns)  Path(ns)    Netlist Resource(s)
  -------------------------------------------------------------------    -------------------
                         (clock clk rise edge)        0.000     0.000 r
                                                      0.000     0.000 r  clk (IN)
                         net (fo=1707, unset)         1.478     1.478    clk
    SLICE_X25Y47         FDRE                                         r  n_shift_reg[4]/C
  -------------------------------------------------------------------    -------------------
    SLICE_X25Y47         FDRE (Prop_fdre_C_Q)         0.379     1.857 r  n_shift_reg[4]/Q
                         net (fo=66, routed)          1.178     3.035    n_shift_reg_n_0_[4]
    SLICE_X30Y39         LUT6 (Prop_lut6_I4_O)        0.105     3.140 f  v_x[3]_i_21/O
                         net (fo=1, routed)           0.677     3.817    v_x[3]_i_21_n_0
    SLICE_X32Y41         LUT3 (Prop_lut3_I2_O)        0.125     3.942 f  v_x[3]_i_10/O
                         net (fo=3, routed)           0.388     4.329    v_x[3]_i_10_n_0
    SLICE_X32Y41         LUT5 (Prop_lut5_I0_O)        0.264     4.593 f  v_x[1]_i_4/O
                         net (fo=2, routed)           0.663     5.257    v_x[1]_i_4_n_0
    SLICE_X34Y43         LUT3 (Prop_lut3_I2_O)        0.125     5.382 r  v_x[0]_i_3/O
                         net (fo=3, routed)           0.302     5.684    v_y[4]_i_5_n_0
    SLICE_X35Y43         CARRY4 (Prop_carry4_CYINIT_CO[3])
                                                      0.639     6.323 r  v_y_reg[4]_i_4/CO[3]
                         net (fo=1, routed)           0.000     6.323    v_y_reg[4]_i_4_n_0
    SLICE_X35Y44         CARRY4 (Prop_carry4_CI_CO[3])
                                                      0.098     6.421 r  v_y_reg[8]_i_4/CO[3]
                         net (fo=1, routed)           0.000     6.421    v_y_reg[8]_i_4_n_0
    SLICE_X35Y45         CARRY4 (Prop_carry4_CI_CO[3])
                                                      0.098     6.519 r  v_y_reg[12]_i_4/CO[3]
                         net (fo=1, routed)           0.000     6.519    v_y_reg[12]_i_4_n_0
    SLICE_X35Y46         CARRY4 (Prop_carry4_CI_CO[3])
                                                      0.098     6.617 r  v_y_reg[16]_i_4/CO[3]
                         net (fo=1, routed)           0.000     6.617    v_y_reg[16]_i_4_n_0
    SLICE_X35Y47         CARRY4 (Prop_carry4_CI_CO[3])
                                                      0.098     6.715 r  v_y_reg[20]_i_4/CO[3]
                         net (fo=1, routed)           0.000     6.715    v_y_reg[20]_i_4_n_0
    SLICE_X35Y48         CARRY4 (Prop_carry4_CI_CO[3])
                                                      0.098     6.813 r  v_y_reg[24]_i_5/CO[3]
                         net (fo=1, routed)           0.000     6.813    v_y_reg[24]_i_5_n_0
    SLICE_X35Y49         CARRY4 (Prop_carry4_CI_O[0])
                                                      0.180     6.993 r  v_y_reg[25]_i_6/O[0]
                         net (fo=1, routed)           0.572     7.565    v_y0[25]
    SLICE_X37Y47         LUT4 (Prop_lut4_I2_O)        0.252     7.817 f  v_y[25]_i_2/O
                         net (fo=1, routed)           0.348     8.165    v_y[25]_i_2_n_0
    SLICE_X37Y47         LUT6 (Prop_lut6_I0_O)        0.267     8.432 r  v_y[25]_i_1/O
                         net (fo=1, routed)           0.424     8.856    v_y[25]
    SLICE_X37Y47         FDRE                                         r  v_y_reg[25]/D
  -------------------------------------------------------------------    -------------------

                         (clock clk rise edge)       10.000    10.000 r
                                                      0.000    10.000 r  clk (IN)
                         net (fo=1707, unset)         1.253    11.253    clk
    SLICE_X37Y47         FDRE                                         r  v_y_reg[25]/C
                         clock pessimism              0.097    11.350
                         clock uncertainty           -0.035    11.315
    SLICE_X37Y47         FDRE (Setup_fdre_C_D)       -0.047    11.268    v_y_reg[25]
  -------------------------------------------------------------------
                         required time                         11.268
                         arrival time                          -8.856
  -------------------------------------------------------------------
                         slack                                  2.412

Slack (MET) :             2.825ns  (required time - arrival time)
  Source:                 acc_im_reg[20]/C
                            (rising edge-triggered cell FDRE clocked by clk  {rise@0.000ns fall@5.000ns period=10.000ns})
  Destination:            v_x_reg[25]/D
                            (rising edge-triggered cell FDRE clocked by clk  {rise@0.000ns fall@5.000ns period=10.000ns})
  Path Group:             clk
  Path Type:              Setup (Max at Slow Process Corner)
  Requirement:            10.000ns  (clk rise@10.000ns - clk rise@0.000ns)
  Data Path Delay:        6.985ns  (logic 2.340ns (33.501%)  route 4.645ns (66.499%))
  Logic Levels:           11  (CARRY4=6 LUT3=1 LUT5=1 LUT6=3)
  Clock Path Skew:        -0.123ns (DCD - SCD + CPR)
    Destination Clock Delay (DCD):    1.252ns = ( 11.252 - 10.000 )
    Source Clock Delay      (SCD):    1.472ns
    Clock Pessimism Removal (CPR):    0.097ns
  Clock Uncertainty:      0.035ns  ((TSJ^2 + TIJ^2)^1/2 + DJ) / 2 + PE
    Total System Jitter     (TSJ):    0.071ns
    Total Input Jitter      (TIJ):    0.000ns
    Discrete Jitter          (DJ):    0.000ns
    Phase Error              (PE):    0.000ns

    Location             Delay type                Incr(ns)  Path(ns)    Netlist Resource(s)
  -------------------------------------------------------------------    -------------------
                         (clock clk rise edge)        0.000     0.000 r
                                                      0.000     0.000 r  clk (IN)
                         net (fo=1707, unset)         1.472     1.472    clk
    SLICE_X28Y40         FDRE                                         r  acc_im_reg[20]/C
  -------------------------------------------------------------------    -------------------
    SLICE_X28Y40         FDRE (Prop_fdre_C_Q)         0.379     1.851 f  acc_im_reg[20]/Q
                         net (fo=5, routed)           1.490     3.341    acc_im_reg[20]
    SLICE_X31Y44         LUT6 (Prop_lut6_I1_O)        0.105     3.446 f  v_y[12]_i_10/O
                         net (fo=4, routed)           0.750     4.196    v_y[12]_i_10_n_0
    SLICE_X33Y44         LUT6 (Prop_lut6_I0_O)        0.105     4.301 f  v_y[6]_i_4/O
                         net (fo=2, routed)           0.813     5.115    v_y[6]_i_4_n_0
    SLICE_X36Y43         LUT3 (Prop_lut3_I0_O)        0.121     5.236 r  v_y[5]_i_3/O
                         net (fo=3, routed)           0.381     5.616    v_x[8]_i_8_n_0
    SLICE_X36Y44         CARRY4 (Prop_carry4_S[0]_CO[3])
                                                      0.709     6.325 r  v_x_reg[8]_i_3/CO[3]
                         net (fo=1, routed)           0.000     6.325    v_x_reg[8]_i_3_n_0
    SLICE_X36Y45         CARRY4 (Prop_carry4_CI_CO[3])
                                                      0.100     6.425 r  v_x_reg[12]_i_3/CO[3]
                         net (fo=1, routed)           0.000     6.425    v_x_reg[12]_i_3_n_0
    SLICE_X36Y46         CARRY4 (Prop_carry4_CI_CO[3])
                                                      0.100     6.525 r  v_x_reg[16]_i_3/CO[3]
                         net (fo=1, routed)           0.000     6.525    v_x_reg[16]_i_3_n_0
    SLICE_X36Y47         CARRY4 (Prop_carry4_CI_CO[3])
                                                      0.100     6.625 r  v_x_reg[20]_i_3/CO[3]
                         net (fo=1, routed)           0.000     6.625    v_x_reg[20]_i_3_n_0
    SLICE_X36Y48         CARRY4 (Prop_carry4_CI_CO[3])
                                                      0.100     6.725 r  v_x_reg[24]_i_7/CO[3]
                         net (fo=1, routed)           0.000     6.725    v_x_reg[24]_i_7_n_0
    SLICE_X36Y49         CARRY4 (Prop_carry4_CI_O[0])
                                                      0.178     6.903 r  v_x_reg[25]_i_10/O[0]
                         net (fo=1, routed)           0.350     7.253    v_x0[25]
    SLICE_X37Y48         LUT6 (Prop_lut6_I5_O)        0.238     7.491 f  v_x[25]_i_4/O
                         net (fo=1, routed)           0.442     7.933    v_x[25]_i_4_n_0
    SLICE_X38Y48         LUT5 (Prop_lut5_I4_O)        0.105     8.038 r  v_x[25]_i_1/O
                         net (fo=1, routed)           0.419     8.457    v_x[25]
    SLICE_X40Y48         FDRE                                         r  v_x_reg[25]/D
  -------------------------------------------------------------------    -------------------

                         (clock clk rise edge)       10.000    10.000 r
                                                      0.000    10.000 r  clk (IN)
                         net (fo=1707, unset)         1.252    11.252    clk
    SLICE_X40Y48         FDRE                                         r  v_x_reg[25]/C
                         clock pessimism              0.097    11.349
                         clock uncertainty           -0.035    11.314
    SLICE_X40Y48         FDRE (Setup_fdre_C_D)       -0.032    11.282    v_x_reg[25]
  -------------------------------------------------------------------
                         required time                         11.282
                         arrival time                          -8.457
  -------------------------------------------------------------------
                         slack                                  2.825

Slack (MET) :             2.966ns  (required time - arrival time)
  Source:                 acc_im_reg[20]/C
                            (rising edge-triggered cell FDRE clocked by clk  {rise@0.000ns fall@5.000ns period=10.000ns})
  Destination:            v_x_reg[17]/D
                            (rising edge-triggered cell FDRE clocked by clk  {rise@0.000ns fall@5.000ns period=10.000ns})
  Path Group:             clk
  Path Type:              Setup (Max at Slow Process Corner)
  Requirement:            10.000ns  (clk rise@10.000ns - clk rise@0.000ns)
  Data Path Delay:        6.944ns  (logic 2.154ns (31.019%)  route 4.790ns (68.981%))
  Logic Levels:           9  (CARRY4=4 LUT3=2 LUT6=3)
  Clock Path Skew:        -0.124ns (DCD - SCD + CPR)
    Destination Clock Delay (DCD):    1.251ns = ( 11.251 - 10.000 )
    Source Clock Delay      (SCD):    1.472ns
    Clock Pessimism Removal (CPR):    0.097ns
  Clock Uncertainty:      0.035ns  ((TSJ^2 + TIJ^2)^1/2 + DJ) / 2 + PE
    Total System Jitter     (TSJ):    0.071ns
    Total Input Jitter      (TIJ):    0.000ns
    Discrete Jitter          (DJ):    0.000ns
    Phase Error              (PE):    0.000ns

    Location             Delay type                Incr(ns)  Path(ns)    Netlist Resource(s)
  -------------------------------------------------------------------    -------------------
                         (clock clk rise edge)        0.000     0.000 r
                                                      0.000     0.000 r  clk (IN)
                         net (fo=1707, unset)         1.472     1.472    clk
    SLICE_X28Y40         FDRE                                         r  acc_im_reg[20]/C
  -------------------------------------------------------------------    -------------------
    SLICE_X28Y40         FDRE (Prop_fdre_C_Q)         0.379     1.851 f  acc_im_reg[20]/Q
                         net (fo=5, routed)           1.490     3.341    acc_im_reg[20]
    SLICE_X31Y44         LUT6 (Prop_lut6_I1_O)        0.105     3.446 f  v_y[12]_i_10/O
                         net (fo=4, routed)           0.750     4.196    v_y[12]_i_10_n_0
    SLICE_X33Y44         LUT6 (Prop_lut6_I0_O)        0.105     4.301 f  v_y[6]_i_4/O
                         net (fo=2, routed)           0.813     5.115    v_y[6]_i_4_n_0
    SLICE_X36Y43         LUT3 (Prop_lut3_I0_O)        0.121     5.236 r  v_y[5]_i_3/O
                         net (fo=3, routed)           0.381     5.616    v_x[8]_i_8_n_0
    SLICE_X36Y44         CARRY4 (Prop_carry4_S[0]_CO[3])
                                                      0.709     6.325 r  v_x_reg[8]_i_3/CO[3]
                         net (fo=1, routed)           0.000     6.325    v_x_reg[8]_i_3_n_0
    SLICE_X36Y45         CARRY4 (Prop_carry4_CI_CO[3])
                                                      0.100     6.425 r  v_x_reg[12]_i_3/CO[3]
                         net (fo=1, routed)           0.000     6.425    v_x_reg[12]_i_3_n_0
    SLICE_X36Y46         CARRY4 (Prop_carry4_CI_CO[3])
                                                      0.100     6.525 r  v_x_reg[16]_i_3/CO[3]
                         net (fo=1, routed)           0.000     6.525    v_x_reg[16]_i_3_n_0
    SLICE_X36Y47         CARRY4 (Prop_carry4_CI_O[0])
                                                      0.178     6.703 r  v_x_reg[20]_i_3/O[0]
                         net (fo=1, routed)           0.453     7.157    v_x0[17]
    SLICE_X37Y46         LUT6 (Prop_lut6_I0_O)        0.238     7.395 f  v_x[17]_i_2/O
                         net (fo=1, routed)           0.903     8.297    v_x[17]_i_2_n_0
    SLICE_X45Y46         LUT3 (Prop_lut3_I2_O)        0.119     8.416 r  v_x[17]_i_1/O
                         net (fo=1, routed)           0.000     8.416    v_x[17]
    SLICE_X45Y46         FDRE                                         r  v_x_reg[17]/D
  -------------------------------------------------------------------    -------------------

                         (clock clk rise edge)       10.000    10.000 r
                                                      0.000    10.000 r  clk (IN)
                         net (fo=1707, unset)         1.251    11.251    clk
    SLICE_X45Y46         FDRE                                         r  v_x_reg[17]/C
                         clock pessimism              0.097    11.348
                         clock uncertainty           -0.035    11.313
    SLICE_X45Y46         FDRE (Setup_fdre_C_D)        0.069    11.382    v_x_reg[17]
  -------------------------------------------------------------------
                         required time                         11.382
                         arrival time                          -8.416
  -------------------------------------------------------------------
                         slack                                  2.966

Slack (MET) :             3.052ns  (required time - arrival time)
  Source:                 n_shift_reg[4]/C
                            (rising edge-triggered cell FDRE clocked by clk  {rise@0.000ns fall@5.000ns period=10.000ns})
  Destination:            v_y_reg[24]/D
                            (rising edge-triggered cell FDRE clocked by clk  {rise@0.000ns fall@5.000ns period=10.000ns})
  Path Group:             clk
  Path Type:              Setup (Max at Slow Process Corner)
  Requirement:            10.000ns  (clk rise@10.000ns - clk rise@0.000ns)
  Data Path Delay:        6.859ns  (logic 2.834ns (41.320%)  route 4.025ns (58.680%))
  Logic Levels:           12  (CARRY4=6 LUT3=2 LUT4=1 LUT5=1 LUT6=2)
  Clock Path Skew:        -0.128ns (DCD - SCD + CPR)
    Destination Clock Delay (DCD):    1.253ns = ( 11.253 - 10.000 )
    Source Clock Delay      (SCD):    1.478ns
    Clock Pessimism Removal (CPR):    0.097ns
  Clock Uncertainty:      0.035ns  ((TSJ^2 + TIJ^2)^1/2 + DJ) / 2 + PE
    Total System Jitter     (TSJ):    0.071ns
    Total Input Jitter      (TIJ):    0.000ns
    Discrete Jitter          (DJ):    0.000ns
    Phase Error              (PE):    0.000ns

    Location             Delay type                Incr(ns)  Path(ns)    Netlist Resource(s)
  -------------------------------------------------------------------    -------------------
                         (clock clk rise edge)        0.000     0.000 r
                                                      0.000     0.000 r  clk (IN)
                         net (fo=1707, unset)         1.478     1.478    clk
    SLICE_X25Y47         FDRE                                         r  n_shift_reg[4]/C
  -------------------------------------------------------------------    -------------------
    SLICE_X25Y47         FDRE (Prop_fdre_C_Q)         0.379     1.857 r  n_shift_reg[4]/Q
                         net (fo=66, routed)          1.178     3.035    n_shift_reg_n_0_[4]
    SLICE_X30Y39         LUT6 (Prop_lut6_I4_O)        0.105     3.140 f  v_x[3]_i_21/O
                         net (fo=1, routed)           0.677     3.817    v_x[3]_i_21_n_0
    SLICE_X32Y41         LUT3 (Prop_lut3_I2_O)        0.125     3.942 f  v_x[3]_i_10/O
                         net (fo=3, routed)           0.388     4.329    v_x[3]_i_10_n_0
    SLICE_X32Y41         LUT5 (Prop_lut5_I0_O)        0.264     4.593 f  v_x[1]_i_4/O
                         net (fo=2, routed)           0.663     5.257    v_x[1]_i_4_n_0
    SLICE_X34Y43         LUT3 (Prop_lut3_I2_O)        0.125     5.382 r  v_x[0]_i_3/O
                         net (fo=3, routed)           0.302     5.684    v_y[4]_i_5_n_0
    SLICE_X35Y43         CARRY4 (Prop_carry4_CYINIT_CO[3])
                                                      0.639     6.323 r  v_y_reg[4]_i_4/CO[3]
                         net (fo=1, routed)           0.000     6.323    v_y_reg[4]_i_4_n_0
    SLICE_X35Y44         CARRY4 (Prop_carry4_CI_CO[3])
                                                      0.098     6.421 r  v_y_reg[8]_i_4/CO[3]
                         net (fo=1, routed)           0.000     6.421    v_y_reg[8]_i_4_n_0
    SLICE_X35Y45         CARRY4 (Prop_carry4_CI_CO[3])
                                                      0.098     6.519 r  v_y_reg[12]_i_4/CO[3]
                         net (fo=1, routed)           0.000     6.519    v_y_reg[12]_i_4_n_0
    SLICE_X35Y46         CARRY4 (Prop_carry4_CI_CO[3])
                                                      0.098     6.617 r  v_y_reg[16]_i_4/CO[3]
                         net (fo=1, routed)           0.000     6.617    v_y_reg[16]_i_4_n_0
    SLICE_X35Y47         CARRY4 (Prop_carry4_CI_CO[3])
                                                      0.098     6.715 r  v_y_reg[20]_i_4/CO[3]
                         net (fo=1, routed)           0.000     6.715    v_y_reg[20]_i_4_n_0
    SLICE_X35Y48         CARRY4 (Prop_carry4_CI_O[3])
                                                      0.260     6.975 r  v_y_reg[24]_i_5/O[3]
                         net (fo=1, routed)           0.479     7.454    v_y0[24]
    SLICE_X37Y48         LUT4 (Prop_lut4_I2_O)        0.278     7.732 f  v_y[24]_i_2/O
                         net (fo=1, routed)           0.338     8.070    v_y[24]_i_2_n_0
    SLICE_X38Y48         LUT6 (Prop_lut6_I0_O)        0.267     8.337 r  v_y[24]_i_1/O
                         net (fo=1, routed)           0.000     8.337    v_y[24]
    SLICE_X38Y48         FDRE                                         r  v_y_reg[24]/D
  -------------------------------------------------------------------    -------------------

                         (clock clk rise edge)       10.000    10.000 r
                                                      0.000    10.000 r  clk (IN)
                         net (fo=1707, unset)         1.253    11.253    clk
    SLICE_X38Y48         FDRE                                         r  v_y_reg[24]/C
                         clock pessimism              0.097    11.350
                         clock uncertainty           -0.035    11.315
    SLICE_X38Y48         FDRE (Setup_fdre_C_D)        0.074    11.389    v_y_reg[24]
  -------------------------------------------------------------------
                         required time                         11.389
                         arrival time                          -8.337
  -------------------------------------------------------------------
                         slack                                  3.052

Slack (MET) :             3.167ns  (required time - arrival time)
  Source:                 n_shift_reg[4]/C
                            (rising edge-triggered cell FDRE clocked by clk  {rise@0.000ns fall@5.000ns period=10.000ns})
  Destination:            v_y_reg[22]/D
                            (rising edge-triggered cell FDRE clocked by clk  {rise@0.000ns fall@5.000ns period=10.000ns})
  Path Group:             clk
  Path Type:              Setup (Max at Slow Process Corner)
  Requirement:            10.000ns  (clk rise@10.000ns - clk rise@0.000ns)
  Data Path Delay:        6.742ns  (logic 2.649ns (39.294%)  route 4.093ns (60.706%))
  Logic Levels:           12  (CARRY4=6 LUT3=2 LUT4=1 LUT5=1 LUT6=2)
  Clock Path Skew:        -0.128ns (DCD - SCD + CPR)
    Destination Clock Delay (DCD):    1.253ns = ( 11.253 - 10.000 )
    Source Clock Delay      (SCD):    1.478ns
    Clock Pessimism Removal (CPR):    0.097ns
  Clock Uncertainty:      0.035ns  ((TSJ^2 + TIJ^2)^1/2 + DJ) / 2 + PE
    Total System Jitter     (TSJ):    0.071ns
    Total Input Jitter      (TIJ):    0.000ns
    Discrete Jitter          (DJ):    0.000ns
    Phase Error              (PE):    0.000ns

    Location             Delay type                Incr(ns)  Path(ns)    Netlist Resource(s)
  -------------------------------------------------------------------    -------------------
                         (clock clk rise edge)        0.000     0.000 r
                                                      0.000     0.000 r  clk (IN)
                         net (fo=1707, unset)         1.478     1.478    clk
    SLICE_X25Y47         FDRE                                         r  n_shift_reg[4]/C
  -------------------------------------------------------------------    -------------------
    SLICE_X25Y47         FDRE (Prop_fdre_C_Q)         0.379     1.857 r  n_shift_reg[4]/Q
                         net (fo=66, routed)          1.178     3.035    n_shift_reg_n_0_[4]
    SLICE_X30Y39         LUT6 (Prop_lut6_I4_O)        0.105     3.140 f  v_x[3]_i_21/O
                         net (fo=1, routed)           0.677     3.817    v_x[3]_i_21_n_0
    SLICE_X32Y41         LUT3 (Prop_lut3_I2_O)        0.125     3.942 f  v_x[3]_i_10/O
                         net (fo=3, routed)           0.388     4.329    v_x[3]_i_10_n_0
    SLICE_X32Y41         LUT5 (Prop_lut5_I0_O)        0.264     4.593 f  v_x[1]_i_4/O
                         net (fo=2, routed)           0.663     5.257    v_x[1]_i_4_n_0
    SLICE_X34Y43         LUT3 (Prop_lut3_I2_O)        0.125     5.382 r  v_x[0]_i_3/O
                         net (fo=3, routed)           0.302     5.684    v_y[4]_i_5_n_0
    SLICE_X35Y43         CARRY4 (Prop_carry4_CYINIT_CO[3])
                                                      0.639     6.323 r  v_y_reg[4]_i_4/CO[3]
                         net (fo=1, routed)           0.000     6.323    v_y_reg[4]_i_4_n_0
    SLICE_X35Y44         CARRY4 (Prop_carry4_CI_CO[3])
                                                      0.098     6.421 r  v_y_reg[8]_i_4/CO[3]
                         net (fo=1, routed)           0.000     6.421    v_y_reg[8]_i_4_n_0
    SLICE_X35Y45         CARRY4 (Prop_carry4_CI_CO[3])
                                                      0.098     6.519 r  v_y_reg[12]_i_4/CO[3]
                         net (fo=1, routed)           0.000     6.519    v_y_reg[12]_i_4_n_0
    SLICE_X35Y46         CARRY4 (Prop_carry4_CI_CO[3])
                                                      0.098     6.617 r  v_y_reg[16]_i_4/CO[3]
                         net (fo=1, routed)           0.000     6.617    v_y_reg[16]_i_4_n_0
    SLICE_X35Y47         CARRY4 (Prop_carry4_CI_CO[3])
                                                      0.098     6.715 r  v_y_reg[20]_i_4/CO[3]
                         net (fo=1, routed)           0.000     6.715    v_y_reg[20]_i_4_n_0
    SLICE_X35Y48         CARRY4 (Prop_carry4_CI_O[1])
                                                      0.265     6.980 r  v_y_reg[24]_i_5/O[1]
                         net (fo=1, routed)           0.648     7.627    v_y0[22]
    SLICE_X37Y47         LUT4 (Prop_lut4_I2_O)        0.250     7.877 f  v_y[22]_i_2/O
                         net (fo=1, routed)           0.237     8.115    v_y[22]_i_2_n_0
    SLICE_X38Y47         LUT6 (Prop_lut6_I0_O)        0.105     8.220 r  v_y[22]_i_1/O
                         net (fo=1, routed)           0.000     8.220    v_y[22]
    SLICE_X38Y47         FDRE                                         r  v_y_reg[22]/D
  -------------------------------------------------------------------    -------------------

                         (clock clk rise edge)       10.000    10.000 r
                                                      0.000    10.000 r  clk (IN)
                         net (fo=1707, unset)         1.253    11.253    clk
    SLICE_X38Y47         FDRE                                         r  v_y_reg[22]/C
                         clock pessimism              0.097    11.350
                         clock uncertainty           -0.035    11.315
    SLICE_X38Y47         FDRE (Setup_fdre_C_D)        0.072    11.387    v_y_reg[22]
  -------------------------------------------------------------------
                         required time                         11.387
                         arrival time                          -8.220
  -------------------------------------------------------------------
                         slack                                  3.167

Slack (MET) :             3.203ns  (required time - arrival time)
  Source:                 acc_im_reg[20]/C
                            (rising edge-triggered cell FDRE clocked by clk  {rise@0.000ns fall@5.000ns period=10.000ns})
  Destination:            v_x_reg[21]/D
                            (rising edge-triggered cell FDRE clocked by clk  {rise@0.000ns fall@5.000ns period=10.000ns})
  Path Group:             clk
  Path Type:              Setup (Max at Slow Process Corner)
  Requirement:            10.000ns  (clk rise@10.000ns - clk rise@0.000ns)
  Data Path Delay:        6.707ns  (logic 2.261ns (33.711%)  route 4.446ns (66.289%))
  Logic Levels:           10  (CARRY4=5 LUT3=2 LUT6=3)
  Clock Path Skew:        -0.124ns (DCD - SCD + CPR)
    Destination Clock Delay (DCD):    1.251ns = ( 11.251 - 10.000 )
    Source Clock Delay      (SCD):    1.472ns
    Clock Pessimism Removal (CPR):    0.097ns
  Clock Uncertainty:      0.035ns  ((TSJ^2 + TIJ^2)^1/2 + DJ) / 2 + PE
    Total System Jitter     (TSJ):    0.071ns
    Total Input Jitter      (TIJ):    0.000ns
    Discrete Jitter          (DJ):    0.000ns
    Phase Error              (PE):    0.000ns

    Location             Delay type                Incr(ns)  Path(ns)    Netlist Resource(s)
  -------------------------------------------------------------------    -------------------
                         (clock clk rise edge)        0.000     0.000 r
                                                      0.000     0.000 r  clk (IN)
                         net (fo=1707, unset)         1.472     1.472    clk
    SLICE_X28Y40         FDRE                                         r  acc_im_reg[20]/C
  -------------------------------------------------------------------    -------------------
    SLICE_X28Y40         FDRE (Prop_fdre_C_Q)         0.379     1.851 f  acc_im_reg[20]/Q
                         net (fo=5, routed)           1.490     3.341    acc_im_reg[20]
    SLICE_X31Y44         LUT6 (Prop_lut6_I1_O)        0.105     3.446 f  v_y[12]_i_10/O
                         net (fo=4, routed)           0.750     4.196    v_y[12]_i_10_n_0
    SLICE_X33Y44         LUT6 (Prop_lut6_I0_O)        0.105     4.301 f  v_y[6]_i_4/O
                         net (fo=2, routed)           0.813     5.115    v_y[6]_i_4_n_0
    SLICE_X36Y43         LUT3 (Prop_lut3_I0_O)        0.121     5.236 r  v_y[5]_i_3/O
                         net (fo=3, routed)           0.381     5.616    v_x[8]_i_8_n_0
    SLICE_X36Y44         CARRY4 (Prop_carry4_S[0]_CO[3])
                                                      0.709     6.325 r  v_x_reg[8]_i_3/CO[3]
                         net (fo=1, routed)           0.000     6.325    v_x_reg[8]_i_3_n_0
    SLICE_X36Y45         CARRY4 (Prop_carry4_CI_CO[3])
                                                      0.100     6.425 r  v_x_reg[12]_i_3/CO[3]
                         net (fo=1, routed)           0.000     6.425    v_x_reg[12]_i_3_n_0
    SLICE_X36Y46         CARRY4 (Prop_carry4_CI_CO[3])
                                                      0.100     6.525 r  v_x_reg[16]_i_3/CO[3]
                         net (fo=1, routed)           0.000     6.525    v_x_reg[16]_i_3_n_0
    SLICE_X36Y47         CARRY4 (Prop_carry4_CI_CO[3])
                                                      0.100     6.625 r  v_x_reg[20]_i_3/CO[3]
                         net (fo=1, routed)           0.000     6.625    v_x_reg[20]_i_3_n_0
    SLICE_X36Y48         CARRY4 (Prop_carry4_CI_O[0])
                                                      0.178     6.803 r  v_x_reg[24]_i_7/O[0]
                         net (fo=1, routed)           0.427     7.230    v_x0[21]
    SLICE_X39Y47         LUT6 (Prop_lut6_I0_O)        0.238     7.468 f  v_x[21]_i_2/O
                         net (fo=1, routed)           0.585     8.053    v_x[21]_i_2_n_0
    SLICE_X45Y47         LUT3 (Prop_lut3_I2_O)        0.126     8.179 r  v_x[21]_i_1/O
                         net (fo=1, routed)           0.000     8.179    v_x[21]
    SLICE_X45Y47         FDRE                                         r  v_x_reg[21]/D
  -------------------------------------------------------------------    -------------------

                         (clock clk rise edge)       10.000    10.000 r
                                                      0.000    10.000 r  clk (IN)
                         net (fo=1707, unset)         1.251    11.251    clk
    SLICE_X45Y47         FDRE                                         r  v_x_reg[21]/C
                         clock pessimism              0.097    11.348
                         clock uncertainty           -0.035    11.313
    SLICE_X45Y47         FDRE (Setup_fdre_C_D)        0.069    11.382    v_x_reg[21]
  -------------------------------------------------------------------
                         required time                         11.382
                         arrival time                          -8.179
  -------------------------------------------------------------------
                         slack                                  3.203

Slack (MET) :             3.222ns  (required time - arrival time)
  Source:                 n_shift_reg[4]/C
                            (rising edge-triggered cell FDRE clocked by clk  {rise@0.000ns fall@5.000ns period=10.000ns})
  Destination:            v_y_reg[20]/D
                            (rising edge-triggered cell FDRE clocked by clk  {rise@0.000ns fall@5.000ns period=10.000ns})
  Path Group:             clk
  Path Type:              Setup (Max at Slow Process Corner)
  Requirement:            10.000ns  (clk rise@10.000ns - clk rise@0.000ns)
  Data Path Delay:        6.646ns  (logic 2.553ns (38.414%)  route 4.093ns (61.586%))
  Logic Levels:           11  (CARRY4=5 LUT3=2 LUT5=3 LUT6=1)
  Clock Path Skew:        -0.129ns (DCD - SCD + CPR)
    Destination Clock Delay (DCD):    1.252ns = ( 11.252 - 10.000 )
    Source Clock Delay      (SCD):    1.478ns
    Clock Pessimism Removal (CPR):    0.097ns
  Clock Uncertainty:      0.035ns  ((TSJ^2 + TIJ^2)^1/2 + DJ) / 2 + PE
    Total System Jitter     (TSJ):    0.071ns
    Total Input Jitter      (TIJ):    0.000ns
    Discrete Jitter          (DJ):    0.000ns
    Phase Error              (PE):    0.000ns

    Location             Delay type                Incr(ns)  Path(ns)    Netlist Resource(s)
  -------------------------------------------------------------------    -------------------
                         (clock clk rise edge)        0.000     0.000 r
                                                      0.000     0.000 r  clk (IN)
                         net (fo=1707, unset)         1.478     1.478    clk
    SLICE_X25Y47         FDRE                                         r  n_shift_reg[4]/C
  -------------------------------------------------------------------    -------------------
    SLICE_X25Y47         FDRE (Prop_fdre_C_Q)         0.379     1.857 r  n_shift_reg[4]/Q
                         net (fo=66, routed)          1.178     3.035    n_shift_reg_n_0_[4]
    SLICE_X30Y39         LUT6 (Prop_lut6_I4_O)        0.105     3.140 f  v_x[3]_i_21/O
                         net (fo=1, routed)           0.677     3.817    v_x[3]_i_21_n_0
    SLICE_X32Y41         LUT3 (Prop_lut3_I2_O)        0.125     3.942 f  v_x[3]_i_10/O
                         net (fo=3, routed)           0.388     4.329    v_x[3]_i_10_n_0
    SLICE_X32Y41         LUT5 (Prop_lut5_I0_O)        0.264     4.593 f  v_x[1]_i_4/O
                         net (fo=2, routed)           0.663     5.257    v_x[1]_i_4_n_0
    SLICE_X34Y43         LUT3 (Prop_lut3_I2_O)        0.125     5.382 r  v_x[0]_i_3/O
                         net (fo=3, routed)           0.302     5.684    v_y[4]_i_5_n_0
    SLICE_X35Y43         CARRY4 (Prop_carry4_CYINIT_CO[3])
                                                      0.639     6.323 r  v_y_reg[4]_i_4/CO[3]
                         net (fo=1, routed)           0.000     6.323    v_y_reg[4]_i_4_n_0
    SLICE_X35Y44         CARRY4 (Prop_carry4_CI_CO[3])
                                                      0.098     6.421 r  v_y_reg[8]_i_4/CO[3]
                         net (fo=1, routed)           0.000     6.421    v_y_reg[8]_i_4_n_0
    SLICE_X35Y45         CARRY4 (Prop_carry4_CI_CO[3])
                                                      0.098     6.519 r  v_y_reg[12]_i_4/CO[3]
                         net (fo=1, routed)           0.000     6.519    v_y_reg[12]_i_4_n_0
    SLICE_X35Y46         CARRY4 (Prop_carry4_CI_CO[3])
                                                      0.098     6.617 r  v_y_reg[16]_i_4/CO[3]
                         net (fo=1, routed)           0.000     6.617    v_y_reg[16]_i_4_n_0
    SLICE_X35Y47         CARRY4 (Prop_carry4_CI_O[3])
                                                      0.260     6.877 r  v_y_reg[20]_i_4/O[3]
                         net (fo=1, routed)           0.412     7.289    v_y0[20]
    SLICE_X34Y47         LUT5 (Prop_lut5_I2_O)        0.257     7.546 r  v_y[20]_i_2/O
                         net (fo=1, routed)           0.473     8.019    v_y[20]_i_2_n_0
    SLICE_X40Y47         LUT5 (Prop_lut5_I0_O)        0.105     8.124 r  v_y[20]_i_1/O
                         net (fo=1, routed)           0.000     8.124    v_y[20]
    SLICE_X40Y47         FDRE                                         r  v_y_reg[20]/D
  -------------------------------------------------------------------    -------------------

                         (clock clk rise edge)       10.000    10.000 r
                                                      0.000    10.000 r  clk (IN)
                         net (fo=1707, unset)         1.252    11.252    clk
    SLICE_X40Y47         FDRE                                         r  v_y_reg[20]/C
                         clock pessimism              0.097    11.349
                         clock uncertainty           -0.035    11.314
    SLICE_X40Y47         FDRE (Setup_fdre_C_D)        0.032    11.346    v_y_reg[20]
  -------------------------------------------------------------------
                         required time                         11.346
                         arrival time                          -8.124
  -------------------------------------------------------------------
                         slack                                  3.222

Slack (MET) :             3.227ns  (required time - arrival time)
  Source:                 o_valid_reg/C
                            (rising edge-triggered cell FDRE clocked by clk  {rise@0.000ns fall@5.000ns period=10.000ns})
  Destination:            r_y_reg[7][0]/CE
                            (rising edge-triggered cell FDRE clocked by clk  {rise@0.000ns fall@5.000ns period=10.000ns})
  Path Group:             clk
  Path Type:              Setup (Max at Slow Process Corner)
  Requirement:            10.000ns  (clk rise@10.000ns - clk rise@0.000ns)
  Data Path Delay:        6.353ns  (logic 0.504ns (7.933%)  route 5.849ns (92.067%))
  Logic Levels:           1  (LUT3=1)
  Clock Path Skew:        -0.058ns (DCD - SCD + CPR)
    Destination Clock Delay (DCD):    1.249ns = ( 11.249 - 10.000 )
    Source Clock Delay      (SCD):    1.404ns
    Clock Pessimism Removal (CPR):    0.097ns
  Clock Uncertainty:      0.035ns  ((TSJ^2 + TIJ^2)^1/2 + DJ) / 2 + PE
    Total System Jitter     (TSJ):    0.071ns
    Total Input Jitter      (TIJ):    0.000ns
    Discrete Jitter          (DJ):    0.000ns
    Phase Error              (PE):    0.000ns

    Location             Delay type                Incr(ns)  Path(ns)    Netlist Resource(s)
  -------------------------------------------------------------------    -------------------
                         (clock clk rise edge)        0.000     0.000 r
                                                      0.000     0.000 r  clk (IN)
                         net (fo=1707, unset)         1.404     1.404    clk
    SLICE_X44Y38         FDRE                                         r  o_valid_reg/C
  -------------------------------------------------------------------    -------------------
    SLICE_X44Y38         FDRE (Prop_fdre_C_Q)         0.379     1.783 f  o_valid_reg/Q
                         net (fo=6, routed)           0.819     2.602    out_valid
    SLICE_X42Y36         LUT3 (Prop_lut3_I2_O)        0.125     2.727 r  r_a[0][23]_i_1/O
                         net (fo=1029, routed)        5.030     7.757    r_a
    SLICE_X47Y10         FDRE                                         r  r_y_reg[7][0]/CE
  -------------------------------------------------------------------    -------------------

                         (clock clk rise edge)       10.000    10.000 r
                                                      0.000    10.000 r  clk (IN)
                         net (fo=1707, unset)         1.249    11.249    clk
    SLICE_X47Y10         FDRE                                         r  r_y_reg[7][0]/C
                         clock pessimism              0.097    11.346
                         clock uncertainty           -0.035    11.311
    SLICE_X47Y10         FDRE (Setup_fdre_C_CE)      -0.327    10.984    r_y_reg[7][0]
  -------------------------------------------------------------------
                         required time                         10.984
                         arrival time                          -7.757
  -------------------------------------------------------------------
                         slack                                  3.227

Slack (MET) :             3.227ns  (required time - arrival time)
  Source:                 o_valid_reg/C
                            (rising edge-triggered cell FDRE clocked by clk  {rise@0.000ns fall@5.000ns period=10.000ns})
  Destination:            r_y_reg[7][1]/CE
                            (rising edge-triggered cell FDRE clocked by clk  {rise@0.000ns fall@5.000ns period=10.000ns})
  Path Group:             clk
  Path Type:              Setup (Max at Slow Process Corner)
  Requirement:            10.000ns  (clk rise@10.000ns - clk rise@0.000ns)
  Data Path Delay:        6.353ns  (logic 0.504ns (7.933%)  route 5.849ns (92.067%))
  Logic Levels:           1  (LUT3=1)
  Clock Path Skew:        -0.058ns (DCD - SCD + CPR)
    Destination Clock Delay (DCD):    1.249ns = ( 11.249 - 10.000 )
    Source Clock Delay      (SCD):    1.404ns
    Clock Pessimism Removal (CPR):    0.097ns
  Clock Uncertainty:      0.035ns  ((TSJ^2 + TIJ^2)^1/2 + DJ) / 2 + PE
    Total System Jitter     (TSJ):    0.071ns
    Total Input Jitter      (TIJ):    0.000ns
    Discrete Jitter          (DJ):    0.000ns
    Phase Error              (PE):    0.000ns

    Location             Delay type                Incr(ns)  Path(ns)    Netlist Resource(s)
  -------------------------------------------------------------------    -------------------
                         (clock clk rise edge)        0.000     0.000 r
                                                      0.000     0.000 r  clk (IN)
                         net (fo=1707, unset)         1.404     1.404    clk
    SLICE_X44Y38         FDRE                                         r  o_valid_reg/C
  -------------------------------------------------------------------    -------------------
    SLICE_X44Y38         FDRE (Prop_fdre_C_Q)         0.379     1.783 f  o_valid_reg/Q
                         net (fo=6, routed)           0.819     2.602    out_valid
    SLICE_X42Y36         LUT3 (Prop_lut3_I2_O)        0.125     2.727 r  r_a[0][23]_i_1/O
                         net (fo=1029, routed)        5.030     7.757    r_a
    SLICE_X47Y10         FDRE                                         r  r_y_reg[7][1]/CE
  -------------------------------------------------------------------    -------------------

                         (clock clk rise edge)       10.000    10.000 r
                                                      0.000    10.000 r  clk (IN)
                         net (fo=1707, unset)         1.249    11.249    clk
    SLICE_X47Y10         FDRE                                         r  r_y_reg[7][1]/C
                         clock pessimism              0.097    11.346
                         clock uncertainty           -0.035    11.311
    SLICE_X47Y10         FDRE (Setup_fdre_C_CE)      -0.327    10.984    r_y_reg[7][1]
  -------------------------------------------------------------------
                         required time                         10.984
                         arrival time                          -7.757
  -------------------------------------------------------------------
                         slack                                  3.227

Slack (MET) :             3.227ns  (required time - arrival time)
  Source:                 o_valid_reg/C
                            (rising edge-triggered cell FDRE clocked by clk  {rise@0.000ns fall@5.000ns period=10.000ns})
  Destination:            r_y_reg[7][2]/CE
                            (rising edge-triggered cell FDRE clocked by clk  {rise@0.000ns fall@5.000ns period=10.000ns})
  Path Group:             clk
  Path Type:              Setup (Max at Slow Process Corner)
  Requirement:            10.000ns  (clk rise@10.000ns - clk rise@0.000ns)
  Data Path Delay:        6.353ns  (logic 0.504ns (7.933%)  route 5.849ns (92.067%))
  Logic Levels:           1  (LUT3=1)
  Clock Path Skew:        -0.058ns (DCD - SCD + CPR)
    Destination Clock Delay (DCD):    1.249ns = ( 11.249 - 10.000 )
    Source Clock Delay      (SCD):    1.404ns
    Clock Pessimism Removal (CPR):    0.097ns
  Clock Uncertainty:      0.035ns  ((TSJ^2 + TIJ^2)^1/2 + DJ) / 2 + PE
    Total System Jitter     (TSJ):    0.071ns
    Total Input Jitter      (TIJ):    0.000ns
    Discrete Jitter          (DJ):    0.000ns
    Phase Error              (PE):    0.000ns

    Location             Delay type                Incr(ns)  Path(ns)    Netlist Resource(s)
  -------------------------------------------------------------------    -------------------
                         (clock clk rise edge)        0.000     0.000 r
                                                      0.000     0.000 r  clk (IN)
                         net (fo=1707, unset)         1.404     1.404    clk
    SLICE_X44Y38         FDRE                                         r  o_valid_reg/C
  -------------------------------------------------------------------    -------------------
    SLICE_X44Y38         FDRE (Prop_fdre_C_Q)         0.379     1.783 f  o_valid_reg/Q
                         net (fo=6, routed)           0.819     2.602    out_valid
    SLICE_X42Y36         LUT3 (Prop_lut3_I2_O)        0.125     2.727 r  r_a[0][23]_i_1/O
                         net (fo=1029, routed)        5.030     7.757    r_a
    SLICE_X47Y10         FDRE                                         r  r_y_reg[7][2]/CE
  -------------------------------------------------------------------    -------------------

                         (clock clk rise edge)       10.000    10.000 r
                                                      0.000    10.000 r  clk (IN)
                         net (fo=1707, unset)         1.249    11.249    clk
    SLICE_X47Y10         FDRE                                         r  r_y_reg[7][2]/C
                         clock pessimism              0.097    11.346
                         clock uncertainty           -0.035    11.311
    SLICE_X47Y10         FDRE (Setup_fdre_C_CE)      -0.327    10.984    r_y_reg[7][2]
  -------------------------------------------------------------------
                         required time                         10.984
                         arrival time                          -7.757
  -------------------------------------------------------------------
                         slack                                  3.227





Pulse Width Checks
--------------------------------------------------------------------------------------
Clock Name:         clk
Waveform(ns):       { 0.000 5.000 }
Period(ns):         10.000
Sources:            { clk }

Check Type        Corner  Lib Pin      Reference Pin  Required(ns)  Actual(ns)  Slack(ns)  Location      Pin
Min Period        n/a     DSP48E1/CLK  n/a            3.272         10.000      6.728      DSP48_X2Y10   g_x_reg/CLK
Min Period        n/a     DSP48E1/CLK  n/a            3.272         10.000      6.728      DSP48_X1Y10   g_y_reg/CLK
Min Period        n/a     DSP48E1/CLK  n/a            3.272         10.000      6.728      DSP48_X1Y14   m_rr_reg/CLK
Min Period        n/a     DSP48E1/CLK  n/a            3.272         10.000      6.728      DSP48_X2Y12   r1/CLK
Min Period        n/a     DSP48E1/CLK  n/a            3.272         10.000      6.728      DSP48_X1Y9    r1__0/CLK
Min Period        n/a     DSP48E1/CLK  n/a            3.272         10.000      6.728      DSP48_X2Y13   r2/CLK
Min Period        n/a     DSP48E1/CLK  n/a            3.272         10.000      6.728      DSP48_X1Y8    r2__0/CLK
Min Period        n/a     DSP48E1/CLK  n/a            1.816         10.000      8.184      DSP48_X1Y16   p_sym_im0/CLK
Min Period        n/a     DSP48E1/CLK  n/a            1.816         10.000      8.184      DSP48_X1Y17   p_sym_im0__0/CLK
Min Period        n/a     DSP48E1/CLK  n/a            1.816         10.000      8.184      DSP48_X1Y15   p_sym_re0/CLK
Low Pulse Width   Slow    RAMD64E/CLK  n/a            1.130         5.000       3.870      SLICE_X46Y26  buffer_reg_r1_0_63_0_2/RAMA/CLK
Low Pulse Width   Fast    RAMD64E/CLK  n/a            1.130         5.000       3.870      SLICE_X46Y26  buffer_reg_r1_0_63_0_2/RAMA/CLK
Low Pulse Width   Slow    RAMD64E/CLK  n/a            1.130         5.000       3.870      SLICE_X46Y26  buffer_reg_r1_0_63_0_2/RAMB/CLK
Low Pulse Width   Fast    RAMD64E/CLK  n/a            1.130         5.000       3.870      SLICE_X46Y26  buffer_reg_r1_0_63_0_2/RAMB/CLK
Low Pulse Width   Slow    RAMD64E/CLK  n/a            1.130         5.000       3.870      SLICE_X46Y26  buffer_reg_r1_0_63_0_2/RAMC/CLK
Low Pulse Width   Fast    RAMD64E/CLK  n/a            1.130         5.000       3.870      SLICE_X46Y26  buffer_reg_r1_0_63_0_2/RAMC/CLK
Low Pulse Width   Slow    RAMD64E/CLK  n/a            1.130         5.000       3.870      SLICE_X46Y26  buffer_reg_r1_0_63_0_2/RAMD/CLK
Low Pulse Width   Fast    RAMD64E/CLK  n/a            1.130         5.000       3.870      SLICE_X46Y26  buffer_reg_r1_0_63_0_2/RAMD/CLK
Low Pulse Width   Slow    RAMD64E/CLK  n/a            1.130         5.000       3.870      SLICE_X42Y30  buffer_reg_r1_0_63_12_14/RAMA/CLK
Low Pulse Width   Fast    RAMD64E/CLK  n/a            1.130         5.000       3.870      SLICE_X42Y30  buffer_reg_r1_0_63_12_14/RAMA/CLK
High Pulse Width  Slow    RAMD64E/CLK  n/a            1.130         5.000       3.870      SLICE_X46Y26  buffer_reg_r1_0_63_0_2/RAMA/CLK
High Pulse Width  Fast    RAMD64E/CLK  n/a            1.130         5.000       3.870      SLICE_X46Y26  buffer_reg_r1_0_63_0_2/RAMA/CLK
High Pulse Width  Slow    RAMD64E/CLK  n/a            1.130         5.000       3.870      SLICE_X46Y26  buffer_reg_r1_0_63_0_2/RAMB/CLK
High Pulse Width  Fast    RAMD64E/CLK  n/a            1.130         5.000       3.870      SLICE_X46Y26  buffer_reg_r1_0_63_0_2/RAMB/CLK
High Pulse Width  Slow    RAMD64E/CLK  n/a            1.130         5.000       3.870      SLICE_X46Y26  buffer_reg_r1_0_63_0_2/RAMC/CLK
High Pulse Width  Fast    RAMD64E/CLK  n/a            1.130         5.000       3.870      SLICE_X46Y26  buffer_reg_r1_0_63_0_2/RAMC/CLK
High Pulse Width  Slow    RAMD64E/CLK  n/a            1.130         5.000       3.870      SLICE_X46Y26  buffer_reg_r1_0_63_0_2/RAMD/CLK
High Pulse Width  Fast    RAMD64E/CLK  n/a            1.130         5.000       3.870      SLICE_X46Y26  buffer_reg_r1_0_63_0_2/RAMD/CLK
High Pulse Width  Slow    RAMD64E/CLK  n/a            1.130         5.000       3.870      SLICE_X42Y30  buffer_reg_r1_0_63_12_14/RAMA/CLK
High Pulse Width  Fast    RAMD64E/CLK  n/a            1.130         5.000       3.870      SLICE_X42Y30  buffer_reg_r1_0_63_12_14/RAMA/CLK
