Copyright 1986-2021 Xilinx, Inc. All Rights Reserved.
------------------------------------------------------------------------------------------------------------------------------------------------------------------------------------------------------
| Tool Version : Vivado v.2021.1 (win64) Build 3247384 Thu Jun 10 19:36:33 MDT 2021
| Date         : normalized
| Host         : normalized
| Command      : report_timing_summary -delay_type max -max_paths 10 -file <output_dir>/ofdm_pilot_phase_tracker_post_route_timing_summary.rpt
| Design       : ofdm_pilot_phase_tracker
| Device       : 7z020-clg400
| Speed File   : -2  PRODUCTION 1.12 2019-11-22
------------------------------------------------------------------------------------------------------------------------------------------------------------------------------------------------------

Timing Summary Report

------------------------------------------------------------------------------------------------
| Timer Settings
| --------------
------------------------------------------------------------------------------------------------

  Enable Multi Corner Analysis               :  Yes
  Enable Pessimism Removal                   :  Yes
  Pessimism Removal Resolution               :  Nearest Common Node
  Enable Input Delay Default Clock           :  No
  Enable Preset / Clear Arcs                 :  No
  Disable Flight Delays                      :  No
  Ignore I/O Paths                           :  No
  Timing Early Launch at Borrowing Latches   :  No
  Borrow Time for Max Delay Exceptions       :  Yes
  Merge Timing Exceptions                    :  Yes

  Corner  Analyze    Analyze
  Name    Max Paths  Min Paths
  ------  ---------  ---------
  Slow    Yes        Yes
  Fast    Yes        Yes


------------------------------------------------------------------------------------------------
| Report Methodology
| ------------------
------------------------------------------------------------------------------------------------

No report available as report_methodology has not been run prior. Run report_methodology on the current design for the summary of methodology violations.



check_timing report

Table of Contents
-----------------
1. checking no_clock (0)
2. checking constant_clock (0)
3. checking pulse_width_clock (0)
4. checking unconstrained_internal_endpoints (0)
5. checking no_input_delay (0)
6. checking no_output_delay (0)
7. checking multiple_clock (0)
8. checking generated_clocks (0)
9. checking loops (0)
10. checking partial_input_delay (0)
11. checking partial_output_delay (0)
12. checking latch_loops (0)

1. checking no_clock (0)
------------------------
 There are 0 register/latch pins with no clock.


2. checking constant_clock (0)
------------------------------
 There are 0 register/latch pins with constant_clock.


3. checking pulse_width_clock (0)
---------------------------------
 There are 0 register/latch pins which need pulse_width check


4. checking unconstrained_internal_endpoints (0)
------------------------------------------------
 There are 0 pins that are not constrained for maximum delay.

 There are 0 pins that are not constrained for maximum delay due to constant clock.


5. checking no_input_delay (0)
------------------------------
 There are 0 input ports with no input delay specified.

 There are 0 input ports with no input delay but user has a false path constraint.


6. checking no_output_delay (0)
-------------------------------
 There are 0 ports with no output delay specified.

 There are 0 ports with no output delay but user has a false path constraint

 There are 0 ports with no output delay but with a timing clock defined on it or propagating through it


7. checking multiple_clock (0)
------------------------------
 There are 0 register/latch pins with multiple clocks.


8. checking generated_clocks (0)
--------------------------------
 There are 0 generated clocks that are not connected to a clock source.


9. checking loops (0)
---------------------
 There are 0 combinational loops in the design.


10. checking partial_input_delay (0)
------------------------------------
 There are 0 input ports with partial input delay specified.


11. checking partial_output_delay (0)
-------------------------------------
 There are 0 ports with partial output delay specified.


12. checking latch_loops (0)
----------------------------
 There are 0 combinational latch loops in the design through latch input



------------------------------------------------------------------------------------------------
| Design Timing Summary
| ---------------------
------------------------------------------------------------------------------------------------

    WNS(ns)      TNS(ns)  TNS Failing Endpoints  TNS Total Endpoints     WPWS(ns)     TPWS(ns)  TPWS Failing Endpoints  TPWS Total Endpoints
    -------      -------  ---------------------  -------------------     --------     --------  ----------------------  --------------------
      4.022        0.000                      0                  900        4.500        0.000                       0                   267


All user specified timing constraints are met.


------------------------------------------------------------------------------------------------
| Clock Summary
| -------------
------------------------------------------------------------------------------------------------

Clock  Waveform(ns)       Period(ns)      Frequency(MHz)
-----  ------------       ----------      --------------
clk    {0.000 5.000}      10.000          100.000


------------------------------------------------------------------------------------------------
| Intra Clock Table
| -----------------
------------------------------------------------------------------------------------------------

Clock             WNS(ns)      TNS(ns)  TNS Failing Endpoints  TNS Total Endpoints     WPWS(ns)     TPWS(ns)  TPWS Failing Endpoints  TPWS Total Endpoints
-----             -------      -------  ---------------------  -------------------     --------     --------  ----------------------  --------------------
clk                 4.022        0.000                      0                  900        4.500        0.000                       0                   267


------------------------------------------------------------------------------------------------
| Inter Clock Table
| -----------------
------------------------------------------------------------------------------------------------

From Clock    To Clock          WNS(ns)      TNS(ns)  TNS Failing Endpoints  TNS Total Endpoints
----------    --------          -------      -------  ---------------------  -------------------


------------------------------------------------------------------------------------------------
| Other Path Groups Table
| -----------------------
------------------------------------------------------------------------------------------------

Path Group    From Clock    To Clock          WNS(ns)      TNS(ns)  TNS Failing Endpoints  TNS Total Endpoints
----------    ----------    --------          -------      -------  ---------------------  -------------------


------------------------------------------------------------------------------------------------
| Timing Details
| --------------
------------------------------------------------------------------------------------------------


---------------------------------------------------------------------------------------------------
From Clock:  clk
  To Clock:  clk

Setup :            0  Failing Endpoints,  Worst Slack        4.022ns,  Total Violation        0.000ns
Hold  :           NA  Failing Endpoints,  Worst Slack           NA  ,  Total Violation           NA
PW    :            0  Failing Endpoints,  Worst Slack        4.500ns,  Total Violation        0.000ns
---------------------------------------------------------------------------------------------------


Max Delay Paths
--------------------------------------------------------------------------------------
Slack (MET) :             4.022ns  (required time - arrival time)
  Source:                 iter_reg[2]/C
                            (rising edge-triggered cell FDRE clocked by clk  {rise@0.000ns fall@5.000ns period=10.000ns})
  Destination:            vx_reg[18]/D
                            (rising edge-triggered cell FDRE clocked by clk  {rise@0.000ns fall@5.000ns period=10.000ns})
  Path Group:             clk
  Path Type:              Setup (Max at Slow Process Corner)
  Requirement:            10.000ns  (clk rise@10.000ns - clk rise@0.000ns)
  Data Path Delay:        5.796ns  (logic 2.199ns (37.937%)  route 3.597ns (62.063%))
  Logic Levels:           9  (CARRY4=5 LUT3=1 LUT5=2 LUT6=1)
  Clock Path Skew:        -0.131ns (DCD - SCD + CPR)
    Destination Clock Delay (DCD):    1.252ns = ( 11.252 - 10.000 )
    Source Clock Delay      (SCD):    1.395ns
    Clock Pessimism Removal (CPR):    0.012ns
  Clock Uncertainty:      0.035ns  ((TSJ^2 + TIJ^2)^1/2 + DJ) / 2 + PE
    Total System Jitter     (TSJ):    0.071ns
    Total Input Jitter      (TIJ):    0.000ns
    Discrete Jitter          (DJ):    0.000ns
    Phase Error              (PE):    0.000ns

    Location             Delay type                Incr(ns)  Path(ns)    Netlist Resource(s)
  -------------------------------------------------------------------    -------------------
                         (clock clk rise edge)        0.000     0.000 r
                                                      0.000     0.000 r  clk (IN)
                         net (fo=266, unset)          1.395     1.395    clk
    SLICE_X50Y46         FDRE                                         r  iter_reg[2]/C
  -------------------------------------------------------------------    -------------------
    SLICE_X50Y46         FDRE (Prop_fdre_C_Q)         0.433     1.828 r  iter_reg[2]/Q
                         net (fo=144, routed)         1.345     3.173    iter_reg_n_0_[2]
    SLICE_X44Y41         LUT6 (Prop_lut6_I2_O)        0.105     3.278 r  vx[3]_i_13/O
                         net (fo=1, routed)           0.790     4.068    vx[3]_i_13_n_0
    SLICE_X43Y41         LUT3 (Prop_lut3_I2_O)        0.115     4.183 r  vx[3]_i_9/O
                         net (fo=2, routed)           0.220     4.402    vx[3]_i_9_n_0
    SLICE_X43Y41         LUT5 (Prop_lut5_I1_O)        0.275     4.677 r  vx[3]_i_6/O
                         net (fo=1, routed)           0.331     5.008    vx[3]_i_6_n_0
    SLICE_X42Y41         CARRY4 (Prop_carry4_S[0]_CO[3])
                                                      0.528     5.536 r  vx_reg[3]_i_2/CO[3]
                         net (fo=1, routed)           0.000     5.536    vx_reg[3]_i_2_n_0
    SLICE_X42Y42         CARRY4 (Prop_carry4_CI_CO[3])
                                                      0.100     5.636 r  vx_reg[7]_i_2/CO[3]
                         net (fo=1, routed)           0.000     5.636    vx_reg[7]_i_2_n_0
    SLICE_X42Y43         CARRY4 (Prop_carry4_CI_CO[3])
                                                      0.100     5.736 r  vx_reg[11]_i_2/CO[3]
                         net (fo=1, routed)           0.000     5.736    vx_reg[11]_i_2_n_0
    SLICE_X42Y44         CARRY4 (Prop_carry4_CI_CO[3])
                                                      0.100     5.836 r  vx_reg[15]_i_2/CO[3]
                         net (fo=1, routed)           0.000     5.836    vx_reg[15]_i_2_n_0
    SLICE_X42Y45         CARRY4 (Prop_carry4_CI_O[2])
                                                      0.199     6.035 r  vx_reg[19]_i_2/O[2]
                         net (fo=1, routed)           0.536     6.571    vx_reg[19]_i_2_n_5
    SLICE_X41Y47         LUT5 (Prop_lut5_I4_O)        0.244     6.815 r  vx[18]_i_1/O
                         net (fo=1, routed)           0.376     7.191    vx[18]
    SLICE_X42Y47         FDRE                                         r  vx_reg[18]/D
  -------------------------------------------------------------------    -------------------

                         (clock clk rise edge)       10.000    10.000 r
                                                      0.000    10.000 r  clk (IN)
                         net (fo=266, unset)          1.252    11.252    clk
    SLICE_X42Y47         FDRE                                         r  vx_reg[18]/C
                         clock pessimism              0.012    11.264
                         clock uncertainty           -0.035    11.229
    SLICE_X42Y47         FDRE (Setup_fdre_C_D)       -0.015    11.214    vx_reg[18]
  -------------------------------------------------------------------
                         required time                         11.214
                         arrival time                          -7.191
  -------------------------------------------------------------------
                         slack                                  4.022

Slack (MET) :             4.026ns  (required time - arrival time)
  Source:                 rx_reg[13]/C
                            (rising edge-triggered cell FDRE clocked by clk  {rise@0.000ns fall@5.000ns period=10.000ns})
  Destination:            ry_reg[9]/D
                            (rising edge-triggered cell FDRE clocked by clk  {rise@0.000ns fall@5.000ns period=10.000ns})
  Path Group:             clk
  Path Type:              Setup (Max at Slow Process Corner)
  Requirement:            10.000ns  (clk rise@10.000ns - clk rise@0.000ns)
  Data Path Delay:        6.049ns  (logic 2.055ns (33.971%)  route 3.994ns (66.029%))
  Logic Levels:           7  (CARRY4=3 LUT3=2 LUT5=1 LUT6=1)
  Clock Path Skew:        0.005ns (DCD - SCD + CPR)
    Destination Clock Delay (DCD):    1.300ns = ( 11.300 - 10.000 )
    Source Clock Delay      (SCD):    1.392ns
    Clock Pessimism Removal (CPR):    0.097ns
  Clock Uncertainty:      0.035ns  ((TSJ^2 + TIJ^2)^1/2 + DJ) / 2 + PE
    Total System Jitter     (TSJ):    0.071ns
    Total Input Jitter      (TIJ):    0.000ns
    Discrete Jitter          (DJ):    0.000ns
    Phase Error              (PE):    0.000ns

    Location             Delay type                Incr(ns)  Path(ns)    Netlist Resource(s)
  -------------------------------------------------------------------    -------------------
                         (clock clk rise edge)        0.000     0.000 r
                                                      0.000     0.000 r  clk (IN)
                         net (fo=266, unset)          1.392     1.392    clk
    SLICE_X52Y39         FDRE                                         r  rx_reg[13]/C
  -------------------------------------------------------------------    -------------------
    SLICE_X52Y39         FDRE (Prop_fdre_C_Q)         0.379     1.771 r  rx_reg[13]/Q
                         net (fo=8, routed)           1.241     3.012    rx_reg_n_0_[13]
    SLICE_X52Y36         LUT6 (Prop_lut6_I0_O)        0.105     3.117 r  ry[3]_i_13/O
                         net (fo=1, routed)           0.759     3.876    ry[3]_i_13_n_0
    SLICE_X55Y36         LUT3 (Prop_lut3_I2_O)        0.125     4.001 r  ry[3]_i_9/O
                         net (fo=2, routed)           0.682     4.683    ry[3]_i_9_n_0
    SLICE_X57Y36         LUT5 (Prop_lut5_I1_O)        0.275     4.958 r  ry[3]_i_6/O
                         net (fo=1, routed)           0.513     5.471    ry[3]_i_6_n_0
    SLICE_X56Y36         CARRY4 (Prop_carry4_S[0]_CO[3])
                                                      0.545     6.016 r  ry_reg[3]_i_2/CO[3]
                         net (fo=1, routed)           0.000     6.016    ry_reg[3]_i_2_n_0
    SLICE_X56Y37         CARRY4 (Prop_carry4_CI_CO[3])
                                                      0.098     6.114 r  ry_reg[7]_i_2/CO[3]
                         net (fo=1, routed)           0.000     6.114    ry_reg[7]_i_2_n_0
    SLICE_X56Y38         CARRY4 (Prop_carry4_CI_O[1])
                                                      0.265     6.379 r  ry_reg[11]_i_2/O[1]
                         net (fo=1, routed)           0.799     7.178    ry_reg[11]_i_2_n_6
    SLICE_X58Y38         LUT3 (Prop_lut3_I1_O)        0.263     7.441 r  ry[9]_i_1/O
                         net (fo=1, routed)           0.000     7.441    ry[9]
    SLICE_X58Y38         FDRE                                         r  ry_reg[9]/D
  -------------------------------------------------------------------    -------------------

                         (clock clk rise edge)       10.000    10.000 r
                                                      0.000    10.000 r  clk (IN)
                         net (fo=266, unset)          1.300    11.300    clk
    SLICE_X58Y38         FDRE                                         r  ry_reg[9]/C
                         clock pessimism              0.097    11.397
                         clock uncertainty           -0.035    11.362
    SLICE_X58Y38         FDRE (Setup_fdre_C_D)        0.106    11.468    ry_reg[9]
  -------------------------------------------------------------------
                         required time                         11.468
                         arrival time                          -7.441
  -------------------------------------------------------------------
                         slack                                  4.026

Slack (MET) :             4.042ns  (required time - arrival time)
  Source:                 iter_reg[2]/C
                            (rising edge-triggered cell FDRE clocked by clk  {rise@0.000ns fall@5.000ns period=10.000ns})
  Destination:            rx_reg[17]/D
                            (rising edge-triggered cell FDRE clocked by clk  {rise@0.000ns fall@5.000ns period=10.000ns})
  Path Group:             clk
  Path Type:              Setup (Max at Slow Process Corner)
  Requirement:            10.000ns  (clk rise@10.000ns - clk rise@0.000ns)
  Data Path Delay:        5.926ns  (logic 2.283ns (38.528%)  route 3.643ns (61.472%))
  Logic Levels:           9  (CARRY4=5 LUT3=1 LUT5=1 LUT6=2)
  Clock Path Skew:        -0.029ns (DCD - SCD + CPR)
    Destination Clock Delay (DCD):    1.241ns = ( 11.241 - 10.000 )
    Source Clock Delay      (SCD):    1.395ns
    Clock Pessimism Removal (CPR):    0.125ns
  Clock Uncertainty:      0.035ns  ((TSJ^2 + TIJ^2)^1/2 + DJ) / 2 + PE
    Total System Jitter     (TSJ):    0.071ns
    Total Input Jitter      (TIJ):    0.000ns
    Discrete Jitter          (DJ):    0.000ns
    Phase Error              (PE):    0.000ns

    Location             Delay type                Incr(ns)  Path(ns)    Netlist Resource(s)
  -------------------------------------------------------------------    -------------------
                         (clock clk rise edge)        0.000     0.000 r
                                                      0.000     0.000 r  clk (IN)
                         net (fo=266, unset)          1.395     1.395    clk
    SLICE_X50Y46         FDRE                                         r  iter_reg[2]/C
  -------------------------------------------------------------------    -------------------
    SLICE_X50Y46         FDRE (Prop_fdre_C_Q)         0.433     1.828 r  iter_reg[2]/Q
                         net (fo=144, routed)         1.714     3.542    iter_reg_n_0_[2]
    SLICE_X58Y36         LUT6 (Prop_lut6_I2_O)        0.105     3.647 r  rx[3]_i_12/O
                         net (fo=2, routed)           0.540     4.187    rx[3]_i_12_n_0
    SLICE_X54Y36         LUT3 (Prop_lut3_I0_O)        0.105     4.292 r  rx[3]_i_10/O
                         net (fo=2, routed)           0.609     4.902    rx[3]_i_10_n_0
    SLICE_X52Y36         LUT5 (Prop_lut5_I1_O)        0.124     5.026 r  rx[3]_i_7/O
                         net (fo=1, routed)           0.514     5.539    rx[3]_i_7_n_0
    SLICE_X53Y36         CARRY4 (Prop_carry4_S[0]_CO[3])
                                                      0.707     6.246 r  rx_reg[3]_i_2/CO[3]
                         net (fo=1, routed)           0.000     6.246    rx_reg[3]_i_2_n_0
    SLICE_X53Y37         CARRY4 (Prop_carry4_CI_CO[3])
                                                      0.098     6.344 r  rx_reg[7]_i_2/CO[3]
                         net (fo=1, routed)           0.000     6.344    rx_reg[7]_i_2_n_0
    SLICE_X53Y38         CARRY4 (Prop_carry4_CI_CO[3])
                                                      0.098     6.442 r  rx_reg[11]_i_2/CO[3]
                         net (fo=1, routed)           0.000     6.442    rx_reg[11]_i_2_n_0
    SLICE_X53Y39         CARRY4 (Prop_carry4_CI_CO[3])
                                                      0.098     6.540 r  rx_reg[15]_i_2/CO[3]
                         net (fo=1, routed)           0.000     6.540    rx_reg[15]_i_2_n_0
    SLICE_X53Y40         CARRY4 (Prop_carry4_CI_O[1])
                                                      0.265     6.805 r  rx_reg[17]_i_4/O[1]
                         net (fo=1, routed)           0.265     7.071    rx_reg[17]_i_4_n_6
    SLICE_X52Y40         LUT6 (Prop_lut6_I5_O)        0.250     7.321 r  rx[17]_i_1/O
                         net (fo=1, routed)           0.000     7.321    rx[17]
    SLICE_X52Y40         FDRE                                         r  rx_reg[17]/D
  -------------------------------------------------------------------    -------------------

                         (clock clk rise edge)       10.000    10.000 r
                                                      0.000    10.000 r  clk (IN)
                         net (fo=266, unset)          1.241    11.241    clk
    SLICE_X52Y40         FDRE                                         r  rx_reg[17]/C
                         clock pessimism              0.125    11.366
                         clock uncertainty           -0.035    11.331
    SLICE_X52Y40         FDRE (Setup_fdre_C_D)        0.032    11.363    rx_reg[17]
  -------------------------------------------------------------------
                         required time                         11.363
                         arrival time                          -7.321
  -------------------------------------------------------------------
                         slack                                  4.042

Slack (MET) :             4.055ns  (required time - arrival time)
  Source:                 rx_reg[13]/C
                            (rising edge-triggered cell FDRE clocked by clk  {rise@0.000ns fall@5.000ns period=10.000ns})
  Destination:            ry_reg[14]/D
                            (rising edge-triggered cell FDRE clocked by clk  {rise@0.000ns fall@5.000ns period=10.000ns})
  Path Group:             clk
  Path Type:              Setup (Max at Slow Process Corner)
  Requirement:            10.000ns  (clk rise@10.000ns - clk rise@0.000ns)
  Data Path Delay:        5.985ns  (logic 2.099ns (35.072%)  route 3.886ns (64.928%))
  Logic Levels:           8  (CARRY4=4 LUT3=2 LUT5=1 LUT6=1)
  Clock Path Skew:        0.006ns (DCD - SCD + CPR)
    Destination Clock Delay (DCD):    1.301ns = ( 11.301 - 10.000 )
    Source Clock Delay      (SCD):    1.392ns
    Clock Pessimism Removal (CPR):    0.097ns
  Clock Uncertainty:      0.035ns  ((TSJ^2 + TIJ^2)^1/2 + DJ) / 2 + PE
    Total System Jitter     (TSJ):    0.071ns
    Total Input Jitter      (TIJ):    0.000ns
    Discrete Jitter          (DJ):    0.000ns
    Phase Error              (PE):    0.000ns

    Location             Delay type                Incr(ns)  Path(ns)    Netlist Resource(s)
  -------------------------------------------------------------------    -------------------
                         (clock clk rise edge)        0.000     0.000 r
                                                      0.000     0.000 r  clk (IN)
                         net (fo=266, unset)          1.392     1.392    clk
    SLICE_X52Y39         FDRE                                         r  rx_reg[13]/C
  -------------------------------------------------------------------    -------------------
    SLICE_X52Y39         FDRE (Prop_fdre_C_Q)         0.379     1.771 r  rx_reg[13]/Q
                         net (fo=8, routed)           1.241     3.012    rx_reg_n_0_[13]
    SLICE_X52Y36         LUT6 (Prop_lut6_I0_O)        0.105     3.117 r  ry[3]_i_13/O
                         net (fo=1, routed)           0.759     3.876    ry[3]_i_13_n_0
    SLICE_X55Y36         LUT3 (Prop_lut3_I2_O)        0.125     4.001 r  ry[3]_i_9/O
                         net (fo=2, routed)           0.682     4.683    ry[3]_i_9_n_0
    SLICE_X57Y36         LUT5 (Prop_lut5_I1_O)        0.275     4.958 r  ry[3]_i_6/O
                         net (fo=1, routed)           0.513     5.471    ry[3]_i_6_n_0
    SLICE_X56Y36         CARRY4 (Prop_carry4_S[0]_CO[3])
                                                      0.545     6.016 r  ry_reg[3]_i_2/CO[3]
                         net (fo=1, routed)           0.000     6.016    ry_reg[3]_i_2_n_0
    SLICE_X56Y37         CARRY4 (Prop_carry4_CI_CO[3])
                                                      0.098     6.114 r  ry_reg[7]_i_2/CO[3]
                         net (fo=1, routed)           0.000     6.114    ry_reg[7]_i_2_n_0
    SLICE_X56Y38         CARRY4 (Prop_carry4_CI_CO[3])
                                                      0.098     6.212 r  ry_reg[11]_i_2/CO[3]
                         net (fo=1, routed)           0.000     6.212    ry_reg[11]_i_2_n_0
    SLICE_X56Y39         CARRY4 (Prop_carry4_CI_O[2])
                                                      0.200     6.412 r  ry_reg[15]_i_2/O[2]
                         net (fo=1, routed)           0.691     7.103    ry_reg[15]_i_2_n_5
    SLICE_X57Y39         LUT3 (Prop_lut3_I1_O)        0.274     7.377 r  ry[14]_i_1/O
                         net (fo=1, routed)           0.000     7.377    ry[14]
    SLICE_X57Y39         FDRE                                         r  ry_reg[14]/D
  -------------------------------------------------------------------    -------------------

                         (clock clk rise edge)       10.000    10.000 r
                                                      0.000    10.000 r  clk (IN)
                         net (fo=266, unset)          1.301    11.301    clk
    SLICE_X57Y39         FDRE                                         r  ry_reg[14]/C
                         clock pessimism              0.097    11.398
                         clock uncertainty           -0.035    11.363
    SLICE_X57Y39         FDRE (Setup_fdre_C_D)        0.069    11.432    ry_reg[14]
  -------------------------------------------------------------------
                         required time                         11.432
                         arrival time                          -7.377
  -------------------------------------------------------------------
                         slack                                  4.055

Slack (MET) :             4.060ns  (required time - arrival time)
  Source:                 iter_reg[2]/C
                            (rising edge-triggered cell FDRE clocked by clk  {rise@0.000ns fall@5.000ns period=10.000ns})
  Destination:            rx_reg[16]/D
                            (rising edge-triggered cell FDRE clocked by clk  {rise@0.000ns fall@5.000ns period=10.000ns})
  Path Group:             clk
  Path Type:              Setup (Max at Slow Process Corner)
  Requirement:            10.000ns  (clk rise@10.000ns - clk rise@0.000ns)
  Data Path Delay:        5.906ns  (logic 2.197ns (37.199%)  route 3.709ns (62.801%))
  Logic Levels:           9  (CARRY4=5 LUT3=1 LUT5=1 LUT6=2)
  Clock Path Skew:        -0.029ns (DCD - SCD + CPR)
    Destination Clock Delay (DCD):    1.241ns = ( 11.241 - 10.000 )
    Source Clock Delay      (SCD):    1.395ns
    Clock Pessimism Removal (CPR):    0.125ns
  Clock Uncertainty:      0.035ns  ((TSJ^2 + TIJ^2)^1/2 + DJ) / 2 + PE
    Total System Jitter     (TSJ):    0.071ns
    Total Input Jitter      (TIJ):    0.000ns
    Discrete Jitter          (DJ):    0.000ns
    Phase Error              (PE):    0.000ns

    Location             Delay type                Incr(ns)  Path(ns)    Netlist Resource(s)
  -------------------------------------------------------------------    -------------------
                         (clock clk rise edge)        0.000     0.000 r
                                                      0.000     0.000 r  clk (IN)
                         net (fo=266, unset)          1.395     1.395    clk
    SLICE_X50Y46         FDRE                                         r  iter_reg[2]/C
  -------------------------------------------------------------------    -------------------
    SLICE_X50Y46         FDRE (Prop_fdre_C_Q)         0.433     1.828 r  iter_reg[2]/Q
                         net (fo=144, routed)         1.714     3.542    iter_reg_n_0_[2]
    SLICE_X58Y36         LUT6 (Prop_lut6_I2_O)        0.105     3.647 r  rx[3]_i_12/O
                         net (fo=2, routed)           0.540     4.187    rx[3]_i_12_n_0
    SLICE_X54Y36         LUT3 (Prop_lut3_I0_O)        0.105     4.292 r  rx[3]_i_10/O
                         net (fo=2, routed)           0.609     4.902    rx[3]_i_10_n_0
    SLICE_X52Y36         LUT5 (Prop_lut5_I1_O)        0.124     5.026 r  rx[3]_i_7/O
                         net (fo=1, routed)           0.514     5.539    rx[3]_i_7_n_0
    SLICE_X53Y36         CARRY4 (Prop_carry4_S[0]_CO[3])
                                                      0.707     6.246 r  rx_reg[3]_i_2/CO[3]
                         net (fo=1, routed)           0.000     6.246    rx_reg[3]_i_2_n_0
    SLICE_X53Y37         CARRY4 (Prop_carry4_CI_CO[3])
                                                      0.098     6.344 r  rx_reg[7]_i_2/CO[3]
                         net (fo=1, routed)           0.000     6.344    rx_reg[7]_i_2_n_0
    SLICE_X53Y38         CARRY4 (Prop_carry4_CI_CO[3])
                                                      0.098     6.442 r  rx_reg[11]_i_2/CO[3]
                         net (fo=1, routed)           0.000     6.442    rx_reg[11]_i_2_n_0
    SLICE_X53Y39         CARRY4 (Prop_carry4_CI_CO[3])
                                                      0.098     6.540 r  rx_reg[15]_i_2/CO[3]
                         net (fo=1, routed)           0.000     6.540    rx_reg[15]_i_2_n_0
    SLICE_X53Y40         CARRY4 (Prop_carry4_CI_O[0])
                                                      0.180     6.720 r  rx_reg[17]_i_4/O[0]
                         net (fo=1, routed)           0.332     7.052    rx_reg[17]_i_4_n_7
    SLICE_X52Y40         LUT6 (Prop_lut6_I5_O)        0.249     7.301 r  rx[16]_i_1/O
                         net (fo=1, routed)           0.000     7.301    rx[16]
    SLICE_X52Y40         FDRE                                         r  rx_reg[16]/D
  -------------------------------------------------------------------    -------------------

                         (clock clk rise edge)       10.000    10.000 r
                                                      0.000    10.000 r  clk (IN)
                         net (fo=266, unset)          1.241    11.241    clk
    SLICE_X52Y40         FDRE                                         r  rx_reg[16]/C
                         clock pessimism              0.125    11.366
                         clock uncertainty           -0.035    11.331
    SLICE_X52Y40         FDRE (Setup_fdre_C_D)        0.030    11.361    rx_reg[16]
  -------------------------------------------------------------------
                         required time                         11.361
                         arrival time                          -7.301
  -------------------------------------------------------------------
                         slack                                  4.060

Slack (MET) :             4.076ns  (required time - arrival time)
  Source:                 rx_reg[13]/C
                            (rising edge-triggered cell FDRE clocked by clk  {rise@0.000ns fall@5.000ns period=10.000ns})
  Destination:            ry_reg[8]/D
                            (rising edge-triggered cell FDRE clocked by clk  {rise@0.000ns fall@5.000ns period=10.000ns})
  Path Group:             clk
  Path Type:              Setup (Max at Slow Process Corner)
  Requirement:            10.000ns  (clk rise@10.000ns - clk rise@0.000ns)
  Data Path Delay:        5.963ns  (logic 1.966ns (32.971%)  route 3.997ns (67.029%))
  Logic Levels:           7  (CARRY4=3 LUT3=2 LUT5=1 LUT6=1)
  Clock Path Skew:        0.005ns (DCD - SCD + CPR)
    Destination Clock Delay (DCD):    1.300ns = ( 11.300 - 10.000 )
    Source Clock Delay      (SCD):    1.392ns
    Clock Pessimism Removal (CPR):    0.097ns
  Clock Uncertainty:      0.035ns  ((TSJ^2 + TIJ^2)^1/2 + DJ) / 2 + PE
    Total System Jitter     (TSJ):    0.071ns
    Total Input Jitter      (TIJ):    0.000ns
    Discrete Jitter          (DJ):    0.000ns
    Phase Error              (PE):    0.000ns

    Location             Delay type                Incr(ns)  Path(ns)    Netlist Resource(s)
  -------------------------------------------------------------------    -------------------
                         (clock clk rise edge)        0.000     0.000 r
                                                      0.000     0.000 r  clk (IN)
                         net (fo=266, unset)          1.392     1.392    clk
    SLICE_X52Y39         FDRE                                         r  rx_reg[13]/C
  -------------------------------------------------------------------    -------------------
    SLICE_X52Y39         FDRE (Prop_fdre_C_Q)         0.379     1.771 r  rx_reg[13]/Q
                         net (fo=8, routed)           1.241     3.012    rx_reg_n_0_[13]
    SLICE_X52Y36         LUT6 (Prop_lut6_I0_O)        0.105     3.117 r  ry[3]_i_13/O
                         net (fo=1, routed)           0.759     3.876    ry[3]_i_13_n_0
    SLICE_X55Y36         LUT3 (Prop_lut3_I2_O)        0.125     4.001 r  ry[3]_i_9/O
                         net (fo=2, routed)           0.682     4.683    ry[3]_i_9_n_0
    SLICE_X57Y36         LUT5 (Prop_lut5_I1_O)        0.275     4.958 r  ry[3]_i_6/O
                         net (fo=1, routed)           0.513     5.471    ry[3]_i_6_n_0
    SLICE_X56Y36         CARRY4 (Prop_carry4_S[0]_CO[3])
                                                      0.545     6.016 r  ry_reg[3]_i_2/CO[3]
                         net (fo=1, routed)           0.000     6.016    ry_reg[3]_i_2_n_0
    SLICE_X56Y37         CARRY4 (Prop_carry4_CI_CO[3])
                                                      0.098     6.114 r  ry_reg[7]_i_2/CO[3]
                         net (fo=1, routed)           0.000     6.114    ry_reg[7]_i_2_n_0
    SLICE_X56Y38         CARRY4 (Prop_carry4_CI_O[0])
                                                      0.180     6.294 r  ry_reg[11]_i_2/O[0]
                         net (fo=1, routed)           0.801     7.096    ry_reg[11]_i_2_n_7
    SLICE_X57Y37         LUT3 (Prop_lut3_I1_O)        0.259     7.355 r  ry[8]_i_1/O
                         net (fo=1, routed)           0.000     7.355    ry[8]
    SLICE_X57Y37         FDRE                                         r  ry_reg[8]/D
  -------------------------------------------------------------------    -------------------

                         (clock clk rise edge)       10.000    10.000 r
                                                      0.000    10.000 r  clk (IN)
                         net (fo=266, unset)          1.300    11.300    clk
    SLICE_X57Y37         FDRE                                         r  ry_reg[8]/C
                         clock pessimism              0.097    11.397
                         clock uncertainty           -0.035    11.362
    SLICE_X57Y37         FDRE (Setup_fdre_C_D)        0.069    11.431    ry_reg[8]
  -------------------------------------------------------------------
                         required time                         11.431
                         arrival time                          -7.355
  -------------------------------------------------------------------
                         slack                                  4.076

Slack (MET) :             4.079ns  (required time - arrival time)
  Source:                 iter_reg[2]/C
                            (rising edge-triggered cell FDRE clocked by clk  {rise@0.000ns fall@5.000ns period=10.000ns})
  Destination:            rx_reg[15]/D
                            (rising edge-triggered cell FDRE clocked by clk  {rise@0.000ns fall@5.000ns period=10.000ns})
  Path Group:             clk
  Path Type:              Setup (Max at Slow Process Corner)
  Requirement:            10.000ns  (clk rise@10.000ns - clk rise@0.000ns)
  Data Path Delay:        5.889ns  (logic 2.187ns (37.137%)  route 3.702ns (62.863%))
  Logic Levels:           8  (CARRY4=4 LUT3=1 LUT5=1 LUT6=2)
  Clock Path Skew:        -0.030ns (DCD - SCD + CPR)
    Destination Clock Delay (DCD):    1.240ns = ( 11.240 - 10.000 )
    Source Clock Delay      (SCD):    1.395ns
    Clock Pessimism Removal (CPR):    0.125ns
  Clock Uncertainty:      0.035ns  ((TSJ^2 + TIJ^2)^1/2 + DJ) / 2 + PE
    Total System Jitter     (TSJ):    0.071ns
    Total Input Jitter      (TIJ):    0.000ns
    Discrete Jitter          (DJ):    0.000ns
    Phase Error              (PE):    0.000ns

    Location             Delay type                Incr(ns)  Path(ns)    Netlist Resource(s)
  -------------------------------------------------------------------    -------------------
                         (clock clk rise edge)        0.000     0.000 r
                                                      0.000     0.000 r  clk (IN)
                         net (fo=266, unset)          1.395     1.395    clk
    SLICE_X50Y46         FDRE                                         r  iter_reg[2]/C
  -------------------------------------------------------------------    -------------------
    SLICE_X50Y46         FDRE (Prop_fdre_C_Q)         0.433     1.828 r  iter_reg[2]/Q
                         net (fo=144, routed)         1.714     3.542    iter_reg_n_0_[2]
    SLICE_X58Y36         LUT6 (Prop_lut6_I2_O)        0.105     3.647 r  rx[3]_i_12/O
                         net (fo=2, routed)           0.540     4.187    rx[3]_i_12_n_0
    SLICE_X54Y36         LUT3 (Prop_lut3_I0_O)        0.105     4.292 r  rx[3]_i_10/O
                         net (fo=2, routed)           0.609     4.902    rx[3]_i_10_n_0
    SLICE_X52Y36         LUT5 (Prop_lut5_I1_O)        0.124     5.026 r  rx[3]_i_7/O
                         net (fo=1, routed)           0.514     5.539    rx[3]_i_7_n_0
    SLICE_X53Y36         CARRY4 (Prop_carry4_S[0]_CO[3])
                                                      0.707     6.246 r  rx_reg[3]_i_2/CO[3]
                         net (fo=1, routed)           0.000     6.246    rx_reg[3]_i_2_n_0
    SLICE_X53Y37         CARRY4 (Prop_carry4_CI_CO[3])
                                                      0.098     6.344 r  rx_reg[7]_i_2/CO[3]
                         net (fo=1, routed)           0.000     6.344    rx_reg[7]_i_2_n_0
    SLICE_X53Y38         CARRY4 (Prop_carry4_CI_CO[3])
                                                      0.098     6.442 r  rx_reg[11]_i_2/CO[3]
                         net (fo=1, routed)           0.000     6.442    rx_reg[11]_i_2_n_0
    SLICE_X53Y39         CARRY4 (Prop_carry4_CI_O[3])
                                                      0.260     6.702 r  rx_reg[15]_i_2/O[3]
                         net (fo=1, routed)           0.325     7.027    rx_reg[15]_i_2_n_4
    SLICE_X52Y39         LUT6 (Prop_lut6_I5_O)        0.257     7.284 r  rx[15]_i_1/O
                         net (fo=1, routed)           0.000     7.284    rx[15]
    SLICE_X52Y39         FDRE                                         r  rx_reg[15]/D
  -------------------------------------------------------------------    -------------------

                         (clock clk rise edge)       10.000    10.000 r
                                                      0.000    10.000 r  clk (IN)
                         net (fo=266, unset)          1.240    11.240    clk
    SLICE_X52Y39         FDRE                                         r  rx_reg[15]/C
                         clock pessimism              0.125    11.365
                         clock uncertainty           -0.035    11.330
    SLICE_X52Y39         FDRE (Setup_fdre_C_D)        0.033    11.363    rx_reg[15]
  -------------------------------------------------------------------
                         required time                         11.363
                         arrival time                          -7.284
  -------------------------------------------------------------------
                         slack                                  4.079

Slack (MET) :             4.088ns  (required time - arrival time)
  Source:                 iter_reg[2]/C
                            (rising edge-triggered cell FDRE clocked by clk  {rise@0.000ns fall@5.000ns period=10.000ns})
  Destination:            vy_reg[21]/D
                            (rising edge-triggered cell FDRE clocked by clk  {rise@0.000ns fall@5.000ns period=10.000ns})
  Path Group:             clk
  Path Type:              Setup (Max at Slow Process Corner)
  Requirement:            10.000ns  (clk rise@10.000ns - clk rise@0.000ns)
  Data Path Delay:        5.779ns  (logic 2.372ns (41.044%)  route 3.407ns (58.956%))
  Logic Levels:           10  (CARRY4=6 LUT3=1 LUT5=2 LUT6=1)
  Clock Path Skew:        -0.131ns (DCD - SCD + CPR)
    Destination Clock Delay (DCD):    1.252ns = ( 11.252 - 10.000 )
    Source Clock Delay      (SCD):    1.395ns
    Clock Pessimism Removal (CPR):    0.012ns
  Clock Uncertainty:      0.035ns  ((TSJ^2 + TIJ^2)^1/2 + DJ) / 2 + PE
    Total System Jitter     (TSJ):    0.071ns
    Total Input Jitter      (TIJ):    0.000ns
    Discrete Jitter          (DJ):    0.000ns
    Phase Error              (PE):    0.000ns

    Location             Delay type                Incr(ns)  Path(ns)    Netlist Resource(s)
  -------------------------------------------------------------------    -------------------
                         (clock clk rise edge)        0.000     0.000 r
                                                      0.000     0.000 r  clk (IN)
                         net (fo=266, unset)          1.395     1.395    clk
    SLICE_X50Y46         FDRE                                         r  iter_reg[2]/C
  -------------------------------------------------------------------    -------------------
    SLICE_X50Y46         FDRE (Prop_fdre_C_Q)         0.433     1.828 r  iter_reg[2]/Q
                         net (fo=144, routed)         1.466     3.294    iter_reg_n_0_[2]
    SLICE_X45Y43         LUT6 (Prop_lut6_I2_O)        0.105     3.399 r  vy[3]_i_13/O
                         net (fo=2, routed)           0.797     4.196    vy[3]_i_13_n_0
    SLICE_X43Y41         LUT3 (Prop_lut3_I0_O)        0.115     4.311 r  vy[3]_i_11/O
                         net (fo=1, routed)           0.355     4.666    vy[3]_i_11_n_0
    SLICE_X45Y42         LUT5 (Prop_lut5_I3_O)        0.267     4.933 r  vy[3]_i_7/O
                         net (fo=1, routed)           0.330     5.263    vy[3]_i_7_n_0
    SLICE_X43Y43         CARRY4 (Prop_carry4_S[0]_CO[3])
                                                      0.545     5.808 r  vy_reg[3]_i_2/CO[3]
                         net (fo=1, routed)           0.000     5.808    vy_reg[3]_i_2_n_0
    SLICE_X43Y44         CARRY4 (Prop_carry4_CI_CO[3])
                                                      0.098     5.906 r  vy_reg[7]_i_2/CO[3]
                         net (fo=1, routed)           0.000     5.906    vy_reg[7]_i_2_n_0
    SLICE_X43Y45         CARRY4 (Prop_carry4_CI_CO[3])
                                                      0.098     6.004 r  vy_reg[11]_i_2/CO[3]
                         net (fo=1, routed)           0.000     6.004    vy_reg[11]_i_2_n_0
    SLICE_X43Y46         CARRY4 (Prop_carry4_CI_CO[3])
                                                      0.098     6.102 r  vy_reg[15]_i_2/CO[3]
                         net (fo=1, routed)           0.000     6.102    vy_reg[15]_i_2_n_0
    SLICE_X43Y47         CARRY4 (Prop_carry4_CI_CO[3])
                                                      0.098     6.200 r  vy_reg[19]_i_2/CO[3]
                         net (fo=1, routed)           0.000     6.200    vy_reg[19]_i_2_n_0
    SLICE_X43Y48         CARRY4 (Prop_carry4_CI_O[1])
                                                      0.265     6.465 r  vy_reg[21]_i_3/O[1]
                         net (fo=1, routed)           0.459     6.924    vy_reg[21]_i_3_n_6
    SLICE_X41Y48         LUT5 (Prop_lut5_I4_O)        0.250     7.174 r  vy[21]_i_1/O
                         net (fo=1, routed)           0.000     7.174    vy[21]
    SLICE_X41Y48         FDRE                                         r  vy_reg[21]/D
  -------------------------------------------------------------------    -------------------

                         (clock clk rise edge)       10.000    10.000 r
                                                      0.000    10.000 r  clk (IN)
                         net (fo=266, unset)          1.252    11.252    clk
    SLICE_X41Y48         FDRE                                         r  vy_reg[21]/C
                         clock pessimism              0.012    11.264
                         clock uncertainty           -0.035    11.229
    SLICE_X41Y48         FDRE (Setup_fdre_C_D)        0.033    11.262    vy_reg[21]
  -------------------------------------------------------------------
                         required time                         11.262
                         arrival time                          -7.174
  -------------------------------------------------------------------
                         slack                                  4.088

Slack (MET) :             4.098ns  (required time - arrival time)
  Source:                 iter_reg[2]/C
                            (rising edge-triggered cell FDRE clocked by clk  {rise@0.000ns fall@5.000ns period=10.000ns})
  Destination:            rx_reg[9]/D
                            (rising edge-triggered cell FDRE clocked by clk  {rise@0.000ns fall@5.000ns period=10.000ns})
  Path Group:             clk
  Path Type:              Setup (Max at Slow Process Corner)
  Requirement:            10.000ns  (clk rise@10.000ns - clk rise@0.000ns)
  Data Path Delay:        5.868ns  (logic 2.087ns (35.568%)  route 3.781ns (64.432%))
  Logic Levels:           7  (CARRY4=3 LUT3=1 LUT5=1 LUT6=2)
  Clock Path Skew:        -0.031ns (DCD - SCD + CPR)
    Destination Clock Delay (DCD):    1.239ns = ( 11.239 - 10.000 )
    Source Clock Delay      (SCD):    1.395ns
    Clock Pessimism Removal (CPR):    0.125ns
  Clock Uncertainty:      0.035ns  ((TSJ^2 + TIJ^2)^1/2 + DJ) / 2 + PE
    Total System Jitter     (TSJ):    0.071ns
    Total Input Jitter      (TIJ):    0.000ns
    Discrete Jitter          (DJ):    0.000ns
    Phase Error              (PE):    0.000ns

    Location             Delay type                Incr(ns)  Path(ns)    Netlist Resource(s)
  -------------------------------------------------------------------    -------------------
                         (clock clk rise edge)        0.000     0.000 r
                                                      0.000     0.000 r  clk (IN)
                         net (fo=266, unset)          1.395     1.395    clk
    SLICE_X50Y46         FDRE                                         r  iter_reg[2]/C
  -------------------------------------------------------------------    -------------------
    SLICE_X50Y46         FDRE (Prop_fdre_C_Q)         0.433     1.828 r  iter_reg[2]/Q
                         net (fo=144, routed)         1.714     3.542    iter_reg_n_0_[2]
    SLICE_X58Y36         LUT6 (Prop_lut6_I2_O)        0.105     3.647 r  rx[3]_i_12/O
                         net (fo=2, routed)           0.540     4.187    rx[3]_i_12_n_0
    SLICE_X54Y36         LUT3 (Prop_lut3_I0_O)        0.105     4.292 r  rx[3]_i_10/O
                         net (fo=2, routed)           0.609     4.902    rx[3]_i_10_n_0
    SLICE_X52Y36         LUT5 (Prop_lut5_I1_O)        0.124     5.026 r  rx[3]_i_7/O
                         net (fo=1, routed)           0.514     5.539    rx[3]_i_7_n_0
    SLICE_X53Y36         CARRY4 (Prop_carry4_S[0]_CO[3])
                                                      0.707     6.246 r  rx_reg[3]_i_2/CO[3]
                         net (fo=1, routed)           0.000     6.246    rx_reg[3]_i_2_n_0
    SLICE_X53Y37         CARRY4 (Prop_carry4_CI_CO[3])
                                                      0.098     6.344 r  rx_reg[7]_i_2/CO[3]
                         net (fo=1, routed)           0.000     6.344    rx_reg[7]_i_2_n_0
    SLICE_X53Y38         CARRY4 (Prop_carry4_CI_O[1])
                                                      0.265     6.609 r  rx_reg[11]_i_2/O[1]
                         net (fo=1, routed)           0.403     7.013    rx_reg[11]_i_2_n_6
    SLICE_X52Y38         LUT6 (Prop_lut6_I5_O)        0.250     7.263 r  rx[9]_i_1/O
                         net (fo=1, routed)           0.000     7.263    rx[9]
    SLICE_X52Y38         FDRE                                         r  rx_reg[9]/D
  -------------------------------------------------------------------    -------------------

                         (clock clk rise edge)       10.000    10.000 r
                                                      0.000    10.000 r  clk (IN)
                         net (fo=266, unset)          1.239    11.239    clk
    SLICE_X52Y38         FDRE                                         r  rx_reg[9]/C
                         clock pessimism              0.125    11.364
                         clock uncertainty           -0.035    11.329
    SLICE_X52Y38         FDRE (Setup_fdre_C_D)        0.032    11.361    rx_reg[9]
  -------------------------------------------------------------------
                         required time                         11.361
                         arrival time                          -7.263
  -------------------------------------------------------------------
                         slack                                  4.098

Slack (MET) :             4.125ns  (required time - arrival time)
  Source:                 rx_reg[13]/C
                            (rising edge-triggered cell FDRE clocked by clk  {rise@0.000ns fall@5.000ns period=10.000ns})
  Destination:            ry_reg[17]/D
                            (rising edge-triggered cell FDRE clocked by clk  {rise@0.000ns fall@5.000ns period=10.000ns})
  Path Group:             clk
  Path Type:              Setup (Max at Slow Process Corner)
  Requirement:            10.000ns  (clk rise@10.000ns - clk rise@0.000ns)
  Data Path Delay:        5.916ns  (logic 2.259ns (38.184%)  route 3.657ns (61.816%))
  Logic Levels:           9  (CARRY4=5 LUT3=2 LUT5=1 LUT6=1)
  Clock Path Skew:        0.007ns (DCD - SCD + CPR)
    Destination Clock Delay (DCD):    1.302ns = ( 11.302 - 10.000 )
    Source Clock Delay      (SCD):    1.392ns
    Clock Pessimism Removal (CPR):    0.097ns
  Clock Uncertainty:      0.035ns  ((TSJ^2 + TIJ^2)^1/2 + DJ) / 2 + PE
    Total System Jitter     (TSJ):    0.071ns
    Total Input Jitter      (TIJ):    0.000ns
    Discrete Jitter          (DJ):    0.000ns
    Phase Error              (PE):    0.000ns

    Location             Delay type                Incr(ns)  Path(ns)    Netlist Resource(s)
  -------------------------------------------------------------------    -------------------
                         (clock clk rise edge)        0.000     0.000 r
                                                      0.000     0.000 r  clk (IN)
                         net (fo=266, unset)          1.392     1.392    clk
    SLICE_X52Y39         FDRE                                         r  rx_reg[13]/C
  -------------------------------------------------------------------    -------------------
    SLICE_X52Y39         FDRE (Prop_fdre_C_Q)         0.379     1.771 r  rx_reg[13]/Q
                         net (fo=8, routed)           1.241     3.012    rx_reg_n_0_[13]
    SLICE_X52Y36         LUT6 (Prop_lut6_I0_O)        0.105     3.117 r  ry[3]_i_13/O
                         net (fo=1, routed)           0.759     3.876    ry[3]_i_13_n_0
    SLICE_X55Y36         LUT3 (Prop_lut3_I2_O)        0.125     4.001 r  ry[3]_i_9/O
                         net (fo=2, routed)           0.682     4.683    ry[3]_i_9_n_0
    SLICE_X57Y36         LUT5 (Prop_lut5_I1_O)        0.275     4.958 r  ry[3]_i_6/O
                         net (fo=1, routed)           0.513     5.471    ry[3]_i_6_n_0
    SLICE_X56Y36         CARRY4 (Prop_carry4_S[0]_CO[3])
                                                      0.545     6.016 r  ry_reg[3]_i_2/CO[3]
                         net (fo=1, routed)           0.000     6.016    ry_reg[3]_i_2_n_0
    SLICE_X56Y37         CARRY4 (Prop_carry4_CI_CO[3])
                                                      0.098     6.114 r  ry_reg[7]_i_2/CO[3]
                         net (fo=1, routed)           0.000     6.114    ry_reg[7]_i_2_n_0
    SLICE_X56Y38         CARRY4 (Prop_carry4_CI_CO[3])
                                                      0.098     6.212 r  ry_reg[11]_i_2/CO[3]
                         net (fo=1, routed)           0.000     6.212    ry_reg[11]_i_2_n_0
    SLICE_X56Y39         CARRY4 (Prop_carry4_CI_CO[3])
                                                      0.098     6.310 r  ry_reg[15]_i_2/CO[3]
                         net (fo=1, routed)           0.000     6.310    ry_reg[15]_i_2_n_0
    SLICE_X56Y40         CARRY4 (Prop_carry4_CI_O[1])
                                                      0.265     6.575 r  ry_reg[17]_i_3/O[1]
                         net (fo=1, routed)           0.462     7.037    ry_reg[17]_i_3_n_6
    SLICE_X57Y40         LUT3 (Prop_lut3_I1_O)        0.271     7.308 r  ry[17]_i_2/O
                         net (fo=1, routed)           0.000     7.308    ry[17]
    SLICE_X57Y40         FDRE                                         r  ry_reg[17]/D
  -------------------------------------------------------------------    -------------------

                         (clock clk rise edge)       10.000    10.000 r
                                                      0.000    10.000 r  clk (IN)
                         net (fo=266, unset)          1.302    11.302    clk
    SLICE_X57Y40         FDRE                                         r  ry_reg[17]/C
                         clock pessimism              0.097    11.399
                         clock uncertainty           -0.035    11.364
    SLICE_X57Y40         FDRE (Setup_fdre_C_D)        0.069    11.433    ry_reg[17]
  -------------------------------------------------------------------
                         required time                         11.433
                         arrival time                          -7.308
  -------------------------------------------------------------------
                         slack                                  4.125





Pulse Width Checks
--------------------------------------------------------------------------------------
Clock Name:         clk
Waveform(ns):       { 0.000 5.000 }
Period(ns):         10.000
Sources:            { clk }

Check Type        Corner  Lib Pin  Reference Pin  Required(ns)  Actual(ns)  Slack(ns)  Location      Pin
Min Period        n/a     FDRE/C   n/a            1.000         10.000      9.000      SLICE_X48Y47  FSM_sequential_state_reg[0]/C
Min Period        n/a     FDRE/C   n/a            1.000         10.000      9.000      SLICE_X48Y47  FSM_sequential_state_reg[1]/C
Min Period        n/a     FDRE/C   n/a            1.000         10.000      9.000      SLICE_X50Y47  FSM_sequential_state_reg[2]/C
Min Period        n/a     FDRE/C   n/a            1.000         10.000      9.000      SLICE_X38Y41  acc_im_reg[0]/C
Min Period        n/a     FDRE/C   n/a            1.000         10.000      9.000      SLICE_X36Y44  acc_im_reg[10]/C
Min Period        n/a     FDRE/C   n/a            1.000         10.000      9.000      SLICE_X36Y44  acc_im_reg[11]/C
Min Period        n/a     FDRE/C   n/a            1.000         10.000      9.000      SLICE_X36Y45  acc_im_reg[12]/C
Min Period        n/a     FDRE/C   n/a            1.000         10.000      9.000      SLICE_X36Y45  acc_im_reg[13]/C
Min Period        n/a     FDRE/C   n/a            1.000         10.000      9.000      SLICE_X36Y46  acc_im_reg[14]/C
Min Period        n/a     FDRE/C   n/a            1.000         10.000      9.000      SLICE_X36Y45  acc_im_reg[15]/C
Low Pulse Width   Slow    FDRE/C   n/a            0.500         5.000       4.500      SLICE_X48Y47  FSM_sequential_state_reg[0]/C
Low Pulse Width   Fast    FDRE/C   n/a            0.500         5.000       4.500      SLICE_X48Y47  FSM_sequential_state_reg[0]/C
Low Pulse Width   Slow    FDRE/C   n/a            0.500         5.000       4.500      SLICE_X48Y47  FSM_sequential_state_reg[1]/C
Low Pulse Width   Fast    FDRE/C   n/a            0.500         5.000       4.500      SLICE_X48Y47  FSM_sequential_state_reg[1]/C
Low Pulse Width   Slow    FDRE/C   n/a            0.500         5.000       4.500      SLICE_X50Y47  FSM_sequential_state_reg[2]/C
Low Pulse Width   Fast    FDRE/C   n/a            0.500         5.000       4.500      SLICE_X50Y47  FSM_sequential_state_reg[2]/C
Low Pulse Width   Slow    FDRE/C   n/a            0.500         5.000       4.500      SLICE_X38Y41  acc_im_reg[0]/C
Low Pulse Width   Fast    FDRE/C   n/a            0.500         5.000       4.500      SLICE_X38Y41  acc_im_reg[0]/C
Low Pulse Width   Slow    FDRE/C   n/a            0.500         5.000       4.500      SLICE_X36Y44  acc_im_reg[10]/C
Low Pulse Width   Fast    FDRE/C   n/a            0.500         5.000       4.500      SLICE_X36Y44  acc_im_reg[10]/C
High Pulse Width  Slow    FDRE/C   n/a            0.500         5.000       4.500      SLICE_X48Y47  FSM_sequential_state_reg[0]/C
High Pulse Width  Fast    FDRE/C   n/a            0.500         5.000       4.500      SLICE_X48Y47  FSM_sequential_state_reg[0]/C
High Pulse Width  Slow    FDRE/C   n/a            0.500         5.000       4.500      SLICE_X48Y47  FSM_sequential_state_reg[1]/C
High Pulse Width  Fast    FDRE/C   n/a            0.500         5.000       4.500      SLICE_X48Y47  FSM_sequential_state_reg[1]/C
High Pulse Width  Slow    FDRE/C   n/a            0.500         5.000       4.500      SLICE_X50Y47  FSM_sequential_state_reg[2]/C
High Pulse Width  Fast    FDRE/C   n/a            0.500         5.000       4.500      SLICE_X50Y47  FSM_sequential_state_reg[2]/C
High Pulse Width  Slow    FDRE/C   n/a            0.500         5.000       4.500      SLICE_X38Y41  acc_im_reg[0]/C
High Pulse Width  Fast    FDRE/C   n/a            0.500         5.000       4.500      SLICE_X38Y41  acc_im_reg[0]/C
High Pulse Width  Slow    FDRE/C   n/a            0.500         5.000       4.500      SLICE_X36Y44  acc_im_reg[10]/C
High Pulse Width  Fast    FDRE/C   n/a            0.500         5.000       4.500      SLICE_X36Y44  acc_im_reg[10]/C
