Copyright 1986-2021 Xilinx, Inc. All Rights Reserved.
----------------------------------------------------------------------------------------------------------------------------------------------------------------------------------------------------
| Tool Version : Vivado v.2021.1 (win64) Build 3247384 Thu Jun 10 19:36:33 MDT 2021
| Date         : normalized
| Host         : normalized
| Command      : report_timing_summary -delay_type max -max_paths 10 -file <output_dir>/ofdm_cfo_corrector_post_synthesis_timing_summary.rpt
| Design       : ofdm_cfo_corrector
| Device       : 7z020-clg400
| Speed File   : -2  PRODUCTION 1.12 2019-11-22
----------------------------------------------------------------------------------------------------------------------------------------------------------------------------------------------------

Timing Summary Report

------------------------------------------------------------------------------------------------
| Timer Settings
| --------------
------------------------------------------------------------------------------------------------

  Enable Multi Corner Analysis               :  Yes
  Enable Pessimism Removal                   :  Yes
  Pessimism Removal Resolution               :  Nearest Common Node
  Enable Input Delay Default Clock           :  No
  Enable Preset / Clear Arcs                 :  No
  Disable Flight Delays                      :  No
  Ignore I/O Paths                           :  No
  Timing Early Launch at Borrowing Latches   :  No
  Borrow Time for Max Delay Exceptions       :  Yes
  Merge Timing Exceptions                    :  Yes

  Corner  Analyze    Analyze
  Name    Max Paths  Min Paths
  ------  ---------  ---------
  Slow    Yes        Yes
  Fast    Yes        Yes


------------------------------------------------------------------------------------------------
| Report Methodology
| ------------------
------------------------------------------------------------------------------------------------

No report available as report_methodology has not been run prior. Run report_methodology on the current design for the summary of methodology violations.



check_timing report

Table of Contents
-----------------
1. checking no_clock (0)
2. checking constant_clock (0)
3. checking pulse_width_clock (0)
4. checking unconstrained_internal_endpoints (0)
5. checking no_input_delay (0)
6. checking no_output_delay (0)
7. checking multiple_clock (0)
8. checking generated_clocks (0)
9. checking loops (0)
10. checking partial_input_delay (0)
11. checking partial_output_delay (0)
12. checking latch_loops (0)

1. checking no_clock (0)
------------------------
 There are 0 register/latch pins with no clock.


2. checking constant_clock (0)
------------------------------
 There are 0 register/latch pins with constant_clock.


3. checking pulse_width_clock (0)
---------------------------------
 There are 0 register/latch pins which need pulse_width check


4. checking unconstrained_internal_endpoints (0)
------------------------------------------------
 There are 0 pins that are not constrained for maximum delay.

 There are 0 pins that are not constrained for maximum delay due to constant clock.


5. checking no_input_delay (0)
------------------------------
 There are 0 input ports with no input delay specified.

 There are 0 input ports with no input delay but user has a false path constraint.


6. checking no_output_delay (0)
-------------------------------
 There are 0 ports with no output delay specified.

 There are 0 ports with no output delay but user has a false path constraint

 There are 0 ports with no output delay but with a timing clock defined on it or propagating through it


7. checking multiple_clock (0)
------------------------------
 There are 0 register/latch pins with multiple clocks.


8. checking generated_clocks (0)
--------------------------------
 There are 0 generated clocks that are not connected to a clock source.


9. checking loops (0)
---------------------
 There are 0 combinational loops in the design.


10. checking partial_input_delay (0)
------------------------------------
 There are 0 input ports with partial input delay specified.


11. checking partial_output_delay (0)
-------------------------------------
 There are 0 ports with partial output delay specified.


12. checking latch_loops (0)
----------------------------
 There are 0 combinational latch loops in the design through latch input



------------------------------------------------------------------------------------------------
| Design Timing Summary
| ---------------------
------------------------------------------------------------------------------------------------

    WNS(ns)      TNS(ns)  TNS Failing Endpoints  TNS Total Endpoints     WPWS(ns)     TPWS(ns)  TPWS Failing Endpoints  TPWS Total Endpoints
    -------      -------  ---------------------  -------------------     --------     --------  ----------------------  --------------------
      4.034        0.000                      0                 5257        3.870        0.000                       0                  1708


All user specified timing constraints are met.


------------------------------------------------------------------------------------------------
| Clock Summary
| -------------
------------------------------------------------------------------------------------------------

Clock  Waveform(ns)       Period(ns)      Frequency(MHz)
-----  ------------       ----------      --------------
clk    {0.000 5.000}      10.000          100.000


------------------------------------------------------------------------------------------------
| Intra Clock Table
| -----------------
------------------------------------------------------------------------------------------------

Clock             WNS(ns)      TNS(ns)  TNS Failing Endpoints  TNS Total Endpoints     WPWS(ns)     TPWS(ns)  TPWS Failing Endpoints  TPWS Total Endpoints
-----             -------      -------  ---------------------  -------------------     --------     --------  ----------------------  --------------------
clk                 4.034        0.000                      0                 5257        3.870        0.000                       0                  1708


------------------------------------------------------------------------------------------------
| Inter Clock Table
| -----------------
------------------------------------------------------------------------------------------------

From Clock    To Clock          WNS(ns)      TNS(ns)  TNS Failing Endpoints  TNS Total Endpoints
----------    --------          -------      -------  ---------------------  -------------------


------------------------------------------------------------------------------------------------
| Other Path Groups Table
| -----------------------
------------------------------------------------------------------------------------------------

Path Group    From Clock    To Clock          WNS(ns)      TNS(ns)  TNS Failing Endpoints  TNS Total Endpoints
----------    ----------    --------          -------      -------  ---------------------  -------------------


------------------------------------------------------------------------------------------------
| Timing Details
| --------------
------------------------------------------------------------------------------------------------


---------------------------------------------------------------------------------------------------
From Clock:  clk
  To Clock:  clk

Setup :            0  Failing Endpoints,  Worst Slack        4.034ns,  Total Violation        0.000ns
Hold  :           NA  Failing Endpoints,  Worst Slack           NA  ,  Total Violation           NA
PW    :            0  Failing Endpoints,  Worst Slack        3.870ns,  Total Violation        0.000ns
---------------------------------------------------------------------------------------------------


Max Delay Paths
--------------------------------------------------------------------------------------
Slack (MET) :             4.034ns  (required time - arrival time)
  Source:                 acc_re_reg[31]/C
                            (rising edge-triggered cell FDRE clocked by clk  {rise@0.000ns fall@5.000ns period=10.000ns})
  Destination:            v_y_reg[24]/D
                            (rising edge-triggered cell FDRE clocked by clk  {rise@0.000ns fall@5.000ns period=10.000ns})
  Path Group:             clk
  Path Type:              Setup (Max at Slow Process Corner)
  Requirement:            10.000ns  (clk rise@10.000ns - clk rise@0.000ns)
  Data Path Delay:        5.859ns  (logic 2.501ns (42.686%)  route 3.358ns (57.314%))
  Logic Levels:           13  (CARRY4=6 LUT1=1 LUT3=2 LUT4=1 LUT5=1 LUT6=2)
  Clock Path Skew:        -0.039ns (DCD - SCD + CPR)
    Destination Clock Delay (DCD):    0.748ns = ( 10.748 - 10.000 )
    Source Clock Delay      (SCD):    0.787ns
    Clock Pessimism Removal (CPR):    0.000ns
  Clock Uncertainty:      0.035ns  ((TSJ^2 + TIJ^2)^1/2 + DJ) / 2 + PE
    Total System Jitter     (TSJ):    0.071ns
    Total Input Jitter      (TIJ):    0.000ns
    Discrete Jitter          (DJ):    0.000ns
    Phase Error              (PE):    0.000ns

    Location             Delay type                Incr(ns)  Path(ns)    Netlist Resource(s)
  -------------------------------------------------------------------    -------------------
                         (clock clk rise edge)        0.000     0.000 r
                                                      0.000     0.000 r  clk (IN)
                         net (fo=1707, unset)         0.787     0.787    clk
                         FDRE                                         r  acc_re_reg[31]/C
  -------------------------------------------------------------------    -------------------
                         FDRE (Prop_fdre_C_Q)         0.303     1.090 f  acc_re_reg[31]/Q
                         net (fo=6, unplaced)         0.811     1.901    acc_re_reg[31]
                         LUT6 (Prop_lut6_I0_O)        0.232     2.133 f  v_x[3]_i_20/O
                         net (fo=3, unplaced)         0.346     2.479    v_x[3]_i_20_n_0
                         LUT3 (Prop_lut3_I0_O)        0.125     2.604 f  v_x[3]_i_10/O
                         net (fo=3, unplaced)         0.365     2.969    v_x[3]_i_10_n_0
                         LUT5 (Prop_lut5_I0_O)        0.105     3.074 f  v_x[1]_i_4/O
                         net (fo=2, unplaced)         0.358     3.432    v_x[1]_i_4_n_0
                         LUT3 (Prop_lut3_I2_O)        0.105     3.537 f  v_x[0]_i_3/O
                         net (fo=3, unplaced)         0.365     3.902    v_x[0]_i_3_n_0
                         LUT1 (Prop_lut1_I0_O)        0.105     4.007 r  v_y[4]_i_5/O
                         net (fo=1, unplaced)         0.258     4.265    v_y[4]_i_5_n_0
                         CARRY4 (Prop_carry4_CYINIT_CO[3])
                                                      0.494     4.759 r  v_y_reg[4]_i_4/CO[3]
                         net (fo=1, unplaced)         0.008     4.767    v_y_reg[4]_i_4_n_0
                         CARRY4 (Prop_carry4_CI_CO[3])
                                                      0.100     4.867 r  v_y_reg[8]_i_4/CO[3]
                         net (fo=1, unplaced)         0.000     4.867    v_y_reg[8]_i_4_n_0
                         CARRY4 (Prop_carry4_CI_CO[3])
                                                      0.100     4.967 r  v_y_reg[12]_i_4/CO[3]
                         net (fo=1, unplaced)         0.000     4.967    v_y_reg[12]_i_4_n_0
                         CARRY4 (Prop_carry4_CI_CO[3])
                                                      0.100     5.067 r  v_y_reg[16]_i_4/CO[3]
                         net (fo=1, unplaced)         0.000     5.067    v_y_reg[16]_i_4_n_0
                         CARRY4 (Prop_carry4_CI_CO[3])
                                                      0.100     5.167 r  v_y_reg[20]_i_4/CO[3]
                         net (fo=1, unplaced)         0.000     5.167    v_y_reg[20]_i_4_n_0
                         CARRY4 (Prop_carry4_CI_O[3])
                                                      0.277     5.444 r  v_y_reg[24]_i_5/O[3]
                         net (fo=1, unplaced)         0.519     5.963    v_y0[24]
                         LUT4 (Prop_lut4_I2_O)        0.250     6.213 f  v_y[24]_i_2/O
                         net (fo=1, unplaced)         0.328     6.541    v_y[24]_i_2_n_0
                         LUT6 (Prop_lut6_I0_O)        0.105     6.646 r  v_y[24]_i_1/O
                         net (fo=1, unplaced)         0.000     6.646    v_y[24]
                         FDRE                                         r  v_y_reg[24]/D
  -------------------------------------------------------------------    -------------------

                         (clock clk rise edge)       10.000    10.000 r
                                                      0.000    10.000 r  clk (IN)
                         net (fo=1707, unset)         0.748    10.748    clk
                         FDRE                                         r  v_y_reg[24]/C
                         clock pessimism              0.000    10.748
                         clock uncertainty           -0.035    10.712
                         FDRE (Setup_fdre_C_D)       -0.032    10.680    v_y_reg[24]
  -------------------------------------------------------------------
                         required time                         10.680
                         arrival time                          -6.646
  -------------------------------------------------------------------
                         slack                                  4.034

Slack (MET) :             4.052ns  (required time - arrival time)
  Source:                 acc_im_reg[26]/C
                            (rising edge-triggered cell FDRE clocked by clk  {rise@0.000ns fall@5.000ns period=10.000ns})
  Destination:            v_x_reg[24]/D
                            (rising edge-triggered cell FDRE clocked by clk  {rise@0.000ns fall@5.000ns period=10.000ns})
  Path Group:             clk
  Path Type:              Setup (Max at Slow Process Corner)
  Requirement:            10.000ns  (clk rise@10.000ns - clk rise@0.000ns)
  Data Path Delay:        5.841ns  (logic 2.481ns (42.476%)  route 3.360ns (57.524%))
  Logic Levels:           13  (CARRY4=6 LUT1=1 LUT3=2 LUT5=1 LUT6=3)
  Clock Path Skew:        -0.039ns (DCD - SCD + CPR)
    Destination Clock Delay (DCD):    0.748ns = ( 10.748 - 10.000 )
    Source Clock Delay      (SCD):    0.787ns
    Clock Pessimism Removal (CPR):    0.000ns
  Clock Uncertainty:      0.035ns  ((TSJ^2 + TIJ^2)^1/2 + DJ) / 2 + PE
    Total System Jitter     (TSJ):    0.071ns
    Total Input Jitter      (TIJ):    0.000ns
    Discrete Jitter          (DJ):    0.000ns
    Phase Error              (PE):    0.000ns

    Location             Delay type                Incr(ns)  Path(ns)    Netlist Resource(s)
  -------------------------------------------------------------------    -------------------
                         (clock clk rise edge)        0.000     0.000 r
                                                      0.000     0.000 r  clk (IN)
                         net (fo=1707, unset)         0.787     0.787    clk
                         FDRE                                         r  acc_im_reg[26]/C
  -------------------------------------------------------------------    -------------------
                         FDRE (Prop_fdre_C_Q)         0.303     1.090 f  acc_im_reg[26]/Q
                         net (fo=6, unplaced)         0.811     1.901    acc_im_reg[26]
                         LUT6 (Prop_lut6_I0_O)        0.232     2.133 f  v_x[2]_i_9/O
                         net (fo=1, unplaced)         0.347     2.480    v_x[2]_i_9_n_0
                         LUT3 (Prop_lut3_I2_O)        0.105     2.585 f  v_x[2]_i_8/O
                         net (fo=2, unplaced)         0.358     2.943    v_x[2]_i_8_n_0
                         LUT6 (Prop_lut6_I5_O)        0.105     3.048 r  v_x[0]_i_4/O
                         net (fo=1, unplaced)         0.347     3.395    v_x[0]_i_4_n_0
                         LUT3 (Prop_lut3_I2_O)        0.105     3.500 f  v_x[0]_i_2/O
                         net (fo=3, unplaced)         0.365     3.865    v_x[0]_i_2_n_0
                         LUT1 (Prop_lut1_I0_O)        0.105     3.970 r  v_x[4]_i_5/O
                         net (fo=1, unplaced)         0.258     4.228    v_x[4]_i_5_n_0
                         CARRY4 (Prop_carry4_CYINIT_CO[3])
                                                      0.494     4.722 r  v_x_reg[4]_i_3/CO[3]
                         net (fo=1, unplaced)         0.008     4.730    v_x_reg[4]_i_3_n_0
                         CARRY4 (Prop_carry4_CI_CO[3])
                                                      0.100     4.830 r  v_x_reg[8]_i_3/CO[3]
                         net (fo=1, unplaced)         0.000     4.830    v_x_reg[8]_i_3_n_0
                         CARRY4 (Prop_carry4_CI_CO[3])
                                                      0.100     4.930 r  v_x_reg[12]_i_3/CO[3]
                         net (fo=1, unplaced)         0.000     4.930    v_x_reg[12]_i_3_n_0
                         CARRY4 (Prop_carry4_CI_CO[3])
                                                      0.100     5.030 r  v_x_reg[16]_i_3/CO[3]
                         net (fo=1, unplaced)         0.000     5.030    v_x_reg[16]_i_3_n_0
                         CARRY4 (Prop_carry4_CI_CO[3])
                                                      0.100     5.130 r  v_x_reg[20]_i_3/CO[3]
                         net (fo=1, unplaced)         0.000     5.130    v_x_reg[20]_i_3_n_0
                         CARRY4 (Prop_carry4_CI_O[3])
                                                      0.277     5.407 r  v_x_reg[24]_i_7/O[3]
                         net (fo=1, unplaced)         0.519     5.926    v_x0[24]
                         LUT6 (Prop_lut6_I5_O)        0.250     6.176 f  v_x[24]_i_3/O
                         net (fo=1, unplaced)         0.347     6.523    v_x[24]_i_3_n_0
                         LUT5 (Prop_lut5_I4_O)        0.105     6.628 r  v_x[24]_i_1/O
                         net (fo=1, unplaced)         0.000     6.628    v_x[24]
                         FDRE                                         r  v_x_reg[24]/D
  -------------------------------------------------------------------    -------------------

                         (clock clk rise edge)       10.000    10.000 r
                                                      0.000    10.000 r  clk (IN)
                         net (fo=1707, unset)         0.748    10.748    clk
                         FDRE                                         r  v_x_reg[24]/C
                         clock pessimism              0.000    10.748
                         clock uncertainty           -0.035    10.712
                         FDRE (Setup_fdre_C_D)       -0.032    10.680    v_x_reg[24]
  -------------------------------------------------------------------
                         required time                         10.680
                         arrival time                          -6.628
  -------------------------------------------------------------------
                         slack                                  4.052

Slack (MET) :             4.115ns  (required time - arrival time)
  Source:                 acc_re_reg[31]/C
                            (rising edge-triggered cell FDRE clocked by clk  {rise@0.000ns fall@5.000ns period=10.000ns})
  Destination:            v_y_reg[20]/D
                            (rising edge-triggered cell FDRE clocked by clk  {rise@0.000ns fall@5.000ns period=10.000ns})
  Path Group:             clk
  Path Type:              Setup (Max at Slow Process Corner)
  Requirement:            10.000ns  (clk rise@10.000ns - clk rise@0.000ns)
  Data Path Delay:        5.778ns  (logic 2.401ns (41.554%)  route 3.377ns (58.446%))
  Logic Levels:           12  (CARRY4=5 LUT1=1 LUT3=2 LUT5=3 LUT6=1)
  Clock Path Skew:        -0.039ns (DCD - SCD + CPR)
    Destination Clock Delay (DCD):    0.748ns = ( 10.748 - 10.000 )
    Source Clock Delay      (SCD):    0.787ns
    Clock Pessimism Removal (CPR):    0.000ns
  Clock Uncertainty:      0.035ns  ((TSJ^2 + TIJ^2)^1/2 + DJ) / 2 + PE
    Total System Jitter     (TSJ):    0.071ns
    Total Input Jitter      (TIJ):    0.000ns
    Discrete Jitter          (DJ):    0.000ns
    Phase Error              (PE):    0.000ns

    Location             Delay type                Incr(ns)  Path(ns)    Netlist Resource(s)
  -------------------------------------------------------------------    -------------------
                         (clock clk rise edge)        0.000     0.000 r
                                                      0.000     0.000 r  clk (IN)
                         net (fo=1707, unset)         0.787     0.787    clk
                         FDRE                                         r  acc_re_reg[31]/C
  -------------------------------------------------------------------    -------------------
                         FDRE (Prop_fdre_C_Q)         0.303     1.090 f  acc_re_reg[31]/Q
                         net (fo=6, unplaced)         0.811     1.901    acc_re_reg[31]
                         LUT6 (Prop_lut6_I0_O)        0.232     2.133 f  v_x[3]_i_20/O
                         net (fo=3, unplaced)         0.346     2.479    v_x[3]_i_20_n_0
                         LUT3 (Prop_lut3_I0_O)        0.125     2.604 f  v_x[3]_i_10/O
                         net (fo=3, unplaced)         0.365     2.969    v_x[3]_i_10_n_0
                         LUT5 (Prop_lut5_I0_O)        0.105     3.074 f  v_x[1]_i_4/O
                         net (fo=2, unplaced)         0.358     3.432    v_x[1]_i_4_n_0
                         LUT3 (Prop_lut3_I2_O)        0.105     3.537 f  v_x[0]_i_3/O
                         net (fo=3, unplaced)         0.365     3.902    v_x[0]_i_3_n_0
                         LUT1 (Prop_lut1_I0_O)        0.105     4.007 r  v_y[4]_i_5/O
                         net (fo=1, unplaced)         0.258     4.265    v_y[4]_i_5_n_0
                         CARRY4 (Prop_carry4_CYINIT_CO[3])
                                                      0.494     4.759 r  v_y_reg[4]_i_4/CO[3]
                         net (fo=1, unplaced)         0.008     4.767    v_y_reg[4]_i_4_n_0
                         CARRY4 (Prop_carry4_CI_CO[3])
                                                      0.100     4.867 r  v_y_reg[8]_i_4/CO[3]
                         net (fo=1, unplaced)         0.000     4.867    v_y_reg[8]_i_4_n_0
                         CARRY4 (Prop_carry4_CI_CO[3])
                                                      0.100     4.967 r  v_y_reg[12]_i_4/CO[3]
                         net (fo=1, unplaced)         0.000     4.967    v_y_reg[12]_i_4_n_0
                         CARRY4 (Prop_carry4_CI_CO[3])
                                                      0.100     5.067 r  v_y_reg[16]_i_4/CO[3]
                         net (fo=1, unplaced)         0.000     5.067    v_y_reg[16]_i_4_n_0
                         CARRY4 (Prop_carry4_CI_O[3])
                                                      0.277     5.344 r  v_y_reg[20]_i_4/O[3]
                         net (fo=1, unplaced)         0.519     5.863    v_y0[20]
                         LUT5 (Prop_lut5_I2_O)        0.250     6.113 r  v_y[20]_i_2/O
                         net (fo=1, unplaced)         0.347     6.460    v_y[20]_i_2_n_0
                         LUT5 (Prop_lut5_I0_O)        0.105     6.565 r  v_y[20]_i_1/O
                         net (fo=1, unplaced)         0.000     6.565    v_y[20]
                         FDRE                                         r  v_y_reg[20]/D
  -------------------------------------------------------------------    -------------------

                         (clock clk rise edge)       10.000    10.000 r
                                                      0.000    10.000 r  clk (IN)
                         net (fo=1707, unset)         0.748    10.748    clk
                         FDRE                                         r  v_y_reg[20]/C
                         clock pessimism              0.000    10.748
                         clock uncertainty           -0.035    10.712
                         FDRE (Setup_fdre_C_D)       -0.032    10.680    v_y_reg[20]
  -------------------------------------------------------------------
                         required time                         10.680
                         arrival time                          -6.565
  -------------------------------------------------------------------
                         slack                                  4.115

Slack (MET) :             4.152ns  (required time - arrival time)
  Source:                 acc_im_reg[26]/C
                            (rising edge-triggered cell FDRE clocked by clk  {rise@0.000ns fall@5.000ns period=10.000ns})
  Destination:            v_x_reg[20]/D
                            (rising edge-triggered cell FDRE clocked by clk  {rise@0.000ns fall@5.000ns period=10.000ns})
  Path Group:             clk
  Path Type:              Setup (Max at Slow Process Corner)
  Requirement:            10.000ns  (clk rise@10.000ns - clk rise@0.000ns)
  Data Path Delay:        5.741ns  (logic 2.381ns (41.474%)  route 3.360ns (58.526%))
  Logic Levels:           12  (CARRY4=5 LUT1=1 LUT3=3 LUT6=3)
  Clock Path Skew:        -0.039ns (DCD - SCD + CPR)
    Destination Clock Delay (DCD):    0.748ns = ( 10.748 - 10.000 )
    Source Clock Delay      (SCD):    0.787ns
    Clock Pessimism Removal (CPR):    0.000ns
  Clock Uncertainty:      0.035ns  ((TSJ^2 + TIJ^2)^1/2 + DJ) / 2 + PE
    Total System Jitter     (TSJ):    0.071ns
    Total Input Jitter      (TIJ):    0.000ns
    Discrete Jitter          (DJ):    0.000ns
    Phase Error              (PE):    0.000ns

    Location             Delay type                Incr(ns)  Path(ns)    Netlist Resource(s)
  -------------------------------------------------------------------    -------------------
                         (clock clk rise edge)        0.000     0.000 r
                                                      0.000     0.000 r  clk (IN)
                         net (fo=1707, unset)         0.787     0.787    clk
                         FDRE                                         r  acc_im_reg[26]/C
  -------------------------------------------------------------------    -------------------
                         FDRE (Prop_fdre_C_Q)         0.303     1.090 f  acc_im_reg[26]/Q
                         net (fo=6, unplaced)         0.811     1.901    acc_im_reg[26]
                         LUT6 (Prop_lut6_I0_O)        0.232     2.133 f  v_x[2]_i_9/O
                         net (fo=1, unplaced)         0.347     2.480    v_x[2]_i_9_n_0
                         LUT3 (Prop_lut3_I2_O)        0.105     2.585 f  v_x[2]_i_8/O
                         net (fo=2, unplaced)         0.358     2.943    v_x[2]_i_8_n_0
                         LUT6 (Prop_lut6_I5_O)        0.105     3.048 r  v_x[0]_i_4/O
                         net (fo=1, unplaced)         0.347     3.395    v_x[0]_i_4_n_0
                         LUT3 (Prop_lut3_I2_O)        0.105     3.500 f  v_x[0]_i_2/O
                         net (fo=3, unplaced)         0.365     3.865    v_x[0]_i_2_n_0
                         LUT1 (Prop_lut1_I0_O)        0.105     3.970 r  v_x[4]_i_5/O
                         net (fo=1, unplaced)         0.258     4.228    v_x[4]_i_5_n_0
                         CARRY4 (Prop_carry4_CYINIT_CO[3])
                                                      0.494     4.722 r  v_x_reg[4]_i_3/CO[3]
                         net (fo=1, unplaced)         0.008     4.730    v_x_reg[4]_i_3_n_0
                         CARRY4 (Prop_carry4_CI_CO[3])
                                                      0.100     4.830 r  v_x_reg[8]_i_3/CO[3]
                         net (fo=1, unplaced)         0.000     4.830    v_x_reg[8]_i_3_n_0
                         CARRY4 (Prop_carry4_CI_CO[3])
                                                      0.100     4.930 r  v_x_reg[12]_i_3/CO[3]
                         net (fo=1, unplaced)         0.000     4.930    v_x_reg[12]_i_3_n_0
                         CARRY4 (Prop_carry4_CI_CO[3])
                                                      0.100     5.030 r  v_x_reg[16]_i_3/CO[3]
                         net (fo=1, unplaced)         0.000     5.030    v_x_reg[16]_i_3_n_0
                         CARRY4 (Prop_carry4_CI_O[3])
                                                      0.277     5.307 r  v_x_reg[20]_i_3/O[3]
                         net (fo=1, unplaced)         0.519     5.826    v_x0[20]
                         LUT6 (Prop_lut6_I0_O)        0.250     6.076 f  v_x[20]_i_2/O
                         net (fo=1, unplaced)         0.347     6.423    v_x[20]_i_2_n_0
                         LUT3 (Prop_lut3_I2_O)        0.105     6.528 r  v_x[20]_i_1/O
                         net (fo=1, unplaced)         0.000     6.528    v_x[20]
                         FDRE                                         r  v_x_reg[20]/D
  -------------------------------------------------------------------    -------------------

                         (clock clk rise edge)       10.000    10.000 r
                                                      0.000    10.000 r  clk (IN)
                         net (fo=1707, unset)         0.748    10.748    clk
                         FDRE                                         r  v_x_reg[20]/C
                         clock pessimism              0.000    10.748
                         clock uncertainty           -0.035    10.712
                         FDRE (Setup_fdre_C_D)       -0.032    10.680    v_x_reg[20]
  -------------------------------------------------------------------
                         required time                         10.680
                         arrival time                          -6.528
  -------------------------------------------------------------------
                         slack                                  4.152

Slack (MET) :             4.176ns  (required time - arrival time)
  Source:                 v_x_reg[25]/C
                            (rising edge-triggered cell FDRE clocked by clk  {rise@0.000ns fall@5.000ns period=10.000ns})
  Destination:            v_y_reg[23]/D
                            (rising edge-triggered cell FDRE clocked by clk  {rise@0.000ns fall@5.000ns period=10.000ns})
  Path Group:             clk
  Path Type:              Setup (Max at Slow Process Corner)
  Requirement:            10.000ns  (clk rise@10.000ns - clk rise@0.000ns)
  Data Path Delay:        5.717ns  (logic 2.430ns (42.505%)  route 3.287ns (57.495%))
  Logic Levels:           12  (CARRY4=6 LUT2=1 LUT3=1 LUT5=1 LUT6=3)
  Clock Path Skew:        -0.039ns (DCD - SCD + CPR)
    Destination Clock Delay (DCD):    0.748ns = ( 10.748 - 10.000 )
    Source Clock Delay      (SCD):    0.787ns
    Clock Pessimism Removal (CPR):    0.000ns
  Clock Uncertainty:      0.035ns  ((TSJ^2 + TIJ^2)^1/2 + DJ) / 2 + PE
    Total System Jitter     (TSJ):    0.071ns
    Total Input Jitter      (TIJ):    0.000ns
    Discrete Jitter          (DJ):    0.000ns
    Phase Error              (PE):    0.000ns

    Location             Delay type                Incr(ns)  Path(ns)    Netlist Resource(s)
  -------------------------------------------------------------------    -------------------
                         (clock clk rise edge)        0.000     0.000 r
                                                      0.000     0.000 r  clk (IN)
                         net (fo=1707, unset)         0.787     0.787    clk
                         FDRE                                         r  v_x_reg[25]/C
  -------------------------------------------------------------------    -------------------
                         FDRE (Prop_fdre_C_Q)         0.303     1.090 r  v_x_reg[25]/Q
                         net (fo=36, unplaced)        0.853     1.943    v_x_reg_n_0_[25]
                         LUT6 (Prop_lut6_I0_O)        0.232     2.175 r  v_y[7]_i_15/O
                         net (fo=3, unplaced)         0.346     2.521    v_y[7]_i_15_n_0
                         LUT3 (Prop_lut3_I0_O)        0.125     2.646 r  v_y[0]_i_13/O
                         net (fo=2, unplaced)         0.358     3.004    v_y[0]_i_13_n_0
                         LUT6 (Prop_lut6_I0_O)        0.105     3.109 r  v_y[0]_i_11/O
                         net (fo=1, unplaced)         0.347     3.456    v_y[0]_i_11_n_0
                         LUT5 (Prop_lut5_I3_O)        0.105     3.561 r  v_y[0]_i_7/O
                         net (fo=1, unplaced)         0.528     4.089    v_y[0]_i_7_n_0
                         CARRY4 (Prop_carry4_S[0]_CO[3])
                                                      0.528     4.617 r  v_y_reg[0]_i_2/CO[3]
                         net (fo=1, unplaced)         0.008     4.625    v_y_reg[0]_i_2_n_0
                         CARRY4 (Prop_carry4_CI_CO[3])
                                                      0.100     4.725 r  v_y_reg[7]_i_4/CO[3]
                         net (fo=1, unplaced)         0.000     4.725    v_y_reg[7]_i_4_n_0
                         CARRY4 (Prop_carry4_CI_CO[3])
                                                      0.100     4.825 r  v_y_reg[11]_i_4/CO[3]
                         net (fo=1, unplaced)         0.000     4.825    v_y_reg[11]_i_4_n_0
                         CARRY4 (Prop_carry4_CI_CO[3])
                                                      0.100     4.925 r  v_y_reg[15]_i_4/CO[3]
                         net (fo=1, unplaced)         0.000     4.925    v_y_reg[15]_i_4_n_0
                         CARRY4 (Prop_carry4_CI_CO[3])
                                                      0.100     5.025 r  v_y_reg[19]_i_4/CO[3]
                         net (fo=1, unplaced)         0.000     5.025    v_y_reg[19]_i_4_n_0
                         CARRY4 (Prop_carry4_CI_O[3])
                                                      0.277     5.302 r  v_y_reg[21]_i_4/O[3]
                         net (fo=1, unplaced)         0.519     5.821    in16[23]
                         LUT2 (Prop_lut2_I0_O)        0.250     6.071 r  v_y[23]_i_4/O
                         net (fo=1, unplaced)         0.328     6.399    v_y[23]_i_4_n_0
                         LUT6 (Prop_lut6_I5_O)        0.105     6.504 r  v_y[23]_i_1/O
                         net (fo=1, unplaced)         0.000     6.504    v_y[23]
                         FDRE                                         r  v_y_reg[23]/D
  -------------------------------------------------------------------    -------------------

                         (clock clk rise edge)       10.000    10.000 r
                                                      0.000    10.000 r  clk (IN)
                         net (fo=1707, unset)         0.748    10.748    clk
                         FDRE                                         r  v_y_reg[23]/C
                         clock pessimism              0.000    10.748
                         clock uncertainty           -0.035    10.712
                         FDRE (Setup_fdre_C_D)       -0.032    10.680    v_y_reg[23]
  -------------------------------------------------------------------
                         required time                         10.680
                         arrival time                          -6.504
  -------------------------------------------------------------------
                         slack                                  4.176

Slack (MET) :             4.215ns  (required time - arrival time)
  Source:                 acc_re_reg[31]/C
                            (rising edge-triggered cell FDRE clocked by clk  {rise@0.000ns fall@5.000ns period=10.000ns})
  Destination:            v_y_reg[16]/D
                            (rising edge-triggered cell FDRE clocked by clk  {rise@0.000ns fall@5.000ns period=10.000ns})
  Path Group:             clk
  Path Type:              Setup (Max at Slow Process Corner)
  Requirement:            10.000ns  (clk rise@10.000ns - clk rise@0.000ns)
  Data Path Delay:        5.678ns  (logic 2.301ns (40.525%)  route 3.377ns (59.475%))
  Logic Levels:           11  (CARRY4=4 LUT1=1 LUT3=2 LUT5=3 LUT6=1)
  Clock Path Skew:        -0.039ns (DCD - SCD + CPR)
    Destination Clock Delay (DCD):    0.748ns = ( 10.748 - 10.000 )
    Source Clock Delay      (SCD):    0.787ns
    Clock Pessimism Removal (CPR):    0.000ns
  Clock Uncertainty:      0.035ns  ((TSJ^2 + TIJ^2)^1/2 + DJ) / 2 + PE
    Total System Jitter     (TSJ):    0.071ns
    Total Input Jitter      (TIJ):    0.000ns
    Discrete Jitter          (DJ):    0.000ns
    Phase Error              (PE):    0.000ns

    Location             Delay type                Incr(ns)  Path(ns)    Netlist Resource(s)
  -------------------------------------------------------------------    -------------------
                         (clock clk rise edge)        0.000     0.000 r
                                                      0.000     0.000 r  clk (IN)
                         net (fo=1707, unset)         0.787     0.787    clk
                         FDRE                                         r  acc_re_reg[31]/C
  -------------------------------------------------------------------    -------------------
                         FDRE (Prop_fdre_C_Q)         0.303     1.090 f  acc_re_reg[31]/Q
                         net (fo=6, unplaced)         0.811     1.901    acc_re_reg[31]
                         LUT6 (Prop_lut6_I0_O)        0.232     2.133 f  v_x[3]_i_20/O
                         net (fo=3, unplaced)         0.346     2.479    v_x[3]_i_20_n_0
                         LUT3 (Prop_lut3_I0_O)        0.125     2.604 f  v_x[3]_i_10/O
                         net (fo=3, unplaced)         0.365     2.969    v_x[3]_i_10_n_0
                         LUT5 (Prop_lut5_I0_O)        0.105     3.074 f  v_x[1]_i_4/O
                         net (fo=2, unplaced)         0.358     3.432    v_x[1]_i_4_n_0
                         LUT3 (Prop_lut3_I2_O)        0.105     3.537 f  v_x[0]_i_3/O
                         net (fo=3, unplaced)         0.365     3.902    v_x[0]_i_3_n_0
                         LUT1 (Prop_lut1_I0_O)        0.105     4.007 r  v_y[4]_i_5/O
                         net (fo=1, unplaced)         0.258     4.265    v_y[4]_i_5_n_0
                         CARRY4 (Prop_carry4_CYINIT_CO[3])
                                                      0.494     4.759 r  v_y_reg[4]_i_4/CO[3]
                         net (fo=1, unplaced)         0.008     4.767    v_y_reg[4]_i_4_n_0
                         CARRY4 (Prop_carry4_CI_CO[3])
                                                      0.100     4.867 r  v_y_reg[8]_i_4/CO[3]
                         net (fo=1, unplaced)         0.000     4.867    v_y_reg[8]_i_4_n_0
                         CARRY4 (Prop_carry4_CI_CO[3])
                                                      0.100     4.967 r  v_y_reg[12]_i_4/CO[3]
                         net (fo=1, unplaced)         0.000     4.967    v_y_reg[12]_i_4_n_0
                         CARRY4 (Prop_carry4_CI_O[3])
                                                      0.277     5.244 r  v_y_reg[16]_i_4/O[3]
                         net (fo=1, unplaced)         0.519     5.763    v_y0[16]
                         LUT5 (Prop_lut5_I2_O)        0.250     6.013 r  v_y[16]_i_2/O
                         net (fo=1, unplaced)         0.347     6.360    v_y[16]_i_2_n_0
                         LUT5 (Prop_lut5_I0_O)        0.105     6.465 r  v_y[16]_i_1/O
                         net (fo=1, unplaced)         0.000     6.465    v_y[16]
                         FDRE                                         r  v_y_reg[16]/D
  -------------------------------------------------------------------    -------------------

                         (clock clk rise edge)       10.000    10.000 r
                                                      0.000    10.000 r  clk (IN)
                         net (fo=1707, unset)         0.748    10.748    clk
                         FDRE                                         r  v_y_reg[16]/C
                         clock pessimism              0.000    10.748
                         clock uncertainty           -0.035    10.712
                         FDRE (Setup_fdre_C_D)       -0.032    10.680    v_y_reg[16]
  -------------------------------------------------------------------
                         required time                         10.680
                         arrival time                          -6.465
  -------------------------------------------------------------------
                         slack                                  4.215

Slack (MET) :             4.252ns  (required time - arrival time)
  Source:                 acc_im_reg[26]/C
                            (rising edge-triggered cell FDRE clocked by clk  {rise@0.000ns fall@5.000ns period=10.000ns})
  Destination:            v_x_reg[16]/D
                            (rising edge-triggered cell FDRE clocked by clk  {rise@0.000ns fall@5.000ns period=10.000ns})
  Path Group:             clk
  Path Type:              Setup (Max at Slow Process Corner)
  Requirement:            10.000ns  (clk rise@10.000ns - clk rise@0.000ns)
  Data Path Delay:        5.641ns  (logic 2.281ns (40.436%)  route 3.360ns (59.564%))
  Logic Levels:           11  (CARRY4=4 LUT1=1 LUT3=3 LUT6=3)
  Clock Path Skew:        -0.039ns (DCD - SCD + CPR)
    Destination Clock Delay (DCD):    0.748ns = ( 10.748 - 10.000 )
    Source Clock Delay      (SCD):    0.787ns
    Clock Pessimism Removal (CPR):    0.000ns
  Clock Uncertainty:      0.035ns  ((TSJ^2 + TIJ^2)^1/2 + DJ) / 2 + PE
    Total System Jitter     (TSJ):    0.071ns
    Total Input Jitter      (TIJ):    0.000ns
    Discrete Jitter          (DJ):    0.000ns
    Phase Error              (PE):    0.000ns

    Location             Delay type                Incr(ns)  Path(ns)    Netlist Resource(s)
  -------------------------------------------------------------------    -------------------
                         (clock clk rise edge)        0.000     0.000 r
                                                      0.000     0.000 r  clk (IN)
                         net (fo=1707, unset)         0.787     0.787    clk
                         FDRE                                         r  acc_im_reg[26]/C
  -------------------------------------------------------------------    -------------------
                         FDRE (Prop_fdre_C_Q)         0.303     1.090 f  acc_im_reg[26]/Q
                         net (fo=6, unplaced)         0.811     1.901    acc_im_reg[26]
                         LUT6 (Prop_lut6_I0_O)        0.232     2.133 f  v_x[2]_i_9/O
                         net (fo=1, unplaced)         0.347     2.480    v_x[2]_i_9_n_0
                         LUT3 (Prop_lut3_I2_O)        0.105     2.585 f  v_x[2]_i_8/O
                         net (fo=2, unplaced)         0.358     2.943    v_x[2]_i_8_n_0
                         LUT6 (Prop_lut6_I5_O)        0.105     3.048 r  v_x[0]_i_4/O
                         net (fo=1, unplaced)         0.347     3.395    v_x[0]_i_4_n_0
                         LUT3 (Prop_lut3_I2_O)        0.105     3.500 f  v_x[0]_i_2/O
                         net (fo=3, unplaced)         0.365     3.865    v_x[0]_i_2_n_0
                         LUT1 (Prop_lut1_I0_O)        0.105     3.970 r  v_x[4]_i_5/O
                         net (fo=1, unplaced)         0.258     4.228    v_x[4]_i_5_n_0
                         CARRY4 (Prop_carry4_CYINIT_CO[3])
                                                      0.494     4.722 r  v_x_reg[4]_i_3/CO[3]
                         net (fo=1, unplaced)         0.008     4.730    v_x_reg[4]_i_3_n_0
                         CARRY4 (Prop_carry4_CI_CO[3])
                                                      0.100     4.830 r  v_x_reg[8]_i_3/CO[3]
                         net (fo=1, unplaced)         0.000     4.830    v_x_reg[8]_i_3_n_0
                         CARRY4 (Prop_carry4_CI_CO[3])
                                                      0.100     4.930 r  v_x_reg[12]_i_3/CO[3]
                         net (fo=1, unplaced)         0.000     4.930    v_x_reg[12]_i_3_n_0
                         CARRY4 (Prop_carry4_CI_O[3])
                                                      0.277     5.207 r  v_x_reg[16]_i_3/O[3]
                         net (fo=1, unplaced)         0.519     5.726    v_x0[16]
                         LUT6 (Prop_lut6_I0_O)        0.250     5.976 f  v_x[16]_i_2/O
                         net (fo=1, unplaced)         0.347     6.323    v_x[16]_i_2_n_0
                         LUT3 (Prop_lut3_I2_O)        0.105     6.428 r  v_x[16]_i_1/O
                         net (fo=1, unplaced)         0.000     6.428    v_x[16]
                         FDRE                                         r  v_x_reg[16]/D
  -------------------------------------------------------------------    -------------------

                         (clock clk rise edge)       10.000    10.000 r
                                                      0.000    10.000 r  clk (IN)
                         net (fo=1707, unset)         0.748    10.748    clk
                         FDRE                                         r  v_x_reg[16]/C
                         clock pessimism              0.000    10.748
                         clock uncertainty           -0.035    10.712
                         FDRE (Setup_fdre_C_D)       -0.032    10.680    v_x_reg[16]
  -------------------------------------------------------------------
                         required time                         10.680
                         arrival time                          -6.428
  -------------------------------------------------------------------
                         slack                                  4.252

Slack (MET) :             4.291ns  (required time - arrival time)
  Source:                 acc_im_reg[26]/C
                            (rising edge-triggered cell FDRE clocked by clk  {rise@0.000ns fall@5.000ns period=10.000ns})
  Destination:            v_x_reg[23]/D
                            (rising edge-triggered cell FDRE clocked by clk  {rise@0.000ns fall@5.000ns period=10.000ns})
  Path Group:             clk
  Path Type:              Setup (Max at Slow Process Corner)
  Requirement:            10.000ns  (clk rise@10.000ns - clk rise@0.000ns)
  Data Path Delay:        5.602ns  (logic 2.412ns (43.056%)  route 3.190ns (56.944%))
  Logic Levels:           13  (CARRY4=6 LUT1=1 LUT3=2 LUT5=1 LUT6=3)
  Clock Path Skew:        -0.039ns (DCD - SCD + CPR)
    Destination Clock Delay (DCD):    0.748ns = ( 10.748 - 10.000 )
    Source Clock Delay      (SCD):    0.787ns
    Clock Pessimism Removal (CPR):    0.000ns
  Clock Uncertainty:      0.035ns  ((TSJ^2 + TIJ^2)^1/2 + DJ) / 2 + PE
    Total System Jitter     (TSJ):    0.071ns
    Total Input Jitter      (TIJ):    0.000ns
    Discrete Jitter          (DJ):    0.000ns
    Phase Error              (PE):    0.000ns

    Location             Delay type                Incr(ns)  Path(ns)    Netlist Resource(s)
  -------------------------------------------------------------------    -------------------
                         (clock clk rise edge)        0.000     0.000 r
                                                      0.000     0.000 r  clk (IN)
                         net (fo=1707, unset)         0.787     0.787    clk
                         FDRE                                         r  acc_im_reg[26]/C
  -------------------------------------------------------------------    -------------------
                         FDRE (Prop_fdre_C_Q)         0.303     1.090 f  acc_im_reg[26]/Q
                         net (fo=6, unplaced)         0.811     1.901    acc_im_reg[26]
                         LUT6 (Prop_lut6_I0_O)        0.232     2.133 f  v_x[2]_i_9/O
                         net (fo=1, unplaced)         0.347     2.480    v_x[2]_i_9_n_0
                         LUT3 (Prop_lut3_I2_O)        0.105     2.585 f  v_x[2]_i_8/O
                         net (fo=2, unplaced)         0.358     2.943    v_x[2]_i_8_n_0
                         LUT6 (Prop_lut6_I5_O)        0.105     3.048 r  v_x[0]_i_4/O
                         net (fo=1, unplaced)         0.347     3.395    v_x[0]_i_4_n_0
                         LUT3 (Prop_lut3_I2_O)        0.105     3.500 f  v_x[0]_i_2/O
                         net (fo=3, unplaced)         0.365     3.865    v_x[0]_i_2_n_0
                         LUT1 (Prop_lut1_I0_O)        0.105     3.970 r  v_x[4]_i_5/O
                         net (fo=1, unplaced)         0.258     4.228    v_x[4]_i_5_n_0
                         CARRY4 (Prop_carry4_CYINIT_CO[3])
                                                      0.494     4.722 r  v_x_reg[4]_i_3/CO[3]
                         net (fo=1, unplaced)         0.008     4.730    v_x_reg[4]_i_3_n_0
                         CARRY4 (Prop_carry4_CI_CO[3])
                                                      0.100     4.830 r  v_x_reg[8]_i_3/CO[3]
                         net (fo=1, unplaced)         0.000     4.830    v_x_reg[8]_i_3_n_0
                         CARRY4 (Prop_carry4_CI_CO[3])
                                                      0.100     4.930 r  v_x_reg[12]_i_3/CO[3]
                         net (fo=1, unplaced)         0.000     4.930    v_x_reg[12]_i_3_n_0
                         CARRY4 (Prop_carry4_CI_CO[3])
                                                      0.100     5.030 r  v_x_reg[16]_i_3/CO[3]
                         net (fo=1, unplaced)         0.000     5.030    v_x_reg[16]_i_3_n_0
                         CARRY4 (Prop_carry4_CI_CO[3])
                                                      0.100     5.130 r  v_x_reg[20]_i_3/CO[3]
                         net (fo=1, unplaced)         0.000     5.130    v_x_reg[20]_i_3_n_0
                         CARRY4 (Prop_carry4_CI_O[2])
                                                      0.214     5.344 r  v_x_reg[24]_i_7/O[2]
                         net (fo=1, unplaced)         0.349     5.693    v_x0[23]
                         LUT6 (Prop_lut6_I5_O)        0.244     5.937 f  v_x[23]_i_4/O
                         net (fo=1, unplaced)         0.347     6.284    v_x[23]_i_4_n_0
                         LUT5 (Prop_lut5_I4_O)        0.105     6.389 r  v_x[23]_i_1/O
                         net (fo=1, unplaced)         0.000     6.389    v_x[23]
                         FDRE                                         r  v_x_reg[23]/D
  -------------------------------------------------------------------    -------------------

                         (clock clk rise edge)       10.000    10.000 r
                                                      0.000    10.000 r  clk (IN)
                         net (fo=1707, unset)         0.748    10.748    clk
                         FDRE                                         r  v_x_reg[23]/C
                         clock pessimism              0.000    10.748
                         clock uncertainty           -0.035    10.712
                         FDRE (Setup_fdre_C_D)       -0.032    10.680    v_x_reg[23]
  -------------------------------------------------------------------
                         required time                         10.680
                         arrival time                          -6.389
  -------------------------------------------------------------------
                         slack                                  4.291

Slack (MET) :             4.294ns  (required time - arrival time)
  Source:                 acc_re_reg[31]/C
                            (rising edge-triggered cell FDRE clocked by clk  {rise@0.000ns fall@5.000ns period=10.000ns})
  Destination:            v_y_reg[25]/D
                            (rising edge-triggered cell FDRE clocked by clk  {rise@0.000ns fall@5.000ns period=10.000ns})
  Path Group:             clk
  Path Type:              Setup (Max at Slow Process Corner)
  Requirement:            10.000ns  (clk rise@10.000ns - clk rise@0.000ns)
  Data Path Delay:        5.599ns  (logic 2.501ns (44.669%)  route 3.098ns (55.331%))
  Logic Levels:           14  (CARRY4=7 LUT1=1 LUT3=2 LUT4=1 LUT5=1 LUT6=2)
  Clock Path Skew:        -0.039ns (DCD - SCD + CPR)
    Destination Clock Delay (DCD):    0.748ns = ( 10.748 - 10.000 )
    Source Clock Delay      (SCD):    0.787ns
    Clock Pessimism Removal (CPR):    0.000ns
  Clock Uncertainty:      0.035ns  ((TSJ^2 + TIJ^2)^1/2 + DJ) / 2 + PE
    Total System Jitter     (TSJ):    0.071ns
    Total Input Jitter      (TIJ):    0.000ns
    Discrete Jitter          (DJ):    0.000ns
    Phase Error              (PE):    0.000ns

    Location             Delay type                Incr(ns)  Path(ns)    Netlist Resource(s)
  -------------------------------------------------------------------    -------------------
                         (clock clk rise edge)        0.000     0.000 r
                                                      0.000     0.000 r  clk (IN)
                         net (fo=1707, unset)         0.787     0.787    clk
                         FDRE                                         r  acc_re_reg[31]/C
  -------------------------------------------------------------------    -------------------
                         FDRE (Prop_fdre_C_Q)         0.303     1.090 f  acc_re_reg[31]/Q
                         net (fo=6, unplaced)         0.811     1.901    acc_re_reg[31]
                         LUT6 (Prop_lut6_I0_O)        0.232     2.133 f  v_x[3]_i_20/O
                         net (fo=3, unplaced)         0.346     2.479    v_x[3]_i_20_n_0
                         LUT3 (Prop_lut3_I0_O)        0.125     2.604 f  v_x[3]_i_10/O
                         net (fo=3, unplaced)         0.365     2.969    v_x[3]_i_10_n_0
                         LUT5 (Prop_lut5_I0_O)        0.105     3.074 f  v_x[1]_i_4/O
                         net (fo=2, unplaced)         0.358     3.432    v_x[1]_i_4_n_0
                         LUT3 (Prop_lut3_I2_O)        0.105     3.537 f  v_x[0]_i_3/O
                         net (fo=3, unplaced)         0.365     3.902    v_x[0]_i_3_n_0
                         LUT1 (Prop_lut1_I0_O)        0.105     4.007 r  v_y[4]_i_5/O
                         net (fo=1, unplaced)         0.258     4.265    v_y[4]_i_5_n_0
                         CARRY4 (Prop_carry4_CYINIT_CO[3])
                                                      0.494     4.759 r  v_y_reg[4]_i_4/CO[3]
                         net (fo=1, unplaced)         0.008     4.767    v_y_reg[4]_i_4_n_0
                         CARRY4 (Prop_carry4_CI_CO[3])
                                                      0.100     4.867 r  v_y_reg[8]_i_4/CO[3]
                         net (fo=1, unplaced)         0.000     4.867    v_y_reg[8]_i_4_n_0
                         CARRY4 (Prop_carry4_CI_CO[3])
                                                      0.100     4.967 r  v_y_reg[12]_i_4/CO[3]
                         net (fo=1, unplaced)         0.000     4.967    v_y_reg[12]_i_4_n_0
                         CARRY4 (Prop_carry4_CI_CO[3])
                                                      0.100     5.067 r  v_y_reg[16]_i_4/CO[3]
                         net (fo=1, unplaced)         0.000     5.067    v_y_reg[16]_i_4_n_0
                         CARRY4 (Prop_carry4_CI_CO[3])
                                                      0.100     5.167 r  v_y_reg[20]_i_4/CO[3]
                         net (fo=1, unplaced)         0.000     5.167    v_y_reg[20]_i_4_n_0
                         CARRY4 (Prop_carry4_CI_CO[3])
                                                      0.100     5.267 r  v_y_reg[24]_i_5/CO[3]
                         net (fo=1, unplaced)         0.000     5.267    v_y_reg[24]_i_5_n_0
                         CARRY4 (Prop_carry4_CI_O[0])
                                                      0.189     5.456 r  v_y_reg[25]_i_6/O[0]
                         net (fo=1, unplaced)         0.240     5.696    v_y0[25]
                         LUT4 (Prop_lut4_I2_O)        0.238     5.934 f  v_y[25]_i_2/O
                         net (fo=1, unplaced)         0.347     6.281    v_y[25]_i_2_n_0
                         LUT6 (Prop_lut6_I0_O)        0.105     6.386 r  v_y[25]_i_1/O
                         net (fo=1, unplaced)         0.000     6.386    v_y[25]
                         FDRE                                         r  v_y_reg[25]/D
  -------------------------------------------------------------------    -------------------

                         (clock clk rise edge)       10.000    10.000 r
                                                      0.000    10.000 r  clk (IN)
                         net (fo=1707, unset)         0.748    10.748    clk
                         FDRE                                         r  v_y_reg[25]/C
                         clock pessimism              0.000    10.748
                         clock uncertainty           -0.035    10.712
                         FDRE (Setup_fdre_C_D)       -0.032    10.680    v_y_reg[25]
  -------------------------------------------------------------------
                         required time                         10.680
                         arrival time                          -6.386
  -------------------------------------------------------------------
                         slack                                  4.294

Slack (MET) :             4.307ns  (required time - arrival time)
  Source:                 acc_re_reg[31]/C
                            (rising edge-triggered cell FDRE clocked by clk  {rise@0.000ns fall@5.000ns period=10.000ns})
  Destination:            v_y_reg[22]/D
                            (rising edge-triggered cell FDRE clocked by clk  {rise@0.000ns fall@5.000ns period=10.000ns})
  Path Group:             clk
  Path Type:              Setup (Max at Slow Process Corner)
  Requirement:            10.000ns  (clk rise@10.000ns - clk rise@0.000ns)
  Data Path Delay:        5.586ns  (logic 2.488ns (44.540%)  route 3.098ns (55.460%))
  Logic Levels:           13  (CARRY4=6 LUT1=1 LUT3=2 LUT4=1 LUT5=1 LUT6=2)
  Clock Path Skew:        -0.039ns (DCD - SCD + CPR)
    Destination Clock Delay (DCD):    0.748ns = ( 10.748 - 10.000 )
    Source Clock Delay      (SCD):    0.787ns
    Clock Pessimism Removal (CPR):    0.000ns
  Clock Uncertainty:      0.035ns  ((TSJ^2 + TIJ^2)^1/2 + DJ) / 2 + PE
    Total System Jitter     (TSJ):    0.071ns
    Total Input Jitter      (TIJ):    0.000ns
    Discrete Jitter          (DJ):    0.000ns
    Phase Error              (PE):    0.000ns

    Location             Delay type                Incr(ns)  Path(ns)    Netlist Resource(s)
  -------------------------------------------------------------------    -------------------
                         (clock clk rise edge)        0.000     0.000 r
                                                      0.000     0.000 r  clk (IN)
                         net (fo=1707, unset)         0.787     0.787    clk
                         FDRE                                         r  acc_re_reg[31]/C
  -------------------------------------------------------------------    -------------------
                         FDRE (Prop_fdre_C_Q)         0.303     1.090 f  acc_re_reg[31]/Q
                         net (fo=6, unplaced)         0.811     1.901    acc_re_reg[31]
                         LUT6 (Prop_lut6_I0_O)        0.232     2.133 f  v_x[3]_i_20/O
                         net (fo=3, unplaced)         0.346     2.479    v_x[3]_i_20_n_0
                         LUT3 (Prop_lut3_I0_O)        0.125     2.604 f  v_x[3]_i_10/O
                         net (fo=3, unplaced)         0.365     2.969    v_x[3]_i_10_n_0
                         LUT5 (Prop_lut5_I0_O)        0.105     3.074 f  v_x[1]_i_4/O
                         net (fo=2, unplaced)         0.358     3.432    v_x[1]_i_4_n_0
                         LUT3 (Prop_lut3_I2_O)        0.105     3.537 f  v_x[0]_i_3/O
                         net (fo=3, unplaced)         0.365     3.902    v_x[0]_i_3_n_0
                         LUT1 (Prop_lut1_I0_O)        0.105     4.007 r  v_y[4]_i_5/O
                         net (fo=1, unplaced)         0.258     4.265    v_y[4]_i_5_n_0
                         CARRY4 (Prop_carry4_CYINIT_CO[3])
                                                      0.494     4.759 r  v_y_reg[4]_i_4/CO[3]
                         net (fo=1, unplaced)         0.008     4.767    v_y_reg[4]_i_4_n_0
                         CARRY4 (Prop_carry4_CI_CO[3])
                                                      0.100     4.867 r  v_y_reg[8]_i_4/CO[3]
                         net (fo=1, unplaced)         0.000     4.867    v_y_reg[8]_i_4_n_0
                         CARRY4 (Prop_carry4_CI_CO[3])
                                                      0.100     4.967 r  v_y_reg[12]_i_4/CO[3]
                         net (fo=1, unplaced)         0.000     4.967    v_y_reg[12]_i_4_n_0
                         CARRY4 (Prop_carry4_CI_CO[3])
                                                      0.100     5.067 r  v_y_reg[16]_i_4/CO[3]
                         net (fo=1, unplaced)         0.000     5.067    v_y_reg[16]_i_4_n_0
                         CARRY4 (Prop_carry4_CI_CO[3])
                                                      0.100     5.167 r  v_y_reg[20]_i_4/CO[3]
                         net (fo=1, unplaced)         0.000     5.167    v_y_reg[20]_i_4_n_0
                         CARRY4 (Prop_carry4_CI_O[1])
                                                      0.269     5.436 r  v_y_reg[24]_i_5/O[1]
                         net (fo=1, unplaced)         0.240     5.676    v_y0[22]
                         LUT4 (Prop_lut4_I2_O)        0.245     5.921 f  v_y[22]_i_2/O
                         net (fo=1, unplaced)         0.347     6.268    v_y[22]_i_2_n_0
                         LUT6 (Prop_lut6_I0_O)        0.105     6.373 r  v_y[22]_i_1/O
                         net (fo=1, unplaced)         0.000     6.373    v_y[22]
                         FDRE                                         r  v_y_reg[22]/D
  -------------------------------------------------------------------    -------------------

                         (clock clk rise edge)       10.000    10.000 r
                                                      0.000    10.000 r  clk (IN)
                         net (fo=1707, unset)         0.748    10.748    clk
                         FDRE                                         r  v_y_reg[22]/C
                         clock pessimism              0.000    10.748
                         clock uncertainty           -0.035    10.712
                         FDRE (Setup_fdre_C_D)       -0.032    10.680    v_y_reg[22]
  -------------------------------------------------------------------
                         required time                         10.680
                         arrival time                          -6.373
  -------------------------------------------------------------------
                         slack                                  4.307





Pulse Width Checks
--------------------------------------------------------------------------------------
Clock Name:         clk
Waveform(ns):       { 0.000 5.000 }
Period(ns):         10.000
Sources:            { clk }

Check Type        Corner  Lib Pin      Reference Pin  Required(ns)  Actual(ns)  Slack(ns)  Location  Pin
Min Period        n/a     DSP48E1/CLK  n/a            3.272         10.000      6.728                g_x_reg/CLK
Min Period        n/a     DSP48E1/CLK  n/a            3.272         10.000      6.728                g_y_reg/CLK
Min Period        n/a     DSP48E1/CLK  n/a            3.272         10.000      6.728                m_rr_reg/CLK
Min Period        n/a     DSP48E1/CLK  n/a            3.272         10.000      6.728                r1/CLK
Min Period        n/a     DSP48E1/CLK  n/a            3.272         10.000      6.728                r1__0/CLK
Min Period        n/a     DSP48E1/CLK  n/a            3.272         10.000      6.728                r2/CLK
Min Period        n/a     DSP48E1/CLK  n/a            3.272         10.000      6.728                r2__0/CLK
Min Period        n/a     DSP48E1/CLK  n/a            1.816         10.000      8.184                p_sym_im0/CLK
Min Period        n/a     DSP48E1/CLK  n/a            1.816         10.000      8.184                p_sym_im0__0/CLK
Min Period        n/a     DSP48E1/CLK  n/a            1.816         10.000      8.184                p_sym_re0/CLK
Low Pulse Width   Slow    RAMD64E/CLK  n/a            1.130         5.000       3.870                buffer_reg_r1_0_63_0_2/RAMA/CLK
Low Pulse Width   Fast    RAMD64E/CLK  n/a            1.130         5.000       3.870                buffer_reg_r1_0_63_0_2/RAMA/CLK
Low Pulse Width   Slow    RAMD64E/CLK  n/a            1.130         5.000       3.870                buffer_reg_r1_0_63_0_2/RAMB/CLK
Low Pulse Width   Fast    RAMD64E/CLK  n/a            1.130         5.000       3.870                buffer_reg_r1_0_63_0_2/RAMB/CLK
Low Pulse Width   Slow    RAMD64E/CLK  n/a            1.130         5.000       3.870                buffer_reg_r1_0_63_0_2/RAMC/CLK
Low Pulse Width   Fast    RAMD64E/CLK  n/a            1.130         5.000       3.870                buffer_reg_r1_0_63_0_2/RAMC/CLK
Low Pulse Width   Slow    RAMD64E/CLK  n/a            1.130         5.000       3.870                buffer_reg_r1_0_63_0_2/RAMD/CLK
Low Pulse Width   Fast    RAMD64E/CLK  n/a            1.130         5.000       3.870                buffer_reg_r1_0_63_0_2/RAMD/CLK
Low Pulse Width   Slow    RAMD64E/CLK  n/a            1.130         5.000       3.870                buffer_reg_r1_0_63_12_14/RAMA/CLK
Low Pulse Width   Fast    RAMD64E/CLK  n/a            1.130         5.000       3.870                buffer_reg_r1_0_63_12_14/RAMA/CLK
High Pulse Width  Slow    RAMD64E/CLK  n/a            1.130         5.000       3.870                buffer_reg_r1_0_63_0_2/RAMA/CLK
High Pulse Width  Fast    RAMD64E/CLK  n/a            1.130         5.000       3.870                buffer_reg_r1_0_63_0_2/RAMA/CLK
High Pulse Width  Slow    RAMD64E/CLK  n/a            1.130         5.000       3.870                buffer_reg_r1_0_63_0_2/RAMB/CLK
High Pulse Width  Fast    RAMD64E/CLK  n/a            1.130         5.000       3.870                buffer_reg_r1_0_63_0_2/RAMB/CLK
High Pulse Width  Slow    RAMD64E/CLK  n/a            1.130         5.000       3.870                buffer_reg_r1_0_63_0_2/RAMC/CLK
High Pulse Width  Fast    RAMD64E/CLK  n/a            1.130         5.000       3.870                buffer_reg_r1_0_63_0_2/RAMC/CLK
High Pulse Width  Slow    RAMD64E/CLK  n/a            1.130         5.000       3.870                buffer_reg_r1_0_63_0_2/RAMD/CLK
High Pulse Width  Fast    RAMD64E/CLK  n/a            1.130         5.000       3.870                buffer_reg_r1_0_63_0_2/RAMD/CLK
High Pulse Width  Slow    RAMD64E/CLK  n/a            1.130         5.000       3.870                buffer_reg_r1_0_63_12_14/RAMA/CLK
High Pulse Width  Fast    RAMD64E/CLK  n/a            1.130         5.000       3.870                buffer_reg_r1_0_63_12_14/RAMA/CLK
