Copyright 1986-2021 Xilinx, Inc. All Rights Reserved.
---------------------------------------------------------------------------------------------------------------------------------------------------------------------------------------------------
| Tool Version : Vivado v.2021.1 (win64) Build 3247384 Thu Jun 10 19:36:33 MDT 2021
| Date         : normalized
| Host         : normalized
| Command      : report_timing_summary -delay_type max -max_paths 10 -file <output_dir>/ofdm_axi_modem_fabric_post_route_timing_summary.rpt
| Design       : ofdm_axi_modem
| Device       : 7z020-clg400
| Speed File   : -2  PRODUCTION 1.12 2019-11-22
---------------------------------------------------------------------------------------------------------------------------------------------------------------------------------------------------

Timing Summary Report

------------------------------------------------------------------------------------------------
| Timer Settings
| --------------
------------------------------------------------------------------------------------------------

  Enable Multi Corner Analysis               :  Yes
  Enable Pessimism Removal                   :  Yes
  Pessimism Removal Resolution               :  Nearest Common Node
  Enable Input Delay Default Clock           :  No
  Enable Preset / Clear Arcs                 :  No
  Disable Flight Delays                      :  No
  Ignore I/O Paths                           :  No
  Timing Early Launch at Borrowing Latches   :  No
  Borrow Time for Max Delay Exceptions       :  Yes
  Merge Timing Exceptions                    :  Yes

  Corner  Analyze    Analyze
  Name    Max Paths  Min Paths
  ------  ---------  ---------
  Slow    Yes        Yes
  Fast    Yes        Yes


------------------------------------------------------------------------------------------------
| Report Methodology
| ------------------
------------------------------------------------------------------------------------------------

No report available as report_methodology has not been run prior. Run report_methodology on the current design for the summary of methodology violations.



check_timing report

Table of Contents
-----------------
1. checking no_clock (0)
2. checking constant_clock (0)
3. checking pulse_width_clock (0)
4. checking unconstrained_internal_endpoints (0)
5. checking no_input_delay (0)
6. checking no_output_delay (0)
7. checking multiple_clock (0)
8. checking generated_clocks (0)
9. checking loops (0)
10. checking partial_input_delay (0)
11. checking partial_output_delay (0)
12. checking latch_loops (0)

1. checking no_clock (0)
------------------------
 There are 0 register/latch pins with no clock.


2. checking constant_clock (0)
------------------------------
 There are 0 register/latch pins with constant_clock.


3. checking pulse_width_clock (0)
---------------------------------
 There are 0 register/latch pins which need pulse_width check


4. checking unconstrained_internal_endpoints (0)
------------------------------------------------
 There are 0 pins that are not constrained for maximum delay.

 There are 0 pins that are not constrained for maximum delay due to constant clock.


5. checking no_input_delay (0)
------------------------------
 There are 0 input ports with no input delay specified.

 There are 0 input ports with no input delay but user has a false path constraint.


6. checking no_output_delay (0)
-------------------------------
 There are 0 ports with no output delay specified.

 There are 0 ports with no output delay but user has a false path constraint

 There are 0 ports with no output delay but with a timing clock defined on it or propagating through it


7. checking multiple_clock (0)
------------------------------
 There are 0 register/latch pins with multiple clocks.


8. checking generated_clocks (0)
--------------------------------
 There are 0 generated clocks that are not connected to a clock source.


9. checking loops (0)
---------------------
 There are 0 combinational loops in the design.


10. checking partial_input_delay (0)
------------------------------------
 There are 0 input ports with partial input delay specified.


11. checking partial_output_delay (0)
-------------------------------------
 There are 0 ports with partial output delay specified.


12. checking latch_loops (0)
----------------------------
 There are 0 combinational latch loops in the design through latch input



------------------------------------------------------------------------------------------------
| Design Timing Summary
| ---------------------
------------------------------------------------------------------------------------------------

    WNS(ns)      TNS(ns)  TNS Failing Endpoints  TNS Total Endpoints     WPWS(ns)     TPWS(ns)  TPWS Failing Endpoints  TPWS Total Endpoints
    -------      -------  ---------------------  -------------------     --------     --------  ----------------------  --------------------
      0.220        0.000                      0                20764        3.870        0.000                       0                  7740


All user specified timing constraints are met.


------------------------------------------------------------------------------------------------
| Clock Summary
| -------------
------------------------------------------------------------------------------------------------

Clock  Waveform(ns)       Period(ns)      Frequency(MHz)
-----  ------------       ----------      --------------
clk    {0.000 5.000}      10.000          100.000


------------------------------------------------------------------------------------------------
| Intra Clock Table
| -----------------
------------------------------------------------------------------------------------------------

Clock             WNS(ns)      TNS(ns)  TNS Failing Endpoints  TNS Total Endpoints     WPWS(ns)     TPWS(ns)  TPWS Failing Endpoints  TPWS Total Endpoints
-----             -------      -------  ---------------------  -------------------     --------     --------  ----------------------  --------------------
clk                 0.220        0.000                      0                20764        3.870        0.000                       0                  7740


------------------------------------------------------------------------------------------------
| Inter Clock Table
| -----------------
------------------------------------------------------------------------------------------------

From Clock    To Clock          WNS(ns)      TNS(ns)  TNS Failing Endpoints  TNS Total Endpoints
----------    --------          -------      -------  ---------------------  -------------------


------------------------------------------------------------------------------------------------
| Other Path Groups Table
| -----------------------
------------------------------------------------------------------------------------------------

Path Group    From Clock    To Clock          WNS(ns)      TNS(ns)  TNS Failing Endpoints  TNS Total Endpoints
----------    ----------    --------          -------      -------  ---------------------  -------------------


------------------------------------------------------------------------------------------------
| Timing Details
| --------------
------------------------------------------------------------------------------------------------


---------------------------------------------------------------------------------------------------
From Clock:  clk
  To Clock:  clk

Setup :            0  Failing Endpoints,  Worst Slack        0.220ns,  Total Violation        0.000ns
Hold  :           NA  Failing Endpoints,  Worst Slack           NA  ,  Total Violation           NA
PW    :            0  Failing Endpoints,  Worst Slack        3.870ns,  Total Violation        0.000ns
---------------------------------------------------------------------------------------------------


Max Delay Paths
--------------------------------------------------------------------------------------
Slack (MET) :             0.220ns  (required time - arrival time)
  Source:                 u_tx/tx_core/allocator/state_reg/C
                            (rising edge-triggered cell FDRE clocked by clk  {rise@0.000ns fall@5.000ns period=10.000ns})
  Destination:            u_tx/tx_core/ifft/memory_im_reg[33][10]/D
                            (rising edge-triggered cell FDRE clocked by clk  {rise@0.000ns fall@5.000ns period=10.000ns})
  Path Group:             clk
  Path Type:              Setup (Max at Slow Process Corner)
  Requirement:            10.000ns  (clk rise@10.000ns - clk rise@0.000ns)
  Data Path Delay:        9.617ns  (logic 0.484ns (5.033%)  route 9.133ns (94.967%))
  Logic Levels:           1  (LUT5=1)
  Clock Path Skew:        -0.200ns (DCD - SCD + CPR)
    Destination Clock Delay (DCD):    1.241ns = ( 11.241 - 10.000 )
    Source Clock Delay      (SCD):    1.453ns
    Clock Pessimism Removal (CPR):    0.012ns
  Clock Uncertainty:      0.035ns  ((TSJ^2 + TIJ^2)^1/2 + DJ) / 2 + PE
    Total System Jitter     (TSJ):    0.071ns
    Total Input Jitter      (TIJ):    0.000ns
    Discrete Jitter          (DJ):    0.000ns
    Phase Error              (PE):    0.000ns

    Location             Delay type                Incr(ns)  Path(ns)    Netlist Resource(s)
  -------------------------------------------------------------------    -------------------
                         (clock clk rise edge)        0.000     0.000 r
                                                      0.000     0.000 r  aclk (IN)
                         net (fo=7739, unset)         1.453     1.453    u_tx/tx_core/allocator/aclk
    SLICE_X61Y16         FDRE                                         r  u_tx/tx_core/allocator/state_reg/C
  -------------------------------------------------------------------    -------------------
    SLICE_X61Y16         FDRE (Prop_fdre_C_Q)         0.379     1.832 r  u_tx/tx_core/allocator/state_reg/Q
                         net (fo=651, routed)         9.133    10.965    u_tx/tx_core/ifft/butterfly/allocator_bin_valid
    SLICE_X36Y22         LUT5 (Prop_lut5_I3_O)        0.105    11.070 r  u_tx/tx_core/ifft/butterfly/memory_im[33][10]_i_1/O
                         net (fo=1, routed)           0.000    11.070    u_tx/tx_core/ifft/butterfly_n_651
    SLICE_X36Y22         FDRE                                         r  u_tx/tx_core/ifft/memory_im_reg[33][10]/D
  -------------------------------------------------------------------    -------------------

                         (clock clk rise edge)       10.000    10.000 r
                                                      0.000    10.000 r  aclk (IN)
                         net (fo=7739, unset)         1.241    11.241    u_tx/tx_core/ifft/aclk
    SLICE_X36Y22         FDRE                                         r  u_tx/tx_core/ifft/memory_im_reg[33][10]/C
                         clock pessimism              0.012    11.253
                         clock uncertainty           -0.035    11.218
    SLICE_X36Y22         FDRE (Setup_fdre_C_D)        0.072    11.290    u_tx/tx_core/ifft/memory_im_reg[33][10]
  -------------------------------------------------------------------
                         required time                         11.290
                         arrival time                         -11.070
  -------------------------------------------------------------------
                         slack                                  0.220

Slack (MET) :             0.263ns  (required time - arrival time)
  Source:                 u_tx/tx_core/allocator/state_reg/C
                            (rising edge-triggered cell FDRE clocked by clk  {rise@0.000ns fall@5.000ns period=10.000ns})
  Destination:            u_tx/tx_core/ifft/memory_im_reg[40][13]/D
                            (rising edge-triggered cell FDRE clocked by clk  {rise@0.000ns fall@5.000ns period=10.000ns})
  Path Group:             clk
  Path Type:              Setup (Max at Slow Process Corner)
  Requirement:            10.000ns  (clk rise@10.000ns - clk rise@0.000ns)
  Data Path Delay:        9.573ns  (logic 0.484ns (5.056%)  route 9.089ns (94.944%))
  Logic Levels:           1  (LUT6=1)
  Clock Path Skew:        -0.202ns (DCD - SCD + CPR)
    Destination Clock Delay (DCD):    1.239ns = ( 11.239 - 10.000 )
    Source Clock Delay      (SCD):    1.453ns
    Clock Pessimism Removal (CPR):    0.012ns
  Clock Uncertainty:      0.035ns  ((TSJ^2 + TIJ^2)^1/2 + DJ) / 2 + PE
    Total System Jitter     (TSJ):    0.071ns
    Total Input Jitter      (TIJ):    0.000ns
    Discrete Jitter          (DJ):    0.000ns
    Phase Error              (PE):    0.000ns

    Location             Delay type                Incr(ns)  Path(ns)    Netlist Resource(s)
  -------------------------------------------------------------------    -------------------
                         (clock clk rise edge)        0.000     0.000 r
                                                      0.000     0.000 r  aclk (IN)
                         net (fo=7739, unset)         1.453     1.453    u_tx/tx_core/allocator/aclk
    SLICE_X61Y16         FDRE                                         r  u_tx/tx_core/allocator/state_reg/C
  -------------------------------------------------------------------    -------------------
    SLICE_X61Y16         FDRE (Prop_fdre_C_Q)         0.379     1.832 r  u_tx/tx_core/allocator/state_reg/Q
                         net (fo=651, routed)         9.089    10.921    u_tx/tx_core/ifft/butterfly/allocator_bin_valid
    SLICE_X38Y26         LUT6 (Prop_lut6_I1_O)        0.105    11.026 r  u_tx/tx_core/ifft/butterfly/memory_im[40][13]_i_1/O
                         net (fo=1, routed)           0.000    11.026    u_tx/tx_core/ifft/butterfly_n_776
    SLICE_X38Y26         FDRE                                         r  u_tx/tx_core/ifft/memory_im_reg[40][13]/D
  -------------------------------------------------------------------    -------------------

                         (clock clk rise edge)       10.000    10.000 r
                                                      0.000    10.000 r  aclk (IN)
                         net (fo=7739, unset)         1.239    11.239    u_tx/tx_core/ifft/aclk
    SLICE_X38Y26         FDRE                                         r  u_tx/tx_core/ifft/memory_im_reg[40][13]/C
                         clock pessimism              0.012    11.251
                         clock uncertainty           -0.035    11.216
    SLICE_X38Y26         FDRE (Setup_fdre_C_D)        0.074    11.290    u_tx/tx_core/ifft/memory_im_reg[40][13]
  -------------------------------------------------------------------
                         required time                         11.290
                         arrival time                         -11.026
  -------------------------------------------------------------------
                         slack                                  0.263

Slack (MET) :             0.315ns  (required time - arrival time)
  Source:                 u_tx/tx_core/allocator/state_reg/C
                            (rising edge-triggered cell FDRE clocked by clk  {rise@0.000ns fall@5.000ns period=10.000ns})
  Destination:            u_tx/tx_core/ifft/memory_re_reg[32][10]/D
                            (rising edge-triggered cell FDRE clocked by clk  {rise@0.000ns fall@5.000ns period=10.000ns})
  Path Group:             clk
  Path Type:              Setup (Max at Slow Process Corner)
  Requirement:            10.000ns  (clk rise@10.000ns - clk rise@0.000ns)
  Data Path Delay:        9.476ns  (logic 0.484ns (5.108%)  route 8.992ns (94.893%))
  Logic Levels:           1  (LUT5=1)
  Clock Path Skew:        -0.203ns (DCD - SCD + CPR)
    Destination Clock Delay (DCD):    1.238ns = ( 11.238 - 10.000 )
    Source Clock Delay      (SCD):    1.453ns
    Clock Pessimism Removal (CPR):    0.012ns
  Clock Uncertainty:      0.035ns  ((TSJ^2 + TIJ^2)^1/2 + DJ) / 2 + PE
    Total System Jitter     (TSJ):    0.071ns
    Total Input Jitter      (TIJ):    0.000ns
    Discrete Jitter          (DJ):    0.000ns
    Phase Error              (PE):    0.000ns

    Location             Delay type                Incr(ns)  Path(ns)    Netlist Resource(s)
  -------------------------------------------------------------------    -------------------
                         (clock clk rise edge)        0.000     0.000 r
                                                      0.000     0.000 r  aclk (IN)
                         net (fo=7739, unset)         1.453     1.453    u_tx/tx_core/allocator/aclk
    SLICE_X61Y16         FDRE                                         r  u_tx/tx_core/allocator/state_reg/C
  -------------------------------------------------------------------    -------------------
    SLICE_X61Y16         FDRE (Prop_fdre_C_Q)         0.379     1.832 r  u_tx/tx_core/allocator/state_reg/Q
                         net (fo=651, routed)         8.992    10.824    u_tx/tx_core/ifft/butterfly/allocator_bin_valid
    SLICE_X39Y24         LUT5 (Prop_lut5_I2_O)        0.105    10.929 r  u_tx/tx_core/ifft/butterfly/memory_re[32][10]_i_1/O
                         net (fo=1, routed)           0.000    10.929    u_tx/tx_core/ifft/butterfly_n_635
    SLICE_X39Y24         FDRE                                         r  u_tx/tx_core/ifft/memory_re_reg[32][10]/D
  -------------------------------------------------------------------    -------------------

                         (clock clk rise edge)       10.000    10.000 r
                                                      0.000    10.000 r  aclk (IN)
                         net (fo=7739, unset)         1.238    11.238    u_tx/tx_core/ifft/aclk
    SLICE_X39Y24         FDRE                                         r  u_tx/tx_core/ifft/memory_re_reg[32][10]/C
                         clock pessimism              0.012    11.250
                         clock uncertainty           -0.035    11.215
    SLICE_X39Y24         FDRE (Setup_fdre_C_D)        0.030    11.245    u_tx/tx_core/ifft/memory_re_reg[32][10]
  -------------------------------------------------------------------
                         required time                         11.245
                         arrival time                         -10.929
  -------------------------------------------------------------------
                         slack                                  0.315

Slack (MET) :             0.378ns  (required time - arrival time)
  Source:                 u_tx/tx_core/allocator/state_reg/C
                            (rising edge-triggered cell FDRE clocked by clk  {rise@0.000ns fall@5.000ns period=10.000ns})
  Destination:            u_tx/tx_core/ifft/memory_im_reg[40][11]/D
                            (rising edge-triggered cell FDRE clocked by clk  {rise@0.000ns fall@5.000ns period=10.000ns})
  Path Group:             clk
  Path Type:              Setup (Max at Slow Process Corner)
  Requirement:            10.000ns  (clk rise@10.000ns - clk rise@0.000ns)
  Data Path Delay:        9.417ns  (logic 0.484ns (5.140%)  route 8.933ns (94.860%))
  Logic Levels:           1  (LUT6=1)
  Clock Path Skew:        -0.202ns (DCD - SCD + CPR)
    Destination Clock Delay (DCD):    1.239ns = ( 11.239 - 10.000 )
    Source Clock Delay      (SCD):    1.453ns
    Clock Pessimism Removal (CPR):    0.012ns
  Clock Uncertainty:      0.035ns  ((TSJ^2 + TIJ^2)^1/2 + DJ) / 2 + PE
    Total System Jitter     (TSJ):    0.071ns
    Total Input Jitter      (TIJ):    0.000ns
    Discrete Jitter          (DJ):    0.000ns
    Phase Error              (PE):    0.000ns

    Location             Delay type                Incr(ns)  Path(ns)    Netlist Resource(s)
  -------------------------------------------------------------------    -------------------
                         (clock clk rise edge)        0.000     0.000 r
                                                      0.000     0.000 r  aclk (IN)
                         net (fo=7739, unset)         1.453     1.453    u_tx/tx_core/allocator/aclk
    SLICE_X61Y16         FDRE                                         r  u_tx/tx_core/allocator/state_reg/C
  -------------------------------------------------------------------    -------------------
    SLICE_X61Y16         FDRE (Prop_fdre_C_Q)         0.379     1.832 r  u_tx/tx_core/allocator/state_reg/Q
                         net (fo=651, routed)         8.933    10.765    u_tx/tx_core/ifft/butterfly/allocator_bin_valid
    SLICE_X39Y26         LUT6 (Prop_lut6_I1_O)        0.105    10.870 r  u_tx/tx_core/ifft/butterfly/memory_im[40][11]_i_1/O
                         net (fo=1, routed)           0.000    10.870    u_tx/tx_core/ifft/butterfly_n_778
    SLICE_X39Y26         FDRE                                         r  u_tx/tx_core/ifft/memory_im_reg[40][11]/D
  -------------------------------------------------------------------    -------------------

                         (clock clk rise edge)       10.000    10.000 r
                                                      0.000    10.000 r  aclk (IN)
                         net (fo=7739, unset)         1.239    11.239    u_tx/tx_core/ifft/aclk
    SLICE_X39Y26         FDRE                                         r  u_tx/tx_core/ifft/memory_im_reg[40][11]/C
                         clock pessimism              0.012    11.251
                         clock uncertainty           -0.035    11.216
    SLICE_X39Y26         FDRE (Setup_fdre_C_D)        0.032    11.248    u_tx/tx_core/ifft/memory_im_reg[40][11]
  -------------------------------------------------------------------
                         required time                         11.248
                         arrival time                         -10.870
  -------------------------------------------------------------------
                         slack                                  0.378

Slack (MET) :             0.477ns  (required time - arrival time)
  Source:                 u_tx/tx_core/allocator/state_reg/C
                            (rising edge-triggered cell FDRE clocked by clk  {rise@0.000ns fall@5.000ns period=10.000ns})
  Destination:            u_tx/tx_core/ifft/memory_im_reg[36][10]/D
                            (rising edge-triggered cell FDRE clocked by clk  {rise@0.000ns fall@5.000ns period=10.000ns})
  Path Group:             clk
  Path Type:              Setup (Max at Slow Process Corner)
  Requirement:            10.000ns  (clk rise@10.000ns - clk rise@0.000ns)
  Data Path Delay:        9.356ns  (logic 0.484ns (5.173%)  route 8.872ns (94.827%))
  Logic Levels:           1  (LUT6=1)
  Clock Path Skew:        -0.203ns (DCD - SCD + CPR)
    Destination Clock Delay (DCD):    1.238ns = ( 11.238 - 10.000 )
    Source Clock Delay      (SCD):    1.453ns
    Clock Pessimism Removal (CPR):    0.012ns
  Clock Uncertainty:      0.035ns  ((TSJ^2 + TIJ^2)^1/2 + DJ) / 2 + PE
    Total System Jitter     (TSJ):    0.071ns
    Total Input Jitter      (TIJ):    0.000ns
    Discrete Jitter          (DJ):    0.000ns
    Phase Error              (PE):    0.000ns

    Location             Delay type                Incr(ns)  Path(ns)    Netlist Resource(s)
  -------------------------------------------------------------------    -------------------
                         (clock clk rise edge)        0.000     0.000 r
                                                      0.000     0.000 r  aclk (IN)
                         net (fo=7739, unset)         1.453     1.453    u_tx/tx_core/allocator/aclk
    SLICE_X61Y16         FDRE                                         r  u_tx/tx_core/allocator/state_reg/C
  -------------------------------------------------------------------    -------------------
    SLICE_X61Y16         FDRE (Prop_fdre_C_Q)         0.379     1.832 r  u_tx/tx_core/allocator/state_reg/Q
                         net (fo=651, routed)         8.872    10.704    u_tx/tx_core/ifft/butterfly/allocator_bin_valid
    SLICE_X36Y24         LUT6 (Prop_lut6_I1_O)        0.105    10.809 r  u_tx/tx_core/ifft/butterfly/memory_im[36][10]_i_1/O
                         net (fo=1, routed)           0.000    10.809    u_tx/tx_core/ifft/butterfly_n_715
    SLICE_X36Y24         FDRE                                         r  u_tx/tx_core/ifft/memory_im_reg[36][10]/D
  -------------------------------------------------------------------    -------------------

                         (clock clk rise edge)       10.000    10.000 r
                                                      0.000    10.000 r  aclk (IN)
                         net (fo=7739, unset)         1.238    11.238    u_tx/tx_core/ifft/aclk
    SLICE_X36Y24         FDRE                                         r  u_tx/tx_core/ifft/memory_im_reg[36][10]/C
                         clock pessimism              0.012    11.250
                         clock uncertainty           -0.035    11.215
    SLICE_X36Y24         FDRE (Setup_fdre_C_D)        0.072    11.287    u_tx/tx_core/ifft/memory_im_reg[36][10]
  -------------------------------------------------------------------
                         required time                         11.287
                         arrival time                         -10.809
  -------------------------------------------------------------------
                         slack                                  0.477

Slack (MET) :             0.558ns  (required time - arrival time)
  Source:                 u_correct/equalizer/g_pipelined.s1_rr_reg/CLK
                            (rising edge-triggered cell DSP48E1 clocked by clk  {rise@0.000ns fall@5.000ns period=10.000ns})
  Destination:            u_correct/equalizer/g_pipelined.saturation_pending_reg[0]/D
                            (rising edge-triggered cell FDRE clocked by clk  {rise@0.000ns fall@5.000ns period=10.000ns})
  Path Group:             clk
  Path Type:              Setup (Max at Slow Process Corner)
  Requirement:            10.000ns  (clk rise@10.000ns - clk rise@0.000ns)
  Data Path Delay:        9.295ns  (logic 5.035ns (54.167%)  route 4.260ns (45.833%))
  Logic Levels:           14  (CARRY4=9 DSP48E1=1 LUT1=2 LUT5=2)
  Clock Path Skew:        -0.142ns (DCD - SCD + CPR)
    Destination Clock Delay (DCD):    1.313ns = ( 11.313 - 10.000 )
    Source Clock Delay      (SCD):    1.552ns
    Clock Pessimism Removal (CPR):    0.097ns
  Clock Uncertainty:      0.035ns  ((TSJ^2 + TIJ^2)^1/2 + DJ) / 2 + PE
    Total System Jitter     (TSJ):    0.071ns
    Total Input Jitter      (TIJ):    0.000ns
    Discrete Jitter          (DJ):    0.000ns
    Phase Error              (PE):    0.000ns

    Location             Delay type                Incr(ns)  Path(ns)    Netlist Resource(s)
  -------------------------------------------------------------------    -------------------
                         (clock clk rise edge)        0.000     0.000 r
                                                      0.000     0.000 r  aclk (IN)
                         net (fo=7739, unset)         1.552     1.552    u_correct/equalizer/aclk
    DSP48_X0Y11          DSP48E1                                      r  u_correct/equalizer/g_pipelined.s1_rr_reg/CLK
  -------------------------------------------------------------------    -------------------
    DSP48_X0Y11          DSP48E1 (Prop_dsp48e1_CLK_P[24])
                                                      0.370     1.922 r  u_correct/equalizer/g_pipelined.s1_rr_reg/P[24]
                         net (fo=1, routed)           0.811     2.732    u_correct/equalizer/g_pipelined.s1_rr_reg_n_81
    DSP48_X0Y9           DSP48E1 (Prop_dsp48e1_C[24]_P[0])
                                                      1.523     4.255 f  u_correct/equalizer/g_pipelined.equalized_re_q29/P[0]
                         net (fo=1, routed)           0.489     4.745    u_correct/equalizer/g_pipelined.equalized_re_q29_n_105
    SLICE_X10Y20         LUT1 (Prop_lut1_I0_O)        0.105     4.850 r  u_correct/equalizer/g_pipelined.out_re[15]_i_65/O
                         net (fo=1, routed)           0.646     5.495    u_correct/equalizer/g_pipelined.out_re[15]_i_65_n_0
    SLICE_X9Y14          CARRY4 (Prop_carry4_CYINIT_CO[3])
                                                      0.480     5.975 r  u_correct/equalizer/g_pipelined.out_re_reg[15]_i_60/CO[3]
                         net (fo=1, routed)           0.000     5.975    u_correct/equalizer/g_pipelined.out_re_reg[15]_i_60_n_0
    SLICE_X9Y15          CARRY4 (Prop_carry4_CI_CO[3])
                                                      0.098     6.073 r  u_correct/equalizer/g_pipelined.out_re_reg[15]_i_55/CO[3]
                         net (fo=1, routed)           0.000     6.073    u_correct/equalizer/g_pipelined.out_re_reg[15]_i_55_n_0
    SLICE_X9Y16          CARRY4 (Prop_carry4_CI_CO[3])
                                                      0.098     6.171 r  u_correct/equalizer/g_pipelined.out_re_reg[15]_i_50/CO[3]
                         net (fo=1, routed)           0.000     6.171    u_correct/equalizer/g_pipelined.out_re_reg[15]_i_50_n_0
    SLICE_X9Y17          CARRY4 (Prop_carry4_CI_O[1])
                                                      0.265     6.436 f  u_correct/equalizer/g_pipelined.out_re_reg[15]_i_44/O[1]
                         net (fo=1, routed)           0.481     6.918    u_correct/equalizer/round_q29_to_q15_wide2[14]
    SLICE_X10Y20         LUT1 (Prop_lut1_I0_O)        0.250     7.168 r  u_correct/equalizer/g_pipelined.out_re[15]_i_33/O
                         net (fo=1, routed)           0.486     7.654    u_correct/equalizer/g_pipelined.out_re[15]_i_33_n_0
    SLICE_X9Y22          CARRY4 (Prop_carry4_CYINIT_CO[3])
                                                      0.480     8.134 r  u_correct/equalizer/g_pipelined.out_re_reg[15]_i_19/CO[3]
                         net (fo=1, routed)           0.000     8.134    u_correct/equalizer/g_pipelined.out_re_reg[15]_i_19_n_0
    SLICE_X9Y23          CARRY4 (Prop_carry4_CI_CO[3])
                                                      0.098     8.232 r  u_correct/equalizer/g_pipelined.out_re_reg[15]_i_11/CO[3]
                         net (fo=1, routed)           0.000     8.232    u_correct/equalizer/g_pipelined.out_re_reg[15]_i_11_n_0
    SLICE_X9Y24          CARRY4 (Prop_carry4_CI_CO[3])
                                                      0.098     8.330 r  u_correct/equalizer/g_pipelined.out_re_reg[15]_i_5/CO[3]
                         net (fo=1, routed)           0.008     8.338    u_correct/equalizer/g_pipelined.out_re_reg[15]_i_5_n_0
    SLICE_X9Y25          CARRY4 (Prop_carry4_CI_O[1])
                                                      0.265     8.603 r  u_correct/equalizer/g_pipelined.out_re_reg[15]_i_3/O[1]
                         net (fo=2, routed)           0.627     9.230    u_correct/equalizer/round_q29_to_q15_wide0[14]
    SLICE_X11Y25         LUT5 (Prop_lut5_I1_O)        0.250     9.480 r  u_correct/equalizer/saturate_q151__1_carry_i_4/O
                         net (fo=1, routed)           0.000     9.480    u_correct/equalizer/saturate_q151__1_carry_i_4_n_0
    SLICE_X11Y25         CARRY4 (Prop_carry4_S[0]_CO[1])
                                                      0.380     9.860 r  u_correct/equalizer/saturate_q151__1_carry/CO[1]
                         net (fo=3, routed)           0.712    10.572    u_correct/equalizer/saturate_q1512_in
    SLICE_X13Y26         LUT5 (Prop_lut5_I2_O)        0.275    10.847 r  u_correct/equalizer/g_pipelined.saturation_pending[0]_i_1/O
                         net (fo=1, routed)           0.000    10.847    u_correct/equalizer/g_pipelined.saturation_pending[0]_i_1_n_0
    SLICE_X13Y26         FDRE                                         r  u_correct/equalizer/g_pipelined.saturation_pending_reg[0]/D
  -------------------------------------------------------------------    -------------------

                         (clock clk rise edge)       10.000    10.000 r
                                                      0.000    10.000 r  aclk (IN)
                         net (fo=7739, unset)         1.313    11.313    u_correct/equalizer/aclk
    SLICE_X13Y26         FDRE                                         r  u_correct/equalizer/g_pipelined.saturation_pending_reg[0]/C
                         clock pessimism              0.097    11.410
                         clock uncertainty           -0.035    11.375
    SLICE_X13Y26         FDRE (Setup_fdre_C_D)        0.030    11.405    u_correct/equalizer/g_pipelined.saturation_pending_reg[0]
  -------------------------------------------------------------------
                         required time                         11.405
                         arrival time                         -10.847
  -------------------------------------------------------------------
                         slack                                  0.558

Slack (MET) :             0.576ns  (required time - arrival time)
  Source:                 u_correct/equalizer/g_pipelined.s1_rr_reg/CLK
                            (rising edge-triggered cell DSP48E1 clocked by clk  {rise@0.000ns fall@5.000ns period=10.000ns})
  Destination:            u_correct/equalizer/g_pipelined.saturation_pending_reg[1]/D
                            (rising edge-triggered cell FDRE clocked by clk  {rise@0.000ns fall@5.000ns period=10.000ns})
  Path Group:             clk
  Path Type:              Setup (Max at Slow Process Corner)
  Requirement:            10.000ns  (clk rise@10.000ns - clk rise@0.000ns)
  Data Path Delay:        9.316ns  (logic 5.056ns (54.270%)  route 4.260ns (45.730%))
  Logic Levels:           14  (CARRY4=9 DSP48E1=1 LUT1=2 LUT5=2)
  Clock Path Skew:        -0.142ns (DCD - SCD + CPR)
    Destination Clock Delay (DCD):    1.313ns = ( 11.313 - 10.000 )
    Source Clock Delay      (SCD):    1.552ns
    Clock Pessimism Removal (CPR):    0.097ns
  Clock Uncertainty:      0.035ns  ((TSJ^2 + TIJ^2)^1/2 + DJ) / 2 + PE
    Total System Jitter     (TSJ):    0.071ns
    Total Input Jitter      (TIJ):    0.000ns
    Discrete Jitter          (DJ):    0.000ns
    Phase Error              (PE):    0.000ns

    Location             Delay type                Incr(ns)  Path(ns)    Netlist Resource(s)
  -------------------------------------------------------------------    -------------------
                         (clock clk rise edge)        0.000     0.000 r
                                                      0.000     0.000 r  aclk (IN)
                         net (fo=7739, unset)         1.552     1.552    u_correct/equalizer/aclk
    DSP48_X0Y11          DSP48E1                                      r  u_correct/equalizer/g_pipelined.s1_rr_reg/CLK
  -------------------------------------------------------------------    -------------------
    DSP48_X0Y11          DSP48E1 (Prop_dsp48e1_CLK_P[24])
                                                      0.370     1.922 r  u_correct/equalizer/g_pipelined.s1_rr_reg/P[24]
                         net (fo=1, routed)           0.811     2.732    u_correct/equalizer/g_pipelined.s1_rr_reg_n_81
    DSP48_X0Y9           DSP48E1 (Prop_dsp48e1_C[24]_P[0])
                                                      1.523     4.255 f  u_correct/equalizer/g_pipelined.equalized_re_q29/P[0]
                         net (fo=1, routed)           0.489     4.745    u_correct/equalizer/g_pipelined.equalized_re_q29_n_105
    SLICE_X10Y20         LUT1 (Prop_lut1_I0_O)        0.105     4.850 r  u_correct/equalizer/g_pipelined.out_re[15]_i_65/O
                         net (fo=1, routed)           0.646     5.495    u_correct/equalizer/g_pipelined.out_re[15]_i_65_n_0
    SLICE_X9Y14          CARRY4 (Prop_carry4_CYINIT_CO[3])
                                                      0.480     5.975 r  u_correct/equalizer/g_pipelined.out_re_reg[15]_i_60/CO[3]
                         net (fo=1, routed)           0.000     5.975    u_correct/equalizer/g_pipelined.out_re_reg[15]_i_60_n_0
    SLICE_X9Y15          CARRY4 (Prop_carry4_CI_CO[3])
                                                      0.098     6.073 r  u_correct/equalizer/g_pipelined.out_re_reg[15]_i_55/CO[3]
                         net (fo=1, routed)           0.000     6.073    u_correct/equalizer/g_pipelined.out_re_reg[15]_i_55_n_0
    SLICE_X9Y16          CARRY4 (Prop_carry4_CI_CO[3])
                                                      0.098     6.171 r  u_correct/equalizer/g_pipelined.out_re_reg[15]_i_50/CO[3]
                         net (fo=1, routed)           0.000     6.171    u_correct/equalizer/g_pipelined.out_re_reg[15]_i_50_n_0
    SLICE_X9Y17          CARRY4 (Prop_carry4_CI_O[1])
                                                      0.265     6.436 f  u_correct/equalizer/g_pipelined.out_re_reg[15]_i_44/O[1]
                         net (fo=1, routed)           0.481     6.918    u_correct/equalizer/round_q29_to_q15_wide2[14]
    SLICE_X10Y20         LUT1 (Prop_lut1_I0_O)        0.250     7.168 r  u_correct/equalizer/g_pipelined.out_re[15]_i_33/O
                         net (fo=1, routed)           0.486     7.654    u_correct/equalizer/g_pipelined.out_re[15]_i_33_n_0
    SLICE_X9Y22          CARRY4 (Prop_carry4_CYINIT_CO[3])
                                                      0.480     8.134 r  u_correct/equalizer/g_pipelined.out_re_reg[15]_i_19/CO[3]
                         net (fo=1, routed)           0.000     8.134    u_correct/equalizer/g_pipelined.out_re_reg[15]_i_19_n_0
    SLICE_X9Y23          CARRY4 (Prop_carry4_CI_CO[3])
                                                      0.098     8.232 r  u_correct/equalizer/g_pipelined.out_re_reg[15]_i_11/CO[3]
                         net (fo=1, routed)           0.000     8.232    u_correct/equalizer/g_pipelined.out_re_reg[15]_i_11_n_0
    SLICE_X9Y24          CARRY4 (Prop_carry4_CI_CO[3])
                                                      0.098     8.330 r  u_correct/equalizer/g_pipelined.out_re_reg[15]_i_5/CO[3]
                         net (fo=1, routed)           0.008     8.338    u_correct/equalizer/g_pipelined.out_re_reg[15]_i_5_n_0
    SLICE_X9Y25          CARRY4 (Prop_carry4_CI_O[1])
                                                      0.265     8.603 r  u_correct/equalizer/g_pipelined.out_re_reg[15]_i_3/O[1]
                         net (fo=2, routed)           0.627     9.230    u_correct/equalizer/round_q29_to_q15_wide0[14]
    SLICE_X11Y25         LUT5 (Prop_lut5_I1_O)        0.250     9.480 r  u_correct/equalizer/saturate_q151__1_carry_i_4/O
                         net (fo=1, routed)           0.000     9.480    u_correct/equalizer/saturate_q151__1_carry_i_4_n_0
    SLICE_X11Y25         CARRY4 (Prop_carry4_S[0]_CO[1])
                                                      0.380     9.860 r  u_correct/equalizer/saturate_q151__1_carry/CO[1]
                         net (fo=3, routed)           0.712    10.572    u_correct/equalizer/saturate_q1512_in
    SLICE_X13Y26         LUT5 (Prop_lut5_I0_O)        0.296    10.868 r  u_correct/equalizer/g_pipelined.saturation_pending[1]_i_1/O
                         net (fo=1, routed)           0.000    10.868    u_correct/equalizer/g_pipelined.saturation_pending[1]_i_1_n_0
    SLICE_X13Y26         FDRE                                         r  u_correct/equalizer/g_pipelined.saturation_pending_reg[1]/D
  -------------------------------------------------------------------    -------------------

                         (clock clk rise edge)       10.000    10.000 r
                                                      0.000    10.000 r  aclk (IN)
                         net (fo=7739, unset)         1.313    11.313    u_correct/equalizer/aclk
    SLICE_X13Y26         FDRE                                         r  u_correct/equalizer/g_pipelined.saturation_pending_reg[1]/C
                         clock pessimism              0.097    11.410
                         clock uncertainty           -0.035    11.375
    SLICE_X13Y26         FDRE (Setup_fdre_C_D)        0.069    11.444    u_correct/equalizer/g_pipelined.saturation_pending_reg[1]
  -------------------------------------------------------------------
                         required time                         11.444
                         arrival time                         -10.868
  -------------------------------------------------------------------
                         slack                                  0.576

Slack (MET) :             0.681ns  (required time - arrival time)
  Source:                 u_tx/tx_core/allocator/state_reg/C
                            (rising edge-triggered cell FDRE clocked by clk  {rise@0.000ns fall@5.000ns period=10.000ns})
  Destination:            u_tx/tx_core/ifft/memory_re_reg[32][12]/D
                            (rising edge-triggered cell FDRE clocked by clk  {rise@0.000ns fall@5.000ns period=10.000ns})
  Path Group:             clk
  Path Type:              Setup (Max at Slow Process Corner)
  Requirement:            10.000ns  (clk rise@10.000ns - clk rise@0.000ns)
  Data Path Delay:        9.153ns  (logic 0.484ns (5.288%)  route 8.669ns (94.712%))
  Logic Levels:           1  (LUT5=1)
  Clock Path Skew:        -0.203ns (DCD - SCD + CPR)
    Destination Clock Delay (DCD):    1.238ns = ( 11.238 - 10.000 )
    Source Clock Delay      (SCD):    1.453ns
    Clock Pessimism Removal (CPR):    0.012ns
  Clock Uncertainty:      0.035ns  ((TSJ^2 + TIJ^2)^1/2 + DJ) / 2 + PE
    Total System Jitter     (TSJ):    0.071ns
    Total Input Jitter      (TIJ):    0.000ns
    Discrete Jitter          (DJ):    0.000ns
    Phase Error              (PE):    0.000ns

    Location             Delay type                Incr(ns)  Path(ns)    Netlist Resource(s)
  -------------------------------------------------------------------    -------------------
                         (clock clk rise edge)        0.000     0.000 r
                                                      0.000     0.000 r  aclk (IN)
                         net (fo=7739, unset)         1.453     1.453    u_tx/tx_core/allocator/aclk
    SLICE_X61Y16         FDRE                                         r  u_tx/tx_core/allocator/state_reg/C
  -------------------------------------------------------------------    -------------------
    SLICE_X61Y16         FDRE (Prop_fdre_C_Q)         0.379     1.832 r  u_tx/tx_core/allocator/state_reg/Q
                         net (fo=651, routed)         8.669    10.501    u_tx/tx_core/ifft/butterfly/allocator_bin_valid
    SLICE_X34Y24         LUT5 (Prop_lut5_I3_O)        0.105    10.606 r  u_tx/tx_core/ifft/butterfly/memory_re[32][12]_i_1/O
                         net (fo=1, routed)           0.000    10.606    u_tx/tx_core/ifft/butterfly_n_633
    SLICE_X34Y24         FDRE                                         r  u_tx/tx_core/ifft/memory_re_reg[32][12]/D
  -------------------------------------------------------------------    -------------------

                         (clock clk rise edge)       10.000    10.000 r
                                                      0.000    10.000 r  aclk (IN)
                         net (fo=7739, unset)         1.238    11.238    u_tx/tx_core/ifft/aclk
    SLICE_X34Y24         FDRE                                         r  u_tx/tx_core/ifft/memory_re_reg[32][12]/C
                         clock pessimism              0.012    11.250
                         clock uncertainty           -0.035    11.215
    SLICE_X34Y24         FDRE (Setup_fdre_C_D)        0.072    11.287    u_tx/tx_core/ifft/memory_re_reg[32][12]
  -------------------------------------------------------------------
                         required time                         11.287
                         arrival time                         -10.606
  -------------------------------------------------------------------
                         slack                                  0.681

Slack (MET) :             0.701ns  (required time - arrival time)
  Source:                 u_tx/tx_core/allocator/state_reg/C
                            (rising edge-triggered cell FDRE clocked by clk  {rise@0.000ns fall@5.000ns period=10.000ns})
  Destination:            u_tx/tx_core/ifft/memory_im_reg[36][11]/D
                            (rising edge-triggered cell FDRE clocked by clk  {rise@0.000ns fall@5.000ns period=10.000ns})
  Path Group:             clk
  Path Type:              Setup (Max at Slow Process Corner)
  Requirement:            10.000ns  (clk rise@10.000ns - clk rise@0.000ns)
  Data Path Delay:        9.091ns  (logic 0.484ns (5.324%)  route 8.607ns (94.676%))
  Logic Levels:           1  (LUT6=1)
  Clock Path Skew:        -0.203ns (DCD - SCD + CPR)
    Destination Clock Delay (DCD):    1.238ns = ( 11.238 - 10.000 )
    Source Clock Delay      (SCD):    1.453ns
    Clock Pessimism Removal (CPR):    0.012ns
  Clock Uncertainty:      0.035ns  ((TSJ^2 + TIJ^2)^1/2 + DJ) / 2 + PE
    Total System Jitter     (TSJ):    0.071ns
    Total Input Jitter      (TIJ):    0.000ns
    Discrete Jitter          (DJ):    0.000ns
    Phase Error              (PE):    0.000ns

    Location             Delay type                Incr(ns)  Path(ns)    Netlist Resource(s)
  -------------------------------------------------------------------    -------------------
                         (clock clk rise edge)        0.000     0.000 r
                                                      0.000     0.000 r  aclk (IN)
                         net (fo=7739, unset)         1.453     1.453    u_tx/tx_core/allocator/aclk
    SLICE_X61Y16         FDRE                                         r  u_tx/tx_core/allocator/state_reg/C
  -------------------------------------------------------------------    -------------------
    SLICE_X61Y16         FDRE (Prop_fdre_C_Q)         0.379     1.832 r  u_tx/tx_core/allocator/state_reg/Q
                         net (fo=651, routed)         8.607    10.439    u_tx/tx_core/ifft/butterfly/allocator_bin_valid
    SLICE_X35Y25         LUT6 (Prop_lut6_I1_O)        0.105    10.544 r  u_tx/tx_core/ifft/butterfly/memory_im[36][11]_i_1/O
                         net (fo=1, routed)           0.000    10.544    u_tx/tx_core/ifft/butterfly_n_714
    SLICE_X35Y25         FDRE                                         r  u_tx/tx_core/ifft/memory_im_reg[36][11]/D
  -------------------------------------------------------------------    -------------------

                         (clock clk rise edge)       10.000    10.000 r
                                                      0.000    10.000 r  aclk (IN)
                         net (fo=7739, unset)         1.238    11.238    u_tx/tx_core/ifft/aclk
    SLICE_X35Y25         FDRE                                         r  u_tx/tx_core/ifft/memory_im_reg[36][11]/C
                         clock pessimism              0.012    11.250
                         clock uncertainty           -0.035    11.215
    SLICE_X35Y25         FDRE (Setup_fdre_C_D)        0.030    11.245    u_tx/tx_core/ifft/memory_im_reg[36][11]
  -------------------------------------------------------------------
                         required time                         11.245
                         arrival time                         -10.544
  -------------------------------------------------------------------
                         slack                                  0.701

Slack (MET) :             0.703ns  (required time - arrival time)
  Source:                 u_tx/tx_core/allocator/state_reg/C
                            (rising edge-triggered cell FDRE clocked by clk  {rise@0.000ns fall@5.000ns period=10.000ns})
  Destination:            u_tx/tx_core/ifft/memory_im_reg[40][10]/D
                            (rising edge-triggered cell FDRE clocked by clk  {rise@0.000ns fall@5.000ns period=10.000ns})
  Path Group:             clk
  Path Type:              Setup (Max at Slow Process Corner)
  Requirement:            10.000ns  (clk rise@10.000ns - clk rise@0.000ns)
  Data Path Delay:        9.091ns  (logic 0.484ns (5.324%)  route 8.607ns (94.676%))
  Logic Levels:           1  (LUT6=1)
  Clock Path Skew:        -0.203ns (DCD - SCD + CPR)
    Destination Clock Delay (DCD):    1.238ns = ( 11.238 - 10.000 )
    Source Clock Delay      (SCD):    1.453ns
    Clock Pessimism Removal (CPR):    0.012ns
  Clock Uncertainty:      0.035ns  ((TSJ^2 + TIJ^2)^1/2 + DJ) / 2 + PE
    Total System Jitter     (TSJ):    0.071ns
    Total Input Jitter      (TIJ):    0.000ns
    Discrete Jitter          (DJ):    0.000ns
    Phase Error              (PE):    0.000ns

    Location             Delay type                Incr(ns)  Path(ns)    Netlist Resource(s)
  -------------------------------------------------------------------    -------------------
                         (clock clk rise edge)        0.000     0.000 r
                                                      0.000     0.000 r  aclk (IN)
                         net (fo=7739, unset)         1.453     1.453    u_tx/tx_core/allocator/aclk
    SLICE_X61Y16         FDRE                                         r  u_tx/tx_core/allocator/state_reg/C
  -------------------------------------------------------------------    -------------------
    SLICE_X61Y16         FDRE (Prop_fdre_C_Q)         0.379     1.832 r  u_tx/tx_core/allocator/state_reg/Q
                         net (fo=651, routed)         8.607    10.439    u_tx/tx_core/ifft/butterfly/allocator_bin_valid
    SLICE_X35Y25         LUT6 (Prop_lut6_I1_O)        0.105    10.544 r  u_tx/tx_core/ifft/butterfly/memory_im[40][10]_i_1/O
                         net (fo=1, routed)           0.000    10.544    u_tx/tx_core/ifft/butterfly_n_779
    SLICE_X35Y25         FDRE                                         r  u_tx/tx_core/ifft/memory_im_reg[40][10]/D
  -------------------------------------------------------------------    -------------------

                         (clock clk rise edge)       10.000    10.000 r
                                                      0.000    10.000 r  aclk (IN)
                         net (fo=7739, unset)         1.238    11.238    u_tx/tx_core/ifft/aclk
    SLICE_X35Y25         FDRE                                         r  u_tx/tx_core/ifft/memory_im_reg[40][10]/C
                         clock pessimism              0.012    11.250
                         clock uncertainty           -0.035    11.215
    SLICE_X35Y25         FDRE (Setup_fdre_C_D)        0.032    11.247    u_tx/tx_core/ifft/memory_im_reg[40][10]
  -------------------------------------------------------------------
                         required time                         11.247
                         arrival time                         -10.544
  -------------------------------------------------------------------
                         slack                                  0.703





Pulse Width Checks
--------------------------------------------------------------------------------------
Clock Name:         clk
Waveform(ns):       { 0.000 5.000 }
Period(ns):         10.000
Sources:            { aclk }

Check Type        Corner  Lib Pin      Reference Pin  Required(ns)  Actual(ns)  Slack(ns)  Location      Pin
Min Period        n/a     DSP48E1/CLK  n/a            3.272         10.000      6.728      DSP48_X3Y16   g_cfo.u_cfo/g_x_reg/CLK
Min Period        n/a     DSP48E1/CLK  n/a            3.272         10.000      6.728      DSP48_X4Y16   g_cfo.u_cfo/g_y_reg/CLK
Min Period        n/a     DSP48E1/CLK  n/a            3.272         10.000      6.728      DSP48_X4Y10   g_cfo.u_cfo/m_rr_reg/CLK
Min Period        n/a     DSP48E1/CLK  n/a            3.272         10.000      6.728      DSP48_X3Y18   g_cfo.u_cfo/r1/CLK
Min Period        n/a     DSP48E1/CLK  n/a            3.272         10.000      6.728      DSP48_X4Y17   g_cfo.u_cfo/r1__0/CLK
Min Period        n/a     DSP48E1/CLK  n/a            3.272         10.000      6.728      DSP48_X3Y19   g_cfo.u_cfo/r2/CLK
Min Period        n/a     DSP48E1/CLK  n/a            3.272         10.000      6.728      DSP48_X3Y17   g_cfo.u_cfo/r2__0/CLK
Min Period        n/a     DSP48E1/CLK  n/a            3.272         10.000      6.728      DSP48_X1Y14   g_channel_eq.u_channel_eq/s1_ir_reg/CLK
Min Period        n/a     DSP48E1/CLK  n/a            3.272         10.000      6.728      DSP48_X1Y12   g_channel_eq.u_channel_eq/s1_rr_reg/CLK
Min Period        n/a     DSP48E1/CLK  n/a            3.272         10.000      6.728      DSP48_X2Y16   u_fft/normalized_ifft/butterfly/g_pipelined.s1_ri_reg/CLK
Low Pulse Width   Slow    RAMD64E/CLK  n/a            1.130         5.000       3.870      SLICE_X86Y28  g_cfo.u_cfo/buffer_reg_r1_0_63_0_2/RAMA/CLK
Low Pulse Width   Fast    RAMD64E/CLK  n/a            1.130         5.000       3.870      SLICE_X86Y28  g_cfo.u_cfo/buffer_reg_r1_0_63_0_2/RAMA/CLK
Low Pulse Width   Slow    RAMD64E/CLK  n/a            1.130         5.000       3.870      SLICE_X86Y28  g_cfo.u_cfo/buffer_reg_r1_0_63_0_2/RAMB/CLK
Low Pulse Width   Fast    RAMD64E/CLK  n/a            1.130         5.000       3.870      SLICE_X86Y28  g_cfo.u_cfo/buffer_reg_r1_0_63_0_2/RAMB/CLK
Low Pulse Width   Slow    RAMD64E/CLK  n/a            1.130         5.000       3.870      SLICE_X86Y28  g_cfo.u_cfo/buffer_reg_r1_0_63_0_2/RAMC/CLK
Low Pulse Width   Fast    RAMD64E/CLK  n/a            1.130         5.000       3.870      SLICE_X86Y28  g_cfo.u_cfo/buffer_reg_r1_0_63_0_2/RAMC/CLK
Low Pulse Width   Slow    RAMD64E/CLK  n/a            1.130         5.000       3.870      SLICE_X86Y28  g_cfo.u_cfo/buffer_reg_r1_0_63_0_2/RAMD/CLK
Low Pulse Width   Fast    RAMD64E/CLK  n/a            1.130         5.000       3.870      SLICE_X86Y28  g_cfo.u_cfo/buffer_reg_r1_0_63_0_2/RAMD/CLK
Low Pulse Width   Slow    RAMD64E/CLK  n/a            1.130         5.000       3.870      SLICE_X86Y40  g_cfo.u_cfo/buffer_reg_r1_0_63_12_14/RAMA/CLK
Low Pulse Width   Fast    RAMD64E/CLK  n/a            1.130         5.000       3.870      SLICE_X86Y40  g_cfo.u_cfo/buffer_reg_r1_0_63_12_14/RAMA/CLK
High Pulse Width  Slow    RAMD64E/CLK  n/a            1.130         5.000       3.870      SLICE_X86Y28  g_cfo.u_cfo/buffer_reg_r1_0_63_0_2/RAMA/CLK
High Pulse Width  Fast    RAMD64E/CLK  n/a            1.130         5.000       3.870      SLICE_X86Y28  g_cfo.u_cfo/buffer_reg_r1_0_63_0_2/RAMA/CLK
High Pulse Width  Slow    RAMD64E/CLK  n/a            1.130         5.000       3.870      SLICE_X86Y28  g_cfo.u_cfo/buffer_reg_r1_0_63_0_2/RAMB/CLK
High Pulse Width  Fast    RAMD64E/CLK  n/a            1.130         5.000       3.870      SLICE_X86Y28  g_cfo.u_cfo/buffer_reg_r1_0_63_0_2/RAMB/CLK
High Pulse Width  Slow    RAMD64E/CLK  n/a            1.130         5.000       3.870      SLICE_X86Y28  g_cfo.u_cfo/buffer_reg_r1_0_63_0_2/RAMC/CLK
High Pulse Width  Fast    RAMD64E/CLK  n/a            1.130         5.000       3.870      SLICE_X86Y28  g_cfo.u_cfo/buffer_reg_r1_0_63_0_2/RAMC/CLK
High Pulse Width  Slow    RAMD64E/CLK  n/a            1.130         5.000       3.870      SLICE_X86Y28  g_cfo.u_cfo/buffer_reg_r1_0_63_0_2/RAMD/CLK
High Pulse Width  Fast    RAMD64E/CLK  n/a            1.130         5.000       3.870      SLICE_X86Y28  g_cfo.u_cfo/buffer_reg_r1_0_63_0_2/RAMD/CLK
High Pulse Width  Slow    RAMD64E/CLK  n/a            1.130         5.000       3.870      SLICE_X86Y40  g_cfo.u_cfo/buffer_reg_r1_0_63_12_14/RAMA/CLK
High Pulse Width  Fast    RAMD64E/CLK  n/a            1.130         5.000       3.870      SLICE_X86Y40  g_cfo.u_cfo/buffer_reg_r1_0_63_12_14/RAMA/CLK
