Copyright 1986-2021 Xilinx, Inc. All Rights Reserved.
------------------------------------------------------------------------------------------------------------------------------------------------------------------------------------------------------------
| Tool Version : Vivado v.2021.1 (win64) Build 3247384 Thu Jun 10 19:36:33 MDT 2021
| Date         : normalized
| Host         : normalized
| Command      : report_timing_summary -delay_type max -max_paths 10 -file <output_dir>/ofdm_pilot_phase_corrector_post_synthesis_timing_summary.rpt
| Design       : ofdm_pilot_phase_corrector
| Device       : 7z020-clg400
| Speed File   : -2  PRODUCTION 1.12 2019-11-22
------------------------------------------------------------------------------------------------------------------------------------------------------------------------------------------------------------

Timing Summary Report

------------------------------------------------------------------------------------------------
| Timer Settings
| --------------
------------------------------------------------------------------------------------------------

  Enable Multi Corner Analysis               :  Yes
  Enable Pessimism Removal                   :  Yes
  Pessimism Removal Resolution               :  Nearest Common Node
  Enable Input Delay Default Clock           :  No
  Enable Preset / Clear Arcs                 :  No
  Disable Flight Delays                      :  No
  Ignore I/O Paths                           :  No
  Timing Early Launch at Borrowing Latches   :  No
  Borrow Time for Max Delay Exceptions       :  Yes
  Merge Timing Exceptions                    :  Yes

  Corner  Analyze    Analyze
  Name    Max Paths  Min Paths
  ------  ---------  ---------
  Slow    Yes        Yes
  Fast    Yes        Yes


------------------------------------------------------------------------------------------------
| Report Methodology
| ------------------
------------------------------------------------------------------------------------------------

No report available as report_methodology has not been run prior. Run report_methodology on the current design for the summary of methodology violations.



check_timing report

Table of Contents
-----------------
1. checking no_clock (0)
2. checking constant_clock (0)
3. checking pulse_width_clock (0)
4. checking unconstrained_internal_endpoints (0)
5. checking no_input_delay (0)
6. checking no_output_delay (0)
7. checking multiple_clock (0)
8. checking generated_clocks (0)
9. checking loops (0)
10. checking partial_input_delay (0)
11. checking partial_output_delay (0)
12. checking latch_loops (0)

1. checking no_clock (0)
------------------------
 There are 0 register/latch pins with no clock.


2. checking constant_clock (0)
------------------------------
 There are 0 register/latch pins with constant_clock.


3. checking pulse_width_clock (0)
---------------------------------
 There are 0 register/latch pins which need pulse_width check


4. checking unconstrained_internal_endpoints (0)
------------------------------------------------
 There are 0 pins that are not constrained for maximum delay.

 There are 0 pins that are not constrained for maximum delay due to constant clock.


5. checking no_input_delay (0)
------------------------------
 There are 0 input ports with no input delay specified.

 There are 0 input ports with no input delay but user has a false path constraint.


6. checking no_output_delay (0)
-------------------------------
 There are 0 ports with no output delay specified.

 There are 0 ports with no output delay but user has a false path constraint

 There are 0 ports with no output delay but with a timing clock defined on it or propagating through it


7. checking multiple_clock (0)
------------------------------
 There are 0 register/latch pins with multiple clocks.


8. checking generated_clocks (0)
--------------------------------
 There are 0 generated clocks that are not connected to a clock source.


9. checking loops (0)
---------------------
 There are 0 combinational loops in the design.


10. checking partial_input_delay (0)
------------------------------------
 There are 0 input ports with partial input delay specified.


11. checking partial_output_delay (0)
-------------------------------------
 There are 0 ports with partial output delay specified.


12. checking latch_loops (0)
----------------------------
 There are 0 combinational latch loops in the design through latch input



------------------------------------------------------------------------------------------------
| Design Timing Summary
| ---------------------
------------------------------------------------------------------------------------------------

    WNS(ns)      TNS(ns)  TNS Failing Endpoints  TNS Total Endpoints     WPWS(ns)     TPWS(ns)  TPWS Failing Endpoints  TPWS Total Endpoints
    -------      -------  ---------------------  -------------------     --------     --------  ----------------------  --------------------
      1.637        0.000                      0                 1524        3.870        0.000                       0                   380


All user specified timing constraints are met.


------------------------------------------------------------------------------------------------
| Clock Summary
| -------------
------------------------------------------------------------------------------------------------

Clock  Waveform(ns)       Period(ns)      Frequency(MHz)
-----  ------------       ----------      --------------
clk    {0.000 5.000}      10.000          100.000


------------------------------------------------------------------------------------------------
| Intra Clock Table
| -----------------
------------------------------------------------------------------------------------------------

Clock             WNS(ns)      TNS(ns)  TNS Failing Endpoints  TNS Total Endpoints     WPWS(ns)     TPWS(ns)  TPWS Failing Endpoints  TPWS Total Endpoints
-----             -------      -------  ---------------------  -------------------     --------     --------  ----------------------  --------------------
clk                 1.637        0.000                      0                 1524        3.870        0.000                       0                   380


------------------------------------------------------------------------------------------------
| Inter Clock Table
| -----------------
------------------------------------------------------------------------------------------------

From Clock    To Clock          WNS(ns)      TNS(ns)  TNS Failing Endpoints  TNS Total Endpoints
----------    --------          -------      -------  ---------------------  -------------------


------------------------------------------------------------------------------------------------
| Other Path Groups Table
| -----------------------
------------------------------------------------------------------------------------------------

Path Group    From Clock    To Clock          WNS(ns)      TNS(ns)  TNS Failing Endpoints  TNS Total Endpoints
----------    ----------    --------          -------      -------  ---------------------  -------------------


------------------------------------------------------------------------------------------------
| Timing Details
| --------------
------------------------------------------------------------------------------------------------


---------------------------------------------------------------------------------------------------
From Clock:  clk
  To Clock:  clk

Setup :            0  Failing Endpoints,  Worst Slack        1.637ns,  Total Violation        0.000ns
Hold  :           NA  Failing Endpoints,  Worst Slack           NA  ,  Total Violation           NA
PW    :            0  Failing Endpoints,  Worst Slack        3.870ns,  Total Violation        0.000ns
---------------------------------------------------------------------------------------------------


Max Delay Paths
--------------------------------------------------------------------------------------
Slack (MET) :             1.637ns  (required time - arrival time)
  Source:                 equalizer/g_pipelined.s1_ri_reg/CLK
                            (rising edge-triggered cell DSP48E1 clocked by clk  {rise@0.000ns fall@5.000ns period=10.000ns})
  Destination:            equalizer/g_pipelined.saturation_pending_reg[0]/D
                            (rising edge-triggered cell FDRE clocked by clk  {rise@0.000ns fall@5.000ns period=10.000ns})
  Path Group:             clk
  Path Type:              Setup (Max at Slow Process Corner)
  Requirement:            10.000ns  (clk rise@10.000ns - clk rise@0.000ns)
  Data Path Delay:        8.256ns  (logic 5.072ns (61.433%)  route 3.184ns (38.567%))
  Logic Levels:           14  (CARRY4=9 DSP48E1=1 LUT1=2 LUT5=1 LUT6=1)
  Clock Path Skew:        -0.039ns (DCD - SCD + CPR)
    Destination Clock Delay (DCD):    0.748ns = ( 10.748 - 10.000 )
    Source Clock Delay      (SCD):    0.787ns
    Clock Pessimism Removal (CPR):    0.000ns
  Clock Uncertainty:      0.035ns  ((TSJ^2 + TIJ^2)^1/2 + DJ) / 2 + PE
    Total System Jitter     (TSJ):    0.071ns
    Total Input Jitter      (TIJ):    0.000ns
    Discrete Jitter          (DJ):    0.000ns
    Phase Error              (PE):    0.000ns

    Location             Delay type                Incr(ns)  Path(ns)    Netlist Resource(s)
  -------------------------------------------------------------------    -------------------
                         (clock clk rise edge)        0.000     0.000 r
                                                      0.000     0.000 r  clk (IN)
                         net (fo=379, unset)          0.787     0.787    equalizer/clk
                         DSP48E1                                      r  equalizer/g_pipelined.s1_ri_reg/CLK
  -------------------------------------------------------------------    -------------------
                         DSP48E1 (Prop_dsp48e1_CLK_P[31])
                                                      0.370     1.157 r  equalizer/g_pipelined.s1_ri_reg/P[31]
                         net (fo=2, unplaced)         0.646     1.803    equalizer/g_pipelined.s1_ri_reg_n_74
                         DSP48E1 (Prop_dsp48e1_C[32]_P[0])
                                                      1.523     3.326 f  equalizer/g_pipelined.equalized_im_q29/P[0]
                         net (fo=1, unplaced)         0.646     3.971    equalizer/g_pipelined.equalized_im_q29_n_105
                         LUT1 (Prop_lut1_I0_O)        0.105     4.076 r  equalizer/g_pipelined.out_im[0]_i_18/O
                         net (fo=1, unplaced)         0.258     4.334    equalizer/g_pipelined.out_im[0]_i_18_n_0
                         CARRY4 (Prop_carry4_CYINIT_CO[3])
                                                      0.494     4.828 r  equalizer/g_pipelined.out_im_reg[0]_i_13/CO[3]
                         net (fo=1, unplaced)         0.008     4.836    equalizer/g_pipelined.out_im_reg[0]_i_13_n_0
                         CARRY4 (Prop_carry4_CI_CO[3])
                                                      0.100     4.936 r  equalizer/g_pipelined.out_im_reg[0]_i_8/CO[3]
                         net (fo=1, unplaced)         0.000     4.936    equalizer/g_pipelined.out_im_reg[0]_i_8_n_0
                         CARRY4 (Prop_carry4_CI_CO[3])
                                                      0.100     5.036 r  equalizer/g_pipelined.out_im_reg[0]_i_3/CO[3]
                         net (fo=1, unplaced)         0.000     5.036    equalizer/g_pipelined.out_im_reg[0]_i_3_n_0
                         CARRY4 (Prop_carry4_CI_O[1])
                                                      0.269     5.305 f  equalizer/g_pipelined.out_im_reg[0]_i_2/O[1]
                         net (fo=2, unplaced)         0.251     5.556    equalizer_n_22
                         LUT1 (Prop_lut1_I0_O)        0.245     5.801 r  g_pipelined.out_im[4]_i_3/O
                         net (fo=1, unplaced)         0.258     6.059    g_pipelined.out_im[4]_i_3_n_0
                         CARRY4 (Prop_carry4_CYINIT_CO[3])
                                                      0.494     6.553 r  g_pipelined.out_im_reg[4]_i_2/CO[3]
                         net (fo=1, unplaced)         0.008     6.561    g_pipelined.out_im_reg[4]_i_2_n_0
                         CARRY4 (Prop_carry4_CI_CO[3])
                                                      0.100     6.661 r  g_pipelined.out_im_reg[8]_i_2/CO[3]
                         net (fo=1, unplaced)         0.000     6.661    g_pipelined.out_im_reg[8]_i_2_n_0
                         CARRY4 (Prop_carry4_CI_CO[3])
                                                      0.100     6.761 r  g_pipelined.out_im_reg[12]_i_2/CO[3]
                         net (fo=1, unplaced)         0.000     6.761    g_pipelined.out_im_reg[12]_i_2_n_0
                         CARRY4 (Prop_carry4_CI_O[1])
                                                      0.269     7.030 r  g_pipelined.out_im_reg[15]_i_2/O[1]
                         net (fo=3, unplaced)         0.490     7.520    equalizer/saturate_q151_inferred__2/i__carry_0[1]
                         LUT5 (Prop_lut5_I1_O)        0.245     7.765 r  equalizer/i__carry_i_4__8/O
                         net (fo=1, unplaced)         0.000     7.765    equalizer/i__carry_i_4__8_n_0
                         CARRY4 (Prop_carry4_S[0]_CO[1])
                                                      0.381     8.146 r  equalizer/saturate_q151_inferred__2/i__carry/CO[1]
                         net (fo=18, unplaced)        0.620     8.766    equalizer/saturate_q1510_in
                         LUT6 (Prop_lut6_I0_O)        0.277     9.043 r  equalizer/g_pipelined.saturation_pending[0]_i_1/O
                         net (fo=1, unplaced)         0.000     9.043    equalizer/g_pipelined.saturation_pending[0]_i_1_n_0
                         FDRE                                         r  equalizer/g_pipelined.saturation_pending_reg[0]/D
  -------------------------------------------------------------------    -------------------

                         (clock clk rise edge)       10.000    10.000 r
                                                      0.000    10.000 r  clk (IN)
                         net (fo=379, unset)          0.748    10.748    equalizer/clk
                         FDRE                                         r  equalizer/g_pipelined.saturation_pending_reg[0]/C
                         clock pessimism              0.000    10.748
                         clock uncertainty           -0.035    10.712
                         FDRE (Setup_fdre_C_D)       -0.032    10.680    equalizer/g_pipelined.saturation_pending_reg[0]
  -------------------------------------------------------------------
                         required time                         10.680
                         arrival time                          -9.043
  -------------------------------------------------------------------
                         slack                                  1.637

Slack (MET) :             1.637ns  (required time - arrival time)
  Source:                 equalizer/g_pipelined.s1_rr_reg/CLK
                            (rising edge-triggered cell DSP48E1 clocked by clk  {rise@0.000ns fall@5.000ns period=10.000ns})
  Destination:            equalizer/g_pipelined.saturation_pending_reg[1]/D
                            (rising edge-triggered cell FDRE clocked by clk  {rise@0.000ns fall@5.000ns period=10.000ns})
  Path Group:             clk
  Path Type:              Setup (Max at Slow Process Corner)
  Requirement:            10.000ns  (clk rise@10.000ns - clk rise@0.000ns)
  Data Path Delay:        8.256ns  (logic 5.072ns (61.433%)  route 3.184ns (38.567%))
  Logic Levels:           14  (CARRY4=9 DSP48E1=1 LUT1=2 LUT5=1 LUT6=1)
  Clock Path Skew:        -0.039ns (DCD - SCD + CPR)
    Destination Clock Delay (DCD):    0.748ns = ( 10.748 - 10.000 )
    Source Clock Delay      (SCD):    0.787ns
    Clock Pessimism Removal (CPR):    0.000ns
  Clock Uncertainty:      0.035ns  ((TSJ^2 + TIJ^2)^1/2 + DJ) / 2 + PE
    Total System Jitter     (TSJ):    0.071ns
    Total Input Jitter      (TIJ):    0.000ns
    Discrete Jitter          (DJ):    0.000ns
    Phase Error              (PE):    0.000ns

    Location             Delay type                Incr(ns)  Path(ns)    Netlist Resource(s)
  -------------------------------------------------------------------    -------------------
                         (clock clk rise edge)        0.000     0.000 r
                                                      0.000     0.000 r  clk (IN)
                         net (fo=379, unset)          0.787     0.787    equalizer/clk
                         DSP48E1                                      r  equalizer/g_pipelined.s1_rr_reg/CLK
  -------------------------------------------------------------------    -------------------
                         DSP48E1 (Prop_dsp48e1_CLK_P[31])
                                                      0.370     1.157 r  equalizer/g_pipelined.s1_rr_reg/P[31]
                         net (fo=2, unplaced)         0.646     1.803    equalizer/g_pipelined.s1_rr_reg_n_74
                         DSP48E1 (Prop_dsp48e1_C[32]_P[0])
                                                      1.523     3.326 f  equalizer/g_pipelined.equalized_re_q29/P[0]
                         net (fo=1, unplaced)         0.646     3.971    equalizer/g_pipelined.equalized_re_q29_n_105
                         LUT1 (Prop_lut1_I0_O)        0.105     4.076 r  equalizer/g_pipelined.out_re[0]_i_18/O
                         net (fo=1, unplaced)         0.258     4.334    equalizer/g_pipelined.out_re[0]_i_18_n_0
                         CARRY4 (Prop_carry4_CYINIT_CO[3])
                                                      0.494     4.828 r  equalizer/g_pipelined.out_re_reg[0]_i_13/CO[3]
                         net (fo=1, unplaced)         0.008     4.836    equalizer/g_pipelined.out_re_reg[0]_i_13_n_0
                         CARRY4 (Prop_carry4_CI_CO[3])
                                                      0.100     4.936 r  equalizer/g_pipelined.out_re_reg[0]_i_8/CO[3]
                         net (fo=1, unplaced)         0.000     4.936    equalizer/g_pipelined.out_re_reg[0]_i_8_n_0
                         CARRY4 (Prop_carry4_CI_CO[3])
                                                      0.100     5.036 r  equalizer/g_pipelined.out_re_reg[0]_i_3/CO[3]
                         net (fo=1, unplaced)         0.000     5.036    equalizer/g_pipelined.out_re_reg[0]_i_3_n_0
                         CARRY4 (Prop_carry4_CI_O[1])
                                                      0.269     5.305 f  equalizer/g_pipelined.out_re_reg[0]_i_2/O[1]
                         net (fo=2, unplaced)         0.251     5.556    round_q29_to_q15_wide2[14]
                         LUT1 (Prop_lut1_I0_O)        0.245     5.801 r  g_pipelined.out_re[4]_i_3/O
                         net (fo=1, unplaced)         0.258     6.059    g_pipelined.out_re[4]_i_3_n_0
                         CARRY4 (Prop_carry4_CYINIT_CO[3])
                                                      0.494     6.553 r  g_pipelined.out_re_reg[4]_i_2/CO[3]
                         net (fo=1, unplaced)         0.008     6.561    g_pipelined.out_re_reg[4]_i_2_n_0
                         CARRY4 (Prop_carry4_CI_CO[3])
                                                      0.100     6.661 r  g_pipelined.out_re_reg[8]_i_2/CO[3]
                         net (fo=1, unplaced)         0.000     6.661    g_pipelined.out_re_reg[8]_i_2_n_0
                         CARRY4 (Prop_carry4_CI_CO[3])
                                                      0.100     6.761 r  g_pipelined.out_re_reg[12]_i_2/CO[3]
                         net (fo=1, unplaced)         0.000     6.761    g_pipelined.out_re_reg[12]_i_2_n_0
                         CARRY4 (Prop_carry4_CI_O[1])
                                                      0.269     7.030 r  g_pipelined.out_re_reg[15]_i_3/O[1]
                         net (fo=3, unplaced)         0.490     7.520    equalizer/round_q29_to_q15_wide0[13]
                         LUT5 (Prop_lut5_I1_O)        0.245     7.765 r  equalizer/i__carry_i_4__7/O
                         net (fo=1, unplaced)         0.000     7.765    equalizer/i__carry_i_4__7_n_0
                         CARRY4 (Prop_carry4_S[0]_CO[1])
                                                      0.381     8.146 r  equalizer/saturate_q151_inferred__0/i__carry/CO[1]
                         net (fo=18, unplaced)        0.620     8.766    equalizer/saturate_q1512_in
                         LUT6 (Prop_lut6_I0_O)        0.277     9.043 r  equalizer/g_pipelined.saturation_pending[1]_i_1/O
                         net (fo=1, unplaced)         0.000     9.043    equalizer/g_pipelined.saturation_pending[1]_i_1_n_0
                         FDRE                                         r  equalizer/g_pipelined.saturation_pending_reg[1]/D
  -------------------------------------------------------------------    -------------------

                         (clock clk rise edge)       10.000    10.000 r
                                                      0.000    10.000 r  clk (IN)
                         net (fo=379, unset)          0.748    10.748    equalizer/clk
                         FDRE                                         r  equalizer/g_pipelined.saturation_pending_reg[1]/C
                         clock pessimism              0.000    10.748
                         clock uncertainty           -0.035    10.712
                         FDRE (Setup_fdre_C_D)       -0.032    10.680    equalizer/g_pipelined.saturation_pending_reg[1]
  -------------------------------------------------------------------
                         required time                         10.680
                         arrival time                          -9.043
  -------------------------------------------------------------------
                         slack                                  1.637

Slack (MET) :             1.728ns  (required time - arrival time)
  Source:                 equalizer/g_pipelined.s1_ri_reg/CLK
                            (rising edge-triggered cell DSP48E1 clocked by clk  {rise@0.000ns fall@5.000ns period=10.000ns})
  Destination:            equalizer/g_pipelined.out_im_reg[0]/D
                            (rising edge-triggered cell FDRE clocked by clk  {rise@0.000ns fall@5.000ns period=10.000ns})
  Path Group:             clk
  Path Type:              Setup (Max at Slow Process Corner)
  Requirement:            10.000ns  (clk rise@10.000ns - clk rise@0.000ns)
  Data Path Delay:        8.165ns  (logic 5.072ns (62.118%)  route 3.093ns (37.882%))
  Logic Levels:           14  (CARRY4=9 DSP48E1=1 LUT1=2 LUT5=2)
  Clock Path Skew:        -0.039ns (DCD - SCD + CPR)
    Destination Clock Delay (DCD):    0.748ns = ( 10.748 - 10.000 )
    Source Clock Delay      (SCD):    0.787ns
    Clock Pessimism Removal (CPR):    0.000ns
  Clock Uncertainty:      0.035ns  ((TSJ^2 + TIJ^2)^1/2 + DJ) / 2 + PE
    Total System Jitter     (TSJ):    0.071ns
    Total Input Jitter      (TIJ):    0.000ns
    Discrete Jitter          (DJ):    0.000ns
    Phase Error              (PE):    0.000ns

    Location             Delay type                Incr(ns)  Path(ns)    Netlist Resource(s)
  -------------------------------------------------------------------    -------------------
                         (clock clk rise edge)        0.000     0.000 r
                                                      0.000     0.000 r  clk (IN)
                         net (fo=379, unset)          0.787     0.787    equalizer/clk
                         DSP48E1                                      r  equalizer/g_pipelined.s1_ri_reg/CLK
  -------------------------------------------------------------------    -------------------
                         DSP48E1 (Prop_dsp48e1_CLK_P[31])
                                                      0.370     1.157 r  equalizer/g_pipelined.s1_ri_reg/P[31]
                         net (fo=2, unplaced)         0.646     1.803    equalizer/g_pipelined.s1_ri_reg_n_74
                         DSP48E1 (Prop_dsp48e1_C[32]_P[0])
                                                      1.523     3.326 f  equalizer/g_pipelined.equalized_im_q29/P[0]
                         net (fo=1, unplaced)         0.646     3.971    equalizer/g_pipelined.equalized_im_q29_n_105
                         LUT1 (Prop_lut1_I0_O)        0.105     4.076 r  equalizer/g_pipelined.out_im[0]_i_18/O
                         net (fo=1, unplaced)         0.258     4.334    equalizer/g_pipelined.out_im[0]_i_18_n_0
                         CARRY4 (Prop_carry4_CYINIT_CO[3])
                                                      0.494     4.828 r  equalizer/g_pipelined.out_im_reg[0]_i_13/CO[3]
                         net (fo=1, unplaced)         0.008     4.836    equalizer/g_pipelined.out_im_reg[0]_i_13_n_0
                         CARRY4 (Prop_carry4_CI_CO[3])
                                                      0.100     4.936 r  equalizer/g_pipelined.out_im_reg[0]_i_8/CO[3]
                         net (fo=1, unplaced)         0.000     4.936    equalizer/g_pipelined.out_im_reg[0]_i_8_n_0
                         CARRY4 (Prop_carry4_CI_CO[3])
                                                      0.100     5.036 r  equalizer/g_pipelined.out_im_reg[0]_i_3/CO[3]
                         net (fo=1, unplaced)         0.000     5.036    equalizer/g_pipelined.out_im_reg[0]_i_3_n_0
                         CARRY4 (Prop_carry4_CI_O[1])
                                                      0.269     5.305 f  equalizer/g_pipelined.out_im_reg[0]_i_2/O[1]
                         net (fo=2, unplaced)         0.251     5.556    equalizer_n_22
                         LUT1 (Prop_lut1_I0_O)        0.245     5.801 r  g_pipelined.out_im[4]_i_3/O
                         net (fo=1, unplaced)         0.258     6.059    g_pipelined.out_im[4]_i_3_n_0
                         CARRY4 (Prop_carry4_CYINIT_CO[3])
                                                      0.494     6.553 r  g_pipelined.out_im_reg[4]_i_2/CO[3]
                         net (fo=1, unplaced)         0.008     6.561    g_pipelined.out_im_reg[4]_i_2_n_0
                         CARRY4 (Prop_carry4_CI_CO[3])
                                                      0.100     6.661 r  g_pipelined.out_im_reg[8]_i_2/CO[3]
                         net (fo=1, unplaced)         0.000     6.661    g_pipelined.out_im_reg[8]_i_2_n_0
                         CARRY4 (Prop_carry4_CI_CO[3])
                                                      0.100     6.761 r  g_pipelined.out_im_reg[12]_i_2/CO[3]
                         net (fo=1, unplaced)         0.000     6.761    g_pipelined.out_im_reg[12]_i_2_n_0
                         CARRY4 (Prop_carry4_CI_O[1])
                                                      0.269     7.030 r  g_pipelined.out_im_reg[15]_i_2/O[1]
                         net (fo=3, unplaced)         0.490     7.520    equalizer/saturate_q151_inferred__2/i__carry_0[1]
                         LUT5 (Prop_lut5_I1_O)        0.245     7.765 r  equalizer/i__carry_i_4__8/O
                         net (fo=1, unplaced)         0.000     7.765    equalizer/i__carry_i_4__8_n_0
                         CARRY4 (Prop_carry4_S[0]_CO[1])
                                                      0.381     8.146 r  equalizer/saturate_q151_inferred__2/i__carry/CO[1]
                         net (fo=18, unplaced)        0.529     8.675    equalizer/saturate_q1510_in
                         LUT5 (Prop_lut5_I0_O)        0.277     8.952 r  equalizer/g_pipelined.out_im[0]_i_1/O
                         net (fo=1, unplaced)         0.000     8.952    equalizer/saturate_q15_return__0[0]
                         FDRE                                         r  equalizer/g_pipelined.out_im_reg[0]/D
  -------------------------------------------------------------------    -------------------

                         (clock clk rise edge)       10.000    10.000 r
                                                      0.000    10.000 r  clk (IN)
                         net (fo=379, unset)          0.748    10.748    equalizer/clk
                         FDRE                                         r  equalizer/g_pipelined.out_im_reg[0]/C
                         clock pessimism              0.000    10.748
                         clock uncertainty           -0.035    10.712
                         FDRE (Setup_fdre_C_D)       -0.032    10.680    equalizer/g_pipelined.out_im_reg[0]
  -------------------------------------------------------------------
                         required time                         10.680
                         arrival time                          -8.952
  -------------------------------------------------------------------
                         slack                                  1.728

Slack (MET) :             1.728ns  (required time - arrival time)
  Source:                 equalizer/g_pipelined.s1_ri_reg/CLK
                            (rising edge-triggered cell DSP48E1 clocked by clk  {rise@0.000ns fall@5.000ns period=10.000ns})
  Destination:            equalizer/g_pipelined.out_im_reg[10]/D
                            (rising edge-triggered cell FDRE clocked by clk  {rise@0.000ns fall@5.000ns period=10.000ns})
  Path Group:             clk
  Path Type:              Setup (Max at Slow Process Corner)
  Requirement:            10.000ns  (clk rise@10.000ns - clk rise@0.000ns)
  Data Path Delay:        8.165ns  (logic 5.072ns (62.118%)  route 3.093ns (37.882%))
  Logic Levels:           14  (CARRY4=9 DSP48E1=1 LUT1=2 LUT5=2)
  Clock Path Skew:        -0.039ns (DCD - SCD + CPR)
    Destination Clock Delay (DCD):    0.748ns = ( 10.748 - 10.000 )
    Source Clock Delay      (SCD):    0.787ns
    Clock Pessimism Removal (CPR):    0.000ns
  Clock Uncertainty:      0.035ns  ((TSJ^2 + TIJ^2)^1/2 + DJ) / 2 + PE
    Total System Jitter     (TSJ):    0.071ns
    Total Input Jitter      (TIJ):    0.000ns
    Discrete Jitter          (DJ):    0.000ns
    Phase Error              (PE):    0.000ns

    Location             Delay type                Incr(ns)  Path(ns)    Netlist Resource(s)
  -------------------------------------------------------------------    -------------------
                         (clock clk rise edge)        0.000     0.000 r
                                                      0.000     0.000 r  clk (IN)
                         net (fo=379, unset)          0.787     0.787    equalizer/clk
                         DSP48E1                                      r  equalizer/g_pipelined.s1_ri_reg/CLK
  -------------------------------------------------------------------    -------------------
                         DSP48E1 (Prop_dsp48e1_CLK_P[31])
                                                      0.370     1.157 r  equalizer/g_pipelined.s1_ri_reg/P[31]
                         net (fo=2, unplaced)         0.646     1.803    equalizer/g_pipelined.s1_ri_reg_n_74
                         DSP48E1 (Prop_dsp48e1_C[32]_P[0])
                                                      1.523     3.326 f  equalizer/g_pipelined.equalized_im_q29/P[0]
                         net (fo=1, unplaced)         0.646     3.971    equalizer/g_pipelined.equalized_im_q29_n_105
                         LUT1 (Prop_lut1_I0_O)        0.105     4.076 r  equalizer/g_pipelined.out_im[0]_i_18/O
                         net (fo=1, unplaced)         0.258     4.334    equalizer/g_pipelined.out_im[0]_i_18_n_0
                         CARRY4 (Prop_carry4_CYINIT_CO[3])
                                                      0.494     4.828 r  equalizer/g_pipelined.out_im_reg[0]_i_13/CO[3]
                         net (fo=1, unplaced)         0.008     4.836    equalizer/g_pipelined.out_im_reg[0]_i_13_n_0
                         CARRY4 (Prop_carry4_CI_CO[3])
                                                      0.100     4.936 r  equalizer/g_pipelined.out_im_reg[0]_i_8/CO[3]
                         net (fo=1, unplaced)         0.000     4.936    equalizer/g_pipelined.out_im_reg[0]_i_8_n_0
                         CARRY4 (Prop_carry4_CI_CO[3])
                                                      0.100     5.036 r  equalizer/g_pipelined.out_im_reg[0]_i_3/CO[3]
                         net (fo=1, unplaced)         0.000     5.036    equalizer/g_pipelined.out_im_reg[0]_i_3_n_0
                         CARRY4 (Prop_carry4_CI_O[1])
                                                      0.269     5.305 f  equalizer/g_pipelined.out_im_reg[0]_i_2/O[1]
                         net (fo=2, unplaced)         0.251     5.556    equalizer_n_22
                         LUT1 (Prop_lut1_I0_O)        0.245     5.801 r  g_pipelined.out_im[4]_i_3/O
                         net (fo=1, unplaced)         0.258     6.059    g_pipelined.out_im[4]_i_3_n_0
                         CARRY4 (Prop_carry4_CYINIT_CO[3])
                                                      0.494     6.553 r  g_pipelined.out_im_reg[4]_i_2/CO[3]
                         net (fo=1, unplaced)         0.008     6.561    g_pipelined.out_im_reg[4]_i_2_n_0
                         CARRY4 (Prop_carry4_CI_CO[3])
                                                      0.100     6.661 r  g_pipelined.out_im_reg[8]_i_2/CO[3]
                         net (fo=1, unplaced)         0.000     6.661    g_pipelined.out_im_reg[8]_i_2_n_0
                         CARRY4 (Prop_carry4_CI_CO[3])
                                                      0.100     6.761 r  g_pipelined.out_im_reg[12]_i_2/CO[3]
                         net (fo=1, unplaced)         0.000     6.761    g_pipelined.out_im_reg[12]_i_2_n_0
                         CARRY4 (Prop_carry4_CI_O[1])
                                                      0.269     7.030 r  g_pipelined.out_im_reg[15]_i_2/O[1]
                         net (fo=3, unplaced)         0.490     7.520    equalizer/saturate_q151_inferred__2/i__carry_0[1]
                         LUT5 (Prop_lut5_I1_O)        0.245     7.765 r  equalizer/i__carry_i_4__8/O
                         net (fo=1, unplaced)         0.000     7.765    equalizer/i__carry_i_4__8_n_0
                         CARRY4 (Prop_carry4_S[0]_CO[1])
                                                      0.381     8.146 r  equalizer/saturate_q151_inferred__2/i__carry/CO[1]
                         net (fo=18, unplaced)        0.529     8.675    equalizer/saturate_q1510_in
                         LUT5 (Prop_lut5_I0_O)        0.277     8.952 r  equalizer/g_pipelined.out_im[10]_i_1/O
                         net (fo=1, unplaced)         0.000     8.952    equalizer/saturate_q15_return__0[10]
                         FDRE                                         r  equalizer/g_pipelined.out_im_reg[10]/D
  -------------------------------------------------------------------    -------------------

                         (clock clk rise edge)       10.000    10.000 r
                                                      0.000    10.000 r  clk (IN)
                         net (fo=379, unset)          0.748    10.748    equalizer/clk
                         FDRE                                         r  equalizer/g_pipelined.out_im_reg[10]/C
                         clock pessimism              0.000    10.748
                         clock uncertainty           -0.035    10.712
                         FDRE (Setup_fdre_C_D)       -0.032    10.680    equalizer/g_pipelined.out_im_reg[10]
  -------------------------------------------------------------------
                         required time                         10.680
                         arrival time                          -8.952
  -------------------------------------------------------------------
                         slack                                  1.728

Slack (MET) :             1.728ns  (required time - arrival time)
  Source:                 equalizer/g_pipelined.s1_ri_reg/CLK
                            (rising edge-triggered cell DSP48E1 clocked by clk  {rise@0.000ns fall@5.000ns period=10.000ns})
  Destination:            equalizer/g_pipelined.out_im_reg[11]/D
                            (rising edge-triggered cell FDRE clocked by clk  {rise@0.000ns fall@5.000ns period=10.000ns})
  Path Group:             clk
  Path Type:              Setup (Max at Slow Process Corner)
  Requirement:            10.000ns  (clk rise@10.000ns - clk rise@0.000ns)
  Data Path Delay:        8.165ns  (logic 5.072ns (62.118%)  route 3.093ns (37.882%))
  Logic Levels:           14  (CARRY4=9 DSP48E1=1 LUT1=2 LUT5=2)
  Clock Path Skew:        -0.039ns (DCD - SCD + CPR)
    Destination Clock Delay (DCD):    0.748ns = ( 10.748 - 10.000 )
    Source Clock Delay      (SCD):    0.787ns
    Clock Pessimism Removal (CPR):    0.000ns
  Clock Uncertainty:      0.035ns  ((TSJ^2 + TIJ^2)^1/2 + DJ) / 2 + PE
    Total System Jitter     (TSJ):    0.071ns
    Total Input Jitter      (TIJ):    0.000ns
    Discrete Jitter          (DJ):    0.000ns
    Phase Error              (PE):    0.000ns

    Location             Delay type                Incr(ns)  Path(ns)    Netlist Resource(s)
  -------------------------------------------------------------------    -------------------
                         (clock clk rise edge)        0.000     0.000 r
                                                      0.000     0.000 r  clk (IN)
                         net (fo=379, unset)          0.787     0.787    equalizer/clk
                         DSP48E1                                      r  equalizer/g_pipelined.s1_ri_reg/CLK
  -------------------------------------------------------------------    -------------------
                         DSP48E1 (Prop_dsp48e1_CLK_P[31])
                                                      0.370     1.157 r  equalizer/g_pipelined.s1_ri_reg/P[31]
                         net (fo=2, unplaced)         0.646     1.803    equalizer/g_pipelined.s1_ri_reg_n_74
                         DSP48E1 (Prop_dsp48e1_C[32]_P[0])
                                                      1.523     3.326 f  equalizer/g_pipelined.equalized_im_q29/P[0]
                         net (fo=1, unplaced)         0.646     3.971    equalizer/g_pipelined.equalized_im_q29_n_105
                         LUT1 (Prop_lut1_I0_O)        0.105     4.076 r  equalizer/g_pipelined.out_im[0]_i_18/O
                         net (fo=1, unplaced)         0.258     4.334    equalizer/g_pipelined.out_im[0]_i_18_n_0
                         CARRY4 (Prop_carry4_CYINIT_CO[3])
                                                      0.494     4.828 r  equalizer/g_pipelined.out_im_reg[0]_i_13/CO[3]
                         net (fo=1, unplaced)         0.008     4.836    equalizer/g_pipelined.out_im_reg[0]_i_13_n_0
                         CARRY4 (Prop_carry4_CI_CO[3])
                                                      0.100     4.936 r  equalizer/g_pipelined.out_im_reg[0]_i_8/CO[3]
                         net (fo=1, unplaced)         0.000     4.936    equalizer/g_pipelined.out_im_reg[0]_i_8_n_0
                         CARRY4 (Prop_carry4_CI_CO[3])
                                                      0.100     5.036 r  equalizer/g_pipelined.out_im_reg[0]_i_3/CO[3]
                         net (fo=1, unplaced)         0.000     5.036    equalizer/g_pipelined.out_im_reg[0]_i_3_n_0
                         CARRY4 (Prop_carry4_CI_O[1])
                                                      0.269     5.305 f  equalizer/g_pipelined.out_im_reg[0]_i_2/O[1]
                         net (fo=2, unplaced)         0.251     5.556    equalizer_n_22
                         LUT1 (Prop_lut1_I0_O)        0.245     5.801 r  g_pipelined.out_im[4]_i_3/O
                         net (fo=1, unplaced)         0.258     6.059    g_pipelined.out_im[4]_i_3_n_0
                         CARRY4 (Prop_carry4_CYINIT_CO[3])
                                                      0.494     6.553 r  g_pipelined.out_im_reg[4]_i_2/CO[3]
                         net (fo=1, unplaced)         0.008     6.561    g_pipelined.out_im_reg[4]_i_2_n_0
                         CARRY4 (Prop_carry4_CI_CO[3])
                                                      0.100     6.661 r  g_pipelined.out_im_reg[8]_i_2/CO[3]
                         net (fo=1, unplaced)         0.000     6.661    g_pipelined.out_im_reg[8]_i_2_n_0
                         CARRY4 (Prop_carry4_CI_CO[3])
                                                      0.100     6.761 r  g_pipelined.out_im_reg[12]_i_2/CO[3]
                         net (fo=1, unplaced)         0.000     6.761    g_pipelined.out_im_reg[12]_i_2_n_0
                         CARRY4 (Prop_carry4_CI_O[1])
                                                      0.269     7.030 r  g_pipelined.out_im_reg[15]_i_2/O[1]
                         net (fo=3, unplaced)         0.490     7.520    equalizer/saturate_q151_inferred__2/i__carry_0[1]
                         LUT5 (Prop_lut5_I1_O)        0.245     7.765 r  equalizer/i__carry_i_4__8/O
                         net (fo=1, unplaced)         0.000     7.765    equalizer/i__carry_i_4__8_n_0
                         CARRY4 (Prop_carry4_S[0]_CO[1])
                                                      0.381     8.146 r  equalizer/saturate_q151_inferred__2/i__carry/CO[1]
                         net (fo=18, unplaced)        0.529     8.675    equalizer/saturate_q1510_in
                         LUT5 (Prop_lut5_I0_O)        0.277     8.952 r  equalizer/g_pipelined.out_im[11]_i_1/O
                         net (fo=1, unplaced)         0.000     8.952    equalizer/saturate_q15_return__0[11]
                         FDRE                                         r  equalizer/g_pipelined.out_im_reg[11]/D
  -------------------------------------------------------------------    -------------------

                         (clock clk rise edge)       10.000    10.000 r
                                                      0.000    10.000 r  clk (IN)
                         net (fo=379, unset)          0.748    10.748    equalizer/clk
                         FDRE                                         r  equalizer/g_pipelined.out_im_reg[11]/C
                         clock pessimism              0.000    10.748
                         clock uncertainty           -0.035    10.712
                         FDRE (Setup_fdre_C_D)       -0.032    10.680    equalizer/g_pipelined.out_im_reg[11]
  -------------------------------------------------------------------
                         required time                         10.680
                         arrival time                          -8.952
  -------------------------------------------------------------------
                         slack                                  1.728

Slack (MET) :             1.728ns  (required time - arrival time)
  Source:                 equalizer/g_pipelined.s1_ri_reg/CLK
                            (rising edge-triggered cell DSP48E1 clocked by clk  {rise@0.000ns fall@5.000ns period=10.000ns})
  Destination:            equalizer/g_pipelined.out_im_reg[12]/D
                            (rising edge-triggered cell FDRE clocked by clk  {rise@0.000ns fall@5.000ns period=10.000ns})
  Path Group:             clk
  Path Type:              Setup (Max at Slow Process Corner)
  Requirement:            10.000ns  (clk rise@10.000ns - clk rise@0.000ns)
  Data Path Delay:        8.165ns  (logic 5.072ns (62.118%)  route 3.093ns (37.882%))
  Logic Levels:           14  (CARRY4=9 DSP48E1=1 LUT1=2 LUT5=2)
  Clock Path Skew:        -0.039ns (DCD - SCD + CPR)
    Destination Clock Delay (DCD):    0.748ns = ( 10.748 - 10.000 )
    Source Clock Delay      (SCD):    0.787ns
    Clock Pessimism Removal (CPR):    0.000ns
  Clock Uncertainty:      0.035ns  ((TSJ^2 + TIJ^2)^1/2 + DJ) / 2 + PE
    Total System Jitter     (TSJ):    0.071ns
    Total Input Jitter      (TIJ):    0.000ns
    Discrete Jitter          (DJ):    0.000ns
    Phase Error              (PE):    0.000ns

    Location             Delay type                Incr(ns)  Path(ns)    Netlist Resource(s)
  -------------------------------------------------------------------    -------------------
                         (clock clk rise edge)        0.000     0.000 r
                                                      0.000     0.000 r  clk (IN)
                         net (fo=379, unset)          0.787     0.787    equalizer/clk
                         DSP48E1                                      r  equalizer/g_pipelined.s1_ri_reg/CLK
  -------------------------------------------------------------------    -------------------
                         DSP48E1 (Prop_dsp48e1_CLK_P[31])
                                                      0.370     1.157 r  equalizer/g_pipelined.s1_ri_reg/P[31]
                         net (fo=2, unplaced)         0.646     1.803    equalizer/g_pipelined.s1_ri_reg_n_74
                         DSP48E1 (Prop_dsp48e1_C[32]_P[0])
                                                      1.523     3.326 f  equalizer/g_pipelined.equalized_im_q29/P[0]
                         net (fo=1, unplaced)         0.646     3.971    equalizer/g_pipelined.equalized_im_q29_n_105
                         LUT1 (Prop_lut1_I0_O)        0.105     4.076 r  equalizer/g_pipelined.out_im[0]_i_18/O
                         net (fo=1, unplaced)         0.258     4.334    equalizer/g_pipelined.out_im[0]_i_18_n_0
                         CARRY4 (Prop_carry4_CYINIT_CO[3])
                                                      0.494     4.828 r  equalizer/g_pipelined.out_im_reg[0]_i_13/CO[3]
                         net (fo=1, unplaced)         0.008     4.836    equalizer/g_pipelined.out_im_reg[0]_i_13_n_0
                         CARRY4 (Prop_carry4_CI_CO[3])
                                                      0.100     4.936 r  equalizer/g_pipelined.out_im_reg[0]_i_8/CO[3]
                         net (fo=1, unplaced)         0.000     4.936    equalizer/g_pipelined.out_im_reg[0]_i_8_n_0
                         CARRY4 (Prop_carry4_CI_CO[3])
                                                      0.100     5.036 r  equalizer/g_pipelined.out_im_reg[0]_i_3/CO[3]
                         net (fo=1, unplaced)         0.000     5.036    equalizer/g_pipelined.out_im_reg[0]_i_3_n_0
                         CARRY4 (Prop_carry4_CI_O[1])
                                                      0.269     5.305 f  equalizer/g_pipelined.out_im_reg[0]_i_2/O[1]
                         net (fo=2, unplaced)         0.251     5.556    equalizer_n_22
                         LUT1 (Prop_lut1_I0_O)        0.245     5.801 r  g_pipelined.out_im[4]_i_3/O
                         net (fo=1, unplaced)         0.258     6.059    g_pipelined.out_im[4]_i_3_n_0
                         CARRY4 (Prop_carry4_CYINIT_CO[3])
                                                      0.494     6.553 r  g_pipelined.out_im_reg[4]_i_2/CO[3]
                         net (fo=1, unplaced)         0.008     6.561    g_pipelined.out_im_reg[4]_i_2_n_0
                         CARRY4 (Prop_carry4_CI_CO[3])
                                                      0.100     6.661 r  g_pipelined.out_im_reg[8]_i_2/CO[3]
                         net (fo=1, unplaced)         0.000     6.661    g_pipelined.out_im_reg[8]_i_2_n_0
                         CARRY4 (Prop_carry4_CI_CO[3])
                                                      0.100     6.761 r  g_pipelined.out_im_reg[12]_i_2/CO[3]
                         net (fo=1, unplaced)         0.000     6.761    g_pipelined.out_im_reg[12]_i_2_n_0
                         CARRY4 (Prop_carry4_CI_O[1])
                                                      0.269     7.030 r  g_pipelined.out_im_reg[15]_i_2/O[1]
                         net (fo=3, unplaced)         0.490     7.520    equalizer/saturate_q151_inferred__2/i__carry_0[1]
                         LUT5 (Prop_lut5_I1_O)        0.245     7.765 r  equalizer/i__carry_i_4__8/O
                         net (fo=1, unplaced)         0.000     7.765    equalizer/i__carry_i_4__8_n_0
                         CARRY4 (Prop_carry4_S[0]_CO[1])
                                                      0.381     8.146 r  equalizer/saturate_q151_inferred__2/i__carry/CO[1]
                         net (fo=18, unplaced)        0.529     8.675    equalizer/saturate_q1510_in
                         LUT5 (Prop_lut5_I0_O)        0.277     8.952 r  equalizer/g_pipelined.out_im[12]_i_1/O
                         net (fo=1, unplaced)         0.000     8.952    equalizer/saturate_q15_return__0[12]
                         FDRE                                         r  equalizer/g_pipelined.out_im_reg[12]/D
  -------------------------------------------------------------------    -------------------

                         (clock clk rise edge)       10.000    10.000 r
                                                      0.000    10.000 r  clk (IN)
                         net (fo=379, unset)          0.748    10.748    equalizer/clk
                         FDRE                                         r  equalizer/g_pipelined.out_im_reg[12]/C
                         clock pessimism              0.000    10.748
                         clock uncertainty           -0.035    10.712
                         FDRE (Setup_fdre_C_D)       -0.032    10.680    equalizer/g_pipelined.out_im_reg[12]
  -------------------------------------------------------------------
                         required time                         10.680
                         arrival time                          -8.952
  -------------------------------------------------------------------
                         slack                                  1.728

Slack (MET) :             1.728ns  (required time - arrival time)
  Source:                 equalizer/g_pipelined.s1_ri_reg/CLK
                            (rising edge-triggered cell DSP48E1 clocked by clk  {rise@0.000ns fall@5.000ns period=10.000ns})
  Destination:            equalizer/g_pipelined.out_im_reg[13]/D
                            (rising edge-triggered cell FDRE clocked by clk  {rise@0.000ns fall@5.000ns period=10.000ns})
  Path Group:             clk
  Path Type:              Setup (Max at Slow Process Corner)
  Requirement:            10.000ns  (clk rise@10.000ns - clk rise@0.000ns)
  Data Path Delay:        8.165ns  (logic 5.072ns (62.118%)  route 3.093ns (37.882%))
  Logic Levels:           14  (CARRY4=9 DSP48E1=1 LUT1=2 LUT5=2)
  Clock Path Skew:        -0.039ns (DCD - SCD + CPR)
    Destination Clock Delay (DCD):    0.748ns = ( 10.748 - 10.000 )
    Source Clock Delay      (SCD):    0.787ns
    Clock Pessimism Removal (CPR):    0.000ns
  Clock Uncertainty:      0.035ns  ((TSJ^2 + TIJ^2)^1/2 + DJ) / 2 + PE
    Total System Jitter     (TSJ):    0.071ns
    Total Input Jitter      (TIJ):    0.000ns
    Discrete Jitter          (DJ):    0.000ns
    Phase Error              (PE):    0.000ns

    Location             Delay type                Incr(ns)  Path(ns)    Netlist Resource(s)
  -------------------------------------------------------------------    -------------------
                         (clock clk rise edge)        0.000     0.000 r
                                                      0.000     0.000 r  clk (IN)
                         net (fo=379, unset)          0.787     0.787    equalizer/clk
                         DSP48E1                                      r  equalizer/g_pipelined.s1_ri_reg/CLK
  -------------------------------------------------------------------    -------------------
                         DSP48E1 (Prop_dsp48e1_CLK_P[31])
                                                      0.370     1.157 r  equalizer/g_pipelined.s1_ri_reg/P[31]
                         net (fo=2, unplaced)         0.646     1.803    equalizer/g_pipelined.s1_ri_reg_n_74
                         DSP48E1 (Prop_dsp48e1_C[32]_P[0])
                                                      1.523     3.326 f  equalizer/g_pipelined.equalized_im_q29/P[0]
                         net (fo=1, unplaced)         0.646     3.971    equalizer/g_pipelined.equalized_im_q29_n_105
                         LUT1 (Prop_lut1_I0_O)        0.105     4.076 r  equalizer/g_pipelined.out_im[0]_i_18/O
                         net (fo=1, unplaced)         0.258     4.334    equalizer/g_pipelined.out_im[0]_i_18_n_0
                         CARRY4 (Prop_carry4_CYINIT_CO[3])
                                                      0.494     4.828 r  equalizer/g_pipelined.out_im_reg[0]_i_13/CO[3]
                         net (fo=1, unplaced)         0.008     4.836    equalizer/g_pipelined.out_im_reg[0]_i_13_n_0
                         CARRY4 (Prop_carry4_CI_CO[3])
                                                      0.100     4.936 r  equalizer/g_pipelined.out_im_reg[0]_i_8/CO[3]
                         net (fo=1, unplaced)         0.000     4.936    equalizer/g_pipelined.out_im_reg[0]_i_8_n_0
                         CARRY4 (Prop_carry4_CI_CO[3])
                                                      0.100     5.036 r  equalizer/g_pipelined.out_im_reg[0]_i_3/CO[3]
                         net (fo=1, unplaced)         0.000     5.036    equalizer/g_pipelined.out_im_reg[0]_i_3_n_0
                         CARRY4 (Prop_carry4_CI_O[1])
                                                      0.269     5.305 f  equalizer/g_pipelined.out_im_reg[0]_i_2/O[1]
                         net (fo=2, unplaced)         0.251     5.556    equalizer_n_22
                         LUT1 (Prop_lut1_I0_O)        0.245     5.801 r  g_pipelined.out_im[4]_i_3/O
                         net (fo=1, unplaced)         0.258     6.059    g_pipelined.out_im[4]_i_3_n_0
                         CARRY4 (Prop_carry4_CYINIT_CO[3])
                                                      0.494     6.553 r  g_pipelined.out_im_reg[4]_i_2/CO[3]
                         net (fo=1, unplaced)         0.008     6.561    g_pipelined.out_im_reg[4]_i_2_n_0
                         CARRY4 (Prop_carry4_CI_CO[3])
                                                      0.100     6.661 r  g_pipelined.out_im_reg[8]_i_2/CO[3]
                         net (fo=1, unplaced)         0.000     6.661    g_pipelined.out_im_reg[8]_i_2_n_0
                         CARRY4 (Prop_carry4_CI_CO[3])
                                                      0.100     6.761 r  g_pipelined.out_im_reg[12]_i_2/CO[3]
                         net (fo=1, unplaced)         0.000     6.761    g_pipelined.out_im_reg[12]_i_2_n_0
                         CARRY4 (Prop_carry4_CI_O[1])
                                                      0.269     7.030 r  g_pipelined.out_im_reg[15]_i_2/O[1]
                         net (fo=3, unplaced)         0.490     7.520    equalizer/saturate_q151_inferred__2/i__carry_0[1]
                         LUT5 (Prop_lut5_I1_O)        0.245     7.765 r  equalizer/i__carry_i_4__8/O
                         net (fo=1, unplaced)         0.000     7.765    equalizer/i__carry_i_4__8_n_0
                         CARRY4 (Prop_carry4_S[0]_CO[1])
                                                      0.381     8.146 r  equalizer/saturate_q151_inferred__2/i__carry/CO[1]
                         net (fo=18, unplaced)        0.529     8.675    equalizer/saturate_q1510_in
                         LUT5 (Prop_lut5_I0_O)        0.277     8.952 r  equalizer/g_pipelined.out_im[13]_i_1/O
                         net (fo=1, unplaced)         0.000     8.952    equalizer/saturate_q15_return__0[13]
                         FDRE                                         r  equalizer/g_pipelined.out_im_reg[13]/D
  -------------------------------------------------------------------    -------------------

                         (clock clk rise edge)       10.000    10.000 r
                                                      0.000    10.000 r  clk (IN)
                         net (fo=379, unset)          0.748    10.748    equalizer/clk
                         FDRE                                         r  equalizer/g_pipelined.out_im_reg[13]/C
                         clock pessimism              0.000    10.748
                         clock uncertainty           -0.035    10.712
                         FDRE (Setup_fdre_C_D)       -0.032    10.680    equalizer/g_pipelined.out_im_reg[13]
  -------------------------------------------------------------------
                         required time                         10.680
                         arrival time                          -8.952
  -------------------------------------------------------------------
                         slack                                  1.728

Slack (MET) :             1.728ns  (required time - arrival time)
  Source:                 equalizer/g_pipelined.s1_ri_reg/CLK
                            (rising edge-triggered cell DSP48E1 clocked by clk  {rise@0.000ns fall@5.000ns period=10.000ns})
  Destination:            equalizer/g_pipelined.out_im_reg[14]/D
                            (rising edge-triggered cell FDRE clocked by clk  {rise@0.000ns fall@5.000ns period=10.000ns})
  Path Group:             clk
  Path Type:              Setup (Max at Slow Process Corner)
  Requirement:            10.000ns  (clk rise@10.000ns - clk rise@0.000ns)
  Data Path Delay:        8.165ns  (logic 5.072ns (62.118%)  route 3.093ns (37.882%))
  Logic Levels:           14  (CARRY4=9 DSP48E1=1 LUT1=2 LUT5=2)
  Clock Path Skew:        -0.039ns (DCD - SCD + CPR)
    Destination Clock Delay (DCD):    0.748ns = ( 10.748 - 10.000 )
    Source Clock Delay      (SCD):    0.787ns
    Clock Pessimism Removal (CPR):    0.000ns
  Clock Uncertainty:      0.035ns  ((TSJ^2 + TIJ^2)^1/2 + DJ) / 2 + PE
    Total System Jitter     (TSJ):    0.071ns
    Total Input Jitter      (TIJ):    0.000ns
    Discrete Jitter          (DJ):    0.000ns
    Phase Error              (PE):    0.000ns

    Location             Delay type                Incr(ns)  Path(ns)    Netlist Resource(s)
  -------------------------------------------------------------------    -------------------
                         (clock clk rise edge)        0.000     0.000 r
                                                      0.000     0.000 r  clk (IN)
                         net (fo=379, unset)          0.787     0.787    equalizer/clk
                         DSP48E1                                      r  equalizer/g_pipelined.s1_ri_reg/CLK
  -------------------------------------------------------------------    -------------------
                         DSP48E1 (Prop_dsp48e1_CLK_P[31])
                                                      0.370     1.157 r  equalizer/g_pipelined.s1_ri_reg/P[31]
                         net (fo=2, unplaced)         0.646     1.803    equalizer/g_pipelined.s1_ri_reg_n_74
                         DSP48E1 (Prop_dsp48e1_C[32]_P[0])
                                                      1.523     3.326 f  equalizer/g_pipelined.equalized_im_q29/P[0]
                         net (fo=1, unplaced)         0.646     3.971    equalizer/g_pipelined.equalized_im_q29_n_105
                         LUT1 (Prop_lut1_I0_O)        0.105     4.076 r  equalizer/g_pipelined.out_im[0]_i_18/O
                         net (fo=1, unplaced)         0.258     4.334    equalizer/g_pipelined.out_im[0]_i_18_n_0
                         CARRY4 (Prop_carry4_CYINIT_CO[3])
                                                      0.494     4.828 r  equalizer/g_pipelined.out_im_reg[0]_i_13/CO[3]
                         net (fo=1, unplaced)         0.008     4.836    equalizer/g_pipelined.out_im_reg[0]_i_13_n_0
                         CARRY4 (Prop_carry4_CI_CO[3])
                                                      0.100     4.936 r  equalizer/g_pipelined.out_im_reg[0]_i_8/CO[3]
                         net (fo=1, unplaced)         0.000     4.936    equalizer/g_pipelined.out_im_reg[0]_i_8_n_0
                         CARRY4 (Prop_carry4_CI_CO[3])
                                                      0.100     5.036 r  equalizer/g_pipelined.out_im_reg[0]_i_3/CO[3]
                         net (fo=1, unplaced)         0.000     5.036    equalizer/g_pipelined.out_im_reg[0]_i_3_n_0
                         CARRY4 (Prop_carry4_CI_O[1])
                                                      0.269     5.305 f  equalizer/g_pipelined.out_im_reg[0]_i_2/O[1]
                         net (fo=2, unplaced)         0.251     5.556    equalizer_n_22
                         LUT1 (Prop_lut1_I0_O)        0.245     5.801 r  g_pipelined.out_im[4]_i_3/O
                         net (fo=1, unplaced)         0.258     6.059    g_pipelined.out_im[4]_i_3_n_0
                         CARRY4 (Prop_carry4_CYINIT_CO[3])
                                                      0.494     6.553 r  g_pipelined.out_im_reg[4]_i_2/CO[3]
                         net (fo=1, unplaced)         0.008     6.561    g_pipelined.out_im_reg[4]_i_2_n_0
                         CARRY4 (Prop_carry4_CI_CO[3])
                                                      0.100     6.661 r  g_pipelined.out_im_reg[8]_i_2/CO[3]
                         net (fo=1, unplaced)         0.000     6.661    g_pipelined.out_im_reg[8]_i_2_n_0
                         CARRY4 (Prop_carry4_CI_CO[3])
                                                      0.100     6.761 r  g_pipelined.out_im_reg[12]_i_2/CO[3]
                         net (fo=1, unplaced)         0.000     6.761    g_pipelined.out_im_reg[12]_i_2_n_0
                         CARRY4 (Prop_carry4_CI_O[1])
                                                      0.269     7.030 r  g_pipelined.out_im_reg[15]_i_2/O[1]
                         net (fo=3, unplaced)         0.490     7.520    equalizer/saturate_q151_inferred__2/i__carry_0[1]
                         LUT5 (Prop_lut5_I1_O)        0.245     7.765 r  equalizer/i__carry_i_4__8/O
                         net (fo=1, unplaced)         0.000     7.765    equalizer/i__carry_i_4__8_n_0
                         CARRY4 (Prop_carry4_S[0]_CO[1])
                                                      0.381     8.146 r  equalizer/saturate_q151_inferred__2/i__carry/CO[1]
                         net (fo=18, unplaced)        0.529     8.675    equalizer/saturate_q1510_in
                         LUT5 (Prop_lut5_I0_O)        0.277     8.952 r  equalizer/g_pipelined.out_im[14]_i_1/O
                         net (fo=1, unplaced)         0.000     8.952    equalizer/saturate_q15_return__0[14]
                         FDRE                                         r  equalizer/g_pipelined.out_im_reg[14]/D
  -------------------------------------------------------------------    -------------------

                         (clock clk rise edge)       10.000    10.000 r
                                                      0.000    10.000 r  clk (IN)
                         net (fo=379, unset)          0.748    10.748    equalizer/clk
                         FDRE                                         r  equalizer/g_pipelined.out_im_reg[14]/C
                         clock pessimism              0.000    10.748
                         clock uncertainty           -0.035    10.712
                         FDRE (Setup_fdre_C_D)       -0.032    10.680    equalizer/g_pipelined.out_im_reg[14]
  -------------------------------------------------------------------
                         required time                         10.680
                         arrival time                          -8.952
  -------------------------------------------------------------------
                         slack                                  1.728

Slack (MET) :             1.728ns  (required time - arrival time)
  Source:                 equalizer/g_pipelined.s1_ri_reg/CLK
                            (rising edge-triggered cell DSP48E1 clocked by clk  {rise@0.000ns fall@5.000ns period=10.000ns})
  Destination:            equalizer/g_pipelined.out_im_reg[1]/D
                            (rising edge-triggered cell FDRE clocked by clk  {rise@0.000ns fall@5.000ns period=10.000ns})
  Path Group:             clk
  Path Type:              Setup (Max at Slow Process Corner)
  Requirement:            10.000ns  (clk rise@10.000ns - clk rise@0.000ns)
  Data Path Delay:        8.165ns  (logic 5.072ns (62.118%)  route 3.093ns (37.882%))
  Logic Levels:           14  (CARRY4=9 DSP48E1=1 LUT1=2 LUT5=2)
  Clock Path Skew:        -0.039ns (DCD - SCD + CPR)
    Destination Clock Delay (DCD):    0.748ns = ( 10.748 - 10.000 )
    Source Clock Delay      (SCD):    0.787ns
    Clock Pessimism Removal (CPR):    0.000ns
  Clock Uncertainty:      0.035ns  ((TSJ^2 + TIJ^2)^1/2 + DJ) / 2 + PE
    Total System Jitter     (TSJ):    0.071ns
    Total Input Jitter      (TIJ):    0.000ns
    Discrete Jitter          (DJ):    0.000ns
    Phase Error              (PE):    0.000ns

    Location             Delay type                Incr(ns)  Path(ns)    Netlist Resource(s)
  -------------------------------------------------------------------    -------------------
                         (clock clk rise edge)        0.000     0.000 r
                                                      0.000     0.000 r  clk (IN)
                         net (fo=379, unset)          0.787     0.787    equalizer/clk
                         DSP48E1                                      r  equalizer/g_pipelined.s1_ri_reg/CLK
  -------------------------------------------------------------------    -------------------
                         DSP48E1 (Prop_dsp48e1_CLK_P[31])
                                                      0.370     1.157 r  equalizer/g_pipelined.s1_ri_reg/P[31]
                         net (fo=2, unplaced)         0.646     1.803    equalizer/g_pipelined.s1_ri_reg_n_74
                         DSP48E1 (Prop_dsp48e1_C[32]_P[0])
                                                      1.523     3.326 f  equalizer/g_pipelined.equalized_im_q29/P[0]
                         net (fo=1, unplaced)         0.646     3.971    equalizer/g_pipelined.equalized_im_q29_n_105
                         LUT1 (Prop_lut1_I0_O)        0.105     4.076 r  equalizer/g_pipelined.out_im[0]_i_18/O
                         net (fo=1, unplaced)         0.258     4.334    equalizer/g_pipelined.out_im[0]_i_18_n_0
                         CARRY4 (Prop_carry4_CYINIT_CO[3])
                                                      0.494     4.828 r  equalizer/g_pipelined.out_im_reg[0]_i_13/CO[3]
                         net (fo=1, unplaced)         0.008     4.836    equalizer/g_pipelined.out_im_reg[0]_i_13_n_0
                         CARRY4 (Prop_carry4_CI_CO[3])
                                                      0.100     4.936 r  equalizer/g_pipelined.out_im_reg[0]_i_8/CO[3]
                         net (fo=1, unplaced)         0.000     4.936    equalizer/g_pipelined.out_im_reg[0]_i_8_n_0
                         CARRY4 (Prop_carry4_CI_CO[3])
                                                      0.100     5.036 r  equalizer/g_pipelined.out_im_reg[0]_i_3/CO[3]
                         net (fo=1, unplaced)         0.000     5.036    equalizer/g_pipelined.out_im_reg[0]_i_3_n_0
                         CARRY4 (Prop_carry4_CI_O[1])
                                                      0.269     5.305 f  equalizer/g_pipelined.out_im_reg[0]_i_2/O[1]
                         net (fo=2, unplaced)         0.251     5.556    equalizer_n_22
                         LUT1 (Prop_lut1_I0_O)        0.245     5.801 r  g_pipelined.out_im[4]_i_3/O
                         net (fo=1, unplaced)         0.258     6.059    g_pipelined.out_im[4]_i_3_n_0
                         CARRY4 (Prop_carry4_CYINIT_CO[3])
                                                      0.494     6.553 r  g_pipelined.out_im_reg[4]_i_2/CO[3]
                         net (fo=1, unplaced)         0.008     6.561    g_pipelined.out_im_reg[4]_i_2_n_0
                         CARRY4 (Prop_carry4_CI_CO[3])
                                                      0.100     6.661 r  g_pipelined.out_im_reg[8]_i_2/CO[3]
                         net (fo=1, unplaced)         0.000     6.661    g_pipelined.out_im_reg[8]_i_2_n_0
                         CARRY4 (Prop_carry4_CI_CO[3])
                                                      0.100     6.761 r  g_pipelined.out_im_reg[12]_i_2/CO[3]
                         net (fo=1, unplaced)         0.000     6.761    g_pipelined.out_im_reg[12]_i_2_n_0
                         CARRY4 (Prop_carry4_CI_O[1])
                                                      0.269     7.030 r  g_pipelined.out_im_reg[15]_i_2/O[1]
                         net (fo=3, unplaced)         0.490     7.520    equalizer/saturate_q151_inferred__2/i__carry_0[1]
                         LUT5 (Prop_lut5_I1_O)        0.245     7.765 r  equalizer/i__carry_i_4__8/O
                         net (fo=1, unplaced)         0.000     7.765    equalizer/i__carry_i_4__8_n_0
                         CARRY4 (Prop_carry4_S[0]_CO[1])
                                                      0.381     8.146 r  equalizer/saturate_q151_inferred__2/i__carry/CO[1]
                         net (fo=18, unplaced)        0.529     8.675    equalizer/saturate_q1510_in
                         LUT5 (Prop_lut5_I0_O)        0.277     8.952 r  equalizer/g_pipelined.out_im[1]_i_1/O
                         net (fo=1, unplaced)         0.000     8.952    equalizer/saturate_q15_return__0[1]
                         FDRE                                         r  equalizer/g_pipelined.out_im_reg[1]/D
  -------------------------------------------------------------------    -------------------

                         (clock clk rise edge)       10.000    10.000 r
                                                      0.000    10.000 r  clk (IN)
                         net (fo=379, unset)          0.748    10.748    equalizer/clk
                         FDRE                                         r  equalizer/g_pipelined.out_im_reg[1]/C
                         clock pessimism              0.000    10.748
                         clock uncertainty           -0.035    10.712
                         FDRE (Setup_fdre_C_D)       -0.032    10.680    equalizer/g_pipelined.out_im_reg[1]
  -------------------------------------------------------------------
                         required time                         10.680
                         arrival time                          -8.952
  -------------------------------------------------------------------
                         slack                                  1.728

Slack (MET) :             1.728ns  (required time - arrival time)
  Source:                 equalizer/g_pipelined.s1_ri_reg/CLK
                            (rising edge-triggered cell DSP48E1 clocked by clk  {rise@0.000ns fall@5.000ns period=10.000ns})
  Destination:            equalizer/g_pipelined.out_im_reg[2]/D
                            (rising edge-triggered cell FDRE clocked by clk  {rise@0.000ns fall@5.000ns period=10.000ns})
  Path Group:             clk
  Path Type:              Setup (Max at Slow Process Corner)
  Requirement:            10.000ns  (clk rise@10.000ns - clk rise@0.000ns)
  Data Path Delay:        8.165ns  (logic 5.072ns (62.118%)  route 3.093ns (37.882%))
  Logic Levels:           14  (CARRY4=9 DSP48E1=1 LUT1=2 LUT5=2)
  Clock Path Skew:        -0.039ns (DCD - SCD + CPR)
    Destination Clock Delay (DCD):    0.748ns = ( 10.748 - 10.000 )
    Source Clock Delay      (SCD):    0.787ns
    Clock Pessimism Removal (CPR):    0.000ns
  Clock Uncertainty:      0.035ns  ((TSJ^2 + TIJ^2)^1/2 + DJ) / 2 + PE
    Total System Jitter     (TSJ):    0.071ns
    Total Input Jitter      (TIJ):    0.000ns
    Discrete Jitter          (DJ):    0.000ns
    Phase Error              (PE):    0.000ns

    Location             Delay type                Incr(ns)  Path(ns)    Netlist Resource(s)
  -------------------------------------------------------------------    -------------------
                         (clock clk rise edge)        0.000     0.000 r
                                                      0.000     0.000 r  clk (IN)
                         net (fo=379, unset)          0.787     0.787    equalizer/clk
                         DSP48E1                                      r  equalizer/g_pipelined.s1_ri_reg/CLK
  -------------------------------------------------------------------    -------------------
                         DSP48E1 (Prop_dsp48e1_CLK_P[31])
                                                      0.370     1.157 r  equalizer/g_pipelined.s1_ri_reg/P[31]
                         net (fo=2, unplaced)         0.646     1.803    equalizer/g_pipelined.s1_ri_reg_n_74
                         DSP48E1 (Prop_dsp48e1_C[32]_P[0])
                                                      1.523     3.326 f  equalizer/g_pipelined.equalized_im_q29/P[0]
                         net (fo=1, unplaced)         0.646     3.971    equalizer/g_pipelined.equalized_im_q29_n_105
                         LUT1 (Prop_lut1_I0_O)        0.105     4.076 r  equalizer/g_pipelined.out_im[0]_i_18/O
                         net (fo=1, unplaced)         0.258     4.334    equalizer/g_pipelined.out_im[0]_i_18_n_0
                         CARRY4 (Prop_carry4_CYINIT_CO[3])
                                                      0.494     4.828 r  equalizer/g_pipelined.out_im_reg[0]_i_13/CO[3]
                         net (fo=1, unplaced)         0.008     4.836    equalizer/g_pipelined.out_im_reg[0]_i_13_n_0
                         CARRY4 (Prop_carry4_CI_CO[3])
                                                      0.100     4.936 r  equalizer/g_pipelined.out_im_reg[0]_i_8/CO[3]
                         net (fo=1, unplaced)         0.000     4.936    equalizer/g_pipelined.out_im_reg[0]_i_8_n_0
                         CARRY4 (Prop_carry4_CI_CO[3])
                                                      0.100     5.036 r  equalizer/g_pipelined.out_im_reg[0]_i_3/CO[3]
                         net (fo=1, unplaced)         0.000     5.036    equalizer/g_pipelined.out_im_reg[0]_i_3_n_0
                         CARRY4 (Prop_carry4_CI_O[1])
                                                      0.269     5.305 f  equalizer/g_pipelined.out_im_reg[0]_i_2/O[1]
                         net (fo=2, unplaced)         0.251     5.556    equalizer_n_22
                         LUT1 (Prop_lut1_I0_O)        0.245     5.801 r  g_pipelined.out_im[4]_i_3/O
                         net (fo=1, unplaced)         0.258     6.059    g_pipelined.out_im[4]_i_3_n_0
                         CARRY4 (Prop_carry4_CYINIT_CO[3])
                                                      0.494     6.553 r  g_pipelined.out_im_reg[4]_i_2/CO[3]
                         net (fo=1, unplaced)         0.008     6.561    g_pipelined.out_im_reg[4]_i_2_n_0
                         CARRY4 (Prop_carry4_CI_CO[3])
                                                      0.100     6.661 r  g_pipelined.out_im_reg[8]_i_2/CO[3]
                         net (fo=1, unplaced)         0.000     6.661    g_pipelined.out_im_reg[8]_i_2_n_0
                         CARRY4 (Prop_carry4_CI_CO[3])
                                                      0.100     6.761 r  g_pipelined.out_im_reg[12]_i_2/CO[3]
                         net (fo=1, unplaced)         0.000     6.761    g_pipelined.out_im_reg[12]_i_2_n_0
                         CARRY4 (Prop_carry4_CI_O[1])
                                                      0.269     7.030 r  g_pipelined.out_im_reg[15]_i_2/O[1]
                         net (fo=3, unplaced)         0.490     7.520    equalizer/saturate_q151_inferred__2/i__carry_0[1]
                         LUT5 (Prop_lut5_I1_O)        0.245     7.765 r  equalizer/i__carry_i_4__8/O
                         net (fo=1, unplaced)         0.000     7.765    equalizer/i__carry_i_4__8_n_0
                         CARRY4 (Prop_carry4_S[0]_CO[1])
                                                      0.381     8.146 r  equalizer/saturate_q151_inferred__2/i__carry/CO[1]
                         net (fo=18, unplaced)        0.529     8.675    equalizer/saturate_q1510_in
                         LUT5 (Prop_lut5_I0_O)        0.277     8.952 r  equalizer/g_pipelined.out_im[2]_i_1/O
                         net (fo=1, unplaced)         0.000     8.952    equalizer/saturate_q15_return__0[2]
                         FDRE                                         r  equalizer/g_pipelined.out_im_reg[2]/D
  -------------------------------------------------------------------    -------------------

                         (clock clk rise edge)       10.000    10.000 r
                                                      0.000    10.000 r  clk (IN)
                         net (fo=379, unset)          0.748    10.748    equalizer/clk
                         FDRE                                         r  equalizer/g_pipelined.out_im_reg[2]/C
                         clock pessimism              0.000    10.748
                         clock uncertainty           -0.035    10.712
                         FDRE (Setup_fdre_C_D)       -0.032    10.680    equalizer/g_pipelined.out_im_reg[2]
  -------------------------------------------------------------------
                         required time                         10.680
                         arrival time                          -8.952
  -------------------------------------------------------------------
                         slack                                  1.728





Pulse Width Checks
--------------------------------------------------------------------------------------
Clock Name:         clk
Waveform(ns):       { 0.000 5.000 }
Period(ns):         10.000
Sources:            { clk }

Check Type        Corner  Lib Pin             Reference Pin  Required(ns)  Actual(ns)  Slack(ns)  Location  Pin
Min Period        n/a     DSP48E1/CLK         n/a            3.109         10.000      6.891                equalizer/g_pipelined.s1_ri_reg/CLK
Min Period        n/a     DSP48E1/CLK         n/a            3.109         10.000      6.891                equalizer/g_pipelined.s1_rr_reg/CLK
Min Period        n/a     RAMB18E1/CLKARDCLK  n/a            2.472         10.000      7.528                buffer_im_reg/CLKARDCLK
Min Period        n/a     RAMB18E1/CLKARDCLK  n/a            2.472         10.000      7.528                buffer_re_reg/CLKARDCLK
Min Period        n/a     RAMB18E1/CLKBWRCLK  n/a            2.170         10.000      7.830                buffer_im_reg/CLKBWRCLK
Min Period        n/a     RAMB18E1/CLKBWRCLK  n/a            2.170         10.000      7.830                buffer_re_reg/CLKBWRCLK
Min Period        n/a     DSP48E1/CLK         n/a            1.816         10.000      8.184                equalizer/g_pipelined.equalized_im_q29/CLK
Min Period        n/a     DSP48E1/CLK         n/a            1.816         10.000      8.184                equalizer/g_pipelined.equalized_re_q29/CLK
Min Period        n/a     FDRE/C              n/a            1.000         10.000      9.000                applied_coeff_im_reg[0]/C
Min Period        n/a     FDRE/C              n/a            1.000         10.000      9.000                applied_coeff_im_reg[10]/C
Low Pulse Width   Slow    RAMD64E/CLK         n/a            1.130         5.000       3.870                buffer_index_reg_0_63_0_2/RAMA/CLK
Low Pulse Width   Fast    RAMD64E/CLK         n/a            1.130         5.000       3.870                buffer_index_reg_0_63_0_2/RAMA/CLK
Low Pulse Width   Slow    RAMD64E/CLK         n/a            1.130         5.000       3.870                buffer_index_reg_0_63_0_2/RAMB/CLK
Low Pulse Width   Fast    RAMD64E/CLK         n/a            1.130         5.000       3.870                buffer_index_reg_0_63_0_2/RAMB/CLK
Low Pulse Width   Slow    RAMD64E/CLK         n/a            1.130         5.000       3.870                buffer_index_reg_0_63_0_2/RAMC/CLK
Low Pulse Width   Fast    RAMD64E/CLK         n/a            1.130         5.000       3.870                buffer_index_reg_0_63_0_2/RAMC/CLK
Low Pulse Width   Slow    RAMD64E/CLK         n/a            1.130         5.000       3.870                buffer_index_reg_0_63_0_2/RAMD/CLK
Low Pulse Width   Fast    RAMD64E/CLK         n/a            1.130         5.000       3.870                buffer_index_reg_0_63_0_2/RAMD/CLK
Low Pulse Width   Slow    RAMD64E/CLK         n/a            1.130         5.000       3.870                buffer_index_reg_0_63_3_5/RAMA/CLK
Low Pulse Width   Fast    RAMD64E/CLK         n/a            1.130         5.000       3.870                buffer_index_reg_0_63_3_5/RAMA/CLK
High Pulse Width  Slow    RAMD64E/CLK         n/a            1.130         5.000       3.870                buffer_index_reg_0_63_0_2/RAMA/CLK
High Pulse Width  Fast    RAMD64E/CLK         n/a            1.130         5.000       3.870                buffer_index_reg_0_63_0_2/RAMA/CLK
High Pulse Width  Slow    RAMD64E/CLK         n/a            1.130         5.000       3.870                buffer_index_reg_0_63_0_2/RAMB/CLK
High Pulse Width  Fast    RAMD64E/CLK         n/a            1.130         5.000       3.870                buffer_index_reg_0_63_0_2/RAMB/CLK
High Pulse Width  Slow    RAMD64E/CLK         n/a            1.130         5.000       3.870                buffer_index_reg_0_63_0_2/RAMC/CLK
High Pulse Width  Fast    RAMD64E/CLK         n/a            1.130         5.000       3.870                buffer_index_reg_0_63_0_2/RAMC/CLK
High Pulse Width  Slow    RAMD64E/CLK         n/a            1.130         5.000       3.870                buffer_index_reg_0_63_0_2/RAMD/CLK
High Pulse Width  Fast    RAMD64E/CLK         n/a            1.130         5.000       3.870                buffer_index_reg_0_63_0_2/RAMD/CLK
High Pulse Width  Slow    RAMD64E/CLK         n/a            1.130         5.000       3.870                buffer_index_reg_0_63_3_5/RAMA/CLK
High Pulse Width  Fast    RAMD64E/CLK         n/a            1.130         5.000       3.870                buffer_index_reg_0_63_3_5/RAMA/CLK
