Copyright 1986-2021 Xilinx, Inc. All Rights Reserved.
-------------------------------------------------------------------------------------------------------------------------------------------
| Tool Version : Vivado v.2021.1 (win64) Build 3247384 Thu Jun 10 19:36:33 MDT 2021
| Date         : normalized
| Host         : normalized
| Command      : report_drc -file <output_dir>/ofdm_tx_cp16_path_post_route_drc.rpt
| Design       : ofdm_tx_cp16_path
| Device       : xc7z020clg400-2
| Speed File   : -2
| Design State : Fully Routed
-------------------------------------------------------------------------------------------------------------------------------------------

Report DRC

Table of Contents
-----------------
1. REPORT SUMMARY
2. REPORT DETAILS

1. REPORT SUMMARY
-----------------
            Netlist: ofdm_tx_cp16_path
          Floorplan: design_1
      Design limits: <entire design considered>
           Ruledeck: default
             Max violations: <unlimited>
             Violations found: 14
+-----------+----------+------------------------+------------+
| Rule      | Severity | Description            | Violations |
+-----------+----------+------------------------+------------+
| DPIP-1    | Warning  | Input pipelining       | 8          |
| DPOP-1    | Warning  | PREG Output pipelining | 2          |
| DPOP-2    | Warning  | MREG Output pipelining | 2          |
| RTSTAT-10 | Warning  | No routable loads      | 1          |
| ZPS7-1    | Warning  | PS7 block required     | 1          |
+-----------+----------+------------------------+------------+

2. REPORT DETAILS
-----------------
DPIP-1#1 Warning
Input pipelining
DSP tx_core/ifft/butterfly/product_ri input tx_core/ifft/butterfly/product_ri/A[29:0] is not pipelined. Pipelining DSP48 input will improve performance.
Related violations: <none>

DPIP-1#2 Warning
Input pipelining
DSP tx_core/ifft/butterfly/product_ri input tx_core/ifft/butterfly/product_ri/B[17:0] is not pipelined. Pipelining DSP48 input will improve performance.
Related violations: <none>

DPIP-1#3 Warning
Input pipelining
DSP tx_core/ifft/butterfly/product_rr input tx_core/ifft/butterfly/product_rr/A[29:0] is not pipelined. Pipelining DSP48 input will improve performance.
Related violations: <none>

DPIP-1#4 Warning
Input pipelining
DSP tx_core/ifft/butterfly/product_rr input tx_core/ifft/butterfly/product_rr/B[17:0] is not pipelined. Pipelining DSP48 input will improve performance.
Related violations: <none>

DPIP-1#5 Warning
Input pipelining
DSP tx_core/ifft/butterfly/twiddle_imag_q30 input tx_core/ifft/butterfly/twiddle_imag_q30/A[29:0] is not pipelined. Pipelining DSP48 input will improve performance.
Related violations: <none>

DPIP-1#6 Warning
Input pipelining
DSP tx_core/ifft/butterfly/twiddle_imag_q30 input tx_core/ifft/butterfly/twiddle_imag_q30/B[17:0] is not pipelined. Pipelining DSP48 input will improve performance.
Related violations: <none>

DPIP-1#7 Warning
Input pipelining
DSP tx_core/ifft/butterfly/twiddle_real_q30 input tx_core/ifft/butterfly/twiddle_real_q30/A[29:0] is not pipelined. Pipelining DSP48 input will improve performance.
Related violations: <none>

DPIP-1#8 Warning
Input pipelining
DSP tx_core/ifft/butterfly/twiddle_real_q30 input tx_core/ifft/butterfly/twiddle_real_q30/B[17:0] is not pipelined. Pipelining DSP48 input will improve performance.
Related violations: <none>

DPOP-1#1 Warning
PREG Output pipelining
DSP tx_core/ifft/butterfly/twiddle_imag_q30 output tx_core/ifft/butterfly/twiddle_imag_q30/P[47:0] is not pipelined (PREG=0). Pipelining the DSP48 output will improve performance and often saves power so it is suggested whenever possible to fully pipeline this function.  If this DSP48 function was inferred, it is suggested to describe an additional register stage after this function.  If the DSP48 was instantiated in the design, it is suggested to set the PREG attribute to 1.
Related violations: <none>

DPOP-1#2 Warning
PREG Output pipelining
DSP tx_core/ifft/butterfly/twiddle_real_q30 output tx_core/ifft/butterfly/twiddle_real_q30/P[47:0] is not pipelined (PREG=0). Pipelining the DSP48 output will improve performance and often saves power so it is suggested whenever possible to fully pipeline this function.  If this DSP48 function was inferred, it is suggested to describe an additional register stage after this function.  If the DSP48 was instantiated in the design, it is suggested to set the PREG attribute to 1.
Related violations: <none>

DPOP-2#1 Warning
MREG Output pipelining
DSP tx_core/ifft/butterfly/twiddle_imag_q30 multiplier stage tx_core/ifft/butterfly/twiddle_imag_q30/P[47:0] is not pipelined (MREG=0). Pipelining the multiplier function will improve performance and will save significant power so it is suggested whenever possible to fully pipeline this function.  If this multiplier was inferred, it is suggested to describe an additional register stage after this function.  If there is no registered adder/accumulator following the multiply function, two pipeline stages are suggested to allow both the MREG and PREG registers to be used.  If the DSP48 was instantiated in the design, it is suggested to set both the MREG and PREG attributes to 1 when performing multiply functions.
Related violations: <none>

DPOP-2#2 Warning
MREG Output pipelining
DSP tx_core/ifft/butterfly/twiddle_real_q30 multiplier stage tx_core/ifft/butterfly/twiddle_real_q30/P[47:0] is not pipelined (MREG=0). Pipelining the multiplier function will improve performance and will save significant power so it is suggested whenever possible to fully pipeline this function.  If this multiplier was inferred, it is suggested to describe an additional register stage after this function.  If there is no registered adder/accumulator following the multiply function, two pipeline stages are suggested to allow both the MREG and PREG registers to be used.  If the DSP48 was instantiated in the design, it is suggested to set both the MREG and PREG attributes to 1 when performing multiply functions.
Related violations: <none>

RTSTAT-10#1 Warning
No routable loads
36 net(s) have no routable loads. The problem bus(es) and/or net(s) are cp16/sample_im_mem_reg_0_63_0_2/DOA, cp16/sample_im_mem_reg_0_63_12_14/DOA,
cp16/sample_im_mem_reg_0_63_12_14/DOB, cp16/sample_im_mem_reg_0_63_3_5/DOA,
cp16/sample_im_mem_reg_0_63_6_8/DOA, cp16/sample_im_mem_reg_0_63_9_11/DOA,
cp16/sample_re_mem_reg_0_63_0_2/DOA, cp16/sample_re_mem_reg_0_63_0_2/DOB,
cp16/sample_re_mem_reg_0_63_12_14/DOA,
cp16/sample_re_mem_reg_0_63_15_15/DOA, cp16/sample_re_mem_reg_0_63_3_5/DOA,
cp16/sample_re_mem_reg_0_63_3_5/DOB, cp16/sample_re_mem_reg_0_63_6_8/DOA,
cp16/sample_re_mem_reg_0_63_9_11/DOA, cp16/sample_re_mem_reg_0_63_9_11/DOB
 (the first 15 of 36 listed).
Related violations: <none>

ZPS7-1#1 Warning
PS7 block required
The PS7 cell must be used in this Zynq design in order to enable correct default configuration.
Related violations: <none>
