Copyright 1986-2021 Xilinx, Inc. All Rights Reserved.
------------------------------------------------------------------------------------------------------------------------------------------------------------------------------------------------
| Tool Version : Vivado v.2021.1 (win64) Build 3247384 Thu Jun 10 19:36:33 MDT 2021
| Date         : normalized
| Host         : normalized
| Command      : report_timing_summary -delay_type max -max_paths 10 -file <output_dir>/ofdm_axi_modem_post_synthesis_timing_summary.rpt
| Design       : ofdm_axi_modem
| Device       : 7z020-clg400
| Speed File   : -2  PRODUCTION 1.12 2019-11-22
------------------------------------------------------------------------------------------------------------------------------------------------------------------------------------------------

Timing Summary Report

------------------------------------------------------------------------------------------------
| Timer Settings
| --------------
------------------------------------------------------------------------------------------------

  Enable Multi Corner Analysis               :  Yes
  Enable Pessimism Removal                   :  Yes
  Pessimism Removal Resolution               :  Nearest Common Node
  Enable Input Delay Default Clock           :  No
  Enable Preset / Clear Arcs                 :  No
  Disable Flight Delays                      :  No
  Ignore I/O Paths                           :  No
  Timing Early Launch at Borrowing Latches   :  No
  Borrow Time for Max Delay Exceptions       :  Yes
  Merge Timing Exceptions                    :  Yes

  Corner  Analyze    Analyze
  Name    Max Paths  Min Paths
  ------  ---------  ---------
  Slow    Yes        Yes
  Fast    Yes        Yes


------------------------------------------------------------------------------------------------
| Report Methodology
| ------------------
------------------------------------------------------------------------------------------------

No report available as report_methodology has not been run prior. Run report_methodology on the current design for the summary of methodology violations.



check_timing report

Table of Contents
-----------------
1. checking no_clock (0)
2. checking constant_clock (0)
3. checking pulse_width_clock (0)
4. checking unconstrained_internal_endpoints (0)
5. checking no_input_delay (0)
6. checking no_output_delay (0)
7. checking multiple_clock (0)
8. checking generated_clocks (0)
9. checking loops (0)
10. checking partial_input_delay (0)
11. checking partial_output_delay (0)
12. checking latch_loops (0)

1. checking no_clock (0)
------------------------
 There are 0 register/latch pins with no clock.


2. checking constant_clock (0)
------------------------------
 There are 0 register/latch pins with constant_clock.


3. checking pulse_width_clock (0)
---------------------------------
 There are 0 register/latch pins which need pulse_width check


4. checking unconstrained_internal_endpoints (0)
------------------------------------------------
 There are 0 pins that are not constrained for maximum delay.

 There are 0 pins that are not constrained for maximum delay due to constant clock.


5. checking no_input_delay (0)
------------------------------
 There are 0 input ports with no input delay specified.

 There are 0 input ports with no input delay but user has a false path constraint.


6. checking no_output_delay (0)
-------------------------------
 There are 0 ports with no output delay specified.

 There are 0 ports with no output delay but user has a false path constraint

 There are 0 ports with no output delay but with a timing clock defined on it or propagating through it


7. checking multiple_clock (0)
------------------------------
 There are 0 register/latch pins with multiple clocks.


8. checking generated_clocks (0)
--------------------------------
 There are 0 generated clocks that are not connected to a clock source.


9. checking loops (0)
---------------------
 There are 0 combinational loops in the design.


10. checking partial_input_delay (0)
------------------------------------
 There are 0 input ports with partial input delay specified.


11. checking partial_output_delay (0)
-------------------------------------
 There are 0 ports with partial output delay specified.


12. checking latch_loops (0)
----------------------------
 There are 0 combinational latch loops in the design through latch input



------------------------------------------------------------------------------------------------
| Design Timing Summary
| ---------------------
------------------------------------------------------------------------------------------------

    WNS(ns)      TNS(ns)  TNS Failing Endpoints  TNS Total Endpoints     WPWS(ns)     TPWS(ns)  TPWS Failing Endpoints  TPWS Total Endpoints
    -------      -------  ---------------------  -------------------     --------     --------  ----------------------  --------------------
      1.694        0.000                      0                15650        3.870        0.000                       0                  6044


All user specified timing constraints are met.


------------------------------------------------------------------------------------------------
| Clock Summary
| -------------
------------------------------------------------------------------------------------------------

Clock  Waveform(ns)       Period(ns)      Frequency(MHz)
-----  ------------       ----------      --------------
clk    {0.000 5.000}      10.000          100.000


------------------------------------------------------------------------------------------------
| Intra Clock Table
| -----------------
------------------------------------------------------------------------------------------------

Clock             WNS(ns)      TNS(ns)  TNS Failing Endpoints  TNS Total Endpoints     WPWS(ns)     TPWS(ns)  TPWS Failing Endpoints  TPWS Total Endpoints
-----             -------      -------  ---------------------  -------------------     --------     --------  ----------------------  --------------------
clk                 1.694        0.000                      0                15650        3.870        0.000                       0                  6044


------------------------------------------------------------------------------------------------
| Inter Clock Table
| -----------------
------------------------------------------------------------------------------------------------

From Clock    To Clock          WNS(ns)      TNS(ns)  TNS Failing Endpoints  TNS Total Endpoints
----------    --------          -------      -------  ---------------------  -------------------


------------------------------------------------------------------------------------------------
| Other Path Groups Table
| -----------------------
------------------------------------------------------------------------------------------------

Path Group    From Clock    To Clock          WNS(ns)      TNS(ns)  TNS Failing Endpoints  TNS Total Endpoints
----------    ----------    --------          -------      -------  ---------------------  -------------------


------------------------------------------------------------------------------------------------
| Timing Details
| --------------
------------------------------------------------------------------------------------------------


---------------------------------------------------------------------------------------------------
From Clock:  clk
  To Clock:  clk

Setup :            0  Failing Endpoints,  Worst Slack        1.694ns,  Total Violation        0.000ns
Hold  :           NA  Failing Endpoints,  Worst Slack           NA  ,  Total Violation           NA
PW    :            0  Failing Endpoints,  Worst Slack        3.870ns,  Total Violation        0.000ns
---------------------------------------------------------------------------------------------------


Max Delay Paths
--------------------------------------------------------------------------------------
Slack (MET) :             1.694ns  (required time - arrival time)
  Source:                 u_correct/equalizer/g_pipelined.s1_rr_reg/CLK
                            (rising edge-triggered cell DSP48E1 clocked by clk  {rise@0.000ns fall@5.000ns period=10.000ns})
  Destination:            u_correct/equalizer/g_pipelined.saturation_pending_reg[0]/D
                            (rising edge-triggered cell FDRE clocked by clk  {rise@0.000ns fall@5.000ns period=10.000ns})
  Path Group:             clk
  Path Type:              Setup (Max at Slow Process Corner)
  Requirement:            10.000ns  (clk rise@10.000ns - clk rise@0.000ns)
  Data Path Delay:        8.199ns  (logic 5.072ns (61.860%)  route 3.127ns (38.140%))
  Logic Levels:           14  (CARRY4=9 DSP48E1=1 LUT1=2 LUT5=1 LUT6=1)
  Clock Path Skew:        -0.039ns (DCD - SCD + CPR)
    Destination Clock Delay (DCD):    0.748ns = ( 10.748 - 10.000 )
    Source Clock Delay      (SCD):    0.787ns
    Clock Pessimism Removal (CPR):    0.000ns
  Clock Uncertainty:      0.035ns  ((TSJ^2 + TIJ^2)^1/2 + DJ) / 2 + PE
    Total System Jitter     (TSJ):    0.071ns
    Total Input Jitter      (TIJ):    0.000ns
    Discrete Jitter          (DJ):    0.000ns
    Phase Error              (PE):    0.000ns

    Location             Delay type                Incr(ns)  Path(ns)    Netlist Resource(s)
  -------------------------------------------------------------------    -------------------
                         (clock clk rise edge)        0.000     0.000 r
                                                      0.000     0.000 r  aclk (IN)
                         net (fo=6043, unset)         0.787     0.787    u_correct/equalizer/aclk
                         DSP48E1                                      r  u_correct/equalizer/g_pipelined.s1_rr_reg/CLK
  -------------------------------------------------------------------    -------------------
                         DSP48E1 (Prop_dsp48e1_CLK_P[31])
                                                      0.370     1.157 r  u_correct/equalizer/g_pipelined.s1_rr_reg/P[31]
                         net (fo=2, unplaced)         0.646     1.803    u_correct/equalizer/g_pipelined.s1_rr_reg_n_74
                         DSP48E1 (Prop_dsp48e1_C[32]_P[0])
                                                      1.523     3.326 f  u_correct/equalizer/g_pipelined.equalized_re_q29/P[0]
                         net (fo=1, unplaced)         0.646     3.971    u_correct/equalizer/g_pipelined.equalized_re_q29_n_105
                         LUT1 (Prop_lut1_I0_O)        0.105     4.076 r  u_correct/equalizer/g_pipelined.out_re[15]_i_65/O
                         net (fo=1, unplaced)         0.258     4.334    u_correct/equalizer/g_pipelined.out_re[15]_i_65_n_0
                         CARRY4 (Prop_carry4_CYINIT_CO[3])
                                                      0.494     4.828 r  u_correct/equalizer/g_pipelined.out_re_reg[15]_i_60/CO[3]
                         net (fo=1, unplaced)         0.008     4.836    u_correct/equalizer/g_pipelined.out_re_reg[15]_i_60_n_0
                         CARRY4 (Prop_carry4_CI_CO[3])
                                                      0.100     4.936 r  u_correct/equalizer/g_pipelined.out_re_reg[15]_i_55/CO[3]
                         net (fo=1, unplaced)         0.000     4.936    u_correct/equalizer/g_pipelined.out_re_reg[15]_i_55_n_0
                         CARRY4 (Prop_carry4_CI_CO[3])
                                                      0.100     5.036 r  u_correct/equalizer/g_pipelined.out_re_reg[15]_i_50/CO[3]
                         net (fo=1, unplaced)         0.000     5.036    u_correct/equalizer/g_pipelined.out_re_reg[15]_i_50_n_0
                         CARRY4 (Prop_carry4_CI_O[1])
                                                      0.269     5.305 f  u_correct/equalizer/g_pipelined.out_re_reg[15]_i_44/O[1]
                         net (fo=1, unplaced)         0.240     5.545    u_correct/equalizer/round_q29_to_q15_wide2[14]
                         LUT1 (Prop_lut1_I0_O)        0.245     5.790 r  u_correct/equalizer/g_pipelined.out_re[15]_i_33/O
                         net (fo=1, unplaced)         0.258     6.048    u_correct/equalizer/g_pipelined.out_re[15]_i_33_n_0
                         CARRY4 (Prop_carry4_CYINIT_CO[3])
                                                      0.494     6.542 r  u_correct/equalizer/g_pipelined.out_re_reg[15]_i_19/CO[3]
                         net (fo=1, unplaced)         0.008     6.550    u_correct/equalizer/g_pipelined.out_re_reg[15]_i_19_n_0
                         CARRY4 (Prop_carry4_CI_CO[3])
                                                      0.100     6.650 r  u_correct/equalizer/g_pipelined.out_re_reg[15]_i_11/CO[3]
                         net (fo=1, unplaced)         0.000     6.650    u_correct/equalizer/g_pipelined.out_re_reg[15]_i_11_n_0
                         CARRY4 (Prop_carry4_CI_CO[3])
                                                      0.100     6.750 r  u_correct/equalizer/g_pipelined.out_re_reg[15]_i_5/CO[3]
                         net (fo=1, unplaced)         0.000     6.750    u_correct/equalizer/g_pipelined.out_re_reg[15]_i_5_n_0
                         CARRY4 (Prop_carry4_CI_O[1])
                                                      0.269     7.019 r  u_correct/equalizer/g_pipelined.out_re_reg[15]_i_3/O[1]
                         net (fo=2, unplaced)         0.483     7.502    u_correct/equalizer/round_q29_to_q15_wide0[14]
                         LUT5 (Prop_lut5_I1_O)        0.245     7.747 r  u_correct/equalizer/i__carry_i_4__0/O
                         net (fo=1, unplaced)         0.000     7.747    u_correct/equalizer/i__carry_i_4__0_n_0
                         CARRY4 (Prop_carry4_S[0]_CO[1])
                                                      0.381     8.128 r  u_correct/equalizer/saturate_q151_inferred__0/i__carry/CO[1]
                         net (fo=3, unplaced)         0.581     8.709    u_correct/equalizer/saturate_q1512_in
                         LUT6 (Prop_lut6_I0_O)        0.277     8.986 r  u_correct/equalizer/g_pipelined.saturation_pending[0]_i_1/O
                         net (fo=1, unplaced)         0.000     8.986    u_correct/equalizer/g_pipelined.saturation_pending[0]_i_1_n_0
                         FDRE                                         r  u_correct/equalizer/g_pipelined.saturation_pending_reg[0]/D
  -------------------------------------------------------------------    -------------------

                         (clock clk rise edge)       10.000    10.000 r
                                                      0.000    10.000 r  aclk (IN)
                         net (fo=6043, unset)         0.748    10.748    u_correct/equalizer/aclk
                         FDRE                                         r  u_correct/equalizer/g_pipelined.saturation_pending_reg[0]/C
                         clock pessimism              0.000    10.748
                         clock uncertainty           -0.035    10.712
                         FDRE (Setup_fdre_C_D)       -0.032    10.680    u_correct/equalizer/g_pipelined.saturation_pending_reg[0]
  -------------------------------------------------------------------
                         required time                         10.680
                         arrival time                          -8.986
  -------------------------------------------------------------------
                         slack                                  1.694

Slack (MET) :             1.694ns  (required time - arrival time)
  Source:                 u_correct/equalizer/g_pipelined.s1_rr_reg/CLK
                            (rising edge-triggered cell DSP48E1 clocked by clk  {rise@0.000ns fall@5.000ns period=10.000ns})
  Destination:            u_correct/equalizer/g_pipelined.saturation_pending_reg[1]/D
                            (rising edge-triggered cell FDRE clocked by clk  {rise@0.000ns fall@5.000ns period=10.000ns})
  Path Group:             clk
  Path Type:              Setup (Max at Slow Process Corner)
  Requirement:            10.000ns  (clk rise@10.000ns - clk rise@0.000ns)
  Data Path Delay:        8.199ns  (logic 5.072ns (61.860%)  route 3.127ns (38.140%))
  Logic Levels:           14  (CARRY4=9 DSP48E1=1 LUT1=2 LUT5=1 LUT6=1)
  Clock Path Skew:        -0.039ns (DCD - SCD + CPR)
    Destination Clock Delay (DCD):    0.748ns = ( 10.748 - 10.000 )
    Source Clock Delay      (SCD):    0.787ns
    Clock Pessimism Removal (CPR):    0.000ns
  Clock Uncertainty:      0.035ns  ((TSJ^2 + TIJ^2)^1/2 + DJ) / 2 + PE
    Total System Jitter     (TSJ):    0.071ns
    Total Input Jitter      (TIJ):    0.000ns
    Discrete Jitter          (DJ):    0.000ns
    Phase Error              (PE):    0.000ns

    Location             Delay type                Incr(ns)  Path(ns)    Netlist Resource(s)
  -------------------------------------------------------------------    -------------------
                         (clock clk rise edge)        0.000     0.000 r
                                                      0.000     0.000 r  aclk (IN)
                         net (fo=6043, unset)         0.787     0.787    u_correct/equalizer/aclk
                         DSP48E1                                      r  u_correct/equalizer/g_pipelined.s1_rr_reg/CLK
  -------------------------------------------------------------------    -------------------
                         DSP48E1 (Prop_dsp48e1_CLK_P[31])
                                                      0.370     1.157 r  u_correct/equalizer/g_pipelined.s1_rr_reg/P[31]
                         net (fo=2, unplaced)         0.646     1.803    u_correct/equalizer/g_pipelined.s1_rr_reg_n_74
                         DSP48E1 (Prop_dsp48e1_C[32]_P[0])
                                                      1.523     3.326 f  u_correct/equalizer/g_pipelined.equalized_re_q29/P[0]
                         net (fo=1, unplaced)         0.646     3.971    u_correct/equalizer/g_pipelined.equalized_re_q29_n_105
                         LUT1 (Prop_lut1_I0_O)        0.105     4.076 r  u_correct/equalizer/g_pipelined.out_re[15]_i_65/O
                         net (fo=1, unplaced)         0.258     4.334    u_correct/equalizer/g_pipelined.out_re[15]_i_65_n_0
                         CARRY4 (Prop_carry4_CYINIT_CO[3])
                                                      0.494     4.828 r  u_correct/equalizer/g_pipelined.out_re_reg[15]_i_60/CO[3]
                         net (fo=1, unplaced)         0.008     4.836    u_correct/equalizer/g_pipelined.out_re_reg[15]_i_60_n_0
                         CARRY4 (Prop_carry4_CI_CO[3])
                                                      0.100     4.936 r  u_correct/equalizer/g_pipelined.out_re_reg[15]_i_55/CO[3]
                         net (fo=1, unplaced)         0.000     4.936    u_correct/equalizer/g_pipelined.out_re_reg[15]_i_55_n_0
                         CARRY4 (Prop_carry4_CI_CO[3])
                                                      0.100     5.036 r  u_correct/equalizer/g_pipelined.out_re_reg[15]_i_50/CO[3]
                         net (fo=1, unplaced)         0.000     5.036    u_correct/equalizer/g_pipelined.out_re_reg[15]_i_50_n_0
                         CARRY4 (Prop_carry4_CI_O[1])
                                                      0.269     5.305 f  u_correct/equalizer/g_pipelined.out_re_reg[15]_i_44/O[1]
                         net (fo=1, unplaced)         0.240     5.545    u_correct/equalizer/round_q29_to_q15_wide2[14]
                         LUT1 (Prop_lut1_I0_O)        0.245     5.790 r  u_correct/equalizer/g_pipelined.out_re[15]_i_33/O
                         net (fo=1, unplaced)         0.258     6.048    u_correct/equalizer/g_pipelined.out_re[15]_i_33_n_0
                         CARRY4 (Prop_carry4_CYINIT_CO[3])
                                                      0.494     6.542 r  u_correct/equalizer/g_pipelined.out_re_reg[15]_i_19/CO[3]
                         net (fo=1, unplaced)         0.008     6.550    u_correct/equalizer/g_pipelined.out_re_reg[15]_i_19_n_0
                         CARRY4 (Prop_carry4_CI_CO[3])
                                                      0.100     6.650 r  u_correct/equalizer/g_pipelined.out_re_reg[15]_i_11/CO[3]
                         net (fo=1, unplaced)         0.000     6.650    u_correct/equalizer/g_pipelined.out_re_reg[15]_i_11_n_0
                         CARRY4 (Prop_carry4_CI_CO[3])
                                                      0.100     6.750 r  u_correct/equalizer/g_pipelined.out_re_reg[15]_i_5/CO[3]
                         net (fo=1, unplaced)         0.000     6.750    u_correct/equalizer/g_pipelined.out_re_reg[15]_i_5_n_0
                         CARRY4 (Prop_carry4_CI_O[1])
                                                      0.269     7.019 r  u_correct/equalizer/g_pipelined.out_re_reg[15]_i_3/O[1]
                         net (fo=2, unplaced)         0.483     7.502    u_correct/equalizer/round_q29_to_q15_wide0[14]
                         LUT5 (Prop_lut5_I1_O)        0.245     7.747 r  u_correct/equalizer/i__carry_i_4__0/O
                         net (fo=1, unplaced)         0.000     7.747    u_correct/equalizer/i__carry_i_4__0_n_0
                         CARRY4 (Prop_carry4_S[0]_CO[1])
                                                      0.381     8.128 r  u_correct/equalizer/saturate_q151_inferred__0/i__carry/CO[1]
                         net (fo=3, unplaced)         0.581     8.709    u_correct/equalizer/saturate_q1512_in
                         LUT6 (Prop_lut6_I0_O)        0.277     8.986 r  u_correct/equalizer/g_pipelined.saturation_pending[1]_i_1/O
                         net (fo=1, unplaced)         0.000     8.986    u_correct/equalizer/g_pipelined.saturation_pending[1]_i_1_n_0
                         FDRE                                         r  u_correct/equalizer/g_pipelined.saturation_pending_reg[1]/D
  -------------------------------------------------------------------    -------------------

                         (clock clk rise edge)       10.000    10.000 r
                                                      0.000    10.000 r  aclk (IN)
                         net (fo=6043, unset)         0.748    10.748    u_correct/equalizer/aclk
                         FDRE                                         r  u_correct/equalizer/g_pipelined.saturation_pending_reg[1]/C
                         clock pessimism              0.000    10.748
                         clock uncertainty           -0.035    10.712
                         FDRE (Setup_fdre_C_D)       -0.032    10.680    u_correct/equalizer/g_pipelined.saturation_pending_reg[1]
  -------------------------------------------------------------------
                         required time                         10.680
                         arrival time                          -8.986
  -------------------------------------------------------------------
                         slack                                  1.694

Slack (MET) :             1.849ns  (required time - arrival time)
  Source:                 u_correct/equalizer/g_pipelined.s1_ri_reg/CLK
                            (rising edge-triggered cell DSP48E1 clocked by clk  {rise@0.000ns fall@5.000ns period=10.000ns})
  Destination:            u_correct/equalizer/g_pipelined.out_im_reg[15]/D
                            (rising edge-triggered cell FDRE clocked by clk  {rise@0.000ns fall@5.000ns period=10.000ns})
  Path Group:             clk
  Path Type:              Setup (Max at Slow Process Corner)
  Requirement:            10.000ns  (clk rise@10.000ns - clk rise@0.000ns)
  Data Path Delay:        8.044ns  (logic 5.141ns (63.910%)  route 2.903ns (36.090%))
  Logic Levels:           14  (CARRY4=9 DSP48E1=1 LUT1=2 LUT5=1 LUT6=1)
  Clock Path Skew:        -0.039ns (DCD - SCD + CPR)
    Destination Clock Delay (DCD):    0.748ns = ( 10.748 - 10.000 )
    Source Clock Delay      (SCD):    0.787ns
    Clock Pessimism Removal (CPR):    0.000ns
  Clock Uncertainty:      0.035ns  ((TSJ^2 + TIJ^2)^1/2 + DJ) / 2 + PE
    Total System Jitter     (TSJ):    0.071ns
    Total Input Jitter      (TIJ):    0.000ns
    Discrete Jitter          (DJ):    0.000ns
    Phase Error              (PE):    0.000ns

    Location             Delay type                Incr(ns)  Path(ns)    Netlist Resource(s)
  -------------------------------------------------------------------    -------------------
                         (clock clk rise edge)        0.000     0.000 r
                                                      0.000     0.000 r  aclk (IN)
                         net (fo=6043, unset)         0.787     0.787    u_correct/equalizer/aclk
                         DSP48E1                                      r  u_correct/equalizer/g_pipelined.s1_ri_reg/CLK
  -------------------------------------------------------------------    -------------------
                         DSP48E1 (Prop_dsp48e1_CLK_P[31])
                                                      0.370     1.157 r  u_correct/equalizer/g_pipelined.s1_ri_reg/P[31]
                         net (fo=2, unplaced)         0.646     1.803    u_correct/equalizer/g_pipelined.s1_ri_reg_n_74
                         DSP48E1 (Prop_dsp48e1_C[32]_P[0])
                                                      1.523     3.326 f  u_correct/equalizer/g_pipelined.equalized_im_q29/P[0]
                         net (fo=1, unplaced)         0.646     3.971    u_correct/equalizer/g_pipelined.equalized_im_q29_n_105
                         LUT1 (Prop_lut1_I0_O)        0.105     4.076 r  u_correct/equalizer/g_pipelined.out_im[15]_i_64/O
                         net (fo=1, unplaced)         0.258     4.334    u_correct/equalizer/g_pipelined.out_im[15]_i_64_n_0
                         CARRY4 (Prop_carry4_CYINIT_CO[3])
                                                      0.494     4.828 r  u_correct/equalizer/g_pipelined.out_im_reg[15]_i_59/CO[3]
                         net (fo=1, unplaced)         0.008     4.836    u_correct/equalizer/g_pipelined.out_im_reg[15]_i_59_n_0
                         CARRY4 (Prop_carry4_CI_CO[3])
                                                      0.100     4.936 r  u_correct/equalizer/g_pipelined.out_im_reg[15]_i_54/CO[3]
                         net (fo=1, unplaced)         0.000     4.936    u_correct/equalizer/g_pipelined.out_im_reg[15]_i_54_n_0
                         CARRY4 (Prop_carry4_CI_CO[3])
                                                      0.100     5.036 r  u_correct/equalizer/g_pipelined.out_im_reg[15]_i_49/CO[3]
                         net (fo=1, unplaced)         0.000     5.036    u_correct/equalizer/g_pipelined.out_im_reg[15]_i_49_n_0
                         CARRY4 (Prop_carry4_CI_O[1])
                                                      0.269     5.305 f  u_correct/equalizer/g_pipelined.out_im_reg[15]_i_43/O[1]
                         net (fo=1, unplaced)         0.240     5.545    u_correct/equalizer/g_pipelined.out_im_reg[15]_i_43_n_6
                         LUT1 (Prop_lut1_I0_O)        0.245     5.790 r  u_correct/equalizer/g_pipelined.out_im[15]_i_32/O
                         net (fo=1, unplaced)         0.258     6.048    u_correct/equalizer/g_pipelined.out_im[15]_i_32_n_0
                         CARRY4 (Prop_carry4_CYINIT_CO[3])
                                                      0.494     6.542 r  u_correct/equalizer/g_pipelined.out_im_reg[15]_i_18/CO[3]
                         net (fo=1, unplaced)         0.008     6.550    u_correct/equalizer/g_pipelined.out_im_reg[15]_i_18_n_0
                         CARRY4 (Prop_carry4_CI_CO[3])
                                                      0.100     6.650 r  u_correct/equalizer/g_pipelined.out_im_reg[15]_i_10/CO[3]
                         net (fo=1, unplaced)         0.000     6.650    u_correct/equalizer/g_pipelined.out_im_reg[15]_i_10_n_0
                         CARRY4 (Prop_carry4_CI_CO[3])
                                                      0.100     6.750 r  u_correct/equalizer/g_pipelined.out_im_reg[15]_i_4/CO[3]
                         net (fo=1, unplaced)         0.000     6.750    u_correct/equalizer/g_pipelined.out_im_reg[15]_i_4_n_0
                         CARRY4 (Prop_carry4_CI_O[3])
                                                      0.277     7.027 f  u_correct/equalizer/g_pipelined.out_im_reg[15]_i_2/O[3]
                         net (fo=4, unplaced)         0.350     7.377    u_correct/equalizer/g_pipelined.out_im_reg[15]_i_2_n_4
                         LUT5 (Prop_lut5_I4_O)        0.271     7.648 r  u_correct/equalizer/i__carry_i_1__4/O
                         net (fo=1, unplaced)         0.000     7.648    u_correct/equalizer/i__carry_i_1__4_n_0
                         CARRY4 (Prop_carry4_DI[1]_CO[1])
                                                      0.416     8.064 r  u_correct/equalizer/saturate_q151_inferred__1/i__carry/CO[1]
                         net (fo=3, unplaced)         0.490     8.554    u_correct/equalizer/saturate_q151
                         LUT6 (Prop_lut6_I3_O)        0.277     8.831 r  u_correct/equalizer/g_pipelined.out_im[15]_i_1/O
                         net (fo=1, unplaced)         0.000     8.831    u_correct/equalizer/g_pipelined.out_im[15]_i_1_n_0
                         FDRE                                         r  u_correct/equalizer/g_pipelined.out_im_reg[15]/D
  -------------------------------------------------------------------    -------------------

                         (clock clk rise edge)       10.000    10.000 r
                                                      0.000    10.000 r  aclk (IN)
                         net (fo=6043, unset)         0.748    10.748    u_correct/equalizer/aclk
                         FDRE                                         r  u_correct/equalizer/g_pipelined.out_im_reg[15]/C
                         clock pessimism              0.000    10.748
                         clock uncertainty           -0.035    10.712
                         FDRE (Setup_fdre_C_D)       -0.032    10.680    u_correct/equalizer/g_pipelined.out_im_reg[15]
  -------------------------------------------------------------------
                         required time                         10.680
                         arrival time                          -8.831
  -------------------------------------------------------------------
                         slack                                  1.849

Slack (MET) :             1.849ns  (required time - arrival time)
  Source:                 u_correct/equalizer/g_pipelined.s1_rr_reg/CLK
                            (rising edge-triggered cell DSP48E1 clocked by clk  {rise@0.000ns fall@5.000ns period=10.000ns})
  Destination:            u_correct/equalizer/g_pipelined.out_re_reg[15]/D
                            (rising edge-triggered cell FDRE clocked by clk  {rise@0.000ns fall@5.000ns period=10.000ns})
  Path Group:             clk
  Path Type:              Setup (Max at Slow Process Corner)
  Requirement:            10.000ns  (clk rise@10.000ns - clk rise@0.000ns)
  Data Path Delay:        8.044ns  (logic 5.141ns (63.910%)  route 2.903ns (36.090%))
  Logic Levels:           14  (CARRY4=9 DSP48E1=1 LUT1=2 LUT5=1 LUT6=1)
  Clock Path Skew:        -0.039ns (DCD - SCD + CPR)
    Destination Clock Delay (DCD):    0.748ns = ( 10.748 - 10.000 )
    Source Clock Delay      (SCD):    0.787ns
    Clock Pessimism Removal (CPR):    0.000ns
  Clock Uncertainty:      0.035ns  ((TSJ^2 + TIJ^2)^1/2 + DJ) / 2 + PE
    Total System Jitter     (TSJ):    0.071ns
    Total Input Jitter      (TIJ):    0.000ns
    Discrete Jitter          (DJ):    0.000ns
    Phase Error              (PE):    0.000ns

    Location             Delay type                Incr(ns)  Path(ns)    Netlist Resource(s)
  -------------------------------------------------------------------    -------------------
                         (clock clk rise edge)        0.000     0.000 r
                                                      0.000     0.000 r  aclk (IN)
                         net (fo=6043, unset)         0.787     0.787    u_correct/equalizer/aclk
                         DSP48E1                                      r  u_correct/equalizer/g_pipelined.s1_rr_reg/CLK
  -------------------------------------------------------------------    -------------------
                         DSP48E1 (Prop_dsp48e1_CLK_P[31])
                                                      0.370     1.157 r  u_correct/equalizer/g_pipelined.s1_rr_reg/P[31]
                         net (fo=2, unplaced)         0.646     1.803    u_correct/equalizer/g_pipelined.s1_rr_reg_n_74
                         DSP48E1 (Prop_dsp48e1_C[32]_P[0])
                                                      1.523     3.326 f  u_correct/equalizer/g_pipelined.equalized_re_q29/P[0]
                         net (fo=1, unplaced)         0.646     3.971    u_correct/equalizer/g_pipelined.equalized_re_q29_n_105
                         LUT1 (Prop_lut1_I0_O)        0.105     4.076 r  u_correct/equalizer/g_pipelined.out_re[15]_i_65/O
                         net (fo=1, unplaced)         0.258     4.334    u_correct/equalizer/g_pipelined.out_re[15]_i_65_n_0
                         CARRY4 (Prop_carry4_CYINIT_CO[3])
                                                      0.494     4.828 r  u_correct/equalizer/g_pipelined.out_re_reg[15]_i_60/CO[3]
                         net (fo=1, unplaced)         0.008     4.836    u_correct/equalizer/g_pipelined.out_re_reg[15]_i_60_n_0
                         CARRY4 (Prop_carry4_CI_CO[3])
                                                      0.100     4.936 r  u_correct/equalizer/g_pipelined.out_re_reg[15]_i_55/CO[3]
                         net (fo=1, unplaced)         0.000     4.936    u_correct/equalizer/g_pipelined.out_re_reg[15]_i_55_n_0
                         CARRY4 (Prop_carry4_CI_CO[3])
                                                      0.100     5.036 r  u_correct/equalizer/g_pipelined.out_re_reg[15]_i_50/CO[3]
                         net (fo=1, unplaced)         0.000     5.036    u_correct/equalizer/g_pipelined.out_re_reg[15]_i_50_n_0
                         CARRY4 (Prop_carry4_CI_O[1])
                                                      0.269     5.305 f  u_correct/equalizer/g_pipelined.out_re_reg[15]_i_44/O[1]
                         net (fo=1, unplaced)         0.240     5.545    u_correct/equalizer/round_q29_to_q15_wide2[14]
                         LUT1 (Prop_lut1_I0_O)        0.245     5.790 r  u_correct/equalizer/g_pipelined.out_re[15]_i_33/O
                         net (fo=1, unplaced)         0.258     6.048    u_correct/equalizer/g_pipelined.out_re[15]_i_33_n_0
                         CARRY4 (Prop_carry4_CYINIT_CO[3])
                                                      0.494     6.542 r  u_correct/equalizer/g_pipelined.out_re_reg[15]_i_19/CO[3]
                         net (fo=1, unplaced)         0.008     6.550    u_correct/equalizer/g_pipelined.out_re_reg[15]_i_19_n_0
                         CARRY4 (Prop_carry4_CI_CO[3])
                                                      0.100     6.650 r  u_correct/equalizer/g_pipelined.out_re_reg[15]_i_11/CO[3]
                         net (fo=1, unplaced)         0.000     6.650    u_correct/equalizer/g_pipelined.out_re_reg[15]_i_11_n_0
                         CARRY4 (Prop_carry4_CI_CO[3])
                                                      0.100     6.750 r  u_correct/equalizer/g_pipelined.out_re_reg[15]_i_5/CO[3]
                         net (fo=1, unplaced)         0.000     6.750    u_correct/equalizer/g_pipelined.out_re_reg[15]_i_5_n_0
                         CARRY4 (Prop_carry4_CI_O[3])
                                                      0.277     7.027 f  u_correct/equalizer/g_pipelined.out_re_reg[15]_i_3/O[3]
                         net (fo=4, unplaced)         0.350     7.377    u_correct/equalizer/round_q29_to_q15_wide0[16]
                         LUT5 (Prop_lut5_I4_O)        0.271     7.648 r  u_correct/equalizer/saturate_q151_carry_i_1__1/O
                         net (fo=1, unplaced)         0.000     7.648    u_correct/equalizer/saturate_q151_carry_i_1__1_n_0
                         CARRY4 (Prop_carry4_DI[1]_CO[1])
                                                      0.416     8.064 r  u_correct/equalizer/saturate_q151_carry/CO[1]
                         net (fo=3, unplaced)         0.490     8.554    u_correct/equalizer/saturate_q1511_in
                         LUT6 (Prop_lut6_I3_O)        0.277     8.831 r  u_correct/equalizer/g_pipelined.out_re[15]_i_2/O
                         net (fo=1, unplaced)         0.000     8.831    u_correct/equalizer/g_pipelined.out_re[15]_i_2_n_0
                         FDRE                                         r  u_correct/equalizer/g_pipelined.out_re_reg[15]/D
  -------------------------------------------------------------------    -------------------

                         (clock clk rise edge)       10.000    10.000 r
                                                      0.000    10.000 r  aclk (IN)
                         net (fo=6043, unset)         0.748    10.748    u_correct/equalizer/aclk
                         FDRE                                         r  u_correct/equalizer/g_pipelined.out_re_reg[15]/C
                         clock pessimism              0.000    10.748
                         clock uncertainty           -0.035    10.712
                         FDRE (Setup_fdre_C_D)       -0.032    10.680    u_correct/equalizer/g_pipelined.out_re_reg[15]
  -------------------------------------------------------------------
                         required time                         10.680
                         arrival time                          -8.831
  -------------------------------------------------------------------
                         slack                                  1.849

Slack (MET) :             2.496ns  (required time - arrival time)
  Source:                 u_fft/normalized_ifft/butterfly/g_pipelined.s2_a_im_reg[1]/C
                            (rising edge-triggered cell FDRE clocked by clk  {rise@0.000ns fall@5.000ns period=10.000ns})
  Destination:            u_fft/normalized_ifft/butterfly/saturation_count_reg[0]/D
                            (rising edge-triggered cell FDRE clocked by clk  {rise@0.000ns fall@5.000ns period=10.000ns})
  Path Group:             clk
  Path Type:              Setup (Max at Slow Process Corner)
  Requirement:            10.000ns  (clk rise@10.000ns - clk rise@0.000ns)
  Data Path Delay:        7.397ns  (logic 4.109ns (55.550%)  route 3.288ns (44.450%))
  Logic Levels:           13  (CARRY4=7 LUT1=2 LUT2=1 LUT5=2 LUT6=1)
  Clock Path Skew:        -0.039ns (DCD - SCD + CPR)
    Destination Clock Delay (DCD):    0.748ns = ( 10.748 - 10.000 )
    Source Clock Delay      (SCD):    0.787ns
    Clock Pessimism Removal (CPR):    0.000ns
  Clock Uncertainty:      0.035ns  ((TSJ^2 + TIJ^2)^1/2 + DJ) / 2 + PE
    Total System Jitter     (TSJ):    0.071ns
    Total Input Jitter      (TIJ):    0.000ns
    Discrete Jitter          (DJ):    0.000ns
    Phase Error              (PE):    0.000ns

    Location             Delay type                Incr(ns)  Path(ns)    Netlist Resource(s)
  -------------------------------------------------------------------    -------------------
                         (clock clk rise edge)        0.000     0.000 r
                                                      0.000     0.000 r  aclk (IN)
                         net (fo=6043, unset)         0.787     0.787    u_fft/normalized_ifft/butterfly/aclk
                         FDRE                                         r  u_fft/normalized_ifft/butterfly/g_pipelined.s2_a_im_reg[1]/C
  -------------------------------------------------------------------    -------------------
                         FDRE (Prop_fdre_C_Q)         0.303     1.090 r  u_fft/normalized_ifft/butterfly/g_pipelined.s2_a_im_reg[1]/Q
                         net (fo=5, unplaced)         0.390     1.480    u_fft/normalized_ifft/butterfly/g_pipelined.s2_a_im[1]
                         LUT2 (Prop_lut2_I0_O)        0.232     1.712 r  u_fft/normalized_ifft/butterfly/y1_im[0]_i_10__0/O
                         net (fo=1, unplaced)         0.000     1.712    u_fft/normalized_ifft/butterfly/y1_im[0]_i_10__0_n_0
                         CARRY4 (Prop_carry4_S[1]_CO[3])
                                                      0.444     2.156 r  u_fft/normalized_ifft/butterfly/y1_im_reg[0]_i_6__0/CO[3]
                         net (fo=1, unplaced)         0.008     2.164    u_fft/normalized_ifft/butterfly/y1_im_reg[0]_i_6__0_n_0
                         CARRY4 (Prop_carry4_CI_O[3])
                                                      0.277     2.441 f  u_fft/normalized_ifft/butterfly/round_div2_away0__101_carry_i_11__0/O[3]
                         net (fo=1, unplaced)         0.519     2.960    u_fft/normalized_ifft/butterfly/round_div2_away0__101_carry_i_11__0_n_4
                         LUT1 (Prop_lut1_I0_O)        0.250     3.210 r  u_fft/normalized_ifft/butterfly/round_div2_away0__101_carry_i_7__0/O
                         net (fo=1, unplaced)         0.000     3.210    u_fft/normalized_ifft/butterfly/round_div2_away0__101_carry_i_7__0_n_0
                         CARRY4 (Prop_carry4_S[3]_CO[3])
                                                      0.314     3.524 r  u_fft/normalized_ifft/butterfly/round_div2_away0__101_carry_i_6__0/CO[3]
                         net (fo=1, unplaced)         0.000     3.524    u_fft/normalized_ifft/butterfly/round_div2_away0__101_carry_i_6__0_n_0
                         CARRY4 (Prop_carry4_CI_O[3])
                                                      0.277     3.801 f  u_fft/normalized_ifft/butterfly/round_div2_away0__101_carry__0_i_5__0/O[3]
                         net (fo=1, unplaced)         0.519     4.320    u_fft/normalized_ifft/butterfly/round_div2_away0__101_carry__0_i_5__0_n_4
                         LUT1 (Prop_lut1_I0_O)        0.250     4.570 r  u_fft/normalized_ifft/butterfly/round_div2_away0__101_carry__1_i_3__0/O
                         net (fo=1, unplaced)         0.000     4.570    u_fft/normalized_ifft/butterfly/round_div2_away0__101_carry__1_i_3__0_n_0
                         CARRY4 (Prop_carry4_S[1]_CO[3])
                                                      0.444     5.014 r  u_fft/normalized_ifft/butterfly/round_div2_away0__101_carry__1/CO[3]
                         net (fo=1, unplaced)         0.000     5.014    u_fft/normalized_ifft/butterfly/round_div2_away0__101_carry__1_n_0
                         CARRY4 (Prop_carry4_CI_O[1])
                                                      0.269     5.283 r  u_fft/normalized_ifft/butterfly/round_div2_away0__101_carry__2/O[1]
                         net (fo=3, unplaced)         0.490     5.773    u_fft/normalized_ifft/butterfly/round_div2_away0__101_carry__2_n_6
                         LUT5 (Prop_lut5_I0_O)        0.245     6.018 r  u_fft/normalized_ifft/butterfly/saturate_q151__20_carry_i_5__0/O
                         net (fo=1, unplaced)         0.000     6.018    u_fft/normalized_ifft/butterfly/saturate_q151__20_carry_i_5__0_n_0
                         CARRY4 (Prop_carry4_S[0]_CO[2])
                                                      0.447     6.465 r  u_fft/normalized_ifft/butterfly/saturate_q151__20_carry/CO[2]
                         net (fo=18, unplaced)        0.997     7.462    u_fft/normalized_ifft/butterfly/saturate_q1510_in
                         LUT6 (Prop_lut6_I1_O)        0.252     7.714 r  u_fft/normalized_ifft/butterfly/saturation_count[2]_i_3__0/O
                         net (fo=3, unplaced)         0.365     8.079    u_fft/normalized_ifft/butterfly/saturation_count[2]_i_3__0_n_0
                         LUT5 (Prop_lut5_I0_O)        0.105     8.184 r  u_fft/normalized_ifft/butterfly/saturation_count[0]_i_1__0/O
                         net (fo=1, unplaced)         0.000     8.184    u_fft/normalized_ifft/butterfly/saturation_count[0]_i_1__0_n_0
                         FDRE                                         r  u_fft/normalized_ifft/butterfly/saturation_count_reg[0]/D
  -------------------------------------------------------------------    -------------------

                         (clock clk rise edge)       10.000    10.000 r
                                                      0.000    10.000 r  aclk (IN)
                         net (fo=6043, unset)         0.748    10.748    u_fft/normalized_ifft/butterfly/aclk
                         FDRE                                         r  u_fft/normalized_ifft/butterfly/saturation_count_reg[0]/C
                         clock pessimism              0.000    10.748
                         clock uncertainty           -0.035    10.712
                         FDRE (Setup_fdre_C_D)       -0.032    10.680    u_fft/normalized_ifft/butterfly/saturation_count_reg[0]
  -------------------------------------------------------------------
                         required time                         10.680
                         arrival time                          -8.184
  -------------------------------------------------------------------
                         slack                                  2.496

Slack (MET) :             2.496ns  (required time - arrival time)
  Source:                 u_fft/normalized_ifft/butterfly/g_pipelined.s2_a_im_reg[1]/C
                            (rising edge-triggered cell FDRE clocked by clk  {rise@0.000ns fall@5.000ns period=10.000ns})
  Destination:            u_fft/normalized_ifft/butterfly/saturation_count_reg[2]/D
                            (rising edge-triggered cell FDRE clocked by clk  {rise@0.000ns fall@5.000ns period=10.000ns})
  Path Group:             clk
  Path Type:              Setup (Max at Slow Process Corner)
  Requirement:            10.000ns  (clk rise@10.000ns - clk rise@0.000ns)
  Data Path Delay:        7.397ns  (logic 4.109ns (55.550%)  route 3.288ns (44.450%))
  Logic Levels:           13  (CARRY4=7 LUT1=2 LUT2=1 LUT5=1 LUT6=2)
  Clock Path Skew:        -0.039ns (DCD - SCD + CPR)
    Destination Clock Delay (DCD):    0.748ns = ( 10.748 - 10.000 )
    Source Clock Delay      (SCD):    0.787ns
    Clock Pessimism Removal (CPR):    0.000ns
  Clock Uncertainty:      0.035ns  ((TSJ^2 + TIJ^2)^1/2 + DJ) / 2 + PE
    Total System Jitter     (TSJ):    0.071ns
    Total Input Jitter      (TIJ):    0.000ns
    Discrete Jitter          (DJ):    0.000ns
    Phase Error              (PE):    0.000ns

    Location             Delay type                Incr(ns)  Path(ns)    Netlist Resource(s)
  -------------------------------------------------------------------    -------------------
                         (clock clk rise edge)        0.000     0.000 r
                                                      0.000     0.000 r  aclk (IN)
                         net (fo=6043, unset)         0.787     0.787    u_fft/normalized_ifft/butterfly/aclk
                         FDRE                                         r  u_fft/normalized_ifft/butterfly/g_pipelined.s2_a_im_reg[1]/C
  -------------------------------------------------------------------    -------------------
                         FDRE (Prop_fdre_C_Q)         0.303     1.090 r  u_fft/normalized_ifft/butterfly/g_pipelined.s2_a_im_reg[1]/Q
                         net (fo=5, unplaced)         0.390     1.480    u_fft/normalized_ifft/butterfly/g_pipelined.s2_a_im[1]
                         LUT2 (Prop_lut2_I0_O)        0.232     1.712 r  u_fft/normalized_ifft/butterfly/y1_im[0]_i_10__0/O
                         net (fo=1, unplaced)         0.000     1.712    u_fft/normalized_ifft/butterfly/y1_im[0]_i_10__0_n_0
                         CARRY4 (Prop_carry4_S[1]_CO[3])
                                                      0.444     2.156 r  u_fft/normalized_ifft/butterfly/y1_im_reg[0]_i_6__0/CO[3]
                         net (fo=1, unplaced)         0.008     2.164    u_fft/normalized_ifft/butterfly/y1_im_reg[0]_i_6__0_n_0
                         CARRY4 (Prop_carry4_CI_O[3])
                                                      0.277     2.441 f  u_fft/normalized_ifft/butterfly/round_div2_away0__101_carry_i_11__0/O[3]
                         net (fo=1, unplaced)         0.519     2.960    u_fft/normalized_ifft/butterfly/round_div2_away0__101_carry_i_11__0_n_4
                         LUT1 (Prop_lut1_I0_O)        0.250     3.210 r  u_fft/normalized_ifft/butterfly/round_div2_away0__101_carry_i_7__0/O
                         net (fo=1, unplaced)         0.000     3.210    u_fft/normalized_ifft/butterfly/round_div2_away0__101_carry_i_7__0_n_0
                         CARRY4 (Prop_carry4_S[3]_CO[3])
                                                      0.314     3.524 r  u_fft/normalized_ifft/butterfly/round_div2_away0__101_carry_i_6__0/CO[3]
                         net (fo=1, unplaced)         0.000     3.524    u_fft/normalized_ifft/butterfly/round_div2_away0__101_carry_i_6__0_n_0
                         CARRY4 (Prop_carry4_CI_O[3])
                                                      0.277     3.801 f  u_fft/normalized_ifft/butterfly/round_div2_away0__101_carry__0_i_5__0/O[3]
                         net (fo=1, unplaced)         0.519     4.320    u_fft/normalized_ifft/butterfly/round_div2_away0__101_carry__0_i_5__0_n_4
                         LUT1 (Prop_lut1_I0_O)        0.250     4.570 r  u_fft/normalized_ifft/butterfly/round_div2_away0__101_carry__1_i_3__0/O
                         net (fo=1, unplaced)         0.000     4.570    u_fft/normalized_ifft/butterfly/round_div2_away0__101_carry__1_i_3__0_n_0
                         CARRY4 (Prop_carry4_S[1]_CO[3])
                                                      0.444     5.014 r  u_fft/normalized_ifft/butterfly/round_div2_away0__101_carry__1/CO[3]
                         net (fo=1, unplaced)         0.000     5.014    u_fft/normalized_ifft/butterfly/round_div2_away0__101_carry__1_n_0
                         CARRY4 (Prop_carry4_CI_O[1])
                                                      0.269     5.283 r  u_fft/normalized_ifft/butterfly/round_div2_away0__101_carry__2/O[1]
                         net (fo=3, unplaced)         0.490     5.773    u_fft/normalized_ifft/butterfly/round_div2_away0__101_carry__2_n_6
                         LUT5 (Prop_lut5_I0_O)        0.245     6.018 r  u_fft/normalized_ifft/butterfly/saturate_q151__20_carry_i_5__0/O
                         net (fo=1, unplaced)         0.000     6.018    u_fft/normalized_ifft/butterfly/saturate_q151__20_carry_i_5__0_n_0
                         CARRY4 (Prop_carry4_S[0]_CO[2])
                                                      0.447     6.465 r  u_fft/normalized_ifft/butterfly/saturate_q151__20_carry/CO[2]
                         net (fo=18, unplaced)        0.997     7.462    u_fft/normalized_ifft/butterfly/saturate_q1510_in
                         LUT6 (Prop_lut6_I1_O)        0.252     7.714 r  u_fft/normalized_ifft/butterfly/saturation_count[2]_i_3__0/O
                         net (fo=3, unplaced)         0.365     8.079    u_fft/normalized_ifft/butterfly/saturation_count[2]_i_3__0_n_0
                         LUT6 (Prop_lut6_I1_O)        0.105     8.184 r  u_fft/normalized_ifft/butterfly/saturation_count[2]_i_1__0/O
                         net (fo=1, unplaced)         0.000     8.184    u_fft/normalized_ifft/butterfly/saturation_count[2]_i_1__0_n_0
                         FDRE                                         r  u_fft/normalized_ifft/butterfly/saturation_count_reg[2]/D
  -------------------------------------------------------------------    -------------------

                         (clock clk rise edge)       10.000    10.000 r
                                                      0.000    10.000 r  aclk (IN)
                         net (fo=6043, unset)         0.748    10.748    u_fft/normalized_ifft/butterfly/aclk
                         FDRE                                         r  u_fft/normalized_ifft/butterfly/saturation_count_reg[2]/C
                         clock pessimism              0.000    10.748
                         clock uncertainty           -0.035    10.712
                         FDRE (Setup_fdre_C_D)       -0.032    10.680    u_fft/normalized_ifft/butterfly/saturation_count_reg[2]
  -------------------------------------------------------------------
                         required time                         10.680
                         arrival time                          -8.184
  -------------------------------------------------------------------
                         slack                                  2.496

Slack (MET) :             2.496ns  (required time - arrival time)
  Source:                 u_tx/tx_core/ifft/butterfly/g_pipelined.s2_a_im_reg[1]/C
                            (rising edge-triggered cell FDRE clocked by clk  {rise@0.000ns fall@5.000ns period=10.000ns})
  Destination:            u_tx/tx_core/ifft/butterfly/saturation_count_reg[0]/D
                            (rising edge-triggered cell FDRE clocked by clk  {rise@0.000ns fall@5.000ns period=10.000ns})
  Path Group:             clk
  Path Type:              Setup (Max at Slow Process Corner)
  Requirement:            10.000ns  (clk rise@10.000ns - clk rise@0.000ns)
  Data Path Delay:        7.397ns  (logic 4.109ns (55.550%)  route 3.288ns (44.450%))
  Logic Levels:           13  (CARRY4=7 LUT1=2 LUT2=1 LUT5=2 LUT6=1)
  Clock Path Skew:        -0.039ns (DCD - SCD + CPR)
    Destination Clock Delay (DCD):    0.748ns = ( 10.748 - 10.000 )
    Source Clock Delay      (SCD):    0.787ns
    Clock Pessimism Removal (CPR):    0.000ns
  Clock Uncertainty:      0.035ns  ((TSJ^2 + TIJ^2)^1/2 + DJ) / 2 + PE
    Total System Jitter     (TSJ):    0.071ns
    Total Input Jitter      (TIJ):    0.000ns
    Discrete Jitter          (DJ):    0.000ns
    Phase Error              (PE):    0.000ns

    Location             Delay type                Incr(ns)  Path(ns)    Netlist Resource(s)
  -------------------------------------------------------------------    -------------------
                         (clock clk rise edge)        0.000     0.000 r
                                                      0.000     0.000 r  aclk (IN)
                         net (fo=6043, unset)         0.787     0.787    u_tx/tx_core/ifft/butterfly/aclk
                         FDRE                                         r  u_tx/tx_core/ifft/butterfly/g_pipelined.s2_a_im_reg[1]/C
  -------------------------------------------------------------------    -------------------
                         FDRE (Prop_fdre_C_Q)         0.303     1.090 r  u_tx/tx_core/ifft/butterfly/g_pipelined.s2_a_im_reg[1]/Q
                         net (fo=5, unplaced)         0.390     1.480    u_tx/tx_core/ifft/butterfly/g_pipelined.s2_a_im[1]
                         LUT2 (Prop_lut2_I0_O)        0.232     1.712 r  u_tx/tx_core/ifft/butterfly/y1_im[0]_i_10/O
                         net (fo=1, unplaced)         0.000     1.712    u_tx/tx_core/ifft/butterfly/y1_im[0]_i_10_n_0
                         CARRY4 (Prop_carry4_S[1]_CO[3])
                                                      0.444     2.156 r  u_tx/tx_core/ifft/butterfly/y1_im_reg[0]_i_6/CO[3]
                         net (fo=1, unplaced)         0.008     2.164    u_tx/tx_core/ifft/butterfly/y1_im_reg[0]_i_6_n_0
                         CARRY4 (Prop_carry4_CI_O[3])
                                                      0.277     2.441 f  u_tx/tx_core/ifft/butterfly/round_div2_away0__101_carry_i_11/O[3]
                         net (fo=1, unplaced)         0.519     2.960    u_tx/tx_core/ifft/butterfly/round_div2_away0__101_carry_i_11_n_4
                         LUT1 (Prop_lut1_I0_O)        0.250     3.210 r  u_tx/tx_core/ifft/butterfly/round_div2_away0__101_carry_i_7/O
                         net (fo=1, unplaced)         0.000     3.210    u_tx/tx_core/ifft/butterfly/round_div2_away0__101_carry_i_7_n_0
                         CARRY4 (Prop_carry4_S[3]_CO[3])
                                                      0.314     3.524 r  u_tx/tx_core/ifft/butterfly/round_div2_away0__101_carry_i_6/CO[3]
                         net (fo=1, unplaced)         0.000     3.524    u_tx/tx_core/ifft/butterfly/round_div2_away0__101_carry_i_6_n_0
                         CARRY4 (Prop_carry4_CI_O[3])
                                                      0.277     3.801 f  u_tx/tx_core/ifft/butterfly/round_div2_away0__101_carry__0_i_5/O[3]
                         net (fo=1, unplaced)         0.519     4.320    u_tx/tx_core/ifft/butterfly/round_div2_away0__101_carry__0_i_5_n_4
                         LUT1 (Prop_lut1_I0_O)        0.250     4.570 r  u_tx/tx_core/ifft/butterfly/round_div2_away0__101_carry__1_i_3/O
                         net (fo=1, unplaced)         0.000     4.570    u_tx/tx_core/ifft/butterfly/round_div2_away0__101_carry__1_i_3_n_0
                         CARRY4 (Prop_carry4_S[1]_CO[3])
                                                      0.444     5.014 r  u_tx/tx_core/ifft/butterfly/round_div2_away0__101_carry__1/CO[3]
                         net (fo=1, unplaced)         0.000     5.014    u_tx/tx_core/ifft/butterfly/round_div2_away0__101_carry__1_n_0
                         CARRY4 (Prop_carry4_CI_O[1])
                                                      0.269     5.283 r  u_tx/tx_core/ifft/butterfly/round_div2_away0__101_carry__2/O[1]
                         net (fo=3, unplaced)         0.490     5.773    u_tx/tx_core/ifft/butterfly/round_div2_away0__101_carry__2_n_6
                         LUT5 (Prop_lut5_I0_O)        0.245     6.018 r  u_tx/tx_core/ifft/butterfly/saturate_q151__20_carry_i_5/O
                         net (fo=1, unplaced)         0.000     6.018    u_tx/tx_core/ifft/butterfly/saturate_q151__20_carry_i_5_n_0
                         CARRY4 (Prop_carry4_S[0]_CO[2])
                                                      0.447     6.465 r  u_tx/tx_core/ifft/butterfly/saturate_q151__20_carry/CO[2]
                         net (fo=18, unplaced)        0.997     7.462    u_tx/tx_core/ifft/butterfly/saturate_q1510_in
                         LUT6 (Prop_lut6_I1_O)        0.252     7.714 r  u_tx/tx_core/ifft/butterfly/saturation_count[2]_i_3/O
                         net (fo=3, unplaced)         0.365     8.079    u_tx/tx_core/ifft/butterfly/saturation_count[2]_i_3_n_0
                         LUT5 (Prop_lut5_I0_O)        0.105     8.184 r  u_tx/tx_core/ifft/butterfly/saturation_count[0]_i_1/O
                         net (fo=1, unplaced)         0.000     8.184    u_tx/tx_core/ifft/butterfly/saturation_count[0]_i_1_n_0
                         FDRE                                         r  u_tx/tx_core/ifft/butterfly/saturation_count_reg[0]/D
  -------------------------------------------------------------------    -------------------

                         (clock clk rise edge)       10.000    10.000 r
                                                      0.000    10.000 r  aclk (IN)
                         net (fo=6043, unset)         0.748    10.748    u_tx/tx_core/ifft/butterfly/aclk
                         FDRE                                         r  u_tx/tx_core/ifft/butterfly/saturation_count_reg[0]/C
                         clock pessimism              0.000    10.748
                         clock uncertainty           -0.035    10.712
                         FDRE (Setup_fdre_C_D)       -0.032    10.680    u_tx/tx_core/ifft/butterfly/saturation_count_reg[0]
  -------------------------------------------------------------------
                         required time                         10.680
                         arrival time                          -8.184
  -------------------------------------------------------------------
                         slack                                  2.496

Slack (MET) :             2.496ns  (required time - arrival time)
  Source:                 u_tx/tx_core/ifft/butterfly/g_pipelined.s2_a_im_reg[1]/C
                            (rising edge-triggered cell FDRE clocked by clk  {rise@0.000ns fall@5.000ns period=10.000ns})
  Destination:            u_tx/tx_core/ifft/butterfly/saturation_count_reg[2]/D
                            (rising edge-triggered cell FDRE clocked by clk  {rise@0.000ns fall@5.000ns period=10.000ns})
  Path Group:             clk
  Path Type:              Setup (Max at Slow Process Corner)
  Requirement:            10.000ns  (clk rise@10.000ns - clk rise@0.000ns)
  Data Path Delay:        7.397ns  (logic 4.109ns (55.550%)  route 3.288ns (44.450%))
  Logic Levels:           13  (CARRY4=7 LUT1=2 LUT2=1 LUT5=1 LUT6=2)
  Clock Path Skew:        -0.039ns (DCD - SCD + CPR)
    Destination Clock Delay (DCD):    0.748ns = ( 10.748 - 10.000 )
    Source Clock Delay      (SCD):    0.787ns
    Clock Pessimism Removal (CPR):    0.000ns
  Clock Uncertainty:      0.035ns  ((TSJ^2 + TIJ^2)^1/2 + DJ) / 2 + PE
    Total System Jitter     (TSJ):    0.071ns
    Total Input Jitter      (TIJ):    0.000ns
    Discrete Jitter          (DJ):    0.000ns
    Phase Error              (PE):    0.000ns

    Location             Delay type                Incr(ns)  Path(ns)    Netlist Resource(s)
  -------------------------------------------------------------------    -------------------
                         (clock clk rise edge)        0.000     0.000 r
                                                      0.000     0.000 r  aclk (IN)
                         net (fo=6043, unset)         0.787     0.787    u_tx/tx_core/ifft/butterfly/aclk
                         FDRE                                         r  u_tx/tx_core/ifft/butterfly/g_pipelined.s2_a_im_reg[1]/C
  -------------------------------------------------------------------    -------------------
                         FDRE (Prop_fdre_C_Q)         0.303     1.090 r  u_tx/tx_core/ifft/butterfly/g_pipelined.s2_a_im_reg[1]/Q
                         net (fo=5, unplaced)         0.390     1.480    u_tx/tx_core/ifft/butterfly/g_pipelined.s2_a_im[1]
                         LUT2 (Prop_lut2_I0_O)        0.232     1.712 r  u_tx/tx_core/ifft/butterfly/y1_im[0]_i_10/O
                         net (fo=1, unplaced)         0.000     1.712    u_tx/tx_core/ifft/butterfly/y1_im[0]_i_10_n_0
                         CARRY4 (Prop_carry4_S[1]_CO[3])
                                                      0.444     2.156 r  u_tx/tx_core/ifft/butterfly/y1_im_reg[0]_i_6/CO[3]
                         net (fo=1, unplaced)         0.008     2.164    u_tx/tx_core/ifft/butterfly/y1_im_reg[0]_i_6_n_0
                         CARRY4 (Prop_carry4_CI_O[3])
                                                      0.277     2.441 f  u_tx/tx_core/ifft/butterfly/round_div2_away0__101_carry_i_11/O[3]
                         net (fo=1, unplaced)         0.519     2.960    u_tx/tx_core/ifft/butterfly/round_div2_away0__101_carry_i_11_n_4
                         LUT1 (Prop_lut1_I0_O)        0.250     3.210 r  u_tx/tx_core/ifft/butterfly/round_div2_away0__101_carry_i_7/O
                         net (fo=1, unplaced)         0.000     3.210    u_tx/tx_core/ifft/butterfly/round_div2_away0__101_carry_i_7_n_0
                         CARRY4 (Prop_carry4_S[3]_CO[3])
                                                      0.314     3.524 r  u_tx/tx_core/ifft/butterfly/round_div2_away0__101_carry_i_6/CO[3]
                         net (fo=1, unplaced)         0.000     3.524    u_tx/tx_core/ifft/butterfly/round_div2_away0__101_carry_i_6_n_0
                         CARRY4 (Prop_carry4_CI_O[3])
                                                      0.277     3.801 f  u_tx/tx_core/ifft/butterfly/round_div2_away0__101_carry__0_i_5/O[3]
                         net (fo=1, unplaced)         0.519     4.320    u_tx/tx_core/ifft/butterfly/round_div2_away0__101_carry__0_i_5_n_4
                         LUT1 (Prop_lut1_I0_O)        0.250     4.570 r  u_tx/tx_core/ifft/butterfly/round_div2_away0__101_carry__1_i_3/O
                         net (fo=1, unplaced)         0.000     4.570    u_tx/tx_core/ifft/butterfly/round_div2_away0__101_carry__1_i_3_n_0
                         CARRY4 (Prop_carry4_S[1]_CO[3])
                                                      0.444     5.014 r  u_tx/tx_core/ifft/butterfly/round_div2_away0__101_carry__1/CO[3]
                         net (fo=1, unplaced)         0.000     5.014    u_tx/tx_core/ifft/butterfly/round_div2_away0__101_carry__1_n_0
                         CARRY4 (Prop_carry4_CI_O[1])
                                                      0.269     5.283 r  u_tx/tx_core/ifft/butterfly/round_div2_away0__101_carry__2/O[1]
                         net (fo=3, unplaced)         0.490     5.773    u_tx/tx_core/ifft/butterfly/round_div2_away0__101_carry__2_n_6
                         LUT5 (Prop_lut5_I0_O)        0.245     6.018 r  u_tx/tx_core/ifft/butterfly/saturate_q151__20_carry_i_5/O
                         net (fo=1, unplaced)         0.000     6.018    u_tx/tx_core/ifft/butterfly/saturate_q151__20_carry_i_5_n_0
                         CARRY4 (Prop_carry4_S[0]_CO[2])
                                                      0.447     6.465 r  u_tx/tx_core/ifft/butterfly/saturate_q151__20_carry/CO[2]
                         net (fo=18, unplaced)        0.997     7.462    u_tx/tx_core/ifft/butterfly/saturate_q1510_in
                         LUT6 (Prop_lut6_I1_O)        0.252     7.714 r  u_tx/tx_core/ifft/butterfly/saturation_count[2]_i_3/O
                         net (fo=3, unplaced)         0.365     8.079    u_tx/tx_core/ifft/butterfly/saturation_count[2]_i_3_n_0
                         LUT6 (Prop_lut6_I1_O)        0.105     8.184 r  u_tx/tx_core/ifft/butterfly/saturation_count[2]_i_1/O
                         net (fo=1, unplaced)         0.000     8.184    u_tx/tx_core/ifft/butterfly/saturation_count[2]_i_1_n_0
                         FDRE                                         r  u_tx/tx_core/ifft/butterfly/saturation_count_reg[2]/D
  -------------------------------------------------------------------    -------------------

                         (clock clk rise edge)       10.000    10.000 r
                                                      0.000    10.000 r  aclk (IN)
                         net (fo=6043, unset)         0.748    10.748    u_tx/tx_core/ifft/butterfly/aclk
                         FDRE                                         r  u_tx/tx_core/ifft/butterfly/saturation_count_reg[2]/C
                         clock pessimism              0.000    10.748
                         clock uncertainty           -0.035    10.712
                         FDRE (Setup_fdre_C_D)       -0.032    10.680    u_tx/tx_core/ifft/butterfly/saturation_count_reg[2]
  -------------------------------------------------------------------
                         required time                         10.680
                         arrival time                          -8.184
  -------------------------------------------------------------------
                         slack                                  2.496

Slack (MET) :             2.503ns  (required time - arrival time)
  Source:                 u_fft/normalized_ifft/butterfly/g_pipelined.s2_a_im_reg[1]/C
                            (rising edge-triggered cell FDRE clocked by clk  {rise@0.000ns fall@5.000ns period=10.000ns})
  Destination:            u_fft/normalized_ifft/butterfly/saturation_count_reg[1]/D
                            (rising edge-triggered cell FDRE clocked by clk  {rise@0.000ns fall@5.000ns period=10.000ns})
  Path Group:             clk
  Path Type:              Setup (Max at Slow Process Corner)
  Requirement:            10.000ns  (clk rise@10.000ns - clk rise@0.000ns)
  Data Path Delay:        7.390ns  (logic 4.109ns (55.602%)  route 3.281ns (44.398%))
  Logic Levels:           13  (CARRY4=7 LUT1=2 LUT2=1 LUT5=1 LUT6=2)
  Clock Path Skew:        -0.039ns (DCD - SCD + CPR)
    Destination Clock Delay (DCD):    0.748ns = ( 10.748 - 10.000 )
    Source Clock Delay      (SCD):    0.787ns
    Clock Pessimism Removal (CPR):    0.000ns
  Clock Uncertainty:      0.035ns  ((TSJ^2 + TIJ^2)^1/2 + DJ) / 2 + PE
    Total System Jitter     (TSJ):    0.071ns
    Total Input Jitter      (TIJ):    0.000ns
    Discrete Jitter          (DJ):    0.000ns
    Phase Error              (PE):    0.000ns

    Location             Delay type                Incr(ns)  Path(ns)    Netlist Resource(s)
  -------------------------------------------------------------------    -------------------
                         (clock clk rise edge)        0.000     0.000 r
                                                      0.000     0.000 r  aclk (IN)
                         net (fo=6043, unset)         0.787     0.787    u_fft/normalized_ifft/butterfly/aclk
                         FDRE                                         r  u_fft/normalized_ifft/butterfly/g_pipelined.s2_a_im_reg[1]/C
  -------------------------------------------------------------------    -------------------
                         FDRE (Prop_fdre_C_Q)         0.303     1.090 r  u_fft/normalized_ifft/butterfly/g_pipelined.s2_a_im_reg[1]/Q
                         net (fo=5, unplaced)         0.390     1.480    u_fft/normalized_ifft/butterfly/g_pipelined.s2_a_im[1]
                         LUT2 (Prop_lut2_I0_O)        0.232     1.712 r  u_fft/normalized_ifft/butterfly/y1_im[0]_i_10__0/O
                         net (fo=1, unplaced)         0.000     1.712    u_fft/normalized_ifft/butterfly/y1_im[0]_i_10__0_n_0
                         CARRY4 (Prop_carry4_S[1]_CO[3])
                                                      0.444     2.156 r  u_fft/normalized_ifft/butterfly/y1_im_reg[0]_i_6__0/CO[3]
                         net (fo=1, unplaced)         0.008     2.164    u_fft/normalized_ifft/butterfly/y1_im_reg[0]_i_6__0_n_0
                         CARRY4 (Prop_carry4_CI_O[3])
                                                      0.277     2.441 f  u_fft/normalized_ifft/butterfly/round_div2_away0__101_carry_i_11__0/O[3]
                         net (fo=1, unplaced)         0.519     2.960    u_fft/normalized_ifft/butterfly/round_div2_away0__101_carry_i_11__0_n_4
                         LUT1 (Prop_lut1_I0_O)        0.250     3.210 r  u_fft/normalized_ifft/butterfly/round_div2_away0__101_carry_i_7__0/O
                         net (fo=1, unplaced)         0.000     3.210    u_fft/normalized_ifft/butterfly/round_div2_away0__101_carry_i_7__0_n_0
                         CARRY4 (Prop_carry4_S[3]_CO[3])
                                                      0.314     3.524 r  u_fft/normalized_ifft/butterfly/round_div2_away0__101_carry_i_6__0/CO[3]
                         net (fo=1, unplaced)         0.000     3.524    u_fft/normalized_ifft/butterfly/round_div2_away0__101_carry_i_6__0_n_0
                         CARRY4 (Prop_carry4_CI_O[3])
                                                      0.277     3.801 f  u_fft/normalized_ifft/butterfly/round_div2_away0__101_carry__0_i_5__0/O[3]
                         net (fo=1, unplaced)         0.519     4.320    u_fft/normalized_ifft/butterfly/round_div2_away0__101_carry__0_i_5__0_n_4
                         LUT1 (Prop_lut1_I0_O)        0.250     4.570 r  u_fft/normalized_ifft/butterfly/round_div2_away0__101_carry__1_i_3__0/O
                         net (fo=1, unplaced)         0.000     4.570    u_fft/normalized_ifft/butterfly/round_div2_away0__101_carry__1_i_3__0_n_0
                         CARRY4 (Prop_carry4_S[1]_CO[3])
                                                      0.444     5.014 r  u_fft/normalized_ifft/butterfly/round_div2_away0__101_carry__1/CO[3]
                         net (fo=1, unplaced)         0.000     5.014    u_fft/normalized_ifft/butterfly/round_div2_away0__101_carry__1_n_0
                         CARRY4 (Prop_carry4_CI_O[1])
                                                      0.269     5.283 r  u_fft/normalized_ifft/butterfly/round_div2_away0__101_carry__2/O[1]
                         net (fo=3, unplaced)         0.490     5.773    u_fft/normalized_ifft/butterfly/round_div2_away0__101_carry__2_n_6
                         LUT5 (Prop_lut5_I0_O)        0.245     6.018 r  u_fft/normalized_ifft/butterfly/saturate_q151__20_carry_i_5__0/O
                         net (fo=1, unplaced)         0.000     6.018    u_fft/normalized_ifft/butterfly/saturate_q151__20_carry_i_5__0_n_0
                         CARRY4 (Prop_carry4_S[0]_CO[2])
                                                      0.447     6.465 r  u_fft/normalized_ifft/butterfly/saturate_q151__20_carry/CO[2]
                         net (fo=18, unplaced)        0.997     7.462    u_fft/normalized_ifft/butterfly/saturate_q1510_in
                         LUT6 (Prop_lut6_I1_O)        0.252     7.714 r  u_fft/normalized_ifft/butterfly/saturation_count[2]_i_2__0/O
                         net (fo=2, unplaced)         0.358     8.072    u_fft/normalized_ifft/butterfly/saturation_count[2]_i_2__0_n_0
                         LUT6 (Prop_lut6_I3_O)        0.105     8.177 r  u_fft/normalized_ifft/butterfly/saturation_count[1]_i_1__0/O
                         net (fo=1, unplaced)         0.000     8.177    u_fft/normalized_ifft/butterfly/saturation_count[1]_i_1__0_n_0
                         FDRE                                         r  u_fft/normalized_ifft/butterfly/saturation_count_reg[1]/D
  -------------------------------------------------------------------    -------------------

                         (clock clk rise edge)       10.000    10.000 r
                                                      0.000    10.000 r  aclk (IN)
                         net (fo=6043, unset)         0.748    10.748    u_fft/normalized_ifft/butterfly/aclk
                         FDRE                                         r  u_fft/normalized_ifft/butterfly/saturation_count_reg[1]/C
                         clock pessimism              0.000    10.748
                         clock uncertainty           -0.035    10.712
                         FDRE (Setup_fdre_C_D)       -0.032    10.680    u_fft/normalized_ifft/butterfly/saturation_count_reg[1]
  -------------------------------------------------------------------
                         required time                         10.680
                         arrival time                          -8.177
  -------------------------------------------------------------------
                         slack                                  2.503

Slack (MET) :             2.503ns  (required time - arrival time)
  Source:                 u_tx/tx_core/ifft/butterfly/g_pipelined.s2_a_im_reg[1]/C
                            (rising edge-triggered cell FDRE clocked by clk  {rise@0.000ns fall@5.000ns period=10.000ns})
  Destination:            u_tx/tx_core/ifft/butterfly/saturation_count_reg[1]/D
                            (rising edge-triggered cell FDRE clocked by clk  {rise@0.000ns fall@5.000ns period=10.000ns})
  Path Group:             clk
  Path Type:              Setup (Max at Slow Process Corner)
  Requirement:            10.000ns  (clk rise@10.000ns - clk rise@0.000ns)
  Data Path Delay:        7.390ns  (logic 4.109ns (55.602%)  route 3.281ns (44.398%))
  Logic Levels:           13  (CARRY4=7 LUT1=2 LUT2=1 LUT5=1 LUT6=2)
  Clock Path Skew:        -0.039ns (DCD - SCD + CPR)
    Destination Clock Delay (DCD):    0.748ns = ( 10.748 - 10.000 )
    Source Clock Delay      (SCD):    0.787ns
    Clock Pessimism Removal (CPR):    0.000ns
  Clock Uncertainty:      0.035ns  ((TSJ^2 + TIJ^2)^1/2 + DJ) / 2 + PE
    Total System Jitter     (TSJ):    0.071ns
    Total Input Jitter      (TIJ):    0.000ns
    Discrete Jitter          (DJ):    0.000ns
    Phase Error              (PE):    0.000ns

    Location             Delay type                Incr(ns)  Path(ns)    Netlist Resource(s)
  -------------------------------------------------------------------    -------------------
                         (clock clk rise edge)        0.000     0.000 r
                                                      0.000     0.000 r  aclk (IN)
                         net (fo=6043, unset)         0.787     0.787    u_tx/tx_core/ifft/butterfly/aclk
                         FDRE                                         r  u_tx/tx_core/ifft/butterfly/g_pipelined.s2_a_im_reg[1]/C
  -------------------------------------------------------------------    -------------------
                         FDRE (Prop_fdre_C_Q)         0.303     1.090 r  u_tx/tx_core/ifft/butterfly/g_pipelined.s2_a_im_reg[1]/Q
                         net (fo=5, unplaced)         0.390     1.480    u_tx/tx_core/ifft/butterfly/g_pipelined.s2_a_im[1]
                         LUT2 (Prop_lut2_I0_O)        0.232     1.712 r  u_tx/tx_core/ifft/butterfly/y1_im[0]_i_10/O
                         net (fo=1, unplaced)         0.000     1.712    u_tx/tx_core/ifft/butterfly/y1_im[0]_i_10_n_0
                         CARRY4 (Prop_carry4_S[1]_CO[3])
                                                      0.444     2.156 r  u_tx/tx_core/ifft/butterfly/y1_im_reg[0]_i_6/CO[3]
                         net (fo=1, unplaced)         0.008     2.164    u_tx/tx_core/ifft/butterfly/y1_im_reg[0]_i_6_n_0
                         CARRY4 (Prop_carry4_CI_O[3])
                                                      0.277     2.441 f  u_tx/tx_core/ifft/butterfly/round_div2_away0__101_carry_i_11/O[3]
                         net (fo=1, unplaced)         0.519     2.960    u_tx/tx_core/ifft/butterfly/round_div2_away0__101_carry_i_11_n_4
                         LUT1 (Prop_lut1_I0_O)        0.250     3.210 r  u_tx/tx_core/ifft/butterfly/round_div2_away0__101_carry_i_7/O
                         net (fo=1, unplaced)         0.000     3.210    u_tx/tx_core/ifft/butterfly/round_div2_away0__101_carry_i_7_n_0
                         CARRY4 (Prop_carry4_S[3]_CO[3])
                                                      0.314     3.524 r  u_tx/tx_core/ifft/butterfly/round_div2_away0__101_carry_i_6/CO[3]
                         net (fo=1, unplaced)         0.000     3.524    u_tx/tx_core/ifft/butterfly/round_div2_away0__101_carry_i_6_n_0
                         CARRY4 (Prop_carry4_CI_O[3])
                                                      0.277     3.801 f  u_tx/tx_core/ifft/butterfly/round_div2_away0__101_carry__0_i_5/O[3]
                         net (fo=1, unplaced)         0.519     4.320    u_tx/tx_core/ifft/butterfly/round_div2_away0__101_carry__0_i_5_n_4
                         LUT1 (Prop_lut1_I0_O)        0.250     4.570 r  u_tx/tx_core/ifft/butterfly/round_div2_away0__101_carry__1_i_3/O
                         net (fo=1, unplaced)         0.000     4.570    u_tx/tx_core/ifft/butterfly/round_div2_away0__101_carry__1_i_3_n_0
                         CARRY4 (Prop_carry4_S[1]_CO[3])
                                                      0.444     5.014 r  u_tx/tx_core/ifft/butterfly/round_div2_away0__101_carry__1/CO[3]
                         net (fo=1, unplaced)         0.000     5.014    u_tx/tx_core/ifft/butterfly/round_div2_away0__101_carry__1_n_0
                         CARRY4 (Prop_carry4_CI_O[1])
                                                      0.269     5.283 r  u_tx/tx_core/ifft/butterfly/round_div2_away0__101_carry__2/O[1]
                         net (fo=3, unplaced)         0.490     5.773    u_tx/tx_core/ifft/butterfly/round_div2_away0__101_carry__2_n_6
                         LUT5 (Prop_lut5_I0_O)        0.245     6.018 r  u_tx/tx_core/ifft/butterfly/saturate_q151__20_carry_i_5/O
                         net (fo=1, unplaced)         0.000     6.018    u_tx/tx_core/ifft/butterfly/saturate_q151__20_carry_i_5_n_0
                         CARRY4 (Prop_carry4_S[0]_CO[2])
                                                      0.447     6.465 r  u_tx/tx_core/ifft/butterfly/saturate_q151__20_carry/CO[2]
                         net (fo=18, unplaced)        0.997     7.462    u_tx/tx_core/ifft/butterfly/saturate_q1510_in
                         LUT6 (Prop_lut6_I1_O)        0.252     7.714 r  u_tx/tx_core/ifft/butterfly/saturation_count[2]_i_2/O
                         net (fo=2, unplaced)         0.358     8.072    u_tx/tx_core/ifft/butterfly/saturation_count[2]_i_2_n_0
                         LUT6 (Prop_lut6_I3_O)        0.105     8.177 r  u_tx/tx_core/ifft/butterfly/saturation_count[1]_i_1/O
                         net (fo=1, unplaced)         0.000     8.177    u_tx/tx_core/ifft/butterfly/saturation_count[1]_i_1_n_0
                         FDRE                                         r  u_tx/tx_core/ifft/butterfly/saturation_count_reg[1]/D
  -------------------------------------------------------------------    -------------------

                         (clock clk rise edge)       10.000    10.000 r
                                                      0.000    10.000 r  aclk (IN)
                         net (fo=6043, unset)         0.748    10.748    u_tx/tx_core/ifft/butterfly/aclk
                         FDRE                                         r  u_tx/tx_core/ifft/butterfly/saturation_count_reg[1]/C
                         clock pessimism              0.000    10.748
                         clock uncertainty           -0.035    10.712
                         FDRE (Setup_fdre_C_D)       -0.032    10.680    u_tx/tx_core/ifft/butterfly/saturation_count_reg[1]
  -------------------------------------------------------------------
                         required time                         10.680
                         arrival time                          -8.177
  -------------------------------------------------------------------
                         slack                                  2.503





Pulse Width Checks
--------------------------------------------------------------------------------------
Clock Name:         clk
Waveform(ns):       { 0.000 5.000 }
Period(ns):         10.000
Sources:            { aclk }

Check Type        Corner  Lib Pin      Reference Pin  Required(ns)  Actual(ns)  Slack(ns)  Location  Pin
Min Period        n/a     DSP48E1/CLK  n/a            3.272         10.000      6.728                g_channel_eq.u_channel_eq/s1_ir_reg/CLK
Min Period        n/a     DSP48E1/CLK  n/a            3.272         10.000      6.728                g_channel_eq.u_channel_eq/s1_rr_reg/CLK
Min Period        n/a     DSP48E1/CLK  n/a            3.272         10.000      6.728                u_fft/normalized_ifft/butterfly/g_pipelined.s1_ri_reg/CLK
Min Period        n/a     DSP48E1/CLK  n/a            3.272         10.000      6.728                u_fft/normalized_ifft/butterfly/g_pipelined.s1_rr_reg/CLK
Min Period        n/a     DSP48E1/CLK  n/a            3.272         10.000      6.728                u_tx/tx_core/ifft/butterfly/g_pipelined.s1_ri_reg/CLK
Min Period        n/a     DSP48E1/CLK  n/a            3.272         10.000      6.728                u_tx/tx_core/ifft/butterfly/g_pipelined.s1_rr_reg/CLK
Min Period        n/a     DSP48E1/CLK  n/a            3.109         10.000      6.891                g_channel_eq.u_channel_eq/s3_q_im_reg/CLK
Min Period        n/a     DSP48E1/CLK  n/a            3.109         10.000      6.891                g_channel_eq.u_channel_eq/s3_q_re_reg/CLK
Min Period        n/a     DSP48E1/CLK  n/a            3.109         10.000      6.891                u_correct/equalizer/g_pipelined.s1_ri_reg/CLK
Min Period        n/a     DSP48E1/CLK  n/a            3.109         10.000      6.891                u_correct/equalizer/g_pipelined.s1_rr_reg/CLK
Low Pulse Width   Slow    RAMD64E/CLK  n/a            1.130         5.000       3.870                g_channel_eq.u_channel_eq/g_im_reg_r1_0_63_0_2/RAMA/CLK
Low Pulse Width   Fast    RAMD64E/CLK  n/a            1.130         5.000       3.870                g_channel_eq.u_channel_eq/g_im_reg_r1_0_63_0_2/RAMA/CLK
Low Pulse Width   Slow    RAMD64E/CLK  n/a            1.130         5.000       3.870                g_channel_eq.u_channel_eq/g_im_reg_r1_0_63_0_2/RAMB/CLK
Low Pulse Width   Fast    RAMD64E/CLK  n/a            1.130         5.000       3.870                g_channel_eq.u_channel_eq/g_im_reg_r1_0_63_0_2/RAMB/CLK
Low Pulse Width   Slow    RAMD64E/CLK  n/a            1.130         5.000       3.870                g_channel_eq.u_channel_eq/g_im_reg_r1_0_63_0_2/RAMC/CLK
Low Pulse Width   Fast    RAMD64E/CLK  n/a            1.130         5.000       3.870                g_channel_eq.u_channel_eq/g_im_reg_r1_0_63_0_2/RAMC/CLK
Low Pulse Width   Slow    RAMD64E/CLK  n/a            1.130         5.000       3.870                g_channel_eq.u_channel_eq/g_im_reg_r1_0_63_0_2/RAMD/CLK
Low Pulse Width   Fast    RAMD64E/CLK  n/a            1.130         5.000       3.870                g_channel_eq.u_channel_eq/g_im_reg_r1_0_63_0_2/RAMD/CLK
Low Pulse Width   Slow    RAMD64E/CLK  n/a            1.130         5.000       3.870                g_channel_eq.u_channel_eq/g_im_reg_r1_0_63_12_14/RAMA/CLK
Low Pulse Width   Fast    RAMD64E/CLK  n/a            1.130         5.000       3.870                g_channel_eq.u_channel_eq/g_im_reg_r1_0_63_12_14/RAMA/CLK
High Pulse Width  Slow    RAMD64E/CLK  n/a            1.130         5.000       3.870                g_channel_eq.u_channel_eq/g_im_reg_r1_0_63_0_2/RAMA/CLK
High Pulse Width  Fast    RAMD64E/CLK  n/a            1.130         5.000       3.870                g_channel_eq.u_channel_eq/g_im_reg_r1_0_63_0_2/RAMA/CLK
High Pulse Width  Slow    RAMD64E/CLK  n/a            1.130         5.000       3.870                g_channel_eq.u_channel_eq/g_im_reg_r1_0_63_0_2/RAMB/CLK
High Pulse Width  Fast    RAMD64E/CLK  n/a            1.130         5.000       3.870                g_channel_eq.u_channel_eq/g_im_reg_r1_0_63_0_2/RAMB/CLK
High Pulse Width  Slow    RAMD64E/CLK  n/a            1.130         5.000       3.870                g_channel_eq.u_channel_eq/g_im_reg_r1_0_63_0_2/RAMC/CLK
High Pulse Width  Fast    RAMD64E/CLK  n/a            1.130         5.000       3.870                g_channel_eq.u_channel_eq/g_im_reg_r1_0_63_0_2/RAMC/CLK
High Pulse Width  Slow    RAMD64E/CLK  n/a            1.130         5.000       3.870                g_channel_eq.u_channel_eq/g_im_reg_r1_0_63_0_2/RAMD/CLK
High Pulse Width  Fast    RAMD64E/CLK  n/a            1.130         5.000       3.870                g_channel_eq.u_channel_eq/g_im_reg_r1_0_63_0_2/RAMD/CLK
High Pulse Width  Slow    RAMD64E/CLK  n/a            1.130         5.000       3.870                g_channel_eq.u_channel_eq/g_im_reg_r1_0_63_12_14/RAMA/CLK
High Pulse Width  Fast    RAMD64E/CLK  n/a            1.130         5.000       3.870                g_channel_eq.u_channel_eq/g_im_reg_r1_0_63_12_14/RAMA/CLK
