Copyright 1986-2021 Xilinx, Inc. All Rights Reserved.
----------------------------------------------------------------------------------------------------------------------------------------------
| Tool Version : Vivado v.2021.1 (win64) Build 3247384 Thu Jun 10 19:36:33 MDT 2021
| Date         : normalized
| Host         : normalized
| Command      : report_drc -file <output_dir>/ofdm_axi_modem_qam16_post_route_drc.rpt
| Design       : ofdm_axi_modem
| Device       : xc7z020clg400-2
| Speed File   : -2
| Design State : Fully Routed
----------------------------------------------------------------------------------------------------------------------------------------------

Report DRC

Table of Contents
-----------------
1. REPORT SUMMARY
2. REPORT DETAILS

1. REPORT SUMMARY
-----------------
            Netlist: ofdm_axi_modem
          Floorplan: design_1
      Design limits: <entire design considered>
           Ruledeck: default
             Max violations: <unlimited>
             Violations found: 55
+-----------+----------+------------------------+------------+
| Rule      | Severity | Description            | Violations |
+-----------+----------+------------------------+------------+
| DPIP-1    | Warning  | Input pipelining       | 20         |
| DPOP-1    | Warning  | PREG Output pipelining | 10         |
| DPOP-2    | Warning  | MREG Output pipelining | 19         |
| PDRC-153  | Warning  | Gated clock check      | 4          |
| RTSTAT-10 | Warning  | No routable loads      | 1          |
| ZPS7-1    | Warning  | PS7 block required     | 1          |
+-----------+----------+------------------------+------------+

2. REPORT DETAILS
-----------------
DPIP-1#1 Warning
Input pipelining
DSP g_channel_eq.u_channel_eq/n_e1 input g_channel_eq.u_channel_eq/n_e1/A[29:0] is not pipelined. Pipelining DSP48 input will improve performance.
Related violations: <none>

DPIP-1#2 Warning
Input pipelining
DSP g_channel_eq.u_channel_eq/n_e1 input g_channel_eq.u_channel_eq/n_e1/B[17:0] is not pipelined. Pipelining DSP48 input will improve performance.
Related violations: <none>

DPIP-1#3 Warning
Input pipelining
DSP g_channel_eq.u_channel_eq/n_e_reg input g_channel_eq.u_channel_eq/n_e_reg/A[29:0] is not pipelined. Pipelining DSP48 input will improve performance.
Related violations: <none>

DPIP-1#4 Warning
Input pipelining
DSP g_channel_eq.u_channel_eq/n_e_reg input g_channel_eq.u_channel_eq/n_e_reg/B[17:0] is not pipelined. Pipelining DSP48 input will improve performance.
Related violations: <none>

DPIP-1#5 Warning
Input pipelining
DSP g_channel_eq.u_channel_eq/s2_p_im_reg input g_channel_eq.u_channel_eq/s2_p_im_reg/C[47:0] is not pipelined. Pipelining DSP48 input will improve performance.
Related violations: <none>

DPIP-1#6 Warning
Input pipelining
DSP g_channel_eq.u_channel_eq/s2_p_re_reg input g_channel_eq.u_channel_eq/s2_p_re_reg/C[47:0] is not pipelined. Pipelining DSP48 input will improve performance.
Related violations: <none>

DPIP-1#7 Warning
Input pipelining
DSP g_channel_eq.u_channel_eq/s3_q_im0 input g_channel_eq.u_channel_eq/s3_q_im0/A[29:0] is not pipelined. Pipelining DSP48 input will improve performance.
Related violations: <none>

DPIP-1#8 Warning
Input pipelining
DSP g_channel_eq.u_channel_eq/s3_q_im_reg input g_channel_eq.u_channel_eq/s3_q_im_reg/A[29:0] is not pipelined. Pipelining DSP48 input will improve performance.
Related violations: <none>

DPIP-1#9 Warning
Input pipelining
DSP g_channel_eq.u_channel_eq/s3_q_re0 input g_channel_eq.u_channel_eq/s3_q_re0/A[29:0] is not pipelined. Pipelining DSP48 input will improve performance.
Related violations: <none>

DPIP-1#10 Warning
Input pipelining
DSP g_channel_eq.u_channel_eq/s3_q_re_reg input g_channel_eq.u_channel_eq/s3_q_re_reg/A[29:0] is not pipelined. Pipelining DSP48 input will improve performance.
Related violations: <none>

DPIP-1#11 Warning
Input pipelining
DSP u_correct/equalizer/g_pipelined.equalized_im_q29 input u_correct/equalizer/g_pipelined.equalized_im_q29/A[29:0] is not pipelined. Pipelining DSP48 input will improve performance.
Related violations: <none>

DPIP-1#12 Warning
Input pipelining
DSP u_correct/equalizer/g_pipelined.equalized_im_q29 input u_correct/equalizer/g_pipelined.equalized_im_q29/C[47:0] is not pipelined. Pipelining DSP48 input will improve performance.
Related violations: <none>

DPIP-1#13 Warning
Input pipelining
DSP u_correct/equalizer/g_pipelined.equalized_re_q29 input u_correct/equalizer/g_pipelined.equalized_re_q29/A[29:0] is not pipelined. Pipelining DSP48 input will improve performance.
Related violations: <none>

DPIP-1#14 Warning
Input pipelining
DSP u_correct/equalizer/g_pipelined.equalized_re_q29 input u_correct/equalizer/g_pipelined.equalized_re_q29/C[47:0] is not pipelined. Pipelining DSP48 input will improve performance.
Related violations: <none>

DPIP-1#15 Warning
Input pipelining
DSP u_correct/equalizer/g_pipelined.s1_ri_reg input u_correct/equalizer/g_pipelined.s1_ri_reg/A[29:0] is not pipelined. Pipelining DSP48 input will improve performance.
Related violations: <none>

DPIP-1#16 Warning
Input pipelining
DSP u_correct/equalizer/g_pipelined.s1_rr_reg input u_correct/equalizer/g_pipelined.s1_rr_reg/A[29:0] is not pipelined. Pipelining DSP48 input will improve performance.
Related violations: <none>

DPIP-1#17 Warning
Input pipelining
DSP u_fft/normalized_ifft/butterfly/g_pipelined.value input u_fft/normalized_ifft/butterfly/g_pipelined.value/C[47:0] is not pipelined. Pipelining DSP48 input will improve performance.
Related violations: <none>

DPIP-1#18 Warning
Input pipelining
DSP u_fft/normalized_ifft/butterfly/g_pipelined.value__0 input u_fft/normalized_ifft/butterfly/g_pipelined.value__0/C[47:0] is not pipelined. Pipelining DSP48 input will improve performance.
Related violations: <none>

DPIP-1#19 Warning
Input pipelining
DSP u_tx/tx_core/ifft/butterfly/g_pipelined.value input u_tx/tx_core/ifft/butterfly/g_pipelined.value/C[47:0] is not pipelined. Pipelining DSP48 input will improve performance.
Related violations: <none>

DPIP-1#20 Warning
Input pipelining
DSP u_tx/tx_core/ifft/butterfly/g_pipelined.value__0 input u_tx/tx_core/ifft/butterfly/g_pipelined.value__0/C[47:0] is not pipelined. Pipelining DSP48 input will improve performance.
Related violations: <none>

DPOP-1#1 Warning
PREG Output pipelining
DSP g_cfo.u_cfo/p_sym_im0__0 output g_cfo.u_cfo/p_sym_im0__0/P[47:0] is not pipelined (PREG=0). Pipelining the DSP48 output will improve performance and often saves power so it is suggested whenever possible to fully pipeline this function.  If this DSP48 function was inferred, it is suggested to describe an additional register stage after this function.  If the DSP48 was instantiated in the design, it is suggested to set the PREG attribute to 1.
Related violations: <none>

DPOP-1#2 Warning
PREG Output pipelining
DSP g_cfo.u_cfo/p_sym_re0 output g_cfo.u_cfo/p_sym_re0/P[47:0] is not pipelined (PREG=0). Pipelining the DSP48 output will improve performance and often saves power so it is suggested whenever possible to fully pipeline this function.  If this DSP48 function was inferred, it is suggested to describe an additional register stage after this function.  If the DSP48 was instantiated in the design, it is suggested to set the PREG attribute to 1.
Related violations: <none>

DPOP-1#3 Warning
PREG Output pipelining
DSP g_channel_eq.u_channel_eq/s3_q_im0 output g_channel_eq.u_channel_eq/s3_q_im0/P[47:0] is not pipelined (PREG=0). Pipelining the DSP48 output will improve performance and often saves power so it is suggested whenever possible to fully pipeline this function.  If this DSP48 function was inferred, it is suggested to describe an additional register stage after this function.  If the DSP48 was instantiated in the design, it is suggested to set the PREG attribute to 1.
Related violations: <none>

DPOP-1#4 Warning
PREG Output pipelining
DSP g_channel_eq.u_channel_eq/s3_q_re0 output g_channel_eq.u_channel_eq/s3_q_re0/P[47:0] is not pipelined (PREG=0). Pipelining the DSP48 output will improve performance and often saves power so it is suggested whenever possible to fully pipeline this function.  If this DSP48 function was inferred, it is suggested to describe an additional register stage after this function.  If the DSP48 was instantiated in the design, it is suggested to set the PREG attribute to 1.
Related violations: <none>

DPOP-1#5 Warning
PREG Output pipelining
DSP u_correct/equalizer/g_pipelined.equalized_im_q29 output u_correct/equalizer/g_pipelined.equalized_im_q29/P[47:0] is not pipelined (PREG=0). Pipelining the DSP48 output will improve performance and often saves power so it is suggested whenever possible to fully pipeline this function.  If this DSP48 function was inferred, it is suggested to describe an additional register stage after this function.  If the DSP48 was instantiated in the design, it is suggested to set the PREG attribute to 1.
Related violations: <none>

DPOP-1#6 Warning
PREG Output pipelining
DSP u_correct/equalizer/g_pipelined.equalized_re_q29 output u_correct/equalizer/g_pipelined.equalized_re_q29/P[47:0] is not pipelined (PREG=0). Pipelining the DSP48 output will improve performance and often saves power so it is suggested whenever possible to fully pipeline this function.  If this DSP48 function was inferred, it is suggested to describe an additional register stage after this function.  If the DSP48 was instantiated in the design, it is suggested to set the PREG attribute to 1.
Related violations: <none>

DPOP-1#7 Warning
PREG Output pipelining
DSP u_fft/normalized_ifft/butterfly/g_pipelined.value output u_fft/normalized_ifft/butterfly/g_pipelined.value/P[47:0] is not pipelined (PREG=0). Pipelining the DSP48 output will improve performance and often saves power so it is suggested whenever possible to fully pipeline this function.  If this DSP48 function was inferred, it is suggested to describe an additional register stage after this function.  If the DSP48 was instantiated in the design, it is suggested to set the PREG attribute to 1.
Related violations: <none>

DPOP-1#8 Warning
PREG Output pipelining
DSP u_fft/normalized_ifft/butterfly/g_pipelined.value__0 output u_fft/normalized_ifft/butterfly/g_pipelined.value__0/P[47:0] is not pipelined (PREG=0). Pipelining the DSP48 output will improve performance and often saves power so it is suggested whenever possible to fully pipeline this function.  If this DSP48 function was inferred, it is suggested to describe an additional register stage after this function.  If the DSP48 was instantiated in the design, it is suggested to set the PREG attribute to 1.
Related violations: <none>

DPOP-1#9 Warning
PREG Output pipelining
DSP u_tx/tx_core/ifft/butterfly/g_pipelined.value output u_tx/tx_core/ifft/butterfly/g_pipelined.value/P[47:0] is not pipelined (PREG=0). Pipelining the DSP48 output will improve performance and often saves power so it is suggested whenever possible to fully pipeline this function.  If this DSP48 function was inferred, it is suggested to describe an additional register stage after this function.  If the DSP48 was instantiated in the design, it is suggested to set the PREG attribute to 1.
Related violations: <none>

DPOP-1#10 Warning
PREG Output pipelining
DSP u_tx/tx_core/ifft/butterfly/g_pipelined.value__0 output u_tx/tx_core/ifft/butterfly/g_pipelined.value__0/P[47:0] is not pipelined (PREG=0). Pipelining the DSP48 output will improve performance and often saves power so it is suggested whenever possible to fully pipeline this function.  If this DSP48 function was inferred, it is suggested to describe an additional register stage after this function.  If the DSP48 was instantiated in the design, it is suggested to set the PREG attribute to 1.
Related violations: <none>

DPOP-2#1 Warning
MREG Output pipelining
DSP g_cfo.u_cfo/g_x_reg multiplier stage g_cfo.u_cfo/g_x_reg/P[47:0] is not pipelined (MREG=0). Pipelining the multiplier function will improve performance and will save significant power so it is suggested whenever possible to fully pipeline this function.  If this multiplier was inferred, it is suggested to describe an additional register stage after this function.  If there is no registered adder/accumulator following the multiply function, two pipeline stages are suggested to allow both the MREG and PREG registers to be used.  If the DSP48 was instantiated in the design, it is suggested to set both the MREG and PREG attributes to 1 when performing multiply functions.
Related violations: <none>

DPOP-2#2 Warning
MREG Output pipelining
DSP g_cfo.u_cfo/g_y_reg multiplier stage g_cfo.u_cfo/g_y_reg/P[47:0] is not pipelined (MREG=0). Pipelining the multiplier function will improve performance and will save significant power so it is suggested whenever possible to fully pipeline this function.  If this multiplier was inferred, it is suggested to describe an additional register stage after this function.  If there is no registered adder/accumulator following the multiply function, two pipeline stages are suggested to allow both the MREG and PREG registers to be used.  If the DSP48 was instantiated in the design, it is suggested to set both the MREG and PREG attributes to 1 when performing multiply functions.
Related violations: <none>

DPOP-2#3 Warning
MREG Output pipelining
DSP g_cfo.u_cfo/r1 multiplier stage g_cfo.u_cfo/r1/P[47:0] is not pipelined (MREG=0). Pipelining the multiplier function will improve performance and will save significant power so it is suggested whenever possible to fully pipeline this function.  If this multiplier was inferred, it is suggested to describe an additional register stage after this function.  If there is no registered adder/accumulator following the multiply function, two pipeline stages are suggested to allow both the MREG and PREG registers to be used.  If the DSP48 was instantiated in the design, it is suggested to set both the MREG and PREG attributes to 1 when performing multiply functions.
Related violations: <none>

DPOP-2#4 Warning
MREG Output pipelining
DSP g_cfo.u_cfo/r1__0 multiplier stage g_cfo.u_cfo/r1__0/P[47:0] is not pipelined (MREG=0). Pipelining the multiplier function will improve performance and will save significant power so it is suggested whenever possible to fully pipeline this function.  If this multiplier was inferred, it is suggested to describe an additional register stage after this function.  If there is no registered adder/accumulator following the multiply function, two pipeline stages are suggested to allow both the MREG and PREG registers to be used.  If the DSP48 was instantiated in the design, it is suggested to set both the MREG and PREG attributes to 1 when performing multiply functions.
Related violations: <none>

DPOP-2#5 Warning
MREG Output pipelining
DSP g_cfo.u_cfo/r2 multiplier stage g_cfo.u_cfo/r2/P[47:0] is not pipelined (MREG=0). Pipelining the multiplier function will improve performance and will save significant power so it is suggested whenever possible to fully pipeline this function.  If this multiplier was inferred, it is suggested to describe an additional register stage after this function.  If there is no registered adder/accumulator following the multiply function, two pipeline stages are suggested to allow both the MREG and PREG registers to be used.  If the DSP48 was instantiated in the design, it is suggested to set both the MREG and PREG attributes to 1 when performing multiply functions.
Related violations: <none>

DPOP-2#6 Warning
MREG Output pipelining
DSP g_cfo.u_cfo/r2__0 multiplier stage g_cfo.u_cfo/r2__0/P[47:0] is not pipelined (MREG=0). Pipelining the multiplier function will improve performance and will save significant power so it is suggested whenever possible to fully pipeline this function.  If this multiplier was inferred, it is suggested to describe an additional register stage after this function.  If there is no registered adder/accumulator following the multiply function, two pipeline stages are suggested to allow both the MREG and PREG registers to be used.  If the DSP48 was instantiated in the design, it is suggested to set both the MREG and PREG attributes to 1 when performing multiply functions.
Related violations: <none>

DPOP-2#7 Warning
MREG Output pipelining
DSP g_channel_eq.u_channel_eq/n_e_reg multiplier stage g_channel_eq.u_channel_eq/n_e_reg/P[47:0] is not pipelined (MREG=0). Pipelining the multiplier function will improve performance and will save significant power so it is suggested whenever possible to fully pipeline this function.  If this multiplier was inferred, it is suggested to describe an additional register stage after this function.  If there is no registered adder/accumulator following the multiply function, two pipeline stages are suggested to allow both the MREG and PREG registers to be used.  If the DSP48 was instantiated in the design, it is suggested to set both the MREG and PREG attributes to 1 when performing multiply functions.
Related violations: <none>

DPOP-2#8 Warning
MREG Output pipelining
DSP g_channel_eq.u_channel_eq/s1_ir_reg multiplier stage g_channel_eq.u_channel_eq/s1_ir_reg/P[47:0] is not pipelined (MREG=0). Pipelining the multiplier function will improve performance and will save significant power so it is suggested whenever possible to fully pipeline this function.  If this multiplier was inferred, it is suggested to describe an additional register stage after this function.  If there is no registered adder/accumulator following the multiply function, two pipeline stages are suggested to allow both the MREG and PREG registers to be used.  If the DSP48 was instantiated in the design, it is suggested to set both the MREG and PREG attributes to 1 when performing multiply functions.
Related violations: <none>

DPOP-2#9 Warning
MREG Output pipelining
DSP g_channel_eq.u_channel_eq/s1_rr_reg multiplier stage g_channel_eq.u_channel_eq/s1_rr_reg/P[47:0] is not pipelined (MREG=0). Pipelining the multiplier function will improve performance and will save significant power so it is suggested whenever possible to fully pipeline this function.  If this multiplier was inferred, it is suggested to describe an additional register stage after this function.  If there is no registered adder/accumulator following the multiply function, two pipeline stages are suggested to allow both the MREG and PREG registers to be used.  If the DSP48 was instantiated in the design, it is suggested to set both the MREG and PREG attributes to 1 when performing multiply functions.
Related violations: <none>

DPOP-2#10 Warning
MREG Output pipelining
DSP g_channel_eq.u_channel_eq/s3_q_im0 multiplier stage g_channel_eq.u_channel_eq/s3_q_im0/P[47:0] is not pipelined (MREG=0). Pipelining the multiplier function will improve performance and will save significant power so it is suggested whenever possible to fully pipeline this function.  If this multiplier was inferred, it is suggested to describe an additional register stage after this function.  If there is no registered adder/accumulator following the multiply function, two pipeline stages are suggested to allow both the MREG and PREG registers to be used.  If the DSP48 was instantiated in the design, it is suggested to set both the MREG and PREG attributes to 1 when performing multiply functions.
Related violations: <none>

DPOP-2#11 Warning
MREG Output pipelining
DSP g_channel_eq.u_channel_eq/s3_q_im_reg multiplier stage g_channel_eq.u_channel_eq/s3_q_im_reg/P[47:0] is not pipelined (MREG=0). Pipelining the multiplier function will improve performance and will save significant power so it is suggested whenever possible to fully pipeline this function.  If this multiplier was inferred, it is suggested to describe an additional register stage after this function.  If there is no registered adder/accumulator following the multiply function, two pipeline stages are suggested to allow both the MREG and PREG registers to be used.  If the DSP48 was instantiated in the design, it is suggested to set both the MREG and PREG attributes to 1 when performing multiply functions.
Related violations: <none>

DPOP-2#12 Warning
MREG Output pipelining
DSP g_channel_eq.u_channel_eq/s3_q_re0 multiplier stage g_channel_eq.u_channel_eq/s3_q_re0/P[47:0] is not pipelined (MREG=0). Pipelining the multiplier function will improve performance and will save significant power so it is suggested whenever possible to fully pipeline this function.  If this multiplier was inferred, it is suggested to describe an additional register stage after this function.  If there is no registered adder/accumulator following the multiply function, two pipeline stages are suggested to allow both the MREG and PREG registers to be used.  If the DSP48 was instantiated in the design, it is suggested to set both the MREG and PREG attributes to 1 when performing multiply functions.
Related violations: <none>

DPOP-2#13 Warning
MREG Output pipelining
DSP g_channel_eq.u_channel_eq/s3_q_re_reg multiplier stage g_channel_eq.u_channel_eq/s3_q_re_reg/P[47:0] is not pipelined (MREG=0). Pipelining the multiplier function will improve performance and will save significant power so it is suggested whenever possible to fully pipeline this function.  If this multiplier was inferred, it is suggested to describe an additional register stage after this function.  If there is no registered adder/accumulator following the multiply function, two pipeline stages are suggested to allow both the MREG and PREG registers to be used.  If the DSP48 was instantiated in the design, it is suggested to set both the MREG and PREG attributes to 1 when performing multiply functions.
Related violations: <none>

DPOP-2#14 Warning
MREG Output pipelining
DSP u_correct/equalizer/g_pipelined.s1_ri_reg multiplier stage u_correct/equalizer/g_pipelined.s1_ri_reg/P[47:0] is not pipelined (MREG=0). Pipelining the multiplier function will improve performance and will save significant power so it is suggested whenever possible to fully pipeline this function.  If this multiplier was inferred, it is suggested to describe an additional register stage after this function.  If there is no registered adder/accumulator following the multiply function, two pipeline stages are suggested to allow both the MREG and PREG registers to be used.  If the DSP48 was instantiated in the design, it is suggested to set both the MREG and PREG attributes to 1 when performing multiply functions.
Related violations: <none>

DPOP-2#15 Warning
MREG Output pipelining
DSP u_correct/equalizer/g_pipelined.s1_rr_reg multiplier stage u_correct/equalizer/g_pipelined.s1_rr_reg/P[47:0] is not pipelined (MREG=0). Pipelining the multiplier function will improve performance and will save significant power so it is suggested whenever possible to fully pipeline this function.  If this multiplier was inferred, it is suggested to describe an additional register stage after this function.  If there is no registered adder/accumulator following the multiply function, two pipeline stages are suggested to allow both the MREG and PREG registers to be used.  If the DSP48 was instantiated in the design, it is suggested to set both the MREG and PREG attributes to 1 when performing multiply functions.
Related violations: <none>

DPOP-2#16 Warning
MREG Output pipelining
DSP u_fft/normalized_ifft/butterfly/g_pipelined.s1_ri_reg multiplier stage u_fft/normalized_ifft/butterfly/g_pipelined.s1_ri_reg/P[47:0] is not pipelined (MREG=0). Pipelining the multiplier function will improve performance and will save significant power so it is suggested whenever possible to fully pipeline this function.  If this multiplier was inferred, it is suggested to describe an additional register stage after this function.  If there is no registered adder/accumulator following the multiply function, two pipeline stages are suggested to allow both the MREG and PREG registers to be used.  If the DSP48 was instantiated in the design, it is suggested to set both the MREG and PREG attributes to 1 when performing multiply functions.
Related violations: <none>

DPOP-2#17 Warning
MREG Output pipelining
DSP u_fft/normalized_ifft/butterfly/g_pipelined.s1_rr_reg multiplier stage u_fft/normalized_ifft/butterfly/g_pipelined.s1_rr_reg/P[47:0] is not pipelined (MREG=0). Pipelining the multiplier function will improve performance and will save significant power so it is suggested whenever possible to fully pipeline this function.  If this multiplier was inferred, it is suggested to describe an additional register stage after this function.  If there is no registered adder/accumulator following the multiply function, two pipeline stages are suggested to allow both the MREG and PREG registers to be used.  If the DSP48 was instantiated in the design, it is suggested to set both the MREG and PREG attributes to 1 when performing multiply functions.
Related violations: <none>

DPOP-2#18 Warning
MREG Output pipelining
DSP u_tx/tx_core/ifft/butterfly/g_pipelined.s1_ri_reg multiplier stage u_tx/tx_core/ifft/butterfly/g_pipelined.s1_ri_reg/P[47:0] is not pipelined (MREG=0). Pipelining the multiplier function will improve performance and will save significant power so it is suggested whenever possible to fully pipeline this function.  If this multiplier was inferred, it is suggested to describe an additional register stage after this function.  If there is no registered adder/accumulator following the multiply function, two pipeline stages are suggested to allow both the MREG and PREG registers to be used.  If the DSP48 was instantiated in the design, it is suggested to set both the MREG and PREG attributes to 1 when performing multiply functions.
Related violations: <none>

DPOP-2#19 Warning
MREG Output pipelining
DSP u_tx/tx_core/ifft/butterfly/g_pipelined.s1_rr_reg multiplier stage u_tx/tx_core/ifft/butterfly/g_pipelined.s1_rr_reg/P[47:0] is not pipelined (MREG=0). Pipelining the multiplier function will improve performance and will save significant power so it is suggested whenever possible to fully pipeline this function.  If this multiplier was inferred, it is suggested to describe an additional register stage after this function.  If there is no registered adder/accumulator following the multiply function, two pipeline stages are suggested to allow both the MREG and PREG registers to be used.  If the DSP48 was instantiated in the design, it is suggested to set both the MREG and PREG attributes to 1 when performing multiply functions.
Related violations: <none>

PDRC-153#1 Warning
Gated clock check
Net u_fft/normalized_ifft/bank_raddr is a gated clock net sourced by a combinational pin u_fft/normalized_ifft/bank_raddr_reg[1][4]_i_2__0/O, cell u_fft/normalized_ifft/bank_raddr_reg[1][4]_i_2__0. This is not good design practice and will likely impact performance. For SLICE registers, for example, use the CE pin to control the loading of data.
Related violations: <none>

PDRC-153#2 Warning
Gated clock check
Net u_fft/normalized_ifft/bank_raddr_reg[0][4]_i_2__0_n_0 is a gated clock net sourced by a combinational pin u_fft/normalized_ifft/bank_raddr_reg[0][4]_i_2__0/O, cell u_fft/normalized_ifft/bank_raddr_reg[0][4]_i_2__0. This is not good design practice and will likely impact performance. For SLICE registers, for example, use the CE pin to control the loading of data.
Related violations: <none>

PDRC-153#3 Warning
Gated clock check
Net u_tx/tx_core/ifft/bank_raddr is a gated clock net sourced by a combinational pin u_tx/tx_core/ifft/bank_raddr_reg[1][4]_i_2/O, cell u_tx/tx_core/ifft/bank_raddr_reg[1][4]_i_2. This is not good design practice and will likely impact performance. For SLICE registers, for example, use the CE pin to control the loading of data.
Related violations: <none>

PDRC-153#4 Warning
Gated clock check
Net u_tx/tx_core/ifft/bank_raddr_reg[0][4]_i_2_n_0 is a gated clock net sourced by a combinational pin u_tx/tx_core/ifft/bank_raddr_reg[0][4]_i_2/O, cell u_tx/tx_core/ifft/bank_raddr_reg[0][4]_i_2. This is not good design practice and will likely impact performance. For SLICE registers, for example, use the CE pin to control the loading of data.
Related violations: <none>

RTSTAT-10#1 Warning
No routable loads
76 net(s) have no routable loads. The problem bus(es) and/or net(s) are u_tx/cp16/sample_im_mem_reg_0_63_0_2/DOA,
u_tx/cp16/sample_im_mem_reg_0_63_12_14/DOA,
u_tx/cp16/sample_im_mem_reg_0_63_12_14/DOB,
u_tx/cp16/sample_im_mem_reg_0_63_3_5/DOA,
u_tx/cp16/sample_im_mem_reg_0_63_6_8/DOA,
u_tx/cp16/sample_im_mem_reg_0_63_9_11/DOA,
u_tx/cp16/sample_re_mem_reg_0_63_0_2/DOA,
u_tx/cp16/sample_re_mem_reg_0_63_0_2/DOB,
u_tx/cp16/sample_re_mem_reg_0_63_12_14/DOA,
u_tx/cp16/sample_re_mem_reg_0_63_15_15/DOA,
u_tx/cp16/sample_re_mem_reg_0_63_3_5/DOA,
u_tx/cp16/sample_re_mem_reg_0_63_3_5/DOB,
u_tx/cp16/sample_re_mem_reg_0_63_6_8/DOA,
u_tx/cp16/sample_re_mem_reg_0_63_9_11/DOA,
u_tx/cp16/sample_re_mem_reg_0_63_9_11/DOB (the first 15 of 38 listed).
Related violations: <none>

ZPS7-1#1 Warning
PS7 block required
The PS7 cell must be used in this Zynq design in order to enable correct default configuration.
Related violations: <none>
