Copyright 1986-2021 Xilinx, Inc. All Rights Reserved.
-----------------------------------------------------------------------------------------------------------------------------------------------------------------------------------------------------------
| Tool Version : Vivado v.2021.1 (win64) Build 3247384 Thu Jun 10 19:36:33 MDT 2021
| Date         : normalized
| Host         : normalized
| Command      : report_timing_summary -delay_type max -max_paths 10 -file <output_dir>/ofdm_channel_equalizer_zf_post_synthesis_timing_summary.rpt
| Design       : ofdm_channel_equalizer
| Device       : 7z020-clg400
| Speed File   : -2  PRODUCTION 1.12 2019-11-22
-----------------------------------------------------------------------------------------------------------------------------------------------------------------------------------------------------------

Timing Summary Report

------------------------------------------------------------------------------------------------
| Timer Settings
| --------------
------------------------------------------------------------------------------------------------

  Enable Multi Corner Analysis               :  Yes
  Enable Pessimism Removal                   :  Yes
  Pessimism Removal Resolution               :  Nearest Common Node
  Enable Input Delay Default Clock           :  No
  Enable Preset / Clear Arcs                 :  No
  Disable Flight Delays                      :  No
  Ignore I/O Paths                           :  No
  Timing Early Launch at Borrowing Latches   :  No
  Borrow Time for Max Delay Exceptions       :  Yes
  Merge Timing Exceptions                    :  Yes

  Corner  Analyze    Analyze
  Name    Max Paths  Min Paths
  ------  ---------  ---------
  Slow    Yes        Yes
  Fast    Yes        Yes


------------------------------------------------------------------------------------------------
| Report Methodology
| ------------------
------------------------------------------------------------------------------------------------

No report available as report_methodology has not been run prior. Run report_methodology on the current design for the summary of methodology violations.



check_timing report

Table of Contents
-----------------
1. checking no_clock (0)
2. checking constant_clock (0)
3. checking pulse_width_clock (0)
4. checking unconstrained_internal_endpoints (0)
5. checking no_input_delay (0)
6. checking no_output_delay (0)
7. checking multiple_clock (0)
8. checking generated_clocks (0)
9. checking loops (0)
10. checking partial_input_delay (0)
11. checking partial_output_delay (0)
12. checking latch_loops (0)

1. checking no_clock (0)
------------------------
 There are 0 register/latch pins with no clock.


2. checking constant_clock (0)
------------------------------
 There are 0 register/latch pins with constant_clock.


3. checking pulse_width_clock (0)
---------------------------------
 There are 0 register/latch pins which need pulse_width check


4. checking unconstrained_internal_endpoints (0)
------------------------------------------------
 There are 0 pins that are not constrained for maximum delay.

 There are 0 pins that are not constrained for maximum delay due to constant clock.


5. checking no_input_delay (0)
------------------------------
 There are 0 input ports with no input delay specified.

 There are 0 input ports with no input delay but user has a false path constraint.


6. checking no_output_delay (0)
-------------------------------
 There are 0 ports with no output delay specified.

 There are 0 ports with no output delay but user has a false path constraint

 There are 0 ports with no output delay but with a timing clock defined on it or propagating through it


7. checking multiple_clock (0)
------------------------------
 There are 0 register/latch pins with multiple clocks.


8. checking generated_clocks (0)
--------------------------------
 There are 0 generated clocks that are not connected to a clock source.


9. checking loops (0)
---------------------
 There are 0 combinational loops in the design.


10. checking partial_input_delay (0)
------------------------------------
 There are 0 input ports with partial input delay specified.


11. checking partial_output_delay (0)
-------------------------------------
 There are 0 ports with partial output delay specified.


12. checking latch_loops (0)
----------------------------
 There are 0 combinational latch loops in the design through latch input



------------------------------------------------------------------------------------------------
| Design Timing Summary
| ---------------------
------------------------------------------------------------------------------------------------

    WNS(ns)      TNS(ns)  TNS Failing Endpoints  TNS Total Endpoints     WPWS(ns)     TPWS(ns)  TPWS Failing Endpoints  TPWS Total Endpoints
    -------      -------  ---------------------  -------------------     --------     --------  ----------------------  --------------------
      3.256        0.000                      0                 2769        3.870        0.000                       0                   663


All user specified timing constraints are met.


------------------------------------------------------------------------------------------------
| Clock Summary
| -------------
------------------------------------------------------------------------------------------------

Clock  Waveform(ns)       Period(ns)      Frequency(MHz)
-----  ------------       ----------      --------------
clk    {0.000 5.000}      10.000          100.000


------------------------------------------------------------------------------------------------
| Intra Clock Table
| -----------------
------------------------------------------------------------------------------------------------

Clock             WNS(ns)      TNS(ns)  TNS Failing Endpoints  TNS Total Endpoints     WPWS(ns)     TPWS(ns)  TPWS Failing Endpoints  TPWS Total Endpoints
-----             -------      -------  ---------------------  -------------------     --------     --------  ----------------------  --------------------
clk                 3.256        0.000                      0                 2769        3.870        0.000                       0                   663


------------------------------------------------------------------------------------------------
| Inter Clock Table
| -----------------
------------------------------------------------------------------------------------------------

From Clock    To Clock          WNS(ns)      TNS(ns)  TNS Failing Endpoints  TNS Total Endpoints
----------    --------          -------      -------  ---------------------  -------------------


------------------------------------------------------------------------------------------------
| Other Path Groups Table
| -----------------------
------------------------------------------------------------------------------------------------

Path Group    From Clock    To Clock          WNS(ns)      TNS(ns)  TNS Failing Endpoints  TNS Total Endpoints
----------    ----------    --------          -------      -------  ---------------------  -------------------


------------------------------------------------------------------------------------------------
| Timing Details
| --------------
------------------------------------------------------------------------------------------------


---------------------------------------------------------------------------------------------------
From Clock:  clk
  To Clock:  clk

Setup :            0  Failing Endpoints,  Worst Slack        3.256ns,  Total Violation        0.000ns
Hold  :           NA  Failing Endpoints,  Worst Slack           NA  ,  Total Violation           NA
PW    :            0  Failing Endpoints,  Worst Slack        3.870ns,  Total Violation        0.000ns
---------------------------------------------------------------------------------------------------


Max Delay Paths
--------------------------------------------------------------------------------------
Slack (MET) :             3.256ns  (required time - arrival time)
  Source:                 n_bin_reg[0]/C
                            (rising edge-triggered cell FDRE clocked by clk  {rise@0.000ns fall@5.000ns period=10.000ns})
  Destination:            n_e_reg/PCIN[0]
                            (rising edge-triggered cell DSP48E1 clocked by clk  {rise@0.000ns fall@5.000ns period=10.000ns})
  Path Group:             clk
  Path Type:              Setup (Max at Slow Process Corner)
  Requirement:            10.000ns  (clk rise@10.000ns - clk rise@0.000ns)
  Data Path Delay:        5.496ns  (logic 3.932ns (71.549%)  route 1.564ns (28.451%))
  Logic Levels:           2  (DSP48E1=1 RAMD64E=1)
  Clock Path Skew:        -0.039ns (DCD - SCD + CPR)
    Destination Clock Delay (DCD):    0.748ns = ( 10.748 - 10.000 )
    Source Clock Delay      (SCD):    0.787ns
    Clock Pessimism Removal (CPR):    0.000ns
  Clock Uncertainty:      0.035ns  ((TSJ^2 + TIJ^2)^1/2 + DJ) / 2 + PE
    Total System Jitter     (TSJ):    0.071ns
    Total Input Jitter      (TIJ):    0.000ns
    Discrete Jitter          (DJ):    0.000ns
    Phase Error              (PE):    0.000ns

    Location             Delay type                Incr(ns)  Path(ns)    Netlist Resource(s)
  -------------------------------------------------------------------    -------------------
                         (clock clk rise edge)        0.000     0.000 r
                                                      0.000     0.000 r  clk (IN)
                         net (fo=662, unset)          0.787     0.787    clk
                         FDRE                                         r  n_bin_reg[0]/C
  -------------------------------------------------------------------    -------------------
                         FDRE (Prop_fdre_C_Q)         0.303     1.090 r  n_bin_reg[0]/Q
                         net (fo=54, unplaced)        0.863     1.953    g_re_reg_r1_0_63_15_17/ADDRC0
                         RAMD64E (Prop_ramd64e_RADR0_O)
                                                      0.232     2.185 r  g_re_reg_r1_0_63_15_17/RAMC/O
                         net (fo=14, unplaced)        0.646     2.831    n_gr[17]
                         DSP48E1 (Prop_dsp48e1_A[29]_PCOUT[0])
                                                      3.397     6.228 r  n_e1/PCOUT[0]
                         net (fo=1, unplaced)         0.055     6.283    n_e1_n_153
                         DSP48E1                                      r  n_e_reg/PCIN[0]
  -------------------------------------------------------------------    -------------------

                         (clock clk rise edge)       10.000    10.000 r
                                                      0.000    10.000 r  clk (IN)
                         net (fo=662, unset)          0.748    10.748    clk
                         DSP48E1                                      r  n_e_reg/CLK
                         clock pessimism              0.000    10.748
                         clock uncertainty           -0.035    10.712
                         DSP48E1 (Setup_dsp48e1_CLK_PCIN[0])
                                                     -1.174     9.538    n_e_reg
  -------------------------------------------------------------------
                         required time                          9.538
                         arrival time                          -6.283
  -------------------------------------------------------------------
                         slack                                  3.256

Slack (MET) :             3.256ns  (required time - arrival time)
  Source:                 n_bin_reg[0]/C
                            (rising edge-triggered cell FDRE clocked by clk  {rise@0.000ns fall@5.000ns period=10.000ns})
  Destination:            n_e_reg/PCIN[10]
                            (rising edge-triggered cell DSP48E1 clocked by clk  {rise@0.000ns fall@5.000ns period=10.000ns})
  Path Group:             clk
  Path Type:              Setup (Max at Slow Process Corner)
  Requirement:            10.000ns  (clk rise@10.000ns - clk rise@0.000ns)
  Data Path Delay:        5.496ns  (logic 3.932ns (71.549%)  route 1.564ns (28.451%))
  Logic Levels:           2  (DSP48E1=1 RAMD64E=1)
  Clock Path Skew:        -0.039ns (DCD - SCD + CPR)
    Destination Clock Delay (DCD):    0.748ns = ( 10.748 - 10.000 )
    Source Clock Delay      (SCD):    0.787ns
    Clock Pessimism Removal (CPR):    0.000ns
  Clock Uncertainty:      0.035ns  ((TSJ^2 + TIJ^2)^1/2 + DJ) / 2 + PE
    Total System Jitter     (TSJ):    0.071ns
    Total Input Jitter      (TIJ):    0.000ns
    Discrete Jitter          (DJ):    0.000ns
    Phase Error              (PE):    0.000ns

    Location             Delay type                Incr(ns)  Path(ns)    Netlist Resource(s)
  -------------------------------------------------------------------    -------------------
                         (clock clk rise edge)        0.000     0.000 r
                                                      0.000     0.000 r  clk (IN)
                         net (fo=662, unset)          0.787     0.787    clk
                         FDRE                                         r  n_bin_reg[0]/C
  -------------------------------------------------------------------    -------------------
                         FDRE (Prop_fdre_C_Q)         0.303     1.090 r  n_bin_reg[0]/Q
                         net (fo=54, unplaced)        0.863     1.953    g_re_reg_r1_0_63_15_17/ADDRC0
                         RAMD64E (Prop_ramd64e_RADR0_O)
                                                      0.232     2.185 r  g_re_reg_r1_0_63_15_17/RAMC/O
                         net (fo=14, unplaced)        0.646     2.831    n_gr[17]
                         DSP48E1 (Prop_dsp48e1_A[29]_PCOUT[10])
                                                      3.397     6.228 r  n_e1/PCOUT[10]
                         net (fo=1, unplaced)         0.055     6.283    n_e1_n_143
                         DSP48E1                                      r  n_e_reg/PCIN[10]
  -------------------------------------------------------------------    -------------------

                         (clock clk rise edge)       10.000    10.000 r
                                                      0.000    10.000 r  clk (IN)
                         net (fo=662, unset)          0.748    10.748    clk
                         DSP48E1                                      r  n_e_reg/CLK
                         clock pessimism              0.000    10.748
                         clock uncertainty           -0.035    10.712
                         DSP48E1 (Setup_dsp48e1_CLK_PCIN[10])
                                                     -1.174     9.538    n_e_reg
  -------------------------------------------------------------------
                         required time                          9.538
                         arrival time                          -6.283
  -------------------------------------------------------------------
                         slack                                  3.256

Slack (MET) :             3.256ns  (required time - arrival time)
  Source:                 n_bin_reg[0]/C
                            (rising edge-triggered cell FDRE clocked by clk  {rise@0.000ns fall@5.000ns period=10.000ns})
  Destination:            n_e_reg/PCIN[11]
                            (rising edge-triggered cell DSP48E1 clocked by clk  {rise@0.000ns fall@5.000ns period=10.000ns})
  Path Group:             clk
  Path Type:              Setup (Max at Slow Process Corner)
  Requirement:            10.000ns  (clk rise@10.000ns - clk rise@0.000ns)
  Data Path Delay:        5.496ns  (logic 3.932ns (71.549%)  route 1.564ns (28.451%))
  Logic Levels:           2  (DSP48E1=1 RAMD64E=1)
  Clock Path Skew:        -0.039ns (DCD - SCD + CPR)
    Destination Clock Delay (DCD):    0.748ns = ( 10.748 - 10.000 )
    Source Clock Delay      (SCD):    0.787ns
    Clock Pessimism Removal (CPR):    0.000ns
  Clock Uncertainty:      0.035ns  ((TSJ^2 + TIJ^2)^1/2 + DJ) / 2 + PE
    Total System Jitter     (TSJ):    0.071ns
    Total Input Jitter      (TIJ):    0.000ns
    Discrete Jitter          (DJ):    0.000ns
    Phase Error              (PE):    0.000ns

    Location             Delay type                Incr(ns)  Path(ns)    Netlist Resource(s)
  -------------------------------------------------------------------    -------------------
                         (clock clk rise edge)        0.000     0.000 r
                                                      0.000     0.000 r  clk (IN)
                         net (fo=662, unset)          0.787     0.787    clk
                         FDRE                                         r  n_bin_reg[0]/C
  -------------------------------------------------------------------    -------------------
                         FDRE (Prop_fdre_C_Q)         0.303     1.090 r  n_bin_reg[0]/Q
                         net (fo=54, unplaced)        0.863     1.953    g_re_reg_r1_0_63_15_17/ADDRC0
                         RAMD64E (Prop_ramd64e_RADR0_O)
                                                      0.232     2.185 r  g_re_reg_r1_0_63_15_17/RAMC/O
                         net (fo=14, unplaced)        0.646     2.831    n_gr[17]
                         DSP48E1 (Prop_dsp48e1_A[29]_PCOUT[11])
                                                      3.397     6.228 r  n_e1/PCOUT[11]
                         net (fo=1, unplaced)         0.055     6.283    n_e1_n_142
                         DSP48E1                                      r  n_e_reg/PCIN[11]
  -------------------------------------------------------------------    -------------------

                         (clock clk rise edge)       10.000    10.000 r
                                                      0.000    10.000 r  clk (IN)
                         net (fo=662, unset)          0.748    10.748    clk
                         DSP48E1                                      r  n_e_reg/CLK
                         clock pessimism              0.000    10.748
                         clock uncertainty           -0.035    10.712
                         DSP48E1 (Setup_dsp48e1_CLK_PCIN[11])
                                                     -1.174     9.538    n_e_reg
  -------------------------------------------------------------------
                         required time                          9.538
                         arrival time                          -6.283
  -------------------------------------------------------------------
                         slack                                  3.256

Slack (MET) :             3.256ns  (required time - arrival time)
  Source:                 n_bin_reg[0]/C
                            (rising edge-triggered cell FDRE clocked by clk  {rise@0.000ns fall@5.000ns period=10.000ns})
  Destination:            n_e_reg/PCIN[12]
                            (rising edge-triggered cell DSP48E1 clocked by clk  {rise@0.000ns fall@5.000ns period=10.000ns})
  Path Group:             clk
  Path Type:              Setup (Max at Slow Process Corner)
  Requirement:            10.000ns  (clk rise@10.000ns - clk rise@0.000ns)
  Data Path Delay:        5.496ns  (logic 3.932ns (71.549%)  route 1.564ns (28.451%))
  Logic Levels:           2  (DSP48E1=1 RAMD64E=1)
  Clock Path Skew:        -0.039ns (DCD - SCD + CPR)
    Destination Clock Delay (DCD):    0.748ns = ( 10.748 - 10.000 )
    Source Clock Delay      (SCD):    0.787ns
    Clock Pessimism Removal (CPR):    0.000ns
  Clock Uncertainty:      0.035ns  ((TSJ^2 + TIJ^2)^1/2 + DJ) / 2 + PE
    Total System Jitter     (TSJ):    0.071ns
    Total Input Jitter      (TIJ):    0.000ns
    Discrete Jitter          (DJ):    0.000ns
    Phase Error              (PE):    0.000ns

    Location             Delay type                Incr(ns)  Path(ns)    Netlist Resource(s)
  -------------------------------------------------------------------    -------------------
                         (clock clk rise edge)        0.000     0.000 r
                                                      0.000     0.000 r  clk (IN)
                         net (fo=662, unset)          0.787     0.787    clk
                         FDRE                                         r  n_bin_reg[0]/C
  -------------------------------------------------------------------    -------------------
                         FDRE (Prop_fdre_C_Q)         0.303     1.090 r  n_bin_reg[0]/Q
                         net (fo=54, unplaced)        0.863     1.953    g_re_reg_r1_0_63_15_17/ADDRC0
                         RAMD64E (Prop_ramd64e_RADR0_O)
                                                      0.232     2.185 r  g_re_reg_r1_0_63_15_17/RAMC/O
                         net (fo=14, unplaced)        0.646     2.831    n_gr[17]
                         DSP48E1 (Prop_dsp48e1_A[29]_PCOUT[12])
                                                      3.397     6.228 r  n_e1/PCOUT[12]
                         net (fo=1, unplaced)         0.055     6.283    n_e1_n_141
                         DSP48E1                                      r  n_e_reg/PCIN[12]
  -------------------------------------------------------------------    -------------------

                         (clock clk rise edge)       10.000    10.000 r
                                                      0.000    10.000 r  clk (IN)
                         net (fo=662, unset)          0.748    10.748    clk
                         DSP48E1                                      r  n_e_reg/CLK
                         clock pessimism              0.000    10.748
                         clock uncertainty           -0.035    10.712
                         DSP48E1 (Setup_dsp48e1_CLK_PCIN[12])
                                                     -1.174     9.538    n_e_reg
  -------------------------------------------------------------------
                         required time                          9.538
                         arrival time                          -6.283
  -------------------------------------------------------------------
                         slack                                  3.256

Slack (MET) :             3.256ns  (required time - arrival time)
  Source:                 n_bin_reg[0]/C
                            (rising edge-triggered cell FDRE clocked by clk  {rise@0.000ns fall@5.000ns period=10.000ns})
  Destination:            n_e_reg/PCIN[13]
                            (rising edge-triggered cell DSP48E1 clocked by clk  {rise@0.000ns fall@5.000ns period=10.000ns})
  Path Group:             clk
  Path Type:              Setup (Max at Slow Process Corner)
  Requirement:            10.000ns  (clk rise@10.000ns - clk rise@0.000ns)
  Data Path Delay:        5.496ns  (logic 3.932ns (71.549%)  route 1.564ns (28.451%))
  Logic Levels:           2  (DSP48E1=1 RAMD64E=1)
  Clock Path Skew:        -0.039ns (DCD - SCD + CPR)
    Destination Clock Delay (DCD):    0.748ns = ( 10.748 - 10.000 )
    Source Clock Delay      (SCD):    0.787ns
    Clock Pessimism Removal (CPR):    0.000ns
  Clock Uncertainty:      0.035ns  ((TSJ^2 + TIJ^2)^1/2 + DJ) / 2 + PE
    Total System Jitter     (TSJ):    0.071ns
    Total Input Jitter      (TIJ):    0.000ns
    Discrete Jitter          (DJ):    0.000ns
    Phase Error              (PE):    0.000ns

    Location             Delay type                Incr(ns)  Path(ns)    Netlist Resource(s)
  -------------------------------------------------------------------    -------------------
                         (clock clk rise edge)        0.000     0.000 r
                                                      0.000     0.000 r  clk (IN)
                         net (fo=662, unset)          0.787     0.787    clk
                         FDRE                                         r  n_bin_reg[0]/C
  -------------------------------------------------------------------    -------------------
                         FDRE (Prop_fdre_C_Q)         0.303     1.090 r  n_bin_reg[0]/Q
                         net (fo=54, unplaced)        0.863     1.953    g_re_reg_r1_0_63_15_17/ADDRC0
                         RAMD64E (Prop_ramd64e_RADR0_O)
                                                      0.232     2.185 r  g_re_reg_r1_0_63_15_17/RAMC/O
                         net (fo=14, unplaced)        0.646     2.831    n_gr[17]
                         DSP48E1 (Prop_dsp48e1_A[29]_PCOUT[13])
                                                      3.397     6.228 r  n_e1/PCOUT[13]
                         net (fo=1, unplaced)         0.055     6.283    n_e1_n_140
                         DSP48E1                                      r  n_e_reg/PCIN[13]
  -------------------------------------------------------------------    -------------------

                         (clock clk rise edge)       10.000    10.000 r
                                                      0.000    10.000 r  clk (IN)
                         net (fo=662, unset)          0.748    10.748    clk
                         DSP48E1                                      r  n_e_reg/CLK
                         clock pessimism              0.000    10.748
                         clock uncertainty           -0.035    10.712
                         DSP48E1 (Setup_dsp48e1_CLK_PCIN[13])
                                                     -1.174     9.538    n_e_reg
  -------------------------------------------------------------------
                         required time                          9.538
                         arrival time                          -6.283
  -------------------------------------------------------------------
                         slack                                  3.256

Slack (MET) :             3.256ns  (required time - arrival time)
  Source:                 n_bin_reg[0]/C
                            (rising edge-triggered cell FDRE clocked by clk  {rise@0.000ns fall@5.000ns period=10.000ns})
  Destination:            n_e_reg/PCIN[14]
                            (rising edge-triggered cell DSP48E1 clocked by clk  {rise@0.000ns fall@5.000ns period=10.000ns})
  Path Group:             clk
  Path Type:              Setup (Max at Slow Process Corner)
  Requirement:            10.000ns  (clk rise@10.000ns - clk rise@0.000ns)
  Data Path Delay:        5.496ns  (logic 3.932ns (71.549%)  route 1.564ns (28.451%))
  Logic Levels:           2  (DSP48E1=1 RAMD64E=1)
  Clock Path Skew:        -0.039ns (DCD - SCD + CPR)
    Destination Clock Delay (DCD):    0.748ns = ( 10.748 - 10.000 )
    Source Clock Delay      (SCD):    0.787ns
    Clock Pessimism Removal (CPR):    0.000ns
  Clock Uncertainty:      0.035ns  ((TSJ^2 + TIJ^2)^1/2 + DJ) / 2 + PE
    Total System Jitter     (TSJ):    0.071ns
    Total Input Jitter      (TIJ):    0.000ns
    Discrete Jitter          (DJ):    0.000ns
    Phase Error              (PE):    0.000ns

    Location             Delay type                Incr(ns)  Path(ns)    Netlist Resource(s)
  -------------------------------------------------------------------    -------------------
                         (clock clk rise edge)        0.000     0.000 r
                                                      0.000     0.000 r  clk (IN)
                         net (fo=662, unset)          0.787     0.787    clk
                         FDRE                                         r  n_bin_reg[0]/C
  -------------------------------------------------------------------    -------------------
                         FDRE (Prop_fdre_C_Q)         0.303     1.090 r  n_bin_reg[0]/Q
                         net (fo=54, unplaced)        0.863     1.953    g_re_reg_r1_0_63_15_17/ADDRC0
                         RAMD64E (Prop_ramd64e_RADR0_O)
                                                      0.232     2.185 r  g_re_reg_r1_0_63_15_17/RAMC/O
                         net (fo=14, unplaced)        0.646     2.831    n_gr[17]
                         DSP48E1 (Prop_dsp48e1_A[29]_PCOUT[14])
                                                      3.397     6.228 r  n_e1/PCOUT[14]
                         net (fo=1, unplaced)         0.055     6.283    n_e1_n_139
                         DSP48E1                                      r  n_e_reg/PCIN[14]
  -------------------------------------------------------------------    -------------------

                         (clock clk rise edge)       10.000    10.000 r
                                                      0.000    10.000 r  clk (IN)
                         net (fo=662, unset)          0.748    10.748    clk
                         DSP48E1                                      r  n_e_reg/CLK
                         clock pessimism              0.000    10.748
                         clock uncertainty           -0.035    10.712
                         DSP48E1 (Setup_dsp48e1_CLK_PCIN[14])
                                                     -1.174     9.538    n_e_reg
  -------------------------------------------------------------------
                         required time                          9.538
                         arrival time                          -6.283
  -------------------------------------------------------------------
                         slack                                  3.256

Slack (MET) :             3.256ns  (required time - arrival time)
  Source:                 n_bin_reg[0]/C
                            (rising edge-triggered cell FDRE clocked by clk  {rise@0.000ns fall@5.000ns period=10.000ns})
  Destination:            n_e_reg/PCIN[15]
                            (rising edge-triggered cell DSP48E1 clocked by clk  {rise@0.000ns fall@5.000ns period=10.000ns})
  Path Group:             clk
  Path Type:              Setup (Max at Slow Process Corner)
  Requirement:            10.000ns  (clk rise@10.000ns - clk rise@0.000ns)
  Data Path Delay:        5.496ns  (logic 3.932ns (71.549%)  route 1.564ns (28.451%))
  Logic Levels:           2  (DSP48E1=1 RAMD64E=1)
  Clock Path Skew:        -0.039ns (DCD - SCD + CPR)
    Destination Clock Delay (DCD):    0.748ns = ( 10.748 - 10.000 )
    Source Clock Delay      (SCD):    0.787ns
    Clock Pessimism Removal (CPR):    0.000ns
  Clock Uncertainty:      0.035ns  ((TSJ^2 + TIJ^2)^1/2 + DJ) / 2 + PE
    Total System Jitter     (TSJ):    0.071ns
    Total Input Jitter      (TIJ):    0.000ns
    Discrete Jitter          (DJ):    0.000ns
    Phase Error              (PE):    0.000ns

    Location             Delay type                Incr(ns)  Path(ns)    Netlist Resource(s)
  -------------------------------------------------------------------    -------------------
                         (clock clk rise edge)        0.000     0.000 r
                                                      0.000     0.000 r  clk (IN)
                         net (fo=662, unset)          0.787     0.787    clk
                         FDRE                                         r  n_bin_reg[0]/C
  -------------------------------------------------------------------    -------------------
                         FDRE (Prop_fdre_C_Q)         0.303     1.090 r  n_bin_reg[0]/Q
                         net (fo=54, unplaced)        0.863     1.953    g_re_reg_r1_0_63_15_17/ADDRC0
                         RAMD64E (Prop_ramd64e_RADR0_O)
                                                      0.232     2.185 r  g_re_reg_r1_0_63_15_17/RAMC/O
                         net (fo=14, unplaced)        0.646     2.831    n_gr[17]
                         DSP48E1 (Prop_dsp48e1_A[29]_PCOUT[15])
                                                      3.397     6.228 r  n_e1/PCOUT[15]
                         net (fo=1, unplaced)         0.055     6.283    n_e1_n_138
                         DSP48E1                                      r  n_e_reg/PCIN[15]
  -------------------------------------------------------------------    -------------------

                         (clock clk rise edge)       10.000    10.000 r
                                                      0.000    10.000 r  clk (IN)
                         net (fo=662, unset)          0.748    10.748    clk
                         DSP48E1                                      r  n_e_reg/CLK
                         clock pessimism              0.000    10.748
                         clock uncertainty           -0.035    10.712
                         DSP48E1 (Setup_dsp48e1_CLK_PCIN[15])
                                                     -1.174     9.538    n_e_reg
  -------------------------------------------------------------------
                         required time                          9.538
                         arrival time                          -6.283
  -------------------------------------------------------------------
                         slack                                  3.256

Slack (MET) :             3.256ns  (required time - arrival time)
  Source:                 n_bin_reg[0]/C
                            (rising edge-triggered cell FDRE clocked by clk  {rise@0.000ns fall@5.000ns period=10.000ns})
  Destination:            n_e_reg/PCIN[16]
                            (rising edge-triggered cell DSP48E1 clocked by clk  {rise@0.000ns fall@5.000ns period=10.000ns})
  Path Group:             clk
  Path Type:              Setup (Max at Slow Process Corner)
  Requirement:            10.000ns  (clk rise@10.000ns - clk rise@0.000ns)
  Data Path Delay:        5.496ns  (logic 3.932ns (71.549%)  route 1.564ns (28.451%))
  Logic Levels:           2  (DSP48E1=1 RAMD64E=1)
  Clock Path Skew:        -0.039ns (DCD - SCD + CPR)
    Destination Clock Delay (DCD):    0.748ns = ( 10.748 - 10.000 )
    Source Clock Delay      (SCD):    0.787ns
    Clock Pessimism Removal (CPR):    0.000ns
  Clock Uncertainty:      0.035ns  ((TSJ^2 + TIJ^2)^1/2 + DJ) / 2 + PE
    Total System Jitter     (TSJ):    0.071ns
    Total Input Jitter      (TIJ):    0.000ns
    Discrete Jitter          (DJ):    0.000ns
    Phase Error              (PE):    0.000ns

    Location             Delay type                Incr(ns)  Path(ns)    Netlist Resource(s)
  -------------------------------------------------------------------    -------------------
                         (clock clk rise edge)        0.000     0.000 r
                                                      0.000     0.000 r  clk (IN)
                         net (fo=662, unset)          0.787     0.787    clk
                         FDRE                                         r  n_bin_reg[0]/C
  -------------------------------------------------------------------    -------------------
                         FDRE (Prop_fdre_C_Q)         0.303     1.090 r  n_bin_reg[0]/Q
                         net (fo=54, unplaced)        0.863     1.953    g_re_reg_r1_0_63_15_17/ADDRC0
                         RAMD64E (Prop_ramd64e_RADR0_O)
                                                      0.232     2.185 r  g_re_reg_r1_0_63_15_17/RAMC/O
                         net (fo=14, unplaced)        0.646     2.831    n_gr[17]
                         DSP48E1 (Prop_dsp48e1_A[29]_PCOUT[16])
                                                      3.397     6.228 r  n_e1/PCOUT[16]
                         net (fo=1, unplaced)         0.055     6.283    n_e1_n_137
                         DSP48E1                                      r  n_e_reg/PCIN[16]
  -------------------------------------------------------------------    -------------------

                         (clock clk rise edge)       10.000    10.000 r
                                                      0.000    10.000 r  clk (IN)
                         net (fo=662, unset)          0.748    10.748    clk
                         DSP48E1                                      r  n_e_reg/CLK
                         clock pessimism              0.000    10.748
                         clock uncertainty           -0.035    10.712
                         DSP48E1 (Setup_dsp48e1_CLK_PCIN[16])
                                                     -1.174     9.538    n_e_reg
  -------------------------------------------------------------------
                         required time                          9.538
                         arrival time                          -6.283
  -------------------------------------------------------------------
                         slack                                  3.256

Slack (MET) :             3.256ns  (required time - arrival time)
  Source:                 n_bin_reg[0]/C
                            (rising edge-triggered cell FDRE clocked by clk  {rise@0.000ns fall@5.000ns period=10.000ns})
  Destination:            n_e_reg/PCIN[17]
                            (rising edge-triggered cell DSP48E1 clocked by clk  {rise@0.000ns fall@5.000ns period=10.000ns})
  Path Group:             clk
  Path Type:              Setup (Max at Slow Process Corner)
  Requirement:            10.000ns  (clk rise@10.000ns - clk rise@0.000ns)
  Data Path Delay:        5.496ns  (logic 3.932ns (71.549%)  route 1.564ns (28.451%))
  Logic Levels:           2  (DSP48E1=1 RAMD64E=1)
  Clock Path Skew:        -0.039ns (DCD - SCD + CPR)
    Destination Clock Delay (DCD):    0.748ns = ( 10.748 - 10.000 )
    Source Clock Delay      (SCD):    0.787ns
    Clock Pessimism Removal (CPR):    0.000ns
  Clock Uncertainty:      0.035ns  ((TSJ^2 + TIJ^2)^1/2 + DJ) / 2 + PE
    Total System Jitter     (TSJ):    0.071ns
    Total Input Jitter      (TIJ):    0.000ns
    Discrete Jitter          (DJ):    0.000ns
    Phase Error              (PE):    0.000ns

    Location             Delay type                Incr(ns)  Path(ns)    Netlist Resource(s)
  -------------------------------------------------------------------    -------------------
                         (clock clk rise edge)        0.000     0.000 r
                                                      0.000     0.000 r  clk (IN)
                         net (fo=662, unset)          0.787     0.787    clk
                         FDRE                                         r  n_bin_reg[0]/C
  -------------------------------------------------------------------    -------------------
                         FDRE (Prop_fdre_C_Q)         0.303     1.090 r  n_bin_reg[0]/Q
                         net (fo=54, unplaced)        0.863     1.953    g_re_reg_r1_0_63_15_17/ADDRC0
                         RAMD64E (Prop_ramd64e_RADR0_O)
                                                      0.232     2.185 r  g_re_reg_r1_0_63_15_17/RAMC/O
                         net (fo=14, unplaced)        0.646     2.831    n_gr[17]
                         DSP48E1 (Prop_dsp48e1_A[29]_PCOUT[17])
                                                      3.397     6.228 r  n_e1/PCOUT[17]
                         net (fo=1, unplaced)         0.055     6.283    n_e1_n_136
                         DSP48E1                                      r  n_e_reg/PCIN[17]
  -------------------------------------------------------------------    -------------------

                         (clock clk rise edge)       10.000    10.000 r
                                                      0.000    10.000 r  clk (IN)
                         net (fo=662, unset)          0.748    10.748    clk
                         DSP48E1                                      r  n_e_reg/CLK
                         clock pessimism              0.000    10.748
                         clock uncertainty           -0.035    10.712
                         DSP48E1 (Setup_dsp48e1_CLK_PCIN[17])
                                                     -1.174     9.538    n_e_reg
  -------------------------------------------------------------------
                         required time                          9.538
                         arrival time                          -6.283
  -------------------------------------------------------------------
                         slack                                  3.256

Slack (MET) :             3.256ns  (required time - arrival time)
  Source:                 n_bin_reg[0]/C
                            (rising edge-triggered cell FDRE clocked by clk  {rise@0.000ns fall@5.000ns period=10.000ns})
  Destination:            n_e_reg/PCIN[18]
                            (rising edge-triggered cell DSP48E1 clocked by clk  {rise@0.000ns fall@5.000ns period=10.000ns})
  Path Group:             clk
  Path Type:              Setup (Max at Slow Process Corner)
  Requirement:            10.000ns  (clk rise@10.000ns - clk rise@0.000ns)
  Data Path Delay:        5.496ns  (logic 3.932ns (71.549%)  route 1.564ns (28.451%))
  Logic Levels:           2  (DSP48E1=1 RAMD64E=1)
  Clock Path Skew:        -0.039ns (DCD - SCD + CPR)
    Destination Clock Delay (DCD):    0.748ns = ( 10.748 - 10.000 )
    Source Clock Delay      (SCD):    0.787ns
    Clock Pessimism Removal (CPR):    0.000ns
  Clock Uncertainty:      0.035ns  ((TSJ^2 + TIJ^2)^1/2 + DJ) / 2 + PE
    Total System Jitter     (TSJ):    0.071ns
    Total Input Jitter      (TIJ):    0.000ns
    Discrete Jitter          (DJ):    0.000ns
    Phase Error              (PE):    0.000ns

    Location             Delay type                Incr(ns)  Path(ns)    Netlist Resource(s)
  -------------------------------------------------------------------    -------------------
                         (clock clk rise edge)        0.000     0.000 r
                                                      0.000     0.000 r  clk (IN)
                         net (fo=662, unset)          0.787     0.787    clk
                         FDRE                                         r  n_bin_reg[0]/C
  -------------------------------------------------------------------    -------------------
                         FDRE (Prop_fdre_C_Q)         0.303     1.090 r  n_bin_reg[0]/Q
                         net (fo=54, unplaced)        0.863     1.953    g_re_reg_r1_0_63_15_17/ADDRC0
                         RAMD64E (Prop_ramd64e_RADR0_O)
                                                      0.232     2.185 r  g_re_reg_r1_0_63_15_17/RAMC/O
                         net (fo=14, unplaced)        0.646     2.831    n_gr[17]
                         DSP48E1 (Prop_dsp48e1_A[29]_PCOUT[18])
                                                      3.397     6.228 r  n_e1/PCOUT[18]
                         net (fo=1, unplaced)         0.055     6.283    n_e1_n_135
                         DSP48E1                                      r  n_e_reg/PCIN[18]
  -------------------------------------------------------------------    -------------------

                         (clock clk rise edge)       10.000    10.000 r
                                                      0.000    10.000 r  clk (IN)
                         net (fo=662, unset)          0.748    10.748    clk
                         DSP48E1                                      r  n_e_reg/CLK
                         clock pessimism              0.000    10.748
                         clock uncertainty           -0.035    10.712
                         DSP48E1 (Setup_dsp48e1_CLK_PCIN[18])
                                                     -1.174     9.538    n_e_reg
  -------------------------------------------------------------------
                         required time                          9.538
                         arrival time                          -6.283
  -------------------------------------------------------------------
                         slack                                  3.256





Pulse Width Checks
--------------------------------------------------------------------------------------
Clock Name:         clk
Waveform(ns):       { 0.000 5.000 }
Period(ns):         10.000
Sources:            { clk }

Check Type        Corner  Lib Pin             Reference Pin  Required(ns)  Actual(ns)  Slack(ns)  Location  Pin
Min Period        n/a     DSP48E1/CLK         n/a            3.272         10.000      6.728                s1_ir_reg/CLK
Min Period        n/a     DSP48E1/CLK         n/a            3.272         10.000      6.728                s1_rr_reg/CLK
Min Period        n/a     DSP48E1/CLK         n/a            3.109         10.000      6.891                s3_q_im_reg/CLK
Min Period        n/a     DSP48E1/CLK         n/a            3.109         10.000      6.891                s3_q_re_reg/CLK
Min Period        n/a     RAMB18E1/CLKARDCLK  n/a            2.472         10.000      7.528                inv_m_reg/CLKARDCLK
Min Period        n/a     RAMB18E1/CLKBWRCLK  n/a            2.170         10.000      7.830                inv_m_reg/CLKBWRCLK
Min Period        n/a     DSP48E1/CLK         n/a            1.816         10.000      8.184                n_e_reg/CLK
Min Period        n/a     DSP48E1/CLK         n/a            1.816         10.000      8.184                s2_p_im_reg/CLK
Min Period        n/a     DSP48E1/CLK         n/a            1.816         10.000      8.184                s2_p_re_reg/CLK
Min Period        n/a     DSP48E1/CLK         n/a            1.816         10.000      8.184                s3_q_im0/CLK
Low Pulse Width   Slow    RAMD64E/CLK         n/a            1.130         5.000       3.870                g_im_reg_r1_0_63_0_2/RAMA/CLK
Low Pulse Width   Fast    RAMD64E/CLK         n/a            1.130         5.000       3.870                g_im_reg_r1_0_63_0_2/RAMA/CLK
Low Pulse Width   Slow    RAMD64E/CLK         n/a            1.130         5.000       3.870                g_im_reg_r1_0_63_0_2/RAMB/CLK
Low Pulse Width   Fast    RAMD64E/CLK         n/a            1.130         5.000       3.870                g_im_reg_r1_0_63_0_2/RAMB/CLK
Low Pulse Width   Slow    RAMD64E/CLK         n/a            1.130         5.000       3.870                g_im_reg_r1_0_63_0_2/RAMC/CLK
Low Pulse Width   Fast    RAMD64E/CLK         n/a            1.130         5.000       3.870                g_im_reg_r1_0_63_0_2/RAMC/CLK
Low Pulse Width   Slow    RAMD64E/CLK         n/a            1.130         5.000       3.870                g_im_reg_r1_0_63_0_2/RAMD/CLK
Low Pulse Width   Fast    RAMD64E/CLK         n/a            1.130         5.000       3.870                g_im_reg_r1_0_63_0_2/RAMD/CLK
Low Pulse Width   Slow    RAMD64E/CLK         n/a            1.130         5.000       3.870                g_im_reg_r1_0_63_12_14/RAMA/CLK
Low Pulse Width   Fast    RAMD64E/CLK         n/a            1.130         5.000       3.870                g_im_reg_r1_0_63_12_14/RAMA/CLK
High Pulse Width  Slow    RAMD64E/CLK         n/a            1.130         5.000       3.870                g_im_reg_r1_0_63_0_2/RAMA/CLK
High Pulse Width  Fast    RAMD64E/CLK         n/a            1.130         5.000       3.870                g_im_reg_r1_0_63_0_2/RAMA/CLK
High Pulse Width  Slow    RAMD64E/CLK         n/a            1.130         5.000       3.870                g_im_reg_r1_0_63_0_2/RAMB/CLK
High Pulse Width  Fast    RAMD64E/CLK         n/a            1.130         5.000       3.870                g_im_reg_r1_0_63_0_2/RAMB/CLK
High Pulse Width  Slow    RAMD64E/CLK         n/a            1.130         5.000       3.870                g_im_reg_r1_0_63_0_2/RAMC/CLK
High Pulse Width  Fast    RAMD64E/CLK         n/a            1.130         5.000       3.870                g_im_reg_r1_0_63_0_2/RAMC/CLK
High Pulse Width  Slow    RAMD64E/CLK         n/a            1.130         5.000       3.870                g_im_reg_r1_0_63_0_2/RAMD/CLK
High Pulse Width  Fast    RAMD64E/CLK         n/a            1.130         5.000       3.870                g_im_reg_r1_0_63_0_2/RAMD/CLK
High Pulse Width  Slow    RAMD64E/CLK         n/a            1.130         5.000       3.870                g_im_reg_r1_0_63_12_14/RAMA/CLK
High Pulse Width  Fast    RAMD64E/CLK         n/a            1.130         5.000       3.870                g_im_reg_r1_0_63_12_14/RAMA/CLK
