Copyright 1986-2021 Xilinx, Inc. All Rights Reserved.
---------------------------------------------------------------------------------------------------------------------------------------------------------------------------------------------------
| Tool Version : Vivado v.2021.1 (win64) Build 3247384 Thu Jun 10 19:36:33 MDT 2021
| Date         : normalized
| Host         : normalized
| Command      : report_timing_summary -delay_type max -max_paths 10 -file <output_dir>/ofdm_cp16_remover_post_synthesis_timing_summary.rpt
| Design       : ofdm_cp16_remover
| Device       : 7z020-clg400
| Speed File   : -2  PRODUCTION 1.12 2019-11-22
---------------------------------------------------------------------------------------------------------------------------------------------------------------------------------------------------

Timing Summary Report

------------------------------------------------------------------------------------------------
| Timer Settings
| --------------
------------------------------------------------------------------------------------------------

  Enable Multi Corner Analysis               :  Yes
  Enable Pessimism Removal                   :  Yes
  Pessimism Removal Resolution               :  Nearest Common Node
  Enable Input Delay Default Clock           :  No
  Enable Preset / Clear Arcs                 :  No
  Disable Flight Delays                      :  No
  Ignore I/O Paths                           :  No
  Timing Early Launch at Borrowing Latches   :  No
  Borrow Time for Max Delay Exceptions       :  Yes
  Merge Timing Exceptions                    :  Yes

  Corner  Analyze    Analyze
  Name    Max Paths  Min Paths
  ------  ---------  ---------
  Slow    Yes        Yes
  Fast    Yes        Yes


------------------------------------------------------------------------------------------------
| Report Methodology
| ------------------
------------------------------------------------------------------------------------------------

No report available as report_methodology has not been run prior. Run report_methodology on the current design for the summary of methodology violations.



check_timing report

Table of Contents
-----------------
1. checking no_clock (0)
2. checking constant_clock (0)
3. checking pulse_width_clock (0)
4. checking unconstrained_internal_endpoints (0)
5. checking no_input_delay (4)
6. checking no_output_delay (4)
7. checking multiple_clock (0)
8. checking generated_clocks (0)
9. checking loops (0)
10. checking partial_input_delay (0)
11. checking partial_output_delay (0)
12. checking latch_loops (0)

1. checking no_clock (0)
------------------------
 There are 0 register/latch pins with no clock.


2. checking constant_clock (0)
------------------------------
 There are 0 register/latch pins with constant_clock.


3. checking pulse_width_clock (0)
---------------------------------
 There are 0 register/latch pins which need pulse_width check


4. checking unconstrained_internal_endpoints (0)
------------------------------------------------
 There are 0 pins that are not constrained for maximum delay.

 There are 0 pins that are not constrained for maximum delay due to constant clock.


5. checking no_input_delay (4)
------------------------------
 There are 4 input ports with no input delay specified. (HIGH)

 There are 0 input ports with no input delay but user has a false path constraint.


6. checking no_output_delay (4)
-------------------------------
 There are 4 ports with no output delay specified. (HIGH)

 There are 0 ports with no output delay but user has a false path constraint

 There are 0 ports with no output delay but with a timing clock defined on it or propagating through it


7. checking multiple_clock (0)
------------------------------
 There are 0 register/latch pins with multiple clocks.


8. checking generated_clocks (0)
--------------------------------
 There are 0 generated clocks that are not connected to a clock source.


9. checking loops (0)
---------------------
 There are 0 combinational loops in the design.


10. checking partial_input_delay (0)
------------------------------------
 There are 0 input ports with partial input delay specified.


11. checking partial_output_delay (0)
-------------------------------------
 There are 0 ports with partial output delay specified.


12. checking latch_loops (0)
----------------------------
 There are 0 combinational latch loops in the design through latch input



------------------------------------------------------------------------------------------------
| Design Timing Summary
| ---------------------
------------------------------------------------------------------------------------------------

    WNS(ns)      TNS(ns)  TNS Failing Endpoints  TNS Total Endpoints     WPWS(ns)     TPWS(ns)  TPWS Failing Endpoints  TPWS Total Endpoints
    -------      -------  ---------------------  -------------------     --------     --------  ----------------------  --------------------
      7.054        0.000                      0                   22        4.500        0.000                       0                     8


All user specified timing constraints are met.


------------------------------------------------------------------------------------------------
| Clock Summary
| -------------
------------------------------------------------------------------------------------------------

Clock  Waveform(ns)       Period(ns)      Frequency(MHz)
-----  ------------       ----------      --------------
clk    {0.000 5.000}      10.000          100.000


------------------------------------------------------------------------------------------------
| Intra Clock Table
| -----------------
------------------------------------------------------------------------------------------------

Clock             WNS(ns)      TNS(ns)  TNS Failing Endpoints  TNS Total Endpoints     WPWS(ns)     TPWS(ns)  TPWS Failing Endpoints  TPWS Total Endpoints
-----             -------      -------  ---------------------  -------------------     --------     --------  ----------------------  --------------------
clk                 7.054        0.000                      0                   22        4.500        0.000                       0                     8


------------------------------------------------------------------------------------------------
| Inter Clock Table
| -----------------
------------------------------------------------------------------------------------------------

From Clock    To Clock          WNS(ns)      TNS(ns)  TNS Failing Endpoints  TNS Total Endpoints
----------    --------          -------      -------  ---------------------  -------------------


------------------------------------------------------------------------------------------------
| Other Path Groups Table
| -----------------------
------------------------------------------------------------------------------------------------

Path Group    From Clock    To Clock          WNS(ns)      TNS(ns)  TNS Failing Endpoints  TNS Total Endpoints
----------    ----------    --------          -------      -------  ---------------------  -------------------


------------------------------------------------------------------------------------------------
| Timing Details
| --------------
------------------------------------------------------------------------------------------------


---------------------------------------------------------------------------------------------------
From Clock:  clk
  To Clock:  clk

Setup :            0  Failing Endpoints,  Worst Slack        7.054ns,  Total Violation        0.000ns
Hold  :           NA  Failing Endpoints,  Worst Slack           NA  ,  Total Violation           NA
PW    :            0  Failing Endpoints,  Worst Slack        4.500ns,  Total Violation        0.000ns
---------------------------------------------------------------------------------------------------


Max Delay Paths
--------------------------------------------------------------------------------------
Slack (MET) :             7.054ns  (required time - arrival time)
  Source:                 sample_index_reg[5]/C
                            (rising edge-triggered cell FDRE clocked by clk  {rise@0.000ns fall@5.000ns period=10.000ns})
  Destination:            sample_index_reg[0]/R
                            (rising edge-triggered cell FDRE clocked by clk  {rise@0.000ns fall@5.000ns period=10.000ns})
  Path Group:             clk
  Path Type:              Setup (Max at Slow Process Corner)
  Requirement:            10.000ns  (clk rise@10.000ns - clk rise@0.000ns)
  Data Path Delay:        2.344ns  (logic 0.640ns (27.304%)  route 1.704ns (72.696%))
  Logic Levels:           2  (LUT5=1 LUT6=1)
  Clock Path Skew:        -0.039ns (DCD - SCD + CPR)
    Destination Clock Delay (DCD):    0.748ns = ( 10.748 - 10.000 )
    Source Clock Delay      (SCD):    0.787ns
    Clock Pessimism Removal (CPR):    0.000ns
  Clock Uncertainty:      0.035ns  ((TSJ^2 + TIJ^2)^1/2 + DJ) / 2 + PE
    Total System Jitter     (TSJ):    0.071ns
    Total Input Jitter      (TIJ):    0.000ns
    Discrete Jitter          (DJ):    0.000ns
    Phase Error              (PE):    0.000ns

    Location             Delay type                Incr(ns)  Path(ns)    Netlist Resource(s)
  -------------------------------------------------------------------    -------------------
                         (clock clk rise edge)        0.000     0.000 r
                                                      0.000     0.000 r  clk (IN)
                         net (fo=7, unset)            0.787     0.787    clk
                         FDRE                                         r  sample_index_reg[5]/C
  -------------------------------------------------------------------    -------------------
                         FDRE (Prop_fdre_C_Q)         0.303     1.090 f  sample_index_reg[5]/Q
                         net (fo=9, unplaced)         0.640     1.730    sample_index_reg[5]
                         LUT5 (Prop_lut5_I2_O)        0.232     1.962 r  sample_index[6]_i_2/O
                         net (fo=8, unplaced)         0.385     2.347    accept_in
                         LUT6 (Prop_lut6_I4_O)        0.105     2.452 r  sample_index[6]_i_1/O
                         net (fo=7, unplaced)         0.679     3.131    sample_index[6]_i_1_n_0
                         FDRE                                         r  sample_index_reg[0]/R
  -------------------------------------------------------------------    -------------------

                         (clock clk rise edge)       10.000    10.000 r
                                                      0.000    10.000 r  clk (IN)
                         net (fo=7, unset)            0.748    10.748    clk
                         FDRE                                         r  sample_index_reg[0]/C
                         clock pessimism              0.000    10.748
                         clock uncertainty           -0.035    10.712
                         FDRE (Setup_fdre_C_R)       -0.527    10.185    sample_index_reg[0]
  -------------------------------------------------------------------
                         required time                         10.185
                         arrival time                          -3.131
  -------------------------------------------------------------------
                         slack                                  7.054

Slack (MET) :             7.054ns  (required time - arrival time)
  Source:                 sample_index_reg[5]/C
                            (rising edge-triggered cell FDRE clocked by clk  {rise@0.000ns fall@5.000ns period=10.000ns})
  Destination:            sample_index_reg[1]/R
                            (rising edge-triggered cell FDRE clocked by clk  {rise@0.000ns fall@5.000ns period=10.000ns})
  Path Group:             clk
  Path Type:              Setup (Max at Slow Process Corner)
  Requirement:            10.000ns  (clk rise@10.000ns - clk rise@0.000ns)
  Data Path Delay:        2.344ns  (logic 0.640ns (27.304%)  route 1.704ns (72.696%))
  Logic Levels:           2  (LUT5=1 LUT6=1)
  Clock Path Skew:        -0.039ns (DCD - SCD + CPR)
    Destination Clock Delay (DCD):    0.748ns = ( 10.748 - 10.000 )
    Source Clock Delay      (SCD):    0.787ns
    Clock Pessimism Removal (CPR):    0.000ns
  Clock Uncertainty:      0.035ns  ((TSJ^2 + TIJ^2)^1/2 + DJ) / 2 + PE
    Total System Jitter     (TSJ):    0.071ns
    Total Input Jitter      (TIJ):    0.000ns
    Discrete Jitter          (DJ):    0.000ns
    Phase Error              (PE):    0.000ns

    Location             Delay type                Incr(ns)  Path(ns)    Netlist Resource(s)
  -------------------------------------------------------------------    -------------------
                         (clock clk rise edge)        0.000     0.000 r
                                                      0.000     0.000 r  clk (IN)
                         net (fo=7, unset)            0.787     0.787    clk
                         FDRE                                         r  sample_index_reg[5]/C
  -------------------------------------------------------------------    -------------------
                         FDRE (Prop_fdre_C_Q)         0.303     1.090 f  sample_index_reg[5]/Q
                         net (fo=9, unplaced)         0.640     1.730    sample_index_reg[5]
                         LUT5 (Prop_lut5_I2_O)        0.232     1.962 r  sample_index[6]_i_2/O
                         net (fo=8, unplaced)         0.385     2.347    accept_in
                         LUT6 (Prop_lut6_I4_O)        0.105     2.452 r  sample_index[6]_i_1/O
                         net (fo=7, unplaced)         0.679     3.131    sample_index[6]_i_1_n_0
                         FDRE                                         r  sample_index_reg[1]/R
  -------------------------------------------------------------------    -------------------

                         (clock clk rise edge)       10.000    10.000 r
                                                      0.000    10.000 r  clk (IN)
                         net (fo=7, unset)            0.748    10.748    clk
                         FDRE                                         r  sample_index_reg[1]/C
                         clock pessimism              0.000    10.748
                         clock uncertainty           -0.035    10.712
                         FDRE (Setup_fdre_C_R)       -0.527    10.185    sample_index_reg[1]
  -------------------------------------------------------------------
                         required time                         10.185
                         arrival time                          -3.131
  -------------------------------------------------------------------
                         slack                                  7.054

Slack (MET) :             7.054ns  (required time - arrival time)
  Source:                 sample_index_reg[5]/C
                            (rising edge-triggered cell FDRE clocked by clk  {rise@0.000ns fall@5.000ns period=10.000ns})
  Destination:            sample_index_reg[2]/R
                            (rising edge-triggered cell FDRE clocked by clk  {rise@0.000ns fall@5.000ns period=10.000ns})
  Path Group:             clk
  Path Type:              Setup (Max at Slow Process Corner)
  Requirement:            10.000ns  (clk rise@10.000ns - clk rise@0.000ns)
  Data Path Delay:        2.344ns  (logic 0.640ns (27.304%)  route 1.704ns (72.696%))
  Logic Levels:           2  (LUT5=1 LUT6=1)
  Clock Path Skew:        -0.039ns (DCD - SCD + CPR)
    Destination Clock Delay (DCD):    0.748ns = ( 10.748 - 10.000 )
    Source Clock Delay      (SCD):    0.787ns
    Clock Pessimism Removal (CPR):    0.000ns
  Clock Uncertainty:      0.035ns  ((TSJ^2 + TIJ^2)^1/2 + DJ) / 2 + PE
    Total System Jitter     (TSJ):    0.071ns
    Total Input Jitter      (TIJ):    0.000ns
    Discrete Jitter          (DJ):    0.000ns
    Phase Error              (PE):    0.000ns

    Location             Delay type                Incr(ns)  Path(ns)    Netlist Resource(s)
  -------------------------------------------------------------------    -------------------
                         (clock clk rise edge)        0.000     0.000 r
                                                      0.000     0.000 r  clk (IN)
                         net (fo=7, unset)            0.787     0.787    clk
                         FDRE                                         r  sample_index_reg[5]/C
  -------------------------------------------------------------------    -------------------
                         FDRE (Prop_fdre_C_Q)         0.303     1.090 f  sample_index_reg[5]/Q
                         net (fo=9, unplaced)         0.640     1.730    sample_index_reg[5]
                         LUT5 (Prop_lut5_I2_O)        0.232     1.962 r  sample_index[6]_i_2/O
                         net (fo=8, unplaced)         0.385     2.347    accept_in
                         LUT6 (Prop_lut6_I4_O)        0.105     2.452 r  sample_index[6]_i_1/O
                         net (fo=7, unplaced)         0.679     3.131    sample_index[6]_i_1_n_0
                         FDRE                                         r  sample_index_reg[2]/R
  -------------------------------------------------------------------    -------------------

                         (clock clk rise edge)       10.000    10.000 r
                                                      0.000    10.000 r  clk (IN)
                         net (fo=7, unset)            0.748    10.748    clk
                         FDRE                                         r  sample_index_reg[2]/C
                         clock pessimism              0.000    10.748
                         clock uncertainty           -0.035    10.712
                         FDRE (Setup_fdre_C_R)       -0.527    10.185    sample_index_reg[2]
  -------------------------------------------------------------------
                         required time                         10.185
                         arrival time                          -3.131
  -------------------------------------------------------------------
                         slack                                  7.054

Slack (MET) :             7.054ns  (required time - arrival time)
  Source:                 sample_index_reg[5]/C
                            (rising edge-triggered cell FDRE clocked by clk  {rise@0.000ns fall@5.000ns period=10.000ns})
  Destination:            sample_index_reg[3]/R
                            (rising edge-triggered cell FDRE clocked by clk  {rise@0.000ns fall@5.000ns period=10.000ns})
  Path Group:             clk
  Path Type:              Setup (Max at Slow Process Corner)
  Requirement:            10.000ns  (clk rise@10.000ns - clk rise@0.000ns)
  Data Path Delay:        2.344ns  (logic 0.640ns (27.304%)  route 1.704ns (72.696%))
  Logic Levels:           2  (LUT5=1 LUT6=1)
  Clock Path Skew:        -0.039ns (DCD - SCD + CPR)
    Destination Clock Delay (DCD):    0.748ns = ( 10.748 - 10.000 )
    Source Clock Delay      (SCD):    0.787ns
    Clock Pessimism Removal (CPR):    0.000ns
  Clock Uncertainty:      0.035ns  ((TSJ^2 + TIJ^2)^1/2 + DJ) / 2 + PE
    Total System Jitter     (TSJ):    0.071ns
    Total Input Jitter      (TIJ):    0.000ns
    Discrete Jitter          (DJ):    0.000ns
    Phase Error              (PE):    0.000ns

    Location             Delay type                Incr(ns)  Path(ns)    Netlist Resource(s)
  -------------------------------------------------------------------    -------------------
                         (clock clk rise edge)        0.000     0.000 r
                                                      0.000     0.000 r  clk (IN)
                         net (fo=7, unset)            0.787     0.787    clk
                         FDRE                                         r  sample_index_reg[5]/C
  -------------------------------------------------------------------    -------------------
                         FDRE (Prop_fdre_C_Q)         0.303     1.090 f  sample_index_reg[5]/Q
                         net (fo=9, unplaced)         0.640     1.730    sample_index_reg[5]
                         LUT5 (Prop_lut5_I2_O)        0.232     1.962 r  sample_index[6]_i_2/O
                         net (fo=8, unplaced)         0.385     2.347    accept_in
                         LUT6 (Prop_lut6_I4_O)        0.105     2.452 r  sample_index[6]_i_1/O
                         net (fo=7, unplaced)         0.679     3.131    sample_index[6]_i_1_n_0
                         FDRE                                         r  sample_index_reg[3]/R
  -------------------------------------------------------------------    -------------------

                         (clock clk rise edge)       10.000    10.000 r
                                                      0.000    10.000 r  clk (IN)
                         net (fo=7, unset)            0.748    10.748    clk
                         FDRE                                         r  sample_index_reg[3]/C
                         clock pessimism              0.000    10.748
                         clock uncertainty           -0.035    10.712
                         FDRE (Setup_fdre_C_R)       -0.527    10.185    sample_index_reg[3]
  -------------------------------------------------------------------
                         required time                         10.185
                         arrival time                          -3.131
  -------------------------------------------------------------------
                         slack                                  7.054

Slack (MET) :             7.054ns  (required time - arrival time)
  Source:                 sample_index_reg[5]/C
                            (rising edge-triggered cell FDRE clocked by clk  {rise@0.000ns fall@5.000ns period=10.000ns})
  Destination:            sample_index_reg[4]/R
                            (rising edge-triggered cell FDRE clocked by clk  {rise@0.000ns fall@5.000ns period=10.000ns})
  Path Group:             clk
  Path Type:              Setup (Max at Slow Process Corner)
  Requirement:            10.000ns  (clk rise@10.000ns - clk rise@0.000ns)
  Data Path Delay:        2.344ns  (logic 0.640ns (27.304%)  route 1.704ns (72.696%))
  Logic Levels:           2  (LUT5=1 LUT6=1)
  Clock Path Skew:        -0.039ns (DCD - SCD + CPR)
    Destination Clock Delay (DCD):    0.748ns = ( 10.748 - 10.000 )
    Source Clock Delay      (SCD):    0.787ns
    Clock Pessimism Removal (CPR):    0.000ns
  Clock Uncertainty:      0.035ns  ((TSJ^2 + TIJ^2)^1/2 + DJ) / 2 + PE
    Total System Jitter     (TSJ):    0.071ns
    Total Input Jitter      (TIJ):    0.000ns
    Discrete Jitter          (DJ):    0.000ns
    Phase Error              (PE):    0.000ns

    Location             Delay type                Incr(ns)  Path(ns)    Netlist Resource(s)
  -------------------------------------------------------------------    -------------------
                         (clock clk rise edge)        0.000     0.000 r
                                                      0.000     0.000 r  clk (IN)
                         net (fo=7, unset)            0.787     0.787    clk
                         FDRE                                         r  sample_index_reg[5]/C
  -------------------------------------------------------------------    -------------------
                         FDRE (Prop_fdre_C_Q)         0.303     1.090 f  sample_index_reg[5]/Q
                         net (fo=9, unplaced)         0.640     1.730    sample_index_reg[5]
                         LUT5 (Prop_lut5_I2_O)        0.232     1.962 r  sample_index[6]_i_2/O
                         net (fo=8, unplaced)         0.385     2.347    accept_in
                         LUT6 (Prop_lut6_I4_O)        0.105     2.452 r  sample_index[6]_i_1/O
                         net (fo=7, unplaced)         0.679     3.131    sample_index[6]_i_1_n_0
                         FDRE                                         r  sample_index_reg[4]/R
  -------------------------------------------------------------------    -------------------

                         (clock clk rise edge)       10.000    10.000 r
                                                      0.000    10.000 r  clk (IN)
                         net (fo=7, unset)            0.748    10.748    clk
                         FDRE                                         r  sample_index_reg[4]/C
                         clock pessimism              0.000    10.748
                         clock uncertainty           -0.035    10.712
                         FDRE (Setup_fdre_C_R)       -0.527    10.185    sample_index_reg[4]
  -------------------------------------------------------------------
                         required time                         10.185
                         arrival time                          -3.131
  -------------------------------------------------------------------
                         slack                                  7.054

Slack (MET) :             7.054ns  (required time - arrival time)
  Source:                 sample_index_reg[5]/C
                            (rising edge-triggered cell FDRE clocked by clk  {rise@0.000ns fall@5.000ns period=10.000ns})
  Destination:            sample_index_reg[5]/R
                            (rising edge-triggered cell FDRE clocked by clk  {rise@0.000ns fall@5.000ns period=10.000ns})
  Path Group:             clk
  Path Type:              Setup (Max at Slow Process Corner)
  Requirement:            10.000ns  (clk rise@10.000ns - clk rise@0.000ns)
  Data Path Delay:        2.344ns  (logic 0.640ns (27.304%)  route 1.704ns (72.696%))
  Logic Levels:           2  (LUT5=1 LUT6=1)
  Clock Path Skew:        -0.039ns (DCD - SCD + CPR)
    Destination Clock Delay (DCD):    0.748ns = ( 10.748 - 10.000 )
    Source Clock Delay      (SCD):    0.787ns
    Clock Pessimism Removal (CPR):    0.000ns
  Clock Uncertainty:      0.035ns  ((TSJ^2 + TIJ^2)^1/2 + DJ) / 2 + PE
    Total System Jitter     (TSJ):    0.071ns
    Total Input Jitter      (TIJ):    0.000ns
    Discrete Jitter          (DJ):    0.000ns
    Phase Error              (PE):    0.000ns

    Location             Delay type                Incr(ns)  Path(ns)    Netlist Resource(s)
  -------------------------------------------------------------------    -------------------
                         (clock clk rise edge)        0.000     0.000 r
                                                      0.000     0.000 r  clk (IN)
                         net (fo=7, unset)            0.787     0.787    clk
                         FDRE                                         r  sample_index_reg[5]/C
  -------------------------------------------------------------------    -------------------
                         FDRE (Prop_fdre_C_Q)         0.303     1.090 f  sample_index_reg[5]/Q
                         net (fo=9, unplaced)         0.640     1.730    sample_index_reg[5]
                         LUT5 (Prop_lut5_I2_O)        0.232     1.962 r  sample_index[6]_i_2/O
                         net (fo=8, unplaced)         0.385     2.347    accept_in
                         LUT6 (Prop_lut6_I4_O)        0.105     2.452 r  sample_index[6]_i_1/O
                         net (fo=7, unplaced)         0.679     3.131    sample_index[6]_i_1_n_0
                         FDRE                                         r  sample_index_reg[5]/R
  -------------------------------------------------------------------    -------------------

                         (clock clk rise edge)       10.000    10.000 r
                                                      0.000    10.000 r  clk (IN)
                         net (fo=7, unset)            0.748    10.748    clk
                         FDRE                                         r  sample_index_reg[5]/C
                         clock pessimism              0.000    10.748
                         clock uncertainty           -0.035    10.712
                         FDRE (Setup_fdre_C_R)       -0.527    10.185    sample_index_reg[5]
  -------------------------------------------------------------------
                         required time                         10.185
                         arrival time                          -3.131
  -------------------------------------------------------------------
                         slack                                  7.054

Slack (MET) :             7.054ns  (required time - arrival time)
  Source:                 sample_index_reg[5]/C
                            (rising edge-triggered cell FDRE clocked by clk  {rise@0.000ns fall@5.000ns period=10.000ns})
  Destination:            sample_index_reg[6]/R
                            (rising edge-triggered cell FDRE clocked by clk  {rise@0.000ns fall@5.000ns period=10.000ns})
  Path Group:             clk
  Path Type:              Setup (Max at Slow Process Corner)
  Requirement:            10.000ns  (clk rise@10.000ns - clk rise@0.000ns)
  Data Path Delay:        2.344ns  (logic 0.640ns (27.304%)  route 1.704ns (72.696%))
  Logic Levels:           2  (LUT5=1 LUT6=1)
  Clock Path Skew:        -0.039ns (DCD - SCD + CPR)
    Destination Clock Delay (DCD):    0.748ns = ( 10.748 - 10.000 )
    Source Clock Delay      (SCD):    0.787ns
    Clock Pessimism Removal (CPR):    0.000ns
  Clock Uncertainty:      0.035ns  ((TSJ^2 + TIJ^2)^1/2 + DJ) / 2 + PE
    Total System Jitter     (TSJ):    0.071ns
    Total Input Jitter      (TIJ):    0.000ns
    Discrete Jitter          (DJ):    0.000ns
    Phase Error              (PE):    0.000ns

    Location             Delay type                Incr(ns)  Path(ns)    Netlist Resource(s)
  -------------------------------------------------------------------    -------------------
                         (clock clk rise edge)        0.000     0.000 r
                                                      0.000     0.000 r  clk (IN)
                         net (fo=7, unset)            0.787     0.787    clk
                         FDRE                                         r  sample_index_reg[5]/C
  -------------------------------------------------------------------    -------------------
                         FDRE (Prop_fdre_C_Q)         0.303     1.090 f  sample_index_reg[5]/Q
                         net (fo=9, unplaced)         0.640     1.730    sample_index_reg[5]
                         LUT5 (Prop_lut5_I2_O)        0.232     1.962 r  sample_index[6]_i_2/O
                         net (fo=8, unplaced)         0.385     2.347    accept_in
                         LUT6 (Prop_lut6_I4_O)        0.105     2.452 r  sample_index[6]_i_1/O
                         net (fo=7, unplaced)         0.679     3.131    sample_index[6]_i_1_n_0
                         FDRE                                         r  sample_index_reg[6]/R
  -------------------------------------------------------------------    -------------------

                         (clock clk rise edge)       10.000    10.000 r
                                                      0.000    10.000 r  clk (IN)
                         net (fo=7, unset)            0.748    10.748    clk
                         FDRE                                         r  sample_index_reg[6]/C
                         clock pessimism              0.000    10.748
                         clock uncertainty           -0.035    10.712
                         FDRE (Setup_fdre_C_R)       -0.527    10.185    sample_index_reg[6]
  -------------------------------------------------------------------
                         required time                         10.185
                         arrival time                          -3.131
  -------------------------------------------------------------------
                         slack                                  7.054

Slack (MET) :             8.106ns  (required time - arrival time)
  Source:                 sample_index_reg[5]/C
                            (rising edge-triggered cell FDRE clocked by clk  {rise@0.000ns fall@5.000ns period=10.000ns})
  Destination:            sample_index_reg[0]/CE
                            (rising edge-triggered cell FDRE clocked by clk  {rise@0.000ns fall@5.000ns period=10.000ns})
  Path Group:             clk
  Path Type:              Setup (Max at Slow Process Corner)
  Requirement:            10.000ns  (clk rise@10.000ns - clk rise@0.000ns)
  Data Path Delay:        1.579ns  (logic 0.535ns (33.882%)  route 1.044ns (66.118%))
  Logic Levels:           1  (LUT5=1)
  Clock Path Skew:        -0.039ns (DCD - SCD + CPR)
    Destination Clock Delay (DCD):    0.748ns = ( 10.748 - 10.000 )
    Source Clock Delay      (SCD):    0.787ns
    Clock Pessimism Removal (CPR):    0.000ns
  Clock Uncertainty:      0.035ns  ((TSJ^2 + TIJ^2)^1/2 + DJ) / 2 + PE
    Total System Jitter     (TSJ):    0.071ns
    Total Input Jitter      (TIJ):    0.000ns
    Discrete Jitter          (DJ):    0.000ns
    Phase Error              (PE):    0.000ns

    Location             Delay type                Incr(ns)  Path(ns)    Netlist Resource(s)
  -------------------------------------------------------------------    -------------------
                         (clock clk rise edge)        0.000     0.000 r
                                                      0.000     0.000 r  clk (IN)
                         net (fo=7, unset)            0.787     0.787    clk
                         FDRE                                         r  sample_index_reg[5]/C
  -------------------------------------------------------------------    -------------------
                         FDRE (Prop_fdre_C_Q)         0.303     1.090 f  sample_index_reg[5]/Q
                         net (fo=9, unplaced)         0.640     1.730    sample_index_reg[5]
                         LUT5 (Prop_lut5_I2_O)        0.232     1.962 r  sample_index[6]_i_2/O
                         net (fo=8, unplaced)         0.404     2.366    accept_in
                         FDRE                                         r  sample_index_reg[0]/CE
  -------------------------------------------------------------------    -------------------

                         (clock clk rise edge)       10.000    10.000 r
                                                      0.000    10.000 r  clk (IN)
                         net (fo=7, unset)            0.748    10.748    clk
                         FDRE                                         r  sample_index_reg[0]/C
                         clock pessimism              0.000    10.748
                         clock uncertainty           -0.035    10.712
                         FDRE (Setup_fdre_C_CE)      -0.240    10.472    sample_index_reg[0]
  -------------------------------------------------------------------
                         required time                         10.472
                         arrival time                          -2.366
  -------------------------------------------------------------------
                         slack                                  8.106

Slack (MET) :             8.106ns  (required time - arrival time)
  Source:                 sample_index_reg[5]/C
                            (rising edge-triggered cell FDRE clocked by clk  {rise@0.000ns fall@5.000ns period=10.000ns})
  Destination:            sample_index_reg[1]/CE
                            (rising edge-triggered cell FDRE clocked by clk  {rise@0.000ns fall@5.000ns period=10.000ns})
  Path Group:             clk
  Path Type:              Setup (Max at Slow Process Corner)
  Requirement:            10.000ns  (clk rise@10.000ns - clk rise@0.000ns)
  Data Path Delay:        1.579ns  (logic 0.535ns (33.882%)  route 1.044ns (66.118%))
  Logic Levels:           1  (LUT5=1)
  Clock Path Skew:        -0.039ns (DCD - SCD + CPR)
    Destination Clock Delay (DCD):    0.748ns = ( 10.748 - 10.000 )
    Source Clock Delay      (SCD):    0.787ns
    Clock Pessimism Removal (CPR):    0.000ns
  Clock Uncertainty:      0.035ns  ((TSJ^2 + TIJ^2)^1/2 + DJ) / 2 + PE
    Total System Jitter     (TSJ):    0.071ns
    Total Input Jitter      (TIJ):    0.000ns
    Discrete Jitter          (DJ):    0.000ns
    Phase Error              (PE):    0.000ns

    Location             Delay type                Incr(ns)  Path(ns)    Netlist Resource(s)
  -------------------------------------------------------------------    -------------------
                         (clock clk rise edge)        0.000     0.000 r
                                                      0.000     0.000 r  clk (IN)
                         net (fo=7, unset)            0.787     0.787    clk
                         FDRE                                         r  sample_index_reg[5]/C
  -------------------------------------------------------------------    -------------------
                         FDRE (Prop_fdre_C_Q)         0.303     1.090 f  sample_index_reg[5]/Q
                         net (fo=9, unplaced)         0.640     1.730    sample_index_reg[5]
                         LUT5 (Prop_lut5_I2_O)        0.232     1.962 r  sample_index[6]_i_2/O
                         net (fo=8, unplaced)         0.404     2.366    accept_in
                         FDRE                                         r  sample_index_reg[1]/CE
  -------------------------------------------------------------------    -------------------

                         (clock clk rise edge)       10.000    10.000 r
                                                      0.000    10.000 r  clk (IN)
                         net (fo=7, unset)            0.748    10.748    clk
                         FDRE                                         r  sample_index_reg[1]/C
                         clock pessimism              0.000    10.748
                         clock uncertainty           -0.035    10.712
                         FDRE (Setup_fdre_C_CE)      -0.240    10.472    sample_index_reg[1]
  -------------------------------------------------------------------
                         required time                         10.472
                         arrival time                          -2.366
  -------------------------------------------------------------------
                         slack                                  8.106

Slack (MET) :             8.106ns  (required time - arrival time)
  Source:                 sample_index_reg[5]/C
                            (rising edge-triggered cell FDRE clocked by clk  {rise@0.000ns fall@5.000ns period=10.000ns})
  Destination:            sample_index_reg[2]/CE
                            (rising edge-triggered cell FDRE clocked by clk  {rise@0.000ns fall@5.000ns period=10.000ns})
  Path Group:             clk
  Path Type:              Setup (Max at Slow Process Corner)
  Requirement:            10.000ns  (clk rise@10.000ns - clk rise@0.000ns)
  Data Path Delay:        1.579ns  (logic 0.535ns (33.882%)  route 1.044ns (66.118%))
  Logic Levels:           1  (LUT5=1)
  Clock Path Skew:        -0.039ns (DCD - SCD + CPR)
    Destination Clock Delay (DCD):    0.748ns = ( 10.748 - 10.000 )
    Source Clock Delay      (SCD):    0.787ns
    Clock Pessimism Removal (CPR):    0.000ns
  Clock Uncertainty:      0.035ns  ((TSJ^2 + TIJ^2)^1/2 + DJ) / 2 + PE
    Total System Jitter     (TSJ):    0.071ns
    Total Input Jitter      (TIJ):    0.000ns
    Discrete Jitter          (DJ):    0.000ns
    Phase Error              (PE):    0.000ns

    Location             Delay type                Incr(ns)  Path(ns)    Netlist Resource(s)
  -------------------------------------------------------------------    -------------------
                         (clock clk rise edge)        0.000     0.000 r
                                                      0.000     0.000 r  clk (IN)
                         net (fo=7, unset)            0.787     0.787    clk
                         FDRE                                         r  sample_index_reg[5]/C
  -------------------------------------------------------------------    -------------------
                         FDRE (Prop_fdre_C_Q)         0.303     1.090 f  sample_index_reg[5]/Q
                         net (fo=9, unplaced)         0.640     1.730    sample_index_reg[5]
                         LUT5 (Prop_lut5_I2_O)        0.232     1.962 r  sample_index[6]_i_2/O
                         net (fo=8, unplaced)         0.404     2.366    accept_in
                         FDRE                                         r  sample_index_reg[2]/CE
  -------------------------------------------------------------------    -------------------

                         (clock clk rise edge)       10.000    10.000 r
                                                      0.000    10.000 r  clk (IN)
                         net (fo=7, unset)            0.748    10.748    clk
                         FDRE                                         r  sample_index_reg[2]/C
                         clock pessimism              0.000    10.748
                         clock uncertainty           -0.035    10.712
                         FDRE (Setup_fdre_C_CE)      -0.240    10.472    sample_index_reg[2]
  -------------------------------------------------------------------
                         required time                         10.472
                         arrival time                          -2.366
  -------------------------------------------------------------------
                         slack                                  8.106





Pulse Width Checks
--------------------------------------------------------------------------------------
Clock Name:         clk
Waveform(ns):       { 0.000 5.000 }
Period(ns):         10.000
Sources:            { clk }

Check Type        Corner  Lib Pin  Reference Pin  Required(ns)  Actual(ns)  Slack(ns)  Location  Pin
Min Period        n/a     FDRE/C   n/a            1.000         10.000      9.000                frame_error_reg/C
Min Period        n/a     FDRE/C   n/a            1.000         10.000      9.000                sample_index_reg[0]/C
Min Period        n/a     FDRE/C   n/a            1.000         10.000      9.000                sample_index_reg[1]/C
Min Period        n/a     FDRE/C   n/a            1.000         10.000      9.000                sample_index_reg[2]/C
Min Period        n/a     FDRE/C   n/a            1.000         10.000      9.000                sample_index_reg[3]/C
Min Period        n/a     FDRE/C   n/a            1.000         10.000      9.000                sample_index_reg[4]/C
Min Period        n/a     FDRE/C   n/a            1.000         10.000      9.000                sample_index_reg[5]/C
Min Period        n/a     FDRE/C   n/a            1.000         10.000      9.000                sample_index_reg[6]/C
Low Pulse Width   Slow    FDRE/C   n/a            0.500         5.000       4.500                frame_error_reg/C
Low Pulse Width   Fast    FDRE/C   n/a            0.500         5.000       4.500                frame_error_reg/C
Low Pulse Width   Slow    FDRE/C   n/a            0.500         5.000       4.500                sample_index_reg[0]/C
Low Pulse Width   Fast    FDRE/C   n/a            0.500         5.000       4.500                sample_index_reg[0]/C
Low Pulse Width   Slow    FDRE/C   n/a            0.500         5.000       4.500                sample_index_reg[1]/C
Low Pulse Width   Fast    FDRE/C   n/a            0.500         5.000       4.500                sample_index_reg[1]/C
Low Pulse Width   Slow    FDRE/C   n/a            0.500         5.000       4.500                sample_index_reg[2]/C
Low Pulse Width   Fast    FDRE/C   n/a            0.500         5.000       4.500                sample_index_reg[2]/C
Low Pulse Width   Slow    FDRE/C   n/a            0.500         5.000       4.500                sample_index_reg[3]/C
Low Pulse Width   Fast    FDRE/C   n/a            0.500         5.000       4.500                sample_index_reg[3]/C
High Pulse Width  Slow    FDRE/C   n/a            0.500         5.000       4.500                frame_error_reg/C
High Pulse Width  Fast    FDRE/C   n/a            0.500         5.000       4.500                frame_error_reg/C
High Pulse Width  Slow    FDRE/C   n/a            0.500         5.000       4.500                sample_index_reg[0]/C
High Pulse Width  Fast    FDRE/C   n/a            0.500         5.000       4.500                sample_index_reg[0]/C
High Pulse Width  Slow    FDRE/C   n/a            0.500         5.000       4.500                sample_index_reg[1]/C
High Pulse Width  Fast    FDRE/C   n/a            0.500         5.000       4.500                sample_index_reg[1]/C
High Pulse Width  Slow    FDRE/C   n/a            0.500         5.000       4.500                sample_index_reg[2]/C
High Pulse Width  Fast    FDRE/C   n/a            0.500         5.000       4.500                sample_index_reg[2]/C
High Pulse Width  Slow    FDRE/C   n/a            0.500         5.000       4.500                sample_index_reg[3]/C
High Pulse Width  Fast    FDRE/C   n/a            0.500         5.000       4.500                sample_index_reg[3]/C
