Copyright 1986-2021 Xilinx, Inc. All Rights Reserved.
----------------------------------------------------------------------------------------------------------------------------------------------------------------------------------------------------------
| Tool Version : Vivado v.2021.1 (win64) Build 3247384 Thu Jun 10 19:36:33 MDT 2021
| Date         : normalized
| Host         : normalized
| Command      : report_timing_summary -delay_type max -max_paths 10 -file <output_dir>/ofdm_fft64_sequential_fabric_post_route_timing_summary.rpt
| Design       : ofdm_fft64_sequential
| Device       : 7z020-clg400
| Speed File   : -2  PRODUCTION 1.12 2019-11-22
----------------------------------------------------------------------------------------------------------------------------------------------------------------------------------------------------------

Timing Summary Report

------------------------------------------------------------------------------------------------
| Timer Settings
| --------------
------------------------------------------------------------------------------------------------

  Enable Multi Corner Analysis               :  Yes
  Enable Pessimism Removal                   :  Yes
  Pessimism Removal Resolution               :  Nearest Common Node
  Enable Input Delay Default Clock           :  No
  Enable Preset / Clear Arcs                 :  No
  Disable Flight Delays                      :  No
  Ignore I/O Paths                           :  No
  Timing Early Launch at Borrowing Latches   :  No
  Borrow Time for Max Delay Exceptions       :  Yes
  Merge Timing Exceptions                    :  Yes

  Corner  Analyze    Analyze
  Name    Max Paths  Min Paths
  ------  ---------  ---------
  Slow    Yes        Yes
  Fast    Yes        Yes


------------------------------------------------------------------------------------------------
| Report Methodology
| ------------------
------------------------------------------------------------------------------------------------

No report available as report_methodology has not been run prior. Run report_methodology on the current design for the summary of methodology violations.



check_timing report

Table of Contents
-----------------
1. checking no_clock (0)
2. checking constant_clock (0)
3. checking pulse_width_clock (0)
4. checking unconstrained_internal_endpoints (0)
5. checking no_input_delay (0)
6. checking no_output_delay (0)
7. checking multiple_clock (0)
8. checking generated_clocks (0)
9. checking loops (0)
10. checking partial_input_delay (0)
11. checking partial_output_delay (0)
12. checking latch_loops (0)

1. checking no_clock (0)
------------------------
 There are 0 register/latch pins with no clock.


2. checking constant_clock (0)
------------------------------
 There are 0 register/latch pins with constant_clock.


3. checking pulse_width_clock (0)
---------------------------------
 There are 0 register/latch pins which need pulse_width check


4. checking unconstrained_internal_endpoints (0)
------------------------------------------------
 There are 0 pins that are not constrained for maximum delay.

 There are 0 pins that are not constrained for maximum delay due to constant clock.


5. checking no_input_delay (0)
------------------------------
 There are 0 input ports with no input delay specified.

 There are 0 input ports with no input delay but user has a false path constraint.


6. checking no_output_delay (0)
-------------------------------
 There are 0 ports with no output delay specified.

 There are 0 ports with no output delay but user has a false path constraint

 There are 0 ports with no output delay but with a timing clock defined on it or propagating through it


7. checking multiple_clock (0)
------------------------------
 There are 0 register/latch pins with multiple clocks.


8. checking generated_clocks (0)
--------------------------------
 There are 0 generated clocks that are not connected to a clock source.


9. checking loops (0)
---------------------
 There are 0 combinational loops in the design.


10. checking partial_input_delay (0)
------------------------------------
 There are 0 input ports with partial input delay specified.


11. checking partial_output_delay (0)
-------------------------------------
 There are 0 ports with partial output delay specified.


12. checking latch_loops (0)
----------------------------
 There are 0 combinational latch loops in the design through latch input



------------------------------------------------------------------------------------------------
| Design Timing Summary
| ---------------------
------------------------------------------------------------------------------------------------

    WNS(ns)      TNS(ns)  TNS Failing Endpoints  TNS Total Endpoints     WPWS(ns)     TPWS(ns)  TPWS Failing Endpoints  TPWS Total Endpoints
    -------      -------  ---------------------  -------------------     --------     --------  ----------------------  --------------------
      0.597        0.000                      0                 5457        4.146        0.000                       0                  2439


All user specified timing constraints are met.


------------------------------------------------------------------------------------------------
| Clock Summary
| -------------
------------------------------------------------------------------------------------------------

Clock  Waveform(ns)       Period(ns)      Frequency(MHz)
-----  ------------       ----------      --------------
clk    {0.000 5.000}      10.000          100.000


------------------------------------------------------------------------------------------------
| Intra Clock Table
| -----------------
------------------------------------------------------------------------------------------------

Clock             WNS(ns)      TNS(ns)  TNS Failing Endpoints  TNS Total Endpoints     WPWS(ns)     TPWS(ns)  TPWS Failing Endpoints  TPWS Total Endpoints
-----             -------      -------  ---------------------  -------------------     --------     --------  ----------------------  --------------------
clk                 0.597        0.000                      0                 5457        4.146        0.000                       0                  2439


------------------------------------------------------------------------------------------------
| Inter Clock Table
| -----------------
------------------------------------------------------------------------------------------------

From Clock    To Clock          WNS(ns)      TNS(ns)  TNS Failing Endpoints  TNS Total Endpoints
----------    --------          -------      -------  ---------------------  -------------------


------------------------------------------------------------------------------------------------
| Other Path Groups Table
| -----------------------
------------------------------------------------------------------------------------------------

Path Group    From Clock    To Clock          WNS(ns)      TNS(ns)  TNS Failing Endpoints  TNS Total Endpoints
----------    ----------    --------          -------      -------  ---------------------  -------------------


------------------------------------------------------------------------------------------------
| Timing Details
| --------------
------------------------------------------------------------------------------------------------


---------------------------------------------------------------------------------------------------
From Clock:  clk
  To Clock:  clk

Setup :            0  Failing Endpoints,  Worst Slack        0.597ns,  Total Violation        0.000ns
Hold  :           NA  Failing Endpoints,  Worst Slack           NA  ,  Total Violation           NA
PW    :            0  Failing Endpoints,  Worst Slack        4.146ns,  Total Violation        0.000ns
---------------------------------------------------------------------------------------------------


Max Delay Paths
--------------------------------------------------------------------------------------
Slack (MET) :             0.597ns  (required time - arrival time)
  Source:                 normalized_ifft/FSM_onehot_state_reg[3]_rep__11/C
                            (rising edge-triggered cell FDRE clocked by clk  {rise@0.000ns fall@5.000ns period=10.000ns})
  Destination:            normalized_ifft/memory_re_reg[24][0]/D
                            (rising edge-triggered cell FDRE clocked by clk  {rise@0.000ns fall@5.000ns period=10.000ns})
  Path Group:             clk
  Path Type:              Setup (Max at Slow Process Corner)
  Requirement:            10.000ns  (clk rise@10.000ns - clk rise@0.000ns)
  Data Path Delay:        9.265ns  (logic 0.484ns (5.224%)  route 8.781ns (94.776%))
  Logic Levels:           1  (LUT6=1)
  Clock Path Skew:        -0.133ns (DCD - SCD + CPR)
    Destination Clock Delay (DCD):    1.431ns = ( 11.431 - 10.000 )
    Source Clock Delay      (SCD):    1.676ns
    Clock Pessimism Removal (CPR):    0.112ns
  Clock Uncertainty:      0.035ns  ((TSJ^2 + TIJ^2)^1/2 + DJ) / 2 + PE
    Total System Jitter     (TSJ):    0.071ns
    Total Input Jitter      (TIJ):    0.000ns
    Discrete Jitter          (DJ):    0.000ns
    Phase Error              (PE):    0.000ns

    Location             Delay type                Incr(ns)  Path(ns)    Netlist Resource(s)
  -------------------------------------------------------------------    -------------------
                         (clock clk rise edge)        0.000     0.000 r
                                                      0.000     0.000 r  clk (IN)
                         net (fo=2438, unset)         1.676     1.676    normalized_ifft/clk
    SLICE_X101Y146       FDRE                                         r  normalized_ifft/FSM_onehot_state_reg[3]_rep__11/C
  -------------------------------------------------------------------    -------------------
    SLICE_X101Y146       FDRE (Prop_fdre_C_Q)         0.379     2.055 r  normalized_ifft/FSM_onehot_state_reg[3]_rep__11/Q
                         net (fo=122, routed)         8.781    10.836    normalized_ifft/butterfly/memory_re_reg[24][5]
    SLICE_X64Y121        LUT6 (Prop_lut6_I1_O)        0.105    10.941 r  normalized_ifft/butterfly/memory_re[24][0]_i_1/O
                         net (fo=1, routed)           0.000    10.941    normalized_ifft/butterfly_n_1631
    SLICE_X64Y121        FDRE                                         r  normalized_ifft/memory_re_reg[24][0]/D
  -------------------------------------------------------------------    -------------------

                         (clock clk rise edge)       10.000    10.000 r
                                                      0.000    10.000 r  clk (IN)
                         net (fo=2438, unset)         1.431    11.431    normalized_ifft/clk
    SLICE_X64Y121        FDRE                                         r  normalized_ifft/memory_re_reg[24][0]/C
                         clock pessimism              0.112    11.543
                         clock uncertainty           -0.035    11.508
    SLICE_X64Y121        FDRE (Setup_fdre_C_D)        0.030    11.538    normalized_ifft/memory_re_reg[24][0]
  -------------------------------------------------------------------
                         required time                         11.538
                         arrival time                         -10.941
  -------------------------------------------------------------------
                         slack                                  0.597

Slack (MET) :             0.648ns  (required time - arrival time)
  Source:                 normalized_ifft/FSM_onehot_state_reg[3]_rep__11/C
                            (rising edge-triggered cell FDRE clocked by clk  {rise@0.000ns fall@5.000ns period=10.000ns})
  Destination:            normalized_ifft/memory_re_reg[43][3]/D
                            (rising edge-triggered cell FDRE clocked by clk  {rise@0.000ns fall@5.000ns period=10.000ns})
  Path Group:             clk
  Path Type:              Setup (Max at Slow Process Corner)
  Requirement:            10.000ns  (clk rise@10.000ns - clk rise@0.000ns)
  Data Path Delay:        9.149ns  (logic 0.484ns (5.290%)  route 8.665ns (94.710%))
  Logic Levels:           1  (LUT6=1)
  Clock Path Skew:        -0.197ns (DCD - SCD + CPR)
    Destination Clock Delay (DCD):    1.367ns = ( 11.367 - 10.000 )
    Source Clock Delay      (SCD):    1.676ns
    Clock Pessimism Removal (CPR):    0.112ns
  Clock Uncertainty:      0.035ns  ((TSJ^2 + TIJ^2)^1/2 + DJ) / 2 + PE
    Total System Jitter     (TSJ):    0.071ns
    Total Input Jitter      (TIJ):    0.000ns
    Discrete Jitter          (DJ):    0.000ns
    Phase Error              (PE):    0.000ns

    Location             Delay type                Incr(ns)  Path(ns)    Netlist Resource(s)
  -------------------------------------------------------------------    -------------------
                         (clock clk rise edge)        0.000     0.000 r
                                                      0.000     0.000 r  clk (IN)
                         net (fo=2438, unset)         1.676     1.676    normalized_ifft/clk
    SLICE_X101Y146       FDRE                                         r  normalized_ifft/FSM_onehot_state_reg[3]_rep__11/C
  -------------------------------------------------------------------    -------------------
    SLICE_X101Y146       FDRE (Prop_fdre_C_Q)         0.379     2.055 r  normalized_ifft/FSM_onehot_state_reg[3]_rep__11/Q
                         net (fo=122, routed)         8.665    10.720    normalized_ifft/butterfly/memory_re_reg[24][5]
    SLICE_X52Y121        LUT6 (Prop_lut6_I1_O)        0.105    10.825 r  normalized_ifft/butterfly/memory_re[43][3]_i_1/O
                         net (fo=1, routed)           0.000    10.825    normalized_ifft/butterfly_n_1772
    SLICE_X52Y121        FDRE                                         r  normalized_ifft/memory_re_reg[43][3]/D
  -------------------------------------------------------------------    -------------------

                         (clock clk rise edge)       10.000    10.000 r
                                                      0.000    10.000 r  clk (IN)
                         net (fo=2438, unset)         1.367    11.367    normalized_ifft/clk
    SLICE_X52Y121        FDRE                                         r  normalized_ifft/memory_re_reg[43][3]/C
                         clock pessimism              0.112    11.479
                         clock uncertainty           -0.035    11.444
    SLICE_X52Y121        FDRE (Setup_fdre_C_D)        0.030    11.474    normalized_ifft/memory_re_reg[43][3]
  -------------------------------------------------------------------
                         required time                         11.474
                         arrival time                         -10.825
  -------------------------------------------------------------------
                         slack                                  0.648

Slack (MET) :             0.747ns  (required time - arrival time)
  Source:                 normalized_ifft/FSM_onehot_state_reg[3]_rep__11/C
                            (rising edge-triggered cell FDRE clocked by clk  {rise@0.000ns fall@5.000ns period=10.000ns})
  Destination:            normalized_ifft/memory_re_reg[26][0]/D
                            (rising edge-triggered cell FDRE clocked by clk  {rise@0.000ns fall@5.000ns period=10.000ns})
  Path Group:             clk
  Path Type:              Setup (Max at Slow Process Corner)
  Requirement:            10.000ns  (clk rise@10.000ns - clk rise@0.000ns)
  Data Path Delay:        9.115ns  (logic 0.484ns (5.310%)  route 8.631ns (94.690%))
  Logic Levels:           1  (LUT6=1)
  Clock Path Skew:        -0.133ns (DCD - SCD + CPR)
    Destination Clock Delay (DCD):    1.431ns = ( 11.431 - 10.000 )
    Source Clock Delay      (SCD):    1.676ns
    Clock Pessimism Removal (CPR):    0.112ns
  Clock Uncertainty:      0.035ns  ((TSJ^2 + TIJ^2)^1/2 + DJ) / 2 + PE
    Total System Jitter     (TSJ):    0.071ns
    Total Input Jitter      (TIJ):    0.000ns
    Discrete Jitter          (DJ):    0.000ns
    Phase Error              (PE):    0.000ns

    Location             Delay type                Incr(ns)  Path(ns)    Netlist Resource(s)
  -------------------------------------------------------------------    -------------------
                         (clock clk rise edge)        0.000     0.000 r
                                                      0.000     0.000 r  clk (IN)
                         net (fo=2438, unset)         1.676     1.676    normalized_ifft/clk
    SLICE_X101Y146       FDRE                                         r  normalized_ifft/FSM_onehot_state_reg[3]_rep__11/C
  -------------------------------------------------------------------    -------------------
    SLICE_X101Y146       FDRE (Prop_fdre_C_Q)         0.379     2.055 r  normalized_ifft/FSM_onehot_state_reg[3]_rep__11/Q
                         net (fo=122, routed)         8.631    10.686    normalized_ifft/butterfly/memory_re_reg[24][5]
    SLICE_X65Y121        LUT6 (Prop_lut6_I1_O)        0.105    10.791 r  normalized_ifft/butterfly/memory_re[26][0]_i_1/O
                         net (fo=1, routed)           0.000    10.791    normalized_ifft/butterfly_n_1503
    SLICE_X65Y121        FDRE                                         r  normalized_ifft/memory_re_reg[26][0]/D
  -------------------------------------------------------------------    -------------------

                         (clock clk rise edge)       10.000    10.000 r
                                                      0.000    10.000 r  clk (IN)
                         net (fo=2438, unset)         1.431    11.431    normalized_ifft/clk
    SLICE_X65Y121        FDRE                                         r  normalized_ifft/memory_re_reg[26][0]/C
                         clock pessimism              0.112    11.543
                         clock uncertainty           -0.035    11.508
    SLICE_X65Y121        FDRE (Setup_fdre_C_D)        0.030    11.538    normalized_ifft/memory_re_reg[26][0]
  -------------------------------------------------------------------
                         required time                         11.538
                         arrival time                         -10.791
  -------------------------------------------------------------------
                         slack                                  0.747

Slack (MET) :             0.781ns  (required time - arrival time)
  Source:                 normalized_ifft/FSM_onehot_state_reg[3]_rep__11/C
                            (rising edge-triggered cell FDRE clocked by clk  {rise@0.000ns fall@5.000ns period=10.000ns})
  Destination:            normalized_ifft/memory_re_reg[41][0]/D
                            (rising edge-triggered cell FDRE clocked by clk  {rise@0.000ns fall@5.000ns period=10.000ns})
  Path Group:             clk
  Path Type:              Setup (Max at Slow Process Corner)
  Requirement:            10.000ns  (clk rise@10.000ns - clk rise@0.000ns)
  Data Path Delay:        9.080ns  (logic 0.484ns (5.330%)  route 8.596ns (94.670%))
  Logic Levels:           1  (LUT6=1)
  Clock Path Skew:        -0.135ns (DCD - SCD + CPR)
    Destination Clock Delay (DCD):    1.429ns = ( 11.429 - 10.000 )
    Source Clock Delay      (SCD):    1.676ns
    Clock Pessimism Removal (CPR):    0.112ns
  Clock Uncertainty:      0.035ns  ((TSJ^2 + TIJ^2)^1/2 + DJ) / 2 + PE
    Total System Jitter     (TSJ):    0.071ns
    Total Input Jitter      (TIJ):    0.000ns
    Discrete Jitter          (DJ):    0.000ns
    Phase Error              (PE):    0.000ns

    Location             Delay type                Incr(ns)  Path(ns)    Netlist Resource(s)
  -------------------------------------------------------------------    -------------------
                         (clock clk rise edge)        0.000     0.000 r
                                                      0.000     0.000 r  clk (IN)
                         net (fo=2438, unset)         1.676     1.676    normalized_ifft/clk
    SLICE_X101Y146       FDRE                                         r  normalized_ifft/FSM_onehot_state_reg[3]_rep__11/C
  -------------------------------------------------------------------    -------------------
    SLICE_X101Y146       FDRE (Prop_fdre_C_Q)         0.379     2.055 r  normalized_ifft/FSM_onehot_state_reg[3]_rep__11/Q
                         net (fo=122, routed)         8.596    10.651    normalized_ifft/butterfly/memory_re_reg[24][5]
    SLICE_X56Y120        LUT6 (Prop_lut6_I1_O)        0.105    10.756 r  normalized_ifft/butterfly/memory_re[41][0]_i_1/O
                         net (fo=1, routed)           0.000    10.756    normalized_ifft/butterfly_n_1439
    SLICE_X56Y120        FDRE                                         r  normalized_ifft/memory_re_reg[41][0]/D
  -------------------------------------------------------------------    -------------------

                         (clock clk rise edge)       10.000    10.000 r
                                                      0.000    10.000 r  clk (IN)
                         net (fo=2438, unset)         1.429    11.429    normalized_ifft/clk
    SLICE_X56Y120        FDRE                                         r  normalized_ifft/memory_re_reg[41][0]/C
                         clock pessimism              0.112    11.541
                         clock uncertainty           -0.035    11.506
    SLICE_X56Y120        FDRE (Setup_fdre_C_D)        0.032    11.538    normalized_ifft/memory_re_reg[41][0]
  -------------------------------------------------------------------
                         required time                         11.538
                         arrival time                         -10.756
  -------------------------------------------------------------------
                         slack                                  0.781

Slack (MET) :             0.795ns  (required time - arrival time)
  Source:                 normalized_ifft/FSM_onehot_state_reg[3]_rep__11/C
                            (rising edge-triggered cell FDRE clocked by clk  {rise@0.000ns fall@5.000ns period=10.000ns})
  Destination:            normalized_ifft/memory_re_reg[25][0]/D
                            (rising edge-triggered cell FDRE clocked by clk  {rise@0.000ns fall@5.000ns period=10.000ns})
  Path Group:             clk
  Path Type:              Setup (Max at Slow Process Corner)
  Requirement:            10.000ns  (clk rise@10.000ns - clk rise@0.000ns)
  Data Path Delay:        9.108ns  (logic 0.484ns (5.314%)  route 8.624ns (94.686%))
  Logic Levels:           1  (LUT6=1)
  Clock Path Skew:        -0.134ns (DCD - SCD + CPR)
    Destination Clock Delay (DCD):    1.430ns = ( 11.430 - 10.000 )
    Source Clock Delay      (SCD):    1.676ns
    Clock Pessimism Removal (CPR):    0.112ns
  Clock Uncertainty:      0.035ns  ((TSJ^2 + TIJ^2)^1/2 + DJ) / 2 + PE
    Total System Jitter     (TSJ):    0.071ns
    Total Input Jitter      (TIJ):    0.000ns
    Discrete Jitter          (DJ):    0.000ns
    Phase Error              (PE):    0.000ns

    Location             Delay type                Incr(ns)  Path(ns)    Netlist Resource(s)
  -------------------------------------------------------------------    -------------------
                         (clock clk rise edge)        0.000     0.000 r
                                                      0.000     0.000 r  clk (IN)
                         net (fo=2438, unset)         1.676     1.676    normalized_ifft/clk
    SLICE_X101Y146       FDRE                                         r  normalized_ifft/FSM_onehot_state_reg[3]_rep__11/C
  -------------------------------------------------------------------    -------------------
    SLICE_X101Y146       FDRE (Prop_fdre_C_Q)         0.379     2.055 r  normalized_ifft/FSM_onehot_state_reg[3]_rep__11/Q
                         net (fo=122, routed)         8.624    10.679    normalized_ifft/butterfly/memory_re_reg[24][5]
    SLICE_X62Y120        LUT6 (Prop_lut6_I1_O)        0.105    10.784 r  normalized_ifft/butterfly/memory_re[25][0]_i_1/O
                         net (fo=1, routed)           0.000    10.784    normalized_ifft/butterfly_n_1391
    SLICE_X62Y120        FDRE                                         r  normalized_ifft/memory_re_reg[25][0]/D
  -------------------------------------------------------------------    -------------------

                         (clock clk rise edge)       10.000    10.000 r
                                                      0.000    10.000 r  clk (IN)
                         net (fo=2438, unset)         1.430    11.430    normalized_ifft/clk
    SLICE_X62Y120        FDRE                                         r  normalized_ifft/memory_re_reg[25][0]/C
                         clock pessimism              0.112    11.542
                         clock uncertainty           -0.035    11.507
    SLICE_X62Y120        FDRE (Setup_fdre_C_D)        0.072    11.579    normalized_ifft/memory_re_reg[25][0]
  -------------------------------------------------------------------
                         required time                         11.579
                         arrival time                         -10.784
  -------------------------------------------------------------------
                         slack                                  0.795

Slack (MET) :             0.923ns  (required time - arrival time)
  Source:                 normalized_ifft/FSM_onehot_state_reg[3]_rep__11/C
                            (rising edge-triggered cell FDRE clocked by clk  {rise@0.000ns fall@5.000ns period=10.000ns})
  Destination:            normalized_ifft/memory_re_reg[27][0]/D
                            (rising edge-triggered cell FDRE clocked by clk  {rise@0.000ns fall@5.000ns period=10.000ns})
  Path Group:             clk
  Path Type:              Setup (Max at Slow Process Corner)
  Requirement:            10.000ns  (clk rise@10.000ns - clk rise@0.000ns)
  Data Path Delay:        8.940ns  (logic 0.484ns (5.414%)  route 8.456ns (94.586%))
  Logic Levels:           1  (LUT6=1)
  Clock Path Skew:        -0.133ns (DCD - SCD + CPR)
    Destination Clock Delay (DCD):    1.431ns = ( 11.431 - 10.000 )
    Source Clock Delay      (SCD):    1.676ns
    Clock Pessimism Removal (CPR):    0.112ns
  Clock Uncertainty:      0.035ns  ((TSJ^2 + TIJ^2)^1/2 + DJ) / 2 + PE
    Total System Jitter     (TSJ):    0.071ns
    Total Input Jitter      (TIJ):    0.000ns
    Discrete Jitter          (DJ):    0.000ns
    Phase Error              (PE):    0.000ns

    Location             Delay type                Incr(ns)  Path(ns)    Netlist Resource(s)
  -------------------------------------------------------------------    -------------------
                         (clock clk rise edge)        0.000     0.000 r
                                                      0.000     0.000 r  clk (IN)
                         net (fo=2438, unset)         1.676     1.676    normalized_ifft/clk
    SLICE_X101Y146       FDRE                                         r  normalized_ifft/FSM_onehot_state_reg[3]_rep__11/C
  -------------------------------------------------------------------    -------------------
    SLICE_X101Y146       FDRE (Prop_fdre_C_Q)         0.379     2.055 r  normalized_ifft/FSM_onehot_state_reg[3]_rep__11/Q
                         net (fo=122, routed)         8.456    10.511    normalized_ifft/butterfly/memory_re_reg[24][5]
    SLICE_X64Y121        LUT6 (Prop_lut6_I1_O)        0.105    10.616 r  normalized_ifft/butterfly/memory_re[27][0]_i_1/O
                         net (fo=1, routed)           0.000    10.616    normalized_ifft/butterfly_n_1743
    SLICE_X64Y121        FDRE                                         r  normalized_ifft/memory_re_reg[27][0]/D
  -------------------------------------------------------------------    -------------------

                         (clock clk rise edge)       10.000    10.000 r
                                                      0.000    10.000 r  clk (IN)
                         net (fo=2438, unset)         1.431    11.431    normalized_ifft/clk
    SLICE_X64Y121        FDRE                                         r  normalized_ifft/memory_re_reg[27][0]/C
                         clock pessimism              0.112    11.543
                         clock uncertainty           -0.035    11.508
    SLICE_X64Y121        FDRE (Setup_fdre_C_D)        0.032    11.540    normalized_ifft/memory_re_reg[27][0]
  -------------------------------------------------------------------
                         required time                         11.540
                         arrival time                         -10.616
  -------------------------------------------------------------------
                         slack                                  0.923

Slack (MET) :             0.972ns  (required time - arrival time)
  Source:                 normalized_ifft/FSM_onehot_state_reg[3]_rep__11/C
                            (rising edge-triggered cell FDRE clocked by clk  {rise@0.000ns fall@5.000ns period=10.000ns})
  Destination:            normalized_ifft/memory_re_reg[40][0]/D
                            (rising edge-triggered cell FDRE clocked by clk  {rise@0.000ns fall@5.000ns period=10.000ns})
  Path Group:             clk
  Path Type:              Setup (Max at Slow Process Corner)
  Requirement:            10.000ns  (clk rise@10.000ns - clk rise@0.000ns)
  Data Path Delay:        8.888ns  (logic 0.484ns (5.446%)  route 8.404ns (94.554%))
  Logic Levels:           1  (LUT6=1)
  Clock Path Skew:        -0.135ns (DCD - SCD + CPR)
    Destination Clock Delay (DCD):    1.429ns = ( 11.429 - 10.000 )
    Source Clock Delay      (SCD):    1.676ns
    Clock Pessimism Removal (CPR):    0.112ns
  Clock Uncertainty:      0.035ns  ((TSJ^2 + TIJ^2)^1/2 + DJ) / 2 + PE
    Total System Jitter     (TSJ):    0.071ns
    Total Input Jitter      (TIJ):    0.000ns
    Discrete Jitter          (DJ):    0.000ns
    Phase Error              (PE):    0.000ns

    Location             Delay type                Incr(ns)  Path(ns)    Netlist Resource(s)
  -------------------------------------------------------------------    -------------------
                         (clock clk rise edge)        0.000     0.000 r
                                                      0.000     0.000 r  clk (IN)
                         net (fo=2438, unset)         1.676     1.676    normalized_ifft/clk
    SLICE_X101Y146       FDRE                                         r  normalized_ifft/FSM_onehot_state_reg[3]_rep__11/C
  -------------------------------------------------------------------    -------------------
    SLICE_X101Y146       FDRE (Prop_fdre_C_Q)         0.379     2.055 r  normalized_ifft/FSM_onehot_state_reg[3]_rep__11/Q
                         net (fo=122, routed)         8.404    10.459    normalized_ifft/butterfly/memory_re_reg[24][5]
    SLICE_X56Y120        LUT6 (Prop_lut6_I1_O)        0.105    10.564 r  normalized_ifft/butterfly/memory_re[40][0]_i_1/O
                         net (fo=1, routed)           0.000    10.564    normalized_ifft/butterfly_n_1583
    SLICE_X56Y120        FDRE                                         r  normalized_ifft/memory_re_reg[40][0]/D
  -------------------------------------------------------------------    -------------------

                         (clock clk rise edge)       10.000    10.000 r
                                                      0.000    10.000 r  clk (IN)
                         net (fo=2438, unset)         1.429    11.429    normalized_ifft/clk
    SLICE_X56Y120        FDRE                                         r  normalized_ifft/memory_re_reg[40][0]/C
                         clock pessimism              0.112    11.541
                         clock uncertainty           -0.035    11.506
    SLICE_X56Y120        FDRE (Setup_fdre_C_D)        0.030    11.536    normalized_ifft/memory_re_reg[40][0]
  -------------------------------------------------------------------
                         required time                         11.536
                         arrival time                         -10.564
  -------------------------------------------------------------------
                         slack                                  0.972

Slack (MET) :             1.149ns  (required time - arrival time)
  Source:                 normalized_ifft/FSM_onehot_state_reg[3]_rep__11/C
                            (rising edge-triggered cell FDRE clocked by clk  {rise@0.000ns fall@5.000ns period=10.000ns})
  Destination:            normalized_ifft/memory_re_reg[42][0]/D
                            (rising edge-triggered cell FDRE clocked by clk  {rise@0.000ns fall@5.000ns period=10.000ns})
  Path Group:             clk
  Path Type:              Setup (Max at Slow Process Corner)
  Requirement:            10.000ns  (clk rise@10.000ns - clk rise@0.000ns)
  Data Path Delay:        8.709ns  (logic 0.484ns (5.558%)  route 8.225ns (94.442%))
  Logic Levels:           1  (LUT6=1)
  Clock Path Skew:        -0.137ns (DCD - SCD + CPR)
    Destination Clock Delay (DCD):    1.427ns = ( 11.427 - 10.000 )
    Source Clock Delay      (SCD):    1.676ns
    Clock Pessimism Removal (CPR):    0.112ns
  Clock Uncertainty:      0.035ns  ((TSJ^2 + TIJ^2)^1/2 + DJ) / 2 + PE
    Total System Jitter     (TSJ):    0.071ns
    Total Input Jitter      (TIJ):    0.000ns
    Discrete Jitter          (DJ):    0.000ns
    Phase Error              (PE):    0.000ns

    Location             Delay type                Incr(ns)  Path(ns)    Netlist Resource(s)
  -------------------------------------------------------------------    -------------------
                         (clock clk rise edge)        0.000     0.000 r
                                                      0.000     0.000 r  clk (IN)
                         net (fo=2438, unset)         1.676     1.676    normalized_ifft/clk
    SLICE_X101Y146       FDRE                                         r  normalized_ifft/FSM_onehot_state_reg[3]_rep__11/C
  -------------------------------------------------------------------    -------------------
    SLICE_X101Y146       FDRE (Prop_fdre_C_Q)         0.379     2.055 r  normalized_ifft/FSM_onehot_state_reg[3]_rep__11/Q
                         net (fo=122, routed)         8.225    10.280    normalized_ifft/butterfly/memory_re_reg[24][5]
    SLICE_X55Y120        LUT6 (Prop_lut6_I1_O)        0.105    10.385 r  normalized_ifft/butterfly/memory_re[42][0]_i_1/O
                         net (fo=1, routed)           0.000    10.385    normalized_ifft/butterfly_n_1471
    SLICE_X55Y120        FDRE                                         r  normalized_ifft/memory_re_reg[42][0]/D
  -------------------------------------------------------------------    -------------------

                         (clock clk rise edge)       10.000    10.000 r
                                                      0.000    10.000 r  clk (IN)
                         net (fo=2438, unset)         1.427    11.427    normalized_ifft/clk
    SLICE_X55Y120        FDRE                                         r  normalized_ifft/memory_re_reg[42][0]/C
                         clock pessimism              0.112    11.539
                         clock uncertainty           -0.035    11.504
    SLICE_X55Y120        FDRE (Setup_fdre_C_D)        0.030    11.534    normalized_ifft/memory_re_reg[42][0]
  -------------------------------------------------------------------
                         required time                         11.534
                         arrival time                         -10.385
  -------------------------------------------------------------------
                         slack                                  1.149

Slack (MET) :             1.152ns  (required time - arrival time)
  Source:                 normalized_ifft/stage_reg[2]/C
                            (rising edge-triggered cell FDRE clocked by clk  {rise@0.000ns fall@5.000ns period=10.000ns})
  Destination:            normalized_ifft/butterfly/g_pipelined.s1_ri_reg/A[10]
                            (rising edge-triggered cell DSP48E1 clocked by clk  {rise@0.000ns fall@5.000ns period=10.000ns})
  Path Group:             clk
  Path Type:              Setup (Max at Slow Process Corner)
  Requirement:            10.000ns  (clk rise@10.000ns - clk rise@0.000ns)
  Data Path Delay:        8.247ns  (logic 1.528ns (18.527%)  route 6.719ns (81.473%))
  Logic Levels:           5  (LUT3=2 LUT6=2 MUXF7=1)
  Clock Path Skew:        -0.268ns (DCD - SCD + CPR)
    Destination Clock Delay (DCD):    1.318ns = ( 11.318 - 10.000 )
    Source Clock Delay      (SCD):    1.598ns
    Clock Pessimism Removal (CPR):    0.012ns
  Clock Uncertainty:      0.035ns  ((TSJ^2 + TIJ^2)^1/2 + DJ) / 2 + PE
    Total System Jitter     (TSJ):    0.071ns
    Total Input Jitter      (TIJ):    0.000ns
    Discrete Jitter          (DJ):    0.000ns
    Phase Error              (PE):    0.000ns

    Location             Delay type                Incr(ns)  Path(ns)    Netlist Resource(s)
  -------------------------------------------------------------------    -------------------
                         (clock clk rise edge)        0.000     0.000 r
                                                      0.000     0.000 r  clk (IN)
                         net (fo=2438, unset)         1.598     1.598    normalized_ifft/clk
    SLICE_X61Y122        FDRE                                         r  normalized_ifft/stage_reg[2]/C
  -------------------------------------------------------------------    -------------------
    SLICE_X61Y122        FDRE (Prop_fdre_C_Q)         0.379     1.977 f  normalized_ifft/stage_reg[2]/Q
                         net (fo=39, routed)          0.886     2.863    normalized_ifft/butterfly/p_0_in_2[2]
    SLICE_X63Y122        LUT3 (Prop_lut3_I0_O)        0.119     2.982 r  normalized_ifft/butterfly/group_base[2]_i_2/O
                         net (fo=4, routed)           0.688     3.671    normalized_ifft/butterfly/half_size[0]
    SLICE_X63Y123        LUT6 (Prop_lut6_I1_O)        0.267     3.938 r  normalized_ifft/butterfly/g_pipelined.s1_rr_reg_i_209/O
                         net (fo=128, routed)         1.424     5.362    normalized_ifft/butterfly/g_pipelined.s1_rr_reg_i_209_n_0
    SLICE_X102Y138       MUXF7 (Prop_muxf7_S_O)       0.241     5.603 r  normalized_ifft/butterfly/g_pipelined.s1_rr_reg_i_123/O
                         net (fo=1, routed)           0.792     6.395    normalized_ifft/butterfly/g_pipelined.s1_rr_reg_i_123_n_0
    SLICE_X99Y138        LUT3 (Prop_lut3_I1_O)        0.254     6.649 r  normalized_ifft/butterfly/g_pipelined.s1_rr_reg_i_38/O
                         net (fo=1, routed)           0.826     7.475    normalized_ifft/butterfly/g_pipelined.s1_rr_reg_i_38_n_0
    SLICE_X96Y136        LUT6 (Prop_lut6_I1_O)        0.268     7.743 r  normalized_ifft/butterfly/g_pipelined.s1_rr_reg_i_6/O
                         net (fo=2, routed)           2.103     9.845    normalized_ifft/butterfly/g_pipelined.s1_rr_reg_i_6_n_0
    DSP48_X2Y38          DSP48E1                                      r  normalized_ifft/butterfly/g_pipelined.s1_ri_reg/A[10]
  -------------------------------------------------------------------    -------------------

                         (clock clk rise edge)       10.000    10.000 r
                                                      0.000    10.000 r  clk (IN)
                         net (fo=2438, unset)         1.318    11.318    normalized_ifft/butterfly/clk
    DSP48_X2Y38          DSP48E1                                      r  normalized_ifft/butterfly/g_pipelined.s1_ri_reg/CLK
                         clock pessimism              0.012    11.330
                         clock uncertainty           -0.035    11.294
    DSP48_X2Y38          DSP48E1 (Setup_dsp48e1_CLK_A[10])
                                                     -0.297    10.997    normalized_ifft/butterfly/g_pipelined.s1_ri_reg
  -------------------------------------------------------------------
                         required time                         10.997
                         arrival time                          -9.845
  -------------------------------------------------------------------
                         slack                                  1.152

Slack (MET) :             1.159ns  (required time - arrival time)
  Source:                 normalized_ifft/stage_reg[2]/C
                            (rising edge-triggered cell FDRE clocked by clk  {rise@0.000ns fall@5.000ns period=10.000ns})
  Destination:            normalized_ifft/butterfly/g_pipelined.s1_ri_reg/A[11]
                            (rising edge-triggered cell DSP48E1 clocked by clk  {rise@0.000ns fall@5.000ns period=10.000ns})
  Path Group:             clk
  Path Type:              Setup (Max at Slow Process Corner)
  Requirement:            10.000ns  (clk rise@10.000ns - clk rise@0.000ns)
  Data Path Delay:        8.241ns  (logic 1.531ns (18.579%)  route 6.710ns (81.421%))
  Logic Levels:           5  (LUT3=2 LUT6=2 MUXF7=1)
  Clock Path Skew:        -0.268ns (DCD - SCD + CPR)
    Destination Clock Delay (DCD):    1.318ns = ( 11.318 - 10.000 )
    Source Clock Delay      (SCD):    1.598ns
    Clock Pessimism Removal (CPR):    0.012ns
  Clock Uncertainty:      0.035ns  ((TSJ^2 + TIJ^2)^1/2 + DJ) / 2 + PE
    Total System Jitter     (TSJ):    0.071ns
    Total Input Jitter      (TIJ):    0.000ns
    Discrete Jitter          (DJ):    0.000ns
    Phase Error              (PE):    0.000ns

    Location             Delay type                Incr(ns)  Path(ns)    Netlist Resource(s)
  -------------------------------------------------------------------    -------------------
                         (clock clk rise edge)        0.000     0.000 r
                                                      0.000     0.000 r  clk (IN)
                         net (fo=2438, unset)         1.598     1.598    normalized_ifft/clk
    SLICE_X61Y122        FDRE                                         r  normalized_ifft/stage_reg[2]/C
  -------------------------------------------------------------------    -------------------
    SLICE_X61Y122        FDRE (Prop_fdre_C_Q)         0.379     1.977 f  normalized_ifft/stage_reg[2]/Q
                         net (fo=39, routed)          0.886     2.863    normalized_ifft/butterfly/p_0_in_2[2]
    SLICE_X63Y122        LUT3 (Prop_lut3_I0_O)        0.119     2.982 r  normalized_ifft/butterfly/group_base[2]_i_2/O
                         net (fo=4, routed)           0.688     3.671    normalized_ifft/butterfly/half_size[0]
    SLICE_X63Y123        LUT6 (Prop_lut6_I1_O)        0.267     3.938 r  normalized_ifft/butterfly/g_pipelined.s1_rr_reg_i_209/O
                         net (fo=128, routed)         1.501     5.439    normalized_ifft/butterfly/g_pipelined.s1_rr_reg_i_209_n_0
    SLICE_X100Y146       MUXF7 (Prop_muxf7_S_O)       0.241     5.680 r  normalized_ifft/butterfly/g_pipelined.s1_rr_reg_i_119/O
                         net (fo=1, routed)           0.958     6.638    normalized_ifft/butterfly/g_pipelined.s1_rr_reg_i_119_n_0
    SLICE_X99Y142        LUT3 (Prop_lut3_I1_O)        0.257     6.895 r  normalized_ifft/butterfly/g_pipelined.s1_rr_reg_i_36/O
                         net (fo=1, routed)           0.489     7.383    normalized_ifft/butterfly/g_pipelined.s1_rr_reg_i_36_n_0
    SLICE_X94Y139        LUT6 (Prop_lut6_I5_O)        0.268     7.651 r  normalized_ifft/butterfly/g_pipelined.s1_rr_reg_i_5/O
                         net (fo=2, routed)           2.187     9.839    normalized_ifft/butterfly/g_pipelined.s1_rr_reg_i_5_n_0
    DSP48_X2Y38          DSP48E1                                      r  normalized_ifft/butterfly/g_pipelined.s1_ri_reg/A[11]
  -------------------------------------------------------------------    -------------------

                         (clock clk rise edge)       10.000    10.000 r
                                                      0.000    10.000 r  clk (IN)
                         net (fo=2438, unset)         1.318    11.318    normalized_ifft/butterfly/clk
    DSP48_X2Y38          DSP48E1                                      r  normalized_ifft/butterfly/g_pipelined.s1_ri_reg/CLK
                         clock pessimism              0.012    11.330
                         clock uncertainty           -0.035    11.294
    DSP48_X2Y38          DSP48E1 (Setup_dsp48e1_CLK_A[11])
                                                     -0.297    10.997    normalized_ifft/butterfly/g_pipelined.s1_ri_reg
  -------------------------------------------------------------------
                         required time                         10.997
                         arrival time                          -9.839
  -------------------------------------------------------------------
                         slack                                  1.159





Pulse Width Checks
--------------------------------------------------------------------------------------
Clock Name:         clk
Waveform(ns):       { 0.000 5.000 }
Period(ns):         10.000
Sources:            { clk }

Check Type        Corner  Lib Pin      Reference Pin  Required(ns)  Actual(ns)  Slack(ns)  Location       Pin
Min Period        n/a     DSP48E1/CLK  n/a            3.272         10.000      6.728      DSP48_X2Y38    normalized_ifft/butterfly/g_pipelined.s1_ri_reg/CLK
Min Period        n/a     DSP48E1/CLK  n/a            3.272         10.000      6.728      DSP48_X2Y42    normalized_ifft/butterfly/g_pipelined.s1_rr_reg/CLK
Min Period        n/a     DSP48E1/CLK  n/a            1.816         10.000      8.184      DSP48_X2Y43    normalized_ifft/butterfly/g_pipelined.value/CLK
Min Period        n/a     DSP48E1/CLK  n/a            1.816         10.000      8.184      DSP48_X2Y39    normalized_ifft/butterfly/g_pipelined.value__0/CLK
Min Period        n/a     FDRE/C       n/a            1.000         10.000      9.000      SLICE_X61Y122  conjugation_saturation_count_reg[0]/C
Min Period        n/a     FDRE/C       n/a            1.000         10.000      9.000      SLICE_X61Y123  conjugation_saturation_count_reg[10]/C
Min Period        n/a     FDRE/C       n/a            1.000         10.000      9.000      SLICE_X62Y123  conjugation_saturation_count_reg[11]/C
Min Period        n/a     FDRE/C       n/a            1.000         10.000      9.000      SLICE_X62Y123  conjugation_saturation_count_reg[12]/C
Min Period        n/a     FDRE/C       n/a            1.000         10.000      9.000      SLICE_X61Y123  conjugation_saturation_count_reg[13]/C
Min Period        n/a     FDRE/C       n/a            1.000         10.000      9.000      SLICE_X61Y123  conjugation_saturation_count_reg[14]/C
Low Pulse Width   Slow    SRL16E/CLK   n/a            0.854         5.000       4.146      SLICE_X46Y116  normalized_ifft/wb_index0_reg[2][0]_srl3/CLK
Low Pulse Width   Fast    SRL16E/CLK   n/a            0.854         5.000       4.146      SLICE_X46Y116  normalized_ifft/wb_index0_reg[2][0]_srl3/CLK
Low Pulse Width   Slow    SRL16E/CLK   n/a            0.854         5.000       4.146      SLICE_X46Y116  normalized_ifft/wb_index0_reg[2][1]_srl3/CLK
Low Pulse Width   Fast    SRL16E/CLK   n/a            0.854         5.000       4.146      SLICE_X46Y116  normalized_ifft/wb_index0_reg[2][1]_srl3/CLK
Low Pulse Width   Slow    SRL16E/CLK   n/a            0.854         5.000       4.146      SLICE_X46Y116  normalized_ifft/wb_index0_reg[2][2]_srl3/CLK
Low Pulse Width   Fast    SRL16E/CLK   n/a            0.854         5.000       4.146      SLICE_X46Y116  normalized_ifft/wb_index0_reg[2][2]_srl3/CLK
Low Pulse Width   Slow    SRL16E/CLK   n/a            0.854         5.000       4.146      SLICE_X46Y116  normalized_ifft/wb_index0_reg[2][3]_srl3/CLK
Low Pulse Width   Fast    SRL16E/CLK   n/a            0.854         5.000       4.146      SLICE_X46Y116  normalized_ifft/wb_index0_reg[2][3]_srl3/CLK
Low Pulse Width   Slow    SRL16E/CLK   n/a            0.854         5.000       4.146      SLICE_X46Y116  normalized_ifft/wb_index0_reg[2][4]_srl3/CLK
Low Pulse Width   Fast    SRL16E/CLK   n/a            0.854         5.000       4.146      SLICE_X46Y116  normalized_ifft/wb_index0_reg[2][4]_srl3/CLK
High Pulse Width  Slow    SRL16E/CLK   n/a            0.854         5.000       4.146      SLICE_X46Y116  normalized_ifft/wb_index0_reg[2][0]_srl3/CLK
High Pulse Width  Fast    SRL16E/CLK   n/a            0.854         5.000       4.146      SLICE_X46Y116  normalized_ifft/wb_index0_reg[2][0]_srl3/CLK
High Pulse Width  Slow    SRL16E/CLK   n/a            0.854         5.000       4.146      SLICE_X46Y116  normalized_ifft/wb_index0_reg[2][1]_srl3/CLK
High Pulse Width  Fast    SRL16E/CLK   n/a            0.854         5.000       4.146      SLICE_X46Y116  normalized_ifft/wb_index0_reg[2][1]_srl3/CLK
High Pulse Width  Slow    SRL16E/CLK   n/a            0.854         5.000       4.146      SLICE_X46Y116  normalized_ifft/wb_index0_reg[2][2]_srl3/CLK
High Pulse Width  Fast    SRL16E/CLK   n/a            0.854         5.000       4.146      SLICE_X46Y116  normalized_ifft/wb_index0_reg[2][2]_srl3/CLK
High Pulse Width  Slow    SRL16E/CLK   n/a            0.854         5.000       4.146      SLICE_X46Y116  normalized_ifft/wb_index0_reg[2][3]_srl3/CLK
High Pulse Width  Fast    SRL16E/CLK   n/a            0.854         5.000       4.146      SLICE_X46Y116  normalized_ifft/wb_index0_reg[2][3]_srl3/CLK
High Pulse Width  Slow    SRL16E/CLK   n/a            0.854         5.000       4.146      SLICE_X46Y116  normalized_ifft/wb_index0_reg[2][4]_srl3/CLK
High Pulse Width  Fast    SRL16E/CLK   n/a            0.854         5.000       4.146      SLICE_X46Y116  normalized_ifft/wb_index0_reg[2][4]_srl3/CLK
