Copyright 1986-2021 Xilinx, Inc. All Rights Reserved.
--------------------------------------------------------------------------------------------------------------------------------------------------------------------------------------------------------
| Tool Version : Vivado v.2021.1 (win64) Build 3247384 Thu Jun 10 19:36:33 MDT 2021
| Date         : normalized
| Host         : normalized
| Command      : report_timing_summary -delay_type max -max_paths 10 -file <output_dir>/ofdm_fft64_sequential_bram_post_route_timing_summary.rpt
| Design       : ofdm_fft64_sequential
| Device       : 7z020-clg400
| Speed File   : -2  PRODUCTION 1.12 2019-11-22
--------------------------------------------------------------------------------------------------------------------------------------------------------------------------------------------------------

Timing Summary Report

------------------------------------------------------------------------------------------------
| Timer Settings
| --------------
------------------------------------------------------------------------------------------------

  Enable Multi Corner Analysis               :  Yes
  Enable Pessimism Removal                   :  Yes
  Pessimism Removal Resolution               :  Nearest Common Node
  Enable Input Delay Default Clock           :  No
  Enable Preset / Clear Arcs                 :  No
  Disable Flight Delays                      :  No
  Ignore I/O Paths                           :  No
  Timing Early Launch at Borrowing Latches   :  No
  Borrow Time for Max Delay Exceptions       :  Yes
  Merge Timing Exceptions                    :  Yes

  Corner  Analyze    Analyze
  Name    Max Paths  Min Paths
  ------  ---------  ---------
  Slow    Yes        Yes
  Fast    Yes        Yes


------------------------------------------------------------------------------------------------
| Report Methodology
| ------------------
------------------------------------------------------------------------------------------------

No report available as report_methodology has not been run prior. Run report_methodology on the current design for the summary of methodology violations.



check_timing report

Table of Contents
-----------------
1. checking no_clock (140)
2. checking constant_clock (0)
3. checking pulse_width_clock (0)
4. checking unconstrained_internal_endpoints (10)
5. checking no_input_delay (0)
6. checking no_output_delay (0)
7. checking multiple_clock (0)
8. checking generated_clocks (0)
9. checking loops (0)
10. checking partial_input_delay (0)
11. checking partial_output_delay (0)
12. checking latch_loops (0)

1. checking no_clock (140)
--------------------------
 There are 10 register/latch pins with no clock driven by root clock pin: normalized_ifft/FSM_onehot_state_reg[4]/Q (HIGH)

 There are 10 register/latch pins with no clock driven by root clock pin: normalized_ifft/butterfly_j_reg[0]/Q (HIGH)

 There are 10 register/latch pins with no clock driven by root clock pin: normalized_ifft/butterfly_j_reg[1]/Q (HIGH)

 There are 10 register/latch pins with no clock driven by root clock pin: normalized_ifft/butterfly_j_reg[2]/Q (HIGH)

 There are 10 register/latch pins with no clock driven by root clock pin: normalized_ifft/butterfly_j_reg[3]/Q (HIGH)

 There are 10 register/latch pins with no clock driven by root clock pin: normalized_ifft/butterfly_j_reg[4]/Q (HIGH)

 There are 10 register/latch pins with no clock driven by root clock pin: normalized_ifft/group_base_reg[1]/Q (HIGH)

 There are 10 register/latch pins with no clock driven by root clock pin: normalized_ifft/group_base_reg[2]/Q (HIGH)

 There are 10 register/latch pins with no clock driven by root clock pin: normalized_ifft/group_base_reg[3]/Q (HIGH)

 There are 10 register/latch pins with no clock driven by root clock pin: normalized_ifft/group_base_reg[4]/Q (HIGH)

 There are 10 register/latch pins with no clock driven by root clock pin: normalized_ifft/group_base_reg[5]/Q (HIGH)

 There are 10 register/latch pins with no clock driven by root clock pin: normalized_ifft/stage_reg[0]/Q (HIGH)

 There are 10 register/latch pins with no clock driven by root clock pin: normalized_ifft/stage_reg[1]/Q (HIGH)

 There are 10 register/latch pins with no clock driven by root clock pin: normalized_ifft/stage_reg[2]/Q (HIGH)


2. checking constant_clock (0)
------------------------------
 There are 0 register/latch pins with constant_clock.


3. checking pulse_width_clock (0)
---------------------------------
 There are 0 register/latch pins which need pulse_width check


4. checking unconstrained_internal_endpoints (10)
-------------------------------------------------
 There are 10 pins that are not constrained for maximum delay. (HIGH)

 There are 0 pins that are not constrained for maximum delay due to constant clock.


5. checking no_input_delay (0)
------------------------------
 There are 0 input ports with no input delay specified.

 There are 0 input ports with no input delay but user has a false path constraint.


6. checking no_output_delay (0)
-------------------------------
 There are 0 ports with no output delay specified.

 There are 0 ports with no output delay but user has a false path constraint

 There are 0 ports with no output delay but with a timing clock defined on it or propagating through it


7. checking multiple_clock (0)
------------------------------
 There are 0 register/latch pins with multiple clocks.


8. checking generated_clocks (0)
--------------------------------
 There are 0 generated clocks that are not connected to a clock source.


9. checking loops (0)
---------------------
 There are 0 combinational loops in the design.


10. checking partial_input_delay (0)
------------------------------------
 There are 0 input ports with partial input delay specified.


11. checking partial_output_delay (0)
-------------------------------------
 There are 0 ports with partial output delay specified.


12. checking latch_loops (0)
----------------------------
 There are 0 combinational latch loops in the design through latch input



------------------------------------------------------------------------------------------------
| Design Timing Summary
| ---------------------
------------------------------------------------------------------------------------------------

    WNS(ns)      TNS(ns)  TNS Failing Endpoints  TNS Total Endpoints     WPWS(ns)     TPWS(ns)  TPWS Failing Endpoints  TPWS Total Endpoints
    -------      -------  ---------------------  -------------------     --------     --------  ----------------------  --------------------
      1.487        0.000                      0                 1224        4.146        0.000                       0                   339


All user specified timing constraints are met.


------------------------------------------------------------------------------------------------
| Clock Summary
| -------------
------------------------------------------------------------------------------------------------

Clock  Waveform(ns)       Period(ns)      Frequency(MHz)
-----  ------------       ----------      --------------
clk    {0.000 5.000}      10.000          100.000


------------------------------------------------------------------------------------------------
| Intra Clock Table
| -----------------
------------------------------------------------------------------------------------------------

Clock             WNS(ns)      TNS(ns)  TNS Failing Endpoints  TNS Total Endpoints     WPWS(ns)     TPWS(ns)  TPWS Failing Endpoints  TPWS Total Endpoints
-----             -------      -------  ---------------------  -------------------     --------     --------  ----------------------  --------------------
clk                 1.487        0.000                      0                 1224        4.146        0.000                       0                   339


------------------------------------------------------------------------------------------------
| Inter Clock Table
| -----------------
------------------------------------------------------------------------------------------------

From Clock    To Clock          WNS(ns)      TNS(ns)  TNS Failing Endpoints  TNS Total Endpoints
----------    --------          -------      -------  ---------------------  -------------------


------------------------------------------------------------------------------------------------
| Other Path Groups Table
| -----------------------
------------------------------------------------------------------------------------------------

Path Group    From Clock    To Clock          WNS(ns)      TNS(ns)  TNS Failing Endpoints  TNS Total Endpoints
----------    ----------    --------          -------      -------  ---------------------  -------------------


------------------------------------------------------------------------------------------------
| Timing Details
| --------------
------------------------------------------------------------------------------------------------


---------------------------------------------------------------------------------------------------
From Clock:  clk
  To Clock:  clk

Setup :            0  Failing Endpoints,  Worst Slack        1.487ns,  Total Violation        0.000ns
Hold  :           NA  Failing Endpoints,  Worst Slack           NA  ,  Total Violation           NA
PW    :            0  Failing Endpoints,  Worst Slack        4.146ns,  Total Violation        0.000ns
---------------------------------------------------------------------------------------------------


Max Delay Paths
--------------------------------------------------------------------------------------
Slack (MET) :             1.487ns  (required time - arrival time)
  Source:                 normalized_ifft/butterfly/g_pipelined.s2_tw_re_reg[1]/C
                            (rising edge-triggered cell FDRE clocked by clk  {rise@0.000ns fall@5.000ns period=10.000ns})
  Destination:            normalized_ifft/butterfly/saturation_count_reg[1]/D
                            (rising edge-triggered cell FDRE clocked by clk  {rise@0.000ns fall@5.000ns period=10.000ns})
  Path Group:             clk
  Path Type:              Setup (Max at Slow Process Corner)
  Requirement:            10.000ns  (clk rise@10.000ns - clk rise@0.000ns)
  Data Path Delay:        8.481ns  (logic 4.333ns (51.092%)  route 4.148ns (48.908%))
  Logic Levels:           13  (CARRY4=7 LUT1=2 LUT2=1 LUT5=1 LUT6=2)
  Clock Path Skew:        -0.069ns (DCD - SCD + CPR)
    Destination Clock Delay (DCD):    1.240ns = ( 11.240 - 10.000 )
    Source Clock Delay      (SCD):    1.406ns
    Clock Pessimism Removal (CPR):    0.097ns
  Clock Uncertainty:      0.035ns  ((TSJ^2 + TIJ^2)^1/2 + DJ) / 2 + PE
    Total System Jitter     (TSJ):    0.071ns
    Total Input Jitter      (TIJ):    0.000ns
    Discrete Jitter          (DJ):    0.000ns
    Phase Error              (PE):    0.000ns

    Location             Delay type                Incr(ns)  Path(ns)    Netlist Resource(s)
  -------------------------------------------------------------------    -------------------
                         (clock clk rise edge)        0.000     0.000 r
                                                      0.000     0.000 r  clk (IN)
                         net (fo=338, unset)          1.406     1.406    normalized_ifft/butterfly/clk
    SLICE_X37Y9          FDRE                                         r  normalized_ifft/butterfly/g_pipelined.s2_tw_re_reg[1]/C
  -------------------------------------------------------------------    -------------------
    SLICE_X37Y9          FDRE (Prop_fdre_C_Q)         0.348     1.754 r  normalized_ifft/butterfly/g_pipelined.s2_tw_re_reg[1]/Q
                         net (fo=6, routed)           0.914     2.668    normalized_ifft/butterfly/g_pipelined.s2_tw_re[1]
    SLICE_X28Y15         LUT2 (Prop_lut2_I1_O)        0.242     2.910 r  normalized_ifft/butterfly/y1_re[0]_i_10/O
                         net (fo=1, routed)           0.000     2.910    normalized_ifft/butterfly/y1_re[0]_i_10_n_0
    SLICE_X28Y15         CARRY4 (Prop_carry4_S[1]_CO[3])
                                                      0.457     3.367 r  normalized_ifft/butterfly/y1_re_reg[0]_i_6/CO[3]
                         net (fo=1, routed)           0.000     3.367    normalized_ifft/butterfly/y1_re_reg[0]_i_6_n_0
    SLICE_X28Y16         CARRY4 (Prop_carry4_CI_O[1])
                                                      0.265     3.632 f  normalized_ifft/butterfly/i__carry_i_11/O[1]
                         net (fo=1, routed)           0.472     4.103    normalized_ifft/butterfly/i__carry_i_11_n_6
    SLICE_X26Y16         LUT1 (Prop_lut1_I0_O)        0.250     4.353 r  normalized_ifft/butterfly/i__carry_i_9__0/O
                         net (fo=1, routed)           0.000     4.353    normalized_ifft/butterfly/i__carry_i_9__0_n_0
    SLICE_X26Y16         CARRY4 (Prop_carry4_S[1]_CO[3])
                                                      0.444     4.797 r  normalized_ifft/butterfly/i__carry_i_6__1/CO[3]
                         net (fo=1, routed)           0.000     4.797    normalized_ifft/butterfly/i__carry_i_6__1_n_0
    SLICE_X26Y17         CARRY4 (Prop_carry4_CI_O[3])
                                                      0.262     5.059 f  normalized_ifft/butterfly/i__carry__0_i_5__0/O[3]
                         net (fo=1, routed)           0.333     5.393    normalized_ifft/butterfly/i__carry__0_i_5__0_n_4
    SLICE_X27Y18         LUT1 (Prop_lut1_I0_O)        0.250     5.643 r  normalized_ifft/butterfly/i__carry__1_i_3__0/O
                         net (fo=1, routed)           0.000     5.643    normalized_ifft/butterfly/i__carry__1_i_3__0_n_0
    SLICE_X27Y18         CARRY4 (Prop_carry4_S[1]_CO[3])
                                                      0.457     6.100 r  normalized_ifft/butterfly/round_div2_away0_inferred__1/i__carry__1/CO[3]
                         net (fo=1, routed)           0.000     6.100    normalized_ifft/butterfly/round_div2_away0_inferred__1/i__carry__1_n_0
    SLICE_X27Y19         CARRY4 (Prop_carry4_CI_O[3])
                                                      0.260     6.360 f  normalized_ifft/butterfly/round_div2_away0_inferred__1/i__carry__2/O[3]
                         net (fo=4, routed)           0.700     7.060    normalized_ifft/butterfly/round_div2_away0_inferred__1/i__carry__2_n_4
    SLICE_X28Y20         LUT5 (Prop_lut5_I3_O)        0.257     7.317 r  normalized_ifft/butterfly/i__carry_i_4__3/O
                         net (fo=1, routed)           0.000     7.317    normalized_ifft/butterfly/i__carry_i_4__3_n_0
    SLICE_X28Y20         CARRY4 (Prop_carry4_S[1]_CO[2])
                                                      0.475     7.792 r  normalized_ifft/butterfly/saturate_q151_inferred__4/i__carry/CO[2]
                         net (fo=18, routed)          1.375     9.167    normalized_ifft/butterfly/saturate_q1512_in
    SLICE_X42Y21         LUT6 (Prop_lut6_I1_O)        0.261     9.428 r  normalized_ifft/butterfly/saturation_count[2]_i_2/O
                         net (fo=2, routed)           0.354     9.782    normalized_ifft/butterfly/saturation_count[2]_i_2_n_0
    SLICE_X42Y22         LUT6 (Prop_lut6_I3_O)        0.105     9.887 r  normalized_ifft/butterfly/saturation_count[1]_i_1/O
                         net (fo=1, routed)           0.000     9.887    normalized_ifft/butterfly/saturation_count[1]_i_1_n_0
    SLICE_X42Y22         FDRE                                         r  normalized_ifft/butterfly/saturation_count_reg[1]/D
  -------------------------------------------------------------------    -------------------

                         (clock clk rise edge)       10.000    10.000 r
                                                      0.000    10.000 r  clk (IN)
                         net (fo=338, unset)          1.240    11.240    normalized_ifft/butterfly/clk
    SLICE_X42Y22         FDRE                                         r  normalized_ifft/butterfly/saturation_count_reg[1]/C
                         clock pessimism              0.097    11.337
                         clock uncertainty           -0.035    11.302
    SLICE_X42Y22         FDRE (Setup_fdre_C_D)        0.072    11.374    normalized_ifft/butterfly/saturation_count_reg[1]
  -------------------------------------------------------------------
                         required time                         11.374
                         arrival time                          -9.887
  -------------------------------------------------------------------
                         slack                                  1.487

Slack (MET) :             1.495ns  (required time - arrival time)
  Source:                 normalized_ifft/butterfly/g_pipelined.s2_tw_re_reg[1]/C
                            (rising edge-triggered cell FDRE clocked by clk  {rise@0.000ns fall@5.000ns period=10.000ns})
  Destination:            normalized_ifft/butterfly/saturation_count_reg[2]/D
                            (rising edge-triggered cell FDRE clocked by clk  {rise@0.000ns fall@5.000ns period=10.000ns})
  Path Group:             clk
  Path Type:              Setup (Max at Slow Process Corner)
  Requirement:            10.000ns  (clk rise@10.000ns - clk rise@0.000ns)
  Data Path Delay:        8.477ns  (logic 4.333ns (51.116%)  route 4.144ns (48.884%))
  Logic Levels:           13  (CARRY4=7 LUT1=2 LUT2=1 LUT5=1 LUT6=2)
  Clock Path Skew:        -0.069ns (DCD - SCD + CPR)
    Destination Clock Delay (DCD):    1.240ns = ( 11.240 - 10.000 )
    Source Clock Delay      (SCD):    1.406ns
    Clock Pessimism Removal (CPR):    0.097ns
  Clock Uncertainty:      0.035ns  ((TSJ^2 + TIJ^2)^1/2 + DJ) / 2 + PE
    Total System Jitter     (TSJ):    0.071ns
    Total Input Jitter      (TIJ):    0.000ns
    Discrete Jitter          (DJ):    0.000ns
    Phase Error              (PE):    0.000ns

    Location             Delay type                Incr(ns)  Path(ns)    Netlist Resource(s)
  -------------------------------------------------------------------    -------------------
                         (clock clk rise edge)        0.000     0.000 r
                                                      0.000     0.000 r  clk (IN)
                         net (fo=338, unset)          1.406     1.406    normalized_ifft/butterfly/clk
    SLICE_X37Y9          FDRE                                         r  normalized_ifft/butterfly/g_pipelined.s2_tw_re_reg[1]/C
  -------------------------------------------------------------------    -------------------
    SLICE_X37Y9          FDRE (Prop_fdre_C_Q)         0.348     1.754 r  normalized_ifft/butterfly/g_pipelined.s2_tw_re_reg[1]/Q
                         net (fo=6, routed)           0.914     2.668    normalized_ifft/butterfly/g_pipelined.s2_tw_re[1]
    SLICE_X28Y15         LUT2 (Prop_lut2_I1_O)        0.242     2.910 r  normalized_ifft/butterfly/y1_re[0]_i_10/O
                         net (fo=1, routed)           0.000     2.910    normalized_ifft/butterfly/y1_re[0]_i_10_n_0
    SLICE_X28Y15         CARRY4 (Prop_carry4_S[1]_CO[3])
                                                      0.457     3.367 r  normalized_ifft/butterfly/y1_re_reg[0]_i_6/CO[3]
                         net (fo=1, routed)           0.000     3.367    normalized_ifft/butterfly/y1_re_reg[0]_i_6_n_0
    SLICE_X28Y16         CARRY4 (Prop_carry4_CI_O[1])
                                                      0.265     3.632 f  normalized_ifft/butterfly/i__carry_i_11/O[1]
                         net (fo=1, routed)           0.472     4.103    normalized_ifft/butterfly/i__carry_i_11_n_6
    SLICE_X26Y16         LUT1 (Prop_lut1_I0_O)        0.250     4.353 r  normalized_ifft/butterfly/i__carry_i_9__0/O
                         net (fo=1, routed)           0.000     4.353    normalized_ifft/butterfly/i__carry_i_9__0_n_0
    SLICE_X26Y16         CARRY4 (Prop_carry4_S[1]_CO[3])
                                                      0.444     4.797 r  normalized_ifft/butterfly/i__carry_i_6__1/CO[3]
                         net (fo=1, routed)           0.000     4.797    normalized_ifft/butterfly/i__carry_i_6__1_n_0
    SLICE_X26Y17         CARRY4 (Prop_carry4_CI_O[3])
                                                      0.262     5.059 f  normalized_ifft/butterfly/i__carry__0_i_5__0/O[3]
                         net (fo=1, routed)           0.333     5.393    normalized_ifft/butterfly/i__carry__0_i_5__0_n_4
    SLICE_X27Y18         LUT1 (Prop_lut1_I0_O)        0.250     5.643 r  normalized_ifft/butterfly/i__carry__1_i_3__0/O
                         net (fo=1, routed)           0.000     5.643    normalized_ifft/butterfly/i__carry__1_i_3__0_n_0
    SLICE_X27Y18         CARRY4 (Prop_carry4_S[1]_CO[3])
                                                      0.457     6.100 r  normalized_ifft/butterfly/round_div2_away0_inferred__1/i__carry__1/CO[3]
                         net (fo=1, routed)           0.000     6.100    normalized_ifft/butterfly/round_div2_away0_inferred__1/i__carry__1_n_0
    SLICE_X27Y19         CARRY4 (Prop_carry4_CI_O[3])
                                                      0.260     6.360 f  normalized_ifft/butterfly/round_div2_away0_inferred__1/i__carry__2/O[3]
                         net (fo=4, routed)           0.700     7.060    normalized_ifft/butterfly/round_div2_away0_inferred__1/i__carry__2_n_4
    SLICE_X28Y20         LUT5 (Prop_lut5_I3_O)        0.257     7.317 r  normalized_ifft/butterfly/i__carry_i_4__3/O
                         net (fo=1, routed)           0.000     7.317    normalized_ifft/butterfly/i__carry_i_4__3_n_0
    SLICE_X28Y20         CARRY4 (Prop_carry4_S[1]_CO[2])
                                                      0.475     7.792 r  normalized_ifft/butterfly/saturate_q151_inferred__4/i__carry/CO[2]
                         net (fo=18, routed)          1.375     9.167    normalized_ifft/butterfly/saturate_q1512_in
    SLICE_X42Y21         LUT6 (Prop_lut6_I1_O)        0.261     9.428 r  normalized_ifft/butterfly/saturation_count[2]_i_2/O
                         net (fo=2, routed)           0.350     9.778    normalized_ifft/butterfly/saturation_count[2]_i_2_n_0
    SLICE_X42Y22         LUT6 (Prop_lut6_I0_O)        0.105     9.883 r  normalized_ifft/butterfly/saturation_count[2]_i_1/O
                         net (fo=1, routed)           0.000     9.883    normalized_ifft/butterfly/saturation_count[2]_i_1_n_0
    SLICE_X42Y22         FDRE                                         r  normalized_ifft/butterfly/saturation_count_reg[2]/D
  -------------------------------------------------------------------    -------------------

                         (clock clk rise edge)       10.000    10.000 r
                                                      0.000    10.000 r  clk (IN)
                         net (fo=338, unset)          1.240    11.240    normalized_ifft/butterfly/clk
    SLICE_X42Y22         FDRE                                         r  normalized_ifft/butterfly/saturation_count_reg[2]/C
                         clock pessimism              0.097    11.337
                         clock uncertainty           -0.035    11.302
    SLICE_X42Y22         FDRE (Setup_fdre_C_D)        0.076    11.378    normalized_ifft/butterfly/saturation_count_reg[2]
  -------------------------------------------------------------------
                         required time                         11.378
                         arrival time                          -9.883
  -------------------------------------------------------------------
                         slack                                  1.495

Slack (MET) :             1.856ns  (required time - arrival time)
  Source:                 normalized_ifft/g_banks.bank0/mem_reg/CLKARDCLK
                            (rising edge-triggered cell RAMB18E1 clocked by clk  {rise@0.000ns fall@5.000ns period=10.000ns})
  Destination:            bin_im[15]
                            (output port clocked by clk  {rise@0.000ns fall@5.000ns period=10.000ns})
  Path Group:             clk
  Path Type:              Max at Slow Process Corner
  Requirement:            10.000ns  (clk rise@10.000ns - clk rise@0.000ns)
  Data Path Delay:        6.672ns  (logic 3.574ns (53.569%)  route 3.098ns (46.431%))
  Logic Levels:           6  (CARRY4=4 LUT2=1 LUT3=1)
  Output Delay:           0.000ns
  Clock Path Skew:        -1.437ns (DCD - SCD + CPR)
    Destination Clock Delay (DCD):    0.000ns = ( 10.000 - 10.000 )
    Source Clock Delay      (SCD):    1.437ns
    Clock Pessimism Removal (CPR):    0.000ns
  Clock Uncertainty:      0.035ns  ((TSJ^2 + TIJ^2)^1/2 + DJ) / 2 + PE
    Total System Jitter     (TSJ):    0.071ns
    Total Input Jitter      (TIJ):    0.000ns
    Discrete Jitter          (DJ):    0.000ns
    Phase Error              (PE):    0.000ns

    Location             Delay type                Incr(ns)  Path(ns)    Netlist Resource(s)
  -------------------------------------------------------------------    -------------------
                         (clock clk rise edge)        0.000     0.000 r
                                                      0.000     0.000 r  clk (IN)
                         net (fo=338, unset)          1.437     1.437    normalized_ifft/g_banks.bank0/clk
    RAMB18_X2Y6          RAMB18E1                                     r  normalized_ifft/g_banks.bank0/mem_reg/CLKARDCLK
  -------------------------------------------------------------------    -------------------
    RAMB18_X2Y6          RAMB18E1 (Prop_ramb18e1_CLKARDCLK_DOADO[0])
                                                      2.125     3.562 f  normalized_ifft/g_banks.bank0/mem_reg/DOADO[0]
                         net (fo=5, routed)           1.237     4.798    normalized_ifft/g_banks.bank0/bank_rdata0[0]
    SLICE_X33Y11         LUT3 (Prop_lut3_I0_O)        0.123     4.921 r  normalized_ifft/g_banks.bank0/bin_im[4]_INST_0_i_2/O
                         net (fo=1, routed)           0.431     5.353    normalized_ifft/g_banks.bank0/p_0_in[0]
    SLICE_X32Y11         CARRY4 (Prop_carry4_CYINIT_CO[3])
                                                      0.663     6.016 r  normalized_ifft/g_banks.bank0/bin_im[4]_INST_0_i_1/CO[3]
                         net (fo=1, routed)           0.000     6.016    normalized_ifft/g_banks.bank0/bin_im[4]_INST_0_i_1_n_0
    SLICE_X32Y12         CARRY4 (Prop_carry4_CI_CO[3])
                                                      0.100     6.116 r  normalized_ifft/g_banks.bank0/bin_im[8]_INST_0_i_1/CO[3]
                         net (fo=1, routed)           0.000     6.116    normalized_ifft/g_banks.bank0/bin_im[8]_INST_0_i_1_n_0
    SLICE_X32Y13         CARRY4 (Prop_carry4_CI_CO[3])
                                                      0.100     6.216 r  normalized_ifft/g_banks.bank0/bin_im[12]_INST_0_i_1/CO[3]
                         net (fo=1, routed)           0.000     6.216    normalized_ifft/g_banks.bank0/bin_im[12]_INST_0_i_1_n_0
    SLICE_X32Y14         CARRY4 (Prop_carry4_CI_O[2])
                                                      0.199     6.415 r  normalized_ifft/g_banks.bank0/bin_im[15]_INST_0_i_2/O[2]
                         net (fo=1, routed)           0.643     7.058    normalized_ifft/g_banks.bank0/bin_im[15]_INST_0_i_2_n_5
    SLICE_X33Y12         LUT2 (Prop_lut2_I1_O)        0.264     7.322 r  normalized_ifft/g_banks.bank0/bin_im[15]_INST_0/O
                         net (fo=0)                   0.787     8.109    bin_im[15]
                                                                      r  bin_im[15] (OUT)
  -------------------------------------------------------------------    -------------------

                         (clock clk rise edge)       10.000    10.000 r
                         clock pessimism              0.000    10.000
                         clock uncertainty           -0.035     9.965
                         output delay                -0.000     9.965
  -------------------------------------------------------------------
                         required time                          9.965
                         arrival time                          -8.109
  -------------------------------------------------------------------
                         slack                                  1.856

Slack (MET) :             1.870ns  (required time - arrival time)
  Source:                 normalized_ifft/g_banks.bank0/mem_reg/CLKARDCLK
                            (rising edge-triggered cell RAMB18E1 clocked by clk  {rise@0.000ns fall@5.000ns period=10.000ns})
  Destination:            bin_im[12]
                            (output port clocked by clk  {rise@0.000ns fall@5.000ns period=10.000ns})
  Path Group:             clk
  Path Type:              Max at Slow Process Corner
  Requirement:            10.000ns  (clk rise@10.000ns - clk rise@0.000ns)
  Data Path Delay:        6.658ns  (logic 3.537ns (53.127%)  route 3.121ns (46.873%))
  Logic Levels:           5  (CARRY4=3 LUT2=1 LUT3=1)
  Output Delay:           0.000ns
  Clock Path Skew:        -1.437ns (DCD - SCD + CPR)
    Destination Clock Delay (DCD):    0.000ns = ( 10.000 - 10.000 )
    Source Clock Delay      (SCD):    1.437ns
    Clock Pessimism Removal (CPR):    0.000ns
  Clock Uncertainty:      0.035ns  ((TSJ^2 + TIJ^2)^1/2 + DJ) / 2 + PE
    Total System Jitter     (TSJ):    0.071ns
    Total Input Jitter      (TIJ):    0.000ns
    Discrete Jitter          (DJ):    0.000ns
    Phase Error              (PE):    0.000ns

    Location             Delay type                Incr(ns)  Path(ns)    Netlist Resource(s)
  -------------------------------------------------------------------    -------------------
                         (clock clk rise edge)        0.000     0.000 r
                                                      0.000     0.000 r  clk (IN)
                         net (fo=338, unset)          1.437     1.437    normalized_ifft/g_banks.bank0/clk
    RAMB18_X2Y6          RAMB18E1                                     r  normalized_ifft/g_banks.bank0/mem_reg/CLKARDCLK
  -------------------------------------------------------------------    -------------------
    RAMB18_X2Y6          RAMB18E1 (Prop_ramb18e1_CLKARDCLK_DOADO[0])
                                                      2.125     3.562 f  normalized_ifft/g_banks.bank0/mem_reg/DOADO[0]
                         net (fo=5, routed)           1.237     4.798    normalized_ifft/g_banks.bank0/bank_rdata0[0]
    SLICE_X33Y11         LUT3 (Prop_lut3_I0_O)        0.123     4.921 r  normalized_ifft/g_banks.bank0/bin_im[4]_INST_0_i_2/O
                         net (fo=1, routed)           0.431     5.353    normalized_ifft/g_banks.bank0/p_0_in[0]
    SLICE_X32Y11         CARRY4 (Prop_carry4_CYINIT_CO[3])
                                                      0.663     6.016 r  normalized_ifft/g_banks.bank0/bin_im[4]_INST_0_i_1/CO[3]
                         net (fo=1, routed)           0.000     6.016    normalized_ifft/g_banks.bank0/bin_im[4]_INST_0_i_1_n_0
    SLICE_X32Y12         CARRY4 (Prop_carry4_CI_CO[3])
                                                      0.100     6.116 r  normalized_ifft/g_banks.bank0/bin_im[8]_INST_0_i_1/CO[3]
                         net (fo=1, routed)           0.000     6.116    normalized_ifft/g_banks.bank0/bin_im[8]_INST_0_i_1_n_0
    SLICE_X32Y13         CARRY4 (Prop_carry4_CI_O[3])
                                                      0.262     6.378 r  normalized_ifft/g_banks.bank0/bin_im[12]_INST_0_i_1/O[3]
                         net (fo=1, routed)           0.666     7.043    normalized_ifft/g_banks.bank0/bin_im[12]_INST_0_i_1_n_4
    SLICE_X33Y12         LUT2 (Prop_lut2_I0_O)        0.264     7.307 r  normalized_ifft/g_banks.bank0/bin_im[12]_INST_0/O
                         net (fo=0)                   0.787     8.094    bin_im[12]
                                                                      r  bin_im[12] (OUT)
  -------------------------------------------------------------------    -------------------

                         (clock clk rise edge)       10.000    10.000 r
                         clock pessimism              0.000    10.000
                         clock uncertainty           -0.035     9.965
                         output delay                -0.000     9.965
  -------------------------------------------------------------------
                         required time                          9.965
                         arrival time                          -8.094
  -------------------------------------------------------------------
                         slack                                  1.870

Slack (MET) :             1.911ns  (required time - arrival time)
  Source:                 normalized_ifft/g_banks.bank0/mem_reg/CLKARDCLK
                            (rising edge-triggered cell RAMB18E1 clocked by clk  {rise@0.000ns fall@5.000ns period=10.000ns})
  Destination:            bin_im[14]
                            (output port clocked by clk  {rise@0.000ns fall@5.000ns period=10.000ns})
  Path Group:             clk
  Path Type:              Max at Slow Process Corner
  Requirement:            10.000ns  (clk rise@10.000ns - clk rise@0.000ns)
  Data Path Delay:        6.617ns  (logic 3.613ns (54.603%)  route 3.004ns (45.397%))
  Logic Levels:           6  (CARRY4=4 LUT2=1 LUT3=1)
  Output Delay:           0.000ns
  Clock Path Skew:        -1.437ns (DCD - SCD + CPR)
    Destination Clock Delay (DCD):    0.000ns = ( 10.000 - 10.000 )
    Source Clock Delay      (SCD):    1.437ns
    Clock Pessimism Removal (CPR):    0.000ns
  Clock Uncertainty:      0.035ns  ((TSJ^2 + TIJ^2)^1/2 + DJ) / 2 + PE
    Total System Jitter     (TSJ):    0.071ns
    Total Input Jitter      (TIJ):    0.000ns
    Discrete Jitter          (DJ):    0.000ns
    Phase Error              (PE):    0.000ns

    Location             Delay type                Incr(ns)  Path(ns)    Netlist Resource(s)
  -------------------------------------------------------------------    -------------------
                         (clock clk rise edge)        0.000     0.000 r
                                                      0.000     0.000 r  clk (IN)
                         net (fo=338, unset)          1.437     1.437    normalized_ifft/g_banks.bank0/clk
    RAMB18_X2Y6          RAMB18E1                                     r  normalized_ifft/g_banks.bank0/mem_reg/CLKARDCLK
  -------------------------------------------------------------------    -------------------
    RAMB18_X2Y6          RAMB18E1 (Prop_ramb18e1_CLKARDCLK_DOADO[0])
                                                      2.125     3.562 f  normalized_ifft/g_banks.bank0/mem_reg/DOADO[0]
                         net (fo=5, routed)           1.237     4.798    normalized_ifft/g_banks.bank0/bank_rdata0[0]
    SLICE_X33Y11         LUT3 (Prop_lut3_I0_O)        0.123     4.921 r  normalized_ifft/g_banks.bank0/bin_im[4]_INST_0_i_2/O
                         net (fo=1, routed)           0.431     5.353    normalized_ifft/g_banks.bank0/p_0_in[0]
    SLICE_X32Y11         CARRY4 (Prop_carry4_CYINIT_CO[3])
                                                      0.663     6.016 r  normalized_ifft/g_banks.bank0/bin_im[4]_INST_0_i_1/CO[3]
                         net (fo=1, routed)           0.000     6.016    normalized_ifft/g_banks.bank0/bin_im[4]_INST_0_i_1_n_0
    SLICE_X32Y12         CARRY4 (Prop_carry4_CI_CO[3])
                                                      0.100     6.116 r  normalized_ifft/g_banks.bank0/bin_im[8]_INST_0_i_1/CO[3]
                         net (fo=1, routed)           0.000     6.116    normalized_ifft/g_banks.bank0/bin_im[8]_INST_0_i_1_n_0
    SLICE_X32Y13         CARRY4 (Prop_carry4_CI_CO[3])
                                                      0.100     6.216 r  normalized_ifft/g_banks.bank0/bin_im[12]_INST_0_i_1/CO[3]
                         net (fo=1, routed)           0.000     6.216    normalized_ifft/g_banks.bank0/bin_im[12]_INST_0_i_1_n_0
    SLICE_X32Y14         CARRY4 (Prop_carry4_CI_O[1])
                                                      0.257     6.473 r  normalized_ifft/g_banks.bank0/bin_im[15]_INST_0_i_2/O[1]
                         net (fo=1, routed)           0.549     7.022    normalized_ifft/g_banks.bank0/bin_im[15]_INST_0_i_2_n_6
    SLICE_X33Y11         LUT2 (Prop_lut2_I0_O)        0.245     7.267 r  normalized_ifft/g_banks.bank0/bin_im[14]_INST_0/O
                         net (fo=0)                   0.787     8.054    bin_im[14]
                                                                      r  bin_im[14] (OUT)
  -------------------------------------------------------------------    -------------------

                         (clock clk rise edge)       10.000    10.000 r
                         clock pessimism              0.000    10.000
                         clock uncertainty           -0.035     9.965
                         output delay                -0.000     9.965
  -------------------------------------------------------------------
                         required time                          9.965
                         arrival time                          -8.054
  -------------------------------------------------------------------
                         slack                                  1.911

Slack (MET) :             1.963ns  (required time - arrival time)
  Source:                 normalized_ifft/g_banks.bank0/mem_reg/CLKARDCLK
                            (rising edge-triggered cell RAMB18E1 clocked by clk  {rise@0.000ns fall@5.000ns period=10.000ns})
  Destination:            bin_im[9]
                            (output port clocked by clk  {rise@0.000ns fall@5.000ns period=10.000ns})
  Path Group:             clk
  Path Type:              Max at Slow Process Corner
  Requirement:            10.000ns  (clk rise@10.000ns - clk rise@0.000ns)
  Data Path Delay:        6.565ns  (logic 3.441ns (52.417%)  route 3.124ns (47.583%))
  Logic Levels:           5  (CARRY4=3 LUT2=1 LUT3=1)
  Output Delay:           0.000ns
  Clock Path Skew:        -1.437ns (DCD - SCD + CPR)
    Destination Clock Delay (DCD):    0.000ns = ( 10.000 - 10.000 )
    Source Clock Delay      (SCD):    1.437ns
    Clock Pessimism Removal (CPR):    0.000ns
  Clock Uncertainty:      0.035ns  ((TSJ^2 + TIJ^2)^1/2 + DJ) / 2 + PE
    Total System Jitter     (TSJ):    0.071ns
    Total Input Jitter      (TIJ):    0.000ns
    Discrete Jitter          (DJ):    0.000ns
    Phase Error              (PE):    0.000ns

    Location             Delay type                Incr(ns)  Path(ns)    Netlist Resource(s)
  -------------------------------------------------------------------    -------------------
                         (clock clk rise edge)        0.000     0.000 r
                                                      0.000     0.000 r  clk (IN)
                         net (fo=338, unset)          1.437     1.437    normalized_ifft/g_banks.bank0/clk
    RAMB18_X2Y6          RAMB18E1                                     r  normalized_ifft/g_banks.bank0/mem_reg/CLKARDCLK
  -------------------------------------------------------------------    -------------------
    RAMB18_X2Y6          RAMB18E1 (Prop_ramb18e1_CLKARDCLK_DOADO[0])
                                                      2.125     3.562 f  normalized_ifft/g_banks.bank0/mem_reg/DOADO[0]
                         net (fo=5, routed)           1.237     4.798    normalized_ifft/g_banks.bank0/bank_rdata0[0]
    SLICE_X33Y11         LUT3 (Prop_lut3_I0_O)        0.123     4.921 r  normalized_ifft/g_banks.bank0/bin_im[4]_INST_0_i_2/O
                         net (fo=1, routed)           0.431     5.353    normalized_ifft/g_banks.bank0/p_0_in[0]
    SLICE_X32Y11         CARRY4 (Prop_carry4_CYINIT_CO[3])
                                                      0.663     6.016 r  normalized_ifft/g_banks.bank0/bin_im[4]_INST_0_i_1/CO[3]
                         net (fo=1, routed)           0.000     6.016    normalized_ifft/g_banks.bank0/bin_im[4]_INST_0_i_1_n_0
    SLICE_X32Y12         CARRY4 (Prop_carry4_CI_CO[3])
                                                      0.100     6.116 r  normalized_ifft/g_banks.bank0/bin_im[8]_INST_0_i_1/CO[3]
                         net (fo=1, routed)           0.000     6.116    normalized_ifft/g_banks.bank0/bin_im[8]_INST_0_i_1_n_0
    SLICE_X32Y13         CARRY4 (Prop_carry4_CI_O[0])
                                                      0.178     6.294 r  normalized_ifft/g_banks.bank0/bin_im[12]_INST_0_i_1/O[0]
                         net (fo=1, routed)           0.669     6.962    normalized_ifft/g_banks.bank0/bin_im[12]_INST_0_i_1_n_7
    SLICE_X33Y11         LUT2 (Prop_lut2_I0_O)        0.252     7.214 r  normalized_ifft/g_banks.bank0/bin_im[9]_INST_0/O
                         net (fo=0)                   0.787     8.001    bin_im[9]
                                                                      r  bin_im[9] (OUT)
  -------------------------------------------------------------------    -------------------

                         (clock clk rise edge)       10.000    10.000 r
                         clock pessimism              0.000    10.000
                         clock uncertainty           -0.035     9.965
                         output delay                -0.000     9.965
  -------------------------------------------------------------------
                         required time                          9.965
                         arrival time                          -8.001
  -------------------------------------------------------------------
                         slack                                  1.963

Slack (MET) :             2.050ns  (required time - arrival time)
  Source:                 normalized_ifft/g_banks.bank0/mem_reg/CLKARDCLK
                            (rising edge-triggered cell RAMB18E1 clocked by clk  {rise@0.000ns fall@5.000ns period=10.000ns})
  Destination:            bin_im[6]
                            (output port clocked by clk  {rise@0.000ns fall@5.000ns period=10.000ns})
  Path Group:             clk
  Path Type:              Max at Slow Process Corner
  Requirement:            10.000ns  (clk rise@10.000ns - clk rise@0.000ns)
  Data Path Delay:        6.478ns  (logic 3.413ns (52.690%)  route 3.065ns (47.310%))
  Logic Levels:           4  (CARRY4=2 LUT2=1 LUT3=1)
  Output Delay:           0.000ns
  Clock Path Skew:        -1.437ns (DCD - SCD + CPR)
    Destination Clock Delay (DCD):    0.000ns = ( 10.000 - 10.000 )
    Source Clock Delay      (SCD):    1.437ns
    Clock Pessimism Removal (CPR):    0.000ns
  Clock Uncertainty:      0.035ns  ((TSJ^2 + TIJ^2)^1/2 + DJ) / 2 + PE
    Total System Jitter     (TSJ):    0.071ns
    Total Input Jitter      (TIJ):    0.000ns
    Discrete Jitter          (DJ):    0.000ns
    Phase Error              (PE):    0.000ns

    Location             Delay type                Incr(ns)  Path(ns)    Netlist Resource(s)
  -------------------------------------------------------------------    -------------------
                         (clock clk rise edge)        0.000     0.000 r
                                                      0.000     0.000 r  clk (IN)
                         net (fo=338, unset)          1.437     1.437    normalized_ifft/g_banks.bank0/clk
    RAMB18_X2Y6          RAMB18E1                                     r  normalized_ifft/g_banks.bank0/mem_reg/CLKARDCLK
  -------------------------------------------------------------------    -------------------
    RAMB18_X2Y6          RAMB18E1 (Prop_ramb18e1_CLKARDCLK_DOADO[0])
                                                      2.125     3.562 f  normalized_ifft/g_banks.bank0/mem_reg/DOADO[0]
                         net (fo=5, routed)           1.237     4.798    normalized_ifft/g_banks.bank0/bank_rdata0[0]
    SLICE_X33Y11         LUT3 (Prop_lut3_I0_O)        0.123     4.921 r  normalized_ifft/g_banks.bank0/bin_im[4]_INST_0_i_2/O
                         net (fo=1, routed)           0.431     5.353    normalized_ifft/g_banks.bank0/p_0_in[0]
    SLICE_X32Y11         CARRY4 (Prop_carry4_CYINIT_CO[3])
                                                      0.663     6.016 r  normalized_ifft/g_banks.bank0/bin_im[4]_INST_0_i_1/CO[3]
                         net (fo=1, routed)           0.000     6.016    normalized_ifft/g_banks.bank0/bin_im[4]_INST_0_i_1_n_0
    SLICE_X32Y12         CARRY4 (Prop_carry4_CI_O[1])
                                                      0.257     6.273 r  normalized_ifft/g_banks.bank0/bin_im[8]_INST_0_i_1/O[1]
                         net (fo=1, routed)           0.610     6.882    normalized_ifft/g_banks.bank0/bin_im[8]_INST_0_i_1_n_6
    SLICE_X33Y11         LUT2 (Prop_lut2_I0_O)        0.245     7.127 r  normalized_ifft/g_banks.bank0/bin_im[6]_INST_0/O
                         net (fo=0)                   0.787     7.914    bin_im[6]
                                                                      r  bin_im[6] (OUT)
  -------------------------------------------------------------------    -------------------

                         (clock clk rise edge)       10.000    10.000 r
                         clock pessimism              0.000    10.000
                         clock uncertainty           -0.035     9.965
                         output delay                -0.000     9.965
  -------------------------------------------------------------------
                         required time                          9.965
                         arrival time                          -7.914
  -------------------------------------------------------------------
                         slack                                  2.050

Slack (MET) :             2.076ns  (required time - arrival time)
  Source:                 normalized_ifft/g_banks.bank0/mem_reg/CLKARDCLK
                            (rising edge-triggered cell RAMB18E1 clocked by clk  {rise@0.000ns fall@5.000ns period=10.000ns})
  Destination:            bin_im[13]
                            (output port clocked by clk  {rise@0.000ns fall@5.000ns period=10.000ns})
  Path Group:             clk
  Path Type:              Max at Slow Process Corner
  Requirement:            10.000ns  (clk rise@10.000ns - clk rise@0.000ns)
  Data Path Delay:        6.452ns  (logic 3.527ns (54.662%)  route 2.925ns (45.338%))
  Logic Levels:           6  (CARRY4=4 LUT2=1 LUT3=1)
  Output Delay:           0.000ns
  Clock Path Skew:        -1.437ns (DCD - SCD + CPR)
    Destination Clock Delay (DCD):    0.000ns = ( 10.000 - 10.000 )
    Source Clock Delay      (SCD):    1.437ns
    Clock Pessimism Removal (CPR):    0.000ns
  Clock Uncertainty:      0.035ns  ((TSJ^2 + TIJ^2)^1/2 + DJ) / 2 + PE
    Total System Jitter     (TSJ):    0.071ns
    Total Input Jitter      (TIJ):    0.000ns
    Discrete Jitter          (DJ):    0.000ns
    Phase Error              (PE):    0.000ns

    Location             Delay type                Incr(ns)  Path(ns)    Netlist Resource(s)
  -------------------------------------------------------------------    -------------------
                         (clock clk rise edge)        0.000     0.000 r
                                                      0.000     0.000 r  clk (IN)
                         net (fo=338, unset)          1.437     1.437    normalized_ifft/g_banks.bank0/clk
    RAMB18_X2Y6          RAMB18E1                                     r  normalized_ifft/g_banks.bank0/mem_reg/CLKARDCLK
  -------------------------------------------------------------------    -------------------
    RAMB18_X2Y6          RAMB18E1 (Prop_ramb18e1_CLKARDCLK_DOADO[0])
                                                      2.125     3.562 f  normalized_ifft/g_banks.bank0/mem_reg/DOADO[0]
                         net (fo=5, routed)           1.237     4.798    normalized_ifft/g_banks.bank0/bank_rdata0[0]
    SLICE_X33Y11         LUT3 (Prop_lut3_I0_O)        0.123     4.921 r  normalized_ifft/g_banks.bank0/bin_im[4]_INST_0_i_2/O
                         net (fo=1, routed)           0.431     5.353    normalized_ifft/g_banks.bank0/p_0_in[0]
    SLICE_X32Y11         CARRY4 (Prop_carry4_CYINIT_CO[3])
                                                      0.663     6.016 r  normalized_ifft/g_banks.bank0/bin_im[4]_INST_0_i_1/CO[3]
                         net (fo=1, routed)           0.000     6.016    normalized_ifft/g_banks.bank0/bin_im[4]_INST_0_i_1_n_0
    SLICE_X32Y12         CARRY4 (Prop_carry4_CI_CO[3])
                                                      0.100     6.116 r  normalized_ifft/g_banks.bank0/bin_im[8]_INST_0_i_1/CO[3]
                         net (fo=1, routed)           0.000     6.116    normalized_ifft/g_banks.bank0/bin_im[8]_INST_0_i_1_n_0
    SLICE_X32Y13         CARRY4 (Prop_carry4_CI_CO[3])
                                                      0.100     6.216 r  normalized_ifft/g_banks.bank0/bin_im[12]_INST_0_i_1/CO[3]
                         net (fo=1, routed)           0.000     6.216    normalized_ifft/g_banks.bank0/bin_im[12]_INST_0_i_1_n_0
    SLICE_X32Y14         CARRY4 (Prop_carry4_CI_O[0])
                                                      0.178     6.394 r  normalized_ifft/g_banks.bank0/bin_im[15]_INST_0_i_2/O[0]
                         net (fo=1, routed)           0.470     6.864    normalized_ifft/g_banks.bank0/bin_im[15]_INST_0_i_2_n_7
    SLICE_X33Y12         LUT2 (Prop_lut2_I0_O)        0.238     7.102 r  normalized_ifft/g_banks.bank0/bin_im[13]_INST_0/O
                         net (fo=0)                   0.787     7.889    bin_im[13]
                                                                      r  bin_im[13] (OUT)
  -------------------------------------------------------------------    -------------------

                         (clock clk rise edge)       10.000    10.000 r
                         clock pessimism              0.000    10.000
                         clock uncertainty           -0.035     9.965
                         output delay                -0.000     9.965
  -------------------------------------------------------------------
                         required time                          9.965
                         arrival time                          -7.889
  -------------------------------------------------------------------
                         slack                                  2.076

Slack (MET) :             2.084ns  (required time - arrival time)
  Source:                 normalized_ifft/g_banks.bank0/mem_reg/CLKARDCLK
                            (rising edge-triggered cell RAMB18E1 clocked by clk  {rise@0.000ns fall@5.000ns period=10.000ns})
  Destination:            bin_im[8]
                            (output port clocked by clk  {rise@0.000ns fall@5.000ns period=10.000ns})
  Path Group:             clk
  Path Type:              Max at Slow Process Corner
  Requirement:            10.000ns  (clk rise@10.000ns - clk rise@0.000ns)
  Data Path Delay:        6.444ns  (logic 3.445ns (53.462%)  route 2.999ns (46.538%))
  Logic Levels:           4  (CARRY4=2 LUT2=1 LUT3=1)
  Output Delay:           0.000ns
  Clock Path Skew:        -1.437ns (DCD - SCD + CPR)
    Destination Clock Delay (DCD):    0.000ns = ( 10.000 - 10.000 )
    Source Clock Delay      (SCD):    1.437ns
    Clock Pessimism Removal (CPR):    0.000ns
  Clock Uncertainty:      0.035ns  ((TSJ^2 + TIJ^2)^1/2 + DJ) / 2 + PE
    Total System Jitter     (TSJ):    0.071ns
    Total Input Jitter      (TIJ):    0.000ns
    Discrete Jitter          (DJ):    0.000ns
    Phase Error              (PE):    0.000ns

    Location             Delay type                Incr(ns)  Path(ns)    Netlist Resource(s)
  -------------------------------------------------------------------    -------------------
                         (clock clk rise edge)        0.000     0.000 r
                                                      0.000     0.000 r  clk (IN)
                         net (fo=338, unset)          1.437     1.437    normalized_ifft/g_banks.bank0/clk
    RAMB18_X2Y6          RAMB18E1                                     r  normalized_ifft/g_banks.bank0/mem_reg/CLKARDCLK
  -------------------------------------------------------------------    -------------------
    RAMB18_X2Y6          RAMB18E1 (Prop_ramb18e1_CLKARDCLK_DOADO[0])
                                                      2.125     3.562 f  normalized_ifft/g_banks.bank0/mem_reg/DOADO[0]
                         net (fo=5, routed)           1.237     4.798    normalized_ifft/g_banks.bank0/bank_rdata0[0]
    SLICE_X33Y11         LUT3 (Prop_lut3_I0_O)        0.123     4.921 r  normalized_ifft/g_banks.bank0/bin_im[4]_INST_0_i_2/O
                         net (fo=1, routed)           0.431     5.353    normalized_ifft/g_banks.bank0/p_0_in[0]
    SLICE_X32Y11         CARRY4 (Prop_carry4_CYINIT_CO[3])
                                                      0.663     6.016 r  normalized_ifft/g_banks.bank0/bin_im[4]_INST_0_i_1/CO[3]
                         net (fo=1, routed)           0.000     6.016    normalized_ifft/g_banks.bank0/bin_im[4]_INST_0_i_1_n_0
    SLICE_X32Y12         CARRY4 (Prop_carry4_CI_O[3])
                                                      0.262     6.278 r  normalized_ifft/g_banks.bank0/bin_im[8]_INST_0_i_1/O[3]
                         net (fo=1, routed)           0.544     6.822    normalized_ifft/g_banks.bank0/bin_im[8]_INST_0_i_1_n_4
    SLICE_X33Y11         LUT2 (Prop_lut2_I0_O)        0.272     7.094 r  normalized_ifft/g_banks.bank0/bin_im[8]_INST_0/O
                         net (fo=0)                   0.787     7.881    bin_im[8]
                                                                      r  bin_im[8] (OUT)
  -------------------------------------------------------------------    -------------------

                         (clock clk rise edge)       10.000    10.000 r
                         clock pessimism              0.000    10.000
                         clock uncertainty           -0.035     9.965
                         output delay                -0.000     9.965
  -------------------------------------------------------------------
                         required time                          9.965
                         arrival time                          -7.881
  -------------------------------------------------------------------
                         slack                                  2.084

Slack (MET) :             2.099ns  (required time - arrival time)
  Source:                 normalized_ifft/butterfly/g_pipelined.s2_tw_re_reg[1]/C
                            (rising edge-triggered cell FDRE clocked by clk  {rise@0.000ns fall@5.000ns period=10.000ns})
  Destination:            normalized_ifft/butterfly/saturation_count_reg[0]/D
                            (rising edge-triggered cell FDRE clocked by clk  {rise@0.000ns fall@5.000ns period=10.000ns})
  Path Group:             clk
  Path Type:              Setup (Max at Slow Process Corner)
  Requirement:            10.000ns  (clk rise@10.000ns - clk rise@0.000ns)
  Data Path Delay:        7.871ns  (logic 4.333ns (55.053%)  route 3.538ns (44.947%))
  Logic Levels:           13  (CARRY4=7 LUT1=2 LUT2=1 LUT5=2 LUT6=1)
  Clock Path Skew:        -0.069ns (DCD - SCD + CPR)
    Destination Clock Delay (DCD):    1.240ns = ( 11.240 - 10.000 )
    Source Clock Delay      (SCD):    1.406ns
    Clock Pessimism Removal (CPR):    0.097ns
  Clock Uncertainty:      0.035ns  ((TSJ^2 + TIJ^2)^1/2 + DJ) / 2 + PE
    Total System Jitter     (TSJ):    0.071ns
    Total Input Jitter      (TIJ):    0.000ns
    Discrete Jitter          (DJ):    0.000ns
    Phase Error              (PE):    0.000ns

    Location             Delay type                Incr(ns)  Path(ns)    Netlist Resource(s)
  -------------------------------------------------------------------    -------------------
                         (clock clk rise edge)        0.000     0.000 r
                                                      0.000     0.000 r  clk (IN)
                         net (fo=338, unset)          1.406     1.406    normalized_ifft/butterfly/clk
    SLICE_X37Y9          FDRE                                         r  normalized_ifft/butterfly/g_pipelined.s2_tw_re_reg[1]/C
  -------------------------------------------------------------------    -------------------
    SLICE_X37Y9          FDRE (Prop_fdre_C_Q)         0.348     1.754 r  normalized_ifft/butterfly/g_pipelined.s2_tw_re_reg[1]/Q
                         net (fo=6, routed)           0.914     2.668    normalized_ifft/butterfly/g_pipelined.s2_tw_re[1]
    SLICE_X28Y15         LUT2 (Prop_lut2_I1_O)        0.242     2.910 r  normalized_ifft/butterfly/y1_re[0]_i_10/O
                         net (fo=1, routed)           0.000     2.910    normalized_ifft/butterfly/y1_re[0]_i_10_n_0
    SLICE_X28Y15         CARRY4 (Prop_carry4_S[1]_CO[3])
                                                      0.457     3.367 r  normalized_ifft/butterfly/y1_re_reg[0]_i_6/CO[3]
                         net (fo=1, routed)           0.000     3.367    normalized_ifft/butterfly/y1_re_reg[0]_i_6_n_0
    SLICE_X28Y16         CARRY4 (Prop_carry4_CI_O[1])
                                                      0.265     3.632 f  normalized_ifft/butterfly/i__carry_i_11/O[1]
                         net (fo=1, routed)           0.472     4.103    normalized_ifft/butterfly/i__carry_i_11_n_6
    SLICE_X26Y16         LUT1 (Prop_lut1_I0_O)        0.250     4.353 r  normalized_ifft/butterfly/i__carry_i_9__0/O
                         net (fo=1, routed)           0.000     4.353    normalized_ifft/butterfly/i__carry_i_9__0_n_0
    SLICE_X26Y16         CARRY4 (Prop_carry4_S[1]_CO[3])
                                                      0.444     4.797 r  normalized_ifft/butterfly/i__carry_i_6__1/CO[3]
                         net (fo=1, routed)           0.000     4.797    normalized_ifft/butterfly/i__carry_i_6__1_n_0
    SLICE_X26Y17         CARRY4 (Prop_carry4_CI_O[3])
                                                      0.262     5.059 f  normalized_ifft/butterfly/i__carry__0_i_5__0/O[3]
                         net (fo=1, routed)           0.333     5.393    normalized_ifft/butterfly/i__carry__0_i_5__0_n_4
    SLICE_X27Y18         LUT1 (Prop_lut1_I0_O)        0.250     5.643 r  normalized_ifft/butterfly/i__carry__1_i_3__0/O
                         net (fo=1, routed)           0.000     5.643    normalized_ifft/butterfly/i__carry__1_i_3__0_n_0
    SLICE_X27Y18         CARRY4 (Prop_carry4_S[1]_CO[3])
                                                      0.457     6.100 r  normalized_ifft/butterfly/round_div2_away0_inferred__1/i__carry__1/CO[3]
                         net (fo=1, routed)           0.000     6.100    normalized_ifft/butterfly/round_div2_away0_inferred__1/i__carry__1_n_0
    SLICE_X27Y19         CARRY4 (Prop_carry4_CI_O[3])
                                                      0.260     6.360 f  normalized_ifft/butterfly/round_div2_away0_inferred__1/i__carry__2/O[3]
                         net (fo=4, routed)           0.700     7.060    normalized_ifft/butterfly/round_div2_away0_inferred__1/i__carry__2_n_4
    SLICE_X28Y20         LUT5 (Prop_lut5_I3_O)        0.257     7.317 r  normalized_ifft/butterfly/i__carry_i_4__3/O
                         net (fo=1, routed)           0.000     7.317    normalized_ifft/butterfly/i__carry_i_4__3_n_0
    SLICE_X28Y20         CARRY4 (Prop_carry4_S[1]_CO[2])
                                                      0.475     7.792 r  normalized_ifft/butterfly/saturate_q151_inferred__4/i__carry/CO[2]
                         net (fo=18, routed)          0.874     8.666    normalized_ifft/butterfly/saturate_q1512_in
    SLICE_X42Y21         LUT6 (Prop_lut6_I5_O)        0.261     8.927 r  normalized_ifft/butterfly/saturation_count[2]_i_3/O
                         net (fo=3, routed)           0.245     9.172    normalized_ifft/butterfly/saturation_count[2]_i_3_n_0
    SLICE_X42Y22         LUT5 (Prop_lut5_I2_O)        0.105     9.277 r  normalized_ifft/butterfly/saturation_count[0]_i_1/O
                         net (fo=1, routed)           0.000     9.277    normalized_ifft/butterfly/saturation_count[0]_i_1_n_0
    SLICE_X42Y22         FDRE                                         r  normalized_ifft/butterfly/saturation_count_reg[0]/D
  -------------------------------------------------------------------    -------------------

                         (clock clk rise edge)       10.000    10.000 r
                                                      0.000    10.000 r  clk (IN)
                         net (fo=338, unset)          1.240    11.240    normalized_ifft/butterfly/clk
    SLICE_X42Y22         FDRE                                         r  normalized_ifft/butterfly/saturation_count_reg[0]/C
                         clock pessimism              0.097    11.337
                         clock uncertainty           -0.035    11.302
    SLICE_X42Y22         FDRE (Setup_fdre_C_D)        0.074    11.376    normalized_ifft/butterfly/saturation_count_reg[0]
  -------------------------------------------------------------------
                         required time                         11.376
                         arrival time                          -9.277
  -------------------------------------------------------------------
                         slack                                  2.099





Pulse Width Checks
--------------------------------------------------------------------------------------
Clock Name:         clk
Waveform(ns):       { 0.000 5.000 }
Period(ns):         10.000
Sources:            { clk }

Check Type        Corner  Lib Pin             Reference Pin  Required(ns)  Actual(ns)  Slack(ns)  Location      Pin
Min Period        n/a     DSP48E1/CLK         n/a            3.272         10.000      6.728      DSP48_X2Y4    normalized_ifft/butterfly/g_pipelined.s1_ri_reg/CLK
Min Period        n/a     DSP48E1/CLK         n/a            3.272         10.000      6.728      DSP48_X2Y2    normalized_ifft/butterfly/g_pipelined.s1_rr_reg/CLK
Min Period        n/a     RAMB18E1/CLKARDCLK  n/a            2.472         10.000      7.528      RAMB18_X2Y6   normalized_ifft/g_banks.bank0/mem_reg/CLKARDCLK
Min Period        n/a     RAMB18E1/CLKBWRCLK  n/a            2.472         10.000      7.528      RAMB18_X2Y6   normalized_ifft/g_banks.bank0/mem_reg/CLKBWRCLK
Min Period        n/a     RAMB18E1/CLKARDCLK  n/a            2.472         10.000      7.528      RAMB18_X2Y7   normalized_ifft/g_banks.bank1/mem_reg/CLKARDCLK
Min Period        n/a     RAMB18E1/CLKBWRCLK  n/a            2.472         10.000      7.528      RAMB18_X2Y7   normalized_ifft/g_banks.bank1/mem_reg/CLKBWRCLK
Min Period        n/a     DSP48E1/CLK         n/a            1.816         10.000      8.184      DSP48_X2Y3    normalized_ifft/butterfly/g_pipelined.value/CLK
Min Period        n/a     DSP48E1/CLK         n/a            1.816         10.000      8.184      DSP48_X2Y5    normalized_ifft/butterfly/g_pipelined.value__0/CLK
Min Period        n/a     FDRE/C              n/a            1.000         10.000      9.000      SLICE_X44Y22  conjugation_saturation_count_reg[0]/C
Min Period        n/a     FDRE/C              n/a            1.000         10.000      9.000      SLICE_X48Y24  conjugation_saturation_count_reg[10]/C
Low Pulse Width   Slow    SRL16E/CLK          n/a            0.854         5.000       4.146      SLICE_X38Y13  normalized_ifft/wb_index0_reg[3][0]_srl4/CLK
Low Pulse Width   Fast    SRL16E/CLK          n/a            0.854         5.000       4.146      SLICE_X38Y13  normalized_ifft/wb_index0_reg[3][0]_srl4/CLK
Low Pulse Width   Slow    SRL16E/CLK          n/a            0.854         5.000       4.146      SLICE_X38Y13  normalized_ifft/wb_index0_reg[3][1]_srl4/CLK
Low Pulse Width   Fast    SRL16E/CLK          n/a            0.854         5.000       4.146      SLICE_X38Y13  normalized_ifft/wb_index0_reg[3][1]_srl4/CLK
Low Pulse Width   Slow    SRL16E/CLK          n/a            0.854         5.000       4.146      SLICE_X38Y13  normalized_ifft/wb_index0_reg[3][2]_srl4/CLK
Low Pulse Width   Fast    SRL16E/CLK          n/a            0.854         5.000       4.146      SLICE_X38Y13  normalized_ifft/wb_index0_reg[3][2]_srl4/CLK
Low Pulse Width   Slow    SRL16E/CLK          n/a            0.854         5.000       4.146      SLICE_X38Y13  normalized_ifft/wb_index0_reg[3][3]_srl4/CLK
Low Pulse Width   Fast    SRL16E/CLK          n/a            0.854         5.000       4.146      SLICE_X38Y13  normalized_ifft/wb_index0_reg[3][3]_srl4/CLK
Low Pulse Width   Slow    SRL16E/CLK          n/a            0.854         5.000       4.146      SLICE_X38Y13  normalized_ifft/wb_index0_reg[3][4]_srl4/CLK
Low Pulse Width   Fast    SRL16E/CLK          n/a            0.854         5.000       4.146      SLICE_X38Y13  normalized_ifft/wb_index0_reg[3][4]_srl4/CLK
High Pulse Width  Slow    SRL16E/CLK          n/a            0.854         5.000       4.146      SLICE_X38Y13  normalized_ifft/wb_index0_reg[3][0]_srl4/CLK
High Pulse Width  Fast    SRL16E/CLK          n/a            0.854         5.000       4.146      SLICE_X38Y13  normalized_ifft/wb_index0_reg[3][0]_srl4/CLK
High Pulse Width  Slow    SRL16E/CLK          n/a            0.854         5.000       4.146      SLICE_X38Y13  normalized_ifft/wb_index0_reg[3][1]_srl4/CLK
High Pulse Width  Fast    SRL16E/CLK          n/a            0.854         5.000       4.146      SLICE_X38Y13  normalized_ifft/wb_index0_reg[3][1]_srl4/CLK
High Pulse Width  Slow    SRL16E/CLK          n/a            0.854         5.000       4.146      SLICE_X38Y13  normalized_ifft/wb_index0_reg[3][2]_srl4/CLK
High Pulse Width  Fast    SRL16E/CLK          n/a            0.854         5.000       4.146      SLICE_X38Y13  normalized_ifft/wb_index0_reg[3][2]_srl4/CLK
High Pulse Width  Slow    SRL16E/CLK          n/a            0.854         5.000       4.146      SLICE_X38Y13  normalized_ifft/wb_index0_reg[3][3]_srl4/CLK
High Pulse Width  Fast    SRL16E/CLK          n/a            0.854         5.000       4.146      SLICE_X38Y13  normalized_ifft/wb_index0_reg[3][3]_srl4/CLK
High Pulse Width  Slow    SRL16E/CLK          n/a            0.854         5.000       4.146      SLICE_X38Y13  normalized_ifft/wb_index0_reg[3][4]_srl4/CLK
High Pulse Width  Fast    SRL16E/CLK          n/a            0.854         5.000       4.146      SLICE_X38Y13  normalized_ifft/wb_index0_reg[3][4]_srl4/CLK
