Copyright 1986-2021 Xilinx, Inc. All Rights Reserved.
--------------------------------------------------------------------------------------------------------------------------------------------------------------------------------------------------
| Tool Version : Vivado v.2021.1 (win64) Build 3247384 Thu Jun 10 19:36:33 MDT 2021
| Date         : normalized
| Host         : normalized
| Command      : report_timing_summary -delay_type max -max_paths 10 -file <output_dir>/ofdm_axi_modem_qam16_post_route_timing_summary.rpt
| Design       : ofdm_axi_modem
| Device       : 7z020-clg400
| Speed File   : -2  PRODUCTION 1.12 2019-11-22
--------------------------------------------------------------------------------------------------------------------------------------------------------------------------------------------------

Timing Summary Report

------------------------------------------------------------------------------------------------
| Timer Settings
| --------------
------------------------------------------------------------------------------------------------

  Enable Multi Corner Analysis               :  Yes
  Enable Pessimism Removal                   :  Yes
  Pessimism Removal Resolution               :  Nearest Common Node
  Enable Input Delay Default Clock           :  No
  Enable Preset / Clear Arcs                 :  No
  Disable Flight Delays                      :  No
  Ignore I/O Paths                           :  No
  Timing Early Launch at Borrowing Latches   :  No
  Borrow Time for Max Delay Exceptions       :  Yes
  Merge Timing Exceptions                    :  Yes

  Corner  Analyze    Analyze
  Name    Max Paths  Min Paths
  ------  ---------  ---------
  Slow    Yes        Yes
  Fast    Yes        Yes


------------------------------------------------------------------------------------------------
| Report Methodology
| ------------------
------------------------------------------------------------------------------------------------

No report available as report_methodology has not been run prior. Run report_methodology on the current design for the summary of methodology violations.



check_timing report

Table of Contents
-----------------
1. checking no_clock (280)
2. checking constant_clock (0)
3. checking pulse_width_clock (0)
4. checking unconstrained_internal_endpoints (20)
5. checking no_input_delay (0)
6. checking no_output_delay (0)
7. checking multiple_clock (0)
8. checking generated_clocks (0)
9. checking loops (0)
10. checking partial_input_delay (0)
11. checking partial_output_delay (0)
12. checking latch_loops (0)

1. checking no_clock (280)
--------------------------
 There are 10 register/latch pins with no clock driven by root clock pin: u_fft/normalized_ifft/FSM_onehot_state_reg[4]/Q (HIGH)

 There are 10 register/latch pins with no clock driven by root clock pin: u_fft/normalized_ifft/butterfly_j_reg[0]/Q (HIGH)

 There are 10 register/latch pins with no clock driven by root clock pin: u_fft/normalized_ifft/butterfly_j_reg[1]/Q (HIGH)

 There are 10 register/latch pins with no clock driven by root clock pin: u_fft/normalized_ifft/butterfly_j_reg[2]/Q (HIGH)

 There are 10 register/latch pins with no clock driven by root clock pin: u_fft/normalized_ifft/butterfly_j_reg[3]/Q (HIGH)

 There are 10 register/latch pins with no clock driven by root clock pin: u_fft/normalized_ifft/butterfly_j_reg[4]/Q (HIGH)

 There are 10 register/latch pins with no clock driven by root clock pin: u_fft/normalized_ifft/group_base_reg[1]/Q (HIGH)

 There are 10 register/latch pins with no clock driven by root clock pin: u_fft/normalized_ifft/group_base_reg[2]/Q (HIGH)

 There are 10 register/latch pins with no clock driven by root clock pin: u_fft/normalized_ifft/group_base_reg[3]/Q (HIGH)

 There are 10 register/latch pins with no clock driven by root clock pin: u_fft/normalized_ifft/group_base_reg[4]/Q (HIGH)

 There are 10 register/latch pins with no clock driven by root clock pin: u_fft/normalized_ifft/group_base_reg[5]/Q (HIGH)

 There are 10 register/latch pins with no clock driven by root clock pin: u_fft/normalized_ifft/stage_reg[0]/Q (HIGH)

 There are 10 register/latch pins with no clock driven by root clock pin: u_fft/normalized_ifft/stage_reg[1]/Q (HIGH)

 There are 10 register/latch pins with no clock driven by root clock pin: u_fft/normalized_ifft/stage_reg[2]/Q (HIGH)

 There are 10 register/latch pins with no clock driven by root clock pin: u_tx/tx_core/ifft/FSM_onehot_state_reg[4]/Q (HIGH)

 There are 10 register/latch pins with no clock driven by root clock pin: u_tx/tx_core/ifft/butterfly_j_reg[0]/Q (HIGH)

 There are 10 register/latch pins with no clock driven by root clock pin: u_tx/tx_core/ifft/butterfly_j_reg[1]/Q (HIGH)

 There are 10 register/latch pins with no clock driven by root clock pin: u_tx/tx_core/ifft/butterfly_j_reg[2]/Q (HIGH)

 There are 10 register/latch pins with no clock driven by root clock pin: u_tx/tx_core/ifft/butterfly_j_reg[3]/Q (HIGH)

 There are 10 register/latch pins with no clock driven by root clock pin: u_tx/tx_core/ifft/butterfly_j_reg[4]/Q (HIGH)

 There are 10 register/latch pins with no clock driven by root clock pin: u_tx/tx_core/ifft/group_base_reg[1]/Q (HIGH)

 There are 10 register/latch pins with no clock driven by root clock pin: u_tx/tx_core/ifft/group_base_reg[2]/Q (HIGH)

 There are 10 register/latch pins with no clock driven by root clock pin: u_tx/tx_core/ifft/group_base_reg[3]/Q (HIGH)

 There are 10 register/latch pins with no clock driven by root clock pin: u_tx/tx_core/ifft/group_base_reg[4]/Q (HIGH)

 There are 10 register/latch pins with no clock driven by root clock pin: u_tx/tx_core/ifft/group_base_reg[5]/Q (HIGH)

 There are 10 register/latch pins with no clock driven by root clock pin: u_tx/tx_core/ifft/stage_reg[0]/Q (HIGH)

 There are 10 register/latch pins with no clock driven by root clock pin: u_tx/tx_core/ifft/stage_reg[1]/Q (HIGH)

 There are 10 register/latch pins with no clock driven by root clock pin: u_tx/tx_core/ifft/stage_reg[2]/Q (HIGH)


2. checking constant_clock (0)
------------------------------
 There are 0 register/latch pins with constant_clock.


3. checking pulse_width_clock (0)
---------------------------------
 There are 0 register/latch pins which need pulse_width check


4. checking unconstrained_internal_endpoints (20)
-------------------------------------------------
 There are 20 pins that are not constrained for maximum delay. (HIGH)

 There are 0 pins that are not constrained for maximum delay due to constant clock.


5. checking no_input_delay (0)
------------------------------
 There are 0 input ports with no input delay specified.

 There are 0 input ports with no input delay but user has a false path constraint.


6. checking no_output_delay (0)
-------------------------------
 There are 0 ports with no output delay specified.

 There are 0 ports with no output delay but user has a false path constraint

 There are 0 ports with no output delay but with a timing clock defined on it or propagating through it


7. checking multiple_clock (0)
------------------------------
 There are 0 register/latch pins with multiple clocks.


8. checking generated_clocks (0)
--------------------------------
 There are 0 generated clocks that are not connected to a clock source.


9. checking loops (0)
---------------------
 There are 0 combinational loops in the design.


10. checking partial_input_delay (0)
------------------------------------
 There are 0 input ports with partial input delay specified.


11. checking partial_output_delay (0)
-------------------------------------
 There are 0 ports with partial output delay specified.


12. checking latch_loops (0)
----------------------------
 There are 0 combinational latch loops in the design through latch input



------------------------------------------------------------------------------------------------
| Design Timing Summary
| ---------------------
------------------------------------------------------------------------------------------------

    WNS(ns)      TNS(ns)  TNS Failing Endpoints  TNS Total Endpoints     WPWS(ns)     TPWS(ns)  TPWS Failing Endpoints  TPWS Total Endpoints
    -------      -------  ---------------------  -------------------     --------     --------  ----------------------  --------------------
      0.584        0.000                      0                12677        3.870        0.000                       0                  3657


All user specified timing constraints are met.


------------------------------------------------------------------------------------------------
| Clock Summary
| -------------
------------------------------------------------------------------------------------------------

Clock  Waveform(ns)       Period(ns)      Frequency(MHz)
-----  ------------       ----------      --------------
clk    {0.000 5.000}      10.000          100.000


------------------------------------------------------------------------------------------------
| Intra Clock Table
| -----------------
------------------------------------------------------------------------------------------------

Clock             WNS(ns)      TNS(ns)  TNS Failing Endpoints  TNS Total Endpoints     WPWS(ns)     TPWS(ns)  TPWS Failing Endpoints  TPWS Total Endpoints
-----             -------      -------  ---------------------  -------------------     --------     --------  ----------------------  --------------------
clk                 0.584        0.000                      0                12677        3.870        0.000                       0                  3657


------------------------------------------------------------------------------------------------
| Inter Clock Table
| -----------------
------------------------------------------------------------------------------------------------

From Clock    To Clock          WNS(ns)      TNS(ns)  TNS Failing Endpoints  TNS Total Endpoints
----------    --------          -------      -------  ---------------------  -------------------


------------------------------------------------------------------------------------------------
| Other Path Groups Table
| -----------------------
------------------------------------------------------------------------------------------------

Path Group    From Clock    To Clock          WNS(ns)      TNS(ns)  TNS Failing Endpoints  TNS Total Endpoints
----------    ----------    --------          -------      -------  ---------------------  -------------------


------------------------------------------------------------------------------------------------
| Timing Details
| --------------
------------------------------------------------------------------------------------------------


---------------------------------------------------------------------------------------------------
From Clock:  clk
  To Clock:  clk

Setup :            0  Failing Endpoints,  Worst Slack        0.584ns,  Total Violation        0.000ns
Hold  :           NA  Failing Endpoints,  Worst Slack           NA  ,  Total Violation           NA
PW    :            0  Failing Endpoints,  Worst Slack        3.870ns,  Total Violation        0.000ns
---------------------------------------------------------------------------------------------------


Max Delay Paths
--------------------------------------------------------------------------------------
Slack (MET) :             0.584ns  (required time - arrival time)
  Source:                 u_correct/equalizer/g_pipelined.s1_ri_reg/CLK
                            (rising edge-triggered cell DSP48E1 clocked by clk  {rise@0.000ns fall@5.000ns period=10.000ns})
  Destination:            u_correct/equalizer/g_pipelined.saturation_pending_reg[0]/D
                            (rising edge-triggered cell FDRE clocked by clk  {rise@0.000ns fall@5.000ns period=10.000ns})
  Path Group:             clk
  Path Type:              Setup (Max at Slow Process Corner)
  Requirement:            10.000ns  (clk rise@10.000ns - clk rise@0.000ns)
  Data Path Delay:        9.320ns  (logic 5.043ns (54.112%)  route 4.277ns (45.888%))
  Logic Levels:           14  (CARRY4=9 DSP48E1=1 LUT1=2 LUT5=1 LUT6=1)
  Clock Path Skew:        -0.133ns (DCD - SCD + CPR)
    Destination Clock Delay (DCD):    1.243ns = ( 11.243 - 10.000 )
    Source Clock Delay      (SCD):    1.473ns
    Clock Pessimism Removal (CPR):    0.097ns
  Clock Uncertainty:      0.035ns  ((TSJ^2 + TIJ^2)^1/2 + DJ) / 2 + PE
    Total System Jitter     (TSJ):    0.071ns
    Total Input Jitter      (TIJ):    0.000ns
    Discrete Jitter          (DJ):    0.000ns
    Phase Error              (PE):    0.000ns

    Location             Delay type                Incr(ns)  Path(ns)    Netlist Resource(s)
  -------------------------------------------------------------------    -------------------
                         (clock clk rise edge)        0.000     0.000 r
                                                      0.000     0.000 r  aclk (IN)
                         net (fo=3656, unset)         1.473     1.473    u_correct/equalizer/aclk
    DSP48_X2Y10          DSP48E1                                      r  u_correct/equalizer/g_pipelined.s1_ri_reg/CLK
  -------------------------------------------------------------------    -------------------
    DSP48_X2Y10          DSP48E1 (Prop_dsp48e1_CLK_P[31])
                                                      0.370     1.843 r  u_correct/equalizer/g_pipelined.s1_ri_reg/P[31]
                         net (fo=2, routed)           0.891     2.734    u_correct/equalizer/g_pipelined.s1_ri_reg_n_74
    DSP48_X2Y7           DSP48E1 (Prop_dsp48e1_C[32]_P[0])
                                                      1.523     4.257 f  u_correct/equalizer/g_pipelined.equalized_im_q29/P[0]
                         net (fo=1, routed)           0.412     4.669    u_correct/equalizer/g_pipelined.equalized_im_q29_n_105
    SLICE_X36Y15         LUT1 (Prop_lut1_I0_O)        0.105     4.774 r  u_correct/equalizer/g_pipelined.out_im[0]_i_18/O
                         net (fo=1, routed)           0.424     5.198    u_correct/equalizer/g_pipelined.out_im[0]_i_18_n_0
    SLICE_X35Y15         CARRY4 (Prop_carry4_CYINIT_CO[3])
                                                      0.480     5.678 r  u_correct/equalizer/g_pipelined.out_im_reg[0]_i_13/CO[3]
                         net (fo=1, routed)           0.000     5.678    u_correct/equalizer/g_pipelined.out_im_reg[0]_i_13_n_0
    SLICE_X35Y16         CARRY4 (Prop_carry4_CI_CO[3])
                                                      0.098     5.776 r  u_correct/equalizer/g_pipelined.out_im_reg[0]_i_8/CO[3]
                         net (fo=1, routed)           0.000     5.776    u_correct/equalizer/g_pipelined.out_im_reg[0]_i_8_n_0
    SLICE_X35Y17         CARRY4 (Prop_carry4_CI_CO[3])
                                                      0.098     5.874 r  u_correct/equalizer/g_pipelined.out_im_reg[0]_i_3/CO[3]
                         net (fo=1, routed)           0.000     5.874    u_correct/equalizer/g_pipelined.out_im_reg[0]_i_3_n_0
    SLICE_X35Y18         CARRY4 (Prop_carry4_CI_O[1])
                                                      0.265     6.139 f  u_correct/equalizer/g_pipelined.out_im_reg[0]_i_2/O[1]
                         net (fo=2, routed)           0.488     6.627    u_correct_n_65
    SLICE_X38Y19         LUT1 (Prop_lut1_I0_O)        0.250     6.877 r  g_pipelined.out_im[4]_i_3/O
                         net (fo=1, routed)           0.367     7.245    g_pipelined.out_im[4]_i_3_n_0
    SLICE_X36Y19         CARRY4 (Prop_carry4_CYINIT_CO[3])
                                                      0.494     7.739 r  g_pipelined.out_im_reg[4]_i_2/CO[3]
                         net (fo=1, routed)           0.000     7.739    g_pipelined.out_im_reg[4]_i_2_n_0
    SLICE_X36Y20         CARRY4 (Prop_carry4_CI_CO[3])
                                                      0.100     7.839 r  g_pipelined.out_im_reg[8]_i_2/CO[3]
                         net (fo=1, routed)           0.000     7.839    g_pipelined.out_im_reg[8]_i_2_n_0
    SLICE_X36Y21         CARRY4 (Prop_carry4_CI_CO[3])
                                                      0.100     7.939 r  g_pipelined.out_im_reg[12]_i_2/CO[3]
                         net (fo=1, routed)           0.000     7.939    g_pipelined.out_im_reg[12]_i_2_n_0
    SLICE_X36Y22         CARRY4 (Prop_carry4_CI_O[1])
                                                      0.257     8.196 r  g_pipelined.out_im_reg[15]_i_2/O[1]
                         net (fo=3, routed)           0.668     8.864    u_correct/equalizer/saturate_q151_inferred__1/i__carry_0[1]
    SLICE_X36Y24         LUT5 (Prop_lut5_I1_O)        0.245     9.109 r  u_correct/equalizer/i__carry_i_4__28/O
                         net (fo=1, routed)           0.000     9.109    u_correct/equalizer/i__carry_i_4__28_n_0
    SLICE_X36Y24         CARRY4 (Prop_carry4_S[0]_CO[1])
                                                      0.381     9.490 r  u_correct/equalizer/saturate_q151_inferred__2/i__carry/CO[1]
                         net (fo=18, routed)          1.025    10.515    u_correct/equalizer/saturate_q1510_in
    SLICE_X32Y20         LUT6 (Prop_lut6_I0_O)        0.277    10.792 r  u_correct/equalizer/g_pipelined.saturation_pending[0]_i_1/O
                         net (fo=1, routed)           0.000    10.792    u_correct/equalizer/g_pipelined.saturation_pending[0]_i_1_n_0
    SLICE_X32Y20         FDRE                                         r  u_correct/equalizer/g_pipelined.saturation_pending_reg[0]/D
  -------------------------------------------------------------------    -------------------

                         (clock clk rise edge)       10.000    10.000 r
                                                      0.000    10.000 r  aclk (IN)
                         net (fo=3656, unset)         1.243    11.243    u_correct/equalizer/aclk
    SLICE_X32Y20         FDRE                                         r  u_correct/equalizer/g_pipelined.saturation_pending_reg[0]/C
                         clock pessimism              0.097    11.340
                         clock uncertainty           -0.035    11.305
    SLICE_X32Y20         FDRE (Setup_fdre_C_D)        0.072    11.377    u_correct/equalizer/g_pipelined.saturation_pending_reg[0]
  -------------------------------------------------------------------
                         required time                         11.377
                         arrival time                         -10.792
  -------------------------------------------------------------------
                         slack                                  0.584

Slack (MET) :             0.766ns  (required time - arrival time)
  Source:                 u_correct/equalizer/g_pipelined.s1_ri_reg/CLK
                            (rising edge-triggered cell DSP48E1 clocked by clk  {rise@0.000ns fall@5.000ns period=10.000ns})
  Destination:            u_correct/equalizer/g_pipelined.out_im_reg[11]/D
                            (rising edge-triggered cell FDRE clocked by clk  {rise@0.000ns fall@5.000ns period=10.000ns})
  Path Group:             clk
  Path Type:              Setup (Max at Slow Process Corner)
  Requirement:            10.000ns  (clk rise@10.000ns - clk rise@0.000ns)
  Data Path Delay:        9.095ns  (logic 5.043ns (55.448%)  route 4.052ns (44.552%))
  Logic Levels:           14  (CARRY4=9 DSP48E1=1 LUT1=2 LUT5=2)
  Clock Path Skew:        -0.136ns (DCD - SCD + CPR)
    Destination Clock Delay (DCD):    1.240ns = ( 11.240 - 10.000 )
    Source Clock Delay      (SCD):    1.473ns
    Clock Pessimism Removal (CPR):    0.097ns
  Clock Uncertainty:      0.035ns  ((TSJ^2 + TIJ^2)^1/2 + DJ) / 2 + PE
    Total System Jitter     (TSJ):    0.071ns
    Total Input Jitter      (TIJ):    0.000ns
    Discrete Jitter          (DJ):    0.000ns
    Phase Error              (PE):    0.000ns

    Location             Delay type                Incr(ns)  Path(ns)    Netlist Resource(s)
  -------------------------------------------------------------------    -------------------
                         (clock clk rise edge)        0.000     0.000 r
                                                      0.000     0.000 r  aclk (IN)
                         net (fo=3656, unset)         1.473     1.473    u_correct/equalizer/aclk
    DSP48_X2Y10          DSP48E1                                      r  u_correct/equalizer/g_pipelined.s1_ri_reg/CLK
  -------------------------------------------------------------------    -------------------
    DSP48_X2Y10          DSP48E1 (Prop_dsp48e1_CLK_P[31])
                                                      0.370     1.843 r  u_correct/equalizer/g_pipelined.s1_ri_reg/P[31]
                         net (fo=2, routed)           0.891     2.734    u_correct/equalizer/g_pipelined.s1_ri_reg_n_74
    DSP48_X2Y7           DSP48E1 (Prop_dsp48e1_C[32]_P[0])
                                                      1.523     4.257 f  u_correct/equalizer/g_pipelined.equalized_im_q29/P[0]
                         net (fo=1, routed)           0.412     4.669    u_correct/equalizer/g_pipelined.equalized_im_q29_n_105
    SLICE_X36Y15         LUT1 (Prop_lut1_I0_O)        0.105     4.774 r  u_correct/equalizer/g_pipelined.out_im[0]_i_18/O
                         net (fo=1, routed)           0.424     5.198    u_correct/equalizer/g_pipelined.out_im[0]_i_18_n_0
    SLICE_X35Y15         CARRY4 (Prop_carry4_CYINIT_CO[3])
                                                      0.480     5.678 r  u_correct/equalizer/g_pipelined.out_im_reg[0]_i_13/CO[3]
                         net (fo=1, routed)           0.000     5.678    u_correct/equalizer/g_pipelined.out_im_reg[0]_i_13_n_0
    SLICE_X35Y16         CARRY4 (Prop_carry4_CI_CO[3])
                                                      0.098     5.776 r  u_correct/equalizer/g_pipelined.out_im_reg[0]_i_8/CO[3]
                         net (fo=1, routed)           0.000     5.776    u_correct/equalizer/g_pipelined.out_im_reg[0]_i_8_n_0
    SLICE_X35Y17         CARRY4 (Prop_carry4_CI_CO[3])
                                                      0.098     5.874 r  u_correct/equalizer/g_pipelined.out_im_reg[0]_i_3/CO[3]
                         net (fo=1, routed)           0.000     5.874    u_correct/equalizer/g_pipelined.out_im_reg[0]_i_3_n_0
    SLICE_X35Y18         CARRY4 (Prop_carry4_CI_O[1])
                                                      0.265     6.139 f  u_correct/equalizer/g_pipelined.out_im_reg[0]_i_2/O[1]
                         net (fo=2, routed)           0.488     6.627    u_correct_n_65
    SLICE_X38Y19         LUT1 (Prop_lut1_I0_O)        0.250     6.877 r  g_pipelined.out_im[4]_i_3/O
                         net (fo=1, routed)           0.367     7.245    g_pipelined.out_im[4]_i_3_n_0
    SLICE_X36Y19         CARRY4 (Prop_carry4_CYINIT_CO[3])
                                                      0.494     7.739 r  g_pipelined.out_im_reg[4]_i_2/CO[3]
                         net (fo=1, routed)           0.000     7.739    g_pipelined.out_im_reg[4]_i_2_n_0
    SLICE_X36Y20         CARRY4 (Prop_carry4_CI_CO[3])
                                                      0.100     7.839 r  g_pipelined.out_im_reg[8]_i_2/CO[3]
                         net (fo=1, routed)           0.000     7.839    g_pipelined.out_im_reg[8]_i_2_n_0
    SLICE_X36Y21         CARRY4 (Prop_carry4_CI_CO[3])
                                                      0.100     7.939 r  g_pipelined.out_im_reg[12]_i_2/CO[3]
                         net (fo=1, routed)           0.000     7.939    g_pipelined.out_im_reg[12]_i_2_n_0
    SLICE_X36Y22         CARRY4 (Prop_carry4_CI_O[1])
                                                      0.257     8.196 r  g_pipelined.out_im_reg[15]_i_2/O[1]
                         net (fo=3, routed)           0.668     8.864    u_correct/equalizer/saturate_q151_inferred__1/i__carry_0[1]
    SLICE_X36Y24         LUT5 (Prop_lut5_I1_O)        0.245     9.109 r  u_correct/equalizer/i__carry_i_4__28/O
                         net (fo=1, routed)           0.000     9.109    u_correct/equalizer/i__carry_i_4__28_n_0
    SLICE_X36Y24         CARRY4 (Prop_carry4_S[0]_CO[1])
                                                      0.381     9.490 r  u_correct/equalizer/saturate_q151_inferred__2/i__carry/CO[1]
                         net (fo=18, routed)          0.801    10.291    u_correct/equalizer/saturate_q1510_in
    SLICE_X40Y21         LUT5 (Prop_lut5_I0_O)        0.277    10.568 r  u_correct/equalizer/g_pipelined.out_im[11]_i_1/O
                         net (fo=1, routed)           0.000    10.568    u_correct/equalizer/saturate_q15_return__0[11]
    SLICE_X40Y21         FDRE                                         r  u_correct/equalizer/g_pipelined.out_im_reg[11]/D
  -------------------------------------------------------------------    -------------------

                         (clock clk rise edge)       10.000    10.000 r
                                                      0.000    10.000 r  aclk (IN)
                         net (fo=3656, unset)         1.240    11.240    u_correct/equalizer/aclk
    SLICE_X40Y21         FDRE                                         r  u_correct/equalizer/g_pipelined.out_im_reg[11]/C
                         clock pessimism              0.097    11.337
                         clock uncertainty           -0.035    11.302
    SLICE_X40Y21         FDRE (Setup_fdre_C_D)        0.032    11.334    u_correct/equalizer/g_pipelined.out_im_reg[11]
  -------------------------------------------------------------------
                         required time                         11.334
                         arrival time                         -10.568
  -------------------------------------------------------------------
                         slack                                  0.766

Slack (MET) :             0.811ns  (required time - arrival time)
  Source:                 u_correct/equalizer/g_pipelined.s1_rr_reg/CLK
                            (rising edge-triggered cell DSP48E1 clocked by clk  {rise@0.000ns fall@5.000ns period=10.000ns})
  Destination:            u_correct/equalizer/g_pipelined.saturation_pending_reg[1]/D
                            (rising edge-triggered cell FDRE clocked by clk  {rise@0.000ns fall@5.000ns period=10.000ns})
  Path Group:             clk
  Path Type:              Setup (Max at Slow Process Corner)
  Requirement:            10.000ns  (clk rise@10.000ns - clk rise@0.000ns)
  Data Path Delay:        9.087ns  (logic 5.043ns (55.496%)  route 4.044ns (44.504%))
  Logic Levels:           14  (CARRY4=9 DSP48E1=1 LUT1=2 LUT5=1 LUT6=1)
  Clock Path Skew:        -0.139ns (DCD - SCD + CPR)
    Destination Clock Delay (DCD):    1.241ns = ( 11.241 - 10.000 )
    Source Clock Delay      (SCD):    1.477ns
    Clock Pessimism Removal (CPR):    0.097ns
  Clock Uncertainty:      0.035ns  ((TSJ^2 + TIJ^2)^1/2 + DJ) / 2 + PE
    Total System Jitter     (TSJ):    0.071ns
    Total Input Jitter      (TIJ):    0.000ns
    Discrete Jitter          (DJ):    0.000ns
    Phase Error              (PE):    0.000ns

    Location             Delay type                Incr(ns)  Path(ns)    Netlist Resource(s)
  -------------------------------------------------------------------    -------------------
                         (clock clk rise edge)        0.000     0.000 r
                                                      0.000     0.000 r  aclk (IN)
                         net (fo=3656, unset)         1.477     1.477    u_correct/equalizer/aclk
    DSP48_X2Y8           DSP48E1                                      r  u_correct/equalizer/g_pipelined.s1_rr_reg/CLK
  -------------------------------------------------------------------    -------------------
    DSP48_X2Y8           DSP48E1 (Prop_dsp48e1_CLK_P[31])
                                                      0.370     1.847 r  u_correct/equalizer/g_pipelined.s1_rr_reg/P[31]
                         net (fo=2, routed)           0.577     2.423    u_correct/equalizer/g_pipelined.s1_rr_reg_n_74
    DSP48_X2Y9           DSP48E1 (Prop_dsp48e1_C[32]_P[0])
                                                      1.523     3.946 f  u_correct/equalizer/g_pipelined.equalized_re_q29/P[0]
                         net (fo=1, routed)           0.498     4.445    u_correct/equalizer/g_pipelined.equalized_re_q29_n_105
    SLICE_X34Y19         LUT1 (Prop_lut1_I0_O)        0.105     4.550 r  u_correct/equalizer/g_pipelined.out_re[0]_i_18/O
                         net (fo=1, routed)           0.396     4.946    u_correct/equalizer/g_pipelined.out_re[0]_i_18_n_0
    SLICE_X34Y20         CARRY4 (Prop_carry4_CYINIT_CO[3])
                                                      0.494     5.440 r  u_correct/equalizer/g_pipelined.out_re_reg[0]_i_13/CO[3]
                         net (fo=1, routed)           0.000     5.440    u_correct/equalizer/g_pipelined.out_re_reg[0]_i_13_n_0
    SLICE_X34Y21         CARRY4 (Prop_carry4_CI_CO[3])
                                                      0.100     5.540 r  u_correct/equalizer/g_pipelined.out_re_reg[0]_i_8/CO[3]
                         net (fo=1, routed)           0.000     5.540    u_correct/equalizer/g_pipelined.out_re_reg[0]_i_8_n_0
    SLICE_X34Y22         CARRY4 (Prop_carry4_CI_CO[3])
                                                      0.100     5.640 r  u_correct/equalizer/g_pipelined.out_re_reg[0]_i_3/CO[3]
                         net (fo=1, routed)           0.000     5.640    u_correct/equalizer/g_pipelined.out_re_reg[0]_i_3_n_0
    SLICE_X34Y23         CARRY4 (Prop_carry4_CI_O[1])
                                                      0.257     5.897 f  u_correct/equalizer/g_pipelined.out_re_reg[0]_i_2/O[1]
                         net (fo=2, routed)           0.384     6.281    round_q29_to_q15_wide2[14]
    SLICE_X32Y24         LUT1 (Prop_lut1_I0_O)        0.245     6.526 r  g_pipelined.out_re[4]_i_3/O
                         net (fo=1, routed)           0.451     6.976    g_pipelined.out_re[4]_i_3_n_0
    SLICE_X31Y24         CARRY4 (Prop_carry4_CYINIT_CO[3])
                                                      0.480     7.456 r  g_pipelined.out_re_reg[4]_i_2/CO[3]
                         net (fo=1, routed)           0.008     7.464    g_pipelined.out_re_reg[4]_i_2_n_0
    SLICE_X31Y25         CARRY4 (Prop_carry4_CI_CO[3])
                                                      0.098     7.562 r  g_pipelined.out_re_reg[8]_i_2/CO[3]
                         net (fo=1, routed)           0.000     7.562    g_pipelined.out_re_reg[8]_i_2_n_0
    SLICE_X31Y26         CARRY4 (Prop_carry4_CI_CO[3])
                                                      0.098     7.660 r  g_pipelined.out_re_reg[12]_i_2/CO[3]
                         net (fo=1, routed)           0.000     7.660    g_pipelined.out_re_reg[12]_i_2_n_0
    SLICE_X31Y27         CARRY4 (Prop_carry4_CI_O[1])
                                                      0.265     7.925 r  g_pipelined.out_re_reg[15]_i_3/O[1]
                         net (fo=3, routed)           0.762     8.688    u_correct/equalizer/round_q29_to_q15_wide0[13]
    SLICE_X34Y28         LUT5 (Prop_lut5_I1_O)        0.250     8.938 r  u_correct/equalizer/i__carry_i_4__27/O
                         net (fo=1, routed)           0.000     8.938    u_correct/equalizer/i__carry_i_4__27_n_0
    SLICE_X34Y28         CARRY4 (Prop_carry4_S[0]_CO[1])
                                                      0.381     9.319 r  u_correct/equalizer/saturate_q151_inferred__0/i__carry/CO[1]
                         net (fo=18, routed)          0.968    10.287    u_correct/equalizer/saturate_q1512_in
    SLICE_X32Y21         LUT6 (Prop_lut6_I0_O)        0.277    10.564 r  u_correct/equalizer/g_pipelined.saturation_pending[1]_i_1/O
                         net (fo=1, routed)           0.000    10.564    u_correct/equalizer/g_pipelined.saturation_pending[1]_i_1_n_0
    SLICE_X32Y21         FDRE                                         r  u_correct/equalizer/g_pipelined.saturation_pending_reg[1]/D
  -------------------------------------------------------------------    -------------------

                         (clock clk rise edge)       10.000    10.000 r
                                                      0.000    10.000 r  aclk (IN)
                         net (fo=3656, unset)         1.241    11.241    u_correct/equalizer/aclk
    SLICE_X32Y21         FDRE                                         r  u_correct/equalizer/g_pipelined.saturation_pending_reg[1]/C
                         clock pessimism              0.097    11.338
                         clock uncertainty           -0.035    11.303
    SLICE_X32Y21         FDRE (Setup_fdre_C_D)        0.072    11.375    u_correct/equalizer/g_pipelined.saturation_pending_reg[1]
  -------------------------------------------------------------------
                         required time                         11.375
                         arrival time                         -10.564
  -------------------------------------------------------------------
                         slack                                  0.811

Slack (MET) :             0.836ns  (required time - arrival time)
  Source:                 u_correct/equalizer/g_pipelined.s1_ri_reg/CLK
                            (rising edge-triggered cell DSP48E1 clocked by clk  {rise@0.000ns fall@5.000ns period=10.000ns})
  Destination:            u_correct/equalizer/g_pipelined.out_im_reg[1]/D
                            (rising edge-triggered cell FDRE clocked by clk  {rise@0.000ns fall@5.000ns period=10.000ns})
  Path Group:             clk
  Path Type:              Setup (Max at Slow Process Corner)
  Requirement:            10.000ns  (clk rise@10.000ns - clk rise@0.000ns)
  Data Path Delay:        9.069ns  (logic 5.043ns (55.610%)  route 4.026ns (44.390%))
  Logic Levels:           14  (CARRY4=9 DSP48E1=1 LUT1=2 LUT5=2)
  Clock Path Skew:        -0.132ns (DCD - SCD + CPR)
    Destination Clock Delay (DCD):    1.244ns = ( 11.244 - 10.000 )
    Source Clock Delay      (SCD):    1.473ns
    Clock Pessimism Removal (CPR):    0.097ns
  Clock Uncertainty:      0.035ns  ((TSJ^2 + TIJ^2)^1/2 + DJ) / 2 + PE
    Total System Jitter     (TSJ):    0.071ns
    Total Input Jitter      (TIJ):    0.000ns
    Discrete Jitter          (DJ):    0.000ns
    Phase Error              (PE):    0.000ns

    Location             Delay type                Incr(ns)  Path(ns)    Netlist Resource(s)
  -------------------------------------------------------------------    -------------------
                         (clock clk rise edge)        0.000     0.000 r
                                                      0.000     0.000 r  aclk (IN)
                         net (fo=3656, unset)         1.473     1.473    u_correct/equalizer/aclk
    DSP48_X2Y10          DSP48E1                                      r  u_correct/equalizer/g_pipelined.s1_ri_reg/CLK
  -------------------------------------------------------------------    -------------------
    DSP48_X2Y10          DSP48E1 (Prop_dsp48e1_CLK_P[31])
                                                      0.370     1.843 r  u_correct/equalizer/g_pipelined.s1_ri_reg/P[31]
                         net (fo=2, routed)           0.891     2.734    u_correct/equalizer/g_pipelined.s1_ri_reg_n_74
    DSP48_X2Y7           DSP48E1 (Prop_dsp48e1_C[32]_P[0])
                                                      1.523     4.257 f  u_correct/equalizer/g_pipelined.equalized_im_q29/P[0]
                         net (fo=1, routed)           0.412     4.669    u_correct/equalizer/g_pipelined.equalized_im_q29_n_105
    SLICE_X36Y15         LUT1 (Prop_lut1_I0_O)        0.105     4.774 r  u_correct/equalizer/g_pipelined.out_im[0]_i_18/O
                         net (fo=1, routed)           0.424     5.198    u_correct/equalizer/g_pipelined.out_im[0]_i_18_n_0
    SLICE_X35Y15         CARRY4 (Prop_carry4_CYINIT_CO[3])
                                                      0.480     5.678 r  u_correct/equalizer/g_pipelined.out_im_reg[0]_i_13/CO[3]
                         net (fo=1, routed)           0.000     5.678    u_correct/equalizer/g_pipelined.out_im_reg[0]_i_13_n_0
    SLICE_X35Y16         CARRY4 (Prop_carry4_CI_CO[3])
                                                      0.098     5.776 r  u_correct/equalizer/g_pipelined.out_im_reg[0]_i_8/CO[3]
                         net (fo=1, routed)           0.000     5.776    u_correct/equalizer/g_pipelined.out_im_reg[0]_i_8_n_0
    SLICE_X35Y17         CARRY4 (Prop_carry4_CI_CO[3])
                                                      0.098     5.874 r  u_correct/equalizer/g_pipelined.out_im_reg[0]_i_3/CO[3]
                         net (fo=1, routed)           0.000     5.874    u_correct/equalizer/g_pipelined.out_im_reg[0]_i_3_n_0
    SLICE_X35Y18         CARRY4 (Prop_carry4_CI_O[1])
                                                      0.265     6.139 f  u_correct/equalizer/g_pipelined.out_im_reg[0]_i_2/O[1]
                         net (fo=2, routed)           0.488     6.627    u_correct_n_65
    SLICE_X38Y19         LUT1 (Prop_lut1_I0_O)        0.250     6.877 r  g_pipelined.out_im[4]_i_3/O
                         net (fo=1, routed)           0.367     7.245    g_pipelined.out_im[4]_i_3_n_0
    SLICE_X36Y19         CARRY4 (Prop_carry4_CYINIT_CO[3])
                                                      0.494     7.739 r  g_pipelined.out_im_reg[4]_i_2/CO[3]
                         net (fo=1, routed)           0.000     7.739    g_pipelined.out_im_reg[4]_i_2_n_0
    SLICE_X36Y20         CARRY4 (Prop_carry4_CI_CO[3])
                                                      0.100     7.839 r  g_pipelined.out_im_reg[8]_i_2/CO[3]
                         net (fo=1, routed)           0.000     7.839    g_pipelined.out_im_reg[8]_i_2_n_0
    SLICE_X36Y21         CARRY4 (Prop_carry4_CI_CO[3])
                                                      0.100     7.939 r  g_pipelined.out_im_reg[12]_i_2/CO[3]
                         net (fo=1, routed)           0.000     7.939    g_pipelined.out_im_reg[12]_i_2_n_0
    SLICE_X36Y22         CARRY4 (Prop_carry4_CI_O[1])
                                                      0.257     8.196 r  g_pipelined.out_im_reg[15]_i_2/O[1]
                         net (fo=3, routed)           0.668     8.864    u_correct/equalizer/saturate_q151_inferred__1/i__carry_0[1]
    SLICE_X36Y24         LUT5 (Prop_lut5_I1_O)        0.245     9.109 r  u_correct/equalizer/i__carry_i_4__28/O
                         net (fo=1, routed)           0.000     9.109    u_correct/equalizer/i__carry_i_4__28_n_0
    SLICE_X36Y24         CARRY4 (Prop_carry4_S[0]_CO[1])
                                                      0.381     9.490 r  u_correct/equalizer/saturate_q151_inferred__2/i__carry/CO[1]
                         net (fo=18, routed)          0.774    10.264    u_correct/equalizer/saturate_q1510_in
    SLICE_X38Y19         LUT5 (Prop_lut5_I0_O)        0.277    10.541 r  u_correct/equalizer/g_pipelined.out_im[1]_i_1/O
                         net (fo=1, routed)           0.000    10.541    u_correct/equalizer/saturate_q15_return__0[1]
    SLICE_X38Y19         FDRE                                         r  u_correct/equalizer/g_pipelined.out_im_reg[1]/D
  -------------------------------------------------------------------    -------------------

                         (clock clk rise edge)       10.000    10.000 r
                                                      0.000    10.000 r  aclk (IN)
                         net (fo=3656, unset)         1.244    11.244    u_correct/equalizer/aclk
    SLICE_X38Y19         FDRE                                         r  u_correct/equalizer/g_pipelined.out_im_reg[1]/C
                         clock pessimism              0.097    11.341
                         clock uncertainty           -0.035    11.306
    SLICE_X38Y19         FDRE (Setup_fdre_C_D)        0.072    11.378    u_correct/equalizer/g_pipelined.out_im_reg[1]
  -------------------------------------------------------------------
                         required time                         11.378
                         arrival time                         -10.541
  -------------------------------------------------------------------
                         slack                                  0.836

Slack (MET) :             0.894ns  (required time - arrival time)
  Source:                 u_correct/equalizer/g_pipelined.s1_ri_reg/CLK
                            (rising edge-triggered cell DSP48E1 clocked by clk  {rise@0.000ns fall@5.000ns period=10.000ns})
  Destination:            u_correct/equalizer/g_pipelined.out_im_reg[8]/D
                            (rising edge-triggered cell FDRE clocked by clk  {rise@0.000ns fall@5.000ns period=10.000ns})
  Path Group:             clk
  Path Type:              Setup (Max at Slow Process Corner)
  Requirement:            10.000ns  (clk rise@10.000ns - clk rise@0.000ns)
  Data Path Delay:        9.012ns  (logic 5.043ns (55.957%)  route 3.969ns (44.043%))
  Logic Levels:           14  (CARRY4=9 DSP48E1=1 LUT1=2 LUT5=2)
  Clock Path Skew:        -0.133ns (DCD - SCD + CPR)
    Destination Clock Delay (DCD):    1.243ns = ( 11.243 - 10.000 )
    Source Clock Delay      (SCD):    1.473ns
    Clock Pessimism Removal (CPR):    0.097ns
  Clock Uncertainty:      0.035ns  ((TSJ^2 + TIJ^2)^1/2 + DJ) / 2 + PE
    Total System Jitter     (TSJ):    0.071ns
    Total Input Jitter      (TIJ):    0.000ns
    Discrete Jitter          (DJ):    0.000ns
    Phase Error              (PE):    0.000ns

    Location             Delay type                Incr(ns)  Path(ns)    Netlist Resource(s)
  -------------------------------------------------------------------    -------------------
                         (clock clk rise edge)        0.000     0.000 r
                                                      0.000     0.000 r  aclk (IN)
                         net (fo=3656, unset)         1.473     1.473    u_correct/equalizer/aclk
    DSP48_X2Y10          DSP48E1                                      r  u_correct/equalizer/g_pipelined.s1_ri_reg/CLK
  -------------------------------------------------------------------    -------------------
    DSP48_X2Y10          DSP48E1 (Prop_dsp48e1_CLK_P[31])
                                                      0.370     1.843 r  u_correct/equalizer/g_pipelined.s1_ri_reg/P[31]
                         net (fo=2, routed)           0.891     2.734    u_correct/equalizer/g_pipelined.s1_ri_reg_n_74
    DSP48_X2Y7           DSP48E1 (Prop_dsp48e1_C[32]_P[0])
                                                      1.523     4.257 f  u_correct/equalizer/g_pipelined.equalized_im_q29/P[0]
                         net (fo=1, routed)           0.412     4.669    u_correct/equalizer/g_pipelined.equalized_im_q29_n_105
    SLICE_X36Y15         LUT1 (Prop_lut1_I0_O)        0.105     4.774 r  u_correct/equalizer/g_pipelined.out_im[0]_i_18/O
                         net (fo=1, routed)           0.424     5.198    u_correct/equalizer/g_pipelined.out_im[0]_i_18_n_0
    SLICE_X35Y15         CARRY4 (Prop_carry4_CYINIT_CO[3])
                                                      0.480     5.678 r  u_correct/equalizer/g_pipelined.out_im_reg[0]_i_13/CO[3]
                         net (fo=1, routed)           0.000     5.678    u_correct/equalizer/g_pipelined.out_im_reg[0]_i_13_n_0
    SLICE_X35Y16         CARRY4 (Prop_carry4_CI_CO[3])
                                                      0.098     5.776 r  u_correct/equalizer/g_pipelined.out_im_reg[0]_i_8/CO[3]
                         net (fo=1, routed)           0.000     5.776    u_correct/equalizer/g_pipelined.out_im_reg[0]_i_8_n_0
    SLICE_X35Y17         CARRY4 (Prop_carry4_CI_CO[3])
                                                      0.098     5.874 r  u_correct/equalizer/g_pipelined.out_im_reg[0]_i_3/CO[3]
                         net (fo=1, routed)           0.000     5.874    u_correct/equalizer/g_pipelined.out_im_reg[0]_i_3_n_0
    SLICE_X35Y18         CARRY4 (Prop_carry4_CI_O[1])
                                                      0.265     6.139 f  u_correct/equalizer/g_pipelined.out_im_reg[0]_i_2/O[1]
                         net (fo=2, routed)           0.488     6.627    u_correct_n_65
    SLICE_X38Y19         LUT1 (Prop_lut1_I0_O)        0.250     6.877 r  g_pipelined.out_im[4]_i_3/O
                         net (fo=1, routed)           0.367     7.245    g_pipelined.out_im[4]_i_3_n_0
    SLICE_X36Y19         CARRY4 (Prop_carry4_CYINIT_CO[3])
                                                      0.494     7.739 r  g_pipelined.out_im_reg[4]_i_2/CO[3]
                         net (fo=1, routed)           0.000     7.739    g_pipelined.out_im_reg[4]_i_2_n_0
    SLICE_X36Y20         CARRY4 (Prop_carry4_CI_CO[3])
                                                      0.100     7.839 r  g_pipelined.out_im_reg[8]_i_2/CO[3]
                         net (fo=1, routed)           0.000     7.839    g_pipelined.out_im_reg[8]_i_2_n_0
    SLICE_X36Y21         CARRY4 (Prop_carry4_CI_CO[3])
                                                      0.100     7.939 r  g_pipelined.out_im_reg[12]_i_2/CO[3]
                         net (fo=1, routed)           0.000     7.939    g_pipelined.out_im_reg[12]_i_2_n_0
    SLICE_X36Y22         CARRY4 (Prop_carry4_CI_O[1])
                                                      0.257     8.196 r  g_pipelined.out_im_reg[15]_i_2/O[1]
                         net (fo=3, routed)           0.668     8.864    u_correct/equalizer/saturate_q151_inferred__1/i__carry_0[1]
    SLICE_X36Y24         LUT5 (Prop_lut5_I1_O)        0.245     9.109 r  u_correct/equalizer/i__carry_i_4__28/O
                         net (fo=1, routed)           0.000     9.109    u_correct/equalizer/i__carry_i_4__28_n_0
    SLICE_X36Y24         CARRY4 (Prop_carry4_S[0]_CO[1])
                                                      0.381     9.490 r  u_correct/equalizer/saturate_q151_inferred__2/i__carry/CO[1]
                         net (fo=18, routed)          0.718    10.208    u_correct/equalizer/saturate_q1510_in
    SLICE_X38Y20         LUT5 (Prop_lut5_I0_O)        0.277    10.485 r  u_correct/equalizer/g_pipelined.out_im[8]_i_1/O
                         net (fo=1, routed)           0.000    10.485    u_correct/equalizer/saturate_q15_return__0[8]
    SLICE_X38Y20         FDRE                                         r  u_correct/equalizer/g_pipelined.out_im_reg[8]/D
  -------------------------------------------------------------------    -------------------

                         (clock clk rise edge)       10.000    10.000 r
                                                      0.000    10.000 r  aclk (IN)
                         net (fo=3656, unset)         1.243    11.243    u_correct/equalizer/aclk
    SLICE_X38Y20         FDRE                                         r  u_correct/equalizer/g_pipelined.out_im_reg[8]/C
                         clock pessimism              0.097    11.340
                         clock uncertainty           -0.035    11.305
    SLICE_X38Y20         FDRE (Setup_fdre_C_D)        0.074    11.379    u_correct/equalizer/g_pipelined.out_im_reg[8]
  -------------------------------------------------------------------
                         required time                         11.379
                         arrival time                         -10.485
  -------------------------------------------------------------------
                         slack                                  0.894

Slack (MET) :             0.896ns  (required time - arrival time)
  Source:                 u_correct/equalizer/g_pipelined.s1_ri_reg/CLK
                            (rising edge-triggered cell DSP48E1 clocked by clk  {rise@0.000ns fall@5.000ns period=10.000ns})
  Destination:            u_correct/equalizer/g_pipelined.out_im_reg[5]/D
                            (rising edge-triggered cell FDRE clocked by clk  {rise@0.000ns fall@5.000ns period=10.000ns})
  Path Group:             clk
  Path Type:              Setup (Max at Slow Process Corner)
  Requirement:            10.000ns  (clk rise@10.000ns - clk rise@0.000ns)
  Data Path Delay:        9.008ns  (logic 5.043ns (55.982%)  route 3.965ns (44.018%))
  Logic Levels:           14  (CARRY4=9 DSP48E1=1 LUT1=2 LUT5=2)
  Clock Path Skew:        -0.133ns (DCD - SCD + CPR)
    Destination Clock Delay (DCD):    1.243ns = ( 11.243 - 10.000 )
    Source Clock Delay      (SCD):    1.473ns
    Clock Pessimism Removal (CPR):    0.097ns
  Clock Uncertainty:      0.035ns  ((TSJ^2 + TIJ^2)^1/2 + DJ) / 2 + PE
    Total System Jitter     (TSJ):    0.071ns
    Total Input Jitter      (TIJ):    0.000ns
    Discrete Jitter          (DJ):    0.000ns
    Phase Error              (PE):    0.000ns

    Location             Delay type                Incr(ns)  Path(ns)    Netlist Resource(s)
  -------------------------------------------------------------------    -------------------
                         (clock clk rise edge)        0.000     0.000 r
                                                      0.000     0.000 r  aclk (IN)
                         net (fo=3656, unset)         1.473     1.473    u_correct/equalizer/aclk
    DSP48_X2Y10          DSP48E1                                      r  u_correct/equalizer/g_pipelined.s1_ri_reg/CLK
  -------------------------------------------------------------------    -------------------
    DSP48_X2Y10          DSP48E1 (Prop_dsp48e1_CLK_P[31])
                                                      0.370     1.843 r  u_correct/equalizer/g_pipelined.s1_ri_reg/P[31]
                         net (fo=2, routed)           0.891     2.734    u_correct/equalizer/g_pipelined.s1_ri_reg_n_74
    DSP48_X2Y7           DSP48E1 (Prop_dsp48e1_C[32]_P[0])
                                                      1.523     4.257 f  u_correct/equalizer/g_pipelined.equalized_im_q29/P[0]
                         net (fo=1, routed)           0.412     4.669    u_correct/equalizer/g_pipelined.equalized_im_q29_n_105
    SLICE_X36Y15         LUT1 (Prop_lut1_I0_O)        0.105     4.774 r  u_correct/equalizer/g_pipelined.out_im[0]_i_18/O
                         net (fo=1, routed)           0.424     5.198    u_correct/equalizer/g_pipelined.out_im[0]_i_18_n_0
    SLICE_X35Y15         CARRY4 (Prop_carry4_CYINIT_CO[3])
                                                      0.480     5.678 r  u_correct/equalizer/g_pipelined.out_im_reg[0]_i_13/CO[3]
                         net (fo=1, routed)           0.000     5.678    u_correct/equalizer/g_pipelined.out_im_reg[0]_i_13_n_0
    SLICE_X35Y16         CARRY4 (Prop_carry4_CI_CO[3])
                                                      0.098     5.776 r  u_correct/equalizer/g_pipelined.out_im_reg[0]_i_8/CO[3]
                         net (fo=1, routed)           0.000     5.776    u_correct/equalizer/g_pipelined.out_im_reg[0]_i_8_n_0
    SLICE_X35Y17         CARRY4 (Prop_carry4_CI_CO[3])
                                                      0.098     5.874 r  u_correct/equalizer/g_pipelined.out_im_reg[0]_i_3/CO[3]
                         net (fo=1, routed)           0.000     5.874    u_correct/equalizer/g_pipelined.out_im_reg[0]_i_3_n_0
    SLICE_X35Y18         CARRY4 (Prop_carry4_CI_O[1])
                                                      0.265     6.139 f  u_correct/equalizer/g_pipelined.out_im_reg[0]_i_2/O[1]
                         net (fo=2, routed)           0.488     6.627    u_correct_n_65
    SLICE_X38Y19         LUT1 (Prop_lut1_I0_O)        0.250     6.877 r  g_pipelined.out_im[4]_i_3/O
                         net (fo=1, routed)           0.367     7.245    g_pipelined.out_im[4]_i_3_n_0
    SLICE_X36Y19         CARRY4 (Prop_carry4_CYINIT_CO[3])
                                                      0.494     7.739 r  g_pipelined.out_im_reg[4]_i_2/CO[3]
                         net (fo=1, routed)           0.000     7.739    g_pipelined.out_im_reg[4]_i_2_n_0
    SLICE_X36Y20         CARRY4 (Prop_carry4_CI_CO[3])
                                                      0.100     7.839 r  g_pipelined.out_im_reg[8]_i_2/CO[3]
                         net (fo=1, routed)           0.000     7.839    g_pipelined.out_im_reg[8]_i_2_n_0
    SLICE_X36Y21         CARRY4 (Prop_carry4_CI_CO[3])
                                                      0.100     7.939 r  g_pipelined.out_im_reg[12]_i_2/CO[3]
                         net (fo=1, routed)           0.000     7.939    g_pipelined.out_im_reg[12]_i_2_n_0
    SLICE_X36Y22         CARRY4 (Prop_carry4_CI_O[1])
                                                      0.257     8.196 r  g_pipelined.out_im_reg[15]_i_2/O[1]
                         net (fo=3, routed)           0.668     8.864    u_correct/equalizer/saturate_q151_inferred__1/i__carry_0[1]
    SLICE_X36Y24         LUT5 (Prop_lut5_I1_O)        0.245     9.109 r  u_correct/equalizer/i__carry_i_4__28/O
                         net (fo=1, routed)           0.000     9.109    u_correct/equalizer/i__carry_i_4__28_n_0
    SLICE_X36Y24         CARRY4 (Prop_carry4_S[0]_CO[1])
                                                      0.381     9.490 r  u_correct/equalizer/saturate_q151_inferred__2/i__carry/CO[1]
                         net (fo=18, routed)          0.714    10.204    u_correct/equalizer/saturate_q1510_in
    SLICE_X38Y20         LUT5 (Prop_lut5_I0_O)        0.277    10.481 r  u_correct/equalizer/g_pipelined.out_im[5]_i_1/O
                         net (fo=1, routed)           0.000    10.481    u_correct/equalizer/saturate_q15_return__0[5]
    SLICE_X38Y20         FDRE                                         r  u_correct/equalizer/g_pipelined.out_im_reg[5]/D
  -------------------------------------------------------------------    -------------------

                         (clock clk rise edge)       10.000    10.000 r
                                                      0.000    10.000 r  aclk (IN)
                         net (fo=3656, unset)         1.243    11.243    u_correct/equalizer/aclk
    SLICE_X38Y20         FDRE                                         r  u_correct/equalizer/g_pipelined.out_im_reg[5]/C
                         clock pessimism              0.097    11.340
                         clock uncertainty           -0.035    11.305
    SLICE_X38Y20         FDRE (Setup_fdre_C_D)        0.072    11.377    u_correct/equalizer/g_pipelined.out_im_reg[5]
  -------------------------------------------------------------------
                         required time                         11.377
                         arrival time                         -10.481
  -------------------------------------------------------------------
                         slack                                  0.896

Slack (MET) :             0.902ns  (required time - arrival time)
  Source:                 u_correct/equalizer/g_pipelined.s1_ri_reg/CLK
                            (rising edge-triggered cell DSP48E1 clocked by clk  {rise@0.000ns fall@5.000ns period=10.000ns})
  Destination:            u_correct/equalizer/g_pipelined.out_im_reg[7]/D
                            (rising edge-triggered cell FDRE clocked by clk  {rise@0.000ns fall@5.000ns period=10.000ns})
  Path Group:             clk
  Path Type:              Setup (Max at Slow Process Corner)
  Requirement:            10.000ns  (clk rise@10.000ns - clk rise@0.000ns)
  Data Path Delay:        9.004ns  (logic 5.043ns (56.007%)  route 3.961ns (43.993%))
  Logic Levels:           14  (CARRY4=9 DSP48E1=1 LUT1=2 LUT5=2)
  Clock Path Skew:        -0.133ns (DCD - SCD + CPR)
    Destination Clock Delay (DCD):    1.243ns = ( 11.243 - 10.000 )
    Source Clock Delay      (SCD):    1.473ns
    Clock Pessimism Removal (CPR):    0.097ns
  Clock Uncertainty:      0.035ns  ((TSJ^2 + TIJ^2)^1/2 + DJ) / 2 + PE
    Total System Jitter     (TSJ):    0.071ns
    Total Input Jitter      (TIJ):    0.000ns
    Discrete Jitter          (DJ):    0.000ns
    Phase Error              (PE):    0.000ns

    Location             Delay type                Incr(ns)  Path(ns)    Netlist Resource(s)
  -------------------------------------------------------------------    -------------------
                         (clock clk rise edge)        0.000     0.000 r
                                                      0.000     0.000 r  aclk (IN)
                         net (fo=3656, unset)         1.473     1.473    u_correct/equalizer/aclk
    DSP48_X2Y10          DSP48E1                                      r  u_correct/equalizer/g_pipelined.s1_ri_reg/CLK
  -------------------------------------------------------------------    -------------------
    DSP48_X2Y10          DSP48E1 (Prop_dsp48e1_CLK_P[31])
                                                      0.370     1.843 r  u_correct/equalizer/g_pipelined.s1_ri_reg/P[31]
                         net (fo=2, routed)           0.891     2.734    u_correct/equalizer/g_pipelined.s1_ri_reg_n_74
    DSP48_X2Y7           DSP48E1 (Prop_dsp48e1_C[32]_P[0])
                                                      1.523     4.257 f  u_correct/equalizer/g_pipelined.equalized_im_q29/P[0]
                         net (fo=1, routed)           0.412     4.669    u_correct/equalizer/g_pipelined.equalized_im_q29_n_105
    SLICE_X36Y15         LUT1 (Prop_lut1_I0_O)        0.105     4.774 r  u_correct/equalizer/g_pipelined.out_im[0]_i_18/O
                         net (fo=1, routed)           0.424     5.198    u_correct/equalizer/g_pipelined.out_im[0]_i_18_n_0
    SLICE_X35Y15         CARRY4 (Prop_carry4_CYINIT_CO[3])
                                                      0.480     5.678 r  u_correct/equalizer/g_pipelined.out_im_reg[0]_i_13/CO[3]
                         net (fo=1, routed)           0.000     5.678    u_correct/equalizer/g_pipelined.out_im_reg[0]_i_13_n_0
    SLICE_X35Y16         CARRY4 (Prop_carry4_CI_CO[3])
                                                      0.098     5.776 r  u_correct/equalizer/g_pipelined.out_im_reg[0]_i_8/CO[3]
                         net (fo=1, routed)           0.000     5.776    u_correct/equalizer/g_pipelined.out_im_reg[0]_i_8_n_0
    SLICE_X35Y17         CARRY4 (Prop_carry4_CI_CO[3])
                                                      0.098     5.874 r  u_correct/equalizer/g_pipelined.out_im_reg[0]_i_3/CO[3]
                         net (fo=1, routed)           0.000     5.874    u_correct/equalizer/g_pipelined.out_im_reg[0]_i_3_n_0
    SLICE_X35Y18         CARRY4 (Prop_carry4_CI_O[1])
                                                      0.265     6.139 f  u_correct/equalizer/g_pipelined.out_im_reg[0]_i_2/O[1]
                         net (fo=2, routed)           0.488     6.627    u_correct_n_65
    SLICE_X38Y19         LUT1 (Prop_lut1_I0_O)        0.250     6.877 r  g_pipelined.out_im[4]_i_3/O
                         net (fo=1, routed)           0.367     7.245    g_pipelined.out_im[4]_i_3_n_0
    SLICE_X36Y19         CARRY4 (Prop_carry4_CYINIT_CO[3])
                                                      0.494     7.739 r  g_pipelined.out_im_reg[4]_i_2/CO[3]
                         net (fo=1, routed)           0.000     7.739    g_pipelined.out_im_reg[4]_i_2_n_0
    SLICE_X36Y20         CARRY4 (Prop_carry4_CI_CO[3])
                                                      0.100     7.839 r  g_pipelined.out_im_reg[8]_i_2/CO[3]
                         net (fo=1, routed)           0.000     7.839    g_pipelined.out_im_reg[8]_i_2_n_0
    SLICE_X36Y21         CARRY4 (Prop_carry4_CI_CO[3])
                                                      0.100     7.939 r  g_pipelined.out_im_reg[12]_i_2/CO[3]
                         net (fo=1, routed)           0.000     7.939    g_pipelined.out_im_reg[12]_i_2_n_0
    SLICE_X36Y22         CARRY4 (Prop_carry4_CI_O[1])
                                                      0.257     8.196 r  g_pipelined.out_im_reg[15]_i_2/O[1]
                         net (fo=3, routed)           0.668     8.864    u_correct/equalizer/saturate_q151_inferred__1/i__carry_0[1]
    SLICE_X36Y24         LUT5 (Prop_lut5_I1_O)        0.245     9.109 r  u_correct/equalizer/i__carry_i_4__28/O
                         net (fo=1, routed)           0.000     9.109    u_correct/equalizer/i__carry_i_4__28_n_0
    SLICE_X36Y24         CARRY4 (Prop_carry4_S[0]_CO[1])
                                                      0.381     9.490 r  u_correct/equalizer/saturate_q151_inferred__2/i__carry/CO[1]
                         net (fo=18, routed)          0.710    10.200    u_correct/equalizer/saturate_q1510_in
    SLICE_X38Y20         LUT5 (Prop_lut5_I0_O)        0.277    10.477 r  u_correct/equalizer/g_pipelined.out_im[7]_i_1/O
                         net (fo=1, routed)           0.000    10.477    u_correct/equalizer/saturate_q15_return__0[7]
    SLICE_X38Y20         FDRE                                         r  u_correct/equalizer/g_pipelined.out_im_reg[7]/D
  -------------------------------------------------------------------    -------------------

                         (clock clk rise edge)       10.000    10.000 r
                                                      0.000    10.000 r  aclk (IN)
                         net (fo=3656, unset)         1.243    11.243    u_correct/equalizer/aclk
    SLICE_X38Y20         FDRE                                         r  u_correct/equalizer/g_pipelined.out_im_reg[7]/C
                         clock pessimism              0.097    11.340
                         clock uncertainty           -0.035    11.305
    SLICE_X38Y20         FDRE (Setup_fdre_C_D)        0.074    11.379    u_correct/equalizer/g_pipelined.out_im_reg[7]
  -------------------------------------------------------------------
                         required time                         11.379
                         arrival time                         -10.477
  -------------------------------------------------------------------
                         slack                                  0.902

Slack (MET) :             0.914ns  (required time - arrival time)
  Source:                 u_correct/equalizer/g_pipelined.s1_ri_reg/CLK
                            (rising edge-triggered cell DSP48E1 clocked by clk  {rise@0.000ns fall@5.000ns period=10.000ns})
  Destination:            u_correct/equalizer/g_pipelined.out_im_reg[10]/D
                            (rising edge-triggered cell FDRE clocked by clk  {rise@0.000ns fall@5.000ns period=10.000ns})
  Path Group:             clk
  Path Type:              Setup (Max at Slow Process Corner)
  Requirement:            10.000ns  (clk rise@10.000ns - clk rise@0.000ns)
  Data Path Delay:        8.945ns  (logic 5.043ns (56.380%)  route 3.902ns (43.620%))
  Logic Levels:           14  (CARRY4=9 DSP48E1=1 LUT1=2 LUT5=2)
  Clock Path Skew:        -0.136ns (DCD - SCD + CPR)
    Destination Clock Delay (DCD):    1.240ns = ( 11.240 - 10.000 )
    Source Clock Delay      (SCD):    1.473ns
    Clock Pessimism Removal (CPR):    0.097ns
  Clock Uncertainty:      0.035ns  ((TSJ^2 + TIJ^2)^1/2 + DJ) / 2 + PE
    Total System Jitter     (TSJ):    0.071ns
    Total Input Jitter      (TIJ):    0.000ns
    Discrete Jitter          (DJ):    0.000ns
    Phase Error              (PE):    0.000ns

    Location             Delay type                Incr(ns)  Path(ns)    Netlist Resource(s)
  -------------------------------------------------------------------    -------------------
                         (clock clk rise edge)        0.000     0.000 r
                                                      0.000     0.000 r  aclk (IN)
                         net (fo=3656, unset)         1.473     1.473    u_correct/equalizer/aclk
    DSP48_X2Y10          DSP48E1                                      r  u_correct/equalizer/g_pipelined.s1_ri_reg/CLK
  -------------------------------------------------------------------    -------------------
    DSP48_X2Y10          DSP48E1 (Prop_dsp48e1_CLK_P[31])
                                                      0.370     1.843 r  u_correct/equalizer/g_pipelined.s1_ri_reg/P[31]
                         net (fo=2, routed)           0.891     2.734    u_correct/equalizer/g_pipelined.s1_ri_reg_n_74
    DSP48_X2Y7           DSP48E1 (Prop_dsp48e1_C[32]_P[0])
                                                      1.523     4.257 f  u_correct/equalizer/g_pipelined.equalized_im_q29/P[0]
                         net (fo=1, routed)           0.412     4.669    u_correct/equalizer/g_pipelined.equalized_im_q29_n_105
    SLICE_X36Y15         LUT1 (Prop_lut1_I0_O)        0.105     4.774 r  u_correct/equalizer/g_pipelined.out_im[0]_i_18/O
                         net (fo=1, routed)           0.424     5.198    u_correct/equalizer/g_pipelined.out_im[0]_i_18_n_0
    SLICE_X35Y15         CARRY4 (Prop_carry4_CYINIT_CO[3])
                                                      0.480     5.678 r  u_correct/equalizer/g_pipelined.out_im_reg[0]_i_13/CO[3]
                         net (fo=1, routed)           0.000     5.678    u_correct/equalizer/g_pipelined.out_im_reg[0]_i_13_n_0
    SLICE_X35Y16         CARRY4 (Prop_carry4_CI_CO[3])
                                                      0.098     5.776 r  u_correct/equalizer/g_pipelined.out_im_reg[0]_i_8/CO[3]
                         net (fo=1, routed)           0.000     5.776    u_correct/equalizer/g_pipelined.out_im_reg[0]_i_8_n_0
    SLICE_X35Y17         CARRY4 (Prop_carry4_CI_CO[3])
                                                      0.098     5.874 r  u_correct/equalizer/g_pipelined.out_im_reg[0]_i_3/CO[3]
                         net (fo=1, routed)           0.000     5.874    u_correct/equalizer/g_pipelined.out_im_reg[0]_i_3_n_0
    SLICE_X35Y18         CARRY4 (Prop_carry4_CI_O[1])
                                                      0.265     6.139 f  u_correct/equalizer/g_pipelined.out_im_reg[0]_i_2/O[1]
                         net (fo=2, routed)           0.488     6.627    u_correct_n_65
    SLICE_X38Y19         LUT1 (Prop_lut1_I0_O)        0.250     6.877 r  g_pipelined.out_im[4]_i_3/O
                         net (fo=1, routed)           0.367     7.245    g_pipelined.out_im[4]_i_3_n_0
    SLICE_X36Y19         CARRY4 (Prop_carry4_CYINIT_CO[3])
                                                      0.494     7.739 r  g_pipelined.out_im_reg[4]_i_2/CO[3]
                         net (fo=1, routed)           0.000     7.739    g_pipelined.out_im_reg[4]_i_2_n_0
    SLICE_X36Y20         CARRY4 (Prop_carry4_CI_CO[3])
                                                      0.100     7.839 r  g_pipelined.out_im_reg[8]_i_2/CO[3]
                         net (fo=1, routed)           0.000     7.839    g_pipelined.out_im_reg[8]_i_2_n_0
    SLICE_X36Y21         CARRY4 (Prop_carry4_CI_CO[3])
                                                      0.100     7.939 r  g_pipelined.out_im_reg[12]_i_2/CO[3]
                         net (fo=1, routed)           0.000     7.939    g_pipelined.out_im_reg[12]_i_2_n_0
    SLICE_X36Y22         CARRY4 (Prop_carry4_CI_O[1])
                                                      0.257     8.196 r  g_pipelined.out_im_reg[15]_i_2/O[1]
                         net (fo=3, routed)           0.668     8.864    u_correct/equalizer/saturate_q151_inferred__1/i__carry_0[1]
    SLICE_X36Y24         LUT5 (Prop_lut5_I1_O)        0.245     9.109 r  u_correct/equalizer/i__carry_i_4__28/O
                         net (fo=1, routed)           0.000     9.109    u_correct/equalizer/i__carry_i_4__28_n_0
    SLICE_X36Y24         CARRY4 (Prop_carry4_S[0]_CO[1])
                                                      0.381     9.490 r  u_correct/equalizer/saturate_q151_inferred__2/i__carry/CO[1]
                         net (fo=18, routed)          0.651    10.140    u_correct/equalizer/saturate_q1510_in
    SLICE_X40Y21         LUT5 (Prop_lut5_I0_O)        0.277    10.417 r  u_correct/equalizer/g_pipelined.out_im[10]_i_1/O
                         net (fo=1, routed)           0.000    10.417    u_correct/equalizer/saturate_q15_return__0[10]
    SLICE_X40Y21         FDRE                                         r  u_correct/equalizer/g_pipelined.out_im_reg[10]/D
  -------------------------------------------------------------------    -------------------

                         (clock clk rise edge)       10.000    10.000 r
                                                      0.000    10.000 r  aclk (IN)
                         net (fo=3656, unset)         1.240    11.240    u_correct/equalizer/aclk
    SLICE_X40Y21         FDRE                                         r  u_correct/equalizer/g_pipelined.out_im_reg[10]/C
                         clock pessimism              0.097    11.337
                         clock uncertainty           -0.035    11.302
    SLICE_X40Y21         FDRE (Setup_fdre_C_D)        0.030    11.332    u_correct/equalizer/g_pipelined.out_im_reg[10]
  -------------------------------------------------------------------
                         required time                         11.332
                         arrival time                         -10.417
  -------------------------------------------------------------------
                         slack                                  0.914

Slack (MET) :             0.921ns  (required time - arrival time)
  Source:                 u_correct/equalizer/g_pipelined.s1_ri_reg/CLK
                            (rising edge-triggered cell DSP48E1 clocked by clk  {rise@0.000ns fall@5.000ns period=10.000ns})
  Destination:            u_correct/equalizer/g_pipelined.out_im_reg[6]/D
                            (rising edge-triggered cell FDRE clocked by clk  {rise@0.000ns fall@5.000ns period=10.000ns})
  Path Group:             clk
  Path Type:              Setup (Max at Slow Process Corner)
  Requirement:            10.000ns  (clk rise@10.000ns - clk rise@0.000ns)
  Data Path Delay:        8.987ns  (logic 5.043ns (56.117%)  route 3.944ns (43.883%))
  Logic Levels:           14  (CARRY4=9 DSP48E1=1 LUT1=2 LUT5=2)
  Clock Path Skew:        -0.133ns (DCD - SCD + CPR)
    Destination Clock Delay (DCD):    1.243ns = ( 11.243 - 10.000 )
    Source Clock Delay      (SCD):    1.473ns
    Clock Pessimism Removal (CPR):    0.097ns
  Clock Uncertainty:      0.035ns  ((TSJ^2 + TIJ^2)^1/2 + DJ) / 2 + PE
    Total System Jitter     (TSJ):    0.071ns
    Total Input Jitter      (TIJ):    0.000ns
    Discrete Jitter          (DJ):    0.000ns
    Phase Error              (PE):    0.000ns

    Location             Delay type                Incr(ns)  Path(ns)    Netlist Resource(s)
  -------------------------------------------------------------------    -------------------
                         (clock clk rise edge)        0.000     0.000 r
                                                      0.000     0.000 r  aclk (IN)
                         net (fo=3656, unset)         1.473     1.473    u_correct/equalizer/aclk
    DSP48_X2Y10          DSP48E1                                      r  u_correct/equalizer/g_pipelined.s1_ri_reg/CLK
  -------------------------------------------------------------------    -------------------
    DSP48_X2Y10          DSP48E1 (Prop_dsp48e1_CLK_P[31])
                                                      0.370     1.843 r  u_correct/equalizer/g_pipelined.s1_ri_reg/P[31]
                         net (fo=2, routed)           0.891     2.734    u_correct/equalizer/g_pipelined.s1_ri_reg_n_74
    DSP48_X2Y7           DSP48E1 (Prop_dsp48e1_C[32]_P[0])
                                                      1.523     4.257 f  u_correct/equalizer/g_pipelined.equalized_im_q29/P[0]
                         net (fo=1, routed)           0.412     4.669    u_correct/equalizer/g_pipelined.equalized_im_q29_n_105
    SLICE_X36Y15         LUT1 (Prop_lut1_I0_O)        0.105     4.774 r  u_correct/equalizer/g_pipelined.out_im[0]_i_18/O
                         net (fo=1, routed)           0.424     5.198    u_correct/equalizer/g_pipelined.out_im[0]_i_18_n_0
    SLICE_X35Y15         CARRY4 (Prop_carry4_CYINIT_CO[3])
                                                      0.480     5.678 r  u_correct/equalizer/g_pipelined.out_im_reg[0]_i_13/CO[3]
                         net (fo=1, routed)           0.000     5.678    u_correct/equalizer/g_pipelined.out_im_reg[0]_i_13_n_0
    SLICE_X35Y16         CARRY4 (Prop_carry4_CI_CO[3])
                                                      0.098     5.776 r  u_correct/equalizer/g_pipelined.out_im_reg[0]_i_8/CO[3]
                         net (fo=1, routed)           0.000     5.776    u_correct/equalizer/g_pipelined.out_im_reg[0]_i_8_n_0
    SLICE_X35Y17         CARRY4 (Prop_carry4_CI_CO[3])
                                                      0.098     5.874 r  u_correct/equalizer/g_pipelined.out_im_reg[0]_i_3/CO[3]
                         net (fo=1, routed)           0.000     5.874    u_correct/equalizer/g_pipelined.out_im_reg[0]_i_3_n_0
    SLICE_X35Y18         CARRY4 (Prop_carry4_CI_O[1])
                                                      0.265     6.139 f  u_correct/equalizer/g_pipelined.out_im_reg[0]_i_2/O[1]
                         net (fo=2, routed)           0.488     6.627    u_correct_n_65
    SLICE_X38Y19         LUT1 (Prop_lut1_I0_O)        0.250     6.877 r  g_pipelined.out_im[4]_i_3/O
                         net (fo=1, routed)           0.367     7.245    g_pipelined.out_im[4]_i_3_n_0
    SLICE_X36Y19         CARRY4 (Prop_carry4_CYINIT_CO[3])
                                                      0.494     7.739 r  g_pipelined.out_im_reg[4]_i_2/CO[3]
                         net (fo=1, routed)           0.000     7.739    g_pipelined.out_im_reg[4]_i_2_n_0
    SLICE_X36Y20         CARRY4 (Prop_carry4_CI_CO[3])
                                                      0.100     7.839 r  g_pipelined.out_im_reg[8]_i_2/CO[3]
                         net (fo=1, routed)           0.000     7.839    g_pipelined.out_im_reg[8]_i_2_n_0
    SLICE_X36Y21         CARRY4 (Prop_carry4_CI_CO[3])
                                                      0.100     7.939 r  g_pipelined.out_im_reg[12]_i_2/CO[3]
                         net (fo=1, routed)           0.000     7.939    g_pipelined.out_im_reg[12]_i_2_n_0
    SLICE_X36Y22         CARRY4 (Prop_carry4_CI_O[1])
                                                      0.257     8.196 r  g_pipelined.out_im_reg[15]_i_2/O[1]
                         net (fo=3, routed)           0.668     8.864    u_correct/equalizer/saturate_q151_inferred__1/i__carry_0[1]
    SLICE_X36Y24         LUT5 (Prop_lut5_I1_O)        0.245     9.109 r  u_correct/equalizer/i__carry_i_4__28/O
                         net (fo=1, routed)           0.000     9.109    u_correct/equalizer/i__carry_i_4__28_n_0
    SLICE_X36Y24         CARRY4 (Prop_carry4_S[0]_CO[1])
                                                      0.381     9.490 r  u_correct/equalizer/saturate_q151_inferred__2/i__carry/CO[1]
                         net (fo=18, routed)          0.692    10.182    u_correct/equalizer/saturate_q1510_in
    SLICE_X38Y20         LUT5 (Prop_lut5_I0_O)        0.277    10.459 r  u_correct/equalizer/g_pipelined.out_im[6]_i_1/O
                         net (fo=1, routed)           0.000    10.459    u_correct/equalizer/saturate_q15_return__0[6]
    SLICE_X38Y20         FDRE                                         r  u_correct/equalizer/g_pipelined.out_im_reg[6]/D
  -------------------------------------------------------------------    -------------------

                         (clock clk rise edge)       10.000    10.000 r
                                                      0.000    10.000 r  aclk (IN)
                         net (fo=3656, unset)         1.243    11.243    u_correct/equalizer/aclk
    SLICE_X38Y20         FDRE                                         r  u_correct/equalizer/g_pipelined.out_im_reg[6]/C
                         clock pessimism              0.097    11.340
                         clock uncertainty           -0.035    11.305
    SLICE_X38Y20         FDRE (Setup_fdre_C_D)        0.076    11.381    u_correct/equalizer/g_pipelined.out_im_reg[6]
  -------------------------------------------------------------------
                         required time                         11.381
                         arrival time                         -10.459
  -------------------------------------------------------------------
                         slack                                  0.921

Slack (MET) :             1.030ns  (required time - arrival time)
  Source:                 u_correct/equalizer/g_pipelined.s1_ri_reg/CLK
                            (rising edge-triggered cell DSP48E1 clocked by clk  {rise@0.000ns fall@5.000ns period=10.000ns})
  Destination:            u_correct/equalizer/g_pipelined.out_im_reg[0]/D
                            (rising edge-triggered cell FDRE clocked by clk  {rise@0.000ns fall@5.000ns period=10.000ns})
  Path Group:             clk
  Path Type:              Setup (Max at Slow Process Corner)
  Requirement:            10.000ns  (clk rise@10.000ns - clk rise@0.000ns)
  Data Path Delay:        8.877ns  (logic 5.043ns (56.807%)  route 3.834ns (43.193%))
  Logic Levels:           14  (CARRY4=9 DSP48E1=1 LUT1=2 LUT5=2)
  Clock Path Skew:        -0.132ns (DCD - SCD + CPR)
    Destination Clock Delay (DCD):    1.244ns = ( 11.244 - 10.000 )
    Source Clock Delay      (SCD):    1.473ns
    Clock Pessimism Removal (CPR):    0.097ns
  Clock Uncertainty:      0.035ns  ((TSJ^2 + TIJ^2)^1/2 + DJ) / 2 + PE
    Total System Jitter     (TSJ):    0.071ns
    Total Input Jitter      (TIJ):    0.000ns
    Discrete Jitter          (DJ):    0.000ns
    Phase Error              (PE):    0.000ns

    Location             Delay type                Incr(ns)  Path(ns)    Netlist Resource(s)
  -------------------------------------------------------------------    -------------------
                         (clock clk rise edge)        0.000     0.000 r
                                                      0.000     0.000 r  aclk (IN)
                         net (fo=3656, unset)         1.473     1.473    u_correct/equalizer/aclk
    DSP48_X2Y10          DSP48E1                                      r  u_correct/equalizer/g_pipelined.s1_ri_reg/CLK
  -------------------------------------------------------------------    -------------------
    DSP48_X2Y10          DSP48E1 (Prop_dsp48e1_CLK_P[31])
                                                      0.370     1.843 r  u_correct/equalizer/g_pipelined.s1_ri_reg/P[31]
                         net (fo=2, routed)           0.891     2.734    u_correct/equalizer/g_pipelined.s1_ri_reg_n_74
    DSP48_X2Y7           DSP48E1 (Prop_dsp48e1_C[32]_P[0])
                                                      1.523     4.257 f  u_correct/equalizer/g_pipelined.equalized_im_q29/P[0]
                         net (fo=1, routed)           0.412     4.669    u_correct/equalizer/g_pipelined.equalized_im_q29_n_105
    SLICE_X36Y15         LUT1 (Prop_lut1_I0_O)        0.105     4.774 r  u_correct/equalizer/g_pipelined.out_im[0]_i_18/O
                         net (fo=1, routed)           0.424     5.198    u_correct/equalizer/g_pipelined.out_im[0]_i_18_n_0
    SLICE_X35Y15         CARRY4 (Prop_carry4_CYINIT_CO[3])
                                                      0.480     5.678 r  u_correct/equalizer/g_pipelined.out_im_reg[0]_i_13/CO[3]
                         net (fo=1, routed)           0.000     5.678    u_correct/equalizer/g_pipelined.out_im_reg[0]_i_13_n_0
    SLICE_X35Y16         CARRY4 (Prop_carry4_CI_CO[3])
                                                      0.098     5.776 r  u_correct/equalizer/g_pipelined.out_im_reg[0]_i_8/CO[3]
                         net (fo=1, routed)           0.000     5.776    u_correct/equalizer/g_pipelined.out_im_reg[0]_i_8_n_0
    SLICE_X35Y17         CARRY4 (Prop_carry4_CI_CO[3])
                                                      0.098     5.874 r  u_correct/equalizer/g_pipelined.out_im_reg[0]_i_3/CO[3]
                         net (fo=1, routed)           0.000     5.874    u_correct/equalizer/g_pipelined.out_im_reg[0]_i_3_n_0
    SLICE_X35Y18         CARRY4 (Prop_carry4_CI_O[1])
                                                      0.265     6.139 f  u_correct/equalizer/g_pipelined.out_im_reg[0]_i_2/O[1]
                         net (fo=2, routed)           0.488     6.627    u_correct_n_65
    SLICE_X38Y19         LUT1 (Prop_lut1_I0_O)        0.250     6.877 r  g_pipelined.out_im[4]_i_3/O
                         net (fo=1, routed)           0.367     7.245    g_pipelined.out_im[4]_i_3_n_0
    SLICE_X36Y19         CARRY4 (Prop_carry4_CYINIT_CO[3])
                                                      0.494     7.739 r  g_pipelined.out_im_reg[4]_i_2/CO[3]
                         net (fo=1, routed)           0.000     7.739    g_pipelined.out_im_reg[4]_i_2_n_0
    SLICE_X36Y20         CARRY4 (Prop_carry4_CI_CO[3])
                                                      0.100     7.839 r  g_pipelined.out_im_reg[8]_i_2/CO[3]
                         net (fo=1, routed)           0.000     7.839    g_pipelined.out_im_reg[8]_i_2_n_0
    SLICE_X36Y21         CARRY4 (Prop_carry4_CI_CO[3])
                                                      0.100     7.939 r  g_pipelined.out_im_reg[12]_i_2/CO[3]
                         net (fo=1, routed)           0.000     7.939    g_pipelined.out_im_reg[12]_i_2_n_0
    SLICE_X36Y22         CARRY4 (Prop_carry4_CI_O[1])
                                                      0.257     8.196 r  g_pipelined.out_im_reg[15]_i_2/O[1]
                         net (fo=3, routed)           0.668     8.864    u_correct/equalizer/saturate_q151_inferred__1/i__carry_0[1]
    SLICE_X36Y24         LUT5 (Prop_lut5_I1_O)        0.245     9.109 r  u_correct/equalizer/i__carry_i_4__28/O
                         net (fo=1, routed)           0.000     9.109    u_correct/equalizer/i__carry_i_4__28_n_0
    SLICE_X36Y24         CARRY4 (Prop_carry4_S[0]_CO[1])
                                                      0.381     9.490 r  u_correct/equalizer/saturate_q151_inferred__2/i__carry/CO[1]
                         net (fo=18, routed)          0.583    10.073    u_correct/equalizer/saturate_q1510_in
    SLICE_X38Y19         LUT5 (Prop_lut5_I0_O)        0.277    10.350 r  u_correct/equalizer/g_pipelined.out_im[0]_i_1/O
                         net (fo=1, routed)           0.000    10.350    u_correct/equalizer/saturate_q15_return__0[0]
    SLICE_X38Y19         FDRE                                         r  u_correct/equalizer/g_pipelined.out_im_reg[0]/D
  -------------------------------------------------------------------    -------------------

                         (clock clk rise edge)       10.000    10.000 r
                                                      0.000    10.000 r  aclk (IN)
                         net (fo=3656, unset)         1.244    11.244    u_correct/equalizer/aclk
    SLICE_X38Y19         FDRE                                         r  u_correct/equalizer/g_pipelined.out_im_reg[0]/C
                         clock pessimism              0.097    11.341
                         clock uncertainty           -0.035    11.306
    SLICE_X38Y19         FDRE (Setup_fdre_C_D)        0.074    11.380    u_correct/equalizer/g_pipelined.out_im_reg[0]
  -------------------------------------------------------------------
                         required time                         11.380
                         arrival time                         -10.350
  -------------------------------------------------------------------
                         slack                                  1.030





Pulse Width Checks
--------------------------------------------------------------------------------------
Clock Name:         clk
Waveform(ns):       { 0.000 5.000 }
Period(ns):         10.000
Sources:            { aclk }

Check Type        Corner  Lib Pin      Reference Pin  Required(ns)  Actual(ns)  Slack(ns)  Location      Pin
Min Period        n/a     DSP48E1/CLK  n/a            3.272         10.000      6.728      DSP48_X0Y11   g_cfo.u_cfo/g_x_reg/CLK
Min Period        n/a     DSP48E1/CLK  n/a            3.272         10.000      6.728      DSP48_X0Y16   g_cfo.u_cfo/g_y_reg/CLK
Min Period        n/a     DSP48E1/CLK  n/a            3.272         10.000      6.728      DSP48_X2Y15   g_cfo.u_cfo/m_rr_reg/CLK
Min Period        n/a     DSP48E1/CLK  n/a            3.272         10.000      6.728      DSP48_X0Y13   g_cfo.u_cfo/r1/CLK
Min Period        n/a     DSP48E1/CLK  n/a            3.272         10.000      6.728      DSP48_X0Y15   g_cfo.u_cfo/r1__0/CLK
Min Period        n/a     DSP48E1/CLK  n/a            3.272         10.000      6.728      DSP48_X0Y12   g_cfo.u_cfo/r2/CLK
Min Period        n/a     DSP48E1/CLK  n/a            3.272         10.000      6.728      DSP48_X0Y17   g_cfo.u_cfo/r2__0/CLK
Min Period        n/a     DSP48E1/CLK  n/a            3.272         10.000      6.728      DSP48_X0Y3    g_channel_eq.u_channel_eq/s1_ir_reg/CLK
Min Period        n/a     DSP48E1/CLK  n/a            3.272         10.000      6.728      DSP48_X0Y2    g_channel_eq.u_channel_eq/s1_rr_reg/CLK
Min Period        n/a     DSP48E1/CLK  n/a            3.272         10.000      6.728      DSP48_X1Y1    u_fft/normalized_ifft/butterfly/g_pipelined.s1_ri_reg/CLK
Low Pulse Width   Slow    RAMD64E/CLK  n/a            1.130         5.000       3.870      SLICE_X22Y25  g_cfo.u_cfo/buffer_reg_r1_0_63_0_2/RAMA/CLK
Low Pulse Width   Fast    RAMD64E/CLK  n/a            1.130         5.000       3.870      SLICE_X22Y25  g_cfo.u_cfo/buffer_reg_r1_0_63_0_2/RAMA/CLK
Low Pulse Width   Slow    RAMD64E/CLK  n/a            1.130         5.000       3.870      SLICE_X22Y25  g_cfo.u_cfo/buffer_reg_r1_0_63_0_2/RAMB/CLK
Low Pulse Width   Fast    RAMD64E/CLK  n/a            1.130         5.000       3.870      SLICE_X22Y25  g_cfo.u_cfo/buffer_reg_r1_0_63_0_2/RAMB/CLK
Low Pulse Width   Slow    RAMD64E/CLK  n/a            1.130         5.000       3.870      SLICE_X22Y25  g_cfo.u_cfo/buffer_reg_r1_0_63_0_2/RAMC/CLK
Low Pulse Width   Fast    RAMD64E/CLK  n/a            1.130         5.000       3.870      SLICE_X22Y25  g_cfo.u_cfo/buffer_reg_r1_0_63_0_2/RAMC/CLK
Low Pulse Width   Slow    RAMD64E/CLK  n/a            1.130         5.000       3.870      SLICE_X22Y25  g_cfo.u_cfo/buffer_reg_r1_0_63_0_2/RAMD/CLK
Low Pulse Width   Fast    RAMD64E/CLK  n/a            1.130         5.000       3.870      SLICE_X22Y25  g_cfo.u_cfo/buffer_reg_r1_0_63_0_2/RAMD/CLK
Low Pulse Width   Slow    RAMD64E/CLK  n/a            1.130         5.000       3.870      SLICE_X32Y30  g_cfo.u_cfo/buffer_reg_r1_0_63_12_14/RAMA/CLK
Low Pulse Width   Fast    RAMD64E/CLK  n/a            1.130         5.000       3.870      SLICE_X32Y30  g_cfo.u_cfo/buffer_reg_r1_0_63_12_14/RAMA/CLK
High Pulse Width  Slow    RAMD64E/CLK  n/a            1.130         5.000       3.870      SLICE_X22Y25  g_cfo.u_cfo/buffer_reg_r1_0_63_0_2/RAMA/CLK
High Pulse Width  Fast    RAMD64E/CLK  n/a            1.130         5.000       3.870      SLICE_X22Y25  g_cfo.u_cfo/buffer_reg_r1_0_63_0_2/RAMA/CLK
High Pulse Width  Slow    RAMD64E/CLK  n/a            1.130         5.000       3.870      SLICE_X22Y25  g_cfo.u_cfo/buffer_reg_r1_0_63_0_2/RAMB/CLK
High Pulse Width  Fast    RAMD64E/CLK  n/a            1.130         5.000       3.870      SLICE_X22Y25  g_cfo.u_cfo/buffer_reg_r1_0_63_0_2/RAMB/CLK
High Pulse Width  Slow    RAMD64E/CLK  n/a            1.130         5.000       3.870      SLICE_X22Y25  g_cfo.u_cfo/buffer_reg_r1_0_63_0_2/RAMC/CLK
High Pulse Width  Fast    RAMD64E/CLK  n/a            1.130         5.000       3.870      SLICE_X22Y25  g_cfo.u_cfo/buffer_reg_r1_0_63_0_2/RAMC/CLK
High Pulse Width  Slow    RAMD64E/CLK  n/a            1.130         5.000       3.870      SLICE_X22Y25  g_cfo.u_cfo/buffer_reg_r1_0_63_0_2/RAMD/CLK
High Pulse Width  Fast    RAMD64E/CLK  n/a            1.130         5.000       3.870      SLICE_X22Y25  g_cfo.u_cfo/buffer_reg_r1_0_63_0_2/RAMD/CLK
High Pulse Width  Slow    RAMD64E/CLK  n/a            1.130         5.000       3.870      SLICE_X32Y30  g_cfo.u_cfo/buffer_reg_r1_0_63_12_14/RAMA/CLK
High Pulse Width  Fast    RAMD64E/CLK  n/a            1.130         5.000       3.870      SLICE_X32Y30  g_cfo.u_cfo/buffer_reg_r1_0_63_12_14/RAMA/CLK
