Copyright 1986-2021 Xilinx, Inc. All Rights Reserved.
----------------------------------------------------------------------------------------------------------------------------------------------------------------------------------------------------
| Tool Version : Vivado v.2021.1 (win64) Build 3247384 Thu Jun 10 19:36:33 MDT 2021
| Date         : normalized
| Host         : normalized
| Command      : report_timing_summary -delay_type max -max_paths 10 -file <output_dir>/ofdm_channel_equalizer_post_route_timing_summary.rpt
| Design       : ofdm_channel_equalizer
| Device       : 7z020-clg400
| Speed File   : -2  PRODUCTION 1.12 2019-11-22
----------------------------------------------------------------------------------------------------------------------------------------------------------------------------------------------------

Timing Summary Report

------------------------------------------------------------------------------------------------
| Timer Settings
| --------------
------------------------------------------------------------------------------------------------

  Enable Multi Corner Analysis               :  Yes
  Enable Pessimism Removal                   :  Yes
  Pessimism Removal Resolution               :  Nearest Common Node
  Enable Input Delay Default Clock           :  No
  Enable Preset / Clear Arcs                 :  No
  Disable Flight Delays                      :  No
  Ignore I/O Paths                           :  No
  Timing Early Launch at Borrowing Latches   :  No
  Borrow Time for Max Delay Exceptions       :  Yes
  Merge Timing Exceptions                    :  Yes

  Corner  Analyze    Analyze
  Name    Max Paths  Min Paths
  ------  ---------  ---------
  Slow    Yes        Yes
  Fast    Yes        Yes


------------------------------------------------------------------------------------------------
| Report Methodology
| ------------------
------------------------------------------------------------------------------------------------

No report available as report_methodology has not been run prior. Run report_methodology on the current design for the summary of methodology violations.



check_timing report

Table of Contents
-----------------
1. checking no_clock (0)
2. checking constant_clock (0)
3. checking pulse_width_clock (0)
4. checking unconstrained_internal_endpoints (0)
5. checking no_input_delay (0)
6. checking no_output_delay (0)
7. checking multiple_clock (0)
8. checking generated_clocks (0)
9. checking loops (0)
10. checking partial_input_delay (0)
11. checking partial_output_delay (0)
12. checking latch_loops (0)

1. checking no_clock (0)
------------------------
 There are 0 register/latch pins with no clock.


2. checking constant_clock (0)
------------------------------
 There are 0 register/latch pins with constant_clock.


3. checking pulse_width_clock (0)
---------------------------------
 There are 0 register/latch pins which need pulse_width check


4. checking unconstrained_internal_endpoints (0)
------------------------------------------------
 There are 0 pins that are not constrained for maximum delay.

 There are 0 pins that are not constrained for maximum delay due to constant clock.


5. checking no_input_delay (0)
------------------------------
 There are 0 input ports with no input delay specified.

 There are 0 input ports with no input delay but user has a false path constraint.


6. checking no_output_delay (0)
-------------------------------
 There are 0 ports with no output delay specified.

 There are 0 ports with no output delay but user has a false path constraint

 There are 0 ports with no output delay but with a timing clock defined on it or propagating through it


7. checking multiple_clock (0)
------------------------------
 There are 0 register/latch pins with multiple clocks.


8. checking generated_clocks (0)
--------------------------------
 There are 0 generated clocks that are not connected to a clock source.


9. checking loops (0)
---------------------
 There are 0 combinational loops in the design.


10. checking partial_input_delay (0)
------------------------------------
 There are 0 input ports with partial input delay specified.


11. checking partial_output_delay (0)
-------------------------------------
 There are 0 ports with partial output delay specified.


12. checking latch_loops (0)
----------------------------
 There are 0 combinational latch loops in the design through latch input



------------------------------------------------------------------------------------------------
| Design Timing Summary
| ---------------------
------------------------------------------------------------------------------------------------

    WNS(ns)      TNS(ns)  TNS Failing Endpoints  TNS Total Endpoints     WPWS(ns)     TPWS(ns)  TPWS Failing Endpoints  TPWS Total Endpoints
    -------      -------  ---------------------  -------------------     --------     --------  ----------------------  --------------------
      0.962        0.000                      0                  693        4.500        0.000                       0                   149


All user specified timing constraints are met.


------------------------------------------------------------------------------------------------
| Clock Summary
| -------------
------------------------------------------------------------------------------------------------

Clock  Waveform(ns)       Period(ns)      Frequency(MHz)
-----  ------------       ----------      --------------
clk    {0.000 5.000}      10.000          100.000


------------------------------------------------------------------------------------------------
| Intra Clock Table
| -----------------
------------------------------------------------------------------------------------------------

Clock             WNS(ns)      TNS(ns)  TNS Failing Endpoints  TNS Total Endpoints     WPWS(ns)     TPWS(ns)  TPWS Failing Endpoints  TPWS Total Endpoints
-----             -------      -------  ---------------------  -------------------     --------     --------  ----------------------  --------------------
clk                 0.962        0.000                      0                  693        4.500        0.000                       0                   149


------------------------------------------------------------------------------------------------
| Inter Clock Table
| -----------------
------------------------------------------------------------------------------------------------

From Clock    To Clock          WNS(ns)      TNS(ns)  TNS Failing Endpoints  TNS Total Endpoints
----------    --------          -------      -------  ---------------------  -------------------


------------------------------------------------------------------------------------------------
| Other Path Groups Table
| -----------------------
------------------------------------------------------------------------------------------------

Path Group    From Clock    To Clock          WNS(ns)      TNS(ns)  TNS Failing Endpoints  TNS Total Endpoints
----------    ----------    --------          -------      -------  ---------------------  -------------------


------------------------------------------------------------------------------------------------
| Timing Details
| --------------
------------------------------------------------------------------------------------------------


---------------------------------------------------------------------------------------------------
From Clock:  clk
  To Clock:  clk

Setup :            0  Failing Endpoints,  Worst Slack        0.962ns,  Total Violation        0.000ns
Hold  :           NA  Failing Endpoints,  Worst Slack           NA  ,  Total Violation           NA
PW    :            0  Failing Endpoints,  Worst Slack        4.500ns,  Total Violation        0.000ns
---------------------------------------------------------------------------------------------------


Max Delay Paths
--------------------------------------------------------------------------------------
Slack (MET) :             0.962ns  (required time - arrival time)
  Source:                 s1_ir_reg/CLK
                            (rising edge-triggered cell DSP48E1 clocked by clk  {rise@0.000ns fall@5.000ns period=10.000ns})
  Destination:            saturation_pending_reg[1]/D
                            (rising edge-triggered cell FDRE clocked by clk  {rise@0.000ns fall@5.000ns period=10.000ns})
  Path Group:             clk
  Path Type:              Setup (Max at Slow Process Corner)
  Requirement:            10.000ns  (clk rise@10.000ns - clk rise@0.000ns)
  Data Path Delay:        8.934ns  (logic 5.144ns (57.577%)  route 3.790ns (42.423%))
  Logic Levels:           15  (CARRY4=10 DSP48E1=1 LUT1=2 LUT5=1 LUT6=1)
  Clock Path Skew:        -0.141ns (DCD - SCD + CPR)
    Destination Clock Delay (DCD):    1.319ns = ( 11.319 - 10.000 )
    Source Clock Delay      (SCD):    1.557ns
    Clock Pessimism Removal (CPR):    0.097ns
  Clock Uncertainty:      0.035ns  ((TSJ^2 + TIJ^2)^1/2 + DJ) / 2 + PE
    Total System Jitter     (TSJ):    0.071ns
    Total Input Jitter      (TIJ):    0.000ns
    Discrete Jitter          (DJ):    0.000ns
    Phase Error              (PE):    0.000ns

    Location             Delay type                Incr(ns)  Path(ns)    Netlist Resource(s)
  -------------------------------------------------------------------    -------------------
                         (clock clk rise edge)        0.000     0.000 r
                                                      0.000     0.000 r  clk (IN)
                         net (fo=148, unset)          1.557     1.557    clk
    DSP48_X0Y6           DSP48E1                                      r  s1_ir_reg/CLK
  -------------------------------------------------------------------    -------------------
    DSP48_X0Y6           DSP48E1 (Prop_dsp48e1_CLK_P[33])
                                                      0.370     1.927 r  s1_ir_reg/P[33]
                         net (fo=2, routed)           0.499     2.425    s1_ir_reg_n_72
    DSP48_X0Y7           DSP48E1 (Prop_dsp48e1_C[34]_P[0])
                                                      1.523     3.948 f  z_im/P[0]
                         net (fo=1, routed)           0.617     4.566    z_im_n_105
    SLICE_X11Y11         LUT1 (Prop_lut1_I0_O)        0.105     4.671 r  out_im[0]_i_3/O
                         net (fo=1, routed)           0.272     4.943    out_im[0]_i_3_n_0
    SLICE_X8Y11          CARRY4 (Prop_carry4_CYINIT_CO[3])
                                                      0.494     5.437 r  out_im_reg[0]_i_2/CO[3]
                         net (fo=1, routed)           0.000     5.437    out_im_reg[0]_i_2_n_0
    SLICE_X8Y12          CARRY4 (Prop_carry4_CI_O[0])
                                                      0.178     5.615 f  out_im_reg[4]_i_8/O[0]
                         net (fo=1, routed)           0.488     6.103    out_im_reg[4]_i_8_n_7
    SLICE_X9Y12          LUT1 (Prop_lut1_I0_O)        0.238     6.341 r  out_im[4]_i_7/O
                         net (fo=1, routed)           0.000     6.341    out_im[4]_i_7_n_0
    SLICE_X9Y12          CARRY4 (Prop_carry4_S[0]_CO[3])
                                                      0.440     6.781 r  out_im_reg[4]_i_2/CO[3]
                         net (fo=1, routed)           0.000     6.781    out_im_reg[4]_i_2_n_0
    SLICE_X9Y13          CARRY4 (Prop_carry4_CI_CO[3])
                                                      0.098     6.879 r  out_im_reg[8]_i_2/CO[3]
                         net (fo=1, routed)           0.000     6.879    out_im_reg[8]_i_2_n_0
    SLICE_X9Y14          CARRY4 (Prop_carry4_CI_CO[3])
                                                      0.098     6.977 r  out_im_reg[12]_i_2/CO[3]
                         net (fo=1, routed)           0.000     6.977    out_im_reg[12]_i_2_n_0
    SLICE_X9Y15          CARRY4 (Prop_carry4_CI_CO[3])
                                                      0.098     7.075 r  out_im_reg[15]_i_3/CO[3]
                         net (fo=1, routed)           0.000     7.075    out_im_reg[15]_i_3_n_0
    SLICE_X9Y16          CARRY4 (Prop_carry4_CI_CO[3])
                                                      0.098     7.173 r  out_im_reg[15]_i_69/CO[3]
                         net (fo=1, routed)           0.000     7.173    out_im_reg[15]_i_69_n_0
    SLICE_X9Y17          CARRY4 (Prop_carry4_CI_O[3])
                                                      0.260     7.433 f  out_im_reg[15]_i_57/O[3]
                         net (fo=4, routed)           0.694     8.126    out_im_reg[15]_i_57_n_4
    SLICE_X6Y18          LUT5 (Prop_lut5_I0_O)        0.257     8.383 r  out_im[15]_i_40/O
                         net (fo=1, routed)           0.000     8.383    out_im[15]_i_40_n_0
    SLICE_X6Y18          CARRY4 (Prop_carry4_S[1]_CO[3])
                                                      0.444     8.827 r  out_im_reg[15]_i_16/CO[3]
                         net (fo=1, routed)           0.000     8.827    out_im_reg[15]_i_16_n_0
    SLICE_X6Y19          CARRY4 (Prop_carry4_CI_CO[2])
                                                      0.191     9.018 r  out_im_reg[15]_i_5/CO[2]
                         net (fo=18, routed)          1.220    10.239    is_sat_return00_in
    SLICE_X18Y18         LUT6 (Prop_lut6_I2_O)        0.252    10.491 r  saturation_pending[1]_i_1/O
                         net (fo=1, routed)           0.000    10.491    saturation_pending[1]_i_1_n_0
    SLICE_X18Y18         FDRE                                         r  saturation_pending_reg[1]/D
  -------------------------------------------------------------------    -------------------

                         (clock clk rise edge)       10.000    10.000 r
                                                      0.000    10.000 r  clk (IN)
                         net (fo=148, unset)          1.319    11.319    clk
    SLICE_X18Y18         FDRE                                         r  saturation_pending_reg[1]/C
                         clock pessimism              0.097    11.416
                         clock uncertainty           -0.035    11.381
    SLICE_X18Y18         FDRE (Setup_fdre_C_D)        0.072    11.453    saturation_pending_reg[1]
  -------------------------------------------------------------------
                         required time                         11.453
                         arrival time                         -10.491
  -------------------------------------------------------------------
                         slack                                  0.962

Slack (MET) :             0.963ns  (required time - arrival time)
  Source:                 s1_rr_reg/CLK
                            (rising edge-triggered cell DSP48E1 clocked by clk  {rise@0.000ns fall@5.000ns period=10.000ns})
  Destination:            out_re_reg[0]/D
                            (rising edge-triggered cell FDRE clocked by clk  {rise@0.000ns fall@5.000ns period=10.000ns})
  Path Group:             clk
  Path Type:              Setup (Max at Slow Process Corner)
  Requirement:            10.000ns  (clk rise@10.000ns - clk rise@0.000ns)
  Data Path Delay:        8.891ns  (logic 5.232ns (58.848%)  route 3.659ns (41.152%))
  Logic Levels:           15  (CARRY4=10 DSP48E1=1 LUT1=2 LUT5=2)
  Clock Path Skew:        -0.141ns (DCD - SCD + CPR)
    Destination Clock Delay (DCD):    1.318ns = ( 11.318 - 10.000 )
    Source Clock Delay      (SCD):    1.556ns
    Clock Pessimism Removal (CPR):    0.097ns
  Clock Uncertainty:      0.035ns  ((TSJ^2 + TIJ^2)^1/2 + DJ) / 2 + PE
    Total System Jitter     (TSJ):    0.071ns
    Total Input Jitter      (TIJ):    0.000ns
    Discrete Jitter          (DJ):    0.000ns
    Phase Error              (PE):    0.000ns

    Location             Delay type                Incr(ns)  Path(ns)    Netlist Resource(s)
  -------------------------------------------------------------------    -------------------
                         (clock clk rise edge)        0.000     0.000 r
                                                      0.000     0.000 r  clk (IN)
                         net (fo=148, unset)          1.556     1.556    clk
    DSP48_X1Y6           DSP48E1                                      r  s1_rr_reg/CLK
  -------------------------------------------------------------------    -------------------
    DSP48_X1Y6           DSP48E1 (Prop_dsp48e1_CLK_P[33])
                                                      0.370     1.926 r  s1_rr_reg/P[33]
                         net (fo=2, routed)           0.499     2.424    s1_rr_reg_n_72
    DSP48_X1Y7           DSP48E1 (Prop_dsp48e1_C[34]_P[0])
                                                      1.523     3.947 f  z_re/P[0]
                         net (fo=1, routed)           0.582     4.529    z_re_n_105
    SLICE_X23Y14         LUT1 (Prop_lut1_I0_O)        0.105     4.634 r  out_re[0]_i_3/O
                         net (fo=1, routed)           0.393     5.028    out_re[0]_i_3_n_0
    SLICE_X21Y13         CARRY4 (Prop_carry4_CYINIT_CO[3])
                                                      0.480     5.508 r  out_re_reg[0]_i_2/CO[3]
                         net (fo=1, routed)           0.000     5.508    out_re_reg[0]_i_2_n_0
    SLICE_X21Y14         CARRY4 (Prop_carry4_CI_CO[3])
                                                      0.098     5.606 r  out_re_reg[4]_i_8/CO[3]
                         net (fo=1, routed)           0.000     5.606    out_re_reg[4]_i_8_n_0
    SLICE_X21Y15         CARRY4 (Prop_carry4_CI_CO[3])
                                                      0.098     5.704 r  out_re_reg[8]_i_7/CO[3]
                         net (fo=1, routed)           0.000     5.704    out_re_reg[8]_i_7_n_0
    SLICE_X21Y16         CARRY4 (Prop_carry4_CI_O[1])
                                                      0.265     5.969 f  out_re_reg[12]_i_7/O[1]
                         net (fo=1, routed)           0.462     6.431    rounded2[14]
    SLICE_X22Y16         LUT1 (Prop_lut1_I0_O)        0.250     6.681 r  out_re[12]_i_5/O
                         net (fo=1, routed)           0.000     6.681    out_re[12]_i_5_n_0
    SLICE_X22Y16         CARRY4 (Prop_carry4_S[1]_CO[3])
                                                      0.444     7.125 r  out_re_reg[12]_i_2/CO[3]
                         net (fo=1, routed)           0.000     7.125    out_re_reg[12]_i_2_n_0
    SLICE_X22Y17         CARRY4 (Prop_carry4_CI_CO[3])
                                                      0.100     7.225 r  out_re_reg[15]_i_4/CO[3]
                         net (fo=1, routed)           0.000     7.225    out_re_reg[15]_i_4_n_0
    SLICE_X22Y18         CARRY4 (Prop_carry4_CI_CO[3])
                                                      0.100     7.325 r  out_re_reg[15]_i_70/CO[3]
                         net (fo=1, routed)           0.000     7.325    out_re_reg[15]_i_70_n_0
    SLICE_X22Y19         CARRY4 (Prop_carry4_CI_O[3])
                                                      0.262     7.587 f  out_re_reg[15]_i_58/O[3]
                         net (fo=4, routed)           0.752     8.339    rounded0[24]
    SLICE_X18Y21         LUT5 (Prop_lut5_I0_O)        0.250     8.589 r  out_re[15]_i_41/O
                         net (fo=1, routed)           0.000     8.589    out_re[15]_i_41_n_0
    SLICE_X18Y21         CARRY4 (Prop_carry4_S[1]_CO[3])
                                                      0.444     9.033 r  out_re_reg[15]_i_17/CO[3]
                         net (fo=1, routed)           0.000     9.033    out_re_reg[15]_i_17_n_0
    SLICE_X18Y22         CARRY4 (Prop_carry4_CI_CO[2])
                                                      0.191     9.224 r  out_re_reg[15]_i_6/CO[2]
                         net (fo=18, routed)          0.971    10.194    is_sat_return02_in
    SLICE_X23Y14         LUT5 (Prop_lut5_I0_O)        0.252    10.446 r  out_re[0]_i_1/O
                         net (fo=1, routed)           0.000    10.446    round_sat_return[0]
    SLICE_X23Y14         FDRE                                         r  out_re_reg[0]/D
  -------------------------------------------------------------------    -------------------

                         (clock clk rise edge)       10.000    10.000 r
                                                      0.000    10.000 r  clk (IN)
                         net (fo=148, unset)          1.318    11.318    clk
    SLICE_X23Y14         FDRE                                         r  out_re_reg[0]/C
                         clock pessimism              0.097    11.415
                         clock uncertainty           -0.035    11.380
    SLICE_X23Y14         FDRE (Setup_fdre_C_D)        0.030    11.410    out_re_reg[0]
  -------------------------------------------------------------------
                         required time                         11.410
                         arrival time                         -10.446
  -------------------------------------------------------------------
                         slack                                  0.963

Slack (MET) :             1.099ns  (required time - arrival time)
  Source:                 s1_rr_reg/CLK
                            (rising edge-triggered cell DSP48E1 clocked by clk  {rise@0.000ns fall@5.000ns period=10.000ns})
  Destination:            out_re_reg[1]/D
                            (rising edge-triggered cell FDRE clocked by clk  {rise@0.000ns fall@5.000ns period=10.000ns})
  Path Group:             clk
  Path Type:              Setup (Max at Slow Process Corner)
  Requirement:            10.000ns  (clk rise@10.000ns - clk rise@0.000ns)
  Data Path Delay:        8.757ns  (logic 5.232ns (59.743%)  route 3.525ns (40.257%))
  Logic Levels:           15  (CARRY4=10 DSP48E1=1 LUT1=2 LUT5=2)
  Clock Path Skew:        -0.141ns (DCD - SCD + CPR)
    Destination Clock Delay (DCD):    1.318ns = ( 11.318 - 10.000 )
    Source Clock Delay      (SCD):    1.556ns
    Clock Pessimism Removal (CPR):    0.097ns
  Clock Uncertainty:      0.035ns  ((TSJ^2 + TIJ^2)^1/2 + DJ) / 2 + PE
    Total System Jitter     (TSJ):    0.071ns
    Total Input Jitter      (TIJ):    0.000ns
    Discrete Jitter          (DJ):    0.000ns
    Phase Error              (PE):    0.000ns

    Location             Delay type                Incr(ns)  Path(ns)    Netlist Resource(s)
  -------------------------------------------------------------------    -------------------
                         (clock clk rise edge)        0.000     0.000 r
                                                      0.000     0.000 r  clk (IN)
                         net (fo=148, unset)          1.556     1.556    clk
    DSP48_X1Y6           DSP48E1                                      r  s1_rr_reg/CLK
  -------------------------------------------------------------------    -------------------
    DSP48_X1Y6           DSP48E1 (Prop_dsp48e1_CLK_P[33])
                                                      0.370     1.926 r  s1_rr_reg/P[33]
                         net (fo=2, routed)           0.499     2.424    s1_rr_reg_n_72
    DSP48_X1Y7           DSP48E1 (Prop_dsp48e1_C[34]_P[0])
                                                      1.523     3.947 f  z_re/P[0]
                         net (fo=1, routed)           0.582     4.529    z_re_n_105
    SLICE_X23Y14         LUT1 (Prop_lut1_I0_O)        0.105     4.634 r  out_re[0]_i_3/O
                         net (fo=1, routed)           0.393     5.028    out_re[0]_i_3_n_0
    SLICE_X21Y13         CARRY4 (Prop_carry4_CYINIT_CO[3])
                                                      0.480     5.508 r  out_re_reg[0]_i_2/CO[3]
                         net (fo=1, routed)           0.000     5.508    out_re_reg[0]_i_2_n_0
    SLICE_X21Y14         CARRY4 (Prop_carry4_CI_CO[3])
                                                      0.098     5.606 r  out_re_reg[4]_i_8/CO[3]
                         net (fo=1, routed)           0.000     5.606    out_re_reg[4]_i_8_n_0
    SLICE_X21Y15         CARRY4 (Prop_carry4_CI_CO[3])
                                                      0.098     5.704 r  out_re_reg[8]_i_7/CO[3]
                         net (fo=1, routed)           0.000     5.704    out_re_reg[8]_i_7_n_0
    SLICE_X21Y16         CARRY4 (Prop_carry4_CI_O[1])
                                                      0.265     5.969 f  out_re_reg[12]_i_7/O[1]
                         net (fo=1, routed)           0.462     6.431    rounded2[14]
    SLICE_X22Y16         LUT1 (Prop_lut1_I0_O)        0.250     6.681 r  out_re[12]_i_5/O
                         net (fo=1, routed)           0.000     6.681    out_re[12]_i_5_n_0
    SLICE_X22Y16         CARRY4 (Prop_carry4_S[1]_CO[3])
                                                      0.444     7.125 r  out_re_reg[12]_i_2/CO[3]
                         net (fo=1, routed)           0.000     7.125    out_re_reg[12]_i_2_n_0
    SLICE_X22Y17         CARRY4 (Prop_carry4_CI_CO[3])
                                                      0.100     7.225 r  out_re_reg[15]_i_4/CO[3]
                         net (fo=1, routed)           0.000     7.225    out_re_reg[15]_i_4_n_0
    SLICE_X22Y18         CARRY4 (Prop_carry4_CI_CO[3])
                                                      0.100     7.325 r  out_re_reg[15]_i_70/CO[3]
                         net (fo=1, routed)           0.000     7.325    out_re_reg[15]_i_70_n_0
    SLICE_X22Y19         CARRY4 (Prop_carry4_CI_O[3])
                                                      0.262     7.587 f  out_re_reg[15]_i_58/O[3]
                         net (fo=4, routed)           0.752     8.339    rounded0[24]
    SLICE_X18Y21         LUT5 (Prop_lut5_I0_O)        0.250     8.589 r  out_re[15]_i_41/O
                         net (fo=1, routed)           0.000     8.589    out_re[15]_i_41_n_0
    SLICE_X18Y21         CARRY4 (Prop_carry4_S[1]_CO[3])
                                                      0.444     9.033 r  out_re_reg[15]_i_17/CO[3]
                         net (fo=1, routed)           0.000     9.033    out_re_reg[15]_i_17_n_0
    SLICE_X18Y22         CARRY4 (Prop_carry4_CI_CO[2])
                                                      0.191     9.224 r  out_re_reg[15]_i_6/CO[2]
                         net (fo=18, routed)          0.837    10.061    is_sat_return02_in
    SLICE_X23Y14         LUT5 (Prop_lut5_I0_O)        0.252    10.313 r  out_re[1]_i_1/O
                         net (fo=1, routed)           0.000    10.313    round_sat_return[1]
    SLICE_X23Y14         FDRE                                         r  out_re_reg[1]/D
  -------------------------------------------------------------------    -------------------

                         (clock clk rise edge)       10.000    10.000 r
                                                      0.000    10.000 r  clk (IN)
                         net (fo=148, unset)          1.318    11.318    clk
    SLICE_X23Y14         FDRE                                         r  out_re_reg[1]/C
                         clock pessimism              0.097    11.415
                         clock uncertainty           -0.035    11.380
    SLICE_X23Y14         FDRE (Setup_fdre_C_D)        0.032    11.412    out_re_reg[1]
  -------------------------------------------------------------------
                         required time                         11.412
                         arrival time                         -10.313
  -------------------------------------------------------------------
                         slack                                  1.099

Slack (MET) :             1.136ns  (required time - arrival time)
  Source:                 s1_rr_reg/CLK
                            (rising edge-triggered cell DSP48E1 clocked by clk  {rise@0.000ns fall@5.000ns period=10.000ns})
  Destination:            saturation_pending_reg[0]/D
                            (rising edge-triggered cell FDRE clocked by clk  {rise@0.000ns fall@5.000ns period=10.000ns})
  Path Group:             clk
  Path Type:              Setup (Max at Slow Process Corner)
  Requirement:            10.000ns  (clk rise@10.000ns - clk rise@0.000ns)
  Data Path Delay:        8.765ns  (logic 5.232ns (59.693%)  route 3.533ns (40.307%))
  Logic Levels:           15  (CARRY4=10 DSP48E1=1 LUT1=2 LUT5=1 LUT6=1)
  Clock Path Skew:        -0.140ns (DCD - SCD + CPR)
    Destination Clock Delay (DCD):    1.319ns = ( 11.319 - 10.000 )
    Source Clock Delay      (SCD):    1.556ns
    Clock Pessimism Removal (CPR):    0.097ns
  Clock Uncertainty:      0.035ns  ((TSJ^2 + TIJ^2)^1/2 + DJ) / 2 + PE
    Total System Jitter     (TSJ):    0.071ns
    Total Input Jitter      (TIJ):    0.000ns
    Discrete Jitter          (DJ):    0.000ns
    Phase Error              (PE):    0.000ns

    Location             Delay type                Incr(ns)  Path(ns)    Netlist Resource(s)
  -------------------------------------------------------------------    -------------------
                         (clock clk rise edge)        0.000     0.000 r
                                                      0.000     0.000 r  clk (IN)
                         net (fo=148, unset)          1.556     1.556    clk
    DSP48_X1Y6           DSP48E1                                      r  s1_rr_reg/CLK
  -------------------------------------------------------------------    -------------------
    DSP48_X1Y6           DSP48E1 (Prop_dsp48e1_CLK_P[33])
                                                      0.370     1.926 r  s1_rr_reg/P[33]
                         net (fo=2, routed)           0.499     2.424    s1_rr_reg_n_72
    DSP48_X1Y7           DSP48E1 (Prop_dsp48e1_C[34]_P[0])
                                                      1.523     3.947 f  z_re/P[0]
                         net (fo=1, routed)           0.582     4.529    z_re_n_105
    SLICE_X23Y14         LUT1 (Prop_lut1_I0_O)        0.105     4.634 r  out_re[0]_i_3/O
                         net (fo=1, routed)           0.393     5.028    out_re[0]_i_3_n_0
    SLICE_X21Y13         CARRY4 (Prop_carry4_CYINIT_CO[3])
                                                      0.480     5.508 r  out_re_reg[0]_i_2/CO[3]
                         net (fo=1, routed)           0.000     5.508    out_re_reg[0]_i_2_n_0
    SLICE_X21Y14         CARRY4 (Prop_carry4_CI_CO[3])
                                                      0.098     5.606 r  out_re_reg[4]_i_8/CO[3]
                         net (fo=1, routed)           0.000     5.606    out_re_reg[4]_i_8_n_0
    SLICE_X21Y15         CARRY4 (Prop_carry4_CI_CO[3])
                                                      0.098     5.704 r  out_re_reg[8]_i_7/CO[3]
                         net (fo=1, routed)           0.000     5.704    out_re_reg[8]_i_7_n_0
    SLICE_X21Y16         CARRY4 (Prop_carry4_CI_O[1])
                                                      0.265     5.969 f  out_re_reg[12]_i_7/O[1]
                         net (fo=1, routed)           0.462     6.431    rounded2[14]
    SLICE_X22Y16         LUT1 (Prop_lut1_I0_O)        0.250     6.681 r  out_re[12]_i_5/O
                         net (fo=1, routed)           0.000     6.681    out_re[12]_i_5_n_0
    SLICE_X22Y16         CARRY4 (Prop_carry4_S[1]_CO[3])
                                                      0.444     7.125 r  out_re_reg[12]_i_2/CO[3]
                         net (fo=1, routed)           0.000     7.125    out_re_reg[12]_i_2_n_0
    SLICE_X22Y17         CARRY4 (Prop_carry4_CI_CO[3])
                                                      0.100     7.225 r  out_re_reg[15]_i_4/CO[3]
                         net (fo=1, routed)           0.000     7.225    out_re_reg[15]_i_4_n_0
    SLICE_X22Y18         CARRY4 (Prop_carry4_CI_CO[3])
                                                      0.100     7.325 r  out_re_reg[15]_i_70/CO[3]
                         net (fo=1, routed)           0.000     7.325    out_re_reg[15]_i_70_n_0
    SLICE_X22Y19         CARRY4 (Prop_carry4_CI_O[3])
                                                      0.262     7.587 f  out_re_reg[15]_i_58/O[3]
                         net (fo=4, routed)           0.752     8.339    rounded0[24]
    SLICE_X18Y21         LUT5 (Prop_lut5_I0_O)        0.250     8.589 r  out_re[15]_i_41/O
                         net (fo=1, routed)           0.000     8.589    out_re[15]_i_41_n_0
    SLICE_X18Y21         CARRY4 (Prop_carry4_S[1]_CO[3])
                                                      0.444     9.033 r  out_re_reg[15]_i_17/CO[3]
                         net (fo=1, routed)           0.000     9.033    out_re_reg[15]_i_17_n_0
    SLICE_X18Y22         CARRY4 (Prop_carry4_CI_CO[2])
                                                      0.191     9.224 r  out_re_reg[15]_i_6/CO[2]
                         net (fo=18, routed)          0.845    10.068    is_sat_return02_in
    SLICE_X18Y18         LUT6 (Prop_lut6_I2_O)        0.252    10.320 r  saturation_pending[0]_i_1/O
                         net (fo=1, routed)           0.000    10.320    saturation_pending[0]_i_1_n_0
    SLICE_X18Y18         FDRE                                         r  saturation_pending_reg[0]/D
  -------------------------------------------------------------------    -------------------

                         (clock clk rise edge)       10.000    10.000 r
                                                      0.000    10.000 r  clk (IN)
                         net (fo=148, unset)          1.319    11.319    clk
    SLICE_X18Y18         FDRE                                         r  saturation_pending_reg[0]/C
                         clock pessimism              0.097    11.416
                         clock uncertainty           -0.035    11.381
    SLICE_X18Y18         FDRE (Setup_fdre_C_D)        0.076    11.457    saturation_pending_reg[0]
  -------------------------------------------------------------------
                         required time                         11.457
                         arrival time                         -10.320
  -------------------------------------------------------------------
                         slack                                  1.136

Slack (MET) :             1.144ns  (required time - arrival time)
  Source:                 s1_rr_reg/CLK
                            (rising edge-triggered cell DSP48E1 clocked by clk  {rise@0.000ns fall@5.000ns period=10.000ns})
  Destination:            out_re_reg[2]/D
                            (rising edge-triggered cell FDRE clocked by clk  {rise@0.000ns fall@5.000ns period=10.000ns})
  Path Group:             clk
  Path Type:              Setup (Max at Slow Process Corner)
  Requirement:            10.000ns  (clk rise@10.000ns - clk rise@0.000ns)
  Data Path Delay:        8.712ns  (logic 5.232ns (60.058%)  route 3.480ns (39.942%))
  Logic Levels:           15  (CARRY4=10 DSP48E1=1 LUT1=2 LUT5=2)
  Clock Path Skew:        -0.141ns (DCD - SCD + CPR)
    Destination Clock Delay (DCD):    1.318ns = ( 11.318 - 10.000 )
    Source Clock Delay      (SCD):    1.556ns
    Clock Pessimism Removal (CPR):    0.097ns
  Clock Uncertainty:      0.035ns  ((TSJ^2 + TIJ^2)^1/2 + DJ) / 2 + PE
    Total System Jitter     (TSJ):    0.071ns
    Total Input Jitter      (TIJ):    0.000ns
    Discrete Jitter          (DJ):    0.000ns
    Phase Error              (PE):    0.000ns

    Location             Delay type                Incr(ns)  Path(ns)    Netlist Resource(s)
  -------------------------------------------------------------------    -------------------
                         (clock clk rise edge)        0.000     0.000 r
                                                      0.000     0.000 r  clk (IN)
                         net (fo=148, unset)          1.556     1.556    clk
    DSP48_X1Y6           DSP48E1                                      r  s1_rr_reg/CLK
  -------------------------------------------------------------------    -------------------
    DSP48_X1Y6           DSP48E1 (Prop_dsp48e1_CLK_P[33])
                                                      0.370     1.926 r  s1_rr_reg/P[33]
                         net (fo=2, routed)           0.499     2.424    s1_rr_reg_n_72
    DSP48_X1Y7           DSP48E1 (Prop_dsp48e1_C[34]_P[0])
                                                      1.523     3.947 f  z_re/P[0]
                         net (fo=1, routed)           0.582     4.529    z_re_n_105
    SLICE_X23Y14         LUT1 (Prop_lut1_I0_O)        0.105     4.634 r  out_re[0]_i_3/O
                         net (fo=1, routed)           0.393     5.028    out_re[0]_i_3_n_0
    SLICE_X21Y13         CARRY4 (Prop_carry4_CYINIT_CO[3])
                                                      0.480     5.508 r  out_re_reg[0]_i_2/CO[3]
                         net (fo=1, routed)           0.000     5.508    out_re_reg[0]_i_2_n_0
    SLICE_X21Y14         CARRY4 (Prop_carry4_CI_CO[3])
                                                      0.098     5.606 r  out_re_reg[4]_i_8/CO[3]
                         net (fo=1, routed)           0.000     5.606    out_re_reg[4]_i_8_n_0
    SLICE_X21Y15         CARRY4 (Prop_carry4_CI_CO[3])
                                                      0.098     5.704 r  out_re_reg[8]_i_7/CO[3]
                         net (fo=1, routed)           0.000     5.704    out_re_reg[8]_i_7_n_0
    SLICE_X21Y16         CARRY4 (Prop_carry4_CI_O[1])
                                                      0.265     5.969 f  out_re_reg[12]_i_7/O[1]
                         net (fo=1, routed)           0.462     6.431    rounded2[14]
    SLICE_X22Y16         LUT1 (Prop_lut1_I0_O)        0.250     6.681 r  out_re[12]_i_5/O
                         net (fo=1, routed)           0.000     6.681    out_re[12]_i_5_n_0
    SLICE_X22Y16         CARRY4 (Prop_carry4_S[1]_CO[3])
                                                      0.444     7.125 r  out_re_reg[12]_i_2/CO[3]
                         net (fo=1, routed)           0.000     7.125    out_re_reg[12]_i_2_n_0
    SLICE_X22Y17         CARRY4 (Prop_carry4_CI_CO[3])
                                                      0.100     7.225 r  out_re_reg[15]_i_4/CO[3]
                         net (fo=1, routed)           0.000     7.225    out_re_reg[15]_i_4_n_0
    SLICE_X22Y18         CARRY4 (Prop_carry4_CI_CO[3])
                                                      0.100     7.325 r  out_re_reg[15]_i_70/CO[3]
                         net (fo=1, routed)           0.000     7.325    out_re_reg[15]_i_70_n_0
    SLICE_X22Y19         CARRY4 (Prop_carry4_CI_O[3])
                                                      0.262     7.587 f  out_re_reg[15]_i_58/O[3]
                         net (fo=4, routed)           0.752     8.339    rounded0[24]
    SLICE_X18Y21         LUT5 (Prop_lut5_I0_O)        0.250     8.589 r  out_re[15]_i_41/O
                         net (fo=1, routed)           0.000     8.589    out_re[15]_i_41_n_0
    SLICE_X18Y21         CARRY4 (Prop_carry4_S[1]_CO[3])
                                                      0.444     9.033 r  out_re_reg[15]_i_17/CO[3]
                         net (fo=1, routed)           0.000     9.033    out_re_reg[15]_i_17_n_0
    SLICE_X18Y22         CARRY4 (Prop_carry4_CI_CO[2])
                                                      0.191     9.224 r  out_re_reg[15]_i_6/CO[2]
                         net (fo=18, routed)          0.791    10.015    is_sat_return02_in
    SLICE_X23Y14         LUT5 (Prop_lut5_I0_O)        0.252    10.267 r  out_re[2]_i_1/O
                         net (fo=1, routed)           0.000    10.267    round_sat_return[2]
    SLICE_X23Y14         FDRE                                         r  out_re_reg[2]/D
  -------------------------------------------------------------------    -------------------

                         (clock clk rise edge)       10.000    10.000 r
                                                      0.000    10.000 r  clk (IN)
                         net (fo=148, unset)          1.318    11.318    clk
    SLICE_X23Y14         FDRE                                         r  out_re_reg[2]/C
                         clock pessimism              0.097    11.415
                         clock uncertainty           -0.035    11.380
    SLICE_X23Y14         FDRE (Setup_fdre_C_D)        0.032    11.412    out_re_reg[2]
  -------------------------------------------------------------------
                         required time                         11.412
                         arrival time                         -10.267
  -------------------------------------------------------------------
                         slack                                  1.144

Slack (MET) :             1.164ns  (required time - arrival time)
  Source:                 s1_rr_reg/CLK
                            (rising edge-triggered cell DSP48E1 clocked by clk  {rise@0.000ns fall@5.000ns period=10.000ns})
  Destination:            out_re_reg[10]/D
                            (rising edge-triggered cell FDRE clocked by clk  {rise@0.000ns fall@5.000ns period=10.000ns})
  Path Group:             clk
  Path Type:              Setup (Max at Slow Process Corner)
  Requirement:            10.000ns  (clk rise@10.000ns - clk rise@0.000ns)
  Data Path Delay:        8.689ns  (logic 5.232ns (60.212%)  route 3.457ns (39.788%))
  Logic Levels:           15  (CARRY4=10 DSP48E1=1 LUT1=2 LUT5=2)
  Clock Path Skew:        -0.142ns (DCD - SCD + CPR)
    Destination Clock Delay (DCD):    1.317ns = ( 11.317 - 10.000 )
    Source Clock Delay      (SCD):    1.556ns
    Clock Pessimism Removal (CPR):    0.097ns
  Clock Uncertainty:      0.035ns  ((TSJ^2 + TIJ^2)^1/2 + DJ) / 2 + PE
    Total System Jitter     (TSJ):    0.071ns
    Total Input Jitter      (TIJ):    0.000ns
    Discrete Jitter          (DJ):    0.000ns
    Phase Error              (PE):    0.000ns

    Location             Delay type                Incr(ns)  Path(ns)    Netlist Resource(s)
  -------------------------------------------------------------------    -------------------
                         (clock clk rise edge)        0.000     0.000 r
                                                      0.000     0.000 r  clk (IN)
                         net (fo=148, unset)          1.556     1.556    clk
    DSP48_X1Y6           DSP48E1                                      r  s1_rr_reg/CLK
  -------------------------------------------------------------------    -------------------
    DSP48_X1Y6           DSP48E1 (Prop_dsp48e1_CLK_P[33])
                                                      0.370     1.926 r  s1_rr_reg/P[33]
                         net (fo=2, routed)           0.499     2.424    s1_rr_reg_n_72
    DSP48_X1Y7           DSP48E1 (Prop_dsp48e1_C[34]_P[0])
                                                      1.523     3.947 f  z_re/P[0]
                         net (fo=1, routed)           0.582     4.529    z_re_n_105
    SLICE_X23Y14         LUT1 (Prop_lut1_I0_O)        0.105     4.634 r  out_re[0]_i_3/O
                         net (fo=1, routed)           0.393     5.028    out_re[0]_i_3_n_0
    SLICE_X21Y13         CARRY4 (Prop_carry4_CYINIT_CO[3])
                                                      0.480     5.508 r  out_re_reg[0]_i_2/CO[3]
                         net (fo=1, routed)           0.000     5.508    out_re_reg[0]_i_2_n_0
    SLICE_X21Y14         CARRY4 (Prop_carry4_CI_CO[3])
                                                      0.098     5.606 r  out_re_reg[4]_i_8/CO[3]
                         net (fo=1, routed)           0.000     5.606    out_re_reg[4]_i_8_n_0
    SLICE_X21Y15         CARRY4 (Prop_carry4_CI_CO[3])
                                                      0.098     5.704 r  out_re_reg[8]_i_7/CO[3]
                         net (fo=1, routed)           0.000     5.704    out_re_reg[8]_i_7_n_0
    SLICE_X21Y16         CARRY4 (Prop_carry4_CI_O[1])
                                                      0.265     5.969 f  out_re_reg[12]_i_7/O[1]
                         net (fo=1, routed)           0.462     6.431    rounded2[14]
    SLICE_X22Y16         LUT1 (Prop_lut1_I0_O)        0.250     6.681 r  out_re[12]_i_5/O
                         net (fo=1, routed)           0.000     6.681    out_re[12]_i_5_n_0
    SLICE_X22Y16         CARRY4 (Prop_carry4_S[1]_CO[3])
                                                      0.444     7.125 r  out_re_reg[12]_i_2/CO[3]
                         net (fo=1, routed)           0.000     7.125    out_re_reg[12]_i_2_n_0
    SLICE_X22Y17         CARRY4 (Prop_carry4_CI_CO[3])
                                                      0.100     7.225 r  out_re_reg[15]_i_4/CO[3]
                         net (fo=1, routed)           0.000     7.225    out_re_reg[15]_i_4_n_0
    SLICE_X22Y18         CARRY4 (Prop_carry4_CI_CO[3])
                                                      0.100     7.325 r  out_re_reg[15]_i_70/CO[3]
                         net (fo=1, routed)           0.000     7.325    out_re_reg[15]_i_70_n_0
    SLICE_X22Y19         CARRY4 (Prop_carry4_CI_O[3])
                                                      0.262     7.587 f  out_re_reg[15]_i_58/O[3]
                         net (fo=4, routed)           0.752     8.339    rounded0[24]
    SLICE_X18Y21         LUT5 (Prop_lut5_I0_O)        0.250     8.589 r  out_re[15]_i_41/O
                         net (fo=1, routed)           0.000     8.589    out_re[15]_i_41_n_0
    SLICE_X18Y21         CARRY4 (Prop_carry4_S[1]_CO[3])
                                                      0.444     9.033 r  out_re_reg[15]_i_17/CO[3]
                         net (fo=1, routed)           0.000     9.033    out_re_reg[15]_i_17_n_0
    SLICE_X18Y22         CARRY4 (Prop_carry4_CI_CO[2])
                                                      0.191     9.224 r  out_re_reg[15]_i_6/CO[2]
                         net (fo=18, routed)          0.769     9.993    is_sat_return02_in
    SLICE_X23Y16         LUT5 (Prop_lut5_I0_O)        0.252    10.245 r  out_re[10]_i_1/O
                         net (fo=1, routed)           0.000    10.245    round_sat_return[10]
    SLICE_X23Y16         FDRE                                         r  out_re_reg[10]/D
  -------------------------------------------------------------------    -------------------

                         (clock clk rise edge)       10.000    10.000 r
                                                      0.000    10.000 r  clk (IN)
                         net (fo=148, unset)          1.317    11.317    clk
    SLICE_X23Y16         FDRE                                         r  out_re_reg[10]/C
                         clock pessimism              0.097    11.414
                         clock uncertainty           -0.035    11.379
    SLICE_X23Y16         FDRE (Setup_fdre_C_D)        0.030    11.409    out_re_reg[10]
  -------------------------------------------------------------------
                         required time                         11.409
                         arrival time                         -10.245
  -------------------------------------------------------------------
                         slack                                  1.164

Slack (MET) :             1.169ns  (required time - arrival time)
  Source:                 s1_rr_reg/CLK
                            (rising edge-triggered cell DSP48E1 clocked by clk  {rise@0.000ns fall@5.000ns period=10.000ns})
  Destination:            out_re_reg[11]/D
                            (rising edge-triggered cell FDRE clocked by clk  {rise@0.000ns fall@5.000ns period=10.000ns})
  Path Group:             clk
  Path Type:              Setup (Max at Slow Process Corner)
  Requirement:            10.000ns  (clk rise@10.000ns - clk rise@0.000ns)
  Data Path Delay:        8.686ns  (logic 5.232ns (60.233%)  route 3.454ns (39.767%))
  Logic Levels:           15  (CARRY4=10 DSP48E1=1 LUT1=2 LUT5=2)
  Clock Path Skew:        -0.142ns (DCD - SCD + CPR)
    Destination Clock Delay (DCD):    1.317ns = ( 11.317 - 10.000 )
    Source Clock Delay      (SCD):    1.556ns
    Clock Pessimism Removal (CPR):    0.097ns
  Clock Uncertainty:      0.035ns  ((TSJ^2 + TIJ^2)^1/2 + DJ) / 2 + PE
    Total System Jitter     (TSJ):    0.071ns
    Total Input Jitter      (TIJ):    0.000ns
    Discrete Jitter          (DJ):    0.000ns
    Phase Error              (PE):    0.000ns

    Location             Delay type                Incr(ns)  Path(ns)    Netlist Resource(s)
  -------------------------------------------------------------------    -------------------
                         (clock clk rise edge)        0.000     0.000 r
                                                      0.000     0.000 r  clk (IN)
                         net (fo=148, unset)          1.556     1.556    clk
    DSP48_X1Y6           DSP48E1                                      r  s1_rr_reg/CLK
  -------------------------------------------------------------------    -------------------
    DSP48_X1Y6           DSP48E1 (Prop_dsp48e1_CLK_P[33])
                                                      0.370     1.926 r  s1_rr_reg/P[33]
                         net (fo=2, routed)           0.499     2.424    s1_rr_reg_n_72
    DSP48_X1Y7           DSP48E1 (Prop_dsp48e1_C[34]_P[0])
                                                      1.523     3.947 f  z_re/P[0]
                         net (fo=1, routed)           0.582     4.529    z_re_n_105
    SLICE_X23Y14         LUT1 (Prop_lut1_I0_O)        0.105     4.634 r  out_re[0]_i_3/O
                         net (fo=1, routed)           0.393     5.028    out_re[0]_i_3_n_0
    SLICE_X21Y13         CARRY4 (Prop_carry4_CYINIT_CO[3])
                                                      0.480     5.508 r  out_re_reg[0]_i_2/CO[3]
                         net (fo=1, routed)           0.000     5.508    out_re_reg[0]_i_2_n_0
    SLICE_X21Y14         CARRY4 (Prop_carry4_CI_CO[3])
                                                      0.098     5.606 r  out_re_reg[4]_i_8/CO[3]
                         net (fo=1, routed)           0.000     5.606    out_re_reg[4]_i_8_n_0
    SLICE_X21Y15         CARRY4 (Prop_carry4_CI_CO[3])
                                                      0.098     5.704 r  out_re_reg[8]_i_7/CO[3]
                         net (fo=1, routed)           0.000     5.704    out_re_reg[8]_i_7_n_0
    SLICE_X21Y16         CARRY4 (Prop_carry4_CI_O[1])
                                                      0.265     5.969 f  out_re_reg[12]_i_7/O[1]
                         net (fo=1, routed)           0.462     6.431    rounded2[14]
    SLICE_X22Y16         LUT1 (Prop_lut1_I0_O)        0.250     6.681 r  out_re[12]_i_5/O
                         net (fo=1, routed)           0.000     6.681    out_re[12]_i_5_n_0
    SLICE_X22Y16         CARRY4 (Prop_carry4_S[1]_CO[3])
                                                      0.444     7.125 r  out_re_reg[12]_i_2/CO[3]
                         net (fo=1, routed)           0.000     7.125    out_re_reg[12]_i_2_n_0
    SLICE_X22Y17         CARRY4 (Prop_carry4_CI_CO[3])
                                                      0.100     7.225 r  out_re_reg[15]_i_4/CO[3]
                         net (fo=1, routed)           0.000     7.225    out_re_reg[15]_i_4_n_0
    SLICE_X22Y18         CARRY4 (Prop_carry4_CI_CO[3])
                                                      0.100     7.325 r  out_re_reg[15]_i_70/CO[3]
                         net (fo=1, routed)           0.000     7.325    out_re_reg[15]_i_70_n_0
    SLICE_X22Y19         CARRY4 (Prop_carry4_CI_O[3])
                                                      0.262     7.587 f  out_re_reg[15]_i_58/O[3]
                         net (fo=4, routed)           0.752     8.339    rounded0[24]
    SLICE_X18Y21         LUT5 (Prop_lut5_I0_O)        0.250     8.589 r  out_re[15]_i_41/O
                         net (fo=1, routed)           0.000     8.589    out_re[15]_i_41_n_0
    SLICE_X18Y21         CARRY4 (Prop_carry4_S[1]_CO[3])
                                                      0.444     9.033 r  out_re_reg[15]_i_17/CO[3]
                         net (fo=1, routed)           0.000     9.033    out_re_reg[15]_i_17_n_0
    SLICE_X18Y22         CARRY4 (Prop_carry4_CI_CO[2])
                                                      0.191     9.224 r  out_re_reg[15]_i_6/CO[2]
                         net (fo=18, routed)          0.766     9.990    is_sat_return02_in
    SLICE_X23Y16         LUT5 (Prop_lut5_I0_O)        0.252    10.242 r  out_re[11]_i_1/O
                         net (fo=1, routed)           0.000    10.242    round_sat_return[11]
    SLICE_X23Y16         FDRE                                         r  out_re_reg[11]/D
  -------------------------------------------------------------------    -------------------

                         (clock clk rise edge)       10.000    10.000 r
                                                      0.000    10.000 r  clk (IN)
                         net (fo=148, unset)          1.317    11.317    clk
    SLICE_X23Y16         FDRE                                         r  out_re_reg[11]/C
                         clock pessimism              0.097    11.414
                         clock uncertainty           -0.035    11.379
    SLICE_X23Y16         FDRE (Setup_fdre_C_D)        0.032    11.411    out_re_reg[11]
  -------------------------------------------------------------------
                         required time                         11.411
                         arrival time                         -10.242
  -------------------------------------------------------------------
                         slack                                  1.169

Slack (MET) :             1.193ns  (required time - arrival time)
  Source:                 s1_rr_reg/CLK
                            (rising edge-triggered cell DSP48E1 clocked by clk  {rise@0.000ns fall@5.000ns period=10.000ns})
  Destination:            out_re_reg[4]/D
                            (rising edge-triggered cell FDRE clocked by clk  {rise@0.000ns fall@5.000ns period=10.000ns})
  Path Group:             clk
  Path Type:              Setup (Max at Slow Process Corner)
  Requirement:            10.000ns  (clk rise@10.000ns - clk rise@0.000ns)
  Data Path Delay:        8.660ns  (logic 5.232ns (60.418%)  route 3.428ns (39.582%))
  Logic Levels:           15  (CARRY4=10 DSP48E1=1 LUT1=2 LUT5=2)
  Clock Path Skew:        -0.142ns (DCD - SCD + CPR)
    Destination Clock Delay (DCD):    1.317ns = ( 11.317 - 10.000 )
    Source Clock Delay      (SCD):    1.556ns
    Clock Pessimism Removal (CPR):    0.097ns
  Clock Uncertainty:      0.035ns  ((TSJ^2 + TIJ^2)^1/2 + DJ) / 2 + PE
    Total System Jitter     (TSJ):    0.071ns
    Total Input Jitter      (TIJ):    0.000ns
    Discrete Jitter          (DJ):    0.000ns
    Phase Error              (PE):    0.000ns

    Location             Delay type                Incr(ns)  Path(ns)    Netlist Resource(s)
  -------------------------------------------------------------------    -------------------
                         (clock clk rise edge)        0.000     0.000 r
                                                      0.000     0.000 r  clk (IN)
                         net (fo=148, unset)          1.556     1.556    clk
    DSP48_X1Y6           DSP48E1                                      r  s1_rr_reg/CLK
  -------------------------------------------------------------------    -------------------
    DSP48_X1Y6           DSP48E1 (Prop_dsp48e1_CLK_P[33])
                                                      0.370     1.926 r  s1_rr_reg/P[33]
                         net (fo=2, routed)           0.499     2.424    s1_rr_reg_n_72
    DSP48_X1Y7           DSP48E1 (Prop_dsp48e1_C[34]_P[0])
                                                      1.523     3.947 f  z_re/P[0]
                         net (fo=1, routed)           0.582     4.529    z_re_n_105
    SLICE_X23Y14         LUT1 (Prop_lut1_I0_O)        0.105     4.634 r  out_re[0]_i_3/O
                         net (fo=1, routed)           0.393     5.028    out_re[0]_i_3_n_0
    SLICE_X21Y13         CARRY4 (Prop_carry4_CYINIT_CO[3])
                                                      0.480     5.508 r  out_re_reg[0]_i_2/CO[3]
                         net (fo=1, routed)           0.000     5.508    out_re_reg[0]_i_2_n_0
    SLICE_X21Y14         CARRY4 (Prop_carry4_CI_CO[3])
                                                      0.098     5.606 r  out_re_reg[4]_i_8/CO[3]
                         net (fo=1, routed)           0.000     5.606    out_re_reg[4]_i_8_n_0
    SLICE_X21Y15         CARRY4 (Prop_carry4_CI_CO[3])
                                                      0.098     5.704 r  out_re_reg[8]_i_7/CO[3]
                         net (fo=1, routed)           0.000     5.704    out_re_reg[8]_i_7_n_0
    SLICE_X21Y16         CARRY4 (Prop_carry4_CI_O[1])
                                                      0.265     5.969 f  out_re_reg[12]_i_7/O[1]
                         net (fo=1, routed)           0.462     6.431    rounded2[14]
    SLICE_X22Y16         LUT1 (Prop_lut1_I0_O)        0.250     6.681 r  out_re[12]_i_5/O
                         net (fo=1, routed)           0.000     6.681    out_re[12]_i_5_n_0
    SLICE_X22Y16         CARRY4 (Prop_carry4_S[1]_CO[3])
                                                      0.444     7.125 r  out_re_reg[12]_i_2/CO[3]
                         net (fo=1, routed)           0.000     7.125    out_re_reg[12]_i_2_n_0
    SLICE_X22Y17         CARRY4 (Prop_carry4_CI_CO[3])
                                                      0.100     7.225 r  out_re_reg[15]_i_4/CO[3]
                         net (fo=1, routed)           0.000     7.225    out_re_reg[15]_i_4_n_0
    SLICE_X22Y18         CARRY4 (Prop_carry4_CI_CO[3])
                                                      0.100     7.325 r  out_re_reg[15]_i_70/CO[3]
                         net (fo=1, routed)           0.000     7.325    out_re_reg[15]_i_70_n_0
    SLICE_X22Y19         CARRY4 (Prop_carry4_CI_O[3])
                                                      0.262     7.587 f  out_re_reg[15]_i_58/O[3]
                         net (fo=4, routed)           0.752     8.339    rounded0[24]
    SLICE_X18Y21         LUT5 (Prop_lut5_I0_O)        0.250     8.589 r  out_re[15]_i_41/O
                         net (fo=1, routed)           0.000     8.589    out_re[15]_i_41_n_0
    SLICE_X18Y21         CARRY4 (Prop_carry4_S[1]_CO[3])
                                                      0.444     9.033 r  out_re_reg[15]_i_17/CO[3]
                         net (fo=1, routed)           0.000     9.033    out_re_reg[15]_i_17_n_0
    SLICE_X18Y22         CARRY4 (Prop_carry4_CI_CO[2])
                                                      0.191     9.224 r  out_re_reg[15]_i_6/CO[2]
                         net (fo=18, routed)          0.739     9.963    is_sat_return02_in
    SLICE_X23Y15         LUT5 (Prop_lut5_I0_O)        0.252    10.215 r  out_re[4]_i_1/O
                         net (fo=1, routed)           0.000    10.215    round_sat_return[4]
    SLICE_X23Y15         FDRE                                         r  out_re_reg[4]/D
  -------------------------------------------------------------------    -------------------

                         (clock clk rise edge)       10.000    10.000 r
                                                      0.000    10.000 r  clk (IN)
                         net (fo=148, unset)          1.317    11.317    clk
    SLICE_X23Y15         FDRE                                         r  out_re_reg[4]/C
                         clock pessimism              0.097    11.414
                         clock uncertainty           -0.035    11.379
    SLICE_X23Y15         FDRE (Setup_fdre_C_D)        0.030    11.409    out_re_reg[4]
  -------------------------------------------------------------------
                         required time                         11.409
                         arrival time                         -10.215
  -------------------------------------------------------------------
                         slack                                  1.193

Slack (MET) :             1.198ns  (required time - arrival time)
  Source:                 s1_rr_reg/CLK
                            (rising edge-triggered cell DSP48E1 clocked by clk  {rise@0.000ns fall@5.000ns period=10.000ns})
  Destination:            out_re_reg[6]/D
                            (rising edge-triggered cell FDRE clocked by clk  {rise@0.000ns fall@5.000ns period=10.000ns})
  Path Group:             clk
  Path Type:              Setup (Max at Slow Process Corner)
  Requirement:            10.000ns  (clk rise@10.000ns - clk rise@0.000ns)
  Data Path Delay:        8.657ns  (logic 5.232ns (60.439%)  route 3.425ns (39.561%))
  Logic Levels:           15  (CARRY4=10 DSP48E1=1 LUT1=2 LUT5=2)
  Clock Path Skew:        -0.142ns (DCD - SCD + CPR)
    Destination Clock Delay (DCD):    1.317ns = ( 11.317 - 10.000 )
    Source Clock Delay      (SCD):    1.556ns
    Clock Pessimism Removal (CPR):    0.097ns
  Clock Uncertainty:      0.035ns  ((TSJ^2 + TIJ^2)^1/2 + DJ) / 2 + PE
    Total System Jitter     (TSJ):    0.071ns
    Total Input Jitter      (TIJ):    0.000ns
    Discrete Jitter          (DJ):    0.000ns
    Phase Error              (PE):    0.000ns

    Location             Delay type                Incr(ns)  Path(ns)    Netlist Resource(s)
  -------------------------------------------------------------------    -------------------
                         (clock clk rise edge)        0.000     0.000 r
                                                      0.000     0.000 r  clk (IN)
                         net (fo=148, unset)          1.556     1.556    clk
    DSP48_X1Y6           DSP48E1                                      r  s1_rr_reg/CLK
  -------------------------------------------------------------------    -------------------
    DSP48_X1Y6           DSP48E1 (Prop_dsp48e1_CLK_P[33])
                                                      0.370     1.926 r  s1_rr_reg/P[33]
                         net (fo=2, routed)           0.499     2.424    s1_rr_reg_n_72
    DSP48_X1Y7           DSP48E1 (Prop_dsp48e1_C[34]_P[0])
                                                      1.523     3.947 f  z_re/P[0]
                         net (fo=1, routed)           0.582     4.529    z_re_n_105
    SLICE_X23Y14         LUT1 (Prop_lut1_I0_O)        0.105     4.634 r  out_re[0]_i_3/O
                         net (fo=1, routed)           0.393     5.028    out_re[0]_i_3_n_0
    SLICE_X21Y13         CARRY4 (Prop_carry4_CYINIT_CO[3])
                                                      0.480     5.508 r  out_re_reg[0]_i_2/CO[3]
                         net (fo=1, routed)           0.000     5.508    out_re_reg[0]_i_2_n_0
    SLICE_X21Y14         CARRY4 (Prop_carry4_CI_CO[3])
                                                      0.098     5.606 r  out_re_reg[4]_i_8/CO[3]
                         net (fo=1, routed)           0.000     5.606    out_re_reg[4]_i_8_n_0
    SLICE_X21Y15         CARRY4 (Prop_carry4_CI_CO[3])
                                                      0.098     5.704 r  out_re_reg[8]_i_7/CO[3]
                         net (fo=1, routed)           0.000     5.704    out_re_reg[8]_i_7_n_0
    SLICE_X21Y16         CARRY4 (Prop_carry4_CI_O[1])
                                                      0.265     5.969 f  out_re_reg[12]_i_7/O[1]
                         net (fo=1, routed)           0.462     6.431    rounded2[14]
    SLICE_X22Y16         LUT1 (Prop_lut1_I0_O)        0.250     6.681 r  out_re[12]_i_5/O
                         net (fo=1, routed)           0.000     6.681    out_re[12]_i_5_n_0
    SLICE_X22Y16         CARRY4 (Prop_carry4_S[1]_CO[3])
                                                      0.444     7.125 r  out_re_reg[12]_i_2/CO[3]
                         net (fo=1, routed)           0.000     7.125    out_re_reg[12]_i_2_n_0
    SLICE_X22Y17         CARRY4 (Prop_carry4_CI_CO[3])
                                                      0.100     7.225 r  out_re_reg[15]_i_4/CO[3]
                         net (fo=1, routed)           0.000     7.225    out_re_reg[15]_i_4_n_0
    SLICE_X22Y18         CARRY4 (Prop_carry4_CI_CO[3])
                                                      0.100     7.325 r  out_re_reg[15]_i_70/CO[3]
                         net (fo=1, routed)           0.000     7.325    out_re_reg[15]_i_70_n_0
    SLICE_X22Y19         CARRY4 (Prop_carry4_CI_O[3])
                                                      0.262     7.587 f  out_re_reg[15]_i_58/O[3]
                         net (fo=4, routed)           0.752     8.339    rounded0[24]
    SLICE_X18Y21         LUT5 (Prop_lut5_I0_O)        0.250     8.589 r  out_re[15]_i_41/O
                         net (fo=1, routed)           0.000     8.589    out_re[15]_i_41_n_0
    SLICE_X18Y21         CARRY4 (Prop_carry4_S[1]_CO[3])
                                                      0.444     9.033 r  out_re_reg[15]_i_17/CO[3]
                         net (fo=1, routed)           0.000     9.033    out_re_reg[15]_i_17_n_0
    SLICE_X18Y22         CARRY4 (Prop_carry4_CI_CO[2])
                                                      0.191     9.224 r  out_re_reg[15]_i_6/CO[2]
                         net (fo=18, routed)          0.736     9.960    is_sat_return02_in
    SLICE_X23Y15         LUT5 (Prop_lut5_I0_O)        0.252    10.212 r  out_re[6]_i_1/O
                         net (fo=1, routed)           0.000    10.212    round_sat_return[6]
    SLICE_X23Y15         FDRE                                         r  out_re_reg[6]/D
  -------------------------------------------------------------------    -------------------

                         (clock clk rise edge)       10.000    10.000 r
                                                      0.000    10.000 r  clk (IN)
                         net (fo=148, unset)          1.317    11.317    clk
    SLICE_X23Y15         FDRE                                         r  out_re_reg[6]/C
                         clock pessimism              0.097    11.414
                         clock uncertainty           -0.035    11.379
    SLICE_X23Y15         FDRE (Setup_fdre_C_D)        0.032    11.411    out_re_reg[6]
  -------------------------------------------------------------------
                         required time                         11.411
                         arrival time                         -10.212
  -------------------------------------------------------------------
                         slack                                  1.198

Slack (MET) :             1.253ns  (required time - arrival time)
  Source:                 s1_rr_reg/CLK
                            (rising edge-triggered cell DSP48E1 clocked by clk  {rise@0.000ns fall@5.000ns period=10.000ns})
  Destination:            out_re_reg[7]/D
                            (rising edge-triggered cell FDRE clocked by clk  {rise@0.000ns fall@5.000ns period=10.000ns})
  Path Group:             clk
  Path Type:              Setup (Max at Slow Process Corner)
  Requirement:            10.000ns  (clk rise@10.000ns - clk rise@0.000ns)
  Data Path Delay:        8.602ns  (logic 5.232ns (60.822%)  route 3.370ns (39.178%))
  Logic Levels:           15  (CARRY4=10 DSP48E1=1 LUT1=2 LUT5=2)
  Clock Path Skew:        -0.142ns (DCD - SCD + CPR)
    Destination Clock Delay (DCD):    1.317ns = ( 11.317 - 10.000 )
    Source Clock Delay      (SCD):    1.556ns
    Clock Pessimism Removal (CPR):    0.097ns
  Clock Uncertainty:      0.035ns  ((TSJ^2 + TIJ^2)^1/2 + DJ) / 2 + PE
    Total System Jitter     (TSJ):    0.071ns
    Total Input Jitter      (TIJ):    0.000ns
    Discrete Jitter          (DJ):    0.000ns
    Phase Error              (PE):    0.000ns

    Location             Delay type                Incr(ns)  Path(ns)    Netlist Resource(s)
  -------------------------------------------------------------------    -------------------
                         (clock clk rise edge)        0.000     0.000 r
                                                      0.000     0.000 r  clk (IN)
                         net (fo=148, unset)          1.556     1.556    clk
    DSP48_X1Y6           DSP48E1                                      r  s1_rr_reg/CLK
  -------------------------------------------------------------------    -------------------
    DSP48_X1Y6           DSP48E1 (Prop_dsp48e1_CLK_P[33])
                                                      0.370     1.926 r  s1_rr_reg/P[33]
                         net (fo=2, routed)           0.499     2.424    s1_rr_reg_n_72
    DSP48_X1Y7           DSP48E1 (Prop_dsp48e1_C[34]_P[0])
                                                      1.523     3.947 f  z_re/P[0]
                         net (fo=1, routed)           0.582     4.529    z_re_n_105
    SLICE_X23Y14         LUT1 (Prop_lut1_I0_O)        0.105     4.634 r  out_re[0]_i_3/O
                         net (fo=1, routed)           0.393     5.028    out_re[0]_i_3_n_0
    SLICE_X21Y13         CARRY4 (Prop_carry4_CYINIT_CO[3])
                                                      0.480     5.508 r  out_re_reg[0]_i_2/CO[3]
                         net (fo=1, routed)           0.000     5.508    out_re_reg[0]_i_2_n_0
    SLICE_X21Y14         CARRY4 (Prop_carry4_CI_CO[3])
                                                      0.098     5.606 r  out_re_reg[4]_i_8/CO[3]
                         net (fo=1, routed)           0.000     5.606    out_re_reg[4]_i_8_n_0
    SLICE_X21Y15         CARRY4 (Prop_carry4_CI_CO[3])
                                                      0.098     5.704 r  out_re_reg[8]_i_7/CO[3]
                         net (fo=1, routed)           0.000     5.704    out_re_reg[8]_i_7_n_0
    SLICE_X21Y16         CARRY4 (Prop_carry4_CI_O[1])
                                                      0.265     5.969 f  out_re_reg[12]_i_7/O[1]
                         net (fo=1, routed)           0.462     6.431    rounded2[14]
    SLICE_X22Y16         LUT1 (Prop_lut1_I0_O)        0.250     6.681 r  out_re[12]_i_5/O
                         net (fo=1, routed)           0.000     6.681    out_re[12]_i_5_n_0
    SLICE_X22Y16         CARRY4 (Prop_carry4_S[1]_CO[3])
                                                      0.444     7.125 r  out_re_reg[12]_i_2/CO[3]
                         net (fo=1, routed)           0.000     7.125    out_re_reg[12]_i_2_n_0
    SLICE_X22Y17         CARRY4 (Prop_carry4_CI_CO[3])
                                                      0.100     7.225 r  out_re_reg[15]_i_4/CO[3]
                         net (fo=1, routed)           0.000     7.225    out_re_reg[15]_i_4_n_0
    SLICE_X22Y18         CARRY4 (Prop_carry4_CI_CO[3])
                                                      0.100     7.325 r  out_re_reg[15]_i_70/CO[3]
                         net (fo=1, routed)           0.000     7.325    out_re_reg[15]_i_70_n_0
    SLICE_X22Y19         CARRY4 (Prop_carry4_CI_O[3])
                                                      0.262     7.587 f  out_re_reg[15]_i_58/O[3]
                         net (fo=4, routed)           0.752     8.339    rounded0[24]
    SLICE_X18Y21         LUT5 (Prop_lut5_I0_O)        0.250     8.589 r  out_re[15]_i_41/O
                         net (fo=1, routed)           0.000     8.589    out_re[15]_i_41_n_0
    SLICE_X18Y21         CARRY4 (Prop_carry4_S[1]_CO[3])
                                                      0.444     9.033 r  out_re_reg[15]_i_17/CO[3]
                         net (fo=1, routed)           0.000     9.033    out_re_reg[15]_i_17_n_0
    SLICE_X18Y22         CARRY4 (Prop_carry4_CI_CO[2])
                                                      0.191     9.224 r  out_re_reg[15]_i_6/CO[2]
                         net (fo=18, routed)          0.682     9.906    is_sat_return02_in
    SLICE_X23Y15         LUT5 (Prop_lut5_I0_O)        0.252    10.158 r  out_re[7]_i_1/O
                         net (fo=1, routed)           0.000    10.158    round_sat_return[7]
    SLICE_X23Y15         FDRE                                         r  out_re_reg[7]/D
  -------------------------------------------------------------------    -------------------

                         (clock clk rise edge)       10.000    10.000 r
                                                      0.000    10.000 r  clk (IN)
                         net (fo=148, unset)          1.317    11.317    clk
    SLICE_X23Y15         FDRE                                         r  out_re_reg[7]/C
                         clock pessimism              0.097    11.414
                         clock uncertainty           -0.035    11.379
    SLICE_X23Y15         FDRE (Setup_fdre_C_D)        0.032    11.411    out_re_reg[7]
  -------------------------------------------------------------------
                         required time                         11.411
                         arrival time                         -10.158
  -------------------------------------------------------------------
                         slack                                  1.253





Pulse Width Checks
--------------------------------------------------------------------------------------
Clock Name:         clk
Waveform(ns):       { 0.000 5.000 }
Period(ns):         10.000
Sources:            { clk }

Check Type        Corner  Lib Pin             Reference Pin  Required(ns)  Actual(ns)  Slack(ns)  Location      Pin
Min Period        n/a     DSP48E1/CLK         n/a            3.109         10.000      6.891      DSP48_X0Y6    s1_ir_reg/CLK
Min Period        n/a     DSP48E1/CLK         n/a            3.109         10.000      6.891      DSP48_X1Y6    s1_rr_reg/CLK
Min Period        n/a     RAMB18E1/CLKARDCLK  n/a            2.472         10.000      7.528      RAMB18_X0Y6   g_im_reg/CLKARDCLK
Min Period        n/a     RAMB18E1/CLKARDCLK  n/a            2.472         10.000      7.528      RAMB18_X0Y7   g_re_reg/CLKARDCLK
Min Period        n/a     RAMB18E1/CLKBWRCLK  n/a            2.170         10.000      7.830      RAMB18_X0Y6   g_im_reg/CLKBWRCLK
Min Period        n/a     RAMB18E1/CLKBWRCLK  n/a            2.170         10.000      7.830      RAMB18_X0Y7   g_re_reg/CLKBWRCLK
Min Period        n/a     DSP48E1/CLK         n/a            1.816         10.000      8.184      DSP48_X0Y7    z_im/CLK
Min Period        n/a     DSP48E1/CLK         n/a            1.816         10.000      8.184      DSP48_X1Y7    z_re/CLK
Min Period        n/a     FDSE/C              n/a            1.000         10.000      9.000      SLICE_X25Y17  mode_train_reg/C
Min Period        n/a     FDRE/C              n/a            1.000         10.000      9.000      SLICE_X11Y12  out_im_reg[0]/C
Low Pulse Width   Slow    FDSE/C              n/a            0.500         5.000       4.500      SLICE_X25Y17  mode_train_reg/C
Low Pulse Width   Fast    FDSE/C              n/a            0.500         5.000       4.500      SLICE_X25Y17  mode_train_reg/C
Low Pulse Width   Slow    FDRE/C              n/a            0.500         5.000       4.500      SLICE_X11Y12  out_im_reg[0]/C
Low Pulse Width   Fast    FDRE/C              n/a            0.500         5.000       4.500      SLICE_X11Y12  out_im_reg[0]/C
Low Pulse Width   Slow    FDRE/C              n/a            0.500         5.000       4.500      SLICE_X11Y14  out_im_reg[10]/C
Low Pulse Width   Fast    FDRE/C              n/a            0.500         5.000       4.500      SLICE_X11Y14  out_im_reg[10]/C
Low Pulse Width   Slow    FDRE/C              n/a            0.500         5.000       4.500      SLICE_X11Y15  out_im_reg[11]/C
Low Pulse Width   Fast    FDRE/C              n/a            0.500         5.000       4.500      SLICE_X11Y15  out_im_reg[11]/C
Low Pulse Width   Slow    FDRE/C              n/a            0.500         5.000       4.500      SLICE_X11Y14  out_im_reg[12]/C
Low Pulse Width   Fast    FDRE/C              n/a            0.500         5.000       4.500      SLICE_X11Y14  out_im_reg[12]/C
High Pulse Width  Slow    FDSE/C              n/a            0.500         5.000       4.500      SLICE_X25Y17  mode_train_reg/C
High Pulse Width  Fast    FDSE/C              n/a            0.500         5.000       4.500      SLICE_X25Y17  mode_train_reg/C
High Pulse Width  Slow    FDRE/C              n/a            0.500         5.000       4.500      SLICE_X11Y12  out_im_reg[0]/C
High Pulse Width  Fast    FDRE/C              n/a            0.500         5.000       4.500      SLICE_X11Y12  out_im_reg[0]/C
High Pulse Width  Slow    FDRE/C              n/a            0.500         5.000       4.500      SLICE_X11Y14  out_im_reg[10]/C
High Pulse Width  Fast    FDRE/C              n/a            0.500         5.000       4.500      SLICE_X11Y14  out_im_reg[10]/C
High Pulse Width  Slow    FDRE/C              n/a            0.500         5.000       4.500      SLICE_X11Y15  out_im_reg[11]/C
High Pulse Width  Fast    FDRE/C              n/a            0.500         5.000       4.500      SLICE_X11Y15  out_im_reg[11]/C
High Pulse Width  Slow    FDRE/C              n/a            0.500         5.000       4.500      SLICE_X11Y14  out_im_reg[12]/C
High Pulse Width  Fast    FDRE/C              n/a            0.500         5.000       4.500      SLICE_X11Y14  out_im_reg[12]/C
