Copyright 1986-2021 Xilinx, Inc. All Rights Reserved.
-------------------------------------------------------------------------------------------------------------------------------------------------------------------------------------------------------
| Tool Version : Vivado v.2021.1 (win64) Build 3247384 Thu Jun 10 19:36:33 MDT 2021
| Date         : normalized
| Host         : normalized
| Command      : report_timing_summary -delay_type max -max_paths 10 -file <output_dir>/ofdm_fft64_sequential_post_synthesis_timing_summary.rpt
| Design       : ofdm_fft64_sequential
| Device       : 7z020-clg400
| Speed File   : -2  PRODUCTION 1.12 2019-11-22
-------------------------------------------------------------------------------------------------------------------------------------------------------------------------------------------------------

Timing Summary Report

------------------------------------------------------------------------------------------------
| Timer Settings
| --------------
------------------------------------------------------------------------------------------------

  Enable Multi Corner Analysis               :  Yes
  Enable Pessimism Removal                   :  Yes
  Pessimism Removal Resolution               :  Nearest Common Node
  Enable Input Delay Default Clock           :  No
  Enable Preset / Clear Arcs                 :  No
  Disable Flight Delays                      :  No
  Ignore I/O Paths                           :  No
  Timing Early Launch at Borrowing Latches   :  No
  Borrow Time for Max Delay Exceptions       :  Yes
  Merge Timing Exceptions                    :  Yes

  Corner  Analyze    Analyze
  Name    Max Paths  Min Paths
  ------  ---------  ---------
  Slow    Yes        Yes
  Fast    Yes        Yes


------------------------------------------------------------------------------------------------
| Report Methodology
| ------------------
------------------------------------------------------------------------------------------------

No report available as report_methodology has not been run prior. Run report_methodology on the current design for the summary of methodology violations.



check_timing report

Table of Contents
-----------------
1. checking no_clock (0)
2. checking constant_clock (0)
3. checking pulse_width_clock (0)
4. checking unconstrained_internal_endpoints (0)
5. checking no_input_delay (0)
6. checking no_output_delay (0)
7. checking multiple_clock (0)
8. checking generated_clocks (0)
9. checking loops (0)
10. checking partial_input_delay (0)
11. checking partial_output_delay (0)
12. checking latch_loops (0)

1. checking no_clock (0)
------------------------
 There are 0 register/latch pins with no clock.


2. checking constant_clock (0)
------------------------------
 There are 0 register/latch pins with constant_clock.


3. checking pulse_width_clock (0)
---------------------------------
 There are 0 register/latch pins which need pulse_width check


4. checking unconstrained_internal_endpoints (0)
------------------------------------------------
 There are 0 pins that are not constrained for maximum delay.

 There are 0 pins that are not constrained for maximum delay due to constant clock.


5. checking no_input_delay (0)
------------------------------
 There are 0 input ports with no input delay specified.

 There are 0 input ports with no input delay but user has a false path constraint.


6. checking no_output_delay (0)
-------------------------------
 There are 0 ports with no output delay specified.

 There are 0 ports with no output delay but user has a false path constraint

 There are 0 ports with no output delay but with a timing clock defined on it or propagating through it


7. checking multiple_clock (0)
------------------------------
 There are 0 register/latch pins with multiple clocks.


8. checking generated_clocks (0)
--------------------------------
 There are 0 generated clocks that are not connected to a clock source.


9. checking loops (0)
---------------------
 There are 0 combinational loops in the design.


10. checking partial_input_delay (0)
------------------------------------
 There are 0 input ports with partial input delay specified.


11. checking partial_output_delay (0)
-------------------------------------
 There are 0 ports with partial output delay specified.


12. checking latch_loops (0)
----------------------------
 There are 0 combinational latch loops in the design through latch input



------------------------------------------------------------------------------------------------
| Design Timing Summary
| ---------------------
------------------------------------------------------------------------------------------------

    WNS(ns)      TNS(ns)  TNS Failing Endpoints  TNS Total Endpoints     WPWS(ns)     TPWS(ns)  TPWS Failing Endpoints  TPWS Total Endpoints
    -------      -------  ---------------------  -------------------     --------     --------  ----------------------  --------------------
      2.496        0.000                      0                 5375        4.146        0.000                       0                  2407


All user specified timing constraints are met.


------------------------------------------------------------------------------------------------
| Clock Summary
| -------------
------------------------------------------------------------------------------------------------

Clock  Waveform(ns)       Period(ns)      Frequency(MHz)
-----  ------------       ----------      --------------
clk    {0.000 5.000}      10.000          100.000


------------------------------------------------------------------------------------------------
| Intra Clock Table
| -----------------
------------------------------------------------------------------------------------------------

Clock             WNS(ns)      TNS(ns)  TNS Failing Endpoints  TNS Total Endpoints     WPWS(ns)     TPWS(ns)  TPWS Failing Endpoints  TPWS Total Endpoints
-----             -------      -------  ---------------------  -------------------     --------     --------  ----------------------  --------------------
clk                 2.496        0.000                      0                 5375        4.146        0.000                       0                  2407


------------------------------------------------------------------------------------------------
| Inter Clock Table
| -----------------
------------------------------------------------------------------------------------------------

From Clock    To Clock          WNS(ns)      TNS(ns)  TNS Failing Endpoints  TNS Total Endpoints
----------    --------          -------      -------  ---------------------  -------------------


------------------------------------------------------------------------------------------------
| Other Path Groups Table
| -----------------------
------------------------------------------------------------------------------------------------

Path Group    From Clock    To Clock          WNS(ns)      TNS(ns)  TNS Failing Endpoints  TNS Total Endpoints
----------    ----------    --------          -------      -------  ---------------------  -------------------


------------------------------------------------------------------------------------------------
| Timing Details
| --------------
------------------------------------------------------------------------------------------------


---------------------------------------------------------------------------------------------------
From Clock:  clk
  To Clock:  clk

Setup :            0  Failing Endpoints,  Worst Slack        2.496ns,  Total Violation        0.000ns
Hold  :           NA  Failing Endpoints,  Worst Slack           NA  ,  Total Violation           NA
PW    :            0  Failing Endpoints,  Worst Slack        4.146ns,  Total Violation        0.000ns
---------------------------------------------------------------------------------------------------


Max Delay Paths
--------------------------------------------------------------------------------------
Slack (MET) :             2.496ns  (required time - arrival time)
  Source:                 normalized_ifft/butterfly/g_pipelined.s2_a_im_reg[1]/C
                            (rising edge-triggered cell FDRE clocked by clk  {rise@0.000ns fall@5.000ns period=10.000ns})
  Destination:            normalized_ifft/butterfly/saturation_count_reg[0]/D
                            (rising edge-triggered cell FDRE clocked by clk  {rise@0.000ns fall@5.000ns period=10.000ns})
  Path Group:             clk
  Path Type:              Setup (Max at Slow Process Corner)
  Requirement:            10.000ns  (clk rise@10.000ns - clk rise@0.000ns)
  Data Path Delay:        7.397ns  (logic 4.109ns (55.550%)  route 3.288ns (44.450%))
  Logic Levels:           13  (CARRY4=7 LUT1=2 LUT2=1 LUT5=2 LUT6=1)
  Clock Path Skew:        -0.039ns (DCD - SCD + CPR)
    Destination Clock Delay (DCD):    0.748ns = ( 10.748 - 10.000 )
    Source Clock Delay      (SCD):    0.787ns
    Clock Pessimism Removal (CPR):    0.000ns
  Clock Uncertainty:      0.035ns  ((TSJ^2 + TIJ^2)^1/2 + DJ) / 2 + PE
    Total System Jitter     (TSJ):    0.071ns
    Total Input Jitter      (TIJ):    0.000ns
    Discrete Jitter          (DJ):    0.000ns
    Phase Error              (PE):    0.000ns

    Location             Delay type                Incr(ns)  Path(ns)    Netlist Resource(s)
  -------------------------------------------------------------------    -------------------
                         (clock clk rise edge)        0.000     0.000 r
                                                      0.000     0.000 r  clk (IN)
                         net (fo=2406, unset)         0.787     0.787    normalized_ifft/butterfly/clk
                         FDRE                                         r  normalized_ifft/butterfly/g_pipelined.s2_a_im_reg[1]/C
  -------------------------------------------------------------------    -------------------
                         FDRE (Prop_fdre_C_Q)         0.303     1.090 r  normalized_ifft/butterfly/g_pipelined.s2_a_im_reg[1]/Q
                         net (fo=5, unplaced)         0.390     1.480    normalized_ifft/butterfly/g_pipelined.s2_a_im[1]
                         LUT2 (Prop_lut2_I0_O)        0.232     1.712 r  normalized_ifft/butterfly/y1_im[0]_i_10/O
                         net (fo=1, unplaced)         0.000     1.712    normalized_ifft/butterfly/y1_im[0]_i_10_n_0
                         CARRY4 (Prop_carry4_S[1]_CO[3])
                                                      0.444     2.156 r  normalized_ifft/butterfly/y1_im_reg[0]_i_6/CO[3]
                         net (fo=1, unplaced)         0.008     2.164    normalized_ifft/butterfly/y1_im_reg[0]_i_6_n_0
                         CARRY4 (Prop_carry4_CI_O[3])
                                                      0.277     2.441 f  normalized_ifft/butterfly/round_div2_away0__101_carry_i_11/O[3]
                         net (fo=1, unplaced)         0.519     2.960    normalized_ifft/butterfly/round_div2_away0__101_carry_i_11_n_4
                         LUT1 (Prop_lut1_I0_O)        0.250     3.210 r  normalized_ifft/butterfly/round_div2_away0__101_carry_i_7/O
                         net (fo=1, unplaced)         0.000     3.210    normalized_ifft/butterfly/round_div2_away0__101_carry_i_7_n_0
                         CARRY4 (Prop_carry4_S[3]_CO[3])
                                                      0.314     3.524 r  normalized_ifft/butterfly/round_div2_away0__101_carry_i_6/CO[3]
                         net (fo=1, unplaced)         0.000     3.524    normalized_ifft/butterfly/round_div2_away0__101_carry_i_6_n_0
                         CARRY4 (Prop_carry4_CI_O[3])
                                                      0.277     3.801 f  normalized_ifft/butterfly/round_div2_away0__101_carry__0_i_5/O[3]
                         net (fo=1, unplaced)         0.519     4.320    normalized_ifft/butterfly/round_div2_away0__101_carry__0_i_5_n_4
                         LUT1 (Prop_lut1_I0_O)        0.250     4.570 r  normalized_ifft/butterfly/round_div2_away0__101_carry__1_i_3/O
                         net (fo=1, unplaced)         0.000     4.570    normalized_ifft/butterfly/round_div2_away0__101_carry__1_i_3_n_0
                         CARRY4 (Prop_carry4_S[1]_CO[3])
                                                      0.444     5.014 r  normalized_ifft/butterfly/round_div2_away0__101_carry__1/CO[3]
                         net (fo=1, unplaced)         0.000     5.014    normalized_ifft/butterfly/round_div2_away0__101_carry__1_n_0
                         CARRY4 (Prop_carry4_CI_O[1])
                                                      0.269     5.283 r  normalized_ifft/butterfly/round_div2_away0__101_carry__2/O[1]
                         net (fo=3, unplaced)         0.490     5.773    normalized_ifft/butterfly/round_div2_away0__101_carry__2_n_6
                         LUT5 (Prop_lut5_I0_O)        0.245     6.018 r  normalized_ifft/butterfly/saturate_q151__20_carry_i_5/O
                         net (fo=1, unplaced)         0.000     6.018    normalized_ifft/butterfly/saturate_q151__20_carry_i_5_n_0
                         CARRY4 (Prop_carry4_S[0]_CO[2])
                                                      0.447     6.465 r  normalized_ifft/butterfly/saturate_q151__20_carry/CO[2]
                         net (fo=18, unplaced)        0.997     7.462    normalized_ifft/butterfly/saturate_q1510_in
                         LUT6 (Prop_lut6_I1_O)        0.252     7.714 r  normalized_ifft/butterfly/saturation_count[2]_i_3/O
                         net (fo=3, unplaced)         0.365     8.079    normalized_ifft/butterfly/saturation_count[2]_i_3_n_0
                         LUT5 (Prop_lut5_I0_O)        0.105     8.184 r  normalized_ifft/butterfly/saturation_count[0]_i_1/O
                         net (fo=1, unplaced)         0.000     8.184    normalized_ifft/butterfly/saturation_count[0]_i_1_n_0
                         FDRE                                         r  normalized_ifft/butterfly/saturation_count_reg[0]/D
  -------------------------------------------------------------------    -------------------

                         (clock clk rise edge)       10.000    10.000 r
                                                      0.000    10.000 r  clk (IN)
                         net (fo=2406, unset)         0.748    10.748    normalized_ifft/butterfly/clk
                         FDRE                                         r  normalized_ifft/butterfly/saturation_count_reg[0]/C
                         clock pessimism              0.000    10.748
                         clock uncertainty           -0.035    10.712
                         FDRE (Setup_fdre_C_D)       -0.032    10.680    normalized_ifft/butterfly/saturation_count_reg[0]
  -------------------------------------------------------------------
                         required time                         10.680
                         arrival time                          -8.184
  -------------------------------------------------------------------
                         slack                                  2.496

Slack (MET) :             2.496ns  (required time - arrival time)
  Source:                 normalized_ifft/butterfly/g_pipelined.s2_a_im_reg[1]/C
                            (rising edge-triggered cell FDRE clocked by clk  {rise@0.000ns fall@5.000ns period=10.000ns})
  Destination:            normalized_ifft/butterfly/saturation_count_reg[2]/D
                            (rising edge-triggered cell FDRE clocked by clk  {rise@0.000ns fall@5.000ns period=10.000ns})
  Path Group:             clk
  Path Type:              Setup (Max at Slow Process Corner)
  Requirement:            10.000ns  (clk rise@10.000ns - clk rise@0.000ns)
  Data Path Delay:        7.397ns  (logic 4.109ns (55.550%)  route 3.288ns (44.450%))
  Logic Levels:           13  (CARRY4=7 LUT1=2 LUT2=1 LUT5=1 LUT6=2)
  Clock Path Skew:        -0.039ns (DCD - SCD + CPR)
    Destination Clock Delay (DCD):    0.748ns = ( 10.748 - 10.000 )
    Source Clock Delay      (SCD):    0.787ns
    Clock Pessimism Removal (CPR):    0.000ns
  Clock Uncertainty:      0.035ns  ((TSJ^2 + TIJ^2)^1/2 + DJ) / 2 + PE
    Total System Jitter     (TSJ):    0.071ns
    Total Input Jitter      (TIJ):    0.000ns
    Discrete Jitter          (DJ):    0.000ns
    Phase Error              (PE):    0.000ns

    Location             Delay type                Incr(ns)  Path(ns)    Netlist Resource(s)
  -------------------------------------------------------------------    -------------------
                         (clock clk rise edge)        0.000     0.000 r
                                                      0.000     0.000 r  clk (IN)
                         net (fo=2406, unset)         0.787     0.787    normalized_ifft/butterfly/clk
                         FDRE                                         r  normalized_ifft/butterfly/g_pipelined.s2_a_im_reg[1]/C
  -------------------------------------------------------------------    -------------------
                         FDRE (Prop_fdre_C_Q)         0.303     1.090 r  normalized_ifft/butterfly/g_pipelined.s2_a_im_reg[1]/Q
                         net (fo=5, unplaced)         0.390     1.480    normalized_ifft/butterfly/g_pipelined.s2_a_im[1]
                         LUT2 (Prop_lut2_I0_O)        0.232     1.712 r  normalized_ifft/butterfly/y1_im[0]_i_10/O
                         net (fo=1, unplaced)         0.000     1.712    normalized_ifft/butterfly/y1_im[0]_i_10_n_0
                         CARRY4 (Prop_carry4_S[1]_CO[3])
                                                      0.444     2.156 r  normalized_ifft/butterfly/y1_im_reg[0]_i_6/CO[3]
                         net (fo=1, unplaced)         0.008     2.164    normalized_ifft/butterfly/y1_im_reg[0]_i_6_n_0
                         CARRY4 (Prop_carry4_CI_O[3])
                                                      0.277     2.441 f  normalized_ifft/butterfly/round_div2_away0__101_carry_i_11/O[3]
                         net (fo=1, unplaced)         0.519     2.960    normalized_ifft/butterfly/round_div2_away0__101_carry_i_11_n_4
                         LUT1 (Prop_lut1_I0_O)        0.250     3.210 r  normalized_ifft/butterfly/round_div2_away0__101_carry_i_7/O
                         net (fo=1, unplaced)         0.000     3.210    normalized_ifft/butterfly/round_div2_away0__101_carry_i_7_n_0
                         CARRY4 (Prop_carry4_S[3]_CO[3])
                                                      0.314     3.524 r  normalized_ifft/butterfly/round_div2_away0__101_carry_i_6/CO[3]
                         net (fo=1, unplaced)         0.000     3.524    normalized_ifft/butterfly/round_div2_away0__101_carry_i_6_n_0
                         CARRY4 (Prop_carry4_CI_O[3])
                                                      0.277     3.801 f  normalized_ifft/butterfly/round_div2_away0__101_carry__0_i_5/O[3]
                         net (fo=1, unplaced)         0.519     4.320    normalized_ifft/butterfly/round_div2_away0__101_carry__0_i_5_n_4
                         LUT1 (Prop_lut1_I0_O)        0.250     4.570 r  normalized_ifft/butterfly/round_div2_away0__101_carry__1_i_3/O
                         net (fo=1, unplaced)         0.000     4.570    normalized_ifft/butterfly/round_div2_away0__101_carry__1_i_3_n_0
                         CARRY4 (Prop_carry4_S[1]_CO[3])
                                                      0.444     5.014 r  normalized_ifft/butterfly/round_div2_away0__101_carry__1/CO[3]
                         net (fo=1, unplaced)         0.000     5.014    normalized_ifft/butterfly/round_div2_away0__101_carry__1_n_0
                         CARRY4 (Prop_carry4_CI_O[1])
                                                      0.269     5.283 r  normalized_ifft/butterfly/round_div2_away0__101_carry__2/O[1]
                         net (fo=3, unplaced)         0.490     5.773    normalized_ifft/butterfly/round_div2_away0__101_carry__2_n_6
                         LUT5 (Prop_lut5_I0_O)        0.245     6.018 r  normalized_ifft/butterfly/saturate_q151__20_carry_i_5/O
                         net (fo=1, unplaced)         0.000     6.018    normalized_ifft/butterfly/saturate_q151__20_carry_i_5_n_0
                         CARRY4 (Prop_carry4_S[0]_CO[2])
                                                      0.447     6.465 r  normalized_ifft/butterfly/saturate_q151__20_carry/CO[2]
                         net (fo=18, unplaced)        0.997     7.462    normalized_ifft/butterfly/saturate_q1510_in
                         LUT6 (Prop_lut6_I1_O)        0.252     7.714 r  normalized_ifft/butterfly/saturation_count[2]_i_3/O
                         net (fo=3, unplaced)         0.365     8.079    normalized_ifft/butterfly/saturation_count[2]_i_3_n_0
                         LUT6 (Prop_lut6_I1_O)        0.105     8.184 r  normalized_ifft/butterfly/saturation_count[2]_i_1/O
                         net (fo=1, unplaced)         0.000     8.184    normalized_ifft/butterfly/saturation_count[2]_i_1_n_0
                         FDRE                                         r  normalized_ifft/butterfly/saturation_count_reg[2]/D
  -------------------------------------------------------------------    -------------------

                         (clock clk rise edge)       10.000    10.000 r
                                                      0.000    10.000 r  clk (IN)
                         net (fo=2406, unset)         0.748    10.748    normalized_ifft/butterfly/clk
                         FDRE                                         r  normalized_ifft/butterfly/saturation_count_reg[2]/C
                         clock pessimism              0.000    10.748
                         clock uncertainty           -0.035    10.712
                         FDRE (Setup_fdre_C_D)       -0.032    10.680    normalized_ifft/butterfly/saturation_count_reg[2]
  -------------------------------------------------------------------
                         required time                         10.680
                         arrival time                          -8.184
  -------------------------------------------------------------------
                         slack                                  2.496

Slack (MET) :             2.503ns  (required time - arrival time)
  Source:                 normalized_ifft/butterfly/g_pipelined.s2_a_im_reg[1]/C
                            (rising edge-triggered cell FDRE clocked by clk  {rise@0.000ns fall@5.000ns period=10.000ns})
  Destination:            normalized_ifft/butterfly/saturation_count_reg[1]/D
                            (rising edge-triggered cell FDRE clocked by clk  {rise@0.000ns fall@5.000ns period=10.000ns})
  Path Group:             clk
  Path Type:              Setup (Max at Slow Process Corner)
  Requirement:            10.000ns  (clk rise@10.000ns - clk rise@0.000ns)
  Data Path Delay:        7.390ns  (logic 4.109ns (55.602%)  route 3.281ns (44.398%))
  Logic Levels:           13  (CARRY4=7 LUT1=2 LUT2=1 LUT5=1 LUT6=2)
  Clock Path Skew:        -0.039ns (DCD - SCD + CPR)
    Destination Clock Delay (DCD):    0.748ns = ( 10.748 - 10.000 )
    Source Clock Delay      (SCD):    0.787ns
    Clock Pessimism Removal (CPR):    0.000ns
  Clock Uncertainty:      0.035ns  ((TSJ^2 + TIJ^2)^1/2 + DJ) / 2 + PE
    Total System Jitter     (TSJ):    0.071ns
    Total Input Jitter      (TIJ):    0.000ns
    Discrete Jitter          (DJ):    0.000ns
    Phase Error              (PE):    0.000ns

    Location             Delay type                Incr(ns)  Path(ns)    Netlist Resource(s)
  -------------------------------------------------------------------    -------------------
                         (clock clk rise edge)        0.000     0.000 r
                                                      0.000     0.000 r  clk (IN)
                         net (fo=2406, unset)         0.787     0.787    normalized_ifft/butterfly/clk
                         FDRE                                         r  normalized_ifft/butterfly/g_pipelined.s2_a_im_reg[1]/C
  -------------------------------------------------------------------    -------------------
                         FDRE (Prop_fdre_C_Q)         0.303     1.090 r  normalized_ifft/butterfly/g_pipelined.s2_a_im_reg[1]/Q
                         net (fo=5, unplaced)         0.390     1.480    normalized_ifft/butterfly/g_pipelined.s2_a_im[1]
                         LUT2 (Prop_lut2_I0_O)        0.232     1.712 r  normalized_ifft/butterfly/y1_im[0]_i_10/O
                         net (fo=1, unplaced)         0.000     1.712    normalized_ifft/butterfly/y1_im[0]_i_10_n_0
                         CARRY4 (Prop_carry4_S[1]_CO[3])
                                                      0.444     2.156 r  normalized_ifft/butterfly/y1_im_reg[0]_i_6/CO[3]
                         net (fo=1, unplaced)         0.008     2.164    normalized_ifft/butterfly/y1_im_reg[0]_i_6_n_0
                         CARRY4 (Prop_carry4_CI_O[3])
                                                      0.277     2.441 f  normalized_ifft/butterfly/round_div2_away0__101_carry_i_11/O[3]
                         net (fo=1, unplaced)         0.519     2.960    normalized_ifft/butterfly/round_div2_away0__101_carry_i_11_n_4
                         LUT1 (Prop_lut1_I0_O)        0.250     3.210 r  normalized_ifft/butterfly/round_div2_away0__101_carry_i_7/O
                         net (fo=1, unplaced)         0.000     3.210    normalized_ifft/butterfly/round_div2_away0__101_carry_i_7_n_0
                         CARRY4 (Prop_carry4_S[3]_CO[3])
                                                      0.314     3.524 r  normalized_ifft/butterfly/round_div2_away0__101_carry_i_6/CO[3]
                         net (fo=1, unplaced)         0.000     3.524    normalized_ifft/butterfly/round_div2_away0__101_carry_i_6_n_0
                         CARRY4 (Prop_carry4_CI_O[3])
                                                      0.277     3.801 f  normalized_ifft/butterfly/round_div2_away0__101_carry__0_i_5/O[3]
                         net (fo=1, unplaced)         0.519     4.320    normalized_ifft/butterfly/round_div2_away0__101_carry__0_i_5_n_4
                         LUT1 (Prop_lut1_I0_O)        0.250     4.570 r  normalized_ifft/butterfly/round_div2_away0__101_carry__1_i_3/O
                         net (fo=1, unplaced)         0.000     4.570    normalized_ifft/butterfly/round_div2_away0__101_carry__1_i_3_n_0
                         CARRY4 (Prop_carry4_S[1]_CO[3])
                                                      0.444     5.014 r  normalized_ifft/butterfly/round_div2_away0__101_carry__1/CO[3]
                         net (fo=1, unplaced)         0.000     5.014    normalized_ifft/butterfly/round_div2_away0__101_carry__1_n_0
                         CARRY4 (Prop_carry4_CI_O[1])
                                                      0.269     5.283 r  normalized_ifft/butterfly/round_div2_away0__101_carry__2/O[1]
                         net (fo=3, unplaced)         0.490     5.773    normalized_ifft/butterfly/round_div2_away0__101_carry__2_n_6
                         LUT5 (Prop_lut5_I0_O)        0.245     6.018 r  normalized_ifft/butterfly/saturate_q151__20_carry_i_5/O
                         net (fo=1, unplaced)         0.000     6.018    normalized_ifft/butterfly/saturate_q151__20_carry_i_5_n_0
                         CARRY4 (Prop_carry4_S[0]_CO[2])
                                                      0.447     6.465 r  normalized_ifft/butterfly/saturate_q151__20_carry/CO[2]
                         net (fo=18, unplaced)        0.997     7.462    normalized_ifft/butterfly/saturate_q1510_in
                         LUT6 (Prop_lut6_I1_O)        0.252     7.714 r  normalized_ifft/butterfly/saturation_count[2]_i_2/O
                         net (fo=2, unplaced)         0.358     8.072    normalized_ifft/butterfly/saturation_count[2]_i_2_n_0
                         LUT6 (Prop_lut6_I3_O)        0.105     8.177 r  normalized_ifft/butterfly/saturation_count[1]_i_1/O
                         net (fo=1, unplaced)         0.000     8.177    normalized_ifft/butterfly/saturation_count[1]_i_1_n_0
                         FDRE                                         r  normalized_ifft/butterfly/saturation_count_reg[1]/D
  -------------------------------------------------------------------    -------------------

                         (clock clk rise edge)       10.000    10.000 r
                                                      0.000    10.000 r  clk (IN)
                         net (fo=2406, unset)         0.748    10.748    normalized_ifft/butterfly/clk
                         FDRE                                         r  normalized_ifft/butterfly/saturation_count_reg[1]/C
                         clock pessimism              0.000    10.748
                         clock uncertainty           -0.035    10.712
                         FDRE (Setup_fdre_C_D)       -0.032    10.680    normalized_ifft/butterfly/saturation_count_reg[1]
  -------------------------------------------------------------------
                         required time                         10.680
                         arrival time                          -8.177
  -------------------------------------------------------------------
                         slack                                  2.503

Slack (MET) :             2.820ns  (required time - arrival time)
  Source:                 normalized_ifft/butterfly/g_pipelined.s1_ri_reg/CLK
                            (rising edge-triggered cell DSP48E1 clocked by clk  {rise@0.000ns fall@5.000ns period=10.000ns})
  Destination:            normalized_ifft/butterfly/g_pipelined.s2_tw_im_reg[16]/D
                            (rising edge-triggered cell FDRE clocked by clk  {rise@0.000ns fall@5.000ns period=10.000ns})
  Path Group:             clk
  Path Type:              Setup (Max at Slow Process Corner)
  Requirement:            10.000ns  (clk rise@10.000ns - clk rise@0.000ns)
  Data Path Delay:        7.073ns  (logic 4.371ns (61.797%)  route 2.702ns (38.203%))
  Logic Levels:           12  (CARRY4=8 DSP48E1=1 LUT1=2 LUT3=1)
  Clock Path Skew:        -0.039ns (DCD - SCD + CPR)
    Destination Clock Delay (DCD):    0.748ns = ( 10.748 - 10.000 )
    Source Clock Delay      (SCD):    0.787ns
    Clock Pessimism Removal (CPR):    0.000ns
  Clock Uncertainty:      0.035ns  ((TSJ^2 + TIJ^2)^1/2 + DJ) / 2 + PE
    Total System Jitter     (TSJ):    0.071ns
    Total Input Jitter      (TIJ):    0.000ns
    Discrete Jitter          (DJ):    0.000ns
    Phase Error              (PE):    0.000ns

    Location             Delay type                Incr(ns)  Path(ns)    Netlist Resource(s)
  -------------------------------------------------------------------    -------------------
                         (clock clk rise edge)        0.000     0.000 r
                                                      0.000     0.000 r  clk (IN)
                         net (fo=2406, unset)         0.787     0.787    normalized_ifft/butterfly/clk
                         DSP48E1                                      r  normalized_ifft/butterfly/g_pipelined.s1_ri_reg/CLK
  -------------------------------------------------------------------    -------------------
                         DSP48E1 (Prop_dsp48e1_CLK_P[31])
                                                      0.370     1.157 r  normalized_ifft/butterfly/g_pipelined.s1_ri_reg/P[31]
                         net (fo=2, unplaced)         0.646     1.803    normalized_ifft/butterfly/g_pipelined.s1_ri_reg_n_74
                         DSP48E1 (Prop_dsp48e1_C[32]_P[0])
                                                      1.523     3.326 f  normalized_ifft/butterfly/g_pipelined.value__0/P[0]
                         net (fo=1, unplaced)         0.646     3.971    normalized_ifft/butterfly/g_pipelined.value__0_n_105
                         LUT1 (Prop_lut1_I0_O)        0.105     4.076 r  normalized_ifft/butterfly/g_pipelined.s2_tw_im[0]_i_18/O
                         net (fo=1, unplaced)         0.258     4.334    normalized_ifft/butterfly/g_pipelined.s2_tw_im[0]_i_18_n_0
                         CARRY4 (Prop_carry4_CYINIT_CO[3])
                                                      0.494     4.828 r  normalized_ifft/butterfly/g_pipelined.s2_tw_im_reg[0]_i_13/CO[3]
                         net (fo=1, unplaced)         0.008     4.836    normalized_ifft/butterfly/g_pipelined.s2_tw_im_reg[0]_i_13_n_0
                         CARRY4 (Prop_carry4_CI_CO[3])
                                                      0.100     4.936 r  normalized_ifft/butterfly/g_pipelined.s2_tw_im_reg[0]_i_8/CO[3]
                         net (fo=1, unplaced)         0.000     4.936    normalized_ifft/butterfly/g_pipelined.s2_tw_im_reg[0]_i_8_n_0
                         CARRY4 (Prop_carry4_CI_CO[3])
                                                      0.100     5.036 r  normalized_ifft/butterfly/g_pipelined.s2_tw_im_reg[0]_i_3/CO[3]
                         net (fo=1, unplaced)         0.000     5.036    normalized_ifft/butterfly/g_pipelined.s2_tw_im_reg[0]_i_3_n_0
                         CARRY4 (Prop_carry4_CI_O[2])
                                                      0.214     5.250 f  normalized_ifft/butterfly/g_pipelined.s2_tw_im_reg[0]_i_2/O[2]
                         net (fo=2, unplaced)         0.360     5.610    normalized_ifft_n_25
                         LUT1 (Prop_lut1_I0_O)        0.244     5.854 r  butterfly/g_pipelined.s2_tw_im[4]_i_3/O
                         net (fo=1, unplaced)         0.258     6.112    butterfly/g_pipelined.s2_tw_im[4]_i_3_n_0
                         CARRY4 (Prop_carry4_CYINIT_CO[3])
                                                      0.494     6.606 r  g_pipelined.s2_tw_im_reg[4]_i_2/CO[3]
                         net (fo=1, unplaced)         0.008     6.614    g_pipelined.s2_tw_im_reg[4]_i_2_n_0
                         CARRY4 (Prop_carry4_CI_CO[3])
                                                      0.100     6.714 r  g_pipelined.s2_tw_im_reg[8]_i_2/CO[3]
                         net (fo=1, unplaced)         0.000     6.714    g_pipelined.s2_tw_im_reg[8]_i_2_n_0
                         CARRY4 (Prop_carry4_CI_CO[3])
                                                      0.100     6.814 r  g_pipelined.s2_tw_im_reg[12]_i_2/CO[3]
                         net (fo=1, unplaced)         0.000     6.814    g_pipelined.s2_tw_im_reg[12]_i_2_n_0
                         CARRY4 (Prop_carry4_CI_O[3])
                                                      0.277     7.091 r  g_pipelined.s2_tw_im_reg[16]_i_2/O[3]
                         net (fo=1, unplaced)         0.519     7.610    normalized_ifft/butterfly/g_pipelined.s2_tw_im_reg[16]_0[3]
                         LUT3 (Prop_lut3_I0_O)        0.250     7.860 r  normalized_ifft/butterfly/g_pipelined.s2_tw_im[16]_i_1/O
                         net (fo=1, unplaced)         0.000     7.860    normalized_ifft/butterfly/twiddle_imag_rounded_return[16]
                         FDRE                                         r  normalized_ifft/butterfly/g_pipelined.s2_tw_im_reg[16]/D
  -------------------------------------------------------------------    -------------------

                         (clock clk rise edge)       10.000    10.000 r
                                                      0.000    10.000 r  clk (IN)
                         net (fo=2406, unset)         0.748    10.748    normalized_ifft/butterfly/clk
                         FDRE                                         r  normalized_ifft/butterfly/g_pipelined.s2_tw_im_reg[16]/C
                         clock pessimism              0.000    10.748
                         clock uncertainty           -0.035    10.712
                         FDRE (Setup_fdre_C_D)       -0.032    10.680    normalized_ifft/butterfly/g_pipelined.s2_tw_im_reg[16]
  -------------------------------------------------------------------
                         required time                         10.680
                         arrival time                          -7.860
  -------------------------------------------------------------------
                         slack                                  2.820

Slack (MET) :             2.820ns  (required time - arrival time)
  Source:                 normalized_ifft/butterfly/g_pipelined.s1_rr_reg/CLK
                            (rising edge-triggered cell DSP48E1 clocked by clk  {rise@0.000ns fall@5.000ns period=10.000ns})
  Destination:            normalized_ifft/butterfly/g_pipelined.s2_tw_re_reg[16]/D
                            (rising edge-triggered cell FDRE clocked by clk  {rise@0.000ns fall@5.000ns period=10.000ns})
  Path Group:             clk
  Path Type:              Setup (Max at Slow Process Corner)
  Requirement:            10.000ns  (clk rise@10.000ns - clk rise@0.000ns)
  Data Path Delay:        7.073ns  (logic 4.371ns (61.797%)  route 2.702ns (38.203%))
  Logic Levels:           12  (CARRY4=8 DSP48E1=1 LUT1=2 LUT3=1)
  Clock Path Skew:        -0.039ns (DCD - SCD + CPR)
    Destination Clock Delay (DCD):    0.748ns = ( 10.748 - 10.000 )
    Source Clock Delay      (SCD):    0.787ns
    Clock Pessimism Removal (CPR):    0.000ns
  Clock Uncertainty:      0.035ns  ((TSJ^2 + TIJ^2)^1/2 + DJ) / 2 + PE
    Total System Jitter     (TSJ):    0.071ns
    Total Input Jitter      (TIJ):    0.000ns
    Discrete Jitter          (DJ):    0.000ns
    Phase Error              (PE):    0.000ns

    Location             Delay type                Incr(ns)  Path(ns)    Netlist Resource(s)
  -------------------------------------------------------------------    -------------------
                         (clock clk rise edge)        0.000     0.000 r
                                                      0.000     0.000 r  clk (IN)
                         net (fo=2406, unset)         0.787     0.787    normalized_ifft/butterfly/clk
                         DSP48E1                                      r  normalized_ifft/butterfly/g_pipelined.s1_rr_reg/CLK
  -------------------------------------------------------------------    -------------------
                         DSP48E1 (Prop_dsp48e1_CLK_P[31])
                                                      0.370     1.157 r  normalized_ifft/butterfly/g_pipelined.s1_rr_reg/P[31]
                         net (fo=2, unplaced)         0.646     1.803    normalized_ifft/butterfly/g_pipelined.s1_rr_reg_n_74
                         DSP48E1 (Prop_dsp48e1_C[32]_P[0])
                                                      1.523     3.326 f  normalized_ifft/butterfly/g_pipelined.value/P[0]
                         net (fo=1, unplaced)         0.646     3.971    normalized_ifft/butterfly/g_pipelined.value_n_105
                         LUT1 (Prop_lut1_I0_O)        0.105     4.076 r  normalized_ifft/butterfly/g_pipelined.s2_tw_re[0]_i_18/O
                         net (fo=1, unplaced)         0.258     4.334    normalized_ifft/butterfly/g_pipelined.s2_tw_re[0]_i_18_n_0
                         CARRY4 (Prop_carry4_CYINIT_CO[3])
                                                      0.494     4.828 r  normalized_ifft/butterfly/g_pipelined.s2_tw_re_reg[0]_i_13/CO[3]
                         net (fo=1, unplaced)         0.008     4.836    normalized_ifft/butterfly/g_pipelined.s2_tw_re_reg[0]_i_13_n_0
                         CARRY4 (Prop_carry4_CI_CO[3])
                                                      0.100     4.936 r  normalized_ifft/butterfly/g_pipelined.s2_tw_re_reg[0]_i_8/CO[3]
                         net (fo=1, unplaced)         0.000     4.936    normalized_ifft/butterfly/g_pipelined.s2_tw_re_reg[0]_i_8_n_0
                         CARRY4 (Prop_carry4_CI_CO[3])
                                                      0.100     5.036 r  normalized_ifft/butterfly/g_pipelined.s2_tw_re_reg[0]_i_3/CO[3]
                         net (fo=1, unplaced)         0.000     5.036    normalized_ifft/butterfly/g_pipelined.s2_tw_re_reg[0]_i_3_n_0
                         CARRY4 (Prop_carry4_CI_O[2])
                                                      0.214     5.250 f  normalized_ifft/butterfly/g_pipelined.s2_tw_re_reg[0]_i_2/O[2]
                         net (fo=2, unplaced)         0.360     5.610    butterfly/round_q30_to_q15_wide2[15]
                         LUT1 (Prop_lut1_I0_O)        0.244     5.854 r  butterfly/g_pipelined.s2_tw_re[4]_i_3/O
                         net (fo=1, unplaced)         0.258     6.112    butterfly/g_pipelined.s2_tw_re[4]_i_3_n_0
                         CARRY4 (Prop_carry4_CYINIT_CO[3])
                                                      0.494     6.606 r  g_pipelined.s2_tw_re_reg[4]_i_2/CO[3]
                         net (fo=1, unplaced)         0.008     6.614    g_pipelined.s2_tw_re_reg[4]_i_2_n_0
                         CARRY4 (Prop_carry4_CI_CO[3])
                                                      0.100     6.714 r  g_pipelined.s2_tw_re_reg[8]_i_2/CO[3]
                         net (fo=1, unplaced)         0.000     6.714    g_pipelined.s2_tw_re_reg[8]_i_2_n_0
                         CARRY4 (Prop_carry4_CI_CO[3])
                                                      0.100     6.814 r  g_pipelined.s2_tw_re_reg[12]_i_2/CO[3]
                         net (fo=1, unplaced)         0.000     6.814    g_pipelined.s2_tw_re_reg[12]_i_2_n_0
                         CARRY4 (Prop_carry4_CI_O[3])
                                                      0.277     7.091 r  g_pipelined.s2_tw_re_reg[16]_i_2/O[3]
                         net (fo=1, unplaced)         0.519     7.610    normalized_ifft/butterfly/round_q30_to_q15_wide0[15]
                         LUT3 (Prop_lut3_I0_O)        0.250     7.860 r  normalized_ifft/butterfly/g_pipelined.s2_tw_re[16]_i_1/O
                         net (fo=1, unplaced)         0.000     7.860    normalized_ifft/butterfly/twiddle_real_rounded_return[16]
                         FDRE                                         r  normalized_ifft/butterfly/g_pipelined.s2_tw_re_reg[16]/D
  -------------------------------------------------------------------    -------------------

                         (clock clk rise edge)       10.000    10.000 r
                                                      0.000    10.000 r  clk (IN)
                         net (fo=2406, unset)         0.748    10.748    normalized_ifft/butterfly/clk
                         FDRE                                         r  normalized_ifft/butterfly/g_pipelined.s2_tw_re_reg[16]/C
                         clock pessimism              0.000    10.748
                         clock uncertainty           -0.035    10.712
                         FDRE (Setup_fdre_C_D)       -0.032    10.680    normalized_ifft/butterfly/g_pipelined.s2_tw_re_reg[16]
  -------------------------------------------------------------------
                         required time                         10.680
                         arrival time                          -7.860
  -------------------------------------------------------------------
                         slack                                  2.820

Slack (MET) :             2.920ns  (required time - arrival time)
  Source:                 normalized_ifft/butterfly/g_pipelined.s1_ri_reg/CLK
                            (rising edge-triggered cell DSP48E1 clocked by clk  {rise@0.000ns fall@5.000ns period=10.000ns})
  Destination:            normalized_ifft/butterfly/g_pipelined.s2_tw_im_reg[12]/D
                            (rising edge-triggered cell FDRE clocked by clk  {rise@0.000ns fall@5.000ns period=10.000ns})
  Path Group:             clk
  Path Type:              Setup (Max at Slow Process Corner)
  Requirement:            10.000ns  (clk rise@10.000ns - clk rise@0.000ns)
  Data Path Delay:        6.973ns  (logic 4.271ns (61.249%)  route 2.702ns (38.751%))
  Logic Levels:           11  (CARRY4=7 DSP48E1=1 LUT1=2 LUT3=1)
  Clock Path Skew:        -0.039ns (DCD - SCD + CPR)
    Destination Clock Delay (DCD):    0.748ns = ( 10.748 - 10.000 )
    Source Clock Delay      (SCD):    0.787ns
    Clock Pessimism Removal (CPR):    0.000ns
  Clock Uncertainty:      0.035ns  ((TSJ^2 + TIJ^2)^1/2 + DJ) / 2 + PE
    Total System Jitter     (TSJ):    0.071ns
    Total Input Jitter      (TIJ):    0.000ns
    Discrete Jitter          (DJ):    0.000ns
    Phase Error              (PE):    0.000ns

    Location             Delay type                Incr(ns)  Path(ns)    Netlist Resource(s)
  -------------------------------------------------------------------    -------------------
                         (clock clk rise edge)        0.000     0.000 r
                                                      0.000     0.000 r  clk (IN)
                         net (fo=2406, unset)         0.787     0.787    normalized_ifft/butterfly/clk
                         DSP48E1                                      r  normalized_ifft/butterfly/g_pipelined.s1_ri_reg/CLK
  -------------------------------------------------------------------    -------------------
                         DSP48E1 (Prop_dsp48e1_CLK_P[31])
                                                      0.370     1.157 r  normalized_ifft/butterfly/g_pipelined.s1_ri_reg/P[31]
                         net (fo=2, unplaced)         0.646     1.803    normalized_ifft/butterfly/g_pipelined.s1_ri_reg_n_74
                         DSP48E1 (Prop_dsp48e1_C[32]_P[0])
                                                      1.523     3.326 f  normalized_ifft/butterfly/g_pipelined.value__0/P[0]
                         net (fo=1, unplaced)         0.646     3.971    normalized_ifft/butterfly/g_pipelined.value__0_n_105
                         LUT1 (Prop_lut1_I0_O)        0.105     4.076 r  normalized_ifft/butterfly/g_pipelined.s2_tw_im[0]_i_18/O
                         net (fo=1, unplaced)         0.258     4.334    normalized_ifft/butterfly/g_pipelined.s2_tw_im[0]_i_18_n_0
                         CARRY4 (Prop_carry4_CYINIT_CO[3])
                                                      0.494     4.828 r  normalized_ifft/butterfly/g_pipelined.s2_tw_im_reg[0]_i_13/CO[3]
                         net (fo=1, unplaced)         0.008     4.836    normalized_ifft/butterfly/g_pipelined.s2_tw_im_reg[0]_i_13_n_0
                         CARRY4 (Prop_carry4_CI_CO[3])
                                                      0.100     4.936 r  normalized_ifft/butterfly/g_pipelined.s2_tw_im_reg[0]_i_8/CO[3]
                         net (fo=1, unplaced)         0.000     4.936    normalized_ifft/butterfly/g_pipelined.s2_tw_im_reg[0]_i_8_n_0
                         CARRY4 (Prop_carry4_CI_CO[3])
                                                      0.100     5.036 r  normalized_ifft/butterfly/g_pipelined.s2_tw_im_reg[0]_i_3/CO[3]
                         net (fo=1, unplaced)         0.000     5.036    normalized_ifft/butterfly/g_pipelined.s2_tw_im_reg[0]_i_3_n_0
                         CARRY4 (Prop_carry4_CI_O[2])
                                                      0.214     5.250 f  normalized_ifft/butterfly/g_pipelined.s2_tw_im_reg[0]_i_2/O[2]
                         net (fo=2, unplaced)         0.360     5.610    normalized_ifft_n_25
                         LUT1 (Prop_lut1_I0_O)        0.244     5.854 r  butterfly/g_pipelined.s2_tw_im[4]_i_3/O
                         net (fo=1, unplaced)         0.258     6.112    butterfly/g_pipelined.s2_tw_im[4]_i_3_n_0
                         CARRY4 (Prop_carry4_CYINIT_CO[3])
                                                      0.494     6.606 r  g_pipelined.s2_tw_im_reg[4]_i_2/CO[3]
                         net (fo=1, unplaced)         0.008     6.614    g_pipelined.s2_tw_im_reg[4]_i_2_n_0
                         CARRY4 (Prop_carry4_CI_CO[3])
                                                      0.100     6.714 r  g_pipelined.s2_tw_im_reg[8]_i_2/CO[3]
                         net (fo=1, unplaced)         0.000     6.714    g_pipelined.s2_tw_im_reg[8]_i_2_n_0
                         CARRY4 (Prop_carry4_CI_O[3])
                                                      0.277     6.991 r  g_pipelined.s2_tw_im_reg[12]_i_2/O[3]
                         net (fo=1, unplaced)         0.519     7.510    normalized_ifft/butterfly/g_pipelined.s2_tw_im_reg[12]_0[3]
                         LUT3 (Prop_lut3_I0_O)        0.250     7.760 r  normalized_ifft/butterfly/g_pipelined.s2_tw_im[12]_i_1/O
                         net (fo=1, unplaced)         0.000     7.760    normalized_ifft/butterfly/twiddle_imag_rounded_return[12]
                         FDRE                                         r  normalized_ifft/butterfly/g_pipelined.s2_tw_im_reg[12]/D
  -------------------------------------------------------------------    -------------------

                         (clock clk rise edge)       10.000    10.000 r
                                                      0.000    10.000 r  clk (IN)
                         net (fo=2406, unset)         0.748    10.748    normalized_ifft/butterfly/clk
                         FDRE                                         r  normalized_ifft/butterfly/g_pipelined.s2_tw_im_reg[12]/C
                         clock pessimism              0.000    10.748
                         clock uncertainty           -0.035    10.712
                         FDRE (Setup_fdre_C_D)       -0.032    10.680    normalized_ifft/butterfly/g_pipelined.s2_tw_im_reg[12]
  -------------------------------------------------------------------
                         required time                         10.680
                         arrival time                          -7.760
  -------------------------------------------------------------------
                         slack                                  2.920

Slack (MET) :             2.920ns  (required time - arrival time)
  Source:                 normalized_ifft/butterfly/g_pipelined.s1_rr_reg/CLK
                            (rising edge-triggered cell DSP48E1 clocked by clk  {rise@0.000ns fall@5.000ns period=10.000ns})
  Destination:            normalized_ifft/butterfly/g_pipelined.s2_tw_re_reg[12]/D
                            (rising edge-triggered cell FDRE clocked by clk  {rise@0.000ns fall@5.000ns period=10.000ns})
  Path Group:             clk
  Path Type:              Setup (Max at Slow Process Corner)
  Requirement:            10.000ns  (clk rise@10.000ns - clk rise@0.000ns)
  Data Path Delay:        6.973ns  (logic 4.271ns (61.249%)  route 2.702ns (38.751%))
  Logic Levels:           11  (CARRY4=7 DSP48E1=1 LUT1=2 LUT3=1)
  Clock Path Skew:        -0.039ns (DCD - SCD + CPR)
    Destination Clock Delay (DCD):    0.748ns = ( 10.748 - 10.000 )
    Source Clock Delay      (SCD):    0.787ns
    Clock Pessimism Removal (CPR):    0.000ns
  Clock Uncertainty:      0.035ns  ((TSJ^2 + TIJ^2)^1/2 + DJ) / 2 + PE
    Total System Jitter     (TSJ):    0.071ns
    Total Input Jitter      (TIJ):    0.000ns
    Discrete Jitter          (DJ):    0.000ns
    Phase Error              (PE):    0.000ns

    Location             Delay type                Incr(ns)  Path(ns)    Netlist Resource(s)
  -------------------------------------------------------------------    -------------------
                         (clock clk rise edge)        0.000     0.000 r
                                                      0.000     0.000 r  clk (IN)
                         net (fo=2406, unset)         0.787     0.787    normalized_ifft/butterfly/clk
                         DSP48E1                                      r  normalized_ifft/butterfly/g_pipelined.s1_rr_reg/CLK
  -------------------------------------------------------------------    -------------------
                         DSP48E1 (Prop_dsp48e1_CLK_P[31])
                                                      0.370     1.157 r  normalized_ifft/butterfly/g_pipelined.s1_rr_reg/P[31]
                         net (fo=2, unplaced)         0.646     1.803    normalized_ifft/butterfly/g_pipelined.s1_rr_reg_n_74
                         DSP48E1 (Prop_dsp48e1_C[32]_P[0])
                                                      1.523     3.326 f  normalized_ifft/butterfly/g_pipelined.value/P[0]
                         net (fo=1, unplaced)         0.646     3.971    normalized_ifft/butterfly/g_pipelined.value_n_105
                         LUT1 (Prop_lut1_I0_O)        0.105     4.076 r  normalized_ifft/butterfly/g_pipelined.s2_tw_re[0]_i_18/O
                         net (fo=1, unplaced)         0.258     4.334    normalized_ifft/butterfly/g_pipelined.s2_tw_re[0]_i_18_n_0
                         CARRY4 (Prop_carry4_CYINIT_CO[3])
                                                      0.494     4.828 r  normalized_ifft/butterfly/g_pipelined.s2_tw_re_reg[0]_i_13/CO[3]
                         net (fo=1, unplaced)         0.008     4.836    normalized_ifft/butterfly/g_pipelined.s2_tw_re_reg[0]_i_13_n_0
                         CARRY4 (Prop_carry4_CI_CO[3])
                                                      0.100     4.936 r  normalized_ifft/butterfly/g_pipelined.s2_tw_re_reg[0]_i_8/CO[3]
                         net (fo=1, unplaced)         0.000     4.936    normalized_ifft/butterfly/g_pipelined.s2_tw_re_reg[0]_i_8_n_0
                         CARRY4 (Prop_carry4_CI_CO[3])
                                                      0.100     5.036 r  normalized_ifft/butterfly/g_pipelined.s2_tw_re_reg[0]_i_3/CO[3]
                         net (fo=1, unplaced)         0.000     5.036    normalized_ifft/butterfly/g_pipelined.s2_tw_re_reg[0]_i_3_n_0
                         CARRY4 (Prop_carry4_CI_O[2])
                                                      0.214     5.250 f  normalized_ifft/butterfly/g_pipelined.s2_tw_re_reg[0]_i_2/O[2]
                         net (fo=2, unplaced)         0.360     5.610    butterfly/round_q30_to_q15_wide2[15]
                         LUT1 (Prop_lut1_I0_O)        0.244     5.854 r  butterfly/g_pipelined.s2_tw_re[4]_i_3/O
                         net (fo=1, unplaced)         0.258     6.112    butterfly/g_pipelined.s2_tw_re[4]_i_3_n_0
                         CARRY4 (Prop_carry4_CYINIT_CO[3])
                                                      0.494     6.606 r  g_pipelined.s2_tw_re_reg[4]_i_2/CO[3]
                         net (fo=1, unplaced)         0.008     6.614    g_pipelined.s2_tw_re_reg[4]_i_2_n_0
                         CARRY4 (Prop_carry4_CI_CO[3])
                                                      0.100     6.714 r  g_pipelined.s2_tw_re_reg[8]_i_2/CO[3]
                         net (fo=1, unplaced)         0.000     6.714    g_pipelined.s2_tw_re_reg[8]_i_2_n_0
                         CARRY4 (Prop_carry4_CI_O[3])
                                                      0.277     6.991 r  g_pipelined.s2_tw_re_reg[12]_i_2/O[3]
                         net (fo=1, unplaced)         0.519     7.510    normalized_ifft/butterfly/round_q30_to_q15_wide0[11]
                         LUT3 (Prop_lut3_I0_O)        0.250     7.760 r  normalized_ifft/butterfly/g_pipelined.s2_tw_re[12]_i_1/O
                         net (fo=1, unplaced)         0.000     7.760    normalized_ifft/butterfly/twiddle_real_rounded_return[12]
                         FDRE                                         r  normalized_ifft/butterfly/g_pipelined.s2_tw_re_reg[12]/D
  -------------------------------------------------------------------    -------------------

                         (clock clk rise edge)       10.000    10.000 r
                                                      0.000    10.000 r  clk (IN)
                         net (fo=2406, unset)         0.748    10.748    normalized_ifft/butterfly/clk
                         FDRE                                         r  normalized_ifft/butterfly/g_pipelined.s2_tw_re_reg[12]/C
                         clock pessimism              0.000    10.748
                         clock uncertainty           -0.035    10.712
                         FDRE (Setup_fdre_C_D)       -0.032    10.680    normalized_ifft/butterfly/g_pipelined.s2_tw_re_reg[12]
  -------------------------------------------------------------------
                         required time                         10.680
                         arrival time                          -7.760
  -------------------------------------------------------------------
                         slack                                  2.920

Slack (MET) :             3.020ns  (required time - arrival time)
  Source:                 normalized_ifft/butterfly/g_pipelined.s1_ri_reg/CLK
                            (rising edge-triggered cell DSP48E1 clocked by clk  {rise@0.000ns fall@5.000ns period=10.000ns})
  Destination:            normalized_ifft/butterfly/g_pipelined.s2_tw_im_reg[8]/D
                            (rising edge-triggered cell FDRE clocked by clk  {rise@0.000ns fall@5.000ns period=10.000ns})
  Path Group:             clk
  Path Type:              Setup (Max at Slow Process Corner)
  Requirement:            10.000ns  (clk rise@10.000ns - clk rise@0.000ns)
  Data Path Delay:        6.873ns  (logic 4.171ns (60.685%)  route 2.702ns (39.315%))
  Logic Levels:           10  (CARRY4=6 DSP48E1=1 LUT1=2 LUT3=1)
  Clock Path Skew:        -0.039ns (DCD - SCD + CPR)
    Destination Clock Delay (DCD):    0.748ns = ( 10.748 - 10.000 )
    Source Clock Delay      (SCD):    0.787ns
    Clock Pessimism Removal (CPR):    0.000ns
  Clock Uncertainty:      0.035ns  ((TSJ^2 + TIJ^2)^1/2 + DJ) / 2 + PE
    Total System Jitter     (TSJ):    0.071ns
    Total Input Jitter      (TIJ):    0.000ns
    Discrete Jitter          (DJ):    0.000ns
    Phase Error              (PE):    0.000ns

    Location             Delay type                Incr(ns)  Path(ns)    Netlist Resource(s)
  -------------------------------------------------------------------    -------------------
                         (clock clk rise edge)        0.000     0.000 r
                                                      0.000     0.000 r  clk (IN)
                         net (fo=2406, unset)         0.787     0.787    normalized_ifft/butterfly/clk
                         DSP48E1                                      r  normalized_ifft/butterfly/g_pipelined.s1_ri_reg/CLK
  -------------------------------------------------------------------    -------------------
                         DSP48E1 (Prop_dsp48e1_CLK_P[31])
                                                      0.370     1.157 r  normalized_ifft/butterfly/g_pipelined.s1_ri_reg/P[31]
                         net (fo=2, unplaced)         0.646     1.803    normalized_ifft/butterfly/g_pipelined.s1_ri_reg_n_74
                         DSP48E1 (Prop_dsp48e1_C[32]_P[0])
                                                      1.523     3.326 f  normalized_ifft/butterfly/g_pipelined.value__0/P[0]
                         net (fo=1, unplaced)         0.646     3.971    normalized_ifft/butterfly/g_pipelined.value__0_n_105
                         LUT1 (Prop_lut1_I0_O)        0.105     4.076 r  normalized_ifft/butterfly/g_pipelined.s2_tw_im[0]_i_18/O
                         net (fo=1, unplaced)         0.258     4.334    normalized_ifft/butterfly/g_pipelined.s2_tw_im[0]_i_18_n_0
                         CARRY4 (Prop_carry4_CYINIT_CO[3])
                                                      0.494     4.828 r  normalized_ifft/butterfly/g_pipelined.s2_tw_im_reg[0]_i_13/CO[3]
                         net (fo=1, unplaced)         0.008     4.836    normalized_ifft/butterfly/g_pipelined.s2_tw_im_reg[0]_i_13_n_0
                         CARRY4 (Prop_carry4_CI_CO[3])
                                                      0.100     4.936 r  normalized_ifft/butterfly/g_pipelined.s2_tw_im_reg[0]_i_8/CO[3]
                         net (fo=1, unplaced)         0.000     4.936    normalized_ifft/butterfly/g_pipelined.s2_tw_im_reg[0]_i_8_n_0
                         CARRY4 (Prop_carry4_CI_CO[3])
                                                      0.100     5.036 r  normalized_ifft/butterfly/g_pipelined.s2_tw_im_reg[0]_i_3/CO[3]
                         net (fo=1, unplaced)         0.000     5.036    normalized_ifft/butterfly/g_pipelined.s2_tw_im_reg[0]_i_3_n_0
                         CARRY4 (Prop_carry4_CI_O[2])
                                                      0.214     5.250 f  normalized_ifft/butterfly/g_pipelined.s2_tw_im_reg[0]_i_2/O[2]
                         net (fo=2, unplaced)         0.360     5.610    normalized_ifft_n_25
                         LUT1 (Prop_lut1_I0_O)        0.244     5.854 r  butterfly/g_pipelined.s2_tw_im[4]_i_3/O
                         net (fo=1, unplaced)         0.258     6.112    butterfly/g_pipelined.s2_tw_im[4]_i_3_n_0
                         CARRY4 (Prop_carry4_CYINIT_CO[3])
                                                      0.494     6.606 r  g_pipelined.s2_tw_im_reg[4]_i_2/CO[3]
                         net (fo=1, unplaced)         0.008     6.614    g_pipelined.s2_tw_im_reg[4]_i_2_n_0
                         CARRY4 (Prop_carry4_CI_O[3])
                                                      0.277     6.891 r  g_pipelined.s2_tw_im_reg[8]_i_2/O[3]
                         net (fo=1, unplaced)         0.519     7.410    normalized_ifft/butterfly/g_pipelined.s2_tw_im_reg[8]_0[3]
                         LUT3 (Prop_lut3_I0_O)        0.250     7.660 r  normalized_ifft/butterfly/g_pipelined.s2_tw_im[8]_i_1/O
                         net (fo=1, unplaced)         0.000     7.660    normalized_ifft/butterfly/twiddle_imag_rounded_return[8]
                         FDRE                                         r  normalized_ifft/butterfly/g_pipelined.s2_tw_im_reg[8]/D
  -------------------------------------------------------------------    -------------------

                         (clock clk rise edge)       10.000    10.000 r
                                                      0.000    10.000 r  clk (IN)
                         net (fo=2406, unset)         0.748    10.748    normalized_ifft/butterfly/clk
                         FDRE                                         r  normalized_ifft/butterfly/g_pipelined.s2_tw_im_reg[8]/C
                         clock pessimism              0.000    10.748
                         clock uncertainty           -0.035    10.712
                         FDRE (Setup_fdre_C_D)       -0.032    10.680    normalized_ifft/butterfly/g_pipelined.s2_tw_im_reg[8]
  -------------------------------------------------------------------
                         required time                         10.680
                         arrival time                          -7.660
  -------------------------------------------------------------------
                         slack                                  3.020

Slack (MET) :             3.020ns  (required time - arrival time)
  Source:                 normalized_ifft/butterfly/g_pipelined.s1_rr_reg/CLK
                            (rising edge-triggered cell DSP48E1 clocked by clk  {rise@0.000ns fall@5.000ns period=10.000ns})
  Destination:            normalized_ifft/butterfly/g_pipelined.s2_tw_re_reg[8]/D
                            (rising edge-triggered cell FDRE clocked by clk  {rise@0.000ns fall@5.000ns period=10.000ns})
  Path Group:             clk
  Path Type:              Setup (Max at Slow Process Corner)
  Requirement:            10.000ns  (clk rise@10.000ns - clk rise@0.000ns)
  Data Path Delay:        6.873ns  (logic 4.171ns (60.685%)  route 2.702ns (39.315%))
  Logic Levels:           10  (CARRY4=6 DSP48E1=1 LUT1=2 LUT3=1)
  Clock Path Skew:        -0.039ns (DCD - SCD + CPR)
    Destination Clock Delay (DCD):    0.748ns = ( 10.748 - 10.000 )
    Source Clock Delay      (SCD):    0.787ns
    Clock Pessimism Removal (CPR):    0.000ns
  Clock Uncertainty:      0.035ns  ((TSJ^2 + TIJ^2)^1/2 + DJ) / 2 + PE
    Total System Jitter     (TSJ):    0.071ns
    Total Input Jitter      (TIJ):    0.000ns
    Discrete Jitter          (DJ):    0.000ns
    Phase Error              (PE):    0.000ns

    Location             Delay type                Incr(ns)  Path(ns)    Netlist Resource(s)
  -------------------------------------------------------------------    -------------------
                         (clock clk rise edge)        0.000     0.000 r
                                                      0.000     0.000 r  clk (IN)
                         net (fo=2406, unset)         0.787     0.787    normalized_ifft/butterfly/clk
                         DSP48E1                                      r  normalized_ifft/butterfly/g_pipelined.s1_rr_reg/CLK
  -------------------------------------------------------------------    -------------------
                         DSP48E1 (Prop_dsp48e1_CLK_P[31])
                                                      0.370     1.157 r  normalized_ifft/butterfly/g_pipelined.s1_rr_reg/P[31]
                         net (fo=2, unplaced)         0.646     1.803    normalized_ifft/butterfly/g_pipelined.s1_rr_reg_n_74
                         DSP48E1 (Prop_dsp48e1_C[32]_P[0])
                                                      1.523     3.326 f  normalized_ifft/butterfly/g_pipelined.value/P[0]
                         net (fo=1, unplaced)         0.646     3.971    normalized_ifft/butterfly/g_pipelined.value_n_105
                         LUT1 (Prop_lut1_I0_O)        0.105     4.076 r  normalized_ifft/butterfly/g_pipelined.s2_tw_re[0]_i_18/O
                         net (fo=1, unplaced)         0.258     4.334    normalized_ifft/butterfly/g_pipelined.s2_tw_re[0]_i_18_n_0
                         CARRY4 (Prop_carry4_CYINIT_CO[3])
                                                      0.494     4.828 r  normalized_ifft/butterfly/g_pipelined.s2_tw_re_reg[0]_i_13/CO[3]
                         net (fo=1, unplaced)         0.008     4.836    normalized_ifft/butterfly/g_pipelined.s2_tw_re_reg[0]_i_13_n_0
                         CARRY4 (Prop_carry4_CI_CO[3])
                                                      0.100     4.936 r  normalized_ifft/butterfly/g_pipelined.s2_tw_re_reg[0]_i_8/CO[3]
                         net (fo=1, unplaced)         0.000     4.936    normalized_ifft/butterfly/g_pipelined.s2_tw_re_reg[0]_i_8_n_0
                         CARRY4 (Prop_carry4_CI_CO[3])
                                                      0.100     5.036 r  normalized_ifft/butterfly/g_pipelined.s2_tw_re_reg[0]_i_3/CO[3]
                         net (fo=1, unplaced)         0.000     5.036    normalized_ifft/butterfly/g_pipelined.s2_tw_re_reg[0]_i_3_n_0
                         CARRY4 (Prop_carry4_CI_O[2])
                                                      0.214     5.250 f  normalized_ifft/butterfly/g_pipelined.s2_tw_re_reg[0]_i_2/O[2]
                         net (fo=2, unplaced)         0.360     5.610    butterfly/round_q30_to_q15_wide2[15]
                         LUT1 (Prop_lut1_I0_O)        0.244     5.854 r  butterfly/g_pipelined.s2_tw_re[4]_i_3/O
                         net (fo=1, unplaced)         0.258     6.112    butterfly/g_pipelined.s2_tw_re[4]_i_3_n_0
                         CARRY4 (Prop_carry4_CYINIT_CO[3])
                                                      0.494     6.606 r  g_pipelined.s2_tw_re_reg[4]_i_2/CO[3]
                         net (fo=1, unplaced)         0.008     6.614    g_pipelined.s2_tw_re_reg[4]_i_2_n_0
                         CARRY4 (Prop_carry4_CI_O[3])
                                                      0.277     6.891 r  g_pipelined.s2_tw_re_reg[8]_i_2/O[3]
                         net (fo=1, unplaced)         0.519     7.410    normalized_ifft/butterfly/round_q30_to_q15_wide0[7]
                         LUT3 (Prop_lut3_I0_O)        0.250     7.660 r  normalized_ifft/butterfly/g_pipelined.s2_tw_re[8]_i_1/O
                         net (fo=1, unplaced)         0.000     7.660    normalized_ifft/butterfly/twiddle_real_rounded_return[8]
                         FDRE                                         r  normalized_ifft/butterfly/g_pipelined.s2_tw_re_reg[8]/D
  -------------------------------------------------------------------    -------------------

                         (clock clk rise edge)       10.000    10.000 r
                                                      0.000    10.000 r  clk (IN)
                         net (fo=2406, unset)         0.748    10.748    normalized_ifft/butterfly/clk
                         FDRE                                         r  normalized_ifft/butterfly/g_pipelined.s2_tw_re_reg[8]/C
                         clock pessimism              0.000    10.748
                         clock uncertainty           -0.035    10.712
                         FDRE (Setup_fdre_C_D)       -0.032    10.680    normalized_ifft/butterfly/g_pipelined.s2_tw_re_reg[8]
  -------------------------------------------------------------------
                         required time                         10.680
                         arrival time                          -7.660
  -------------------------------------------------------------------
                         slack                                  3.020

Slack (MET) :             3.059ns  (required time - arrival time)
  Source:                 normalized_ifft/butterfly/g_pipelined.s1_ri_reg/CLK
                            (rising edge-triggered cell DSP48E1 clocked by clk  {rise@0.000ns fall@5.000ns period=10.000ns})
  Destination:            normalized_ifft/butterfly/g_pipelined.s2_tw_im_reg[15]/D
                            (rising edge-triggered cell FDRE clocked by clk  {rise@0.000ns fall@5.000ns period=10.000ns})
  Path Group:             clk
  Path Type:              Setup (Max at Slow Process Corner)
  Requirement:            10.000ns  (clk rise@10.000ns - clk rise@0.000ns)
  Data Path Delay:        6.834ns  (logic 4.302ns (62.949%)  route 2.532ns (37.051%))
  Logic Levels:           12  (CARRY4=8 DSP48E1=1 LUT1=2 LUT3=1)
  Clock Path Skew:        -0.039ns (DCD - SCD + CPR)
    Destination Clock Delay (DCD):    0.748ns = ( 10.748 - 10.000 )
    Source Clock Delay      (SCD):    0.787ns
    Clock Pessimism Removal (CPR):    0.000ns
  Clock Uncertainty:      0.035ns  ((TSJ^2 + TIJ^2)^1/2 + DJ) / 2 + PE
    Total System Jitter     (TSJ):    0.071ns
    Total Input Jitter      (TIJ):    0.000ns
    Discrete Jitter          (DJ):    0.000ns
    Phase Error              (PE):    0.000ns

    Location             Delay type                Incr(ns)  Path(ns)    Netlist Resource(s)
  -------------------------------------------------------------------    -------------------
                         (clock clk rise edge)        0.000     0.000 r
                                                      0.000     0.000 r  clk (IN)
                         net (fo=2406, unset)         0.787     0.787    normalized_ifft/butterfly/clk
                         DSP48E1                                      r  normalized_ifft/butterfly/g_pipelined.s1_ri_reg/CLK
  -------------------------------------------------------------------    -------------------
                         DSP48E1 (Prop_dsp48e1_CLK_P[31])
                                                      0.370     1.157 r  normalized_ifft/butterfly/g_pipelined.s1_ri_reg/P[31]
                         net (fo=2, unplaced)         0.646     1.803    normalized_ifft/butterfly/g_pipelined.s1_ri_reg_n_74
                         DSP48E1 (Prop_dsp48e1_C[32]_P[0])
                                                      1.523     3.326 f  normalized_ifft/butterfly/g_pipelined.value__0/P[0]
                         net (fo=1, unplaced)         0.646     3.971    normalized_ifft/butterfly/g_pipelined.value__0_n_105
                         LUT1 (Prop_lut1_I0_O)        0.105     4.076 r  normalized_ifft/butterfly/g_pipelined.s2_tw_im[0]_i_18/O
                         net (fo=1, unplaced)         0.258     4.334    normalized_ifft/butterfly/g_pipelined.s2_tw_im[0]_i_18_n_0
                         CARRY4 (Prop_carry4_CYINIT_CO[3])
                                                      0.494     4.828 r  normalized_ifft/butterfly/g_pipelined.s2_tw_im_reg[0]_i_13/CO[3]
                         net (fo=1, unplaced)         0.008     4.836    normalized_ifft/butterfly/g_pipelined.s2_tw_im_reg[0]_i_13_n_0
                         CARRY4 (Prop_carry4_CI_CO[3])
                                                      0.100     4.936 r  normalized_ifft/butterfly/g_pipelined.s2_tw_im_reg[0]_i_8/CO[3]
                         net (fo=1, unplaced)         0.000     4.936    normalized_ifft/butterfly/g_pipelined.s2_tw_im_reg[0]_i_8_n_0
                         CARRY4 (Prop_carry4_CI_CO[3])
                                                      0.100     5.036 r  normalized_ifft/butterfly/g_pipelined.s2_tw_im_reg[0]_i_3/CO[3]
                         net (fo=1, unplaced)         0.000     5.036    normalized_ifft/butterfly/g_pipelined.s2_tw_im_reg[0]_i_3_n_0
                         CARRY4 (Prop_carry4_CI_O[2])
                                                      0.214     5.250 f  normalized_ifft/butterfly/g_pipelined.s2_tw_im_reg[0]_i_2/O[2]
                         net (fo=2, unplaced)         0.360     5.610    normalized_ifft_n_25
                         LUT1 (Prop_lut1_I0_O)        0.244     5.854 r  butterfly/g_pipelined.s2_tw_im[4]_i_3/O
                         net (fo=1, unplaced)         0.258     6.112    butterfly/g_pipelined.s2_tw_im[4]_i_3_n_0
                         CARRY4 (Prop_carry4_CYINIT_CO[3])
                                                      0.494     6.606 r  g_pipelined.s2_tw_im_reg[4]_i_2/CO[3]
                         net (fo=1, unplaced)         0.008     6.614    g_pipelined.s2_tw_im_reg[4]_i_2_n_0
                         CARRY4 (Prop_carry4_CI_CO[3])
                                                      0.100     6.714 r  g_pipelined.s2_tw_im_reg[8]_i_2/CO[3]
                         net (fo=1, unplaced)         0.000     6.714    g_pipelined.s2_tw_im_reg[8]_i_2_n_0
                         CARRY4 (Prop_carry4_CI_CO[3])
                                                      0.100     6.814 r  g_pipelined.s2_tw_im_reg[12]_i_2/CO[3]
                         net (fo=1, unplaced)         0.000     6.814    g_pipelined.s2_tw_im_reg[12]_i_2_n_0
                         CARRY4 (Prop_carry4_CI_O[2])
                                                      0.214     7.028 r  g_pipelined.s2_tw_im_reg[16]_i_2/O[2]
                         net (fo=1, unplaced)         0.349     7.377    normalized_ifft/butterfly/g_pipelined.s2_tw_im_reg[16]_0[2]
                         LUT3 (Prop_lut3_I0_O)        0.244     7.621 r  normalized_ifft/butterfly/g_pipelined.s2_tw_im[15]_i_1/O
                         net (fo=1, unplaced)         0.000     7.621    normalized_ifft/butterfly/twiddle_imag_rounded_return[15]
                         FDRE                                         r  normalized_ifft/butterfly/g_pipelined.s2_tw_im_reg[15]/D
  -------------------------------------------------------------------    -------------------

                         (clock clk rise edge)       10.000    10.000 r
                                                      0.000    10.000 r  clk (IN)
                         net (fo=2406, unset)         0.748    10.748    normalized_ifft/butterfly/clk
                         FDRE                                         r  normalized_ifft/butterfly/g_pipelined.s2_tw_im_reg[15]/C
                         clock pessimism              0.000    10.748
                         clock uncertainty           -0.035    10.712
                         FDRE (Setup_fdre_C_D)       -0.032    10.680    normalized_ifft/butterfly/g_pipelined.s2_tw_im_reg[15]
  -------------------------------------------------------------------
                         required time                         10.680
                         arrival time                          -7.621
  -------------------------------------------------------------------
                         slack                                  3.059





Pulse Width Checks
--------------------------------------------------------------------------------------
Clock Name:         clk
Waveform(ns):       { 0.000 5.000 }
Period(ns):         10.000
Sources:            { clk }

Check Type        Corner  Lib Pin      Reference Pin  Required(ns)  Actual(ns)  Slack(ns)  Location  Pin
Min Period        n/a     DSP48E1/CLK  n/a            3.272         10.000      6.728                normalized_ifft/butterfly/g_pipelined.s1_ri_reg/CLK
Min Period        n/a     DSP48E1/CLK  n/a            3.272         10.000      6.728                normalized_ifft/butterfly/g_pipelined.s1_rr_reg/CLK
Min Period        n/a     DSP48E1/CLK  n/a            1.816         10.000      8.184                normalized_ifft/butterfly/g_pipelined.value/CLK
Min Period        n/a     DSP48E1/CLK  n/a            1.816         10.000      8.184                normalized_ifft/butterfly/g_pipelined.value__0/CLK
Min Period        n/a     FDRE/C       n/a            1.000         10.000      9.000                conjugation_saturation_count_reg[0]/C
Min Period        n/a     FDRE/C       n/a            1.000         10.000      9.000                conjugation_saturation_count_reg[10]/C
Min Period        n/a     FDRE/C       n/a            1.000         10.000      9.000                conjugation_saturation_count_reg[11]/C
Min Period        n/a     FDRE/C       n/a            1.000         10.000      9.000                conjugation_saturation_count_reg[12]/C
Min Period        n/a     FDRE/C       n/a            1.000         10.000      9.000                conjugation_saturation_count_reg[13]/C
Min Period        n/a     FDRE/C       n/a            1.000         10.000      9.000                conjugation_saturation_count_reg[14]/C
Low Pulse Width   Slow    SRL16E/CLK   n/a            0.854         5.000       4.146                normalized_ifft/wb_index0_reg[2][0]_srl3/CLK
Low Pulse Width   Fast    SRL16E/CLK   n/a            0.854         5.000       4.146                normalized_ifft/wb_index0_reg[2][0]_srl3/CLK
Low Pulse Width   Slow    SRL16E/CLK   n/a            0.854         5.000       4.146                normalized_ifft/wb_index0_reg[2][1]_srl3/CLK
Low Pulse Width   Fast    SRL16E/CLK   n/a            0.854         5.000       4.146                normalized_ifft/wb_index0_reg[2][1]_srl3/CLK
Low Pulse Width   Slow    SRL16E/CLK   n/a            0.854         5.000       4.146                normalized_ifft/wb_index0_reg[2][2]_srl3/CLK
Low Pulse Width   Fast    SRL16E/CLK   n/a            0.854         5.000       4.146                normalized_ifft/wb_index0_reg[2][2]_srl3/CLK
Low Pulse Width   Slow    SRL16E/CLK   n/a            0.854         5.000       4.146                normalized_ifft/wb_index0_reg[2][3]_srl3/CLK
Low Pulse Width   Fast    SRL16E/CLK   n/a            0.854         5.000       4.146                normalized_ifft/wb_index0_reg[2][3]_srl3/CLK
Low Pulse Width   Slow    SRL16E/CLK   n/a            0.854         5.000       4.146                normalized_ifft/wb_index0_reg[2][4]_srl3/CLK
Low Pulse Width   Fast    SRL16E/CLK   n/a            0.854         5.000       4.146                normalized_ifft/wb_index0_reg[2][4]_srl3/CLK
High Pulse Width  Slow    SRL16E/CLK   n/a            0.854         5.000       4.146                normalized_ifft/wb_index0_reg[2][0]_srl3/CLK
High Pulse Width  Fast    SRL16E/CLK   n/a            0.854         5.000       4.146                normalized_ifft/wb_index0_reg[2][0]_srl3/CLK
High Pulse Width  Slow    SRL16E/CLK   n/a            0.854         5.000       4.146                normalized_ifft/wb_index0_reg[2][1]_srl3/CLK
High Pulse Width  Fast    SRL16E/CLK   n/a            0.854         5.000       4.146                normalized_ifft/wb_index0_reg[2][1]_srl3/CLK
High Pulse Width  Slow    SRL16E/CLK   n/a            0.854         5.000       4.146                normalized_ifft/wb_index0_reg[2][2]_srl3/CLK
High Pulse Width  Fast    SRL16E/CLK   n/a            0.854         5.000       4.146                normalized_ifft/wb_index0_reg[2][2]_srl3/CLK
High Pulse Width  Slow    SRL16E/CLK   n/a            0.854         5.000       4.146                normalized_ifft/wb_index0_reg[2][3]_srl3/CLK
High Pulse Width  Fast    SRL16E/CLK   n/a            0.854         5.000       4.146                normalized_ifft/wb_index0_reg[2][3]_srl3/CLK
High Pulse Width  Slow    SRL16E/CLK   n/a            0.854         5.000       4.146                normalized_ifft/wb_index0_reg[2][4]_srl3/CLK
High Pulse Width  Fast    SRL16E/CLK   n/a            0.854         5.000       4.146                normalized_ifft/wb_index0_reg[2][4]_srl3/CLK
